layer at (0,0) size 980x5766
  RenderView at (0,0) size 980x735
layer at (0,0) size 980x5766
  RenderBlock {HTML} at (0,0) size 980x5766
    RenderBody {BODY} at (8,8) size 964x5742
      RenderBlock (anonymous) at (0,0) size 964x19
        RenderText {#text} at (0,0) size 395x19
          text run at (0,0) width 395: "This tests font choices and metrics for serif fonts."
      RenderBlock {P} at (0,35) size 964x133
        RenderInline {FONT} at (0,0) size 963x133
          RenderText {#text} at (0,0) size 150x19
            text run at (0,0) width 150: "Times New Roman"
          RenderBR {BR} at (150,15) size 0x0
          RenderText {#text} at (0,19) size 963x38
            text run at (0,19) width 963: "  ! \" # $ % & ' ( ) * + , - . / 0 1 2 3 4 5 6 7 8 9 : ; < = > ? @ A B C D E F G H I J K L M N O P Q R S T U V W X Y Z [ \\ ] ^ _ ` a"
            text run at (0,38) width 404: "b c d e f g h i j k l m n o p q r s t u v w x y z { | } > "
          RenderBR {BR} at (404,53) size 0x0
          RenderInline {B} at (0,0) size 952x38
            RenderText {#text} at (0,57) size 952x38
              text run at (0,57) width 952: "  ! \" # $ % & ' ( ) * + , - . / 0 1 2 3 4 5 6 7 8 9 : ; < = > ? @ A B C D E F G H I J K L M N O P Q R S T U V W X"
              text run at (0,76) width 602: "Y Z [ \\ ] ^ _ ` a b c d e f g h i j k l m n o p q r s t u v w x y z { | } > "
          RenderText {#text} at (0,0) size 0x0
          RenderBR {BR} at (0,0) size 0x0
          RenderInline {I} at (0,0) size 963x38
            RenderText {#text} at (0,95) size 963x38
              text run at (0,95) width 963: "  ! \" # $ % & ' ( ) * + , - . / 0 1 2 3 4 5 6 7 8 9 : ; < = > ? @ A B C D E F G H I J K L M N O P Q R S T U V W X Y Z [ \\ ] ^ _ ` a"
              text run at (0,114) width 399: "b c d e f g h i j k l m n o p q r s t u v w x y z { | } >"
          RenderText {#text} at (0,0) size 0x0
        RenderText {#text} at (0,0) size 0x0
      RenderBlock {P} at (0,184) size 964x133
        RenderInline {FONT} at (0,0) size 963x133
          RenderText {#text} at (0,0) size 48x19
            text run at (0,0) width 48: "Times"
          RenderBR {BR} at (48,15) size 0x0
          RenderText {#text} at (0,19) size 963x38
            text run at (0,19) width 963: "  ! \" # $ % & ' ( ) * + , - . / 0 1 2 3 4 5 6 7 8 9 : ; < = > ? @ A B C D E F G H I J K L M N O P Q R S T U V W X Y Z [ \\ ] ^ _ ` a"
            text run at (0,38) width 404: "b c d e f g h i j k l m n o p q r s t u v w x y z { | } > "
          RenderBR {BR} at (404,53) size 0x0
          RenderInline {B} at (0,0) size 952x38
            RenderText {#text} at (0,57) size 952x38
              text run at (0,57) width 952: "  ! \" # $ % & ' ( ) * + , - . / 0 1 2 3 4 5 6 7 8 9 : ; < = > ? @ A B C D E F G H I J K L M N O P Q R S T U V W X"
              text run at (0,76) width 602: "Y Z [ \\ ] ^ _ ` a b c d e f g h i j k l m n o p q r s t u v w x y z { | } > "
          RenderText {#text} at (0,0) size 0x0
          RenderBR {BR} at (0,0) size 0x0
          RenderInline {I} at (0,0) size 963x38
            RenderText {#text} at (0,95) size 963x38
              text run at (0,95) width 963: "  ! \" # $ % & ' ( ) * + , - . / 0 1 2 3 4 5 6 7 8 9 : ; < = > ? @ A B C D E F G H I J K L M N O P Q R S T U V W X Y Z [ \\ ] ^ _ ` a"
              text run at (0,114) width 399: "b c d e f g h i j k l m n o p q r s t u v w x y z { | } >"
          RenderText {#text} at (0,0) size 0x0
          RenderInline {FONT} at (0,0) size 0x0
            RenderText {#text} at (0,0) size 0x0
      RenderBlock {P} at (0,333) size 964x1805
        RenderInline {FONT} at (0,0) size 64x1805
          RenderInline {FONT} at (0,0) size 64x1805
            RenderText {#text} at (0,0) size 0x0
            RenderInline {FONT} at (0,0) size 64x1805
              RenderText {#text} at (0,0) size 35x19
                text run at (0,0) width 35: "serif"
              RenderBR {BR} at (35,15) size 0x0
              RenderText {#text} at (0,19) size 20x19
                text run at (0,19) width 20: "    "
              RenderBR {BR} at (20,34) size 0x0
              RenderText {#text} at (0,38) size 24x19
                text run at (0,38) width 24: "!!!!"
              RenderBR {BR} at (24,53) size 0x0
              RenderText {#text} at (0,57) size 28x19
                text run at (0,57) width 28: "\"\"\"\""
              RenderBR {BR} at (28,72) size 0x0
              RenderText {#text} at (0,76) size 52x19
                text run at (0,76) width 52: "####"
              RenderBR {BR} at (52,91) size 0x0
              RenderText {#text} at (0,95) size 40x19
                text run at (0,95) width 40: "$$$$"
              RenderBR {BR} at (40,110) size 0x0
              RenderText {#text} at (0,114) size 60x19
                text run at (0,114) width 60: "%%%%"
              RenderBR {BR} at (60,129) size 0x0
              RenderText {#text} at (0,133) size 48x19
                text run at (0,133) width 48: "&&&&"
              RenderBR {BR} at (48,148) size 0x0
              RenderText {#text} at (0,152) size 16x19
                text run at (0,152) width 16: "''''"
              RenderBR {BR} at (16,167) size 0x0
              RenderText {#text} at (0,171) size 24x19
                text run at (0,171) width 24: "(((("
              RenderBR {BR} at (24,186) size 0x0
              RenderText {#text} at (0,190) size 24x19
                text run at (0,190) width 24: "))))"
              RenderBR {BR} at (24,205) size 0x0
              RenderText {#text} at (0,209) size 32x19
                text run at (0,209) width 32: "****"
              RenderBR {BR} at (32,224) size 0x0
              RenderText {#text} at (0,228) size 52x19
                text run at (0,228) width 52: "++++"
              RenderBR {BR} at (52,243) size 0x0
              RenderText {#text} at (0,247) size 20x19
                text run at (0,247) width 20: ",,,,"
              RenderBR {BR} at (20,262) size 0x0
              RenderText {#text} at (0,266) size 24x19
                text run at (0,266) width 24: "----"
              RenderBR {BR} at (24,281) size 0x0
              RenderText {#text} at (0,285) size 20x19
                text run at (0,285) width 20: "...."
              RenderBR {BR} at (20,300) size 0x0
              RenderText {#text} at (0,304) size 20x19
                text run at (0,304) width 20: "////"
              RenderBR {BR} at (20,319) size 0x0
              RenderText {#text} at (0,323) size 40x19
                text run at (0,323) width 40: "0000"
              RenderBR {BR} at (40,338) size 0x0
              RenderText {#text} at (0,342) size 40x19
                text run at (0,342) width 40: "1111"
              RenderBR {BR} at (40,357) size 0x0
              RenderText {#text} at (0,361) size 40x19
                text run at (0,361) width 40: "2222"
              RenderBR {BR} at (40,376) size 0x0
              RenderText {#text} at (0,380) size 40x19
                text run at (0,380) width 40: "3333"
              RenderBR {BR} at (40,395) size 0x0
              RenderText {#text} at (0,399) size 40x19
                text run at (0,399) width 40: "4444"
              RenderBR {BR} at (40,414) size 0x0
              RenderText {#text} at (0,418) size 40x19
                text run at (0,418) width 40: "5555"
              RenderBR {BR} at (40,433) size 0x0
              RenderText {#text} at (0,437) size 40x19
                text run at (0,437) width 40: "6666"
              RenderBR {BR} at (40,452) size 0x0
              RenderText {#text} at (0,456) size 40x19
                text run at (0,456) width 40: "7777"
              RenderBR {BR} at (40,471) size 0x0
              RenderText {#text} at (0,475) size 40x19
                text run at (0,475) width 40: "8888"
              RenderBR {BR} at (40,490) size 0x0
              RenderText {#text} at (0,494) size 40x19
                text run at (0,494) width 40: "9999"
              RenderBR {BR} at (40,509) size 0x0
              RenderText {#text} at (0,513) size 20x19
                text run at (0,513) width 20: "::::"
              RenderBR {BR} at (20,528) size 0x0
              RenderText {#text} at (0,532) size 20x19
                text run at (0,532) width 20: ";;;;"
              RenderBR {BR} at (20,547) size 0x0
              RenderText {#text} at (0,551) size 52x19
                text run at (0,551) width 52: "<<<<"
              RenderBR {BR} at (52,566) size 0x0
              RenderText {#text} at (0,570) size 52x19
                text run at (0,570) width 52: "===="
              RenderBR {BR} at (52,585) size 0x0
              RenderText {#text} at (0,589) size 52x19
                text run at (0,589) width 52: ">>>>"
              RenderBR {BR} at (52,604) size 0x0
              RenderText {#text} at (0,608) size 36x19
                text run at (0,608) width 36: "????"
              RenderBR {BR} at (36,623) size 0x0
              RenderText {#text} at (0,627) size 64x19
                text run at (0,627) width 64: "@@@@"
              RenderBR {BR} at (64,642) size 0x0
              RenderText {#text} at (0,646) size 44x19
                text run at (0,646) width 44: "AAAA"
              RenderBR {BR} at (44,661) size 0x0
              RenderText {#text} at (0,665) size 44x19
                text run at (0,665) width 44: "BBBB"
              RenderBR {BR} at (44,680) size 0x0
              RenderText {#text} at (0,684) size 44x19
                text run at (0,684) width 44: "CCCC"
              RenderBR {BR} at (44,699) size 0x0
              RenderText {#text} at (0,703) size 48x19
                text run at (0,703) width 48: "DDDD"
              RenderBR {BR} at (48,718) size 0x0
              RenderText {#text} at (0,722) size 40x19
                text run at (0,722) width 40: "EEEE"
              RenderBR {BR} at (40,737) size 0x0
              RenderText {#text} at (0,741) size 36x19
                text run at (0,741) width 36: "FFFF"
              RenderBR {BR} at (36,756) size 0x0
              RenderText {#text} at (0,760) size 48x19
                text run at (0,760) width 48: "GGGG"
              RenderBR {BR} at (48,775) size 0x0
              RenderText {#text} at (0,779) size 48x19
                text run at (0,779) width 48: "HHHH"
              RenderBR {BR} at (48,794) size 0x0
              RenderText {#text} at (0,798) size 20x19
                text run at (0,798) width 20: "IIII"
              RenderBR {BR} at (20,813) size 0x0
              RenderText {#text} at (0,817) size 20x19
                text run at (0,817) width 20: "JJJJ"
              RenderBR {BR} at (20,832) size 0x0
              RenderText {#text} at (0,836) size 44x19
                text run at (0,836) width 44: "KKKK"
              RenderBR {BR} at (44,851) size 0x0
              RenderText {#text} at (0,855) size 36x19
                text run at (0,855) width 36: "LLLL"
              RenderBR {BR} at (36,870) size 0x0
              RenderText {#text} at (0,874) size 56x19
                text run at (0,874) width 56: "MMMM"
              RenderBR {BR} at (56,889) size 0x0
              RenderText {#text} at (0,893) size 48x19
                text run at (0,893) width 48: "NNNN"
              RenderBR {BR} at (48,908) size 0x0
              RenderText {#text} at (0,912) size 52x19
                text run at (0,912) width 52: "OOOO"
              RenderBR {BR} at (52,927) size 0x0
              RenderText {#text} at (0,931) size 40x19
                text run at (0,931) width 40: "PPPP"
              RenderBR {BR} at (40,946) size 0x0
              RenderText {#text} at (0,950) size 52x19
                text run at (0,950) width 52: "QQQQ"
              RenderBR {BR} at (52,965) size 0x0
              RenderText {#text} at (0,969) size 44x19
                text run at (0,969) width 44: "RRRR"
              RenderBR {BR} at (44,984) size 0x0
              RenderText {#text} at (0,988) size 40x19
                text run at (0,988) width 40: "SSSS"
              RenderBR {BR} at (40,1003) size 0x0
              RenderText {#text} at (0,1007) size 40x19
                text run at (0,1007) width 40: "TTTT"
              RenderBR {BR} at (40,1022) size 0x0
              RenderText {#text} at (0,1026) size 48x19
                text run at (0,1026) width 48: "UUUU"
              RenderBR {BR} at (48,1041) size 0x0
              RenderText {#text} at (0,1045) size 44x19
                text run at (0,1045) width 44: "VVVV"
              RenderBR {BR} at (44,1060) size 0x0
              RenderText {#text} at (0,1064) size 64x19
                text run at (0,1064) width 64: "WWWW"
              RenderBR {BR} at (64,1079) size 0x0
              RenderText {#text} at (0,1083) size 44x19
                text run at (0,1083) width 44: "XXXX"
              RenderBR {BR} at (44,1098) size 0x0
              RenderText {#text} at (0,1102) size 40x19
                text run at (0,1102) width 40: "YYYY"
              RenderBR {BR} at (40,1117) size 0x0
              RenderText {#text} at (0,1121) size 44x19
                text run at (0,1121) width 44: "ZZZZ"
              RenderBR {BR} at (44,1136) size 0x0
              RenderText {#text} at (0,1140) size 24x19
                text run at (0,1140) width 24: "[[[["
              RenderBR {BR} at (24,1155) size 0x0
              RenderText {#text} at (0,1159) size 20x19
                text run at (0,1159) width 20: "\\\\\\\\"
              RenderBR {BR} at (20,1174) size 0x0
              RenderText {#text} at (0,1178) size 24x19
                text run at (0,1178) width 24: "]]]]"
              RenderBR {BR} at (24,1193) size 0x0
              RenderText {#text} at (0,1197) size 52x19
                text run at (0,1197) width 52: "^^^^"
              RenderBR {BR} at (52,1212) size 0x0
              RenderText {#text} at (0,1216) size 32x19
                text run at (0,1216) width 32: "____"
              RenderBR {BR} at (32,1231) size 0x0
              RenderText {#text} at (0,1235) size 32x19
                text run at (0,1235) width 32: "````"
              RenderBR {BR} at (32,1250) size 0x0
              RenderText {#text} at (0,1254) size 40x19
                text run at (0,1254) width 40: "aaaa"
              RenderBR {BR} at (40,1269) size 0x0
              RenderText {#text} at (0,1273) size 40x19
                text run at (0,1273) width 40: "bbbb"
              RenderBR {BR} at (40,1288) size 0x0
              RenderText {#text} at (0,1292) size 36x19
                text run at (0,1292) width 36: "cccc"
              RenderBR {BR} at (36,1307) size 0x0
              RenderText {#text} at (0,1311) size 40x19
                text run at (0,1311) width 40: "dddd"
              RenderBR {BR} at (40,1326) size 0x0
              RenderText {#text} at (0,1330) size 40x19
                text run at (0,1330) width 40: "eeee"
              RenderBR {BR} at (40,1345) size 0x0
              RenderText {#text} at (0,1349) size 24x19
                text run at (0,1349) width 24: "ffff"
              RenderBR {BR} at (24,1364) size 0x0
              RenderText {#text} at (0,1368) size 40x19
                text run at (0,1368) width 40: "gggg"
              RenderBR {BR} at (40,1383) size 0x0
              RenderText {#text} at (0,1387) size 40x19
                text run at (0,1387) width 40: "hhhh"
              RenderBR {BR} at (40,1402) size 0x0
              RenderText {#text} at (0,1406) size 16x19
                text run at (0,1406) width 16: "iiii"
              RenderBR {BR} at (16,1421) size 0x0
              RenderText {#text} at (0,1425) size 16x19
                text run at (0,1425) width 16: "jjjj"
              RenderBR {BR} at (16,1440) size 0x0
              RenderText {#text} at (0,1444) size 36x19
                text run at (0,1444) width 36: "kkkk"
              RenderBR {BR} at (36,1459) size 0x0
              RenderText {#text} at (0,1463) size 16x19
                text run at (0,1463) width 16: "llll"
              RenderBR {BR} at (16,1478) size 0x0
              RenderText {#text} at (0,1482) size 64x19
                text run at (0,1482) width 64: "mmmm"
              RenderBR {BR} at (64,1497) size 0x0
              RenderText {#text} at (0,1501) size 40x19
                text run at (0,1501) width 40: "nnnn"
              RenderBR {BR} at (40,1516) size 0x0
              RenderText {#text} at (0,1520) size 40x19
                text run at (0,1520) width 40: "oooo"
              RenderBR {BR} at (40,1535) size 0x0
              RenderText {#text} at (0,1539) size 40x19
                text run at (0,1539) width 40: "pppp"
              RenderBR {BR} at (40,1554) size 0x0
              RenderText {#text} at (0,1558) size 40x19
                text run at (0,1558) width 40: "qqqq"
              RenderBR {BR} at (40,1573) size 0x0
              RenderText {#text} at (0,1577) size 28x19
                text run at (0,1577) width 28: "rrrr"
              RenderBR {BR} at (28,1592) size 0x0
              RenderText {#text} at (0,1596) size 32x19
                text run at (0,1596) width 32: "ssss"
              RenderBR {BR} at (32,1611) size 0x0
              RenderText {#text} at (0,1615) size 24x19
                text run at (0,1615) width 24: "tttt"
              RenderBR {BR} at (24,1630) size 0x0
              RenderText {#text} at (0,1634) size 40x19
                text run at (0,1634) width 40: "uuuu"
              RenderBR {BR} at (40,1649) size 0x0
              RenderText {#text} at (0,1653) size 36x19
                text run at (0,1653) width 36: "vvvv"
              RenderBR {BR} at (36,1668) size 0x0
              RenderText {#text} at (0,1672) size 52x19
                text run at (0,1672) width 52: "wwww"
              RenderBR {BR} at (52,1687) size 0x0
              RenderText {#text} at (0,1691) size 36x19
                text run at (0,1691) width 36: "xxxx"
              RenderBR {BR} at (36,1706) size 0x0
              RenderText {#text} at (0,1710) size 36x19
                text run at (0,1710) width 36: "yyyy"
              RenderBR {BR} at (36,1725) size 0x0
              RenderText {#text} at (0,1729) size 32x19
                text run at (0,1729) width 32: "zzzz"
              RenderBR {BR} at (32,1744) size 0x0
              RenderText {#text} at (0,1748) size 40x19
                text run at (0,1748) width 40: "{{{{"
              RenderBR {BR} at (40,1763) size 0x0
              RenderText {#text} at (0,1767) size 20x19
                text run at (0,1767) width 20: "||||"
              RenderBR {BR} at (20,1782) size 0x0
              RenderText {#text} at (0,1786) size 40x19
                text run at (0,1786) width 40: "}}}}"
              RenderBR {BR} at (40,1801) size 0x0
      RenderBlock {P} at (0,2154) size 964x1786
        RenderInline {FONT} at (0,0) size 72x1786
          RenderInline {FONT} at (0,0) size 72x1786
            RenderInline {FONT} at (0,0) size 72x1786
              RenderText {#text} at (0,0) size 0x0
              RenderInline {B} at (0,0) size 72x1786
                RenderText {#text} at (0,0) size 24x19
                  text run at (0,0) width 24: "    "
                RenderBR {BR} at (24,15) size 0x0
                RenderText {#text} at (0,19) size 28x19
                  text run at (0,19) width 28: "!!!!"
                RenderBR {BR} at (28,34) size 0x0
                RenderText {#text} at (0,38) size 32x19
                  text run at (0,38) width 32: "\"\"\"\""
                RenderBR {BR} at (32,53) size 0x0
                RenderText {#text} at (0,57) size 52x19
                  text run at (0,57) width 52: "####"
                RenderBR {BR} at (52,72) size 0x0
                RenderText {#text} at (0,76) size 44x19
                  text run at (0,76) width 44: "$$$$"
                RenderBR {BR} at (44,91) size 0x0
                RenderText {#text} at (0,95) size 64x19
                  text run at (0,95) width 64: "%%%%"
                RenderBR {BR} at (64,110) size 0x0
                RenderText {#text} at (0,114) size 56x19
                  text run at (0,114) width 56: "&&&&"
                RenderBR {BR} at (56,129) size 0x0
                RenderText {#text} at (0,133) size 20x19
                  text run at (0,133) width 20: "''''"
                RenderBR {BR} at (20,148) size 0x0
                RenderText {#text} at (0,152) size 28x19
                  text run at (0,152) width 28: "(((("
                RenderBR {BR} at (28,167) size 0x0
                RenderText {#text} at (0,171) size 28x19
                  text run at (0,171) width 28: "))))"
                RenderBR {BR} at (28,186) size 0x0
                RenderText {#text} at (0,190) size 32x19
                  text run at (0,190) width 32: "****"
                RenderBR {BR} at (32,205) size 0x0
                RenderText {#text} at (0,209) size 52x19
                  text run at (0,209) width 52: "++++"
                RenderBR {BR} at (52,224) size 0x0
                RenderText {#text} at (0,228) size 24x19
                  text run at (0,228) width 24: ",,,,"
                RenderBR {BR} at (24,243) size 0x0
                RenderText {#text} at (0,247) size 28x19
                  text run at (0,247) width 28: "----"
                RenderBR {BR} at (28,262) size 0x0
                RenderText {#text} at (0,266) size 24x19
                  text run at (0,266) width 24: "...."
                RenderBR {BR} at (24,281) size 0x0
                RenderText {#text} at (0,285) size 24x19
                  text run at (0,285) width 24: "////"
                RenderBR {BR} at (24,300) size 0x0
                RenderText {#text} at (0,304) size 44x19
                  text run at (0,304) width 44: "0000"
                RenderBR {BR} at (44,319) size 0x0
                RenderText {#text} at (0,323) size 44x19
                  text run at (0,323) width 44: "1111"
                RenderBR {BR} at (44,338) size 0x0
                RenderText {#text} at (0,342) size 44x19
                  text run at (0,342) width 44: "2222"
                RenderBR {BR} at (44,357) size 0x0
                RenderText {#text} at (0,361) size 44x19
                  text run at (0,361) width 44: "3333"
                RenderBR {BR} at (44,376) size 0x0
                RenderText {#text} at (0,380) size 44x19
                  text run at (0,380) width 44: "4444"
                RenderBR {BR} at (44,395) size 0x0
                RenderText {#text} at (0,399) size 44x19
                  text run at (0,399) width 44: "5555"
                RenderBR {BR} at (44,414) size 0x0
                RenderText {#text} at (0,418) size 44x19
                  text run at (0,418) width 44: "6666"
                RenderBR {BR} at (44,433) size 0x0
                RenderText {#text} at (0,437) size 44x19
                  text run at (0,437) width 44: "7777"
                RenderBR {BR} at (44,452) size 0x0
                RenderText {#text} at (0,456) size 44x19
                  text run at (0,456) width 44: "8888"
                RenderBR {BR} at (44,471) size 0x0
                RenderText {#text} at (0,475) size 44x19
                  text run at (0,475) width 44: "9999"
                RenderBR {BR} at (44,490) size 0x0
                RenderText {#text} at (0,494) size 24x19
                  text run at (0,494) width 24: "::::"
                RenderBR {BR} at (24,509) size 0x0
                RenderText {#text} at (0,513) size 24x19
                  text run at (0,513) width 24: ";;;;"
                RenderBR {BR} at (24,528) size 0x0
                RenderText {#text} at (0,532) size 52x19
                  text run at (0,532) width 52: "<<<<"
                RenderBR {BR} at (52,547) size 0x0
                RenderText {#text} at (0,551) size 52x19
                  text run at (0,551) width 52: "===="
                RenderBR {BR} at (52,566) size 0x0
                RenderText {#text} at (0,570) size 52x19
                  text run at (0,570) width 52: ">>>>"
                RenderBR {BR} at (52,585) size 0x0
                RenderText {#text} at (0,589) size 36x19
                  text run at (0,589) width 36: "????"
                RenderBR {BR} at (36,604) size 0x0
                RenderText {#text} at (0,608) size 64x19
                  text run at (0,608) width 64: "@@@@"
                RenderBR {BR} at (64,623) size 0x0
                RenderText {#text} at (0,627) size 48x19
                  text run at (0,627) width 48: "AAAA"
                RenderBR {BR} at (48,642) size 0x0
                RenderText {#text} at (0,646) size 48x19
                  text run at (0,646) width 48: "BBBB"
                RenderBR {BR} at (48,661) size 0x0
                RenderText {#text} at (0,665) size 48x19
                  text run at (0,665) width 48: "CCCC"
                RenderBR {BR} at (48,680) size 0x0
                RenderText {#text} at (0,684) size 52x19
                  text run at (0,684) width 52: "DDDD"
                RenderBR {BR} at (52,699) size 0x0
                RenderText {#text} at (0,703) size 44x19
                  text run at (0,703) width 44: "EEEE"
                RenderBR {BR} at (44,718) size 0x0
                RenderText {#text} at (0,722) size 44x19
                  text run at (0,722) width 44: "FFFF"
                RenderBR {BR} at (44,737) size 0x0
                RenderText {#text} at (0,741) size 52x19
                  text run at (0,741) width 52: "GGGG"
                RenderBR {BR} at (52,756) size 0x0
                RenderText {#text} at (0,760) size 52x19
                  text run at (0,760) width 52: "HHHH"
                RenderBR {BR} at (52,775) size 0x0
                RenderText {#text} at (0,779) size 24x19
                  text run at (0,779) width 24: "IIII"
                RenderBR {BR} at (24,794) size 0x0
                RenderText {#text} at (0,798) size 24x19
                  text run at (0,798) width 24: "JJJJ"
                RenderBR {BR} at (24,813) size 0x0
                RenderText {#text} at (0,817) size 48x19
                  text run at (0,817) width 48: "KKKK"
                RenderBR {BR} at (48,832) size 0x0
                RenderText {#text} at (0,836) size 40x19
                  text run at (0,836) width 40: "LLLL"
                RenderBR {BR} at (40,851) size 0x0
                RenderText {#text} at (0,855) size 64x19
                  text run at (0,855) width 64: "MMMM"
                RenderBR {BR} at (64,870) size 0x0
                RenderText {#text} at (0,874) size 52x19
                  text run at (0,874) width 52: "NNNN"
                RenderBR {BR} at (52,889) size 0x0
                RenderText {#text} at (0,893) size 56x19
                  text run at (0,893) width 56: "OOOO"
                RenderBR {BR} at (56,908) size 0x0
                RenderText {#text} at (0,912) size 48x19
                  text run at (0,912) width 48: "PPPP"
                RenderBR {BR} at (48,927) size 0x0
                RenderText {#text} at (0,931) size 56x19
                  text run at (0,931) width 56: "QQQQ"
                RenderBR {BR} at (56,946) size 0x0
                RenderText {#text} at (0,950) size 48x19
                  text run at (0,950) width 48: "RRRR"
                RenderBR {BR} at (48,965) size 0x0
                RenderText {#text} at (0,969) size 48x19
                  text run at (0,969) width 48: "SSSS"
                RenderBR {BR} at (48,984) size 0x0
                RenderText {#text} at (0,988) size 44x19
                  text run at (0,988) width 44: "TTTT"
                RenderBR {BR} at (44,1003) size 0x0
                RenderText {#text} at (0,1007) size 52x19
                  text run at (0,1007) width 52: "UUUU"
                RenderBR {BR} at (52,1022) size 0x0
                RenderText {#text} at (0,1026) size 48x19
                  text run at (0,1026) width 48: "VVVV"
                RenderBR {BR} at (48,1041) size 0x0
                RenderText {#text} at (0,1045) size 72x19
                  text run at (0,1045) width 72: "WWWW"
                RenderBR {BR} at (72,1060) size 0x0
                RenderText {#text} at (0,1064) size 48x19
                  text run at (0,1064) width 48: "XXXX"
                RenderBR {BR} at (48,1079) size 0x0
                RenderText {#text} at (0,1083) size 48x19
                  text run at (0,1083) width 48: "YYYY"
                RenderBR {BR} at (48,1098) size 0x0
                RenderText {#text} at (0,1102) size 48x19
                  text run at (0,1102) width 48: "ZZZZ"
                RenderBR {BR} at (48,1117) size 0x0
                RenderText {#text} at (0,1121) size 28x19
                  text run at (0,1121) width 28: "[[[["
                RenderBR {BR} at (28,1136) size 0x0
                RenderText {#text} at (0,1140) size 24x19
                  text run at (0,1140) width 24: "\\\\\\\\"
                RenderBR {BR} at (24,1155) size 0x0
                RenderText {#text} at (0,1159) size 28x19
                  text run at (0,1159) width 28: "]]]]"
                RenderBR {BR} at (28,1174) size 0x0
                RenderText {#text} at (0,1178) size 52x19
                  text run at (0,1178) width 52: "^^^^"
                RenderBR {BR} at (52,1193) size 0x0
                RenderText {#text} at (0,1197) size 32x19
                  text run at (0,1197) width 32: "____"
                RenderBR {BR} at (32,1212) size 0x0
                RenderText {#text} at (0,1216) size 32x19
                  text run at (0,1216) width 32: "````"
                RenderBR {BR} at (32,1231) size 0x0
                RenderText {#text} at (0,1235) size 44x19
                  text run at (0,1235) width 44: "aaaa"
                RenderBR {BR} at (44,1250) size 0x0
                RenderText {#text} at (0,1254) size 44x19
                  text run at (0,1254) width 44: "bbbb"
                RenderBR {BR} at (44,1269) size 0x0
                RenderText {#text} at (0,1273) size 36x19
                  text run at (0,1273) width 36: "cccc"
                RenderBR {BR} at (36,1288) size 0x0
                RenderText {#text} at (0,1292) size 44x19
                  text run at (0,1292) width 44: "dddd"
                RenderBR {BR} at (44,1307) size 0x0
                RenderText {#text} at (0,1311) size 44x19
                  text run at (0,1311) width 44: "eeee"
                RenderBR {BR} at (44,1326) size 0x0
                RenderText {#text} at (0,1330) size 28x19
                  text run at (0,1330) width 28: "ffff"
                RenderBR {BR} at (28,1345) size 0x0
                RenderText {#text} at (0,1349) size 44x19
                  text run at (0,1349) width 44: "gggg"
                RenderBR {BR} at (44,1364) size 0x0
                RenderText {#text} at (0,1368) size 44x19
                  text run at (0,1368) width 44: "hhhh"
                RenderBR {BR} at (44,1383) size 0x0
                RenderText {#text} at (0,1387) size 20x19
                  text run at (0,1387) width 20: "iiii"
                RenderBR {BR} at (20,1402) size 0x0
                RenderText {#text} at (0,1406) size 20x19
                  text run at (0,1406) width 20: "jjjj"
                RenderBR {BR} at (20,1421) size 0x0
                RenderText {#text} at (0,1425) size 44x19
                  text run at (0,1425) width 44: "kkkk"
                RenderBR {BR} at (44,1440) size 0x0
                RenderText {#text} at (0,1444) size 20x19
                  text run at (0,1444) width 20: "llll"
                RenderBR {BR} at (20,1459) size 0x0
                RenderText {#text} at (0,1463) size 68x19
                  text run at (0,1463) width 68: "mmmm"
                RenderBR {BR} at (68,1478) size 0x0
                RenderText {#text} at (0,1482) size 44x19
                  text run at (0,1482) width 44: "nnnn"
                RenderBR {BR} at (44,1497) size 0x0
                RenderText {#text} at (0,1501) size 44x19
                  text run at (0,1501) width 44: "oooo"
                RenderBR {BR} at (44,1516) size 0x0
                RenderText {#text} at (0,1520) size 44x19
                  text run at (0,1520) width 44: "pppp"
                RenderBR {BR} at (44,1535) size 0x0
                RenderText {#text} at (0,1539) size 44x19
                  text run at (0,1539) width 44: "qqqq"
                RenderBR {BR} at (44,1554) size 0x0
                RenderText {#text} at (0,1558) size 32x19
                  text run at (0,1558) width 32: "rrrr"
                RenderBR {BR} at (32,1573) size 0x0
                RenderText {#text} at (0,1577) size 40x19
                  text run at (0,1577) width 40: "ssss"
                RenderBR {BR} at (40,1592) size 0x0
                RenderText {#text} at (0,1596) size 32x19
                  text run at (0,1596) width 32: "tttt"
                RenderBR {BR} at (32,1611) size 0x0
                RenderText {#text} at (0,1615) size 44x19
                  text run at (0,1615) width 44: "uuuu"
                RenderBR {BR} at (44,1630) size 0x0
                RenderText {#text} at (0,1634) size 40x19
                  text run at (0,1634) width 40: "vvvv"
                RenderBR {BR} at (40,1649) size 0x0
                RenderText {#text} at (0,1653) size 60x19
                  text run at (0,1653) width 60: "wwww"
                RenderBR {BR} at (60,1668) size 0x0
                RenderText {#text} at (0,1672) size 40x19
                  text run at (0,1672) width 40: "xxxx"
                RenderBR {BR} at (40,1687) size 0x0
                RenderText {#text} at (0,1691) size 40x19
                  text run at (0,1691) width 40: "yyyy"
                RenderBR {BR} at (40,1706) size 0x0
                RenderText {#text} at (0,1710) size 36x19
                  text run at (0,1710) width 36: "zzzz"
                RenderBR {BR} at (36,1725) size 0x0
                RenderText {#text} at (0,1729) size 44x19
                  text run at (0,1729) width 44: "{{{{"
                RenderBR {BR} at (44,1744) size 0x0
                RenderText {#text} at (0,1748) size 24x19
                  text run at (0,1748) width 24: "||||"
                RenderBR {BR} at (24,1763) size 0x0
                RenderText {#text} at (0,1767) size 44x19
                  text run at (0,1767) width 44: "}}}}"
                RenderBR {BR} at (44,1782) size 0x0
              RenderText {#text} at (0,0) size 0x0
      RenderBlock {P} at (0,3956) size 964x1786
        RenderInline {FONT} at (0,0) size 64x1786
          RenderInline {FONT} at (0,0) size 64x1786
            RenderInline {FONT} at (0,0) size 64x1786
              RenderText {#text} at (0,0) size 0x0
              RenderInline {I} at (0,0) size 64x1786
                RenderText {#text} at (0,0) size 20x19
                  text run at (0,0) width 20: "    "
                RenderBR {BR} at (20,15) size 0x0
                RenderText {#text} at (0,19) size 24x19
                  text run at (0,19) width 24: "!!!!"
                RenderBR {BR} at (24,34) size 0x0
                RenderText {#text} at (0,38) size 28x19
                  text run at (0,38) width 28: "\"\"\"\""
                RenderBR {BR} at (28,53) size 0x0
                RenderText {#text} at (0,57) size 52x19
                  text run at (0,57) width 52: "####"
                RenderBR {BR} at (52,72) size 0x0
                RenderText {#text} at (0,76) size 40x19
                  text run at (0,76) width 40: "$$$$"
                RenderBR {BR} at (40,91) size 0x0
                RenderText {#text} at (0,95) size 60x19
                  text run at (0,95) width 60: "%%%%"
                RenderBR {BR} at (60,110) size 0x0
                RenderText {#text} at (0,114) size 48x19
                  text run at (0,114) width 48: "&&&&"
                RenderBR {BR} at (48,129) size 0x0
                RenderText {#text} at (0,133) size 16x19
                  text run at (0,133) width 16: "''''"
                RenderBR {BR} at (16,148) size 0x0
                RenderText {#text} at (0,152) size 24x19
                  text run at (0,152) width 24: "(((("
                RenderBR {BR} at (24,167) size 0x0
                RenderText {#text} at (0,171) size 24x19
                  text run at (0,171) width 24: "))))"
                RenderBR {BR} at (24,186) size 0x0
                RenderText {#text} at (0,190) size 32x19
                  text run at (0,190) width 32: "****"
                RenderBR {BR} at (32,205) size 0x0
                RenderText {#text} at (0,209) size 52x19
                  text run at (0,209) width 52: "++++"
                RenderBR {BR} at (52,224) size 0x0
                RenderText {#text} at (0,228) size 20x19
                  text run at (0,228) width 20: ",,,,"
                RenderBR {BR} at (20,243) size 0x0
                RenderText {#text} at (0,247) size 24x19
                  text run at (0,247) width 24: "----"
                RenderBR {BR} at (24,262) size 0x0
                RenderText {#text} at (0,266) size 20x19
                  text run at (0,266) width 20: "...."
                RenderBR {BR} at (20,281) size 0x0
                RenderText {#text} at (0,285) size 20x19
                  text run at (0,285) width 20: "////"
                RenderBR {BR} at (20,300) size 0x0
                RenderText {#text} at (0,304) size 40x19
                  text run at (0,304) width 40: "0000"
                RenderBR {BR} at (40,319) size 0x0
                RenderText {#text} at (0,323) size 40x19
                  text run at (0,323) width 40: "1111"
                RenderBR {BR} at (40,338) size 0x0
                RenderText {#text} at (0,342) size 40x19
                  text run at (0,342) width 40: "2222"
                RenderBR {BR} at (40,357) size 0x0
                RenderText {#text} at (0,361) size 40x19
                  text run at (0,361) width 40: "3333"
                RenderBR {BR} at (40,376) size 0x0
                RenderText {#text} at (0,380) size 40x19
                  text run at (0,380) width 40: "4444"
                RenderBR {BR} at (40,395) size 0x0
                RenderText {#text} at (0,399) size 40x19
                  text run at (0,399) width 40: "5555"
                RenderBR {BR} at (40,414) size 0x0
                RenderText {#text} at (0,418) size 40x19
                  text run at (0,418) width 40: "6666"
                RenderBR {BR} at (40,433) size 0x0
                RenderText {#text} at (0,437) size 40x19
                  text run at (0,437) width 40: "7777"
                RenderBR {BR} at (40,452) size 0x0
                RenderText {#text} at (0,456) size 40x19
                  text run at (0,456) width 40: "8888"
                RenderBR {BR} at (40,471) size 0x0
                RenderText {#text} at (0,475) size 40x19
                  text run at (0,475) width 40: "9999"
                RenderBR {BR} at (40,490) size 0x0
                RenderText {#text} at (0,494) size 20x19
                  text run at (0,494) width 20: "::::"
                RenderBR {BR} at (20,509) size 0x0
                RenderText {#text} at (0,513) size 20x19
                  text run at (0,513) width 20: ";;;;"
                RenderBR {BR} at (20,528) size 0x0
                RenderText {#text} at (0,532) size 52x19
                  text run at (0,532) width 52: "<<<<"
                RenderBR {BR} at (52,547) size 0x0
                RenderText {#text} at (0,551) size 52x19
                  text run at (0,551) width 52: "===="
                RenderBR {BR} at (52,566) size 0x0
                RenderText {#text} at (0,570) size 52x19
                  text run at (0,570) width 52: ">>>>"
                RenderBR {BR} at (52,585) size 0x0
                RenderText {#text} at (0,589) size 36x19
                  text run at (0,589) width 36: "????"
                RenderBR {BR} at (36,604) size 0x0
                RenderText {#text} at (0,608) size 64x19
                  text run at (0,608) width 64: "@@@@"
                RenderBR {BR} at (64,623) size 0x0
                RenderText {#text} at (0,627) size 44x19
                  text run at (0,627) width 44: "AAAA"
                RenderBR {BR} at (44,642) size 0x0
                RenderText {#text} at (0,646) size 44x19
                  text run at (0,646) width 44: "BBBB"
                RenderBR {BR} at (44,661) size 0x0
                RenderText {#text} at (0,665) size 44x19
                  text run at (0,665) width 44: "CCCC"
                RenderBR {BR} at (44,680) size 0x0
                RenderText {#text} at (0,684) size 48x19
                  text run at (0,684) width 48: "DDDD"
                RenderBR {BR} at (48,699) size 0x0
                RenderText {#text} at (0,703) size 40x19
                  text run at (0,703) width 40: "EEEE"
                RenderBR {BR} at (40,718) size 0x0
                RenderText {#text} at (0,722) size 36x19
                  text run at (0,722) width 36: "FFFF"
                RenderBR {BR} at (36,737) size 0x0
                RenderText {#text} at (0,741) size 48x19
                  text run at (0,741) width 48: "GGGG"
                RenderBR {BR} at (48,756) size 0x0
                RenderText {#text} at (0,760) size 48x19
                  text run at (0,760) width 48: "HHHH"
                RenderBR {BR} at (48,775) size 0x0
                RenderText {#text} at (0,779) size 20x19
                  text run at (0,779) width 20: "IIII"
                RenderBR {BR} at (20,794) size 0x0
                RenderText {#text} at (0,798) size 20x19
                  text run at (0,798) width 20: "JJJJ"
                RenderBR {BR} at (20,813) size 0x0
                RenderText {#text} at (0,817) size 44x19
                  text run at (0,817) width 44: "KKKK"
                RenderBR {BR} at (44,832) size 0x0
                RenderText {#text} at (0,836) size 36x19
                  text run at (0,836) width 36: "LLLL"
                RenderBR {BR} at (36,851) size 0x0
                RenderText {#text} at (0,855) size 56x19
                  text run at (0,855) width 56: "MMMM"
                RenderBR {BR} at (56,870) size 0x0
                RenderText {#text} at (0,874) size 48x19
                  text run at (0,874) width 48: "NNNN"
                RenderBR {BR} at (48,889) size 0x0
                RenderText {#text} at (0,893) size 52x19
                  text run at (0,893) width 52: "OOOO"
                RenderBR {BR} at (52,908) size 0x0
                RenderText {#text} at (0,912) size 40x19
                  text run at (0,912) width 40: "PPPP"
                RenderBR {BR} at (40,927) size 0x0
                RenderText {#text} at (0,931) size 52x19
                  text run at (0,931) width 52: "QQQQ"
                RenderBR {BR} at (52,946) size 0x0
                RenderText {#text} at (0,950) size 44x19
                  text run at (0,950) width 44: "RRRR"
                RenderBR {BR} at (44,965) size 0x0
                RenderText {#text} at (0,969) size 40x19
                  text run at (0,969) width 40: "SSSS"
                RenderBR {BR} at (40,984) size 0x0
                RenderText {#text} at (0,988) size 40x19
                  text run at (0,988) width 40: "TTTT"
                RenderBR {BR} at (40,1003) size 0x0
                RenderText {#text} at (0,1007) size 48x19
                  text run at (0,1007) width 48: "UUUU"
                RenderBR {BR} at (48,1022) size 0x0
                RenderText {#text} at (0,1026) size 44x19
                  text run at (0,1026) width 44: "VVVV"
                RenderBR {BR} at (44,1041) size 0x0
                RenderText {#text} at (0,1045) size 64x19
                  text run at (0,1045) width 64: "WWWW"
                RenderBR {BR} at (64,1060) size 0x0
                RenderText {#text} at (0,1064) size 44x19
                  text run at (0,1064) width 44: "XXXX"
                RenderBR {BR} at (44,1079) size 0x0
                RenderText {#text} at (0,1083) size 40x19
                  text run at (0,1083) width 40: "YYYY"
                RenderBR {BR} at (40,1098) size 0x0
                RenderText {#text} at (0,1102) size 44x19
                  text run at (0,1102) width 44: "ZZZZ"
                RenderBR {BR} at (44,1117) size 0x0
                RenderText {#text} at (0,1121) size 24x19
                  text run at (0,1121) width 24: "[[[["
                RenderBR {BR} at (24,1136) size 0x0
                RenderText {#text} at (0,1140) size 20x19
                  text run at (0,1140) width 20: "\\\\\\\\"
                RenderBR {BR} at (20,1155) size 0x0
                RenderText {#text} at (0,1159) size 24x19
                  text run at (0,1159) width 24: "]]]]"
                RenderBR {BR} at (24,1174) size 0x0
                RenderText {#text} at (0,1178) size 52x19
                  text run at (0,1178) width 52: "^^^^"
                RenderBR {BR} at (52,1193) size 0x0
                RenderText {#text} at (0,1197) size 32x19
                  text run at (0,1197) width 32: "____"
                RenderBR {BR} at (32,1212) size 0x0
                RenderText {#text} at (0,1216) size 32x19
                  text run at (0,1216) width 32: "````"
                RenderBR {BR} at (32,1231) size 0x0
                RenderText {#text} at (0,1235) size 40x19
                  text run at (0,1235) width 40: "aaaa"
                RenderBR {BR} at (40,1250) size 0x0
                RenderText {#text} at (0,1254) size 40x19
                  text run at (0,1254) width 40: "bbbb"
                RenderBR {BR} at (40,1269) size 0x0
                RenderText {#text} at (0,1273) size 36x19
                  text run at (0,1273) width 36: "cccc"
                RenderBR {BR} at (36,1288) size 0x0
                RenderText {#text} at (0,1292) size 40x19
                  text run at (0,1292) width 40: "dddd"
                RenderBR {BR} at (40,1307) size 0x0
                RenderText {#text} at (0,1311) size 40x19
                  text run at (0,1311) width 40: "eeee"
                RenderBR {BR} at (40,1326) size 0x0
                RenderText {#text} at (0,1330) size 24x19
                  text run at (0,1330) width 24: "ffff"
                RenderBR {BR} at (24,1345) size 0x0
                RenderText {#text} at (0,1349) size 40x19
                  text run at (0,1349) width 40: "gggg"
                RenderBR {BR} at (40,1364) size 0x0
                RenderText {#text} at (0,1368) size 40x19
                  text run at (0,1368) width 40: "hhhh"
                RenderBR {BR} at (40,1383) size 0x0
                RenderText {#text} at (0,1387) size 16x19
                  text run at (0,1387) width 16: "iiii"
                RenderBR {BR} at (16,1402) size 0x0
                RenderText {#text} at (0,1406) size 16x19
                  text run at (0,1406) width 16: "jjjj"
                RenderBR {BR} at (16,1421) size 0x0
                RenderText {#text} at (0,1425) size 36x19
                  text run at (0,1425) width 36: "kkkk"
                RenderBR {BR} at (36,1440) size 0x0
                RenderText {#text} at (0,1444) size 16x19
                  text run at (0,1444) width 16: "llll"
                RenderBR {BR} at (16,1459) size 0x0
                RenderText {#text} at (0,1463) size 64x19
                  text run at (0,1463) width 64: "mmmm"
                RenderBR {BR} at (64,1478) size 0x0
                RenderText {#text} at (0,1482) size 40x19
                  text run at (0,1482) width 40: "nnnn"
                RenderBR {BR} at (40,1497) size 0x0
                RenderText {#text} at (0,1501) size 40x19
                  text run at (0,1501) width 40: "oooo"
                RenderBR {BR} at (40,1516) size 0x0
                RenderText {#text} at (0,1520) size 40x19
                  text run at (0,1520) width 40: "pppp"
                RenderBR {BR} at (40,1535) size 0x0
                RenderText {#text} at (0,1539) size 40x19
                  text run at (0,1539) width 40: "qqqq"
                RenderBR {BR} at (40,1554) size 0x0
                RenderText {#text} at (0,1558) size 28x19
                  text run at (0,1558) width 28: "rrrr"
                RenderBR {BR} at (28,1573) size 0x0
                RenderText {#text} at (0,1577) size 32x19
                  text run at (0,1577) width 32: "ssss"
                RenderBR {BR} at (32,1592) size 0x0
                RenderText {#text} at (0,1596) size 24x19
                  text run at (0,1596) width 24: "tttt"
                RenderBR {BR} at (24,1611) size 0x0
                RenderText {#text} at (0,1615) size 40x19
                  text run at (0,1615) width 40: "uuuu"
                RenderBR {BR} at (40,1630) size 0x0
                RenderText {#text} at (0,1634) size 36x19
                  text run at (0,1634) width 36: "vvvv"
                RenderBR {BR} at (36,1649) size 0x0
                RenderText {#text} at (0,1653) size 52x19
                  text run at (0,1653) width 52: "wwww"
                RenderBR {BR} at (52,1668) size 0x0
                RenderText {#text} at (0,1672) size 36x19
                  text run at (0,1672) width 36: "xxxx"
                RenderBR {BR} at (36,1687) size 0x0
                RenderText {#text} at (0,1691) size 36x19
                  text run at (0,1691) width 36: "yyyy"
                RenderBR {BR} at (36,1706) size 0x0
                RenderText {#text} at (0,1710) size 32x19
                  text run at (0,1710) width 32: "zzzz"
                RenderBR {BR} at (32,1725) size 0x0
                RenderText {#text} at (0,1729) size 40x19
                  text run at (0,1729) width 40: "{{{{"
                RenderBR {BR} at (40,1744) size 0x0
                RenderText {#text} at (0,1748) size 20x19
                  text run at (0,1748) width 20: "||||"
                RenderBR {BR} at (20,1763) size 0x0
                RenderText {#text} at (0,1767) size 40x19
                  text run at (0,1767) width 40: "}}}}"
                RenderBR {BR} at (40,1782) size 0x0
              RenderText {#text} at (0,0) size 0x0
            RenderText {#text} at (0,0) size 0x0
