layer at (0,0) size 980x1272
  RenderView at (0,0) size 980x735
layer at (0,0) size 980x1272
  RenderBlock {HTML} at (0,0) size 980x1272
    RenderBody {BODY} at (8,8) size 964x1256 [bgcolor=#CCCCCC]
      RenderBlock {P} at (0,0) size 964x19
        RenderText {#text} at (0,0) size 451x19
          text run at (0,0) width 451: "The style declarations which apply to the text below are:"
      RenderBlock {PRE} at (0,35) size 964x165
        RenderText {#text} at (0,0) size 216x165
          text run at (0,0) width 182: ".one {letter-spacing: 0.3in;}"
          text run at (182,0) width 0: " "
          text run at (0,15) width 190: ".two {letter-spacing: 0.5cm;}"
          text run at (190,15) width 0: " "
          text run at (0,30) width 194: ".three {letter-spacing: 5mm;}"
          text run at (194,30) width 0: " "
          text run at (0,45) width 173: ".four {letter-spacing: 3pt;}"
          text run at (173,45) width 0: " "
          text run at (0,60) width 194: ".five {letter-spacing: 0.25pc;}"
          text run at (194,60) width 0: " "
          text run at (0,75) width 174: ".six {letter-spacing: 1em;}"
          text run at (174,75) width 0: " "
          text run at (0,90) width 189: ".seven {letter-spacing: 1ex;}"
          text run at (189,90) width 0: " "
          text run at (0,105) width 183: ".eight {letter-spacing: 5px;}"
          text run at (183,105) width 0: " "
          text run at (0,120) width 200: ".nine {letter-spacing: normal;}"
          text run at (200,120) width 0: " "
          text run at (0,135) width 183: ".ten {letter-spacing: 300%;}"
          text run at (183,135) width 0: " "
          text run at (0,150) width 216: ".eleven {letter-spacing: -0.1em;}"
          text run at (216,150) width 0: " "
      RenderBlock {HR} at (0,213) size 964x2 [border: (1px inset #000000)]
      RenderBlock {P} at (0,231) size 964x57
        RenderText {#text} at (0,0) size 949x57
          text run at (0,0) width 700: "This letters in this"
          text run at (0,19) width 949: "sentence should have extra"
          text run at (0,38) width 705: "space between them."
      RenderBlock {P} at (0,304) size 964x38
        RenderText {#text} at (0,0) size 923x38
          text run at (0,0) width 923: "This letters in this sentence should"
          text run at (0,19) width 804: "have extra space between them."
      RenderBlock {P} at (0,358) size 964x38
        RenderText {#text} at (0,0) size 923x38
          text run at (0,0) width 923: "This letters in this sentence should"
          text run at (0,19) width 804: "have extra space between them."
      RenderBlock {P} at (0,412) size 964x19
        RenderText {#text} at (0,0) size 812x19
          text run at (0,0) width 812: "This letters in this sentence should have extra space between them."
      RenderBlock {P} at (0,447) size 964x19
        RenderText {#text} at (0,0) size 812x19
          text run at (0,0) width 812: "This letters in this sentence should have extra space between them."
      RenderBlock {P} at (0,482) size 964x38
        RenderText {#text} at (0,0) size 851x38
          text run at (0,0) width 851: "This letters in this sentence should"
          text run at (0,19) width 744: "have extra space between them."
      RenderBlock {P} at (0,536) size 964x38
        RenderText {#text} at (0,0) size 895x38
          text run at (0,0) width 895: "This letters in this sentence should have extra space"
          text run at (0,19) width 238: "between them."
      RenderBlock {P} at (0,590) size 964x38
        RenderText {#text} at (0,0) size 930x38
          text run at (0,0) width 930: "This letters in this sentence should have extra space between them, but"
          text run at (0,19) width 454: "the last few words in the sentence "
        RenderInline {SPAN} at (0,0) size 226x19
          RenderText {#text} at (454,19) size 226x19
            text run at (454,19) width 226: "should show normal spacing"
        RenderText {#text} at (680,19) size 10x19
          text run at (680,19) width 10: "."
      RenderBlock {P} at (0,644) size 964x38
        RenderText {#text} at (0,0) size 945x38
          text run at (0,0) width 945: "This letters in this sentence should have normal space between them, since percentage values are not allowed on this"
          text run at (0,19) width 74: "property."
      RenderBlock {P} at (0,698) size 964x19
        RenderText {#text} at (0,0) size 858x19
          text run at (0,0) width 858: "This letters in this sentence should have reduced space between them, since negative values are allowed on this property."
      RenderTable {TABLE} at (0,733) size 964x523 [border: (1px outset #808080)]
        RenderTableSection {TBODY} at (1,1) size 962x521
          RenderTableRow {TR} at (0,0) size 962x27
            RenderTableCell {TD} at (0,0) size 962x27 [bgcolor=#C0C0C0] [border: (1px inset #808080)] [r=0 c=0 rs=1 cs=2]
              RenderInline {STRONG} at (0,0) size 202x19
                RenderText {#text} at (4,4) size 202x19
                  text run at (4,4) width 202: "TABLE Testing Section"
          RenderTableRow {TR} at (0,27) size 962x494
            RenderTableCell {TD} at (0,260) size 13x27 [bgcolor=#C0C0C0] [border: (1px inset #808080)] [r=1 c=0 rs=1 cs=1]
              RenderText {#text} at (4,4) size 5x19
                text run at (4,4) width 5: " "
            RenderTableCell {TD} at (13,27) size 949x494 [border: (1px inset #808080)] [r=1 c=1 rs=1 cs=1]
              RenderBlock {P} at (4,4) size 941x57
                RenderText {#text} at (0,0) size 920x57
                  text run at (0,0) width 700: "This letters in this"
                  text run at (0,19) width 734: "sentence should have"
                  text run at (0,38) width 920: "extra space between them."
              RenderBlock {P} at (4,77) size 941x38
                RenderText {#text} at (0,0) size 923x38
                  text run at (0,0) width 923: "This letters in this sentence should"
                  text run at (0,19) width 804: "have extra space between them."
              RenderBlock {P} at (4,131) size 941x38
                RenderText {#text} at (0,0) size 923x38
                  text run at (0,0) width 923: "This letters in this sentence should"
                  text run at (0,19) width 804: "have extra space between them."
              RenderBlock {P} at (4,185) size 941x19
                RenderText {#text} at (0,0) size 812x19
                  text run at (0,0) width 812: "This letters in this sentence should have extra space between them."
              RenderBlock {P} at (4,220) size 941x19
                RenderText {#text} at (0,0) size 812x19
                  text run at (0,0) width 812: "This letters in this sentence should have extra space between them."
              RenderBlock {P} at (4,255) size 941x38
                RenderText {#text} at (0,0) size 851x38
                  text run at (0,0) width 851: "This letters in this sentence should"
                  text run at (0,19) width 744: "have extra space between them."
              RenderBlock {P} at (4,309) size 941x38
                RenderText {#text} at (0,0) size 895x38
                  text run at (0,0) width 895: "This letters in this sentence should have extra space"
                  text run at (0,19) width 238: "between them."
              RenderBlock {P} at (4,363) size 941x38
                RenderText {#text} at (0,0) size 930x38
                  text run at (0,0) width 930: "This letters in this sentence should have extra space between them, but"
                  text run at (0,19) width 454: "the last few words in the sentence "
                RenderInline {SPAN} at (0,0) size 226x19
                  RenderText {#text} at (454,19) size 226x19
                    text run at (454,19) width 226: "should show normal spacing"
                RenderText {#text} at (680,19) size 10x19
                  text run at (680,19) width 10: "."
              RenderBlock {P} at (4,417) size 941x38
                RenderText {#text} at (0,0) size 912x38
                  text run at (0,0) width 912: "This letters in this sentence should have normal space between them, since percentage values are not allowed on"
                  text run at (0,19) width 107: "this property."
              RenderBlock {P} at (4,471) size 941x19
                RenderText {#text} at (0,0) size 858x19
                  text run at (0,0) width 858: "This letters in this sentence should have reduced space between them, since negative values are allowed on this property."
