layer at (0,0) size 980x1282
  RenderView at (0,0) size 980x735
layer at (0,0) size 980x1282
  RenderBlock {HTML} at (0,0) size 980x1282
    RenderBody {BODY} at (8,8) size 964x1266 [bgcolor=#CCCCCC]
      RenderBlock {P} at (0,0) size 964x19
        RenderText {#text} at (0,0) size 451x19
          text run at (0,0) width 451: "The style declarations which apply to the text below are:"
      RenderBlock {PRE} at (0,35) size 964x165
        RenderText {#text} at (0,0) size 328x165
          text run at (0,0) width 288: ".one {text-indent: 0.5in; background: aqua;}"
          text run at (288,0) width 0: " "
          text run at (0,15) width 284: ".two {text-indent: 2cm; background: aqua;}"
          text run at (284,15) width 0: " "
          text run at (0,30) width 308: ".three {text-indent: 20mm; background: aqua;}"
          text run at (308,30) width 0: " "
          text run at (0,45) width 287: ".four {text-indent: 24pt; background: aqua;}"
          text run at (287,45) width 0: " "
          text run at (0,60) width 280: ".five {text-indent: 2pc; background: aqua;}"
          text run at (280,60) width 0: " "
          text run at (0,75) width 280: ".six {text-indent: 2em; background: aqua;}"
          text run at (280,75) width 0: " "
          text run at (0,90) width 295: ".seven {text-indent: 2ex; background: aqua;}"
          text run at (295,90) width 0: " "
          text run at (0,105) width 293: ".eight {text-indent: 50%; background: aqua;}"
          text run at (293,105) width 0: " "
          text run at (0,120) width 292: ".nine {text-indent: 25px; background: aqua;}"
          text run at (292,120) width 0: " "
          text run at (0,135) width 328: "blockquote {text-indent: 50%; background: aqua;}"
          text run at (328,135) width 0: " "
          text run at (0,150) width 0: " "
      RenderBlock {HR} at (0,213) size 964x2 [border: (1px inset #000000)]
      RenderBlock {P} at (0,231) size 964x19 [bgcolor=#00FFFF]
        RenderText {#text} at (48,0) size 491x19
          text run at (48,0) width 491: "The first line of this sentence should be indented half an inch."
      RenderBlock {P} at (0,266) size 964x19 [bgcolor=#00FFFF]
        RenderText {#text} at (75,0) size 528x19
          text run at (75,0) width 528: "The first line of this sentence should be indented two centimeters."
      RenderBlock {P} at (0,301) size 964x19 [bgcolor=#00FFFF]
        RenderText {#text} at (75,0) size 546x19
          text run at (75,0) width 546: "The first line of this sentence should be indented twenty millimeters."
      RenderBlock {P} at (0,336) size 964x19 [bgcolor=#00FFFF]
        RenderText {#text} at (32,0) size 544x19
          text run at (32,0) width 544: "The first line of this sentence should be indented twenty-four points."
      RenderBlock {P} at (0,371) size 964x19 [bgcolor=#00FFFF]
        RenderText {#text} at (32,0) size 473x19
          text run at (32,0) width 473: "The first line of this sentence should be indented two picas."
      RenderBlock {P} at (0,406) size 964x19 [bgcolor=#00FFFF]
        RenderText {#text} at (32,0) size 458x19
          text run at (32,0) width 458: "The first line of this sentence should be indented two em."
      RenderBlock {P} at (0,441) size 964x19 [bgcolor=#00FFFF]
        RenderText {#text} at (18,0) size 451x19
          text run at (18,0) width 451: "The first line of this sentence should be indented two ex."
      RenderBlock {P} at (0,476) size 964x38 [bgcolor=#00FFFF]
        RenderText {#text} at (482,0) size 937x38
          text run at (482,0) width 455: "The first line of this sentence should be indented halfway"
          text run at (0,19) width 718: "across the page, but the rest of it should be flush with the normal left margin of the page."
      RenderBlock {P} at (0,530) size 964x38 [bgcolor=#00FFFF]
        RenderText {#text} at (25,0) size 914x38
          text run at (25,0) width 889: "The first line of this sentence should be indented 25 pixels, but the rest of it should be flush with the normal left"
          text run at (0,19) width 159: "margin of the page."
      RenderBlock {P} at (0,584) size 964x57 [bgcolor=#00FFFF]
        RenderText {#text} at (48,0) size 528x19
          text run at (48,0) width 528: "Only the first line of this sentence should be indented half an inch,"
        RenderBR {BR} at (576,15) size 0x0
        RenderText {#text} at (0,19) size 340x19
          text run at (0,19) width 340: "no matter where the lines might start, and"
        RenderBR {BR} at (340,34) size 0x0
        RenderInline {EM} at (0,0) size 254x19
          RenderText {#text} at (0,38) size 254x19
            text run at (0,38) width 254: "regardless of any other markup"
        RenderText {#text} at (254,38) size 187x19
          text run at (254,38) width 187: " which may be present."
      RenderBlock {BLOCKQUOTE} at (40,657) size 884x57 [bgcolor=#00FFFF]
        RenderText {#text} at (482,0) size 786x57
          text run at (482,0) width 287: "In the first half of the test page, this"
          text run at (0,19) width 786: "BLOCKQUOTE element should have a text indent equal to 50% of the BODY element's width, since"
          text run at (0,38) width 587: "BLOCKQUOTE is a child of BODY; in the second half, it is a child of TABLE."
      RenderTable {TABLE} at (0,730) size 964x536 [border: (1px outset #808080)]
        RenderTableSection {TBODY} at (1,1) size 962x534
          RenderTableRow {TR} at (0,0) size 962x27
            RenderTableCell {TD} at (0,0) size 962x27 [bgcolor=#C0C0C0] [border: (1px inset #808080)] [r=0 c=0 rs=1 cs=2]
              RenderInline {STRONG} at (0,0) size 202x19
                RenderText {#text} at (4,4) size 202x19
                  text run at (4,4) width 202: "TABLE Testing Section"
          RenderTableRow {TR} at (0,27) size 962x507
            RenderTableCell {TD} at (0,267) size 13x27 [bgcolor=#C0C0C0] [border: (1px inset #808080)] [r=1 c=0 rs=1 cs=1]
              RenderText {#text} at (4,4) size 5x19
                text run at (4,4) width 5: " "
            RenderTableCell {TD} at (13,27) size 949x507 [border: (1px inset #808080)] [r=1 c=1 rs=1 cs=1]
              RenderBlock {P} at (4,4) size 941x19 [bgcolor=#00FFFF]
                RenderText {#text} at (48,0) size 491x19
                  text run at (48,0) width 491: "The first line of this sentence should be indented half an inch."
              RenderBlock {P} at (4,39) size 941x19 [bgcolor=#00FFFF]
                RenderText {#text} at (75,0) size 528x19
                  text run at (75,0) width 528: "The first line of this sentence should be indented two centimeters."
              RenderBlock {P} at (4,74) size 941x19 [bgcolor=#00FFFF]
                RenderText {#text} at (75,0) size 546x19
                  text run at (75,0) width 546: "The first line of this sentence should be indented twenty millimeters."
              RenderBlock {P} at (4,109) size 941x19 [bgcolor=#00FFFF]
                RenderText {#text} at (32,0) size 544x19
                  text run at (32,0) width 544: "The first line of this sentence should be indented twenty-four points."
              RenderBlock {P} at (4,144) size 941x19 [bgcolor=#00FFFF]
                RenderText {#text} at (32,0) size 473x19
                  text run at (32,0) width 473: "The first line of this sentence should be indented two picas."
              RenderBlock {P} at (4,179) size 941x19 [bgcolor=#00FFFF]
                RenderText {#text} at (32,0) size 458x19
                  text run at (32,0) width 458: "The first line of this sentence should be indented two em."
              RenderBlock {P} at (4,214) size 941x19 [bgcolor=#00FFFF]
                RenderText {#text} at (18,0) size 451x19
                  text run at (18,0) width 451: "The first line of this sentence should be indented two ex."
              RenderBlock {P} at (4,249) size 941x38 [bgcolor=#00FFFF]
                RenderText {#text} at (470,0) size 925x38
                  text run at (470,0) width 455: "The first line of this sentence should be indented halfway"
                  text run at (0,19) width 718: "across the page, but the rest of it should be flush with the normal left margin of the page."
              RenderBlock {P} at (4,303) size 941x38 [bgcolor=#00FFFF]
                RenderText {#text} at (25,0) size 914x38
                  text run at (25,0) width 889: "The first line of this sentence should be indented 25 pixels, but the rest of it should be flush with the normal left"
                  text run at (0,19) width 159: "margin of the page."
              RenderBlock {P} at (4,357) size 941x57 [bgcolor=#00FFFF]
                RenderText {#text} at (48,0) size 528x19
                  text run at (48,0) width 528: "Only the first line of this sentence should be indented half an inch,"
                RenderBR {BR} at (576,15) size 0x0
                RenderText {#text} at (0,19) size 340x19
                  text run at (0,19) width 340: "no matter where the lines might start, and"
                RenderBR {BR} at (340,34) size 0x0
                RenderInline {EM} at (0,0) size 254x19
                  RenderText {#text} at (0,38) size 254x19
                    text run at (0,38) width 254: "regardless of any other markup"
                RenderText {#text} at (254,38) size 187x19
                  text run at (254,38) width 187: " which may be present."
              RenderBlock {BLOCKQUOTE} at (44,430) size 861x57 [bgcolor=#00FFFF]
                RenderText {#text} at (470,0) size 786x57
                  text run at (470,0) width 287: "In the first half of the test page, this"
                  text run at (0,19) width 786: "BLOCKQUOTE element should have a text indent equal to 50% of the BODY element's width, since"
                  text run at (0,38) width 587: "BLOCKQUOTE is a child of BODY; in the second half, it is a child of TABLE."
