layer at (0,0) size 980x735
  RenderView at (0,0) size 980x735
layer at (0,0) size 980x735
  RenderBlock {HTML} at (0,0) size 980x735
    RenderBody {BODY} at (8,8) size 964x719 [bgcolor=#CCCCCC]
      RenderBlock {P} at (0,0) size 964x19
        RenderText {#text} at (0,0) size 451x19
          text run at (0,0) width 451: "The style declarations which apply to the text below are:"
      RenderBlock {PRE} at (0,35) size 964x75
        RenderText {#text} at (0,0) size 174x75
          text run at (0,0) width 145: ".one {text-align: left;}"
          text run at (145,0) width 0: " "
          text run at (0,15) width 153: ".two {text-align: right;}"
          text run at (153,15) width 0: " "
          text run at (0,30) width 174: ".three {text-align: center;}"
          text run at (174,30) width 0: " "
          text run at (0,45) width 166: ".four {text-align: justify;}"
          text run at (166,45) width 0: " "
          text run at (0,60) width 0: " "
      RenderBlock {HR} at (0,123) size 964x2 [border: (1px inset #000000)]
      RenderBlock {P} at (0,141) size 964x19
        RenderText {#text} at (0,0) size 296x19
          text run at (0,0) width 296: "This sentence should be left-justified."
      RenderBlock {P} at (0,176) size 964x19
        RenderText {#text} at (657,0) size 307x19
          text run at (657,0) width 307: "This sentence should be right-justified."
      RenderBlock {P} at (0,211) size 964x19
        RenderText {#text} at (345,0) size 274x19
          text run at (345,0) width 274: "This sentence should be centered."
      RenderBlock {P} at (0,246) size 964x57
        RenderText {#text} at (0,0) size 964x57
          text run at (0,0) width 964: "This sentence should be fully justified, which means that the right and left margins of this paragraph should line up, no"
          text run at (0,19) width 964: "matter how long the paragraph becomes; the exception, of course, is the last line, which should be left-justified in"
          text run at (0,38) width 159: "Western languages."
      RenderTable {TABLE} at (0,319) size 964x199 [border: (1px outset #808080)]
        RenderTableSection {TBODY} at (1,1) size 962x197
          RenderTableRow {TR} at (0,0) size 962x27
            RenderTableCell {TD} at (0,0) size 962x27 [bgcolor=#C0C0C0] [border: (1px inset #808080)] [r=0 c=0 rs=1 cs=2]
              RenderInline {STRONG} at (0,0) size 202x19
                RenderText {#text} at (4,4) size 202x19
                  text run at (4,4) width 202: "TABLE Testing Section"
          RenderTableRow {TR} at (0,27) size 962x170
            RenderTableCell {TD} at (0,98) size 13x27 [bgcolor=#C0C0C0] [border: (1px inset #808080)] [r=1 c=0 rs=1 cs=1]
              RenderText {#text} at (4,4) size 5x19
                text run at (4,4) width 5: " "
            RenderTableCell {TD} at (13,27) size 949x170 [border: (1px inset #808080)] [r=1 c=1 rs=1 cs=1]
              RenderBlock {P} at (4,4) size 941x19
                RenderText {#text} at (0,0) size 296x19
                  text run at (0,0) width 296: "This sentence should be left-justified."
              RenderBlock {P} at (4,39) size 941x19
                RenderText {#text} at (634,0) size 307x19
                  text run at (634,0) width 307: "This sentence should be right-justified."
              RenderBlock {P} at (4,74) size 941x19
                RenderText {#text} at (333,0) size 275x19
                  text run at (333,0) width 275: "This sentence should be centered."
              RenderBlock {P} at (4,109) size 941x57
                RenderText {#text} at (0,0) size 941x57
                  text run at (0,0) width 941: "This sentence should be fully justified, which means that the right and left margins of this paragraph should line up,"
                  text run at (0,19) width 941: "no matter how long the paragraph becomes; the exception, of course, is the last line, which should be left-justified in"
                  text run at (0,38) width 159: "Western languages."
