layer at (0,0) size 980x735
  RenderView at (0,0) size 980x735
layer at (554,0) size 426x735
  RenderBlock {HTML} at (0,0) size 426x735
    RenderBody {BODY} at (8,8) size 410x719
      RenderBlock {DIV} at (0,0) size 223x719 [border: (10px dotted #0000FF)]
        RenderTable {TABLE} at (10,10) size 203x322 [border: (5px solid #FF0000)]
          RenderTableSection {TBODY} at (5,5) size 173x312
            RenderTableRow {TR} at (0,0) size 41x312
              RenderTableCell {TD} at (0,0) size 41x312 [border: (5px solid #008000)] [r=0 c=0 rs=1 cs=1]
                RenderText {#text} at (6,6) size 19x40
                  text run at (6,6) width 40: "Hello"
            RenderTableRow {TR} at (0,41) size 61x312
              RenderTableCell {TD} at (41,0) size 61x312 [border: (15px solid #0000FF)] [r=1 c=0 rs=1 cs=1]
                RenderText {#text} at (16,16) size 19x71
                  text run at (16,16) width 71: "Goodbye"
            RenderTableRow {TR} at (0,102) size 71x312
              RenderTableCell {TD} at (102,0) size 71x312 [border: (25px solid #FF0000)] [r=2 c=0 rs=1 cs=1]
                RenderText {#text} at (26,26) size 19x71
                  text run at (26,26) width 71: "Goodbye"
      RenderBlock {DIV} at (383,0) size 27x719 [border: (1px solid #008000)]
        RenderTable {TABLE} at (1,1) size 25x40 [border: (1px none #808080)]
          RenderTableSection {TBODY} at (1,1) size 23x38
            RenderTableRow {TR} at (0,0) size 23x38
              RenderTableCell {TD} at (0,0) size 23x38 [border: (1px solid #000000)] [r=0 c=0 rs=1 cs=1]
                RenderText {#text} at (2,2) size 19x34
                  text run at (2,2) width 34: "Test"
