layer at (0,0) size 980x735
  RenderView at (0,0) size 980x735
layer at (0,0) size 980x735
  RenderBlock {HTML} at (0,0) size 980x735
    RenderBody {BODY} at (8,8) size 964x711
      RenderBlock {P} at (0,0) size 964x277
        RenderTable {TABLE} at (0,0) size 170x277 [border: (2px solid #FFFF00)]
          RenderTableCol {COLGROUP} at (0,0) size 0x0
            RenderTableCol {COL} at (0,0) size 0x0 [border: (3px solid #000000)]
            RenderTableCol {COL} at (0,0) size 0x0
            RenderTableCol {COL} at (0,0) size 0x0
          RenderTableSection {TBODY} at (2,2) size 165x272
            RenderTableRow {TR} at (0,0) size 165x56
              RenderTableCell {TD} at (0,1) size 56x54 [border: (3px solid #FF0000)] [r=0 c=0 rs=1 cs=1]
                RenderText {#text} at (19,19) size 10x19
                  text run at (19,19) width 10: "1"
              RenderTableCell {TD} at (56,0) size 54x56 [border: (3px solid #FF0000)] [r=0 c=1 rs=1 cs=1]
                RenderText {#text} at (18,19) size 10x19
                  text run at (18,19) width 10: "2"
              RenderTableCell {TD} at (110,0) size 55x56 [border: (3px solid #FF0000)] [r=0 c=2 rs=1 cs=1]
                RenderText {#text} at (17,19) size 10x19
                  text run at (17,19) width 10: "3"
            RenderTableRow {TR} at (0,56) size 165x56
              RenderTableCell {TD} at (0,58) size 56x52 [border: (1px solid #FF0000)] [r=1 c=0 rs=1 cs=1]
                RenderText {#text} at (19,17) size 10x19
                  text run at (19,17) width 10: "4"
              RenderTableCell {TD} at (56,56) size 54x56 [border: (3px dashed #0000FF)] [r=1 c=1 rs=1 cs=1]
                RenderText {#text} at (19,19) size 10x19
                  text run at (19,19) width 10: "5"
              RenderTableCell {TD} at (110,56) size 55x56 [border: (3px solid #008000)] [r=1 c=2 rs=1 cs=1]
                RenderText {#text} at (19,19) size 10x19
                  text run at (19,19) width 10: "6"
            RenderTableRow {TR} at (0,112) size 165x54
              RenderTableCell {TD} at (0,113) size 56x52 [border: (1px solid #FF0000)] [r=2 c=0 rs=1 cs=1]
                RenderText {#text} at (19,17) size 10x19
                  text run at (19,17) width 10: "7"
              RenderTableCell {TD} at (56,112) size 54x54 [border: (3px solid #FF0000)] [r=2 c=1 rs=1 cs=1]
                RenderText {#text} at (18,19) size 10x19
                  text run at (18,19) width 10: "8"
              RenderTableCell {TD} at (110,112) size 55x54 [border: (3px solid #FF0000)] [r=2 c=2 rs=1 cs=1]
                RenderText {#text} at (17,19) size 10x19
                  text run at (17,19) width 10: "9"
            RenderTableRow {TR} at (0,166) size 165x52
              RenderTableCell {TD} at (0,166) size 56x52 [border: (1px solid #FF0000)] [r=3 c=0 rs=1 cs=1]
                RenderText {#text} at (19,17) size 20x19
                  text run at (19,17) width 20: "10"
              RenderTableCell {TD} at (56,166) size 54x52 [border: (1px solid #FF0000)] [r=3 c=1 rs=1 cs=1]
                RenderText {#text} at (18,17) size 20x19
                  text run at (18,17) width 20: "11"
              RenderTableCell {TD} at (110,166) size 55x52 [border: (1px solid #FF0000)] [r=3 c=2 rs=1 cs=1]
                RenderText {#text} at (17,17) size 20x19
                  text run at (17,17) width 20: "12"
            RenderTableRow {TR} at (0,218) size 165x54
              RenderTableCell {TD} at (0,218) size 56x54 [border: (1px solid #FF0000)] [r=4 c=0 rs=1 cs=1]
                RenderText {#text} at (19,17) size 20x19
                  text run at (19,17) width 20: "13"
              RenderTableCell {TD} at (56,218) size 54x54 [border: (1px solid #FF0000)] [r=4 c=1 rs=1 cs=1]
                RenderText {#text} at (18,17) size 20x19
                  text run at (18,17) width 20: "14"
              RenderTableCell {TD} at (110,218) size 55x54 [border: (1px solid #FF0000)] [r=4 c=2 rs=1 cs=1]
                RenderText {#text} at (17,17) size 20x19
                  text run at (17,17) width 20: "15"
