layer at (0,0) size 980x735
  RenderView at (0,0) size 980x735
layer at (0,0) size 980x735
  RenderBlock {HTML} at (0,0) size 980x735
    RenderBody {BODY} at (8,8) size 964x719
      RenderBlock {P} at (0,0) size 964x19
        RenderText {#text} at (0,0) size 67x19
          text run at (0,0) width 67: "Test for "
        RenderInline {I} at (0,0) size 820x19
          RenderInline {A} at (0,0) size 426x19 [color=#0000EE]
            RenderText {#text} at (67,0) size 426x19
              text run at (67,0) width 426: "http://bugzilla.opendarwin.org/show_bug.cgi?id=8848"
          RenderText {#text} at (493,0) size 394x19
            text run at (493,0) width 5: " "
            text run at (498,0) width 389: "TFOOT borders are copied to THEAD and TBODY"
        RenderText {#text} at (887,0) size 5x19
          text run at (887,0) width 5: "."
      RenderBlock {HR} at (0,35) size 964x2 [border: (1px inset #000000)]
      RenderTable {TABLE} at (0,45) size 374x319
        RenderTableSection {TBODY} at (0,0) size 374x319
          RenderTableRow {TR} at (0,2) size 374x315
            RenderTableCell {TD} at (2,2) size 91x315 [r=0 c=0 rs=1 cs=1]
              RenderTable {TABLE} at (11,11) size 69x91 [border: none]
                RenderTableSection {THEAD} at (0,0) size 68x22
                  RenderTableRow {TR} at (0,0) size 68x22
                    RenderTableCell {TH} at (0,0) size 68x22 [border: (1px solid #D3D3D3)] [r=0 c=0 rs=1 cs=1]
                      RenderText {#text} at (2,2) size 65x19
                        text run at (2,2) width 65: "Header"
                RenderTableSection {TBODY} at (0,22) size 68x22
                  RenderTableRow {TR} at (0,0) size 68x22
                    RenderTableCell {TD} at (0,0) size 68x22 [border: (1px solid #D3D3D3)] [r=0 c=0 rs=1 cs=1]
                      RenderText {#text} at (2,2) size 55x19
                        text run at (2,2) width 55: "Body 1"
                RenderTableSection {TBODY} at (0,44) size 68x23
                  RenderTableRow {TR} at (0,0) size 68x23
                    RenderTableCell {TD} at (0,0) size 68x23 [border: (1px solid #D3D3D3)] [r=0 c=0 rs=1 cs=1]
                      RenderText {#text} at (2,2) size 55x19
                        text run at (2,2) width 55: "Body 2"
                RenderTableSection {TFOOT} at (0,67) size 68x23 [border: (2px solid #0000FF) none (2px solid #008000) none]
                  RenderTableRow {TR} at (0,0) size 68x23
                    RenderTableCell {TD} at (0,0) size 68x23 [border: (1px solid #D3D3D3)] [r=0 c=0 rs=1 cs=1]
                      RenderText {#text} at (2,2) size 52x19
                        text run at (2,2) width 52: "Footer"
              RenderTable {TABLE} at (11,112) size 69x91 [border: none]
                RenderTableSection {TBODY} at (0,22) size 68x22
                  RenderTableRow {TR} at (0,0) size 68x22
                    RenderTableCell {TD} at (0,0) size 68x22 [border: (1px solid #D3D3D3)] [r=0 c=0 rs=1 cs=1]
                      RenderText {#text} at (2,2) size 55x19
                        text run at (2,2) width 55: "Body 1"
                RenderTableSection {THEAD} at (0,0) size 68x22
                  RenderTableRow {TR} at (0,0) size 68x22
                    RenderTableCell {TH} at (0,0) size 68x22 [border: (1px solid #D3D3D3)] [r=0 c=0 rs=1 cs=1]
                      RenderText {#text} at (2,2) size 65x19
                        text run at (2,2) width 65: "Header"
                RenderTableSection {TBODY} at (0,44) size 68x23
                  RenderTableRow {TR} at (0,0) size 68x23
                    RenderTableCell {TD} at (0,0) size 68x23 [border: (1px solid #D3D3D3)] [r=0 c=0 rs=1 cs=1]
                      RenderText {#text} at (2,2) size 55x19
                        text run at (2,2) width 55: "Body 2"
                RenderTableSection {TFOOT} at (0,67) size 68x23 [border: (2px solid #0000FF) none (2px solid #008000) none]
                  RenderTableRow {TR} at (0,0) size 68x23
                    RenderTableCell {TD} at (0,0) size 68x23 [border: (1px solid #D3D3D3)] [r=0 c=0 rs=1 cs=1]
                      RenderText {#text} at (2,2) size 52x19
                        text run at (2,2) width 52: "Footer"
              RenderTable {TABLE} at (11,213) size 69x91 [border: none]
                RenderTableSection {TBODY} at (0,22) size 68x22
                  RenderTableRow {TR} at (0,0) size 68x22
                    RenderTableCell {TD} at (0,0) size 68x22 [border: (1px solid #D3D3D3)] [r=0 c=0 rs=1 cs=1]
                      RenderText {#text} at (2,2) size 55x19
                        text run at (2,2) width 55: "Body 1"
                RenderTableSection {THEAD} at (0,0) size 68x22
                  RenderTableRow {TR} at (0,0) size 68x22
                    RenderTableCell {TH} at (0,0) size 68x22 [border: (1px solid #D3D3D3)] [r=0 c=0 rs=1 cs=1]
                      RenderText {#text} at (2,2) size 65x19
                        text run at (2,2) width 65: "Header"
                RenderTableSection {TFOOT} at (0,67) size 68x23 [border: (2px solid #0000FF) none (2px solid #008000) none]
                  RenderTableRow {TR} at (0,0) size 68x23
                    RenderTableCell {TD} at (0,0) size 68x23 [border: (1px solid #D3D3D3)] [r=0 c=0 rs=1 cs=1]
                      RenderText {#text} at (2,2) size 52x19
                        text run at (2,2) width 52: "Footer"
                RenderTableSection {TBODY} at (0,44) size 68x23
                  RenderTableRow {TR} at (0,0) size 68x23
                    RenderTableCell {TD} at (0,0) size 68x23 [border: (1px solid #D3D3D3)] [r=0 c=0 rs=1 cs=1]
                      RenderText {#text} at (2,2) size 55x19
                        text run at (2,2) width 55: "Body 2"
            RenderTableCell {TD} at (95,2) size 91x315 [r=0 c=1 rs=1 cs=1]
              RenderTable {TABLE} at (11,11) size 69x91 [border: none]
                RenderTableSection {TBODY} at (0,22) size 68x22
                  RenderTableRow {TR} at (0,0) size 68x22
                    RenderTableCell {TD} at (0,0) size 68x22 [border: (1px solid #D3D3D3)] [r=0 c=0 rs=1 cs=1]
                      RenderText {#text} at (2,2) size 55x19
                        text run at (2,2) width 55: "Body 1"
                RenderTableSection {TFOOT} at (0,67) size 68x23 [border: (2px solid #0000FF) none (2px solid #008000) none]
                  RenderTableRow {TR} at (0,0) size 68x23
                    RenderTableCell {TD} at (0,0) size 68x23 [border: (1px solid #D3D3D3)] [r=0 c=0 rs=1 cs=1]
                      RenderText {#text} at (2,2) size 52x19
                        text run at (2,2) width 52: "Footer"
                RenderTableSection {THEAD} at (0,0) size 68x22
                  RenderTableRow {TR} at (0,0) size 68x22
                    RenderTableCell {TH} at (0,0) size 68x22 [border: (1px solid #D3D3D3)] [r=0 c=0 rs=1 cs=1]
                      RenderText {#text} at (2,2) size 65x19
                        text run at (2,2) width 65: "Header"
                RenderTableSection {TBODY} at (0,44) size 68x23
                  RenderTableRow {TR} at (0,0) size 68x23
                    RenderTableCell {TD} at (0,0) size 68x23 [border: (1px solid #D3D3D3)] [r=0 c=0 rs=1 cs=1]
                      RenderText {#text} at (2,2) size 55x19
                        text run at (2,2) width 55: "Body 2"
              RenderTable {TABLE} at (11,112) size 69x91 [border: none]
                RenderTableSection {TFOOT} at (0,67) size 68x23 [border: (2px solid #0000FF) none (2px solid #008000) none]
                  RenderTableRow {TR} at (0,0) size 68x23
                    RenderTableCell {TD} at (0,0) size 68x23 [border: (1px solid #D3D3D3)] [r=0 c=0 rs=1 cs=1]
                      RenderText {#text} at (2,2) size 52x19
                        text run at (2,2) width 52: "Footer"
                RenderTableSection {TBODY} at (0,22) size 68x22
                  RenderTableRow {TR} at (0,0) size 68x22
                    RenderTableCell {TD} at (0,0) size 68x22 [border: (1px solid #D3D3D3)] [r=0 c=0 rs=1 cs=1]
                      RenderText {#text} at (2,2) size 55x19
                        text run at (2,2) width 55: "Body 1"
                RenderTableSection {THEAD} at (0,0) size 68x22
                  RenderTableRow {TR} at (0,0) size 68x22
                    RenderTableCell {TH} at (0,0) size 68x22 [border: (1px solid #D3D3D3)] [r=0 c=0 rs=1 cs=1]
                      RenderText {#text} at (2,2) size 65x19
                        text run at (2,2) width 65: "Header"
                RenderTableSection {TBODY} at (0,44) size 68x23
                  RenderTableRow {TR} at (0,0) size 68x23
                    RenderTableCell {TD} at (0,0) size 68x23 [border: (1px solid #D3D3D3)] [r=0 c=0 rs=1 cs=1]
                      RenderText {#text} at (2,2) size 55x19
                        text run at (2,2) width 55: "Body 2"
              RenderTable {TABLE} at (11,213) size 69x91 [border: none]
                RenderTableSection {TBODY} at (0,22) size 68x22
                  RenderTableRow {TR} at (0,0) size 68x22
                    RenderTableCell {TD} at (0,0) size 68x22 [border: (1px solid #D3D3D3)] [r=0 c=0 rs=1 cs=1]
                      RenderText {#text} at (2,2) size 55x19
                        text run at (2,2) width 55: "Body 1"
                RenderTableSection {TBODY} at (0,44) size 68x23
                  RenderTableRow {TR} at (0,0) size 68x23
                    RenderTableCell {TD} at (0,0) size 68x23 [border: (1px solid #D3D3D3)] [r=0 c=0 rs=1 cs=1]
                      RenderText {#text} at (2,2) size 55x19
                        text run at (2,2) width 55: "Body 2"
                RenderTableSection {TFOOT} at (0,67) size 68x23 [border: (2px solid #0000FF) none (2px solid #008000) none]
                  RenderTableRow {TR} at (0,0) size 68x23
                    RenderTableCell {TD} at (0,0) size 68x23 [border: (1px solid #D3D3D3)] [r=0 c=0 rs=1 cs=1]
                      RenderText {#text} at (2,2) size 52x19
                        text run at (2,2) width 52: "Footer"
                RenderTableSection {THEAD} at (0,0) size 68x22
                  RenderTableRow {TR} at (0,0) size 68x22
                    RenderTableCell {TH} at (0,0) size 68x22 [border: (1px solid #D3D3D3)] [r=0 c=0 rs=1 cs=1]
                      RenderText {#text} at (2,2) size 65x19
                        text run at (2,2) width 65: "Header"
            RenderTableCell {TD} at (188,2) size 91x315 [r=0 c=2 rs=1 cs=1]
              RenderTable {TABLE} at (11,11) size 69x91 [border: (1px none #808080)]
                RenderTableSection {THEAD} at (0,1) size 68x23 [border: (2px solid #0000FF) none (2px solid #008000) none]
                  RenderTableRow {TR} at (0,0) size 68x23
                    RenderTableCell {TH} at (0,0) size 68x23 [border: (1px solid #D3D3D3)] [r=0 c=0 rs=1 cs=1]
                      RenderText {#text} at (2,2) size 65x19
                        text run at (2,2) width 65: "Header"
                RenderTableSection {TBODY} at (0,24) size 68x22
                  RenderTableRow {TR} at (0,0) size 68x22
                    RenderTableCell {TD} at (0,0) size 68x22 [border: (1px solid #D3D3D3)] [r=0 c=0 rs=1 cs=1]
                      RenderText {#text} at (2,2) size 55x19
                        text run at (2,2) width 55: "Body 1"
                RenderTableSection {TBODY} at (0,46) size 68x22
                  RenderTableRow {TR} at (0,0) size 68x22
                    RenderTableCell {TD} at (0,0) size 68x22 [border: (1px solid #D3D3D3)] [r=0 c=0 rs=1 cs=1]
                      RenderText {#text} at (2,2) size 55x19
                        text run at (2,2) width 55: "Body 2"
                RenderTableSection {TFOOT} at (0,68) size 68x22
                  RenderTableRow {TR} at (0,0) size 68x22
                    RenderTableCell {TD} at (0,0) size 68x22 [border: (1px solid #D3D3D3)] [r=0 c=0 rs=1 cs=1]
                      RenderText {#text} at (2,2) size 52x19
                        text run at (2,2) width 52: "Footer"
              RenderTable {TABLE} at (11,112) size 69x91 [border: (1px none #808080)]
                RenderTableSection {TBODY} at (0,24) size 68x22
                  RenderTableRow {TR} at (0,0) size 68x22
                    RenderTableCell {TD} at (0,0) size 68x22 [border: (1px solid #D3D3D3)] [r=0 c=0 rs=1 cs=1]
                      RenderText {#text} at (2,2) size 55x19
                        text run at (2,2) width 55: "Body 1"
                RenderTableSection {THEAD} at (0,1) size 68x23 [border: (2px solid #0000FF) none (2px solid #008000) none]
                  RenderTableRow {TR} at (0,0) size 68x23
                    RenderTableCell {TH} at (0,0) size 68x23 [border: (1px solid #D3D3D3)] [r=0 c=0 rs=1 cs=1]
                      RenderText {#text} at (2,2) size 65x19
                        text run at (2,2) width 65: "Header"
                RenderTableSection {TBODY} at (0,46) size 68x22
                  RenderTableRow {TR} at (0,0) size 68x22
                    RenderTableCell {TD} at (0,0) size 68x22 [border: (1px solid #D3D3D3)] [r=0 c=0 rs=1 cs=1]
                      RenderText {#text} at (2,2) size 55x19
                        text run at (2,2) width 55: "Body 2"
                RenderTableSection {TFOOT} at (0,68) size 68x22
                  RenderTableRow {TR} at (0,0) size 68x22
                    RenderTableCell {TD} at (0,0) size 68x22 [border: (1px solid #D3D3D3)] [r=0 c=0 rs=1 cs=1]
                      RenderText {#text} at (2,2) size 52x19
                        text run at (2,2) width 52: "Footer"
              RenderTable {TABLE} at (11,213) size 69x91 [border: (1px none #808080)]
                RenderTableSection {TBODY} at (0,24) size 68x22
                  RenderTableRow {TR} at (0,0) size 68x22
                    RenderTableCell {TD} at (0,0) size 68x22 [border: (1px solid #D3D3D3)] [r=0 c=0 rs=1 cs=1]
                      RenderText {#text} at (2,2) size 55x19
                        text run at (2,2) width 55: "Body 1"
                RenderTableSection {THEAD} at (0,1) size 68x23 [border: (2px solid #0000FF) none (2px solid #008000) none]
                  RenderTableRow {TR} at (0,0) size 68x23
                    RenderTableCell {TH} at (0,0) size 68x23 [border: (1px solid #D3D3D3)] [r=0 c=0 rs=1 cs=1]
                      RenderText {#text} at (2,2) size 65x19
                        text run at (2,2) width 65: "Header"
                RenderTableSection {TFOOT} at (0,68) size 68x22
                  RenderTableRow {TR} at (0,0) size 68x22
                    RenderTableCell {TD} at (0,0) size 68x22 [border: (1px solid #D3D3D3)] [r=0 c=0 rs=1 cs=1]
                      RenderText {#text} at (2,2) size 52x19
                        text run at (2,2) width 52: "Footer"
                RenderTableSection {TBODY} at (0,46) size 68x22
                  RenderTableRow {TR} at (0,0) size 68x22
                    RenderTableCell {TD} at (0,0) size 68x22 [border: (1px solid #D3D3D3)] [r=0 c=0 rs=1 cs=1]
                      RenderText {#text} at (2,2) size 55x19
                        text run at (2,2) width 55: "Body 2"
            RenderTableCell {TD} at (281,2) size 91x315 [r=0 c=3 rs=1 cs=1]
              RenderTable {TABLE} at (11,11) size 69x91 [border: (1px none #808080)]
                RenderTableSection {TBODY} at (0,24) size 68x22
                  RenderTableRow {TR} at (0,0) size 68x22
                    RenderTableCell {TD} at (0,0) size 68x22 [border: (1px solid #D3D3D3)] [r=0 c=0 rs=1 cs=1]
                      RenderText {#text} at (2,2) size 55x19
                        text run at (2,2) width 55: "Body 1"
                RenderTableSection {TFOOT} at (0,68) size 68x22
                  RenderTableRow {TR} at (0,0) size 68x22
                    RenderTableCell {TD} at (0,0) size 68x22 [border: (1px solid #D3D3D3)] [r=0 c=0 rs=1 cs=1]
                      RenderText {#text} at (2,2) size 52x19
                        text run at (2,2) width 52: "Footer"
                RenderTableSection {THEAD} at (0,1) size 68x23 [border: (2px solid #0000FF) none (2px solid #008000) none]
                  RenderTableRow {TR} at (0,0) size 68x23
                    RenderTableCell {TH} at (0,0) size 68x23 [border: (1px solid #D3D3D3)] [r=0 c=0 rs=1 cs=1]
                      RenderText {#text} at (2,2) size 65x19
                        text run at (2,2) width 65: "Header"
                RenderTableSection {TBODY} at (0,46) size 68x22
                  RenderTableRow {TR} at (0,0) size 68x22
                    RenderTableCell {TD} at (0,0) size 68x22 [border: (1px solid #D3D3D3)] [r=0 c=0 rs=1 cs=1]
                      RenderText {#text} at (2,2) size 55x19
                        text run at (2,2) width 55: "Body 2"
              RenderTable {TABLE} at (11,112) size 69x91 [border: (1px none #808080)]
                RenderTableSection {TFOOT} at (0,68) size 68x22
                  RenderTableRow {TR} at (0,0) size 68x22
                    RenderTableCell {TD} at (0,0) size 68x22 [border: (1px solid #D3D3D3)] [r=0 c=0 rs=1 cs=1]
                      RenderText {#text} at (2,2) size 52x19
                        text run at (2,2) width 52: "Footer"
                RenderTableSection {TBODY} at (0,24) size 68x22
                  RenderTableRow {TR} at (0,0) size 68x22
                    RenderTableCell {TD} at (0,0) size 68x22 [border: (1px solid #D3D3D3)] [r=0 c=0 rs=1 cs=1]
                      RenderText {#text} at (2,2) size 55x19
                        text run at (2,2) width 55: "Body 1"
                RenderTableSection {THEAD} at (0,1) size 68x23 [border: (2px solid #0000FF) none (2px solid #008000) none]
                  RenderTableRow {TR} at (0,0) size 68x23
                    RenderTableCell {TH} at (0,0) size 68x23 [border: (1px solid #D3D3D3)] [r=0 c=0 rs=1 cs=1]
                      RenderText {#text} at (2,2) size 65x19
                        text run at (2,2) width 65: "Header"
                RenderTableSection {TBODY} at (0,46) size 68x22
                  RenderTableRow {TR} at (0,0) size 68x22
                    RenderTableCell {TD} at (0,0) size 68x22 [border: (1px solid #D3D3D3)] [r=0 c=0 rs=1 cs=1]
                      RenderText {#text} at (2,2) size 55x19
                        text run at (2,2) width 55: "Body 2"
              RenderTable {TABLE} at (11,213) size 69x91 [border: (1px none #808080)]
                RenderTableSection {TBODY} at (0,24) size 68x22
                  RenderTableRow {TR} at (0,0) size 68x22
                    RenderTableCell {TD} at (0,0) size 68x22 [border: (1px solid #D3D3D3)] [r=0 c=0 rs=1 cs=1]
                      RenderText {#text} at (2,2) size 55x19
                        text run at (2,2) width 55: "Body 1"
                RenderTableSection {TBODY} at (0,46) size 68x22
                  RenderTableRow {TR} at (0,0) size 68x22
                    RenderTableCell {TD} at (0,0) size 68x22 [border: (1px solid #D3D3D3)] [r=0 c=0 rs=1 cs=1]
                      RenderText {#text} at (2,2) size 55x19
                        text run at (2,2) width 55: "Body 2"
                RenderTableSection {TFOOT} at (0,68) size 68x22
                  RenderTableRow {TR} at (0,0) size 68x22
                    RenderTableCell {TD} at (0,0) size 68x22 [border: (1px solid #D3D3D3)] [r=0 c=0 rs=1 cs=1]
                      RenderText {#text} at (2,2) size 52x19
                        text run at (2,2) width 52: "Footer"
                RenderTableSection {THEAD} at (0,1) size 68x23 [border: (2px solid #0000FF) none (2px solid #008000) none]
                  RenderTableRow {TR} at (0,0) size 68x23
                    RenderTableCell {TH} at (0,0) size 68x23 [border: (1px solid #D3D3D3)] [r=0 c=0 rs=1 cs=1]
                      RenderText {#text} at (2,2) size 65x19
                        text run at (2,2) width 65: "Header"
