layer at (0,0) size 980x735
  RenderView at (0,0) size 980x735
layer at (0,0) size 980x735
  RenderBlock {HTML} at (0,0) size 980x735
    RenderBody {BODY} at (8,8) size 964x719
      RenderBlock {DIV} at (0,0) size 316x304 [border: (2px solid #800000)]
        RenderInline {SPAN} at (0,0) size 19x220 [border: (5px solid #000000) none (5px solid #000000) none]
          RenderImage {IMG} at (6,12) size 100x200 [bgcolor=#008000]
        RenderText {#text} at (2,222) size 19x5
          text run at (2,222) width 5: " "
        RenderBR {BR} at (6,227) size 0x0
        RenderInline {SPAN} at (0,0) size 19x220 [border: (5px solid #000000) none (5px solid #000000) none]
          RenderImage {IMG} at (110,12) size 100x200 [bgcolor=#008000]
        RenderText {#text} at (106,222) size 19x5
          text run at (106,222) width 5: " "
        RenderBR {BR} at (110,227) size 0x0
        RenderInline {SPAN} at (0,0) size 19x220 [border: (5px solid #000000) none (5px solid #000000) none]
          RenderImage {IMG} at (214,12) size 100x200 [bgcolor=#008000]
        RenderText {#text} at (0,0) size 0x0
