layer at (0,0) size 980x735
  RenderView at (0,0) size 980x735
layer at (0,0) size 980x735
  RenderBlock {HTML} at (0,0) size 980x735
    RenderBody {BODY} at (8,8) size 922x719
      RenderBlock {DIV} at (0,0) size 216x600
        RenderInline {SPAN} at (0,0) size 210x512 [bgcolor=#0000FF]
          RenderText {#text} at (0,0) size 0x0
          RenderInline {SPAN} at (0,0) size 210x512 [bgcolor=#FFFFE0] [border: (5px solid #008000)]
            RenderText {#text} at (8,35) size 200x512
              text run at (8,35) width 477: "This sentence is too"
              text run at (80,0) width 503: "long to fit on a single"
              text run at (152,0) width 101: "line."
        RenderText {#text} at (0,0) size 0x0
