layer at (0,0) size 1084x585
  RenderView at (0,0) size 800x585
layer at (-284,0) size 1084x585 backgroundClip at (0,0) size 1084x585 clip at (0,0) size 1084x585 outlineClip at (0,0) size 1084x585
  RenderBlock {HTML} at (0,0) size 1084x585
    RenderBody {BODY} at (20,8) size 1044x569
      RenderBlock {DIV} at (0,20) size 512x529
        RenderBlock {DIV} at (0,0) size 256x95
          RenderInline {SPAN} at (0,0) size 242x95 [bgcolor=#DDDDDD] [border: (20px solid #808080)]
            RenderText {#text} at (27,35) size 74x60
              text run at (27,35) width 60: "   "
            RenderBR {BR} at (86,95) size 0x0
            RenderText {#text} at (155,0) size 74x60
              text run at (155,0) width 60: "   "
          RenderText {#text} at (0,0) size 0x0
        RenderText {#text} at (199,95) size 19x5
          text run at (199,95) width 5: " "
        RenderBlock {DIV} at (0,100) size 256x95
          RenderInline {SPAN} at (0,0) size 242x95 [bgcolor=#DDDDDD] [border: (20px groove #808080)]
            RenderText {#text} at (27,35) size 74x60
              text run at (27,35) width 60: "   "
            RenderBR {BR} at (86,95) size 0x0
            RenderText {#text} at (155,0) size 74x60
              text run at (155,0) width 60: "   "
          RenderText {#text} at (0,0) size 0x0
        RenderText {#text} at (199,195) size 19x5
          text run at (199,195) width 5: " "
        RenderBlock {DIV} at (0,200) size 256x95
          RenderInline {SPAN} at (0,0) size 242x95 [bgcolor=#DDDDDD] [border: (20px ridge #808080)]
            RenderText {#text} at (27,35) size 74x60
              text run at (27,35) width 60: "   "
            RenderBR {BR} at (86,95) size 0x0
            RenderText {#text} at (155,0) size 74x60
              text run at (155,0) width 60: "   "
          RenderText {#text} at (0,0) size 0x0
        RenderText {#text} at (199,295) size 19x5
          text run at (199,295) width 5: " "
        RenderBlock {DIV} at (0,300) size 256x95
          RenderInline {SPAN} at (0,0) size 242x95 [bgcolor=#DDDDDD] [border: (20px outset #808080)]
            RenderText {#text} at (27,35) size 74x60
              text run at (27,35) width 60: "   "
            RenderBR {BR} at (86,95) size 0x0
            RenderText {#text} at (155,0) size 74x60
              text run at (155,0) width 60: "   "
          RenderText {#text} at (0,0) size 0x0
        RenderText {#text} at (199,395) size 19x5
          text run at (199,395) width 5: " "
        RenderBlock {DIV} at (0,400) size 256x95
          RenderInline {SPAN} at (0,0) size 242x95 [bgcolor=#DDDDDD] [border: (20px inset #808080)]
            RenderText {#text} at (27,35) size 74x60
              text run at (27,35) width 60: "   "
            RenderBR {BR} at (86,95) size 0x0
            RenderText {#text} at (155,0) size 74x60
              text run at (155,0) width 60: "   "
          RenderText {#text} at (0,0) size 0x0
        RenderText {#text} at (0,0) size 0x0
        RenderBlock {DIV} at (256,0) size 256x95
          RenderInline {SPAN} at (0,0) size 242x95 [bgcolor=#DDDDDD] [border: (20px double #808080)]
            RenderText {#text} at (27,35) size 74x60
              text run at (27,35) width 60: "   "
            RenderBR {BR} at (86,95) size 0x0
            RenderText {#text} at (155,0) size 74x60
              text run at (155,0) width 60: "   "
          RenderText {#text} at (0,0) size 0x0
        RenderText {#text} at (0,0) size 0x0
      RenderBlock {DIV} at (532,20) size 512x529
        RenderBlock {DIV} at (0,0) size 256x95
          RenderInline {SPAN} at (0,0) size 242x95 [bgcolor=#DDDDDD] [border: (20px solid #808080)]
            RenderText {#text} at (27,35) size 74x60
              text run at (27,35) width 60: "   "
            RenderBR {BR} at (86,95) size 0x0
            RenderText {#text} at (155,0) size 74x60
              text run at (155,0) width 60: "   "
          RenderText {#text} at (0,0) size 0x0
        RenderText {#text} at (199,95) size 19x5
          text run at (199,95) width 5: " "
        RenderBlock {DIV} at (0,100) size 256x95
          RenderInline {SPAN} at (0,0) size 242x95 [bgcolor=#DDDDDD] [border: (20px groove #808080)]
            RenderText {#text} at (27,35) size 74x60
              text run at (27,35) width 60: "   "
            RenderBR {BR} at (86,95) size 0x0
            RenderText {#text} at (155,0) size 74x60
              text run at (155,0) width 60: "   "
          RenderText {#text} at (0,0) size 0x0
        RenderText {#text} at (199,195) size 19x5
          text run at (199,195) width 5: " "
        RenderBlock {DIV} at (0,200) size 256x95
          RenderInline {SPAN} at (0,0) size 242x95 [bgcolor=#DDDDDD] [border: (20px ridge #808080)]
            RenderText {#text} at (27,35) size 74x60
              text run at (27,35) width 60: "   "
            RenderBR {BR} at (86,95) size 0x0
            RenderText {#text} at (155,0) size 74x60
              text run at (155,0) width 60: "   "
          RenderText {#text} at (0,0) size 0x0
        RenderText {#text} at (199,295) size 19x5
          text run at (199,295) width 5: " "
        RenderBlock {DIV} at (0,300) size 256x95
          RenderInline {SPAN} at (0,0) size 242x95 [bgcolor=#DDDDDD] [border: (20px outset #808080)]
            RenderText {#text} at (27,35) size 74x60
              text run at (27,35) width 60: "   "
            RenderBR {BR} at (86,95) size 0x0
            RenderText {#text} at (155,0) size 74x60
              text run at (155,0) width 60: "   "
          RenderText {#text} at (0,0) size 0x0
        RenderText {#text} at (199,395) size 19x5
          text run at (199,395) width 5: " "
        RenderBlock {DIV} at (0,400) size 256x95
          RenderInline {SPAN} at (0,0) size 242x95 [bgcolor=#DDDDDD] [border: (20px inset #808080)]
            RenderText {#text} at (27,35) size 74x60
              text run at (27,35) width 60: "   "
            RenderBR {BR} at (86,95) size 0x0
            RenderText {#text} at (155,0) size 74x60
              text run at (155,0) width 60: "   "
          RenderText {#text} at (0,0) size 0x0
        RenderText {#text} at (0,0) size 0x0
        RenderBlock {DIV} at (256,0) size 256x95
          RenderInline {SPAN} at (0,0) size 242x95 [bgcolor=#DDDDDD] [border: (20px double #808080)]
            RenderText {#text} at (27,35) size 74x60
              text run at (27,35) width 60: "   "
            RenderBR {BR} at (86,95) size 0x0
            RenderText {#text} at (155,0) size 74x60
              text run at (155,0) width 60: "   "
          RenderText {#text} at (0,0) size 0x0
        RenderText {#text} at (0,0) size 0x0
