layer at (0,0) size 980x735
  RenderView at (0,0) size 980x735
layer at (0,0) size 980x735
  RenderBlock {HTML} at (0,0) size 980x735
    RenderBody {BODY} at (20,8) size 940x719
      RenderBlock {DIV} at (0,20) size 256x679
        RenderBlock {DIV} at (0,0) size 256x95
          RenderInline {SPAN} at (0,0) size 242x95 [bgcolor=#DDDDDD] [border: (20px solid #808080)]
            RenderText {#text} at (27,35) size 74x60
              text run at (27,35) width 60: "   "
            RenderBR {BR} at (42,95) size 0x0
            RenderText {#text} at (155,0) size 74x60
              text run at (155,0) width 60: "   "
          RenderText {#text} at (0,0) size 0x0
        RenderText {#text} at (71,95) size 19x5
          text run at (71,95) width 5: " "
        RenderBlock {DIV} at (0,100) size 256x95
          RenderInline {SPAN} at (0,0) size 242x95 [bgcolor=#DDDDDD] [border: (20px groove #808080)]
            RenderText {#text} at (27,35) size 74x60
              text run at (27,35) width 60: "   "
            RenderBR {BR} at (42,95) size 0x0
            RenderText {#text} at (155,0) size 74x60
              text run at (155,0) width 60: "   "
          RenderText {#text} at (0,0) size 0x0
        RenderText {#text} at (71,195) size 19x5
          text run at (71,195) width 5: " "
        RenderBlock {DIV} at (0,200) size 256x95
          RenderInline {SPAN} at (0,0) size 242x95 [bgcolor=#DDDDDD] [border: (20px ridge #808080)]
            RenderText {#text} at (27,35) size 74x60
              text run at (27,35) width 60: "   "
            RenderBR {BR} at (42,95) size 0x0
            RenderText {#text} at (155,0) size 74x60
              text run at (155,0) width 60: "   "
          RenderText {#text} at (0,0) size 0x0
        RenderText {#text} at (71,295) size 19x5
          text run at (71,295) width 5: " "
        RenderBlock {DIV} at (0,300) size 256x95
          RenderInline {SPAN} at (0,0) size 242x95 [bgcolor=#DDDDDD] [border: (20px outset #808080)]
            RenderText {#text} at (27,35) size 74x60
              text run at (27,35) width 60: "   "
            RenderBR {BR} at (42,95) size 0x0
            RenderText {#text} at (155,0) size 74x60
              text run at (155,0) width 60: "   "
          RenderText {#text} at (0,0) size 0x0
        RenderText {#text} at (71,395) size 19x5
          text run at (71,395) width 5: " "
        RenderBlock {DIV} at (0,400) size 256x95
          RenderInline {SPAN} at (0,0) size 242x95 [bgcolor=#DDDDDD] [border: (20px inset #808080)]
            RenderText {#text} at (27,35) size 74x60
              text run at (27,35) width 60: "   "
            RenderBR {BR} at (42,95) size 0x0
            RenderText {#text} at (155,0) size 74x60
              text run at (155,0) width 60: "   "
          RenderText {#text} at (0,0) size 0x0
        RenderText {#text} at (71,495) size 19x5
          text run at (71,495) width 5: " "
        RenderBlock {DIV} at (0,500) size 256x95
          RenderInline {SPAN} at (0,0) size 242x95 [bgcolor=#DDDDDD] [border: (20px double #808080)]
            RenderText {#text} at (27,35) size 74x60
              text run at (27,35) width 60: "   "
            RenderBR {BR} at (42,95) size 0x0
            RenderText {#text} at (155,0) size 74x60
              text run at (155,0) width 60: "   "
          RenderText {#text} at (0,0) size 0x0
        RenderText {#text} at (0,0) size 0x0
      RenderBlock {DIV} at (276,20) size 256x679
        RenderBlock {DIV} at (0,0) size 256x95
          RenderInline {SPAN} at (0,0) size 242x95 [bgcolor=#DDDDDD] [border: (20px solid #808080)]
            RenderText {#text} at (27,35) size 74x60
              text run at (27,35) width 60: "   "
            RenderBR {BR} at (42,95) size 0x0
            RenderText {#text} at (155,0) size 74x60
              text run at (155,0) width 60: "   "
          RenderText {#text} at (0,0) size 0x0
        RenderText {#text} at (71,95) size 19x5
          text run at (71,95) width 5: " "
        RenderBlock {DIV} at (0,100) size 256x95
          RenderInline {SPAN} at (0,0) size 242x95 [bgcolor=#DDDDDD] [border: (20px groove #808080)]
            RenderText {#text} at (27,35) size 74x60
              text run at (27,35) width 60: "   "
            RenderBR {BR} at (42,95) size 0x0
            RenderText {#text} at (155,0) size 74x60
              text run at (155,0) width 60: "   "
          RenderText {#text} at (0,0) size 0x0
        RenderText {#text} at (71,195) size 19x5
          text run at (71,195) width 5: " "
        RenderBlock {DIV} at (0,200) size 256x95
          RenderInline {SPAN} at (0,0) size 242x95 [bgcolor=#DDDDDD] [border: (20px ridge #808080)]
            RenderText {#text} at (27,35) size 74x60
              text run at (27,35) width 60: "   "
            RenderBR {BR} at (42,95) size 0x0
            RenderText {#text} at (155,0) size 74x60
              text run at (155,0) width 60: "   "
          RenderText {#text} at (0,0) size 0x0
        RenderText {#text} at (71,295) size 19x5
          text run at (71,295) width 5: " "
        RenderBlock {DIV} at (0,300) size 256x95
          RenderInline {SPAN} at (0,0) size 242x95 [bgcolor=#DDDDDD] [border: (20px outset #808080)]
            RenderText {#text} at (27,35) size 74x60
              text run at (27,35) width 60: "   "
            RenderBR {BR} at (42,95) size 0x0
            RenderText {#text} at (155,0) size 74x60
              text run at (155,0) width 60: "   "
          RenderText {#text} at (0,0) size 0x0
        RenderText {#text} at (71,395) size 19x5
          text run at (71,395) width 5: " "
        RenderBlock {DIV} at (0,400) size 256x95
          RenderInline {SPAN} at (0,0) size 242x95 [bgcolor=#DDDDDD] [border: (20px inset #808080)]
            RenderText {#text} at (27,35) size 74x60
              text run at (27,35) width 60: "   "
            RenderBR {BR} at (42,95) size 0x0
            RenderText {#text} at (155,0) size 74x60
              text run at (155,0) width 60: "   "
          RenderText {#text} at (0,0) size 0x0
        RenderText {#text} at (71,495) size 19x5
          text run at (71,495) width 5: " "
        RenderBlock {DIV} at (0,500) size 256x95
          RenderInline {SPAN} at (0,0) size 242x95 [bgcolor=#DDDDDD] [border: (20px double #808080)]
            RenderText {#text} at (27,35) size 74x60
              text run at (27,35) width 60: "   "
            RenderBR {BR} at (42,95) size 0x0
            RenderText {#text} at (155,0) size 74x60
              text run at (155,0) width 60: "   "
          RenderText {#text} at (0,0) size 0x0
        RenderText {#text} at (0,0) size 0x0
