layer at (0,0) size 980x735
  RenderView at (0,0) size 980x735
layer at (0,0) size 980x735
  RenderBlock {HTML} at (0,0) size 980x735
    RenderBody {BODY} at (8,8) size 964x719
      RenderBlock {DIV} at (0,0) size 600x216
        RenderInline {SPAN} at (0,0) size 504x210 [bgcolor=#FFFFE0] [border: (5px solid #008000)]
          RenderText {#text} at (71,8) size 504x200
            text run at (71,8) width 478: "This sentence is too"
            text run at (48,80) width 504: "long to fit on a single"
            text run at (239,152) width 102: "line."
        RenderText {#text} at (0,0) size 0x0
      RenderBlock {DIV} at (0,266) size 600x216
        RenderInline {SPAN} at (0,0) size 504x210 [bgcolor=#FFFFE0] [border: (5px solid #008000)]
          RenderText {#text} at (71,8) size 504x200
            text run at (71,8) width 478: "This sentence is too"
            text run at (48,80) width 504: "long to fit on a single"
            text run at (239,152) width 102: "line."
        RenderText {#text} at (0,0) size 0x0
