layer at (0,0) size 980x735
  RenderView at (0,0) size 980x735
layer at (0,0) size 980x735
  RenderBlock {HTML} at (0,0) size 980x735
    RenderBody {BODY} at (8,8) size 964x719
      RenderBlock {DIV} at (0,0) size 189x500
        RenderInline {SPAN} at (0,0) size 21x491
          RenderText {#text} at (0,0) size 21x491
            text run at (0,0) width 491: "This text should be rotated 90 degrees and underlined."
        RenderText {#text} at (0,491) size 21x6
          text run at (0,491) width 6: " "
        RenderBR {BR} at (4,497) size 0x0
        RenderInline {SPAN} at (0,0) size 21x480
          RenderText {#text} at (21,0) size 21x480
            text run at (21,0) width 480: "This text should be rotated 90 degrees and overlined."
        RenderText {#text} at (21,480) size 21x6
          text run at (21,480) width 6: " "
        RenderBR {BR} at (25,486) size 0x0
        RenderInline {SPAN} at (0,0) size 42x445
          RenderText {#text} at (42,0) size 42x445
            text run at (42,0) width 445: "This text should be rotated 90 degrees and struck"
            text run at (63,0) width 75: "through."
        RenderText {#text} at (63,75) size 21x6
          text run at (63,75) width 6: " "
        RenderBR {BR} at (67,81) size 0x0
        RenderInline {SPAN} at (0,0) size 42x436
          RenderText {#text} at (84,0) size 42x436
            text run at (84,0) width 436: "This text should have a red shadow that is offset"
            text run at (105,0) width 110: "horizontally."
        RenderText {#text} at (105,110) size 21x6
          text run at (105,110) width 6: " "
        RenderBR {BR} at (109,116) size 0x0
        RenderBR {BR} at (126,0) size 21x0
        RenderInline {SPAN} at (0,0) size 42x491
          RenderText {#text} at (147,0) size 42x491
            text run at (147,0) width 491: "This text should have an overline plus horizontal green"
            text run at (168,0) width 68: "shadow"
