layer at (0,0) size 980x735
  RenderView at (0,0) size 980x735
layer at (0,0) size 980x735
  RenderBlock {HTML} at (0,0) size 980x735
    RenderBody {BODY} at (8,8) size 964x504 [border: (2px solid #000000)]
      RenderBlock {DIV} at (2,18) size 960x204 [border: (2px solid #800000)]
        RenderBlock (floating) {DIV} at (858,2) size 100x100 [bgcolor=#00FF00]
        RenderText {#text} at (2,2) size 667x19
          text run at (2,2) width 376: "Here is some text in a horizontal-bt block flow. "
          text run at (378,2) width 291: "The block direction is bottom-to-top."
        RenderBR {BR} at (669,6) size 0x0
        RenderText {#text} at (2,21) size 273x19
          text run at (2,21) width 273: "This line should also be horizontal."
