layer at (0,0) size 980x735
  RenderView at (0,0) size 980x735
layer at (0,0) size 980x735
  RenderBlock {HTML} at (0,0) size 980x735
    RenderBody {BODY} at (8,8) size 964x719
      RenderBlock {P} at (0,0) size 964x19
        RenderText {#text} at (0,0) size 261x19
          text run at (0,0) width 261: "This should be pointing upwards:"
      RenderBlock {DIV} at (0,35) size 93x48
        RenderText {#text} at (0,0) size 93x48
          text run at (0,0) width 48: "\x{3008}"
