layer at (0,0) size 980x735
  RenderView at (0,0) size 980x735
layer at (0,568) size 980x167
  RenderBlock {HTML} at (0,0) size 980x167
    RenderBody {BODY} at (8,8) size 964x151
      RenderText {#text} at (0,0) size 481x41
        text run at (0,0) width 481: "This is the first line of text."
      RenderBR {BR} at (481,0) size 0x41
      RenderImage {IMG} at (0,50) size 20x50 [bgcolor=#008000]
      RenderText {#text} at (20,42) size 468x41
        text run at (20,42) width 468: " This is the second line of "
      RenderImage {IMG} at (488,50) size 20x100 [bgcolor=#800080]
      RenderText {#text} at (508,42) size 93x41
        text run at (508,42) width 93: " text."
caret: position 1 of child 3 {IMG} of body
