layer at (0,0) size 800x600
  RenderView at (0,0) size 800x600
layer at (0,0) size 209x600
  RenderBlock {HTML} at (0,0) size 209x600
    RenderBody {BODY} at (8,8) size 193x584
      RenderText {#text} at (0,0) size 41x481
        text run at (0,0) width 481: "This is the first line of text."
      RenderBR {BR} at (0,481) size 41x0
      RenderImage {IMG} at (50,0) size 50x20 [bgcolor=#008000]
      RenderText {#text} at (42,20) size 41x468
        text run at (42,20) width 468: " This is the second line of "
      RenderImage {IMG} at (50,488) size 100x20 [bgcolor=#800080]
      RenderText {#text} at (151,0) size 41x82
        text run at (151,0) width 82: "text."
selection start: position 1 of child 0 {#text} of body
selection end:   position 1 of child 3 {IMG} of body
