layer at (0,0) size 980x735
  RenderView at (0,0) size 980x735
layer at (715,0) size 265x735
  RenderBlock {HTML} at (0,0) size 265x735
    RenderBody {BODY} at (24,8) size 217x719
      RenderBlock {P} at (0,0) size 112x719
        RenderInline {SPAN} at (0,0) size 28x64
          RenderText {#text} at (23,0) size 28x64
            text run at (23,0) width 64: "\x{7B2C}\x{4E00}\x{6BB5}\x{843D} "
        RenderInline {SPAN} at (0,0) size 112x481
          RenderText {#text} at (0,64) size 56x357
            text run at (0,64) width 357: "PARAGRAPH 1 "
          RenderBR {BR} at (0,421) size 56x0
          RenderText {#text} at (56,0) size 56x308
            text run at (56,0) width 308: "MORE TEXT. "
          RenderInline {SPAN} at (0,0) size 14x173
            RenderText {#text} at (90,308) size 14x173
              text run at (90,308) width 173: "SHOULD NOT BE CENTERED."
          RenderText {#text} at (0,0) size 0x0
      RenderBlock {P} at (136,0) size 81x719
        RenderInline {SPAN} at (0,0) size 28x451
          RenderText {#text} at (48,0) size 28x64
            text run at (48,0) width 64: "\x{7B2C}\x{4E8C}\x{6BB5}\x{843D} "
          RenderInline {SPAN} at (0,0) size 56x387
            RenderText {#text} at (25,64) size 56x357
              text run at (25,64) width 357: "PARAGRAPH 2 "
            RenderImage {IMG} at (0,421) size 70x30 [bgcolor=#008000]
            RenderText {#text} at (0,0) size 0x0
