layer at (0,0) size 980x735
  RenderView at (0,0) size 980x735
layer at (0,0) size 140x735
  RenderBlock {HTML} at (0,0) size 140x735
    RenderBody {BODY} at (8,8) size 124x719
      RenderTable {TABLE} at (0,0) size 124x366 [border: (2px outset #808080)]
        RenderTableSection {TBODY} at (2,2) size 120x362
          RenderTableRow {TR} at (0,2) size 116x362
            RenderTableCell {TD} at (2,46) size 116x64 [border: (1px inset #808080)] [r=0 c=0 rs=1 cs=1]
              RenderText {#text} at (46,-42) size 56x116
                text run at (46,-42) width 116: "\x{7B2C}\x{4E00}\x{6BB5}\x{843D}"
            RenderTableCell {TD} at (2,124) size 116x236 [border: (1px inset #808080)] [r=0 c=1 rs=1 cs=1]
              RenderText {#text} at (2,2) size 112x232
                text run at (2,2) width 232: "\x{7B2C}\x{4E8C}\x{6BB5}\x{843D}"
