layer at (0,0) size 800x600
  RenderView at (0,0) size 800x600
layer at (0,0) size 800x20
  RenderBlock {html} at (0,0) size 800x20
    RenderBody {body} at (8,12) size 784x0
      RenderBlock {p} at (0,0) size 784x14
        RenderText {#text} at (0,0) size 291x14
          text run at (0,0) width 291: "The entire canvas should be green and there should be no red."
