layer at (0,0) size 800x600
  RenderView at (0,0) size 800x600
layer at (0,0) size 800x30
  RenderBlock {html} at (0,0) size 800x30
    RenderBody {BODY} at (8,8) size 784x14
      RenderBlock {P} at (0,0) size 784x14
        RenderText {#text} at (0,0) size 250x14
          text run at (0,0) width 250: "This line should be green and there should be no red."
