layer at (0,0) size 800x600
  RenderView at (0,0) size 800x600
layer at (0,0) size 800x38
  RenderBlock {HTML} at (0,0) size 800x38
    RenderBlock (anonymous) at (0,0) size 800x0
      RenderInline {body} at (0,0) size 0x0 [color=#000080]
    RenderBody {BODY} at (8,12) size 784x14 [color=#000080]
      RenderBlock {P} at (0,0) size 784x14
        RenderText {#text} at (0,0) size 179x14
          text run at (0,0) width 179: "The entire viewport should be yellow."
