layer at (0,0) size 800x600
  RenderView at (0,0) size 800x600
layer at (0,0) size 800x38
  RenderBlock {HTML} at (0,0) size 800x38
    RenderBlock (anonymous) at (0,0) size 800x0
      RenderInline {BOGUS} at (0,0) size 0x0
    RenderBlock (anonymous) at (0,12) size 800x14
      RenderBody {BODY} at (8,0) size 784x14
        RenderBlock {P} at (0,0) size 784x14
          RenderText {#text} at (0,0) size 250x14
            text run at (0,0) width 250: "This line should be green and there should be no red."
    RenderBlock (anonymous) at (0,38) size 800x0
      RenderInline {BOGUS} at (0,0) size 0x0
