layer at (0,0) size 800x600
  RenderView at (0,0) size 800x600
layer at (0,0) size 800x0
  RenderBlock {HTML} at (0,0) size 800x0
layer at (0,0) size 800x15
  RenderBlock (positioned) {HEAD} at (0,0) size 800x15
layer at (0,0) size 800x15
  RenderBody {BODY} at (0,0) size 800x15 [color=#000080]
    RenderBlock {P} at (0,0) size 800x14
      RenderText {#text} at (0,0) size 206x14
        text run at (0,0) width 206: "This line should have a yellow background."
