layer at (0,0) size 800x600
  RenderView at (0,0) size 800x600
layer at (50,50) size 700x154
  RenderBlock {html} at (50,50) size 700x154 [border: (1px solid #000000)]
    RenderBody {body} at (51,51) size 598x52 [color=#000080] [border: (1px solid #000080)]
      RenderBlock {p} at (1,13) size 596x14
        RenderText {#text} at (0,0) size 258x14
          text run at (0,0) width 258: "There should be a yellow square in the top-left corner, "
        RenderInline {em} at (0,0) size 38x14
          RenderText {#text} at (258,0) size 38x14
            text run at (258,0) width 38: "between"
        RenderText {#text} at (296,0) size 59x14
          text run at (296,0) width 59: " the borders."
