layer at (0,0) size 800x600
  RenderView at (0,0) size 800x600
layer at (50,50) size 700x154
  RenderBlock {html} at (50,50) size 700x154 [bgcolor=#FFFFFF] [border: (1px solid #000000)]
    RenderBody {body} at (51,51) size 598x52 [color=#000080] [border: (1px solid #000080)]
      RenderBlock {p} at (1,13) size 596x14
        RenderText {#text} at (0,0) size 258x14
          text run at (0,0) width 258: "There should be a yellow square in the top-left corner, "
        RenderInline {em} at (0,0) size 28x14
          RenderText {#text} at (258,0) size 28x14
            text run at (258,0) width 28: "inside"
        RenderText {#text} at (286,0) size 81x14
          text run at (286,0) width 81: " the inner border."
