layer at (0,0) size 800x600
  RenderView at (0,0) size 800x600
layer at (0,0) size 800x600
  RenderBlock {HTML} at (0,0) size 800x600
    RenderBody {BODY} at (8,8) size 784x584
      RenderBlock {FORM} at (0,0) size 784x42
        RenderMenuList {SELECT} at (2,2) size 140x38 [color=#202020]
          RenderBlock (anonymous) at (15,10) size 84x18
            RenderText at (0,0) size 83x17
              text run at (0,0) width 83: "append cell"
        RenderText {#text} at (144,15) size 39x14
          text run at (144,15) width 39: "   tbody "
        RenderTextControl {INPUT} at (185,6) size 59x28 [color=#202020]
        RenderText {#text} at (246,15) size 31x14
          text run at (246,15) width 31: "   row "
        RenderTextControl {INPUT} at (279,6) size 59x28 [color=#202020]
        RenderText {#text} at (340,15) size 26x14
          text run at (340,15) width 26: "   col "
        RenderTextControl {INPUT} at (368,6) size 59x28 [color=#202020]
        RenderText {#text} at (429,15) size 56x14
          text run at (429,15) width 56: "   row span "
        RenderTextControl {INPUT} at (487,6) size 59x28 [color=#202020]
        RenderText {#text} at (548,15) size 51x14
          text run at (548,15) width 51: "   col span "
        RenderTextControl {INPUT} at (601,6) size 59x28 [color=#202020]
        RenderText {#text} at (662,15) size 15x14
          text run at (662,15) width 15: "     "
        RenderButton {INPUT} at (679,4) size 63x36 [color=#202020]
          RenderBlock (anonymous) at (15,8) size 33x18
            RenderText at (0,0) size 33x17
              text run at (0,0) width 33: "Do It"
        RenderText {#text} at (0,0) size 0x0
      RenderBlock (anonymous) at (0,54) size 784x14
        RenderBR {BR} at (0,0) size 0x14
      RenderTable {TABLE} at (0,68) size 50x44 [bgcolor=#FFA500] [border: (1px outset #808080)]
        RenderTableSection {TBODY} at (1,1) size 48x42
          RenderTableRow {TR} at (0,2) size 48x18
            RenderTableCell {TD} at (2,2) size 21x18 [border: (1px inset #808080)] [r=0 c=0 rs=1 cs=1]
              RenderText {#text} at (2,2) size 17x14
                text run at (2,2) width 17: "c11"
          RenderTableRow {TR} at (0,22) size 48x18
            RenderTableCell {TD} at (2,22) size 21x18 [border: (1px inset #808080)] [r=1 c=0 rs=1 cs=1]
              RenderText {#text} at (2,2) size 17x14
                text run at (2,2) width 17: "c21"
            RenderTableCell {TD} at (25,22) size 21x18 [border: (1px inset #808080)] [r=1 c=1 rs=1 cs=1]
              RenderText {#text} at (2,2) size 17x14
                text run at (2,2) width 17: "c22"
      RenderBlock (anonymous) at (0,112) size 784x14
        RenderBR {BR} at (0,0) size 0x14
layer at (197,20) size 52x18
  RenderBlock {DIV} at (4,6) size 52x18
    RenderText {#text} at (1,0) size 9x17
      text run at (1,0) width 9: "0"
layer at (291,20) size 52x18
  RenderBlock {DIV} at (4,6) size 52x18
    RenderText {#text} at (1,0) size 9x17
      text run at (1,0) width 9: "0"
layer at (380,20) size 52x18
  RenderBlock {DIV} at (4,6) size 52x18
    RenderText {#text} at (1,0) size 9x17
      text run at (1,0) width 9: "0"
layer at (499,20) size 52x18
  RenderBlock {DIV} at (4,6) size 52x18
    RenderText {#text} at (1,0) size 9x17
      text run at (1,0) width 9: "1"
layer at (613,20) size 52x18
  RenderBlock {DIV} at (4,6) size 52x18
    RenderText {#text} at (1,0) size 9x17
      text run at (1,0) width 9: "1"
