layer at (0,0) size 980x735
  RenderView at (0,0) size 980x735
layer at (0,0) size 980x735
  RenderBlock {HTML} at (0,0) size 980x735
    RenderBody {BODY} at (8,8) size 964x719
      RenderMenuList {SELECT} at (2,2) size 62x25 [bgcolor=#FFFFFF]
        RenderBlock (anonymous) at (6,5) size 34x15
          RenderText at (0,0) size 34x15
            text run at (0,0) width 34: "Hello"
      RenderText {#text} at (66,4) size 5x19
        text run at (66,4) width 5: " "
      RenderMenuList {SELECT} at (73,2) size 86x25 [bgcolor=#FFFFFF]
        RenderBlock (anonymous) at (6,5) size 58x15
          RenderText at (0,0) size 58x15
            text run at (0,0) width 58: "Goodbye"
      RenderText {#text} at (0,0) size 0x0
