layer at (0,0) size 980x735
  RenderView at (0,0) size 980x735
layer at (0,0) size 980x735
  RenderBlock {HTML} at (0,0) size 980x735
    RenderBody {BODY} at (8,8) size 964x719
      RenderFieldSet {FIELDSET} at (2,0) size 135x74 [border: (2px groove #C0C0C0)]
        RenderBlock {LEGEND} at (14,0) size 107x19
          RenderText {#text} at (2,0) size 103x19
            text run at (2,0) width 103: "Number One"
        RenderBlock (anonymous) at (14,24) size 107x38
          RenderText {#text} at (0,0) size 94x19
            text run at (0,0) width 94: "Hello world."
          RenderBR {BR} at (94,15) size 0x0
          RenderText {#text} at (0,19) size 94x19
            text run at (0,19) width 94: "Hello world."
      RenderText {#text} at (139,43) size 5x19
        text run at (139,43) width 5: " "
      RenderFieldSet {FIELDSET} at (146,19) size 135x55 [border: (2px groove #C0C0C0)]
        RenderBlock {LEGEND} at (14,0) size 107x19
          RenderText {#text} at (2,0) size 103x19
            text run at (2,0) width 103: "Number Two"
        RenderBlock (anonymous) at (14,24) size 107x19
          RenderText {#text} at (0,0) size 94x19
            text run at (0,0) width 94: "Hello world."
      RenderText {#text} at (0,0) size 0x0
