layer at (0,0) size 980x735
  RenderView at (0,0) size 980x735
layer at (0,0) size 980x735
  RenderBlock {HTML} at (0,0) size 980x735
    RenderBody {BODY} at (8,8) size 964x719
      RenderBlock {H3} at (0,0) size 964x22
        RenderText {#text} at (0,0) size 256x22
          text run at (0,0) width 256: "<input type=\"submit\">"
      RenderBlock {P} at (0,40) size 964x19
        RenderText {#text} at (0,0) size 438x19
          text run at (0,0) width 438: "This button should have the default submit button title:"
      RenderBlock (anonymous) at (0,75) size 964x21
        RenderButton {INPUT} at (0,0) size 80x21 [bgcolor=#008000] [border: (2px outset #C0C0C0)]
          RenderBlock (anonymous) at (8,4) size 64x15
            RenderText at (9,0) size 46x15
              text run at (9,0) width 46: "Submit"
        RenderText {#text} at (0,0) size 0x0
      RenderBlock {P} at (0,112) size 964x19
        RenderText {#text} at (0,0) size 366x19
          text run at (0,0) width 366: "This button should should have the title \"Foo\":"
      RenderBlock (anonymous) at (0,147) size 964x21
        RenderButton {INPUT} at (0,0) size 80x21 [bgcolor=#008000] [border: (2px outset #C0C0C0)]
          RenderBlock (anonymous) at (8,4) size 64x15
            RenderText at (20,0) size 24x15
              text run at (20,0) width 24: "Foo"
        RenderText {#text} at (0,0) size 0x0
      RenderBlock {P} at (0,184) size 964x19
        RenderText {#text} at (0,0) size 390x19
          text run at (0,0) width 390: "This button should have a single space in its title:"
      RenderBlock (anonymous) at (0,219) size 964x21
        RenderButton {INPUT} at (0,0) size 80x21 [bgcolor=#008000] [border: (2px outset #C0C0C0)]
          RenderBlock (anonymous) at (8,4) size 64x15
            RenderText at (30,0) size 4x15
              text run at (30,0) width 4: " "
        RenderText {#text} at (0,0) size 0x0
      RenderBlock {P} at (0,256) size 964x19
        RenderText {#text} at (0,0) size 255x19
          text run at (0,0) width 255: "This button should have no title:"
      RenderBlock (anonymous) at (0,291) size 964x21
        RenderButton {INPUT} at (0,0) size 80x21 [bgcolor=#008000] [border: (2px outset #C0C0C0)]
        RenderText {#text} at (0,0) size 0x0
      RenderBlock {H3} at (0,330) size 964x22
        RenderText {#text} at (0,0) size 236x22
          text run at (0,0) width 236: "<input type=\"reset\">"
      RenderBlock {P} at (0,370) size 964x19
        RenderText {#text} at (0,0) size 425x19
          text run at (0,0) width 425: "This button should have the default reset button title:"
      RenderBlock (anonymous) at (0,405) size 964x21
        RenderButton {INPUT} at (0,0) size 80x21 [bgcolor=#008000] [border: (2px outset #C0C0C0)]
          RenderBlock (anonymous) at (8,4) size 64x15
            RenderText at (13,0) size 38x15
              text run at (13,0) width 38: "Reset"
        RenderText {#text} at (0,0) size 0x0
      RenderBlock {P} at (0,442) size 964x19
        RenderText {#text} at (0,0) size 366x19
          text run at (0,0) width 366: "This button should should have the title \"Foo\":"
      RenderBlock (anonymous) at (0,477) size 964x21
        RenderButton {INPUT} at (0,0) size 80x21 [bgcolor=#008000] [border: (2px outset #C0C0C0)]
          RenderBlock (anonymous) at (8,4) size 64x15
            RenderText at (20,0) size 24x15
              text run at (20,0) width 24: "Foo"
        RenderText {#text} at (0,0) size 0x0
      RenderBlock {P} at (0,514) size 964x19
        RenderText {#text} at (0,0) size 390x19
          text run at (0,0) width 390: "This button should have a single space in its title:"
      RenderBlock (anonymous) at (0,549) size 964x21
        RenderButton {INPUT} at (0,0) size 80x21 [bgcolor=#008000] [border: (2px outset #C0C0C0)]
          RenderBlock (anonymous) at (8,4) size 64x15
            RenderText at (30,0) size 4x15
              text run at (30,0) width 4: " "
        RenderText {#text} at (0,0) size 0x0
      RenderBlock {P} at (0,586) size 964x19
        RenderText {#text} at (0,0) size 255x19
          text run at (0,0) width 255: "This button should have no title:"
      RenderBlock (anonymous) at (0,621) size 964x21
        RenderButton {INPUT} at (0,0) size 80x21 [bgcolor=#008000] [border: (2px outset #C0C0C0)]
        RenderText {#text} at (0,0) size 0x0
