layer at (0,0) size 980x735
  RenderView at (0,0) size 980x735
layer at (0,0) size 980x735
  RenderBlock {HTML} at (0,0) size 980x735
    RenderBody {BODY} at (8,8) size 964x719
      RenderButton {BUTTON} at (2,2) size 83x23 [bgcolor=#C0C0C0] [border: (2px outset #C0C0C0)]
        RenderBlock (anonymous) at (5,5) size 75x15
          RenderText {#text} at (0,0) size 75x15
            text run at (0,0) width 75: "Test Button"
      RenderText {#text} at (87,4) size 5x19
        text run at (87,4) width 5: " "
      RenderButton {BUTTON} at (94,2) size 83x23 [color=#FF0000] [bgcolor=#C0C0C0] [border: (2px outset #C0C0C0)]
        RenderBlock (anonymous) at (5,5) size 75x15
          RenderText {#text} at (0,0) size 75x15
            text run at (0,0) width 75: "Test Button"
      RenderText {#text} at (179,4) size 5x19
        text run at (179,4) width 5: " "
      RenderButton {BUTTON} at (186,3) size 91x24 [bgcolor=#008000] [border: (2px outset #C0C0C0)]
        RenderBlock (anonymous) at (8,4) size 75x15
          RenderText {#text} at (0,0) size 75x15
            text run at (0,0) width 75: "Test Button"
      RenderText {#text} at (279,4) size 5x19
        text run at (279,4) width 5: " "
      RenderButton {BUTTON} at (286,3) size 91x24 [color=#FF0000] [bgcolor=#008000] [border: (2px outset #C0C0C0)]
        RenderBlock (anonymous) at (8,4) size 75x15
          RenderText {#text} at (0,0) size 75x15
            text run at (0,0) width 75: "Test Button"
      RenderText {#text} at (379,4) size 5x19
        text run at (379,4) width 5: " "
      RenderButton {INPUT} at (386,2) size 83x23 [bgcolor=#C0C0C0] [border: (2px outset #C0C0C0)]
        RenderBlock (anonymous) at (5,5) size 75x15
          RenderText at (0,0) size 75x15
            text run at (0,0) width 75: "Test Button"
      RenderText {#text} at (471,4) size 5x19
        text run at (471,4) width 5: " "
      RenderButton {INPUT} at (478,2) size 83x23 [color=#FF0000] [bgcolor=#C0C0C0] [border: (2px outset #C0C0C0)]
        RenderBlock (anonymous) at (5,5) size 75x15
          RenderText at (0,0) size 75x15
            text run at (0,0) width 75: "Test Button"
      RenderText {#text} at (563,4) size 5x19
        text run at (563,4) width 5: " "
      RenderButton {INPUT} at (570,3) size 91x24 [bgcolor=#008000] [border: (2px outset #C0C0C0)]
        RenderBlock (anonymous) at (8,4) size 75x15
          RenderText at (0,0) size 75x15
            text run at (0,0) width 75: "Test Button"
      RenderText {#text} at (663,4) size 5x19
        text run at (663,4) width 5: " "
      RenderButton {INPUT} at (670,3) size 91x24 [color=#FF0000] [bgcolor=#008000] [border: (2px outset #C0C0C0)]
        RenderBlock (anonymous) at (8,4) size 75x15
          RenderText at (0,0) size 75x15
            text run at (0,0) width 75: "Test Button"
      RenderText {#text} at (0,0) size 0x0
