layer at (0,0) size 980x735
  RenderView at (0,0) size 980x735
layer at (0,0) size 980x304
  RenderBlock {HTML} at (0,0) size 980x304
    RenderBody {BODY} at (8,16) size 964x280
      RenderBlock {P} at (0,0) size 964x38
        RenderText {#text} at (0,0) size 409x19
          text run at (0,0) width 381: "This is a test of generated content in <button> "
          text run at (381,0) width 28: "for "
        RenderInline {I} at (0,0) size 949x38
          RenderInline {A} at (0,0) size 426x19 [color=#0000EE]
            RenderText {#text} at (409,0) size 426x19
              text run at (409,0) width 426: "http://bugzilla.opendarwin.org/show_bug.cgi?id=9561"
          RenderText {#text} at (835,0) size 949x38
            text run at (835,0) width 5: " "
            text run at (840,0) width 109: "REGRESSION:"
            text run at (0,19) width 546: "Content property on :before of button causes hang on click or hover"
        RenderText {#text} at (546,19) size 5x19
          text run at (546,19) width 5: "."
      RenderBlock {HR} at (0,54) size 964x2 [border: (1px inset #000000)]
      RenderBlock (anonymous) at (0,64) size 964x216
        RenderButton {BUTTON} at (2,2) size 50x23 [color=#0000FF] [bgcolor=#C0C0C0] [border: (2px outset #C0C0C0)]
          RenderBlock (anonymous) at (5,5) size 42x15
            RenderInline (generated) at (0,0) size 42x15
              RenderText at (0,0) size 42x15
                text run at (0,0) width 42: "before"
        RenderText {#text} at (54,4) size 5x19
          text run at (54,4) width 5: " "
        RenderButton {BUTTON} at (61,2) size 92x23 [color=#0000FF] [bgcolor=#C0C0C0] [border: (2px outset #C0C0C0)]
          RenderBlock (anonymous) at (5,5) size 84x15
            RenderInline (generated) at (0,0) size 42x15
              RenderText at (0,0) size 42x15
                text run at (0,0) width 42: "before"
            RenderText {#text} at (42,0) size 42x15
              text run at (42,0) width 42: "button"
        RenderText {#text} at (155,4) size 5x19
          text run at (155,4) width 5: " "
        RenderBR {BR} at (0,0) size 0x0
        RenderButton {BUTTON} at (2,29) size 39x23 [color=#0000FF] [bgcolor=#C0C0C0] [border: (2px outset #C0C0C0)]
          RenderBlock (anonymous) at (5,5) size 31x15
            RenderInline (generated) at (0,0) size 31x15
              RenderText at (0,0) size 31x15
                text run at (0,0) width 31: "after"
        RenderText {#text} at (43,31) size 5x19
          text run at (43,31) width 5: " "
        RenderButton {BUTTON} at (50,29) size 81x23 [color=#0000FF] [bgcolor=#C0C0C0] [border: (2px outset #C0C0C0)]
          RenderBlock (anonymous) at (5,5) size 73x15
            RenderText {#text} at (0,0) size 42x15
              text run at (0,0) width 42: "button"
            RenderInline (generated) at (0,0) size 31x15
              RenderText at (42,0) size 31x15
                text run at (42,0) width 31: "after"
        RenderText {#text} at (133,31) size 5x19
          text run at (133,31) width 5: " "
        RenderBR {BR} at (0,0) size 0x0
        RenderButton {BUTTON} at (2,63) size 8x8 [bgcolor=#C0C0C0] [border: (2px outset #C0C0C0)]
          RenderBlock (anonymous) at (5,5) size 0x0
        RenderText {#text} at (12,58) size 5x19
          text run at (12,58) width 5: " "
        RenderButton {BUTTON} at (19,56) size 50x23 [bgcolor=#C0C0C0] [border: (2px outset #C0C0C0)]
          RenderBlock (anonymous) at (5,5) size 42x15
            RenderText {#text} at (0,0) size 42x15
              text run at (0,0) width 42: "button"
        RenderText {#text} at (71,58) size 5x19
          text run at (71,58) width 5: " "
        RenderBR {BR} at (0,0) size 0x0
        RenderButton {BUTTON} at (2,90) size 8x8 [bgcolor=#C0C0C0] [border: (2px outset #C0C0C0)]
          RenderBlock (anonymous) at (5,5) size 0x0
        RenderText {#text} at (12,85) size 5x19
          text run at (12,85) width 5: " "
        RenderButton {BUTTON} at (19,83) size 50x23 [bgcolor=#C0C0C0] [border: (2px outset #C0C0C0)]
          RenderBlock (anonymous) at (5,5) size 42x15
            RenderText {#text} at (0,0) size 42x15
              text run at (0,0) width 42: "button"
        RenderText {#text} at (71,85) size 5x19
          text run at (71,85) width 5: " "
        RenderBR {BR} at (0,0) size 0x0
        RenderButton {BUTTON} at (2,110) size 50x23 [bgcolor=#C0C0C0] [border: (2px outset #C0C0C0)]
          RenderBlock (anonymous) at (5,5) size 42x15
            RenderInline (generated) at (0,0) size 42x15
              RenderText at (0,0) size 42x15
                text run at (0,0) width 42: "before"
        RenderText {#text} at (54,112) size 5x19
          text run at (54,112) width 5: " "
        RenderButton {BUTTON} at (61,110) size 92x23 [bgcolor=#C0C0C0] [border: (2px outset #C0C0C0)]
          RenderBlock (anonymous) at (5,5) size 84x15
            RenderInline (generated) at (0,0) size 42x15
              RenderText at (0,0) size 42x15
                text run at (0,0) width 42: "before"
            RenderText {#text} at (42,0) size 42x15
              text run at (42,0) width 42: "button"
        RenderText {#text} at (155,112) size 5x19
          text run at (155,112) width 5: " "
        RenderBR {BR} at (0,0) size 0x0
        RenderButton {BUTTON} at (2,137) size 39x23 [bgcolor=#C0C0C0] [border: (2px outset #C0C0C0)]
          RenderBlock (anonymous) at (5,5) size 31x15
            RenderInline (generated) at (0,0) size 31x15
              RenderText at (0,0) size 31x15
                text run at (0,0) width 31: "after"
        RenderText {#text} at (43,139) size 5x19
          text run at (43,139) width 5: " "
        RenderButton {BUTTON} at (50,137) size 81x23 [bgcolor=#C0C0C0] [border: (2px outset #C0C0C0)]
          RenderBlock (anonymous) at (5,5) size 73x15
            RenderText {#text} at (0,0) size 42x15
              text run at (0,0) width 42: "button"
            RenderInline (generated) at (0,0) size 31x15
              RenderText at (42,0) size 31x15
                text run at (42,0) width 31: "after"
        RenderText {#text} at (133,139) size 5x19
          text run at (133,139) width 5: " "
        RenderBR {BR} at (0,0) size 0x0
        RenderButton {BUTTON} at (2,164) size 50x23 [bgcolor=#C0C0C0] [border: (2px outset #C0C0C0)]
          RenderBlock (anonymous) at (5,5) size 42x15
            RenderInline (generated) at (0,0) size 42x15
              RenderText at (0,0) size 42x15
                text run at (0,0) width 42: "before"
        RenderText {#text} at (54,166) size 5x19
          text run at (54,166) width 5: " "
        RenderButton {BUTTON} at (61,164) size 92x23 [bgcolor=#C0C0C0] [border: (2px outset #C0C0C0)]
          RenderBlock (anonymous) at (5,5) size 84x15
            RenderInline (generated) at (0,0) size 42x15
              RenderText at (0,0) size 42x15
                text run at (0,0) width 42: "before"
            RenderText {#text} at (42,0) size 42x15
              text run at (42,0) width 42: "button"
        RenderText {#text} at (155,166) size 5x19
          text run at (155,166) width 5: " "
        RenderBR {BR} at (0,0) size 0x0
        RenderButton {BUTTON} at (2,191) size 39x23 [bgcolor=#C0C0C0] [border: (2px outset #C0C0C0)]
          RenderBlock (anonymous) at (5,5) size 31x15
            RenderInline (generated) at (0,0) size 31x15
              RenderText at (0,0) size 31x15
                text run at (0,0) width 31: "after"
        RenderText {#text} at (43,193) size 5x19
          text run at (43,193) width 5: " "
        RenderButton {BUTTON} at (50,191) size 81x23 [bgcolor=#C0C0C0] [border: (2px outset #C0C0C0)]
          RenderBlock (anonymous) at (5,5) size 73x15
            RenderText {#text} at (0,0) size 42x15
              text run at (0,0) width 42: "button"
            RenderInline (generated) at (0,0) size 31x15
              RenderText at (42,0) size 31x15
                text run at (42,0) width 31: "after"
        RenderText {#text} at (133,193) size 5x19
          text run at (133,193) width 5: " "
        RenderBR {BR} at (0,0) size 0x0
