layer at (0,0) size 980x735
  RenderView at (0,0) size 980x735
layer at (0,0) size 980x735
  RenderBlock {HTML} at (0,0) size 980x735
    RenderBody {BODY} at (8,8) size 964x719
      RenderBlock {P} at (0,0) size 964x19
        RenderText {#text} at (0,0) size 763x19
          text run at (0,0) width 763: "The following button elements should all be rendered on the left, with their text center justified."
      RenderBlock (anonymous) at (0,35) size 964x108
        RenderButton {BUTTON} at (0,2) size 300x23 [bgcolor=#C0C0C0] [border: (2px outset #C0C0C0)]
          RenderBlock (anonymous) at (5,5) size 292x15
            RenderText {#text} at (38,0) size 216x15
              text run at (38,0) width 216: "This is should be center justified."
        RenderText {#text} at (300,4) size 5x19
          text run at (300,4) width 5: " "
        RenderBR {BR} at (0,0) size 0x0
        RenderButton {BUTTON} at (0,29) size 300x23 [bgcolor=#C0C0C0] [border: (2px outset #C0C0C0)]
          RenderBlock (anonymous) at (5,5) size 292x15
            RenderText {#text} at (38,0) size 216x15
              text run at (38,0) width 216: "This is should be center justified."
        RenderText {#text} at (300,31) size 5x19
          text run at (300,31) width 5: " "
        RenderBR {BR} at (0,0) size 0x0
        RenderButton {BUTTON} at (0,56) size 300x23 [bgcolor=#C0C0C0] [border: (2px outset #C0C0C0)]
          RenderBlock (anonymous) at (5,5) size 292x15
            RenderText {#text} at (38,0) size 216x15
              text run at (38,0) width 216: "This is should be center justified."
        RenderText {#text} at (300,58) size 5x19
          text run at (300,58) width 5: " "
        RenderBR {BR} at (0,0) size 0x0
        RenderButton {BUTTON} at (0,83) size 300x23 [bgcolor=#C0C0C0] [border: (2px outset #C0C0C0)]
          RenderBlock (anonymous) at (5,5) size 292x15
            RenderText {#text} at (38,0) size 216x15
              text run at (38,0) width 216: "This is should be center justified."
        RenderText {#text} at (0,0) size 0x0
        RenderText {#text} at (0,0) size 0x0
      RenderBlock {DIV} at (0,143) size 964x27
        RenderButton {BUTTON} at (0,2) size 300x23 [bgcolor=#C0C0C0] [border: (2px outset #C0C0C0)]
          RenderBlock (anonymous) at (5,5) size 292x15
            RenderText {#text} at (38,0) size 216x15
              text run at (38,0) width 216: "This is should be center justified."
