layer at (0,0) size 980x735
  RenderView at (0,0) size 980x735
layer at (0,0) size 980x735
  RenderBlock {HTML} at (0,0) size 980x735
    RenderBody {BODY} at (8,8) size 964x719
      RenderButton {BUTTON} at (0,11) size 37x14 [bgcolor=#C0C0C0] [border: (2px outset #C0C0C0)]
        RenderBlock (anonymous) at (5,5) size 29x6
          RenderText {#text} at (0,0) size 29x6
            text run at (0,0) width 29: "Test Button"
      RenderText {#text} at (37,6) size 5x19
        text run at (37,6) width 5: " "
      RenderButton {BUTTON} at (42,10) size 43x15 [bgcolor=#C0C0C0] [border: (2px outset #C0C0C0)]
        RenderBlock (anonymous) at (5,5) size 35x7
          RenderText {#text} at (0,0) size 35x7
            text run at (0,0) width 35: "Test Button"
      RenderText {#text} at (85,6) size 5x19
        text run at (85,6) width 5: " "
      RenderButton {BUTTON} at (90,9) size 48x16 [bgcolor=#C0C0C0] [border: (2px outset #C0C0C0)]
        RenderBlock (anonymous) at (5,5) size 40x8
          RenderText {#text} at (0,0) size 40x9
            text run at (0,0) width 40: "Test Button"
      RenderText {#text} at (138,6) size 5x19
        text run at (138,6) width 5: " "
      RenderButton {BUTTON} at (143,9) size 54x17 [bgcolor=#C0C0C0] [border: (2px outset #C0C0C0)]
        RenderBlock (anonymous) at (5,5) size 46x9
          RenderText {#text} at (0,0) size 46x9
            text run at (0,0) width 46: "Test Button"
      RenderText {#text} at (197,6) size 5x19
        text run at (197,6) width 5: " "
      RenderButton {BUTTON} at (202,8) size 64x18 [bgcolor=#C0C0C0] [border: (2px outset #C0C0C0)]
        RenderBlock (anonymous) at (5,5) size 56x10
          RenderText {#text} at (0,0) size 56x10
            text run at (0,0) width 56: "Test Button"
      RenderText {#text} at (266,6) size 5x19
        text run at (266,6) width 5: " "
      RenderButton {BUTTON} at (271,7) size 65x20 [bgcolor=#C0C0C0] [border: (2px outset #C0C0C0)]
        RenderBlock (anonymous) at (5,5) size 57x12
          RenderText {#text} at (0,0) size 57x11
            text run at (0,0) width 57: "Test Button"
      RenderText {#text} at (336,6) size 5x19
        text run at (336,6) width 5: " "
      RenderButton {BUTTON} at (343,6) size 73x21 [bgcolor=#C0C0C0] [border: (2px outset #C0C0C0)]
        RenderBlock (anonymous) at (5,5) size 65x13
          RenderText {#text} at (0,0) size 65x13
            text run at (0,0) width 65: "Test Button"
      RenderText {#text} at (418,6) size 5x19
        text run at (418,6) width 5: " "
      RenderButton {INPUT} at (425,4) size 83x23 [bgcolor=#C0C0C0] [border: (2px outset #C0C0C0)]
        RenderBlock (anonymous) at (5,5) size 75x15
          RenderText at (0,0) size 75x15
            text run at (0,0) width 75: "Test Button"
      RenderText {#text} at (510,6) size 5x19
        text run at (510,6) width 5: " "
      RenderButton {BUTTON} at (517,5) size 78x22 [bgcolor=#C0C0C0] [border: (2px outset #C0C0C0)]
        RenderBlock (anonymous) at (5,5) size 70x14
          RenderText {#text} at (0,0) size 70x14
            text run at (0,0) width 70: "Test Button"
      RenderText {#text} at (597,6) size 5x19
        text run at (597,6) width 5: " "
      RenderButton {BUTTON} at (604,4) size 83x23 [bgcolor=#C0C0C0] [border: (2px outset #C0C0C0)]
        RenderBlock (anonymous) at (5,5) size 75x15
          RenderText {#text} at (0,0) size 75x15
            text run at (0,0) width 75: "Test Button"
      RenderText {#text} at (689,6) size 5x19
        text run at (689,6) width 5: " "
      RenderButton {BUTTON} at (696,3) size 89x24 [bgcolor=#C0C0C0] [border: (2px outset #C0C0C0)]
        RenderBlock (anonymous) at (5,5) size 81x16
          RenderText {#text} at (0,0) size 81x16
            text run at (0,0) width 81: "Test Button"
      RenderText {#text} at (787,6) size 5x19
        text run at (787,6) width 5: " "
      RenderButton {BUTTON} at (794,2) size 96x25 [bgcolor=#C0C0C0] [border: (2px outset #C0C0C0)]
        RenderBlock (anonymous) at (5,5) size 88x17
          RenderText {#text} at (0,0) size 88x18
            text run at (0,0) width 88: "Test Button"
      RenderText {#text} at (892,6) size 5x19
        text run at (892,6) width 5: " "
      RenderButton {BUTTON} at (2,36) size 100x27 [bgcolor=#C0C0C0] [border: (2px outset #C0C0C0)]
        RenderBlock (anonymous) at (5,5) size 92x19
          RenderText {#text} at (0,0) size 92x19
            text run at (0,0) width 92: "Test Button"
      RenderText {#text} at (104,41) size 5x19
        text run at (104,41) width 5: " "
      RenderButton {BUTTON} at (111,35) size 107x28 [bgcolor=#C0C0C0] [border: (2px outset #C0C0C0)]
        RenderBlock (anonymous) at (5,5) size 99x20
          RenderText {#text} at (0,0) size 99x20
            text run at (0,0) width 99: "Test Button"
      RenderText {#text} at (220,41) size 5x19
        text run at (220,41) width 5: " "
      RenderButton {BUTTON} at (227,34) size 111x29 [bgcolor=#C0C0C0] [border: (2px outset #C0C0C0)]
        RenderBlock (anonymous) at (5,5) size 103x21
          RenderText {#text} at (0,0) size 103x21
            text run at (0,0) width 103: "Test Button"
      RenderText {#text} at (340,41) size 5x19
        text run at (340,41) width 5: " "
      RenderButton {BUTTON} at (347,33) size 118x30 [bgcolor=#C0C0C0] [border: (2px outset #C0C0C0)]
        RenderBlock (anonymous) at (5,5) size 110x22
          RenderText {#text} at (0,0) size 110x22
            text run at (0,0) width 110: "Test Button"
      RenderText {#text} at (467,41) size 5x19
        text run at (467,41) width 5: " "
      RenderButton {BUTTON} at (474,32) size 124x31 [bgcolor=#C0C0C0] [border: (2px outset #C0C0C0)]
        RenderBlock (anonymous) at (5,5) size 116x23
          RenderText {#text} at (0,0) size 116x24
            text run at (0,0) width 116: "Test Button"
      RenderText {#text} at (600,41) size 5x19
        text run at (600,41) width 5: " "
      RenderButton {BUTTON} at (607,31) size 129x32 [bgcolor=#C0C0C0] [border: (2px outset #C0C0C0)]
        RenderBlock (anonymous) at (5,5) size 121x24
          RenderText {#text} at (0,0) size 121x25
            text run at (0,0) width 121: "Test Button"
      RenderText {#text} at (0,0) size 0x0
