layer at (0,0) size 980x735
  RenderView at (0,0) size 980x735
layer at (0,0) size 980x735
  RenderBlock {HTML} at (0,0) size 980x735
    RenderBody {BODY} at (8,8) size 964x707
      RenderBlock {P} at (0,0) size 964x38
        RenderText {#text} at (0,0) size 67x19
          text run at (0,0) width 67: "Test for "
        RenderInline {I} at (0,0) size 937x38
          RenderInline {A} at (0,0) size 372x19 [color=#0000EE]
            RenderText {#text} at (67,0) size 372x19
              text run at (67,0) width 372: "http://bugs.webkit.org/show_bug.cgi?id=17033"
          RenderText {#text} at (439,0) size 937x38
            text run at (439,0) width 5: " "
            text run at (444,0) width 493: "REGRESSION: Really long <option> causes unnecessary page"
            text run at (0,19) width 290: "scroll bars to accommodate content"
        RenderText {#text} at (290,19) size 5x19
          text run at (290,19) width 5: "."
      RenderBlock {P} at (0,54) size 964x19
        RenderText {#text} at (0,0) size 513x19
          text run at (0,0) width 513: "There should not be scroll bars below the popup and the button."
layer at (8,97) size 100x50
  RenderBlock {DIV} at (0,89) size 100x50
    RenderMenuList {SELECT} at (0,2) size 80x25 [bgcolor=#FFFFFF]
      RenderBlock (anonymous) at (6,5) size 52x15
        RenderText at (0,0) size 180x15
          text run at (0,0) width 180: "Lorem ipsum dolor sit amet"
    RenderText {#text} at (0,0) size 0x0
layer at (8,167) size 100x50
  RenderBlock {DIV} at (0,159) size 100x50
    RenderButton {BUTTON} at (0,2) size 80x23 [bgcolor=#C0C0C0] [border: (2px outset #C0C0C0)]
      RenderBlock (anonymous) at (5,5) size 72x15
        RenderText {#text} at (0,0) size 180x15
          text run at (0,0) width 180: "Lorem ipsum dolor sit amet"
    RenderText {#text} at (0,0) size 0x0
