layer at (0,0) size 980x735
  RenderView at (0,0) size 980x735
layer at (0,0) size 980x735
  RenderBlock {HTML} at (0,0) size 980x735
    RenderBody {BODY} at (8,8) size 964x719
      RenderMenuList {SELECT} at (2,2) size 61x25 [color=#808080] [bgcolor=#FFFFFF]
        RenderBlock (anonymous) at (6,5) size 33x15
          RenderText at (0,0) size 33x15
            text run at (0,0) width 33: "PASS"
      RenderBR {BR} at (65,19) size 0x0
      RenderMenuList {SELECT} at (2,31) size 61x25 [color=#808080] [bgcolor=#FFFFFF]
        RenderBlock (anonymous) at (6,5) size 33x15
          RenderText at (0,0) size 33x15
            text run at (0,0) width 33: "PASS"
      RenderBR {BR} at (65,48) size 0x0
      RenderMenuList {SELECT} at (2,60) size 61x25 [bgcolor=#FFFFFF]
        RenderBlock (anonymous) at (6,5) size 33x15
          RenderText at (0,0) size 33x15
            text run at (0,0) width 33: "PASS"
      RenderBR {BR} at (65,77) size 0x0
      RenderMenuList {SELECT} at (2,89) size 61x25 [bgcolor=#FFFFFF]
        RenderBlock (anonymous) at (6,5) size 33x15
          RenderText at (0,0) size 33x15
            text run at (0,0) width 33: "PASS"
      RenderBR {BR} at (65,106) size 0x0
      RenderMenuList {SELECT} at (2,118) size 61x25 [color=#808080] [bgcolor=#FFFFFF]
        RenderBlock (anonymous) at (6,5) size 33x15
          RenderText at (0,0) size 33x15
            text run at (0,0) width 33: "PASS"
      RenderBR {BR} at (65,135) size 0x0
      RenderMenuList {SELECT} at (2,147) size 61x25 [color=#808080] [bgcolor=#FFFFFF]
        RenderBlock (anonymous) at (6,5) size 33x15
          RenderText at (0,0) size 33x15
            text run at (0,0) width 33: "PASS"
      RenderBR {BR} at (65,164) size 0x0
      RenderMenuList {SELECT} at (2,176) size 61x25 [bgcolor=#FFFFFF]
        RenderBlock (anonymous) at (6,5) size 33x15
          RenderText at (0,0) size 33x15
            text run at (0,0) width 33: "PASS"
      RenderBR {BR} at (65,193) size 0x0
      RenderMenuList {SELECT} at (2,205) size 61x25 [bgcolor=#FFFFFF]
        RenderBlock (anonymous) at (6,5) size 33x15
          RenderText at (0,0) size 33x15
            text run at (0,0) width 33: "PASS"
      RenderBR {BR} at (65,222) size 0x0
      RenderText {#text} at (0,232) size 619x19
        text run at (0,232) width 619: "PASS: sel1 correctly set to selectedIndex 1 by sel1.options[1].selected = true."
      RenderBR {BR} at (619,247) size 0x0
      RenderText {#text} at (0,251) size 555x19
        text run at (0,251) width 555: "PASS: sel2 correctly set to selectedIndex 1 by sel2.selectedIndex = 1."
      RenderBR {BR} at (555,266) size 0x0
      RenderText {#text} at (0,270) size 619x19
        text run at (0,270) width 619: "PASS: sel3 correctly set to selectedIndex 1 by sel3.options[1].selected = true."
      RenderBR {BR} at (619,285) size 0x0
      RenderText {#text} at (0,289) size 555x19
        text run at (0,289) width 555: "PASS: sel4 correctly set to selectedIndex 1 by sel4.selectedIndex = 1."
      RenderBR {BR} at (555,304) size 0x0
      RenderText {#text} at (0,308) size 619x19
        text run at (0,308) width 619: "PASS: sel5 correctly set to selectedIndex 1 by sel5.options[1].selected = true."
      RenderBR {BR} at (619,323) size 0x0
      RenderText {#text} at (0,327) size 555x19
        text run at (0,327) width 555: "PASS: sel6 correctly set to selectedIndex 1 by sel6.selectedIndex = 1."
      RenderBR {BR} at (555,342) size 0x0
      RenderText {#text} at (0,346) size 619x19
        text run at (0,346) width 619: "PASS: sel7 correctly set to selectedIndex 1 by sel7.options[1].selected = true."
      RenderBR {BR} at (619,361) size 0x0
      RenderText {#text} at (0,365) size 555x19
        text run at (0,365) width 555: "PASS: sel8 correctly set to selectedIndex 1 by sel8.selectedIndex = 1."
      RenderBR {BR} at (555,380) size 0x0
