layer at (0,0) size 980x735
  RenderView at (0,0) size 980x735
layer at (0,0) size 980x735
  RenderBlock {HTML} at (0,0) size 980x735
    RenderBody {BODY} at (8,8) size 964x719
      RenderBlock {FORM} at (0,0) size 964x29
        RenderTextControl {INPUT} at (2,2) size 171x25 [bgcolor=#FFFFFF]
        RenderText {#text} at (0,0) size 0x0
      RenderBlock (anonymous) at (0,45) size 964x19
        RenderText {#text} at (0,0) size 159x19
          text run at (0,0) width 159: "multipart/form-data"
layer at (14,16) size 164x15
  RenderBlock {DIV} at (4,6) size 164x15
