layer at (0,0) size 980x1498
  RenderView at (0,0) size 980x735
layer at (0,0) size 980x1498
  RenderBlock {HTML} at (0,0) size 980x1498
    RenderBody {BODY} at (8,8) size 964x1475
      RenderBlock {P} at (0,0) size 964x19
        RenderText {#text} at (0,0) size 137x19
          text run at (0,0) width 137: "Legend align test"
      RenderFieldSet {FIELDSET} at (2,35) size 960x65 [border: (2px groove #C0C0C0)]
        RenderBlock {LEGEND} at (14,0) size 122x19
          RenderText {#text} at (2,0) size 118x19
            text run at (2,0) width 118: "My Legend left"
        RenderBlock (anonymous) at (14,24) size 932x29
          RenderTextControl {INPUT} at (2,2) size 171x25 [bgcolor=#FFFFFF]
          RenderText {#text} at (0,0) size 0x0
      RenderFieldSet {FIELDSET} at (2,100) size 960x65 [border: (2px groove #C0C0C0)]
        RenderBlock {LEGEND} at (406,0) size 148x19
          RenderText {#text} at (2,0) size 144x19
            text run at (2,0) width 144: "My Legend center"
        RenderBlock (anonymous) at (14,24) size 932x29
          RenderTextControl {INPUT} at (2,2) size 171x25 [bgcolor=#FFFFFF]
          RenderText {#text} at (0,0) size 0x0
      RenderFieldSet {FIELDSET} at (2,165) size 960x65 [border: (2px groove #C0C0C0)]
        RenderBlock {LEGEND} at (813,0) size 133x19
          RenderText {#text} at (2,0) size 129x19
            text run at (2,0) width 129: "My Legend right"
        RenderBlock (anonymous) at (14,24) size 932x29
          RenderTextControl {INPUT} at (2,2) size 171x25 [bgcolor=#FFFFFF]
          RenderText {#text} at (0,0) size 0x0
      RenderFieldSet {FIELDSET} at (2,230) size 960x65 [border: (2px groove #C0C0C0)]
        RenderBlock {LEGEND} at (14,0) size 152x19
          RenderText {#text} at (2,0) size 148x19
            text run at (2,0) width 148: "My Legend default"
        RenderBlock (anonymous) at (14,24) size 932x29
          RenderTextControl {INPUT} at (2,2) size 171x25 [bgcolor=#FFFFFF]
          RenderText {#text} at (0,0) size 0x0
      RenderBlock {HR} at (0,303) size 964x2 [border: (1px inset #000000)]
      RenderBlock {P} at (0,321) size 964x19
        RenderText {#text} at (0,0) size 177x19
          text run at (0,0) width 177: "Legend align test, RTL"
      RenderBlock (anonymous) at (0,356) size 964x0
        RenderInline {SPAN} at (0,0) size 0x0
          RenderText {#text} at (0,0) size 0x0
      RenderBlock (anonymous) at (0,356) size 964x260
        RenderFieldSet {FIELDSET} at (2,0) size 960x65 [border: (2px groove #C0C0C0)]
          RenderBlock {LEGEND} at (14,0) size 122x19
            RenderText {#text} at (2,0) size 118x19
              text run at (2,0) width 118: "My Legend left"
          RenderBlock (anonymous) at (14,24) size 932x29
            RenderTextControl {INPUT} at (759,2) size 171x25 [bgcolor=#FFFFFF]
            RenderText {#text} at (0,0) size 0x0
        RenderFieldSet {FIELDSET} at (2,65) size 960x65 [border: (2px groove #C0C0C0)]
          RenderBlock {LEGEND} at (406,0) size 148x19
            RenderText {#text} at (2,0) size 144x19
              text run at (2,0) width 144: "My Legend center"
          RenderBlock (anonymous) at (14,24) size 932x29
            RenderTextControl {INPUT} at (759,2) size 171x25 [bgcolor=#FFFFFF]
            RenderText {#text} at (0,0) size 0x0
        RenderFieldSet {FIELDSET} at (2,130) size 960x65 [border: (2px groove #C0C0C0)]
          RenderBlock {LEGEND} at (813,0) size 133x19
            RenderText {#text} at (2,0) size 129x19
              text run at (2,0) width 129: "My Legend right"
          RenderBlock (anonymous) at (14,24) size 932x29
            RenderTextControl {INPUT} at (759,2) size 171x25 [bgcolor=#FFFFFF]
            RenderText {#text} at (0,0) size 0x0
        RenderFieldSet {FIELDSET} at (2,195) size 960x65 [border: (2px groove #C0C0C0)]
          RenderBlock {LEGEND} at (794,0) size 152x19
            RenderText {#text} at (2,0) size 148x19
              text run at (2,0) width 148: "My Legend default"
          RenderBlock (anonymous) at (14,24) size 932x29
            RenderTextControl {INPUT} at (759,2) size 171x25 [bgcolor=#FFFFFF]
            RenderText {#text} at (0,0) size 0x0
      RenderBlock (anonymous) at (0,616) size 964x0
        RenderInline {SPAN} at (0,0) size 0x0
        RenderText {#text} at (0,0) size 0x0
      RenderBlock {HR} at (0,624) size 964x2 [border: (1px inset #000000)]
      RenderBlock {P} at (0,642) size 964x19
        RenderText {#text} at (0,0) size 341x19
          text run at (0,0) width 341: "Legend align test with margin and padding"
      RenderFieldSet {FIELDSET} at (15,677) size 934x80 [border: (2px groove #C0C0C0)]
        RenderBlock {LEGEND} at (17,0) size 122x19
          RenderText {#text} at (2,0) size 118x19
            text run at (2,0) width 118: "My Legend left"
        RenderBlock (anonymous) at (17,34) size 900x29
          RenderTextControl {INPUT} at (2,2) size 171x25 [bgcolor=#FFFFFF]
          RenderText {#text} at (0,0) size 0x0
      RenderFieldSet {FIELDSET} at (15,772) size 934x80 [border: (2px groove #C0C0C0)]
        RenderBlock {LEGEND} at (393,0) size 148x19
          RenderText {#text} at (2,0) size 144x19
            text run at (2,0) width 144: "My Legend center"
        RenderBlock (anonymous) at (17,34) size 900x29
          RenderTextControl {INPUT} at (2,2) size 171x25 [bgcolor=#FFFFFF]
          RenderText {#text} at (0,0) size 0x0
      RenderFieldSet {FIELDSET} at (15,867) size 934x80 [border: (2px groove #C0C0C0)]
        RenderBlock {LEGEND} at (784,0) size 133x19
          RenderText {#text} at (2,0) size 129x19
            text run at (2,0) width 129: "My Legend right"
        RenderBlock (anonymous) at (17,34) size 900x29
          RenderTextControl {INPUT} at (2,2) size 171x25 [bgcolor=#FFFFFF]
          RenderText {#text} at (0,0) size 0x0
      RenderFieldSet {FIELDSET} at (15,962) size 934x80 [border: (2px groove #C0C0C0)]
        RenderBlock {LEGEND} at (17,0) size 152x19
          RenderText {#text} at (2,0) size 148x19
            text run at (2,0) width 148: "My Legend default"
        RenderBlock (anonymous) at (17,34) size 900x29
          RenderTextControl {INPUT} at (2,2) size 171x25 [bgcolor=#FFFFFF]
          RenderText {#text} at (0,0) size 0x0
      RenderBlock {HR} at (0,1057) size 964x2 [border: (1px inset #000000)]
      RenderBlock {P} at (0,1075) size 964x19
        RenderText {#text} at (0,0) size 381x19
          text run at (0,0) width 381: "Legend align test with margin and padding, RTL"
      RenderBlock (anonymous) at (0,1110) size 964x0
        RenderInline {SPAN} at (0,0) size 0x0
          RenderText {#text} at (0,0) size 0x0
      RenderBlock (anonymous) at (0,1110) size 964x365
        RenderFieldSet {FIELDSET} at (15,0) size 934x80 [border: (2px groove #C0C0C0)]
          RenderBlock {LEGEND} at (17,0) size 122x19
            RenderText {#text} at (2,0) size 118x19
              text run at (2,0) width 118: "My Legend left"
          RenderBlock (anonymous) at (17,34) size 900x29
            RenderTextControl {INPUT} at (727,2) size 171x25 [bgcolor=#FFFFFF]
            RenderText {#text} at (0,0) size 0x0
        RenderFieldSet {FIELDSET} at (15,95) size 934x80 [border: (2px groove #C0C0C0)]
          RenderBlock {LEGEND} at (393,0) size 148x19
            RenderText {#text} at (2,0) size 144x19
              text run at (2,0) width 144: "My Legend center"
          RenderBlock (anonymous) at (17,34) size 900x29
            RenderTextControl {INPUT} at (727,2) size 171x25 [bgcolor=#FFFFFF]
            RenderText {#text} at (0,0) size 0x0
        RenderFieldSet {FIELDSET} at (15,190) size 934x80 [border: (2px groove #C0C0C0)]
          RenderBlock {LEGEND} at (784,0) size 133x19
            RenderText {#text} at (2,0) size 129x19
              text run at (2,0) width 129: "My Legend right"
          RenderBlock (anonymous) at (17,34) size 900x29
            RenderTextControl {INPUT} at (727,2) size 171x25 [bgcolor=#FFFFFF]
            RenderText {#text} at (0,0) size 0x0
        RenderFieldSet {FIELDSET} at (15,285) size 934x80 [border: (2px groove #C0C0C0)]
          RenderBlock {LEGEND} at (765,0) size 152x19
            RenderText {#text} at (2,0) size 148x19
              text run at (2,0) width 148: "My Legend default"
          RenderBlock (anonymous) at (17,34) size 900x29
            RenderTextControl {INPUT} at (727,2) size 171x25 [bgcolor=#FFFFFF]
            RenderText {#text} at (0,0) size 0x0
      RenderBlock (anonymous) at (0,1490) size 964x0
        RenderInline {SPAN} at (0,0) size 0x0
        RenderText {#text} at (0,0) size 0x0
layer at (30,75) size 164x15
  RenderBlock {DIV} at (4,6) size 164x15
layer at (30,140) size 164x15
  RenderBlock {DIV} at (4,6) size 164x15
layer at (30,205) size 164x15
  RenderBlock {DIV} at (4,6) size 164x15
layer at (30,270) size 164x15
  RenderBlock {DIV} at (4,6) size 164x15
layer at (787,396) size 164x15
  RenderBlock {DIV} at (4,6) size 164x15
layer at (787,461) size 164x15
  RenderBlock {DIV} at (4,6) size 164x15
layer at (787,526) size 164x15
  RenderBlock {DIV} at (4,6) size 164x15
layer at (787,591) size 164x15
  RenderBlock {DIV} at (4,6) size 164x15
layer at (46,727) size 164x15
  RenderBlock {DIV} at (4,6) size 164x15
layer at (46,822) size 164x15
  RenderBlock {DIV} at (4,6) size 164x15
layer at (46,917) size 164x15
  RenderBlock {DIV} at (4,6) size 164x15
layer at (46,1012) size 164x15
  RenderBlock {DIV} at (4,6) size 164x15
layer at (771,1160) size 164x15
  RenderBlock {DIV} at (4,6) size 164x15
layer at (771,1255) size 164x15
  RenderBlock {DIV} at (4,6) size 164x15
layer at (771,1350) size 164x15
  RenderBlock {DIV} at (4,6) size 164x15
layer at (771,1445) size 164x15
  RenderBlock {DIV} at (4,6) size 164x15
