layer at (0,0) size 980x735
  RenderView at (0,0) size 980x735
layer at (0,0) size 980x335
  RenderBlock {HTML} at (0,0) size 980x335
    RenderBody {BODY} at (8,8) size 964x319
      RenderFieldSet {FIELDSET} at (2,0) size 960x319 [border: (2px groove #C0C0C0)]
        RenderBlock (floating) {DIV} at (14,7) size 300x300 [bgcolor=#008000]
        RenderBlock {DIV} at (14,7) size 932x50
          RenderText {#text} at (300,0) size 112x19
            text run at (300,0) width 112: "Other content"
