layer at (0,0) size 980x735
  RenderView at (0,0) size 980x735
layer at (0,0) size 980x735
  RenderBlock {HTML} at (0,0) size 980x735
    RenderBody {BODY} at (8,8) size 964x719
      RenderBlock (floating) {DIV} at (0,0) size 50x400 [bgcolor=#008000]
      RenderFieldSet {FIELDSET} at (50,0) size 912x55 [border: (2px groove #C0C0C0)]
        RenderBlock {LEGEND} at (14,0) size 93x19
          RenderText {#text} at (2,0) size 89x19
            text run at (2,0) width 89: "Hello world"
        RenderBlock (anonymous) at (14,24) size 884x19
          RenderText {#text} at (0,0) size 180x19
            text run at (0,0) width 180: "Some fieldset content."
