layer at (0,0) size 980x735
  RenderView at (0,0) size 980x735
layer at (0,0) size 980x735
  RenderBlock {HTML} at (0,0) size 980x735
    RenderBody {BODY} at (8,8) size 964x719
      RenderBlock (anonymous) at (0,0) size 964x0
        RenderInline {A} at (0,0) size 0x0
          RenderText {#text} at (0,0) size 0x0
        RenderInline {A} at (0,0) size 0x0
      RenderBlock {DIV} at (0,0) size 964x33
        RenderBlock (anonymous) at (0,0) size 964x0
          RenderInline {A} at (0,0) size 0x0
            RenderText {#text} at (0,0) size 0x0
        RenderBlock (anonymous) at (0,0) size 964x33
          RenderTable {TABLE} at (0,0) size 66x33
            RenderTableSection {TBODY} at (0,0) size 66x33
              RenderTableRow {TR} at (0,2) size 66x29
                RenderTableCell {TD} at (2,15) size 2x2 [r=0 c=0 rs=1 cs=1]
                RenderTableCell {TD} at (6,2) size 58x29 [r=0 c=1 rs=1 cs=1]
                  RenderButton {INPUT} at (3,3) size 52x23 [bgcolor=#C0C0C0] [border: (2px outset #C0C0C0)]
                    RenderBlock (anonymous) at (5,5) size 44x15
                      RenderText at (0,0) size 44x15
                        text run at (0,0) width 44: "Search"
        RenderBlock (anonymous) at (0,33) size 964x0
          RenderInline {A} at (0,0) size 0x0
          RenderInline {A} at (0,0) size 0x0 [color=#0000EE]
          RenderText {#text} at (0,0) size 0x0
      RenderBlock (anonymous) at (0,33) size 964x19
        RenderText {#text} at (0,0) size 0x0
        RenderText {#text} at (0,0) size 130x19
          text run at (0,0) width 130: "Form did submit"
