layer at (0,0) size 980x735
  RenderView at (0,0) size 980x735
layer at (0,0) size 980x735
  RenderBlock {HTML} at (0,0) size 980x735
    RenderBody {BODY} at (8,8) size 964x719
      RenderBlock {H1} at (0,0) size 964x37
        RenderText {#text} at (0,0) size 548x38
          text run at (0,0) width 548: "Form Element Geometry Tests"
      RenderBlock {P} at (0,58) size 964x19
        RenderText {#text} at (0,0) size 687x19
          text run at (0,0) width 687: "These tests help us tune the widget classes in KWQ to have all the right fudge factors."
      RenderBlock {H2} at (0,96) size 964x28
        RenderText {#text} at (0,0) size 214x28
          text run at (0,0) width 214: "Bounding Boxes"
      RenderTable {TABLE} at (0,143) size 173x35
        RenderTableSection {TBODY} at (0,0) size 173x35
          RenderTableRow {TR} at (0,2) size 173x31
            RenderTableCell {TD} at (2,3) size 56x29 [r=0 c=0 rs=1 cs=1]
              RenderBlock {DIV} at (1,1) size 54x27 [border: (2px solid #0000FF)]
                RenderInline {FONT} at (0,0) size 50x28
                  RenderButton {INPUT} at (2,2) size 50x23 [bgcolor=#C0C0C0] [border: (2px outset #C0C0C0)]
                    RenderBlock (anonymous) at (5,5) size 42x15
                      RenderText at (0,0) size 42x15
                        text run at (0,0) width 42: "button"
            RenderTableCell {TD} at (60,2) size 71x31 [r=0 c=1 rs=1 cs=1]
              RenderBlock {DIV} at (1,1) size 69x29 [border: (2px solid #0000FF)]
                RenderInline {FONT} at (0,0) size 65x28
                  RenderMenuList {SELECT} at (2,2) size 65x25 [bgcolor=#FFFFFF]
                    RenderBlock (anonymous) at (6,5) size 37x15
                      RenderText at (0,0) size 37x15
                        text run at (0,0) width 37: "menu"
            RenderTableCell {TD} at (133,8) size 18x18 [r=0 c=2 rs=1 cs=1]
              RenderBlock {DIV} at (1,1) size 16x16 [border: (2px solid #0000FF)]
                RenderInline {FONT} at (0,0) size 12x28
                  RenderBlock {INPUT} at (2,2) size 12x12
            RenderTableCell {TD} at (153,8) size 18x18 [r=0 c=3 rs=1 cs=1]
              RenderBlock {DIV} at (1,1) size 16x16 [border: (2px solid #0000FF)]
                RenderInline {FONT} at (0,0) size 12x28
                  RenderBlock {INPUT} at (2,2) size 12x12
      RenderTable {TABLE} at (0,178) size 173x35
        RenderTableSection {TBODY} at (0,0) size 173x35
          RenderTableRow {TR} at (0,2) size 173x31
            RenderTableCell {TD} at (2,3) size 56x29 [r=0 c=0 rs=1 cs=1]
              RenderBlock {DIV} at (1,1) size 54x27 [border: (2px solid #0000FF)]
                RenderButton {INPUT} at (2,2) size 50x23 [bgcolor=#C0C0C0] [border: (2px outset #C0C0C0)]
                  RenderBlock (anonymous) at (5,5) size 42x15
                    RenderText at (0,0) size 42x15
                      text run at (0,0) width 42: "button"
            RenderTableCell {TD} at (60,2) size 71x31 [r=0 c=1 rs=1 cs=1]
              RenderBlock {DIV} at (1,1) size 69x29 [border: (2px solid #0000FF)]
                RenderMenuList {SELECT} at (2,2) size 65x25 [bgcolor=#FFFFFF]
                  RenderBlock (anonymous) at (6,5) size 37x15
                    RenderText at (0,0) size 37x15
                      text run at (0,0) width 37: "menu"
            RenderTableCell {TD} at (133,8) size 18x18 [r=0 c=2 rs=1 cs=1]
              RenderBlock {DIV} at (1,1) size 16x16 [border: (2px solid #0000FF)]
                RenderBlock {INPUT} at (2,2) size 12x12
            RenderTableCell {TD} at (153,8) size 18x18 [r=0 c=3 rs=1 cs=1]
              RenderBlock {DIV} at (1,1) size 16x16 [border: (2px solid #0000FF)]
                RenderBlock {INPUT} at (2,2) size 12x12
      RenderTable {TABLE} at (0,213) size 173x35
        RenderTableSection {TBODY} at (0,0) size 173x35
          RenderTableRow {TR} at (0,2) size 173x31
            RenderTableCell {TD} at (2,3) size 56x29 [r=0 c=0 rs=1 cs=1]
              RenderBlock {DIV} at (1,1) size 54x27 [border: (2px solid #0000FF)]
                RenderInline {FONT} at (0,0) size 50x11
                  RenderButton {INPUT} at (2,2) size 50x23 [bgcolor=#C0C0C0] [border: (2px outset #C0C0C0)]
                    RenderBlock (anonymous) at (5,5) size 42x15
                      RenderText at (0,0) size 42x15
                        text run at (0,0) width 42: "button"
            RenderTableCell {TD} at (60,2) size 71x31 [r=0 c=1 rs=1 cs=1]
              RenderBlock {DIV} at (1,1) size 69x29 [border: (2px solid #0000FF)]
                RenderInline {FONT} at (0,0) size 65x11
                  RenderMenuList {SELECT} at (2,2) size 65x25 [bgcolor=#FFFFFF]
                    RenderBlock (anonymous) at (6,5) size 37x15
                      RenderText at (0,0) size 37x15
                        text run at (0,0) width 37: "menu"
            RenderTableCell {TD} at (133,8) size 18x18 [r=0 c=2 rs=1 cs=1]
              RenderBlock {DIV} at (1,1) size 16x16 [border: (2px solid #0000FF)]
                RenderInline {FONT} at (0,0) size 12x11
                  RenderBlock {INPUT} at (2,2) size 12x12
            RenderTableCell {TD} at (153,8) size 18x18 [r=0 c=3 rs=1 cs=1]
              RenderBlock {DIV} at (1,1) size 16x16 [border: (2px solid #0000FF)]
                RenderInline {FONT} at (0,0) size 12x11
                  RenderBlock {INPUT} at (2,2) size 12x12
      RenderTable {TABLE} at (0,248) size 631x54
        RenderTableSection {TBODY} at (0,0) size 631x54
          RenderTableRow {TR} at (0,2) size 631x50
            RenderTableCell {TD} at (2,2) size 97x31 [r=0 c=0 rs=1 cs=1]
              RenderBlock {DIV} at (1,1) size 95x29 [border: (2px solid #0000FF)]
                RenderTextControl {INPUT} at (2,2) size 91x25 [bgcolor=#FFFFFF]
            RenderTableCell {TD} at (101,2) size 54x31 [r=0 c=1 rs=1 cs=1]
              RenderBlock {DIV} at (1,1) size 52x29 [border: (2px solid #0000FF)]
                RenderMenuList {SELECT} at (2,2) size 48x25 [bgcolor=#FFFFFF]
                  RenderBlock (anonymous) at (6,5) size 20x15
                    RenderBR at (0,0) size 0x15 [bgcolor=#FFFFFF]
            RenderTableCell {TD} at (157,2) size 278x29 [r=0 c=2 rs=1 cs=1]
              RenderBlock {DIV} at (1,1) size 276x27 [border: (2px solid #0000FF)]
                RenderFileUploadControl {INPUT} at (2,2) size 272x23 "No files have been selected"
                  RenderButton {INPUT} at (0,0) size 79x23 [bgcolor=#C0C0C0] [border: (2px outset #C0C0C0)]
                    RenderBlock (anonymous) at (5,5) size 71x15
                      RenderText at (0,0) size 71x15
                        text run at (0,0) width 71: "Upload file"
            RenderTableCell {TD} at (437,2) size 192x50 [r=0 c=3 rs=1 cs=1]
              RenderBlock {DIV} at (1,1) size 190x48 [border: (2px solid #0000FF)]
      RenderBlock {H2} at (0,321) size 964x28
        RenderText {#text} at (0,0) size 259x28
          text run at (0,0) width 259: "Baseline Alignment"
      RenderBlock {DIV} at (0,368) size 964x32
        RenderInline {FONT} at (0,0) size 242x28
          RenderText {#text} at (0,0) size 55x28
            text run at (0,0) width 55: "text "
          RenderButton {INPUT} at (57,5) size 50x23 [bgcolor=#C0C0C0] [border: (2px outset #C0C0C0)]
            RenderBlock (anonymous) at (5,5) size 42x15
              RenderText at (0,0) size 42x15
                text run at (0,0) width 42: "button"
          RenderText {#text} at (109,0) size 8x28
            text run at (109,0) width 8: " "
          RenderMenuList {SELECT} at (119,5) size 65x25 [bgcolor=#FFFFFF]
            RenderBlock (anonymous) at (6,5) size 37x15
              RenderText at (0,0) size 37x15
                text run at (0,0) width 37: "menu"
          RenderText {#text} at (186,0) size 8x28
            text run at (186,0) width 8: " "
          RenderBlock {INPUT} at (198,13) size 12x12
          RenderText {#text} at (214,0) size 8x28
            text run at (214,0) width 8: " "
          RenderBlock {INPUT} at (226,13) size 12x12
          RenderText {#text} at (0,0) size 0x0
      RenderBlock {DIV} at (0,400) size 964x29
        RenderText {#text} at (0,4) size 36x19
          text run at (0,4) width 36: "text "
        RenderButton {INPUT} at (38,2) size 50x23 [bgcolor=#C0C0C0] [border: (2px outset #C0C0C0)]
          RenderBlock (anonymous) at (5,5) size 42x15
            RenderText at (0,0) size 42x15
              text run at (0,0) width 42: "button"
        RenderText {#text} at (90,4) size 5x19
          text run at (90,4) width 5: " "
        RenderMenuList {SELECT} at (97,2) size 65x25 [bgcolor=#FFFFFF]
          RenderBlock (anonymous) at (6,5) size 37x15
            RenderText at (0,0) size 37x15
              text run at (0,0) width 37: "menu"
        RenderText {#text} at (164,4) size 5x19
          text run at (164,4) width 5: " "
        RenderBlock {INPUT} at (173,10) size 12x12
        RenderText {#text} at (189,4) size 5x19
          text run at (189,4) width 5: " "
        RenderBlock {INPUT} at (198,10) size 12x12
        RenderText {#text} at (0,0) size 0x0
      RenderBlock {DIV} at (0,429) size 964x29
        RenderInline {FONT} at (0,0) size 195x11
          RenderText {#text} at (0,10) size 23x11
            text run at (0,10) width 23: "text "
          RenderButton {INPUT} at (25,2) size 50x23 [bgcolor=#C0C0C0] [border: (2px outset #C0C0C0)]
            RenderBlock (anonymous) at (5,5) size 42x15
              RenderText at (0,0) size 42x15
                text run at (0,0) width 42: "button"
          RenderText {#text} at (77,10) size 3x11
            text run at (77,10) width 3: " "
          RenderMenuList {SELECT} at (82,2) size 65x25 [bgcolor=#FFFFFF]
            RenderBlock (anonymous) at (6,5) size 37x15
              RenderText at (0,0) size 37x15
                text run at (0,0) width 37: "menu"
          RenderText {#text} at (149,10) size 3x11
            text run at (149,10) width 3: " "
          RenderBlock {INPUT} at (156,10) size 12x12
          RenderText {#text} at (172,10) size 3x11
            text run at (172,10) width 3: " "
          RenderBlock {INPUT} at (179,10) size 12x12
          RenderText {#text} at (0,0) size 0x0
      RenderBlock {DIV} at (0,458) size 964x53
        RenderText {#text} at (0,29) size 36x19
          text run at (0,29) width 36: "text "
        RenderTextControl {INPUT} at (38,26) size 91x25 [bgcolor=#FFFFFF]
        RenderText {#text} at (131,29) size 5x19
          text run at (131,29) width 5: " "
        RenderFileUploadControl {INPUT} at (138,27) size 272x23 "No files have been selected"
          RenderButton {INPUT} at (0,0) size 79x23 [bgcolor=#C0C0C0] [border: (2px outset #C0C0C0)]
            RenderBlock (anonymous) at (5,5) size 71x15
              RenderText at (0,0) size 71x15
                text run at (0,0) width 71: "Upload file"
        RenderText {#text} at (412,29) size 5x19
          text run at (412,29) width 5: " "
        RenderText {#text} at (0,0) size 0x0
      RenderBlock {H2} at (0,530) size 964x28
        RenderText {#text} at (0,0) size 254x28
          text run at (0,0) width 254: "Pop-up Menu Sizes"
      RenderBlock {DIV} at (0,577) size 964x32
        RenderInline {FONT} at (0,0) size 180x28
          RenderText {#text} at (0,0) size 0x0
          RenderMenuList {SELECT} at (2,5) size 28x25 [bgcolor=#FFFFFF]
            RenderBlock (anonymous) at (6,5) size 0x15
              RenderBR at (0,0) size 0x15 [bgcolor=#FFFFFF]
          RenderText {#text} at (32,0) size 8x28
            text run at (32,0) width 8: " "
          RenderMenuList {SELECT} at (42,5) size 32x25 [bgcolor=#FFFFFF]
            RenderBlock (anonymous) at (6,5) size 4x15
              RenderText at (0,0) size 4x15
                text run at (0,0) width 4: "|"
          RenderText {#text} at (76,0) size 8x28
            text run at (76,0) width 8: " "
          RenderMenuList {SELECT} at (86,5) size 92x25 [bgcolor=#FFFFFF]
            RenderBlock (anonymous) at (6,5) size 64x15
              RenderText at (0,0) size 64x15
                text run at (0,0) width 64: "xxxxxxxx"
          RenderText {#text} at (0,0) size 0x0
      RenderBlock {DIV} at (0,609) size 964x29
        RenderMenuList {SELECT} at (2,2) size 28x25 [bgcolor=#FFFFFF]
          RenderBlock (anonymous) at (6,5) size 0x15
            RenderBR at (0,0) size 0x15 [bgcolor=#FFFFFF]
        RenderText {#text} at (32,4) size 5x19
          text run at (32,4) width 5: " "
        RenderMenuList {SELECT} at (39,2) size 32x25 [bgcolor=#FFFFFF]
          RenderBlock (anonymous) at (6,5) size 4x15
            RenderText at (0,0) size 4x15
              text run at (0,0) width 4: "|"
        RenderText {#text} at (73,4) size 5x19
          text run at (73,4) width 5: " "
        RenderMenuList {SELECT} at (80,2) size 92x25 [bgcolor=#FFFFFF]
          RenderBlock (anonymous) at (6,5) size 64x15
            RenderText at (0,0) size 64x15
              text run at (0,0) width 64: "xxxxxxxx"
        RenderText {#text} at (0,0) size 0x0
      RenderBlock {DIV} at (0,638) size 964x29
        RenderInline {FONT} at (0,0) size 170x11
          RenderText {#text} at (0,0) size 0x0
          RenderMenuList {SELECT} at (2,2) size 28x25 [bgcolor=#FFFFFF]
            RenderBlock (anonymous) at (6,5) size 0x15
              RenderBR at (0,0) size 0x15 [bgcolor=#FFFFFF]
          RenderText {#text} at (32,10) size 3x11
            text run at (32,10) width 3: " "
          RenderMenuList {SELECT} at (37,2) size 32x25 [bgcolor=#FFFFFF]
            RenderBlock (anonymous) at (6,5) size 4x15
              RenderText at (0,0) size 4x15
                text run at (0,0) width 4: "|"
          RenderText {#text} at (71,10) size 3x11
            text run at (71,10) width 3: " "
          RenderMenuList {SELECT} at (76,2) size 92x25 [bgcolor=#FFFFFF]
            RenderBlock (anonymous) at (6,5) size 64x15
              RenderText at (0,0) size 64x15
                text run at (0,0) width 64: "xxxxxxxx"
          RenderText {#text} at (0,0) size 0x0
layer at (17,267) size 84x15
  RenderBlock {DIV} at (4,6) size 84x15
    RenderText {#text} at (0,0) size 59x15
      text run at (0,0) width 59: "text field"
layer at (450,263) size 182x40
  RenderTextControl {TEXTAREA} at (4,4) size 182x40 [bgcolor=#FFFFFF]
    RenderBlock {DIV} at (4,6) size 175x15
      RenderText {#text} at (0,0) size 55x15
        text run at (0,0) width 55: "textarea"
layer at (50,498) size 84x15
  RenderBlock {DIV} at (4,6) size 84x15
    RenderText {#text} at (0,0) size 59x15
      text run at (0,0) width 59: "text field"
layer at (427,468) size 182x40
  RenderTextControl {TEXTAREA} at (419,2) size 182x40 [bgcolor=#FFFFFF]
    RenderBlock {DIV} at (4,6) size 175x15
      RenderText {#text} at (0,0) size 55x15
        text run at (0,0) width 55: "textarea"
