layer at (0,0) size 980x735
  RenderView at (0,0) size 980x735
layer at (0,0) size 980x735
  RenderBlock {HTML} at (0,0) size 980x735
    RenderBody {BODY} at (8,8) size 964x719
      RenderBlock (anonymous) at (0,0) size 964x0
        RenderInline {B} at (0,0) size 0x0
          RenderInline {FORM} at (0,0) size 0x0
      RenderTable {TABLE} at (0,0) size 294x25
        RenderTableSection {TBODY} at (0,0) size 294x25
          RenderTableRow {TR} at (0,2) size 294x21
            RenderTableCell {TD} at (2,2) size 286x21 [r=0 c=0 rs=1 cs=1]
              RenderText {#text} at (1,1) size 284x19
                text run at (1,1) width 284: "This test passes if it does not crash."
            RenderTableCell {TD} at (290,3) size 2x18 [r=0 c=1 rs=1 cs=1]
              RenderBlock {P} at (1,17) size 0x0
