layer at (0,0) size 980x735
  RenderView at (0,0) size 980x735
layer at (0,0) size 980x735
  RenderBlock {HTML} at (0,0) size 980x735
    RenderBody {BODY} at (8,8) size 964x719
      RenderText {#text} at (0,0) size 639x19
        text run at (0,0) width 639: "This tests that the whole listbox control is hidden when visibility is set to hidden. "
      RenderBR {BR} at (639,15) size 0x0
      RenderMenuList {SELECT} at (2,21) size 224x25 [bgcolor=#FFFFFF]
        RenderBlock (anonymous) at (6,5) size 196x15
          RenderBR at (0,0) size 0x15 [bgcolor=#FFFFFF]
      RenderText {#text} at (0,0) size 0x0
