layer at (0,0) size 980x735
  RenderView at (0,0) size 980x735
layer at (0,0) size 980x735
  RenderBlock {HTML} at (0,0) size 980x735
    RenderBody {BODY} at (8,8) size 964x719
      RenderText {#text} at (0,0) size 844x19
        text run at (0,0) width 844: "In the list box below, the text \"This text should appear\" should be shown as the first entry into the list box."
      RenderBR {BR} at (844,15) size 0x0
      RenderMenuList {SELECT} at (2,21) size 181x25 [bgcolor=#FFFFFF]
        RenderBlock (anonymous) at (6,5) size 153x15
          RenderBR at (0,0) size 0x15 [bgcolor=#FFFFFF]
      RenderText {#text} at (0,0) size 0x0
