layer at (0,0) size 980x735
  RenderView at (0,0) size 980x735
layer at (0,0) size 980x735
  RenderBlock {HTML} at (0,0) size 980x735
    RenderBody {BODY} at (8,8) size 964x719
      RenderText {#text} at (20,0) size 623x19
        text run at (20,0) width 623: " This checkbox should look 50% transparent and should be in the mixed state."
      RenderText {#text} at (0,0) size 0x0
layer at (12,14) size 12x12
  RenderBlock {INPUT} at (4,6) size 12x12
