layer at (0,0) size 980x735
  RenderView at (0,0) size 980x735
layer at (0,0) size 980x735
  RenderBlock {HTML} at (0,0) size 980x735
    RenderBody {BODY} at (8,8) size 964x711
      RenderBlock {DIV} at (0,0) size 425x75 [bgcolor=#FFFF00]
        RenderTextControl {INPUT} at (27,27) size 171x25 [bgcolor=#FFFFFF]
      RenderBlock {P} at (0,91) size 964x38
        RenderText {#text} at (0,0) size 929x38
          text run at (0,0) width 929: "This test clicks outside an input element, and must not result in the element receiving focus. If the test succeeds the"
          text run at (0,19) width 302: "element should not have a focus ring."
layer at (39,41) size 164x15
  RenderBlock {DIV} at (4,6) size 164x15
caret: position 0 of child 0 {DIV} of {#shadow-root} of child 0 {INPUT} of child 0 {DIV} of body
