layer at (0,0) size 980x735
  RenderView at (0,0) size 980x735
layer at (0,0) size 980x735
  RenderBlock {HTML} at (0,0) size 980x735
    RenderBody {BODY} at (8,8) size 964x719
      RenderText {#text} at (0,0) size 930x38
        text run at (0,0) width 930: "This tests that leading and trailing spaces in a text field don't get lost. There should be 3 spaces before and 3 spaces"
        text run at (0,19) width 205: "after the text in the field. "
      RenderBR {BR} at (205,34) size 0x0
      RenderTextControl {INPUT} at (2,40) size 171x25 [bgcolor=#FFFFFF]
      RenderText {#text} at (0,0) size 0x0
layer at (14,54) size 164x15
  RenderBlock {DIV} at (4,6) size 164x15
    RenderText {#text} at (0,0) size 70x15
      text run at (0,0) width 70: "   foo bar   "
