layer at (0,0) size 980x735
  RenderView at (0,0) size 980x735
layer at (0,0) size 980x735
  RenderBlock {HTML} at (0,0) size 980x735
    RenderBody {BODY} at (8,8) size 964x719
      RenderText {#text} at (0,0) size 514x19
        text run at (0,0) width 514: "This tests that text can not be inserted into a disabled text field. "
      RenderBR {BR} at (514,15) size 0x0
      RenderTextControl {INPUT} at (2,21) size 171x25 [bgcolor=#FFFFFF]
      RenderText {#text} at (0,0) size 0x0
layer at (14,35) size 164x15
  RenderBlock {DIV} at (4,6) size 164x15 [color=#545454]
    RenderText {#text} at (0,0) size 78x15
      text run at (0,0) width 78: "Test Passed"
