layer at (0,0) size 980x735
  RenderView at (0,0) size 980x735
layer at (0,0) size 980x547
  RenderBlock {HTML} at (0,0) size 980x547
    RenderBody {BODY} at (8,16) size 964x523
      RenderBlock {P} at (0,0) size 964x19
        RenderText {#text} at (0,0) size 529x19
          text run at (0,0) width 412: "The top table was resized while the field\x{2019}s contents "
          text run at (412,0) width 117: "were selected."
      RenderTable {TABLE} at (0,35) size 219x244
        RenderTableSection {TBODY} at (0,0) size 219x244
          RenderTableRow {TR} at (0,2) size 219x240
            RenderTableCell {TD} at (2,87) size 215x69 [bgcolor=#90EE90] [r=0 c=0 rs=1 cs=1]
              RenderTextControl {INPUT} at (22,22) size 171x25 [bgcolor=#FFFFFF]
              RenderText {#text} at (0,0) size 0x0
      RenderTable {TABLE} at (0,279) size 219x244
        RenderTableSection {TBODY} at (0,0) size 219x244
          RenderTableRow {TR} at (0,2) size 219x240
            RenderTableCell {TD} at (2,87) size 215x69 [bgcolor=#90EE90] [r=0 c=0 rs=1 cs=1]
              RenderTextControl {INPUT} at (22,22) size 171x25 [bgcolor=#FFFFFF]
              RenderText {#text} at (0,0) size 0x0
layer at (36,166) size 164x15
  RenderBlock {DIV} at (4,6) size 164x15
    RenderText {#text} at (0,0) size 46x15
      text run at (0,0) width 46: "foo bar"
layer at (36,410) size 164x15
  RenderBlock {DIV} at (4,6) size 164x15
    RenderText {#text} at (0,0) size 46x15
      text run at (0,0) width 46: "foo bar"
selection start: position 0 of child 0 {#text} of child 0 {DIV} of {#shadow-root} of child 1 {INPUT} of child 1 {TD} of child 0 {TR} of child 1 {TBODY} of child 3 {TABLE} of body
selection end:   position 7 of child 0 {#text} of child 0 {DIV} of {#shadow-root} of child 1 {INPUT} of child 1 {TD} of child 0 {TR} of child 1 {TBODY} of child 3 {TABLE} of body
