layer at (0,0) size 980x735
  RenderView at (0,0) size 980x735
layer at (0,0) size 980x735
  RenderBlock {HTML} at (0,0) size 980x735
    RenderBody {BODY} at (8,8) size 964x719
      RenderText {#text} at (0,0) size 380x19
        text run at (0,0) width 380: "This tests that text fields get the right baseline. "
      RenderBR {BR} at (380,15) size 0x0
      RenderBR {BR} at (0,19) size 0x19
      RenderTextControl {INPUT} at (2,40) size 171x25 [bgcolor=#FFFFFF]
      RenderText {#text} at (175,43) size 538x19
        text run at (175,43) width 538: "This text should line up with the bottom of the text in the text field. "
      RenderBR {BR} at (713,58) size 0x0
      RenderBR {BR} at (0,67) size 0x19
      RenderTextControl {INPUT} at (2,88) size 171x135 [bgcolor=#FFFFFF]
      RenderText {#text} at (175,178) size 533x19
        text run at (175,178) width 533: "This text should line up with the bottom of the text in the text field."
layer at (14,54) size 164x15
  RenderBlock {DIV} at (4,6) size 164x15
layer at (14,102) size 164x125
  RenderBlock {DIV} at (4,6) size 164x125
