layer at (0,0) size 980x735
  RenderView at (0,0) size 980x735
layer at (0,0) size 980x735
  RenderBlock {HTML} at (0,0) size 980x735
    RenderBody {BODY} at (8,8) size 964x719
      RenderText {#text} at (0,0) size 756x19
        text run at (0,0) width 756: "This test passes if it doesn't crash and if the Submit button does not honor the first-letter style."
      RenderBR {BR} at (756,15) size 0x0
      RenderButton {INPUT} at (2,21) size 62x24 [border: (2px outset #C0C0C0)]
        RenderBlock (anonymous) at (8,4) size 46x15
          RenderText at (0,0) size 46x15
            text run at (0,0) width 46: "Submit"
      RenderText {#text} at (0,0) size 0x0
