layer at (0,0) size 980x735
  RenderView at (0,0) size 980x735
layer at (0,0) size 980x735
  RenderBlock {HTML} at (0,0) size 980x735
    RenderBody {BODY} at (8,8) size 964x719
      RenderButton {INPUT} at (0,12) size 37x14 [bgcolor=#C0C0C0] [border: (2px outset #C0C0C0)]
        RenderBlock (anonymous) at (5,5) size 29x6
          RenderText at (0,0) size 29x6
            text run at (0,0) width 29: "Test Button"
      RenderText {#text} at (37,7) size 5x19
        text run at (37,7) width 5: " "
      RenderButton {INPUT} at (42,11) size 43x15 [bgcolor=#C0C0C0] [border: (2px outset #C0C0C0)]
        RenderBlock (anonymous) at (5,5) size 35x7
          RenderText at (0,0) size 35x7
            text run at (0,0) width 35: "Test Button"
      RenderText {#text} at (85,7) size 5x19
        text run at (85,7) width 5: " "
      RenderButton {INPUT} at (90,10) size 48x16 [bgcolor=#C0C0C0] [border: (2px outset #C0C0C0)]
        RenderBlock (anonymous) at (5,5) size 40x8
          RenderText at (0,0) size 40x9
            text run at (0,0) width 40: "Test Button"
      RenderText {#text} at (138,7) size 5x19
        text run at (138,7) width 5: " "
      RenderButton {INPUT} at (143,10) size 54x17 [bgcolor=#C0C0C0] [border: (2px outset #C0C0C0)]
        RenderBlock (anonymous) at (5,5) size 46x9
          RenderText at (0,0) size 46x9
            text run at (0,0) width 46: "Test Button"
      RenderText {#text} at (197,7) size 5x19
        text run at (197,7) width 5: " "
      RenderButton {INPUT} at (202,9) size 64x18 [bgcolor=#C0C0C0] [border: (2px outset #C0C0C0)]
        RenderBlock (anonymous) at (5,5) size 56x10
          RenderText at (0,0) size 56x10
            text run at (0,0) width 56: "Test Button"
      RenderText {#text} at (266,7) size 5x19
        text run at (266,7) width 5: " "
      RenderButton {INPUT} at (271,8) size 65x20 [bgcolor=#C0C0C0] [border: (2px outset #C0C0C0)]
        RenderBlock (anonymous) at (5,5) size 57x12
          RenderText at (0,0) size 57x11
            text run at (0,0) width 57: "Test Button"
      RenderText {#text} at (336,7) size 5x19
        text run at (336,7) width 5: " "
      RenderButton {INPUT} at (343,7) size 73x21 [bgcolor=#C0C0C0] [border: (2px outset #C0C0C0)]
        RenderBlock (anonymous) at (5,5) size 65x13
          RenderText at (0,0) size 65x13
            text run at (0,0) width 65: "Test Button"
      RenderText {#text} at (418,7) size 5x19
        text run at (418,7) width 5: " "
      RenderButton {INPUT} at (425,6) size 78x22 [bgcolor=#C0C0C0] [border: (2px outset #C0C0C0)]
        RenderBlock (anonymous) at (5,5) size 70x14
          RenderText at (0,0) size 70x14
            text run at (0,0) width 70: "Test Button"
      RenderText {#text} at (505,7) size 5x19
        text run at (505,7) width 5: " "
      RenderButton {INPUT} at (512,5) size 83x23 [bgcolor=#C0C0C0] [border: (2px outset #C0C0C0)]
        RenderBlock (anonymous) at (5,5) size 75x15
          RenderText at (0,0) size 75x15
            text run at (0,0) width 75: "Test Button"
      RenderText {#text} at (597,7) size 5x19
        text run at (597,7) width 5: " "
      RenderButton {INPUT} at (604,4) size 89x24 [bgcolor=#C0C0C0] [border: (2px outset #C0C0C0)]
        RenderBlock (anonymous) at (5,5) size 81x16
          RenderText at (0,0) size 81x16
            text run at (0,0) width 81: "Test Button"
      RenderText {#text} at (695,7) size 5x19
        text run at (695,7) width 5: " "
      RenderButton {INPUT} at (702,3) size 96x25 [bgcolor=#C0C0C0] [border: (2px outset #C0C0C0)]
        RenderBlock (anonymous) at (5,5) size 88x17
          RenderText at (0,0) size 88x18
            text run at (0,0) width 88: "Test Button"
      RenderText {#text} at (800,7) size 5x19
        text run at (800,7) width 5: " "
      RenderButton {INPUT} at (807,2) size 100x27 [bgcolor=#C0C0C0] [border: (2px outset #C0C0C0)]
        RenderBlock (anonymous) at (5,5) size 92x19
          RenderText at (0,0) size 92x19
            text run at (0,0) width 92: "Test Button"
      RenderText {#text} at (909,7) size 5x19
        text run at (909,7) width 5: " "
      RenderButton {INPUT} at (2,37) size 107x28 [bgcolor=#C0C0C0] [border: (2px outset #C0C0C0)]
        RenderBlock (anonymous) at (5,5) size 99x20
          RenderText at (0,0) size 99x20
            text run at (0,0) width 99: "Test Button"
      RenderText {#text} at (111,43) size 5x19
        text run at (111,43) width 5: " "
      RenderButton {INPUT} at (118,36) size 111x29 [bgcolor=#C0C0C0] [border: (2px outset #C0C0C0)]
        RenderBlock (anonymous) at (5,5) size 103x21
          RenderText at (0,0) size 103x21
            text run at (0,0) width 103: "Test Button"
      RenderText {#text} at (231,43) size 5x19
        text run at (231,43) width 5: " "
      RenderButton {INPUT} at (238,35) size 118x30 [bgcolor=#C0C0C0] [border: (2px outset #C0C0C0)]
        RenderBlock (anonymous) at (5,5) size 110x22
          RenderText at (0,0) size 110x22
            text run at (0,0) width 110: "Test Button"
      RenderText {#text} at (358,43) size 5x19
        text run at (358,43) width 5: " "
      RenderButton {INPUT} at (365,34) size 124x31 [bgcolor=#C0C0C0] [border: (2px outset #C0C0C0)]
        RenderBlock (anonymous) at (5,5) size 116x23
          RenderText at (0,0) size 116x24
            text run at (0,0) width 116: "Test Button"
      RenderText {#text} at (491,43) size 5x19
        text run at (491,43) width 5: " "
      RenderButton {INPUT} at (498,33) size 129x32 [bgcolor=#C0C0C0] [border: (2px outset #C0C0C0)]
        RenderBlock (anonymous) at (5,5) size 121x24
          RenderText at (0,0) size 121x25
            text run at (0,0) width 121: "Test Button"
      RenderText {#text} at (0,0) size 0x0
