layer at (0,0) size 980x735
  RenderView at (0,0) size 980x735
layer at (0,0) size 980x735
  RenderBlock {HTML} at (0,0) size 980x735
    RenderBody {BODY} at (8,8) size 964x719
      RenderText {#text} at (0,0) size 655x19
        text run at (0,0) width 655: "This tests that the text color changes appropriately when the text field is disabled."
      RenderBR {BR} at (655,15) size 0x0
      RenderTextControl {INPUT} at (2,21) size 171x25 [bgcolor=#FFFFFF]
      RenderText {#text} at (175,24) size 5x19
        text run at (175,24) width 5: " "
      RenderTextControl {INPUT} at (182,21) size 171x25 [bgcolor=#FFFFFF]
      RenderBR {BR} at (355,39) size 0x0
      RenderTextControl {INPUT} at (2,50) size 171x25 [color=#FF0000] [bgcolor=#FFFFFF]
      RenderText {#text} at (175,53) size 5x19
        text run at (175,53) width 5: " "
      RenderTextControl {INPUT} at (182,50) size 171x25 [color=#FF0000] [bgcolor=#FFFFFF]
      RenderBR {BR} at (355,68) size 0x0
      RenderTextControl {INPUT} at (2,79) size 170x21 [bgcolor=#0000FF] [border: (2px inset #000000)]
      RenderText {#text} at (174,79) size 5x19
        text run at (174,79) width 5: " "
      RenderTextControl {INPUT} at (181,79) size 170x21 [bgcolor=#0000FF] [border: (2px inset #000000)]
      RenderBR {BR} at (353,94) size 0x0
      RenderTextControl {INPUT} at (2,104) size 170x21 [color=#FF0000] [bgcolor=#0000FF] [border: (2px inset #FF0000)]
      RenderText {#text} at (174,104) size 5x19
        text run at (174,104) width 5: " "
      RenderTextControl {INPUT} at (181,104) size 170x21 [color=#FF0000] [bgcolor=#0000FF] [border: (2px inset #FF0000)]
      RenderBR {BR} at (353,119) size 0x0
      RenderTextControl {INPUT} at (2,129) size 170x21 [bgcolor=#000000] [border: (2px inset #000000)]
      RenderText {#text} at (174,129) size 5x19
        text run at (174,129) width 5: " "
      RenderTextControl {INPUT} at (181,129) size 170x21 [bgcolor=#000000] [border: (2px inset #000000)]
      RenderBR {BR} at (353,144) size 0x0
      RenderTextControl {INPUT} at (2,154) size 170x21 [color=#FFFFFF] [bgcolor=#000000] [border: (2px inset #FFFFFF)]
      RenderText {#text} at (174,154) size 5x19
        text run at (174,154) width 5: " "
      RenderTextControl {INPUT} at (181,154) size 170x21 [color=#FFFFFF] [bgcolor=#000000] [border: (2px inset #FFFFFF)]
      RenderBR {BR} at (353,169) size 0x0
      RenderTextControl {INPUT} at (2,179) size 170x21 [bgcolor=#808080] [border: (2px inset #000000)]
      RenderText {#text} at (174,179) size 5x19
        text run at (174,179) width 5: " "
      RenderTextControl {INPUT} at (181,179) size 170x21 [bgcolor=#808080] [border: (2px inset #000000)]
      RenderBR {BR} at (353,194) size 0x0
      RenderTextControl {INPUT} at (2,204) size 170x21 [color=#FFFFFF] [bgcolor=#A9A9A9] [border: (2px inset #FFFFFF)]
      RenderText {#text} at (174,204) size 5x19
        text run at (174,204) width 5: " "
      RenderTextControl {INPUT} at (181,204) size 170x21 [color=#FFFFFF] [bgcolor=#A9A9A9] [border: (2px inset #FFFFFF)]
      RenderBR {BR} at (353,219) size 0x0
      RenderTextControl {INPUT} at (2,229) size 170x21 [color=#808080] [bgcolor=#000000] [border: (2px inset #808080)]
      RenderText {#text} at (174,229) size 5x19
        text run at (174,229) width 5: " "
      RenderTextControl {INPUT} at (181,229) size 170x21 [color=#808080] [bgcolor=#000000] [border: (2px inset #808080)]
      RenderBR {BR} at (353,244) size 0x0
      RenderTextControl {INPUT} at (2,254) size 170x21 [color=#FF0000] [bgcolor=#808080] [border: (2px inset #FF0000)]
      RenderText {#text} at (174,254) size 5x19
        text run at (174,254) width 5: " "
      RenderTextControl {INPUT} at (181,254) size 170x21 [color=#FF0000] [bgcolor=#808080] [border: (2px inset #FF0000)]
      RenderBR {BR} at (353,269) size 0x0
      RenderTextControl {INPUT} at (2,279) size 170x21 [color=#808080] [bgcolor=#FF0000] [border: (2px inset #808080)]
      RenderText {#text} at (174,279) size 5x19
        text run at (174,279) width 5: " "
      RenderTextControl {INPUT} at (181,279) size 170x21 [color=#808080] [bgcolor=#FF0000] [border: (2px inset #808080)]
      RenderBR {BR} at (353,294) size 0x0
      RenderTextControl {INPUT} at (2,304) size 171x25 [color=#FF0000] [bgcolor=#FFFFFF]
      RenderText {#text} at (175,307) size 5x19
        text run at (175,307) width 5: " "
      RenderTextControl {INPUT} at (182,304) size 171x25 [color=#FF0000] [bgcolor=#FFFFFF]
      RenderBR {BR} at (355,322) size 0x0
      RenderTextControl {INPUT} at (2,333) size 170x21 [color=#FF0000] [border: (2px inset #FF0000)]
      RenderText {#text} at (174,333) size 5x19
        text run at (174,333) width 5: " "
      RenderTextControl {INPUT} at (181,333) size 170x21 [color=#FF0000] [border: (2px inset #FF0000)]
      RenderBR {BR} at (353,348) size 0x0
layer at (14,35) size 164x15 scrollWidth 431
  RenderBlock {DIV} at (4,6) size 164x15 [color=#545454]
    RenderText {#text} at (0,0) size 431x15
      text run at (0,0) width 431: "The text in this disabled field should displayed as dimmed or grey"
layer at (194,35) size 164x15 scrollWidth 190
  RenderBlock {DIV} at (4,6) size 164x15
    RenderText {#text} at (0,0) size 189x15
      text run at (0,0) width 189: "This text field is not disabled"
layer at (14,64) size 164x15 scrollWidth 431
  RenderBlock {DIV} at (4,6) size 164x15
    RenderText {#text} at (0,0) size 431x15
      text run at (0,0) width 431: "The text in this disabled field should displayed as dimmed or grey"
layer at (194,64) size 164x15 scrollWidth 190
  RenderBlock {DIV} at (4,6) size 164x15
    RenderText {#text} at (0,0) size 189x15
      text run at (0,0) width 189: "This text field is not disabled"
layer at (13,90) size 164x15 scrollWidth 431
  RenderBlock {DIV} at (3,3) size 164x15 [color=#545454]
    RenderText {#text} at (0,0) size 431x15
      text run at (0,0) width 431: "The text in this disabled field should displayed as dimmed or grey"
layer at (192,90) size 164x15 scrollWidth 190
  RenderBlock {DIV} at (3,3) size 164x15
    RenderText {#text} at (0,0) size 189x15
      text run at (0,0) width 189: "This text field is not disabled"
layer at (13,115) size 164x15 scrollWidth 431
  RenderBlock {DIV} at (3,3) size 164x15 [color=#AB0000]
    RenderText {#text} at (0,0) size 431x15
      text run at (0,0) width 431: "The text in this disabled field should displayed as dimmed or grey"
layer at (192,115) size 164x15 scrollWidth 190
  RenderBlock {DIV} at (3,3) size 164x15
    RenderText {#text} at (0,0) size 189x15
      text run at (0,0) width 189: "This text field is not disabled"
layer at (13,140) size 164x15 scrollWidth 431
  RenderBlock {DIV} at (3,3) size 164x15 [color=#545454]
    RenderText {#text} at (0,0) size 431x15
      text run at (0,0) width 431: "The text in this disabled field should displayed as dimmed or grey"
layer at (192,140) size 164x15 scrollWidth 190
  RenderBlock {DIV} at (3,3) size 164x15
    RenderText {#text} at (0,0) size 189x15
      text run at (0,0) width 189: "This text field is not disabled"
layer at (13,165) size 164x15 scrollWidth 431
  RenderBlock {DIV} at (3,3) size 164x15 [color=#ABABAB]
    RenderText {#text} at (0,0) size 431x15
      text run at (0,0) width 431: "The text in this disabled field should displayed as dimmed or grey"
layer at (192,165) size 164x15 scrollWidth 190
  RenderBlock {DIV} at (3,3) size 164x15
    RenderText {#text} at (0,0) size 189x15
      text run at (0,0) width 189: "This text field is not disabled"
layer at (13,190) size 164x15 scrollWidth 431
  RenderBlock {DIV} at (3,3) size 164x15 [color=#545454]
    RenderText {#text} at (0,0) size 431x15
      text run at (0,0) width 431: "The text in this disabled field should displayed as dimmed or grey"
layer at (192,190) size 164x15 scrollWidth 190
  RenderBlock {DIV} at (3,3) size 164x15
    RenderText {#text} at (0,0) size 189x15
      text run at (0,0) width 189: "This text field is not disabled"
layer at (13,215) size 164x15 scrollWidth 431
  RenderBlock {DIV} at (3,3) size 164x15
    RenderText {#text} at (0,0) size 431x15
      text run at (0,0) width 431: "The text in this disabled field should displayed as dimmed or grey"
layer at (192,215) size 164x15 scrollWidth 190
  RenderBlock {DIV} at (3,3) size 164x15
    RenderText {#text} at (0,0) size 189x15
      text run at (0,0) width 189: "This text field is not disabled"
layer at (13,240) size 164x15 scrollWidth 431
  RenderBlock {DIV} at (3,3) size 164x15 [color=#2C2C2C]
    RenderText {#text} at (0,0) size 431x15
      text run at (0,0) width 431: "The text in this disabled field should displayed as dimmed or grey"
layer at (192,240) size 164x15 scrollWidth 190
  RenderBlock {DIV} at (3,3) size 164x15
    RenderText {#text} at (0,0) size 189x15
      text run at (0,0) width 189: "This text field is not disabled"
layer at (13,265) size 164x15 scrollWidth 431
  RenderBlock {DIV} at (3,3) size 164x15
    RenderText {#text} at (0,0) size 431x15
      text run at (0,0) width 431: "The text in this disabled field should displayed as dimmed or grey"
layer at (192,265) size 164x15 scrollWidth 190
  RenderBlock {DIV} at (3,3) size 164x15
    RenderText {#text} at (0,0) size 189x15
      text run at (0,0) width 189: "This text field is not disabled"
layer at (13,290) size 164x15 scrollWidth 431
  RenderBlock {DIV} at (3,3) size 164x15 [color=#2C2C2C]
    RenderText {#text} at (0,0) size 431x15
      text run at (0,0) width 431: "The text in this disabled field should displayed as dimmed or grey"
layer at (192,290) size 164x15 scrollWidth 190
  RenderBlock {DIV} at (3,3) size 164x15
    RenderText {#text} at (0,0) size 189x15
      text run at (0,0) width 189: "This text field is not disabled"
layer at (14,318) size 164x15 scrollWidth 431
  RenderBlock {DIV} at (4,6) size 164x15
    RenderText {#text} at (0,0) size 431x15
      text run at (0,0) width 431: "The text in this disabled field should displayed as dimmed or grey"
layer at (194,318) size 164x15 scrollWidth 190
  RenderBlock {DIV} at (4,6) size 164x15
    RenderText {#text} at (0,0) size 189x15
      text run at (0,0) width 189: "This text field is not disabled"
layer at (13,344) size 164x15 scrollWidth 431
  RenderBlock {DIV} at (3,3) size 164x15
    RenderText {#text} at (0,0) size 431x15
      text run at (0,0) width 431: "The text in this disabled field should displayed as dimmed or grey"
layer at (192,344) size 164x15 scrollWidth 190
  RenderBlock {DIV} at (3,3) size 164x15
    RenderText {#text} at (0,0) size 189x15
      text run at (0,0) width 189: "This text field is not disabled"
