layer at (0,0) size 980x735
  RenderView at (0,0) size 980x735
layer at (0,0) size 980x735
  RenderBlock {HTML} at (0,0) size 980x735
    RenderBody {BODY} at (8,8) size 964x711
      RenderBlock {DIV} at (0,0) size 425x75 [bgcolor=#FFFF00]
        RenderTextControl {INPUT} at (27,27) size 171x25 [bgcolor=#FFFFFF]
      RenderBlock {P} at (0,91) size 964x38
        RenderText {#text} at (0,0) size 957x38
          text run at (0,0) width 957: "This test clicks inside an input element, and must result in the element receiving focus. If the test succeeds the element"
          text run at (0,19) width 200: "should have a focus ring."
layer at (39,41) size 164x15
  RenderBlock {DIV} at (4,6) size 164x15
caret: position 0 of child 0 {DIV} of {#shadow-root} of child 0 {INPUT} of child 0 {DIV} of body
