layer at (0,0) size 980x735
  RenderView at (0,0) size 980x735
layer at (0,0) size 980x735
  RenderBlock {HTML} at (0,0) size 980x735
    RenderBody {BODY} at (8,8) size 964x719
      RenderText {#text} at (0,0) size 588x19
        text run at (0,0) width 588: "This tests that the border of a readonly text field should appear dimmed. "
      RenderBR {BR} at (588,15) size 0x0
      RenderTextControl {INPUT} at (2,21) size 171x25 [bgcolor=#FFFFFF]
      RenderText {#text} at (0,0) size 0x0
layer at (14,35) size 164x15 scrollWidth 198
  RenderBlock {DIV} at (4,6) size 164x15
    RenderText {#text} at (0,0) size 198x15
      text run at (0,0) width 198: "This border should be dimmed"
