layer at (0,0) size 980x735
  RenderView at (0,0) size 980x735
layer at (0,0) size 980x735
  RenderBlock {HTML} at (0,0) size 980x735
    RenderBody {BODY} at (8,8) size 964x719
      RenderText {#text} at (0,0) size 444x19
        text run at (0,0) width 444: "This tests that the new text fields use the correct width."
      RenderBR {BR} at (444,15) size 0x0
      RenderTextControl {INPUT} at (2,21) size 171x25 [bgcolor=#FFFFFF]
      RenderBR {BR} at (175,39) size 0x0
      RenderTextControl {INPUT} at (0,50) size 200x25 [bgcolor=#FFFFFF]
      RenderBR {BR} at (200,68) size 0x0
      RenderTextControl {INPUT} at (2,79) size 411x25 [bgcolor=#FFFFFF]
      RenderBR {BR} at (415,97) size 0x0
      RenderTextControl {INPUT} at (0,108) size 200x25 [bgcolor=#FFFFFF]
      RenderBR {BR} at (200,126) size 0x0
      RenderTextControl {INPUT} at (2,137) size 91x25 [bgcolor=#FFFFFF]
      RenderBR {BR} at (95,155) size 0x0
layer at (14,35) size 164x15
  RenderBlock {DIV} at (4,6) size 164x15
layer at (12,64) size 193x15
  RenderBlock {DIV} at (4,6) size 193x15
    RenderText {#text} at (0,0) size 124x15
      text run at (0,0) width 124: "styled width 200px"
layer at (14,93) size 404x15
  RenderBlock {DIV} at (4,6) size 404x15
    RenderText {#text} at (0,0) size 46x15
      text run at (0,0) width 46: "size 50"
layer at (12,122) size 193x15 scrollWidth 196
  RenderBlock {DIV} at (4,6) size 193x15
    RenderText {#text} at (0,0) size 195x15
      text run at (0,0) width 195: "styled width 200px & size=10"
layer at (14,151) size 84x15
  RenderBlock {DIV} at (4,6) size 84x15
    RenderText {#text} at (0,0) size 46x15
      text run at (0,0) width 46: "size 10"
