layer at (0,0) size 980x735
  RenderView at (0,0) size 980x735
layer at (0,0) size 980x735
  RenderBlock {HTML} at (0,0) size 980x735
    RenderBody {BODY} at (8,8) size 964x719
      RenderText {#text} at (0,5) size 614x19
        text run at (0,5) width 614: "This tests that empty readonly text fields have the right height and baseline. "
      RenderTextControl {INPUT} at (616,2) size 171x25 [bgcolor=#FFFFFF]
      RenderText {#text} at (0,0) size 0x0
layer at (628,16) size 164x15
  RenderBlock {DIV} at (4,6) size 164x15
