layer at (0,0) size 980x735
  RenderView at (0,0) size 980x735
layer at (0,0) size 980x735
  RenderBlock {HTML} at (0,0) size 980x735
    RenderBody {BODY} at (8,8) size 964x719
      RenderBlock {P} at (0,0) size 964x26
        RenderText {#text} at (0,0) size 958x26
          text run at (0,0) width 958: "Text inside input field should not be cut off at the bottom when its font is larger than the body font size. If the descenders in \"something gjpqy\" below are all visible, the"
          text run at (0,13) width 431: "test passes. If they are cut off by the bottom of the input box, the test fails."
      RenderBlock (anonymous) at (0,37) size 964x28
        RenderTextControl {INPUT} at (0,2) size 300x24 [bgcolor=#FFFFFF]
        RenderText {#text} at (0,0) size 0x0
layer at (12,53) size 293x14
  RenderBlock {DIV} at (4,6) size 293x14
    RenderText {#text} at (0,0) size 102x14
      text run at (0,0) width 102: "something gjpqy"
