layer at (0,0) size 980x735
  RenderView at (0,0) size 980x735
layer at (0,0) size 980x317
  RenderBlock {HTML} at (0,0) size 980x317
    RenderBody {BODY} at (8,8) size 964x301
      RenderBlock (anonymous) at (0,0) size 964x38
        RenderText {#text} at (0,0) size 763x19
          text run at (0,0) width 763: "This test verifies the visual alignment of items in a select element while changing text direction."
        RenderBR {BR} at (763,0) size 0x19
        RenderText {#text} at (0,19) size 538x19
          text run at (0,19) width 538: "All the items in the following select elements should be left-aligned."
      RenderTable {TABLE} at (0,38) size 834x68
        RenderTableSection {TBODY} at (0,0) size 834x68
          RenderTableRow {TR} at (0,2) size 834x31
            RenderTableCell {TD} at (2,2) size 201x31 [r=0 c=0 rs=1 cs=1]
              RenderMenuList {SELECT} at (3,3) size 195x25 [bgcolor=#FFFFFF]
                RenderBlock (anonymous) at (6,5) size 167x15
                  RenderBR at (0,0) size 0x15 [bgcolor=#FFFFFF]
            RenderTableCell {TD} at (205,2) size 211x31 [r=0 c=1 rs=1 cs=1]
              RenderMenuList {SELECT} at (3,3) size 205x25 [bgcolor=#FFFFFF]
                RenderBlock (anonymous) at (6,5) size 177x15
                  RenderBR at (0,0) size 0x15 [bgcolor=#FFFFFF]
            RenderTableCell {TD} at (418,2) size 201x31 [r=0 c=2 rs=1 cs=1]
              RenderMenuList {SELECT} at (3,3) size 195x25 [bgcolor=#FFFFFF]
                RenderBlock (anonymous) at (6,5) size 167x15
                  RenderBR at (0,0) size 0x15 [bgcolor=#FFFFFF]
            RenderTableCell {TD} at (621,2) size 211x31 [r=0 c=3 rs=1 cs=1]
              RenderMenuList {SELECT} at (3,3) size 205x25 [bgcolor=#FFFFFF]
                RenderBlock (anonymous) at (6,5) size 177x15
                  RenderBR at (0,0) size 0x15 [bgcolor=#FFFFFF]
          RenderTableRow {TR} at (0,35) size 834x31
            RenderTableCell {TD} at (2,35) size 201x31 [r=1 c=0 rs=1 cs=1]
              RenderMenuList {SELECT} at (3,3) size 195x25 [bgcolor=#FFFFFF]
                RenderBlock (anonymous) at (6,5) size 167x15
                  RenderBR at (0,0) size 0x15 [bgcolor=#FFFFFF]
            RenderTableCell {TD} at (205,35) size 211x31 [r=1 c=1 rs=1 cs=1]
              RenderMenuList {SELECT} at (3,3) size 205x25 [bgcolor=#FFFFFF]
                RenderBlock (anonymous) at (6,5) size 177x15
                  RenderBR at (0,0) size 0x15 [bgcolor=#FFFFFF]
      RenderBlock (anonymous) at (0,106) size 964x19
        RenderText {#text} at (0,0) size 549x19
          text run at (0,0) width 549: "All the items in the following select elements should be right-aligned."
      RenderTable {TABLE} at (0,125) size 820x68
        RenderTableSection {TBODY} at (0,0) size 820x68
          RenderTableRow {TR} at (0,2) size 820x31
            RenderTableCell {TD} at (2,2) size 209x31 [r=0 c=0 rs=1 cs=1]
              RenderMenuList {SELECT} at (3,3) size 203x25 [bgcolor=#FFFFFF]
                RenderBlock (anonymous) at (6,5) size 175x15
                  RenderBR at (175,0) size 0x15 [bgcolor=#FFFFFF]
            RenderTableCell {TD} at (213,2) size 196x31 [r=0 c=1 rs=1 cs=1]
              RenderMenuList {SELECT} at (3,3) size 190x25 [bgcolor=#FFFFFF]
                RenderBlock (anonymous) at (6,5) size 162x15
                  RenderBR at (162,0) size 0x15 [bgcolor=#FFFFFF]
            RenderTableCell {TD} at (411,2) size 209x31 [r=0 c=2 rs=1 cs=1]
              RenderMenuList {SELECT} at (3,3) size 203x25 [bgcolor=#FFFFFF]
                RenderBlock (anonymous) at (6,5) size 175x15
                  RenderBR at (175,0) size 0x15 [bgcolor=#FFFFFF]
            RenderTableCell {TD} at (622,2) size 196x31 [r=0 c=3 rs=1 cs=1]
              RenderMenuList {SELECT} at (3,3) size 190x25 [bgcolor=#FFFFFF]
                RenderBlock (anonymous) at (6,5) size 162x15
                  RenderBR at (162,0) size 0x15 [bgcolor=#FFFFFF]
          RenderTableRow {TR} at (0,35) size 820x31
            RenderTableCell {TD} at (2,35) size 209x31 [r=1 c=0 rs=1 cs=1]
              RenderMenuList {SELECT} at (3,3) size 203x25 [bgcolor=#FFFFFF]
                RenderBlock (anonymous) at (6,5) size 175x15
                  RenderBR at (175,0) size 0x15 [bgcolor=#FFFFFF]
            RenderTableCell {TD} at (213,35) size 196x31 [r=1 c=1 rs=1 cs=1]
              RenderMenuList {SELECT} at (3,3) size 190x25 [bgcolor=#FFFFFF]
                RenderBlock (anonymous) at (6,5) size 162x15
                  RenderBR at (162,0) size 0x15 [bgcolor=#FFFFFF]
      RenderBlock (anonymous) at (0,193) size 964x19
        RenderText {#text} at (0,0) size 564x19
          text run at (0,0) width 564: "All the items in the following select elements should be center-aligned."
      RenderTable {TABLE} at (0,212) size 864x35
        RenderTableSection {TBODY} at (0,0) size 864x35
          RenderTableRow {TR} at (0,2) size 864x31
            RenderTableCell {TD} at (2,2) size 220x31 [r=0 c=0 rs=1 cs=1]
              RenderMenuList {SELECT} at (3,3) size 214x25 [bgcolor=#FFFFFF]
                RenderBlock (anonymous) at (6,5) size 186x15
                  RenderBR at (93,0) size 0x15 [bgcolor=#FFFFFF]
            RenderTableCell {TD} at (224,2) size 207x31 [r=0 c=1 rs=1 cs=1]
              RenderMenuList {SELECT} at (3,3) size 201x25 [bgcolor=#FFFFFF]
                RenderBlock (anonymous) at (6,5) size 173x15
                  RenderBR at (86,0) size 1x15 [bgcolor=#FFFFFF]
            RenderTableCell {TD} at (433,2) size 220x31 [r=0 c=2 rs=1 cs=1]
              RenderMenuList {SELECT} at (3,3) size 214x25 [bgcolor=#FFFFFF]
                RenderBlock (anonymous) at (6,5) size 186x15
                  RenderBR at (93,0) size 0x15 [bgcolor=#FFFFFF]
            RenderTableCell {TD} at (655,2) size 207x31 [r=0 c=3 rs=1 cs=1]
              RenderMenuList {SELECT} at (3,3) size 201x25 [bgcolor=#FFFFFF]
                RenderBlock (anonymous) at (6,5) size 173x15
                  RenderBR at (86,0) size 1x15 [bgcolor=#FFFFFF]
      RenderBlock (anonymous) at (0,247) size 964x19
        RenderText {#text} at (0,0) size 363x19
          text run at (0,0) width 363: "The following tables check mixed alignments."
      RenderTable {TABLE} at (0,266) size 922x35
        RenderTableSection {TBODY} at (0,0) size 922x35
          RenderTableRow {TR} at (0,2) size 922x31
            RenderTableCell {TD} at (2,2) size 214x31 [r=0 c=0 rs=1 cs=1]
              RenderMenuList {SELECT} at (3,3) size 208x25 [bgcolor=#FFFFFF]
                RenderBlock (anonymous) at (6,5) size 180x15
                  RenderBR at (180,0) size 0x15 [bgcolor=#FFFFFF]
            RenderTableCell {TD} at (218,2) size 214x31 [r=0 c=1 rs=1 cs=1]
              RenderMenuList {SELECT} at (3,3) size 208x25 [bgcolor=#FFFFFF]
                RenderBlock (anonymous) at (6,5) size 180x15
                  RenderBR at (0,0) size 0x15 [bgcolor=#FFFFFF]
            RenderTableCell {TD} at (434,2) size 242x31 [r=0 c=2 rs=1 cs=1]
              RenderMenuList {SELECT} at (3,3) size 236x25 [bgcolor=#FFFFFF]
                RenderBlock (anonymous) at (6,5) size 208x15
                  RenderBR at (208,0) size 0x15 [bgcolor=#FFFFFF]
            RenderTableCell {TD} at (678,2) size 242x31 [r=0 c=3 rs=1 cs=1]
              RenderMenuList {SELECT} at (3,3) size 236x25 [bgcolor=#FFFFFF]
                RenderBlock (anonymous) at (6,5) size 208x15
                  RenderBR at (0,0) size 0x15 [bgcolor=#FFFFFF]
