layer at (0,0) size 980x735
  RenderView at (0,0) size 980x735
layer at (0,0) size 980x735
  RenderBlock {HTML} at (0,0) size 980x735
    RenderBody {BODY} at (8,8) size 964x719
      RenderMenuList {SELECT} at (0,0) size 266x22 [bgcolor=#FFFFFF]
        RenderBlock (anonymous) at (6,5) size 238x12
          RenderText at (0,0) size 238x11
            text run at (0,0) width 238: "No overflow should be allowed on popup menus!"
      RenderText {#text} at (0,0) size 0x0
