layer at (0,0) size 980x735
  RenderView at (0,0) size 980x735
layer at (0,0) size 980x735
  RenderBlock {HTML} at (0,0) size 980x735
    RenderBody {BODY} at (8,8) size 964x711
      RenderBlock {P} at (0,0) size 964x19
        RenderText {#text} at (0,0) size 67x19
          text run at (0,0) width 67: "Test for "
        RenderInline {I} at (0,0) size 709x19
          RenderInline {A} at (0,0) size 372x19 [color=#0000EE]
            RenderText {#text} at (67,0) size 372x19
              text run at (67,0) width 372: "http://bugs.webkit.org/show_bug.cgi?id=11362"
          RenderText {#text} at (439,0) size 337x19
            text run at (439,0) width 5: " "
            text run at (444,0) width 332: "Native popup with size=\"1\" wraps options"
        RenderText {#text} at (776,0) size 5x19
          text run at (776,0) width 5: "."
      RenderBlock {P} at (0,35) size 964x21
        RenderText {#text} at (0,0) size 41x19
          text run at (0,0) width 41: "With "
        RenderInline {TT} at (0,0) size 57x15
          RenderText {#text} at (41,3) size 57x15
            text run at (41,3) width 57: "size=\"1\""
        RenderText {#text} at (98,0) size 10x19
          text run at (98,0) width 10: ": "
        RenderMenuList {SELECT} at (108,2) size 100x17 [bgcolor=#FFFFFF] [border: (1px solid #000000)]
          RenderBlock (anonymous) at (1,1) size 98x15
            RenderText at (0,0) size 215x15
              text run at (0,0) width 215: "Very long option that does not fit"
        RenderText {#text} at (0,0) size 0x0
      RenderBlock {P} at (0,72) size 964x21
        RenderText {#text} at (0,0) size 67x19
          text run at (0,0) width 67: "Without "
        RenderInline {TT} at (0,0) size 26x15
          RenderText {#text} at (67,3) size 26x15
            text run at (67,3) width 26: "size"
        RenderText {#text} at (93,0) size 10x19
          text run at (93,0) width 10: ": "
        RenderMenuList {SELECT} at (103,2) size 100x17 [bgcolor=#FFFFFF] [border: (1px solid #000000)]
          RenderBlock (anonymous) at (1,1) size 98x15
            RenderText at (0,0) size 215x15
              text run at (0,0) width 215: "Very long option that does not fit"
        RenderText {#text} at (0,0) size 0x0
