layer at (0,0) size 980x735
  RenderView at (0,0) size 980x735
layer at (0,0) size 980x735
  RenderBlock {HTML} at (0,0) size 980x735
    RenderBody {BODY} at (8,8) size 964x719
      RenderMenuList {SELECT} at (2,2) size 76x25 [bgcolor=#FFFFFF]
        RenderBlock (anonymous) at (6,5) size 48x15
          RenderText at (0,0) size 48x15
            text run at (0,0) width 48: "Default"
      RenderText {#text} at (80,4) size 5x19
        text run at (80,4) width 5: " "
      RenderMenuList {SELECT} at (87,2) size 53x25 [color=#FF0000] [bgcolor=#FFFFFF]
        RenderBlock (anonymous) at (6,5) size 25x15
          RenderText at (0,0) size 25x15
            text run at (0,0) width 25: "Red"
      RenderText {#text} at (142,4) size 5x19
        text run at (142,4) width 5: " "
      RenderMenuList {SELECT} at (149,2) size 137x25 [bgcolor=#008000]
        RenderBlock (anonymous) at (6,5) size 109x15
          RenderText at (0,0) size 109x15
            text run at (0,0) width 109: "Default on green"
      RenderText {#text} at (288,4) size 5x19
        text run at (288,4) width 5: " "
      RenderMenuList {SELECT} at (295,2) size 114x25 [color=#FF0000] [bgcolor=#008000]
        RenderBlock (anonymous) at (6,5) size 86x15
          RenderText at (0,0) size 86x15
            text run at (0,0) width 86: "Red on green"
      RenderText {#text} at (0,0) size 0x0
