layer at (0,0) size 980x735
  RenderView at (0,0) size 980x735
layer at (0,0) size 980x735
  RenderBlock {HTML} at (0,0) size 980x735
    RenderBody {BODY} at (8,8) size 964x719
      RenderText {#text} at (0,0) size 531x19
        text run at (0,0) width 531: "This tests that we don't honor line-height for styled popup buttons."
      RenderBR {BR} at (531,15) size 0x0
      RenderMenuList {SELECT} at (2,21) size 232x17 [bgcolor=#ADD8E6]
        RenderBlock (anonymous) at (6,5) size 204x7
          RenderText at (0,-4) size 204x15
            text run at (0,-4) width 204: "This text should not be clipped."
