layer at (0,0) size 980x735
  RenderView at (0,0) size 980x735
layer at (0,0) size 980x735
  RenderBlock {HTML} at (0,0) size 980x735
    RenderBody {BODY} at (8,8) size 964x719
      RenderText {#text} at (0,4) size 94x19
        text run at (0,4) width 94: "Test result: "
      RenderMenuList {SELECT} at (96,2) size 61x25 [bgcolor=#FFFFFF]
        RenderBlock (anonymous) at (6,5) size 33x15
          RenderText at (0,0) size 33x15
            text run at (0,0) width 33: "PASS"
      RenderText {#text} at (0,0) size 0x0
      RenderText {#text} at (0,0) size 0x0
