layer at (0,0) size 980x735
  RenderView at (0,0) size 980x735
layer at (0,0) size 980x735
  RenderBlock {HTML} at (0,0) size 980x735
    RenderBody {BODY} at (8,8) size 964x711
      RenderBlock (anonymous) at (0,0) size 964x19
        RenderText {#text} at (0,0) size 858x19
          text run at (0,0) width 858: "The textarea below should have standard line-height because textareas should ignore negative line-heights"
        RenderBR {BR} at (858,15) size 0x0
      RenderBlock {P} at (0,35) size 964x242
        RenderText {#text} at (0,0) size 84x19
          text run at (0,0) width 84: "TEXTAREA"
        RenderBR {BR} at (84,15) size 0x0
        RenderText {#text} at (400,204) size 5x19
          text run at (400,204) width 5: " "
        RenderBR {BR} at (0,0) size 0x0
        RenderBR {BR} at (0,223) size 0x19
layer at (8,62) size 400x200 clip at (9,63) size 398x198
  RenderTextControl {TEXTAREA} at (0,19) size 400x200 [bgcolor=#FFFFFF] [border: (1px dotted #C0C0C0)]
    RenderBlock {DIV} at (3,3) size 394x30
      RenderText {#text} at (0,0) size 374x30
        text run at (0,0) width 370: "Demo text here that wraps a bit and should demonstrate"
        text run at (370,0) width 4: " "
        text run at (0,15) width 178: "the goodness of line-height"
