layer at (0,0) size 980x735
  RenderView at (0,0) size 980x735
layer at (0,0) size 980x735
  RenderBlock {HTML} at (0,0) size 980x735
    RenderBody {BODY} at (8,8) size 964x719
      RenderText {#text} at (0,0) size 425x19
        text run at (0,0) width 425: "This tests that you can set the placeholder text color."
      RenderBR {BR} at (425,15) size 0x0
      RenderTextControl {INPUT} at (2,21) size 171x25 [bgcolor=#FFFFFF]
      RenderText {#text} at (175,24) size 5x19
        text run at (175,24) width 5: " "
      RenderTextControl {INPUT} at (182,21) size 171x25 [bgcolor=#FFFFFF]
        RenderDeprecatedFlexibleBox {DIV} at (4,6) size 164x15
          RenderBlock {DIV} at (0,7) size 0x0
          RenderBlock {DIV} at (0,0) size 151x15
          RenderBlock {DIV} at (151,1) size 13x13
      RenderText {#text} at (355,24) size 5x19
        text run at (355,24) width 5: " "
      RenderTextControl {INPUT} at (362,21) size 171x25 [bgcolor=#FFFFFF]
      RenderText {#text} at (535,24) size 5x19
        text run at (535,24) width 5: " "
      RenderTextControl {INPUT} at (542,21) size 171x25 [bgcolor=#FFFFFF]
      RenderText {#text} at (715,24) size 5x19
        text run at (715,24) width 5: " "
      RenderTextControl {INPUT} at (722,21) size 171x25 [bgcolor=#FFFFFF]
      RenderText {#text} at (895,24) size 5x19
        text run at (895,24) width 5: " "
      RenderTextControl {INPUT} at (2,50) size 171x25 [bgcolor=#FFFFFF]
      RenderText {#text} at (0,0) size 0x0
layer at (14,35) size 164x15
  RenderBlock {DIV} at (4,6) size 164x15 [color=#640000]
    RenderText {#text} at (0,0) size 26x15
      text run at (0,0) width 26: "text"
layer at (14,35) size 164x15
  RenderBlock {DIV} at (4,6) size 164x15
layer at (194,35) size 151x15
  RenderBlock {DIV} at (4,6) size 151x15 [color=#640000]
    RenderText {#text} at (0,0) size 43x15
      text run at (0,0) width 43: "search"
layer at (194,35) size 151x15
  RenderBlock {DIV} at (0,0) size 151x15
layer at (374,35) size 164x15
  RenderBlock {DIV} at (4,6) size 164x15 [color=#640000]
    RenderText {#text} at (0,0) size 62x15
      text run at (0,0) width 62: "password"
layer at (374,35) size 164x15
  RenderBlock {DIV} at (4,6) size 164x15
layer at (554,35) size 164x15
  RenderBlock {DIV} at (4,6) size 164x15 [color=#640000]
    RenderText {#text} at (0,0) size 85x15
      text run at (0,0) width 85: "disabled text"
layer at (554,35) size 164x15
  RenderBlock {DIV} at (4,6) size 164x15 [color=#545454]
layer at (734,35) size 164x15
  RenderBlock {DIV} at (4,6) size 164x15 [color=#A9A9A9]
    RenderText {#text} at (0,0) size 46x15
      text run at (0,0) width 46: "default"
layer at (734,35) size 164x15
  RenderBlock {DIV} at (4,6) size 164x15
layer at (14,64) size 164x15
  RenderBlock {DIV} at (4,6) size 164x15 [color=#A9A9A9]
    RenderText {#text} at (0,0) size 105x15
      text run at (0,0) width 105: "default disabled"
layer at (14,64) size 164x15
  RenderBlock {DIV} at (4,6) size 164x15
