layer at (0,0) size 980x735
  RenderView at (0,0) size 980x735
layer at (0,0) size 980x735
  RenderBlock {HTML} at (0,0) size 980x735
    RenderBody {BODY} at (8,8) size 964x719
      RenderBlock (anonymous) at (0,0) size 964x0
        RenderInline {FONT} at (0,0) size 0x0
          RenderText {#text} at (0,0) size 0x0
        RenderInline {FONT} at (0,0) size 0x0
      RenderBlock {CENTER} at (0,0) size 964x25
        RenderBlock (anonymous) at (0,0) size 964x0
          RenderInline {FONT} at (0,0) size 0x0
            RenderText {#text} at (0,0) size 0x0
        RenderBlock (anonymous) at (0,0) size 964x25
          RenderTable {TABLE} at (470,0) size 23x25
            RenderTableSection {TBODY} at (0,0) size 23x25
              RenderTableRow {TR} at (0,2) size 23x21
                RenderTableCell {TD} at (2,2) size 19x21 [r=0 c=0 rs=1 cs=1]
                  RenderImage {INPUT} at (1,1) size 17x19
                  RenderText {#text} at (0,0) size 0x0
                  RenderText {#text} at (0,0) size 0x0
        RenderBlock (anonymous) at (0,25) size 964x0
          RenderInline {FONT} at (0,0) size 0x0
          RenderText {#text} at (0,0) size 0x0
      RenderBlock (anonymous) at (0,25) size 964x0
        RenderText {#text} at (0,0) size 0x0
      RenderBlock {DIV} at (0,25) size 964x38
        RenderText {#text} at (0,0) size 921x38
          text run at (0,0) width 921: "Success! This test succeeds if the input named mover is not detached from its form when it is moved around in the"
          text run at (0,19) width 249: "DOM to come before the table."
