layer at (0,0) size 980x735
  RenderView at (0,0) size 980x735
layer at (0,0) size 980x735
  RenderBlock {HTML} at (0,0) size 980x735
    RenderBody {BODY} at (8,8) size 964x719
      RenderText {#text} at (0,0) size 474x19
        text run at (0,0) width 474: "This tests that aqua-style search fields do not honor height."
      RenderBR {BR} at (474,15) size 0x0
      RenderTextControl {INPUT} at (0,119) size 89x10 [bgcolor=#FFFFFF]
        RenderDeprecatedFlexibleBox {DIV} at (4,2) size 82x7
          RenderBlock {DIV} at (0,3) size 0x0
          RenderBlock {DIV} at (0,0) size 76x7
          RenderBlock {DIV} at (76,0) size 6x6
      RenderText {#text} at (89,114) size 5x19
        text run at (89,114) width 5: " "
      RenderTextControl {INPUT} at (96,103) size 211x40 [bgcolor=#FFFFFF]
        RenderDeprecatedFlexibleBox {DIV} at (4,6) size 204x30
          RenderBlock {DIV} at (0,15) size 0x0
          RenderBlock {DIV} at (0,6) size 189x17
          RenderBlock {DIV} at (189,7) size 15x15
      RenderText {#text} at (309,114) size 5x19
        text run at (309,114) width 5: " "
      RenderTextControl {INPUT} at (316,19) size 355x200 [bgcolor=#FFFFFF]
        RenderDeprecatedFlexibleBox {DIV} at (4,6) size 348x190
          RenderBlock {DIV} at (0,95) size 0x0
          RenderBlock {DIV} at (0,79) size 327x31
          RenderBlock {DIV} at (327,84) size 21x21
      RenderText {#text} at (0,0) size 0x0
layer at (12,129) size 76x7
  RenderBlock {DIV} at (0,0) size 76x7
    RenderText {#text} at (0,0) size 14x7
      text run at (0,0) width 14: "mini"
layer at (108,123) size 189x17 scrollHeight 18
  RenderBlock {DIV} at (0,0) size 189x17
    RenderText {#text} at (0,0) size 40x18
      text run at (0,0) width 40: "small"
layer at (328,112) size 327x31
  RenderBlock {DIV} at (0,0) size 327x31
    RenderText {#text} at (0,0) size 98x31
      text run at (0,0) width 98: "regular"
