layer at (0,0) size 980x735
  RenderView at (0,0) size 980x735
layer at (0,0) size 980x735
  RenderBlock {HTML} at (0,0) size 980x735
    RenderBody {BODY} at (8,8) size 964x711
      RenderBlock {P} at (0,0) size 964x38
        RenderText {#text} at (0,0) size 953x38
          text run at (0,0) width 542: "Test that search field text is vertically centered if the search field is "
          text run at (542,0) width 411: "taller than the text. In each of the following pairs of"
          text run at (0,19) width 148: "a search field and "
          text run at (148,19) width 458: "a text field, the vertical position of the text should be the "
          text run at (606,19) width 156: "same in both fields."
      RenderBlock {P} at (0,54) size 964x45
        RenderTextControl {INPUT} at (2,0) size 170x45 [bgcolor=#FFFFFF] [border: (2px inset #000000)]
          RenderDeprecatedFlexibleBox {DIV} at (3,3) size 164x39
            RenderBlock {DIV} at (0,19) size 0x0
            RenderBlock {DIV} at (0,12) size 151x15
            RenderBlock {DIV} at (151,13) size 13x13
        RenderText {#text} at (174,12) size 5x19
          text run at (174,12) width 5: " "
        RenderTextControl {INPUT} at (181,0) size 170x45 [bgcolor=#FFFFFF] [border: (2px inset #000000)]
        RenderText {#text} at (0,0) size 0x0
      RenderBlock {P} at (0,115) size 964x19
        RenderTextControl {INPUT} at (2,3) size 170x16 [bgcolor=#FFFFFF] [border: (2px inset #000000)]
          RenderDeprecatedFlexibleBox {DIV} at (3,0) size 164x15
            RenderBlock {DIV} at (0,7) size 0x0
            RenderBlock {DIV} at (0,0) size 151x15
            RenderBlock {DIV} at (151,1) size 13x13
        RenderText {#text} at (174,0) size 5x19
          text run at (174,0) width 5: " "
        RenderTextControl {INPUT} at (181,3) size 170x16 [bgcolor=#FFFFFF] [border: (2px inset #000000)]
        RenderText {#text} at (0,0) size 0x0
      RenderBlock {P} at (0,150) size 964x19
        RenderTextControl {INPUT} at (2,3) size 170x12 [bgcolor=#FFFFFF] [border: (2px inset #000000)]
          RenderDeprecatedFlexibleBox {DIV} at (3,0) size 164x12
            RenderBlock {DIV} at (0,6) size 0x0
            RenderBlock {DIV} at (0,3) size 151x6
            RenderBlock {DIV} at (151,0) size 13x13
        RenderText {#text} at (174,0) size 5x19
          text run at (174,0) width 5: " "
        RenderTextControl {INPUT} at (181,3) size 170x12 [bgcolor=#FFFFFF] [border: (2px inset #000000)]
        RenderText {#text} at (0,0) size 0x0
layer at (13,77) size 151x15
  RenderBlock {DIV} at (0,0) size 151x15
    RenderText {#text} at (0,0) size 29x15
      text run at (0,0) width 29: "Text"
layer at (192,77) size 164x15
  RenderBlock {DIV} at (3,15) size 164x15
    RenderText {#text} at (0,0) size 29x15
      text run at (0,0) width 29: "Text"
layer at (13,126) size 151x15
  RenderBlock {DIV} at (0,0) size 151x15
    RenderText {#text} at (0,0) size 29x15
      text run at (0,0) width 29: "Text"
layer at (192,126) size 164x15
  RenderBlock {DIV} at (3,0) size 164x15
    RenderText {#text} at (0,0) size 29x15
      text run at (0,0) width 29: "Text"
layer at (13,164) size 151x6 scrollHeight 15
  RenderBlock {DIV} at (0,0) size 151x6
    RenderText {#text} at (0,0) size 29x15
      text run at (0,0) width 29: "Text"
layer at (192,164) size 164x6 scrollHeight 15
  RenderBlock {DIV} at (3,3) size 164x6
    RenderText {#text} at (0,0) size 29x15
      text run at (0,0) width 29: "Text"
