layer at (0,0) size 980x735
  RenderView at (0,0) size 980x735
layer at (0,0) size 980x41
  RenderBlock {HTML} at (0,0) size 980x41
    RenderBody {BODY} at (8,8) size 964x25
      RenderTextControl {INPUT} at (2,2) size 165x21 [bgcolor=#FFFFFF] [border: (1px solid #BDC7D8)]
        RenderDeprecatedFlexibleBox {DIV} at (18,4) size 143x13
          RenderBlock {DIV} at (0,6) size 0x0
          RenderBlock {DIV} at (0,0) size 132x13
          RenderBlock {DIV} at (132,1) size 11x11
      RenderText {#text} at (0,0) size 0x0
layer at (28,14) size 132x13
  RenderBlock {DIV} at (18,4) size 132x13 [color=#A9A9A9]
    RenderText {#text} at (0,0) size 101x13
      text run at (0,0) width 101: "Search for Events"
layer at (28,14) size 132x13
  RenderBlock {DIV} at (0,0) size 132x13
