layer at (0,0) size 980x735
  RenderView at (0,0) size 980x735
layer at (0,0) size 980x45
  RenderBlock {HTML} at (0,0) size 980x45
    RenderBody {BODY} at (8,8) size 964x29 [bgcolor=#666666]
      RenderMenuList {SELECT} at (2,2) size 36x25
        RenderBlock (anonymous) at (6,5) size 8x15
          RenderText at (0,0) size 8x15
            text run at (0,0) width 8: "1"
      RenderText {#text} at (0,0) size 0x0
