layer at (0,0) size 980x735
  RenderView at (0,0) size 980x735
layer at (0,0) size 980x735
  RenderBlock {HTML} at (0,0) size 980x735
    RenderBody {BODY} at (8,8) size 964x719
      RenderBlock {P} at (0,0) size 964x19
        RenderText {#text} at (0,0) size 732x19
          text run at (0,0) width 732: "The following select elements should all be rendered on the left, with their text left justified."
      RenderBlock (anonymous) at (0,35) size 964x145
        RenderMenuList {SELECT} at (0,2) size 300x25 [bgcolor=#FFFFFF]
          RenderBlock (anonymous) at (6,5) size 272x15
            RenderText at (0,0) size 196x15
              text run at (0,0) width 196: "This is should be left justified."
        RenderText {#text} at (300,4) size 5x19
          text run at (300,4) width 5: " "
        RenderBR {BR} at (0,0) size 0x0
        RenderMenuList {SELECT} at (0,31) size 300x25 [bgcolor=#FFFFFF]
          RenderBlock (anonymous) at (6,5) size 272x15
            RenderText at (0,0) size 196x15
              text run at (0,0) width 196: "This is should be left justified."
        RenderText {#text} at (300,33) size 5x19
          text run at (300,33) width 5: " "
        RenderBR {BR} at (0,0) size 0x0
        RenderMenuList {SELECT} at (0,60) size 300x25 [bgcolor=#FFFFFF]
          RenderBlock (anonymous) at (6,5) size 272x15
            RenderText at (0,0) size 196x15
              text run at (0,0) width 196: "This is should be left justified."
        RenderText {#text} at (300,62) size 5x19
          text run at (300,62) width 5: " "
        RenderBR {BR} at (0,0) size 0x0
        RenderMenuList {SELECT} at (0,89) size 300x25 [bgcolor=#FFFFFF]
          RenderBlock (anonymous) at (6,5) size 272x15
            RenderText at (0,0) size 196x15
              text run at (0,0) width 196: "This is should be left justified."
        RenderText {#text} at (300,91) size 5x19
          text run at (300,91) width 5: " "
        RenderBR {BR} at (0,0) size 0x0
        RenderMenuList {SELECT} at (0,118) size 300x25 [bgcolor=#FFFFFF]
          RenderBlock (anonymous) at (6,5) size 272x15
            RenderText at (0,0) size 196x15
              text run at (0,0) width 196: "This is should be left justified."
        RenderText {#text} at (0,0) size 0x0
        RenderText {#text} at (0,0) size 0x0
      RenderBlock {DIV} at (0,180) size 964x29
        RenderMenuList {SELECT} at (0,2) size 300x25 [bgcolor=#FFFFFF]
          RenderBlock (anonymous) at (6,5) size 272x15
            RenderText at (0,0) size 196x15
              text run at (0,0) width 196: "This is should be left justified."
