layer at (0,0) size 980x735
  RenderView at (0,0) size 980x735
layer at (0,0) size 980x735
  RenderBlock {HTML} at (0,0) size 980x735
    RenderBody {BODY} at (8,8) size 964x719
      RenderMenuList {SELECT} at (2,2) size 308x25 [bgcolor=#FFFFFF]
        RenderBlock (anonymous) at (6,5) size 280x15
          RenderText at (0,0) size 202x15
            text run at (0,0) width 202: "should see this option selected"
      RenderText {#text} at (0,0) size 0x0
