layer at (0,0) size 980x735
  RenderView at (0,0) size 980x735
layer at (0,0) size 980x735
  RenderBlock {HTML} at (0,0) size 980x735
    RenderBody {BODY} at (8,8) size 964x719
      RenderText {#text} at (0,0) size 572x19
        text run at (0,0) width 572: "This tests that you can dynamically change a popup menu to a list box. "
      RenderBR {BR} at (572,15) size 0x0
      RenderMenuList {SELECT} at (2,21) size 225x25 [bgcolor=#FFFFFF]
        RenderBlock (anonymous) at (6,5) size 197x15
          RenderText at (0,0) size 197x15
            text run at (0,0) width 197: "This should turn into a list box"
      RenderText {#text} at (0,0) size 0x0
