layer at (0,0) size 980x735
  RenderView at (0,0) size 980x735
layer at (0,0) size 980x735
  RenderBlock {HTML} at (0,0) size 980x735
    RenderBody {BODY} at (8,8) size 964x719
      RenderText {#text} at (0,0) size 934x38
        text run at (0,0) width 934: "This tests that a malformed size attribute will be parsed and corrected so that the right size attribute value is used to"
        text run at (0,19) width 614: "match the style rule that determines whether to use a menu list or a list box."
      RenderBR {BR} at (614,34) size 0x0
      RenderMenuList {SELECT} at (2,40) size 53x25 [bgcolor=#FFFFFF]
        RenderBlock (anonymous) at (6,5) size 25x15
          RenderText at (0,0) size 25x15
            text run at (0,0) width 25: "test"
      RenderText {#text} at (0,0) size 0x0
