layer at (0,0) size 980x735
  RenderView at (0,0) size 980x735
layer at (0,0) size 980x735
  RenderBlock {HTML} at (0,0) size 980x735
    RenderBody {BODY} at (8,8) size 964x719
      RenderBlock (anonymous) at (0,0) size 964x19
        RenderText {#text} at (0,0) size 682x19
          text run at (0,0) width 682: "This tests that backgrounds for list box items draw correctly when a list box is a block"
        RenderBR {BR} at (682,15) size 0x0
      RenderMenuList {SELECT} at (2,21) size 66x25 [bgcolor=#FFFFFF]
        RenderBlock (anonymous) at (6,5) size 38x15
          RenderText at (0,0) size 38x15
            text run at (0,0) width 38: "Item1"
