layer at (0,0) size 980x735
  RenderView at (0,0) size 980x735
layer at (0,0) size 980x735
  RenderBlock {HTML} at (0,0) size 980x735
    RenderBody {BODY} at (8,8) size 964x719
      RenderText {#text} at (0,0) size 119x19
        text run at (0,0) width 119: "initial selected:"
      RenderBR {BR} at (119,15) size 0x0
      RenderMenuList {SELECT} at (2,21) size 178x25 [bgcolor=#FFFFFF]
        RenderBlock (anonymous) at (6,5) size 150x15
          RenderText at (0,0) size 150x15
            text run at (0,0) width 150: "this should be selected"
      RenderText {#text} at (182,23) size 5x19
        text run at (182,23) width 5: " "
      RenderBR {BR} at (187,38) size 0x0
      RenderText {#text} at (0,48) size 209x19
        text run at (0,48) width 209: "dynamic selected change:"
      RenderBR {BR} at (209,63) size 0x0
      RenderMenuList {SELECT} at (2,69) size 178x25 [bgcolor=#FFFFFF]
        RenderBlock (anonymous) at (6,5) size 150x15
          RenderText at (0,0) size 150x15
            text run at (0,0) width 150: "this should be selected"
      RenderText {#text} at (182,71) size 5x19
        text run at (182,71) width 5: " "
      RenderText {#text} at (0,0) size 0x0
      RenderBR {BR} at (0,0) size 0x0
      RenderText {#text} at (0,96) size 271x19
        text run at (0,96) width 271: "dynamic insert of selected option:"
      RenderBR {BR} at (271,111) size 0x0
      RenderMenuList {SELECT} at (2,117) size 178x25 [bgcolor=#FFFFFF]
        RenderBlock (anonymous) at (6,5) size 150x15
          RenderText at (0,0) size 150x15
            text run at (0,0) width 150: "this should be selected"
      RenderText {#text} at (182,119) size 5x19
        text run at (182,119) width 5: " "
      RenderBR {BR} at (187,134) size 0x0
      RenderText {#text} at (0,144) size 119x19
        text run at (0,144) width 119: "initial selected:"
      RenderBR {BR} at (119,159) size 0x0
      RenderMenuList {SELECT} at (2,165) size 178x25 [bgcolor=#FFFFFF]
        RenderBlock (anonymous) at (6,5) size 150x15
          RenderText at (0,0) size 150x15
            text run at (0,0) width 150: "this should be selected"
      RenderText {#text} at (182,167) size 5x19
        text run at (182,167) width 5: " "
      RenderBR {BR} at (187,182) size 0x0
      RenderText {#text} at (0,192) size 209x19
        text run at (0,192) width 209: "dynamic selected change:"
      RenderBR {BR} at (209,207) size 0x0
      RenderMenuList {SELECT} at (2,213) size 178x25 [bgcolor=#FFFFFF]
        RenderBlock (anonymous) at (6,5) size 150x15
          RenderText at (0,0) size 150x15
            text run at (0,0) width 150: "this should be selected"
      RenderText {#text} at (182,215) size 5x19
        text run at (182,215) width 5: " "
      RenderText {#text} at (0,0) size 0x0
      RenderBR {BR} at (0,0) size 0x0
      RenderText {#text} at (0,240) size 271x19
        text run at (0,240) width 271: "dynamic insert of selected option:"
      RenderBR {BR} at (271,255) size 0x0
      RenderMenuList {SELECT} at (2,261) size 178x25 [bgcolor=#FFFFFF]
        RenderBlock (anonymous) at (6,5) size 150x15
          RenderText at (0,0) size 150x15
            text run at (0,0) width 150: "this should be selected"
      RenderText {#text} at (0,0) size 0x0
