layer at (0,0) size 980x735
  RenderView at (0,0) size 980x735
layer at (0,0) size 980x735
  RenderBlock {HTML} at (0,0) size 980x735
    RenderBody {BODY} at (8,8) size 964x719
      RenderMenuList {SELECT} at (2,2) size 71x25 [bgcolor=#FFFFFF]
        RenderBlock (anonymous) at (6,5) size 43x15
          RenderText at (0,0) size 26x15
            text run at (0,0) width 26: "One"
      RenderBR {BR} at (75,19) size 0x0
      RenderMenuList {SELECT} at (2,31) size 71x25 [bgcolor=#FFFFFF]
        RenderBlock (anonymous) at (6,5) size 43x15
          RenderText at (0,0) size 26x15
            text run at (0,0) width 26: "One"
      RenderText {#text} at (0,0) size 0x0
