layer at (0,0) size 980x735
  RenderView at (0,0) size 980x735
layer at (0,0) size 980x735
  RenderBlock {HTML} at (0,0) size 980x735
    RenderBody {BODY} at (8,8) size 964x719
      RenderText {#text} at (0,0) size 573x19
        text run at (0,0) width 573: "This tests that you can tab out of a text field if an iframe comes after it."
      RenderBR {BR} at (573,15) size 0x0
      RenderTextControl {INPUT} at (2,153) size 171x25 [bgcolor=#FFFFFF]
      RenderText {#text} at (175,156) size 5x19
        text run at (175,156) width 5: " "
      RenderPartObject {IFRAME} at (180,19) size 302x152 [border: (1px solid #000000)]
        layer at (0,0) size 300x150
          RenderView at (0,0) size 300x150
        layer at (0,0) size 300x150
          RenderBlock {HTML} at (0,0) size 300x150
            RenderBody {BODY} at (8,8) size 284x134
      RenderText {#text} at (482,156) size 5x19
        text run at (482,156) width 5: " "
      RenderTextControl {INPUT} at (489,153) size 171x25 [bgcolor=#FFFFFF]
      RenderText {#text} at (0,0) size 0x0
layer at (14,167) size 164x15
  RenderBlock {DIV} at (4,6) size 164x15
layer at (501,167) size 164x15
  RenderBlock {DIV} at (4,6) size 164x15
    RenderText {#text} at (0,0) size 149x15
      text run at (0,0) width 149: "This should have focus"
selection start: position 0 of child 0 {#text} of child 0 {DIV} of {#shadow-root} of child 7 {INPUT} of body
selection end:   position 22 of child 0 {#text} of child 0 {DIV} of {#shadow-root} of child 7 {INPUT} of body
