layer at (0,0) size 980x735
  RenderView at (0,0) size 980x735
layer at (0,0) size 980x735
  RenderBlock {HTML} at (0,0) size 980x735
    RenderBody {BODY} at (8,8) size 964x719
      RenderBlock {FORM} at (0,0) size 964x27
        RenderButton {INPUT} at (2,2) size 39x23 [bgcolor=#C0C0C0] [border: (2px outset #C0C0C0)]
          RenderBlock (anonymous) at (5,5) size 31x15
            RenderText at (0,0) size 31x15
              text run at (0,0) width 31: "form"
        RenderText {#text} at (0,0) size 0x0
      RenderBlock {DIV} at (0,43) size 964x38
        RenderText {#text} at (0,0) size 960x38
          text run at (0,0) width 368: "This tests Targetted frame submission works. "
          text run at (368,0) width 592: "If the test is successful, the text \"SUCCESS\" should be shown in the iframe"
          text run at (0,19) width 52: "below."
      RenderBlock (anonymous) at (0,81) size 964x154
        RenderPartObject {IFRAME} at (0,0) size 304x154 [border: (2px inset #000000)]
          layer at (0,0) size 300x150
            RenderView at (0,0) size 300x150
          layer at (0,0) size 300x150
            RenderBlock {HTML} at (0,0) size 300x150
              RenderBody {BODY} at (8,8) size 284x129
                RenderBlock {PRE} at (0,0) size 284x15
                  RenderText {#text} at (0,0) size 60x15
                    text run at (0,0) width 60: "SUCCESS"
                    text run at (60,0) width 0: " "
        RenderText {#text} at (0,0) size 0x0
