layer at (0,0) size 980x735
  RenderView at (0,0) size 980x735
layer at (0,0) size 980x735
  RenderBlock {HTML} at (0,0) size 980x735
    RenderBody {BODY} at (8,8) size 964x719
      RenderText {#text} at (0,0) size 0x0
layer at (10,10) size 182x40
  RenderTextControl {TEXTAREA} at (2,2) size 182x40 [bgcolor=#FFFFFF]
    RenderBlock {DIV} at (4,6) size 175x15
      RenderText {#text} at (0,0) size 78x15
        text run at (0,0) width 78: "Test Passed"
