layer at (0,0) size 980x735
  RenderView at (0,0) size 980x735
layer at (0,0) size 980x735
  RenderBlock {HTML} at (0,0) size 980x735
    RenderBody {BODY} at (8,8) size 964x719
      RenderBlock (anonymous) at (0,0) size 964x142
        RenderText {#text} at (0,0) size 648x19
          text run at (0,0) width 648: "This tests that typing in a scrolled textarea does not cause unnecessary scrolling."
        RenderBR {BR} at (648,15) size 0x0
        RenderText {#text} at (186,123) size 5x19
          text run at (186,123) width 5: " "
        RenderBR {BR} at (191,138) size 0x0
      RenderBlock {DIV} at (0,142) size 964x0
layer at (10,29) size 182x115 clip at (10,29) size 167x115 scrollY 210 scrollHeight 325
  RenderTextControl {TEXTAREA} at (2,21) size 182x115 [bgcolor=#FFFFFF]
    RenderBlock {DIV} at (4,6) size 160x315
      RenderText {#text} at (0,0) size 50x300
        text run at (0,0) width 8: "1"
        text run at (8,0) width 0: " "
        text run at (0,15) width 8: "2"
        text run at (8,15) width 0: " "
        text run at (0,30) width 8: "3"
        text run at (8,30) width 0: " "
        text run at (0,45) width 8: "4"
        text run at (8,45) width 0: " "
        text run at (0,60) width 8: "5"
        text run at (8,60) width 0: " "
        text run at (0,75) width 8: "6"
        text run at (8,75) width 0: " "
        text run at (0,90) width 8: "7"
        text run at (8,90) width 0: " "
        text run at (0,105) width 8: "8"
        text run at (8,105) width 0: " "
        text run at (0,120) width 8: "9"
        text run at (8,120) width 0: " "
        text run at (0,135) width 16: "10"
        text run at (16,135) width 0: " "
        text run at (0,150) width 16: "11"
        text run at (16,150) width 0: " "
        text run at (0,165) width 16: "12"
        text run at (16,165) width 0: " "
        text run at (0,180) width 16: "13"
        text run at (16,180) width 0: " "
        text run at (0,195) width 16: "14"
        text run at (16,195) width 0: " "
        text run at (0,210) width 16: "15"
        text run at (16,210) width 0: " "
        text run at (0,225) width 16: "16"
        text run at (16,225) width 0: " "
        text run at (0,240) width 16: "17"
        text run at (16,240) width 0: " "
        text run at (0,255) width 50: "18 Pass"
        text run at (50,255) width 0: " "
        text run at (0,270) width 16: "19"
        text run at (16,270) width 0: " "
        text run at (0,285) width 16: "20"
        text run at (16,285) width 0: " "
      RenderBR {BR} at (0,300) size 0x15
caret: position 49 of child 0 {#text} of child 0 {DIV} of {#shadow-root} of child 3 {TEXTAREA} of body
