layer at (0,0) size 980x735
  RenderView at (0,0) size 980x735
layer at (0,0) size 980x735
  RenderBlock {HTML} at (0,0) size 980x735
    RenderBody {BODY} at (8,8) size 964x719
      RenderBlock {P} at (0,0) size 964x38
        RenderText {#text} at (0,0) size 957x38
          text run at (0,0) width 957: "Assuming the port-specific theme draws focus rings, this test can be used to ensure that a focus ring is drawn for a text"
          text run at (0,19) width 756: "input element. This test PASSED if a focus ring is drawn around the text input element (below)."
      RenderBlock (anonymous) at (0,54) size 964x29
        RenderTextControl {INPUT} at (2,2) size 171x25 [bgcolor=#FFFFFF]
        RenderText {#text} at (0,0) size 0x0
layer at (14,70) size 164x15
  RenderBlock {DIV} at (4,6) size 164x15
caret: position 0 of child 0 {DIV} of {#shadow-root} of child 3 {INPUT} of body
