layer at (0,0) size 980x735
  RenderView at (0,0) size 980x735
layer at (0,0) size 980x735
  RenderBlock {HTML} at (0,0) size 980x735
    RenderBody {BODY} at (8,8) size 964x719
      RenderText {#text} at (0,0) size 568x19
        text run at (0,0) width 568: "This tests that a scrollbar will appear when text overflows the textarea "
      RenderBR {BR} at (568,15) size 0x0
      RenderText {#text} at (0,0) size 0x0
layer at (10,29) size 182x100 clip at (10,29) size 167x100 scrollHeight 145
  RenderTextControl {TEXTAREA} at (2,21) size 182x100 [bgcolor=#FFFFFF]
    RenderBlock {DIV} at (4,6) size 160x135
      RenderText {#text} at (0,0) size 8x60
        text run at (0,0) width 8: "1"
        text run at (8,0) width 0: " "
        text run at (0,15) width 8: "2"
        text run at (8,15) width 0: " "
        text run at (0,30) width 8: "3"
        text run at (8,30) width 0: " "
        text run at (0,45) width 8: "4"
        text run at (8,45) width 0: " "
      RenderText {#text} at (0,60) size 8x15
        text run at (0,60) width 8: "5"
      RenderText {#text} at (8,60) size 0x15
        text run at (8,60) width 0: " "
      RenderText {#text} at (0,75) size 8x15
        text run at (0,75) width 8: "6"
      RenderText {#text} at (8,75) size 0x15
        text run at (8,75) width 0: " "
      RenderText {#text} at (0,90) size 8x15
        text run at (0,90) width 8: "7"
      RenderText {#text} at (8,90) size 0x15
        text run at (8,90) width 0: " "
      RenderText {#text} at (0,105) size 8x15
        text run at (0,105) width 8: "8"
      RenderText {#text} at (8,105) size 0x15
        text run at (8,105) width 0: " "
      RenderText {#text} at (0,120) size 0x15
        text run at (0,120) width 0: " "
caret: position 0 of child 9 {#text} of child 0 {DIV} of {#shadow-root} of child 3 {TEXTAREA} of body
