layer at (0,0) size 980x735
  RenderView at (0,0) size 980x735
layer at (0,0) size 980x735
  RenderBlock {HTML} at (0,0) size 980x735
    RenderBody {BODY} at (8,8) size 964x719
      RenderBlock {P} at (0,0) size 964x19
        RenderText {#text} at (0,0) size 801x19
          text run at (0,0) width 801: "The following textarea elements should all be rendered on the left, with their text aligned to the left."
      RenderBlock (anonymous) at (0,35) size 964x188
        RenderText {#text} at (426,29) size 5x19
          text run at (426,29) width 5: " "
        RenderBR {BR} at (0,0) size 0x0
        RenderText {#text} at (426,77) size 5x19
          text run at (426,77) width 5: " "
        RenderBR {BR} at (0,0) size 0x0
        RenderText {#text} at (426,125) size 5x19
          text run at (426,125) width 5: " "
        RenderBR {BR} at (0,0) size 0x0
        RenderText {#text} at (0,0) size 0x0
        RenderText {#text} at (0,0) size 0x0
      RenderBlock {DIV} at (0,223) size 964x44
layer at (10,45) size 422x40
  RenderTextControl {TEXTAREA} at (2,2) size 422x40 [bgcolor=#FFFFFF]
    RenderBlock {DIV} at (4,6) size 415x15
      RenderText {#text} at (0,0) size 233x15
        text run at (0,0) width 233: "This is should be aligned to the left."
layer at (10,93) size 422x40
  RenderTextControl {TEXTAREA} at (2,50) size 422x40 [bgcolor=#FFFFFF]
    RenderBlock {DIV} at (4,6) size 415x15
      RenderText {#text} at (0,0) size 233x15
        text run at (0,0) width 233: "This is should be aligned to the left."
layer at (10,141) size 422x40
  RenderTextControl {TEXTAREA} at (2,98) size 422x40 [bgcolor=#FFFFFF]
    RenderBlock {DIV} at (4,6) size 415x15
      RenderText {#text} at (0,0) size 233x15
        text run at (0,0) width 233: "This is should be aligned to the left."
layer at (10,189) size 422x40
  RenderTextControl {TEXTAREA} at (2,146) size 422x40 [bgcolor=#FFFFFF]
    RenderBlock {DIV} at (4,6) size 415x15
      RenderText {#text} at (0,0) size 233x15
        text run at (0,0) width 233: "This is should be aligned to the left."
layer at (10,233) size 422x40
  RenderTextControl {TEXTAREA} at (2,2) size 422x40 [bgcolor=#FFFFFF]
    RenderBlock {DIV} at (4,6) size 415x15
      RenderText {#text} at (0,0) size 233x15
        text run at (0,0) width 233: "This is should be aligned to the left."
