layer at (0,0) size 980x735
  RenderView at (0,0) size 980x735
layer at (0,0) size 980x735
  RenderBlock {HTML} at (0,0) size 980x735
    RenderBody {BODY} at (8,8) size 964x719
      RenderBlock (anonymous) at (0,0) size 964x19
        RenderText {#text} at (0,0) size 214x19
          text run at (0,0) width 214: "The text should be default:"
      RenderBlock {FORM} at (0,27) size 964x49
        RenderBlock {HR} at (0,0) size 964x2 [border: (1px inset #000000)]
        RenderBlock (anonymous) at (0,10) size 964x29
          RenderInline {LABEL} at (0,0) size 518x19
            RenderText {#text} at (0,5) size 343x19
              text run at (0,5) width 343: "You can search this index. Enter keywords:"
            RenderTextControl {INPUT} at (345,2) size 171x25 [bgcolor=#FFFFFF]
        RenderBlock {HR} at (0,47) size 964x2 [border: (1px inset #000000)]
      RenderBlock (anonymous) at (0,92) size 964x19
        RenderText {#text} at (0,0) size 185x19
          text run at (0,0) width 185: "The text should be red:"
      RenderBlock {FORM} at (0,119) size 964x49
        RenderBlock {HR} at (0,0) size 964x2 [border: (1px inset #000000)]
        RenderBlock (anonymous) at (0,10) size 964x29
          RenderInline {LABEL} at (0,0) size 518x19
            RenderText {#text} at (0,5) size 343x19
              text run at (0,5) width 343: "You can search this index. Enter keywords:"
            RenderTextControl {INPUT} at (345,2) size 171x25 [color=#FF0000] [bgcolor=#FFFFFF]
        RenderBlock {HR} at (0,47) size 964x2 [border: (1px inset #000000)]
      RenderBlock (anonymous) at (0,184) size 964x19
        RenderText {#text} at (0,0) size 271x19
          text run at (0,0) width 271: "The text should be gray on green:"
      RenderBlock {FORM} at (0,211) size 964x45
        RenderBlock {HR} at (0,0) size 964x2 [border: (1px inset #000000)]
        RenderBlock (anonymous) at (0,10) size 964x25
          RenderInline {LABEL} at (0,0) size 517x19
            RenderText {#text} at (0,2) size 343x19
              text run at (0,2) width 343: "You can search this index. Enter keywords:"
            RenderTextControl {INPUT} at (345,2) size 170x21 [bgcolor=#008000] [border: (2px inset #000000)]
        RenderBlock {HR} at (0,43) size 964x2 [border: (1px inset #000000)]
      RenderBlock (anonymous) at (0,272) size 964x19
        RenderText {#text} at (0,0) size 264x19
          text run at (0,0) width 264: "The text should be red on Green:"
      RenderBlock {FORM} at (0,299) size 964x45
        RenderBlock {HR} at (0,0) size 964x2 [border: (1px inset #000000)]
        RenderBlock (anonymous) at (0,10) size 964x25
          RenderInline {LABEL} at (0,0) size 517x19
            RenderText {#text} at (0,2) size 343x19
              text run at (0,2) width 343: "You can search this index. Enter keywords:"
            RenderTextControl {INPUT} at (345,2) size 170x21 [color=#FF0000] [bgcolor=#008000] [border: (2px inset #FF0000)]
        RenderBlock {HR} at (0,43) size 964x2 [border: (1px inset #000000)]
      RenderBlock (anonymous) at (0,360) size 964x29
        RenderTextControl {INPUT} at (2,2) size 171x25 [bgcolor=#FFFFFF]
        RenderText {#text} at (175,5) size 5x19
          text run at (175,5) width 5: " "
        RenderTextControl {INPUT} at (182,2) size 171x25 [color=#FF0000] [bgcolor=#FFFFFF]
        RenderText {#text} at (355,5) size 5x19
          text run at (355,5) width 5: " "
        RenderTextControl {INPUT} at (362,5) size 170x21 [bgcolor=#008000] [border: (2px inset #000000)]
        RenderText {#text} at (534,5) size 5x19
          text run at (534,5) width 5: " "
        RenderTextControl {INPUT} at (541,5) size 170x21 [color=#FF0000] [bgcolor=#008000] [border: (2px inset #FF0000)]
        RenderText {#text} at (0,0) size 0x0
layer at (357,53) size 164x15
  RenderBlock {DIV} at (4,6) size 164x15
    RenderText {#text} at (0,0) size 46x15
      text run at (0,0) width 46: "default"
layer at (357,145) size 164x15
  RenderBlock {DIV} at (4,6) size 164x15
    RenderText {#text} at (0,0) size 21x15
      text run at (0,0) width 21: "red"
layer at (356,234) size 164x15
  RenderBlock {DIV} at (3,3) size 164x15
    RenderText {#text} at (0,0) size 107x15
      text run at (0,0) width 107: "default on green"
layer at (356,322) size 164x15
  RenderBlock {DIV} at (3,3) size 164x15
    RenderText {#text} at (0,0) size 82x15
      text run at (0,0) width 82: "red on green"
layer at (14,376) size 164x15
  RenderBlock {DIV} at (4,6) size 164x15
    RenderText {#text} at (0,0) size 46x15
      text run at (0,0) width 46: "default"
layer at (194,376) size 164x15
  RenderBlock {DIV} at (4,6) size 164x15
    RenderText {#text} at (0,0) size 21x15
      text run at (0,0) width 21: "red"
layer at (373,376) size 164x15
  RenderBlock {DIV} at (3,3) size 164x15
    RenderText {#text} at (0,0) size 107x15
      text run at (0,0) width 107: "default on green"
layer at (552,376) size 164x15
  RenderBlock {DIV} at (3,3) size 164x15
    RenderText {#text} at (0,0) size 82x15
      text run at (0,0) width 82: "red on green"
