layer at (0,0) size 980x1236
  RenderView at (0,0) size 980x735
layer at (0,0) size 980x1236
  RenderBlock {HTML} at (0,0) size 980x1236
    RenderBody {BODY} at (8,8) size 964x1212
      RenderBlock (anonymous) at (0,0) size 964x19
        RenderText {#text} at (0,0) size 351x19
          text run at (0,0) width 351: "line-height settings not reflected in textarea"
        RenderBR {BR} at (351,0) size 0x19
      RenderBlock {P} at (0,35) size 964x267
        RenderText {#text} at (0,0) size 84x19
          text run at (0,0) width 84: "TEXTAREA"
        RenderBR {BR} at (84,0) size 0x19
        RenderText {#text} at (406,210) size 5x19
          text run at (406,210) width 5: " "
        RenderBR {BR} at (0,0) size 0x0
        RenderBR {BR} at (0,229) size 0x19
        RenderText {#text} at (0,248) size 162x19
          text run at (0,248) width 162: "PARAGRAPH - works"
      RenderBlock {P} at (0,318) size 402x202 [border: (1px dotted #C0C0C0)]
        RenderText {#text} at (1,19) size 395x67
          text run at (1,19) width 395: "Demo text here that wraps a bit and should demonstrate the"
          text run at (1,71) width 153: "goodness of line-height"
      RenderBlock (anonymous) at (0,533) size 964x38
        RenderBR {BR} at (0,0) size 0x19
        RenderText {#text} at (0,19) size 91x19
          text run at (0,19) width 91: "DIV - works"
        RenderBR {BR} at (91,19) size 0x19
      RenderBlock {DIV} at (0,571) size 402x202 [border: (1px dotted #C0C0C0)]
        RenderText {#text} at (1,19) size 395x67
          text run at (1,19) width 395: "Demo text here that wraps a bit and should demonstrate the"
          text run at (1,71) width 153: "goodness of line-height"
      RenderBlock (anonymous) at (0,773) size 964x439
        RenderBR {BR} at (0,0) size 0x19
        RenderBR {BR} at (0,19) size 0x19
        RenderText {#text} at (0,38) size 154x19
          text run at (0,38) width 154: "Un-Styled Textarea"
        RenderBR {BR} at (154,38) size 0x19
        RenderText {#text} at (186,86) size 5x19
          text run at (186,86) width 5: " "
        RenderBR {BR} at (0,0) size 0x0
        RenderBR {BR} at (0,105) size 0x19
        RenderText {#text} at (0,124) size 261x19
          text run at (0,124) width 261: "Totally Blank Un-Styled Textarea"
        RenderBR {BR} at (261,124) size 0x19
        RenderText {#text} at (186,172) size 5x19
          text run at (186,172) width 5: " "
        RenderBR {BR} at (0,0) size 0x0
        RenderBR {BR} at (0,191) size 0x19
        RenderText {#text} at (0,210) size 245x19
          text run at (0,210) width 245: "Totally Blank STYLED Textarea"
        RenderBR {BR} at (245,210) size 0x19
        RenderText {#text} at (0,0) size 0x0
      RenderBlock {P} at (0,1228) size 964x0
layer at (8,62) size 406x206 clip at (9,63) size 404x204
  RenderTextControl {TEXTAREA} at (0,19) size 406x206 [bgcolor=#FFFFFF] [border: (1px dotted #C0C0C0)]
    RenderBlock {DIV} at (3,3) size 400x104
      RenderText {#text} at (0,18) size 399x67
        text run at (0,18) width 395: "Demo text here that wraps a bit and should demonstrate the"
        text run at (395,18) width 4: " "
        text run at (0,70) width 153: "goodness of line-height"
layer at (10,840) size 182x40 clip at (10,840) size 167x40 scrollHeight 70
  RenderTextControl {TEXTAREA} at (2,59) size 182x40 [bgcolor=#FFFFFF]
    RenderBlock {DIV} at (4,6) size 160x60
      RenderText {#text} at (0,0) size 153x60
        text run at (0,0) width 132: "Demo text here that"
        text run at (132,0) width 4: " "
        text run at (0,15) width 147: "wraps a bit and should"
        text run at (147,15) width 4: " "
        text run at (0,30) width 108: "demonstrate the"
        text run at (108,30) width 4: " "
        text run at (0,45) width 153: "goodness of line-height"
layer at (10,926) size 182x40
  RenderTextControl {TEXTAREA} at (2,145) size 182x40 [bgcolor=#FFFFFF]
    RenderBlock {DIV} at (4,6) size 175x15
layer at (8,1010) size 406x206 clip at (9,1011) size 404x204
  RenderTextControl {TEXTAREA} at (0,229) size 406x206 [bgcolor=#FFFFFF] [border: (1px dotted #C0C0C0)]
    RenderBlock {DIV} at (3,3) size 400x52
