layer at (0,0) size 980x735
  RenderView at (0,0) size 980x735
layer at (0,0) size 980x735
  RenderBlock {HTML} at (0,0) size 980x735
    RenderBody {BODY} at (8,8) size 964x719
      RenderText {#text} at (0,0) size 425x19
        text run at (0,0) width 425: "This tests that you can set the placeholder text color."
      RenderBR {BR} at (425,15) size 0x0
      RenderText {#text} at (186,48) size 5x19
        text run at (186,48) width 5: " "
      RenderText {#text} at (377,48) size 5x19
        text run at (377,48) width 5: " "
      RenderText {#text} at (568,48) size 5x19
        text run at (568,48) width 5: " "
      RenderText {#text} at (0,0) size 0x0
layer at (10,29) size 182x40
  RenderTextControl {TEXTAREA} at (2,21) size 182x40 [bgcolor=#FFFFFF]
    RenderBlock {DIV} at (4,6) size 175x15 [color=#640000]
      RenderText {#text} at (0,0) size 26x15
        text run at (0,0) width 26: "text"
    RenderBlock {DIV} at (4,6) size 175x15
layer at (201,29) size 182x40
  RenderTextControl {TEXTAREA} at (193,21) size 182x40 [bgcolor=#FFFFFF]
    RenderBlock {DIV} at (4,6) size 175x15 [color=#640000]
      RenderText {#text} at (0,0) size 85x15
        text run at (0,0) width 85: "disabled text"
    RenderBlock {DIV} at (4,6) size 175x15 [color=#545454]
layer at (392,29) size 182x40
  RenderTextControl {TEXTAREA} at (384,21) size 182x40 [bgcolor=#FFFFFF]
    RenderBlock {DIV} at (4,6) size 175x15 [color=#A9A9A9]
      RenderText {#text} at (0,0) size 46x15
        text run at (0,0) width 46: "default"
    RenderBlock {DIV} at (4,6) size 175x15
layer at (583,29) size 182x40
  RenderTextControl {TEXTAREA} at (575,21) size 182x40 [bgcolor=#FFFFFF]
    RenderBlock {DIV} at (4,6) size 175x15 [color=#A9A9A9]
      RenderText {#text} at (0,0) size 105x15
        text run at (0,0) width 105: "default disabled"
    RenderBlock {DIV} at (4,6) size 175x15 [color=#545454]
