layer at (0,0) size 980x735
  RenderView at (0,0) size 980x735
layer at (0,0) size 980x735
  RenderBlock {HTML} at (0,0) size 980x735
    RenderBody {BODY} at (8,8) size 964x711
      RenderBlock {P} at (0,0) size 964x19
        RenderText {#text} at (0,0) size 777x19
          text run at (0,0) width 777: "You should see a single 100x100 green square below. If you see any red, then the test has failed."
layer at (10,43) size 100x100
  RenderDeprecatedFlexibleBox (positioned) {DIV} at (10,43) size 100x100 [bgcolor=#FF0000]
    RenderBlock {DIV} at (0,0) size 100x100 [bgcolor=#008000]
