layer at (0,0) size 980x735
  RenderView at (0,0) size 980x735
layer at (0,0) size 980x735
  RenderBlock {HTML} at (0,0) size 980x735
    RenderBody {BODY} at (8,8) size 964x719
      RenderBlock (anonymous) at (0,0) size 964x38
        RenderText {#text} at (0,0) size 942x38
          text run at (0,0) width 584: "You should see a green cross below (300 pixels wide and 300 pixels tall). "
          text run at (584,0) width 358: "This is a test to ensure that boxes don't obey"
          text run at (0,19) width 832: "the overconstraint correction (margin-right/left should not be corrected when a box is overconstrained)."
      RenderBlock {DIV} at (0,38) size 964x500
        RenderDeprecatedFlexibleBox {DIV} at (100,100) size 100x300 [bgcolor=#008000]
          RenderBlock {DIV} at (-100,100) size 300x100
