layer at (0,0) size 980x735
  RenderView at (0,0) size 980x735
layer at (0,0) size 980x735
  RenderBlock {HTML} at (0,0) size 980x735
    RenderBody {BODY} at (8,8) size 964x719
      RenderBlock {P} at (0,0) size 964x38
        RenderText {#text} at (0,0) size 961x38
          text run at (0,0) width 383: "You should see a 200x200 green square below. "
          text run at (383,0) width 307: "If you see any red, the test has failed. "
          text run at (690,0) width 271: "This test is checking to make sure"
          text run at (0,19) width 698: "that boxes will shift to avoid floats that try to intrude into their space (just as tables do)."
      RenderBlock {DIV} at (0,54) size 200x200 [bgcolor=#FF0000]
        RenderBlock (floating) {DIV} at (0,0) size 100x200 [bgcolor=#008000]
        RenderDeprecatedFlexibleBox {DIV} at (100,0) size 100x200 [bgcolor=#008000]
