layer at (0,0) size 980x735
  RenderView at (0,0) size 980x735
layer at (0,0) size 980x735
  RenderBlock {HTML} at (0,0) size 980x735
    RenderBody {BODY} at (8,8) size 964x719
      RenderBlock {P} at (0,0) size 964x19
        RenderText {#text} at (0,0) size 777x19
          text run at (0,0) width 777: "You should see a single 100x100 green square below. If you see any red, then the test has failed."
      RenderDeprecatedFlexibleBox {DIV} at (0,35) size 300x100
        RenderDeprecatedFlexibleBox {DIV} at (0,0) size 100x100 [bgcolor=#FF0000]
          RenderDeprecatedFlexibleBox {DIV} at (0,0) size 0x100
          RenderBlock {DIV} at (0,0) size 100x100 [bgcolor=#008000]
          RenderDeprecatedFlexibleBox {DIV} at (100,0) size 0x100
