layer at (0,0) size 980x735
  RenderView at (0,0) size 980x735
layer at (0,0) size 980x735
  RenderBlock {HTML} at (0,0) size 980x735
    RenderBody {BODY} at (8,8) size 964x719
      RenderBlock {P} at (0,0) size 964x38
        RenderText {#text} at (0,0) size 912x38
          text run at (0,0) width 394: "You should see identical rows of numbers below. "
          text run at (394,0) width 518: "Every row should look exactly the same. If any objects are out of"
          text run at (0,19) width 243: "order, then the test has failed."
      RenderDeprecatedFlexibleBox {DIV} at (0,54) size 964x195
        RenderDeprecatedFlexibleBox {DIV} at (0,0) size 964x39
          RenderBlock {DIV} at (4,4) size 22x31 [border: (2px solid #000000)]
            RenderText {#text} at (6,6) size 10x19
              text run at (6,6) width 10: "1"
          RenderBlock {DIV} at (34,4) size 22x31 [border: (2px solid #000000)]
            RenderText {#text} at (6,6) size 10x19
              text run at (6,6) width 10: "2"
          RenderBlock {DIV} at (64,4) size 22x31 [border: (2px solid #000000)]
            RenderText {#text} at (6,6) size 10x19
              text run at (6,6) width 10: "3"
          RenderBlock {DIV} at (94,4) size 22x31 [border: (2px solid #000000)]
            RenderText {#text} at (6,6) size 10x19
              text run at (6,6) width 10: "4"
          RenderBlock {DIV} at (124,4) size 22x31 [border: (2px solid #000000)]
            RenderText {#text} at (6,6) size 10x19
              text run at (6,6) width 10: "5"
        RenderDeprecatedFlexibleBox {DIV} at (0,39) size 964x39
          RenderBlock {DIV} at (124,4) size 22x31 [border: (2px solid #000000)]
            RenderText {#text} at (6,6) size 10x19
              text run at (6,6) width 10: "5"
          RenderBlock {DIV} at (94,4) size 22x31 [border: (2px solid #000000)]
            RenderText {#text} at (6,6) size 10x19
              text run at (6,6) width 10: "4"
          RenderBlock {DIV} at (64,4) size 22x31 [border: (2px solid #000000)]
            RenderText {#text} at (6,6) size 10x19
              text run at (6,6) width 10: "3"
          RenderBlock {DIV} at (34,4) size 22x31 [border: (2px solid #000000)]
            RenderText {#text} at (6,6) size 10x19
              text run at (6,6) width 10: "2"
          RenderBlock {DIV} at (4,4) size 22x31 [border: (2px solid #000000)]
            RenderText {#text} at (6,6) size 10x19
              text run at (6,6) width 10: "1"
        RenderDeprecatedFlexibleBox {DIV} at (0,78) size 964x39
          RenderBlock {DIV} at (4,4) size 22x31 [border: (2px solid #000000)]
            RenderText {#text} at (6,6) size 10x19
              text run at (6,6) width 10: "1"
          RenderBlock {DIV} at (34,4) size 22x31 [border: (2px solid #000000)]
            RenderText {#text} at (6,6) size 10x19
              text run at (6,6) width 10: "2"
          RenderBlock {DIV} at (64,4) size 22x31 [border: (2px solid #000000)]
            RenderText {#text} at (6,6) size 10x19
              text run at (6,6) width 10: "3"
          RenderBlock {DIV} at (94,4) size 22x31 [border: (2px solid #000000)]
            RenderText {#text} at (6,6) size 10x19
              text run at (6,6) width 10: "4"
          RenderBlock {DIV} at (124,4) size 22x31 [border: (2px solid #000000)]
            RenderText {#text} at (6,6) size 10x19
              text run at (6,6) width 10: "5"
        RenderDeprecatedFlexibleBox {DIV} at (0,117) size 964x39
          RenderBlock {DIV} at (64,4) size 22x31 [border: (2px solid #000000)]
            RenderText {#text} at (6,6) size 10x19
              text run at (6,6) width 10: "3"
          RenderBlock {DIV} at (4,4) size 22x31 [border: (2px solid #000000)]
            RenderText {#text} at (6,6) size 10x19
              text run at (6,6) width 10: "1"
          RenderBlock {DIV} at (94,4) size 22x31 [border: (2px solid #000000)]
            RenderText {#text} at (6,6) size 10x19
              text run at (6,6) width 10: "4"
          RenderBlock {DIV} at (34,4) size 22x31 [border: (2px solid #000000)]
            RenderText {#text} at (6,6) size 10x19
              text run at (6,6) width 10: "2"
          RenderBlock {DIV} at (124,4) size 22x31 [border: (2px solid #000000)]
            RenderText {#text} at (6,6) size 10x19
              text run at (6,6) width 10: "5"
        RenderDeprecatedFlexibleBox {DIV} at (0,156) size 964x39
          RenderBlock {DIV} at (64,4) size 22x31 [border: (2px solid #000000)]
            RenderText {#text} at (6,6) size 10x19
              text run at (6,6) width 10: "3"
          RenderBlock {DIV} at (4,4) size 22x31 [border: (2px solid #000000)]
            RenderText {#text} at (6,6) size 10x19
              text run at (6,6) width 10: "1"
          RenderBlock {DIV} at (94,4) size 22x31 [border: (2px solid #000000)]
            RenderText {#text} at (6,6) size 10x19
              text run at (6,6) width 10: "4"
          RenderBlock {DIV} at (34,4) size 22x31 [border: (2px solid #000000)]
            RenderText {#text} at (6,6) size 10x19
              text run at (6,6) width 10: "2"
          RenderBlock {DIV} at (124,4) size 22x31 [border: (2px solid #000000)]
            RenderText {#text} at (6,6) size 10x19
              text run at (6,6) width 10: "5"
