layer at (0,0) size 980x735
  RenderView at (0,0) size 980x735
layer at (0,0) size 980x735
  RenderBlock {HTML} at (0,0) size 980x735
    RenderBody {BODY} at (8,8) size 964x719
      RenderBlock {P} at (0,0) size 964x38
        RenderText {#text} at (0,0) size 923x38
          text run at (0,0) width 654: "You should see a 350x350 pixel (7 by 7) black/white checkerboard pattern below. "
          text run at (654,0) width 269: "This test is checking to see if box-"
          text run at (0,19) width 203: "pack: justify is supported."
      RenderDeprecatedFlexibleBox {DIV} at (0,54) size 358x358 [border: (4px solid #800000)]
        RenderDeprecatedFlexibleBox {DIV} at (4,4) size 350x50
          RenderDeprecatedFlexibleBox {DIV} at (0,0) size 50x50 [bgcolor=#000000]
          RenderDeprecatedFlexibleBox {DIV} at (100,0) size 50x50 [bgcolor=#000000]
          RenderDeprecatedFlexibleBox {DIV} at (200,0) size 50x50 [bgcolor=#000000]
          RenderDeprecatedFlexibleBox {DIV} at (300,0) size 50x50 [bgcolor=#000000]
        RenderDeprecatedFlexibleBox {DIV} at (4,54) size 350x50 [bgcolor=#000000]
          RenderDeprecatedFlexibleBox {DIV} at (0,0) size 50x50 [bgcolor=#FFFFFF]
          RenderDeprecatedFlexibleBox {DIV} at (100,0) size 50x50 [bgcolor=#FFFFFF]
          RenderDeprecatedFlexibleBox {DIV} at (200,0) size 50x50 [bgcolor=#FFFFFF]
          RenderDeprecatedFlexibleBox {DIV} at (300,0) size 50x50 [bgcolor=#FFFFFF]
        RenderDeprecatedFlexibleBox {DIV} at (4,104) size 350x50
          RenderDeprecatedFlexibleBox {DIV} at (0,0) size 50x50 [bgcolor=#000000]
          RenderDeprecatedFlexibleBox {DIV} at (100,0) size 50x50 [bgcolor=#000000]
          RenderDeprecatedFlexibleBox {DIV} at (200,0) size 50x50 [bgcolor=#000000]
          RenderDeprecatedFlexibleBox {DIV} at (300,0) size 50x50 [bgcolor=#000000]
        RenderDeprecatedFlexibleBox {DIV} at (4,154) size 350x50 [bgcolor=#000000]
          RenderDeprecatedFlexibleBox {DIV} at (0,0) size 50x50 [bgcolor=#FFFFFF]
          RenderDeprecatedFlexibleBox {DIV} at (100,0) size 50x50 [bgcolor=#FFFFFF]
          RenderDeprecatedFlexibleBox {DIV} at (200,0) size 50x50 [bgcolor=#FFFFFF]
          RenderDeprecatedFlexibleBox {DIV} at (300,0) size 50x50 [bgcolor=#FFFFFF]
        RenderDeprecatedFlexibleBox {DIV} at (4,204) size 350x50
          RenderDeprecatedFlexibleBox {DIV} at (0,0) size 50x50 [bgcolor=#000000]
          RenderDeprecatedFlexibleBox {DIV} at (100,0) size 50x50 [bgcolor=#000000]
          RenderDeprecatedFlexibleBox {DIV} at (200,0) size 50x50 [bgcolor=#000000]
          RenderDeprecatedFlexibleBox {DIV} at (300,0) size 50x50 [bgcolor=#000000]
        RenderDeprecatedFlexibleBox {DIV} at (4,254) size 350x50 [bgcolor=#000000]
          RenderDeprecatedFlexibleBox {DIV} at (0,0) size 50x50 [bgcolor=#FFFFFF]
          RenderDeprecatedFlexibleBox {DIV} at (100,0) size 50x50 [bgcolor=#FFFFFF]
          RenderDeprecatedFlexibleBox {DIV} at (200,0) size 50x50 [bgcolor=#FFFFFF]
          RenderDeprecatedFlexibleBox {DIV} at (300,0) size 50x50 [bgcolor=#FFFFFF]
        RenderDeprecatedFlexibleBox {DIV} at (4,304) size 350x50
          RenderDeprecatedFlexibleBox {DIV} at (0,0) size 50x50 [bgcolor=#000000]
          RenderDeprecatedFlexibleBox {DIV} at (100,0) size 50x50 [bgcolor=#000000]
          RenderDeprecatedFlexibleBox {DIV} at (200,0) size 50x50 [bgcolor=#000000]
          RenderDeprecatedFlexibleBox {DIV} at (300,0) size 50x50 [bgcolor=#000000]
