layer at (0,0) size 980x735
  RenderView at (0,0) size 980x735
layer at (0,0) size 980x735
  RenderBlock {HTML} at (0,0) size 980x735
    RenderBody {BODY} at (8,8) size 964x719
      RenderBlock {P} at (0,0) size 964x38
        RenderText {#text} at (0,0) size 953x38
          text run at (0,0) width 383: "You should see a 100x100 green square below. "
          text run at (383,0) width 307: "If you see any red, the test has failed. "
          text run at (690,0) width 263: "This test is checking for box-flex-"
          text run at (0,19) width 118: "group support."
      RenderDeprecatedFlexibleBox {DIV} at (0,54) size 100x100 [bgcolor=#FF0000]
        RenderDeprecatedFlexibleBox {DIV} at (0,0) size 100x100 [bgcolor=#008000]
        RenderDeprecatedFlexibleBox {DIV} at (100,0) size 0x100
