layer at (0,0) size 980x735
  RenderView at (0,0) size 980x735
layer at (0,0) size 980x735
  RenderBlock {HTML} at (0,0) size 980x735
    RenderBody {BODY} at (8,8) size 964x719
      RenderBlock {P} at (0,0) size 964x57
        RenderText {#text} at (0,0) size 964x57
          text run at (0,0) width 942: "You should see a single 100x100 green square below. If your browser supports the display of ALT text, you should see"
          text run at (0,19) width 345: "the word \"Image\" inside the green square. "
          text run at (345,19) width 348: "If you see any red, then the test has failed. "
          text run at (693,19) width 271: "This test is checking to make sure"
          text run at (0,38) width 417: "replaced elements inside boxes get stretched when "
        RenderInline {CODE} at (0,0) size 114x15
          RenderText {#text} at (417,41) size 114x15
            text run at (417,41) width 114: "box-align: stretch"
        RenderText {#text} at (531,38) size 98x19
          text run at (531,38) width 98: " is specified."
      RenderDeprecatedFlexibleBox {DIV} at (0,73) size 100x100 [bgcolor=#FF0000]
        RenderImage {IMG} at (0,0) size 100x100 [bgcolor=#008000]
