layer at (0,0) size 980x735
  RenderView at (0,0) size 980x735
layer at (0,0) size 980x735
  RenderDeprecatedFlexibleBox {HTML} at (0,0) size 980x735 [bgcolor=#FFFFFF]
    RenderDeprecatedFlexibleBox {BODY} at (0,0) size 980x735 [color=#FFFFFF] [bgcolor=#008000]
      RenderBlock (anonymous) at (0,0) size 565x735
        RenderText {#text} at (0,0) size 565x19
          text run at (0,0) width 565: "You should see white text on a green background that fills the window."
