layer at (0,0) size 800x1494
  RenderView at (0,0) size 800x600
layer at (0,0) size 800x1494
  RenderBlock {HTML} at (0,0) size 800x1494
    RenderBody {BODY} at (8,8) size 784x1454
      RenderBlock (anonymous) at (0,0) size 784x14
        RenderText {#text} at (0,0) size 195x14
          text run at (0,0) width 195: "All of these blocks should look the same."
layer at (8,54) size 320x256
  RenderBlock {DIV} at (0,46) size 320x256 [bgcolor=#00FF00]
    RenderInline {SPAN} at (0,0) size 320x64 [color=#008000]
      RenderText {#text} at (0,32) size 320x64
        text run at (0,32) width 320: "xxxxx"
    RenderBR {BR} at (320,32) size 0x64
    RenderBlock {DIV} at (0,160) size 256x64 [color=#008000]
      RenderText {#text} at (0,0) size 256x64
        text run at (0,0) width 256: "xxxx"
    RenderInline {SPAN} at (0,0) size 64x64 [color=#008000]
      RenderText {#text} at (256,160) size 64x64
        text run at (256,160) width 64: "x"
    RenderText {#text} at (0,0) size 0x0
layer at (8,342) size 320x256
  RenderBlock {DIV} at (0,334) size 320x256 [bgcolor=#00FF00]
    RenderInline {SPAN} at (0,0) size 320x64 [color=#008000]
      RenderText {#text} at (0,32) size 320x64
        text run at (0,32) width 320: "xxxxx"
    RenderBR {BR} at (320,32) size 0x64
    RenderBlock {DIV} at (0,160) size 256x64 [color=#008000]
      RenderText {#text} at (0,0) size 256x64
        text run at (0,0) width 256: "xxxx"
    RenderInline {SPAN} at (0,0) size 64x64 [color=#008000]
      RenderText {#text} at (256,160) size 64x64
        text run at (256,160) width 64: "x"
    RenderText {#text} at (0,0) size 0x0
layer at (8,630) size 320x256
  RenderBlock {DIV} at (0,622) size 320x256 [bgcolor=#00FF00]
    RenderInline {SPAN} at (0,0) size 320x64 [color=#008000]
      RenderText {#text} at (0,32) size 320x64
        text run at (0,32) width 320: "xxxxx"
    RenderBR {BR} at (320,32) size 0x64
    RenderBlock {DIV} at (0,160) size 256x64 [color=#008000]
      RenderText {#text} at (0,0) size 256x64
        text run at (0,0) width 256: "xxxx"
    RenderInline {SPAN} at (0,0) size 64x64 [color=#008000]
      RenderText {#text} at (256,160) size 64x64
        text run at (256,160) width 64: "x"
    RenderText {#text} at (0,0) size 0x0
layer at (8,918) size 320x256
  RenderBlock {DIV} at (0,910) size 320x256 [bgcolor=#00FF00]
    RenderInline {SPAN} at (0,0) size 320x64 [color=#008000]
      RenderText {#text} at (0,32) size 320x64
        text run at (0,32) width 320: "xxxxx"
    RenderBR {BR} at (320,32) size 0x64
    RenderBlock {DIV} at (0,160) size 256x64 [color=#008000]
      RenderText {#text} at (0,0) size 256x64
        text run at (0,0) width 256: "xxxx"
    RenderInline {SPAN} at (0,0) size 64x64 [color=#008000]
      RenderText {#text} at (256,160) size 64x64
        text run at (256,160) width 64: "x"
    RenderText {#text} at (0,0) size 0x0
layer at (8,1206) size 320x256
  RenderBlock {DIV} at (0,1198) size 320x256 [bgcolor=#00FF00]
    RenderInline {SPAN} at (0,0) size 320x64 [color=#008000]
      RenderText {#text} at (0,32) size 320x64
        text run at (0,32) width 320: "xxxxx"
    RenderBR {BR} at (320,32) size 0x64
    RenderBlock {DIV} at (0,160) size 256x64 [color=#008000]
      RenderText {#text} at (0,0) size 256x64
        text run at (0,0) width 256: "xxxx"
    RenderInline {SPAN} at (0,0) size 64x64 [color=#008000]
      RenderText {#text} at (256,160) size 64x64
        text run at (256,160) width 64: "x"
    RenderText {#text} at (0,0) size 0x0
