layer at (0,0) size 980x735
  RenderView at (0,0) size 980x735
layer at (0,0) size 980x735
  RenderBlock {HTML} at (0,0) size 980x735
    RenderBody {BODY} at (8,8) size 964x719
      RenderPartObject {IFRAME} at (0,0) size 304x154 [border: (2px inset #000000)]
        layer at (0,0) size 300x150
          RenderView at (0,0) size 300x150
        layer at (0,0) size 300x150
          RenderBlock {HTML} at (0,0) size 300x150
            RenderBody {BODY} at (8,8) size 284x134
              RenderText {#text} at (0,0) size 274x95
                text run at (0,0) width 260: "This frame will try to replace the"
                text run at (0,19) width 274: "contents of the frame to the right."
                text run at (0,38) width 232: "If the bug still occurs, pop-up"
                text run at (0,57) width 271: "blocking will prevent it from doing"
                text run at (0,76) width 23: "so."
      RenderText {#text} at (304,139) size 5x19
        text run at (304,139) width 5: " "
      RenderPartObject {IFRAME} at (309,0) size 304x154 [border: (2px inset #000000)]
        layer at (0,0) size 300x150
          RenderView at (0,0) size 300x150
        layer at (0,0) size 300x150
          RenderBlock {HTML} at (0,0) size 300x150
            RenderBody {BODY} at (8,8) size 284x134
              RenderText {#text} at (0,0) size 274x57
                text run at (0,0) width 274: "This text successfully replaced the"
                text run at (0,19) width 243: "original text in the frame. Test"
                text run at (0,38) width 92: "succeeded!"
      RenderText {#text} at (0,0) size 0x0
