layer at (0,0) size 800x600
  RenderView at (0,0) size 800x600
layer at (0,0) size 800x38
  RenderBlock {html:html} at (0,0) size 800x38
    RenderBody {html:body} at (8,12) size 784x14
      RenderBlock {html:p} at (0,0) size 784x14
        RenderText {#text} at (0,0) size 15x14
          text run at (0,0) width 15: "bar"
