layer at (0,0) size 980x842
  RenderView at (0,0) size 980x735
layer at (0,0) size 980x842
  RenderBlock {HTML} at (0,0) size 980x842
    RenderBody {BODY} at (8,8) size 964x826 [bgcolor=#CCCCCC]
      RenderBlock {P} at (0,0) size 964x19
        RenderText {#text} at (0,0) size 451x19
          text run at (0,0) width 451: "The style declarations which apply to the text below are:"
      RenderBlock {PRE} at (0,35) size 964x75
        RenderText {#text} at (0,0) size 441x75
          text run at (0,0) width 142: ".one {display: block;}"
          text run at (142,0) width 0: " "
          text run at (0,15) width 143: ".two {display: inline;}"
          text run at (143,15) width 0: " "
          text run at (0,30) width 441: ".three {display: list-item; list-style-type: square; margin-left: 3em;}"
          text run at (441,30) width 0: " "
          text run at (0,45) width 210: ".four {display: none; color: red;}"
          text run at (210,45) width 0: " "
          text run at (0,60) width 118: "I {display: block;}"
          text run at (118,60) width 0: " "
      RenderBlock {HR} at (0,123) size 964x2 [border: (1px inset #000000)]
      RenderBlock {P} at (0,141) size 964x19
        RenderText {#text} at (0,0) size 373x19
          text run at (0,0) width 373: "This sentence should be a block-level element."
      RenderBlock (anonymous) at (0,176) size 964x57
        RenderInline {P} at (0,0) size 583x19
          RenderText {#text} at (0,0) size 583x19
            text run at (0,0) width 583: "This sentence should be part of an inline element, as are the next three. "
        RenderInline {P} at (0,0) size 945x57
          RenderText {#text} at (583,0) size 945x57
            text run at (583,0) width 356: "This sentence and the next two are part of a"
            text run at (0,19) width 185: "second inline element. "
            text run at (185,19) width 760: "They should therefore appear, along with the sentence above, to be all one paragraph which is"
            text run at (0,38) width 168: "four sentences long. "
            text run at (168,38) width 320: "If this is not the case, then the keyword "
          RenderInline {CODE} at (0,0) size 36x15
            RenderText {#text} at (488,41) size 36x15
              text run at (488,41) width 36: "inline"
          RenderText {#text} at (524,38) size 137x19
            text run at (524,38) width 137: " is being ignored."
        RenderText {#text} at (0,0) size 0x0
      RenderListItem {P} at (48,249) size 916x57
        RenderListMarker at (-18,0) size 7x19: black square
        RenderText {#text} at (0,0) size 881x38
          text run at (0,0) width 881: "This sentence should be treated as a list-item, and therefore be rendered however this user agent displays list"
          text run at (0,19) width 70: "items (if "
        RenderInline {CODE} at (0,0) size 91x15
          RenderText {#text} at (70,22) size 91x15
            text run at (70,22) width 91: "list-style-type"
        RenderText {#text} at (161,19) size 913x38
          text run at (161,19) width 466: " is supported, there will be a square for the item marker). "
          text run at (627,19) width 286: "A 3em left margin has been applied"
          text run at (0,38) width 495: "in order to ensure that there is space for the list-item marker."
      RenderBlock {P} at (0,322) size 964x19
        RenderText {#text} at (0,0) size 574x19
          text run at (0,0) width 574: "The next paragraph should be invisible (if it's visible, you'll see red text)."
      RenderBlock {P} at (0,357) size 964x19
        RenderText {#text} at (0,0) size 318x19
          text run at (0,0) width 318: "There should be no text after the colon:"
        RenderText {#text} at (0,0) size 0x0
      RenderBlock {P} at (0,392) size 964x57
        RenderBlock (anonymous) at (0,0) size 964x19
          RenderText {#text} at (0,0) size 140x19
            text run at (0,0) width 140: "The italicized text"
        RenderBlock {I} at (0,19) size 964x19
          RenderText {#text} at (0,0) size 136x19
            text run at (0,0) width 136: "in this paragraph"
        RenderBlock (anonymous) at (0,38) size 964x19
          RenderText {#text} at (0,0) size 258x19
            text run at (0,0) width 258: "should be a block-level element."
      RenderTable {TABLE} at (0,465) size 964x361 [border: (1px outset #808080)]
        RenderTableSection {TBODY} at (1,1) size 962x359
          RenderTableRow {TR} at (0,0) size 962x27
            RenderTableCell {TD} at (0,0) size 962x27 [bgcolor=#C0C0C0] [border: (1px inset #808080)] [r=0 c=0 rs=1 cs=2]
              RenderInline {STRONG} at (0,0) size 202x19
                RenderText {#text} at (4,4) size 202x19
                  text run at (4,4) width 202: "TABLE Testing Section"
          RenderTableRow {TR} at (0,27) size 962x332
            RenderTableCell {TD} at (0,179) size 13x27 [bgcolor=#C0C0C0] [border: (1px inset #808080)] [r=1 c=0 rs=1 cs=1]
              RenderText {#text} at (4,4) size 5x19
                text run at (4,4) width 5: " "
            RenderTableCell {TD} at (13,27) size 949x332 [border: (1px inset #808080)] [r=1 c=1 rs=1 cs=1]
              RenderBlock {P} at (4,4) size 941x19
                RenderText {#text} at (0,0) size 373x19
                  text run at (0,0) width 373: "This sentence should be a block-level element."
              RenderBlock (anonymous) at (4,39) size 941x57
                RenderInline {P} at (0,0) size 583x19
                  RenderText {#text} at (0,0) size 583x19
                    text run at (0,0) width 583: "This sentence should be part of an inline element, as are the next three. "
                RenderInline {P} at (0,0) size 939x57
                  RenderText {#text} at (583,0) size 939x57
                    text run at (583,0) width 356: "This sentence and the next two are part of a"
                    text run at (0,19) width 185: "second inline element. "
                    text run at (185,19) width 743: "They should therefore appear, along with the sentence above, to be all one paragraph which"
                    text run at (0,38) width 185: "is four sentences long. "
                    text run at (185,38) width 320: "If this is not the case, then the keyword "
                  RenderInline {CODE} at (0,0) size 36x15
                    RenderText {#text} at (505,41) size 36x15
                      text run at (505,41) width 36: "inline"
                  RenderText {#text} at (541,38) size 137x19
                    text run at (541,38) width 137: " is being ignored."
                RenderText {#text} at (0,0) size 0x0
              RenderListItem {P} at (52,112) size 893x57
                RenderListMarker at (-18,0) size 7x19: black square
                RenderText {#text} at (0,0) size 881x38
                  text run at (0,0) width 881: "This sentence should be treated as a list-item, and therefore be rendered however this user agent displays list"
                  text run at (0,19) width 70: "items (if "
                RenderInline {CODE} at (0,0) size 91x15
                  RenderText {#text} at (70,22) size 91x15
                    text run at (70,22) width 91: "list-style-type"
                RenderText {#text} at (161,19) size 850x38
                  text run at (161,19) width 466: " is supported, there will be a square for the item marker). "
                  text run at (627,19) width 223: "A 3em left margin has been"
                  text run at (0,38) width 558: "applied in order to ensure that there is space for the list-item marker."
              RenderBlock {P} at (4,185) size 941x19
                RenderText {#text} at (0,0) size 574x19
                  text run at (0,0) width 574: "The next paragraph should be invisible (if it's visible, you'll see red text)."
              RenderBlock {P} at (4,220) size 941x19
                RenderText {#text} at (0,0) size 318x19
                  text run at (0,0) width 318: "There should be no text after the colon:"
                RenderText {#text} at (0,0) size 0x0
              RenderBlock {P} at (4,255) size 941x57
                RenderBlock (anonymous) at (0,0) size 941x19
                  RenderText {#text} at (0,0) size 140x19
                    text run at (0,0) width 140: "The italicized text"
                RenderBlock {I} at (0,19) size 941x19
                  RenderText {#text} at (0,0) size 136x19
                    text run at (0,0) width 136: "in this paragraph"
                RenderBlock (anonymous) at (0,38) size 941x19
                  RenderText {#text} at (0,0) size 258x19
                    text run at (0,0) width 258: "should be a block-level element."
