layer at (0,0) size 980x1583
  RenderView at (0,0) size 980x735
layer at (0,0) size 980x1583
  RenderBlock {HTML} at (0,0) size 980x1583
    RenderBody {BODY} at (8,8) size 964x1567 [bgcolor=#CCCCCC]
      RenderBlock {P} at (0,0) size 964x19
        RenderText {#text} at (0,0) size 451x19
          text run at (0,0) width 451: "The style declarations which apply to the text below are:"
      RenderBlock {PRE} at (0,35) size 964x150
        RenderText {#text} at (0,0) size 244x150
          text run at (0,0) width 177: ".one {list-style-type: disc;}"
          text run at (177,0) width 0: " "
          text run at (0,15) width 186: ".two {list-style-type: circle;}"
          text run at (186,15) width 0: " "
          text run at (0,30) width 205: ".three {list-style-type: square;}"
          text run at (205,30) width 0: " "
          text run at (0,45) width 236: ".four {list-style-type: lower-roman;}"
          text run at (236,45) width 0: " "
          text run at (0,60) width 236: ".five {list-style-type: upper-roman;}"
          text run at (236,60) width 0: " "
          text run at (0,75) width 223: ".six {list-style-type: lower-alpha;}"
          text run at (223,75) width 0: " "
          text run at (0,90) width 244: ".seven {list-style-type: upper-alpha;}"
          text run at (244,90) width 0: " "
          text run at (0,105) width 212: ".eight {list-style-type: decimal;}"
          text run at (212,105) width 0: " "
          text run at (0,120) width 187: ".nine {list-style-type: none;}"
          text run at (187,120) width 0: " "
          text run at (0,135) width 0: " "
      RenderBlock {HR} at (0,198) size 964x2 [border: (1px inset #000000)]
      RenderBlock {UL} at (0,216) size 964x57
        RenderListItem {LI} at (40,0) size 924x19
          RenderListMarker at (-18,0) size 7x19: bullet
          RenderText {#text} at (0,0) size 74x19
            text run at (0,0) width 74: "This list..."
        RenderListItem {LI} at (40,19) size 924x19
          RenderListMarker at (-18,0) size 7x19: bullet
          RenderText {#text} at (0,0) size 146x19
            text run at (0,0) width 146: "...should feature..."
        RenderListItem {LI} at (40,38) size 924x19
          RenderListMarker at (-18,0) size 7x19: bullet
          RenderText {#text} at (0,0) size 172x19
            text run at (0,0) width 172: "...discs for each item."
      RenderBlock {UL} at (0,289) size 964x57
        RenderListItem {LI} at (40,0) size 924x19
          RenderListMarker at (-18,0) size 7x19: white bullet
          RenderText {#text} at (0,0) size 74x19
            text run at (0,0) width 74: "This list..."
        RenderListItem {LI} at (40,19) size 924x19
          RenderListMarker at (-18,0) size 7x19: white bullet
          RenderText {#text} at (0,0) size 146x19
            text run at (0,0) width 146: "...should feature..."
        RenderListItem {LI} at (40,38) size 924x19
          RenderListMarker at (-18,0) size 7x19: white bullet
          RenderText {#text} at (0,0) size 184x19
            text run at (0,0) width 184: "...circles for each item."
      RenderBlock {UL} at (0,362) size 964x57
        RenderListItem {LI} at (40,0) size 924x19
          RenderListMarker at (-18,0) size 7x19: black square
          RenderText {#text} at (0,0) size 74x19
            text run at (0,0) width 74: "This list..."
        RenderListItem {LI} at (40,19) size 924x19
          RenderListMarker at (-18,0) size 7x19: black square
          RenderText {#text} at (0,0) size 146x19
            text run at (0,0) width 146: "...should feature..."
        RenderListItem {LI} at (40,38) size 924x19
          RenderListMarker at (-18,0) size 7x19: black square
          RenderText {#text} at (0,0) size 196x19
            text run at (0,0) width 196: "...squares for each item."
      RenderBlock {OL} at (0,435) size 964x57
        RenderListItem {LI} at (40,0) size 924x19
          RenderListMarker at (-19,0) size 14x19: "i"
          RenderText {#text} at (0,0) size 74x19
            text run at (0,0) width 74: "This list..."
        RenderListItem {LI} at (40,19) size 924x19
          RenderListMarker at (-23,0) size 18x19: "ii"
          RenderText {#text} at (0,0) size 146x19
            text run at (0,0) width 146: "...should feature..."
        RenderListItem {LI} at (40,38) size 924x19
          RenderListMarker at (-27,0) size 22x19: "iii"
          RenderText {#text} at (0,0) size 356x19
            text run at (0,0) width 356: "...lowercase Roman numerals for each item."
      RenderBlock {OL} at (0,508) size 964x57
        RenderListItem {LI} at (40,0) size 924x19
          RenderListMarker at (-20,0) size 15x19: "I"
          RenderText {#text} at (0,0) size 74x19
            text run at (0,0) width 74: "This list..."
        RenderListItem {LI} at (40,19) size 924x19
          RenderListMarker at (-25,0) size 20x19: "II"
          RenderText {#text} at (0,0) size 146x19
            text run at (0,0) width 146: "...should feature..."
        RenderListItem {LI} at (40,38) size 924x19
          RenderListMarker at (-30,0) size 25x19: "III"
          RenderText {#text} at (0,0) size 359x19
            text run at (0,0) width 359: "...uppercase Roman numerals for each item."
      RenderBlock {OL} at (0,581) size 964x57
        RenderListItem {LI} at (40,0) size 924x19
          RenderListMarker at (-25,0) size 20x19: "a"
          RenderText {#text} at (0,0) size 74x19
            text run at (0,0) width 74: "This list..."
        RenderListItem {LI} at (40,19) size 924x19
          RenderListMarker at (-25,0) size 20x19: "b"
          RenderText {#text} at (0,0) size 146x19
            text run at (0,0) width 146: "...should feature..."
        RenderListItem {LI} at (40,38) size 924x19
          RenderListMarker at (-24,0) size 19x19: "c"
          RenderText {#text} at (0,0) size 270x19
            text run at (0,0) width 270: "...lowercase letters for each item."
      RenderBlock {OL} at (0,654) size 964x57
        RenderListItem {LI} at (40,0) size 924x19
          RenderListMarker at (-26,0) size 21x19: "A"
          RenderText {#text} at (0,0) size 74x19
            text run at (0,0) width 74: "This list..."
        RenderListItem {LI} at (40,19) size 924x19
          RenderListMarker at (-26,0) size 21x19: "B"
          RenderText {#text} at (0,0) size 146x19
            text run at (0,0) width 146: "...should feature..."
        RenderListItem {LI} at (40,38) size 924x19
          RenderListMarker at (-26,0) size 21x19: "C"
          RenderText {#text} at (0,0) size 273x19
            text run at (0,0) width 273: "...uppercase letters for each item."
      RenderBlock {OL} at (0,727) size 964x57
        RenderListItem {LI} at (40,0) size 924x19
          RenderListMarker at (-26,0) size 21x19: "A"
          RenderText {#text} at (0,0) size 195x19
            text run at (0,0) width 195: "This list should feature..."
        RenderListItem {LI} at (40,19) size 924x19
          RenderListMarker at (-26,0) size 21x19: "B"
          RenderText {#text} at (0,0) size 194x19
            text run at (0,0) width 194: "...letters for each item..."
        RenderListItem {LI} at (40,38) size 924x19
          RenderListMarker at (-25,0) size 20x19: "3"
          RenderText {#text} at (0,0) size 142x19
            text run at (0,0) width 142: "...except this one."
      RenderBlock {UL} at (0,800) size 964x57
        RenderListItem {LI} at (40,0) size 924x19
          RenderText {#text} at (0,0) size 74x19
            text run at (0,0) width 74: "This list..."
        RenderListItem {LI} at (40,19) size 924x19
          RenderText {#text} at (0,0) size 146x19
            text run at (0,0) width 146: "...should feature..."
        RenderListItem {LI} at (40,38) size 924x19
          RenderText {#text} at (0,0) size 193x19
            text run at (0,0) width 193: "...nothing for each item."
      RenderTable {TABLE} at (0,873) size 422x694 [border: (1px outset #808080)]
        RenderTableSection {TBODY} at (1,1) size 420x692
          RenderTableRow {TR} at (0,0) size 420x27
            RenderTableCell {TD} at (0,0) size 420x27 [bgcolor=#C0C0C0] [border: (1px inset #808080)] [r=0 c=0 rs=1 cs=2]
              RenderInline {STRONG} at (0,0) size 202x19
                RenderText {#text} at (4,4) size 202x19
                  text run at (4,4) width 202: "TABLE Testing Section"
          RenderTableRow {TR} at (0,27) size 420x665
            RenderTableCell {TD} at (0,346) size 13x27 [bgcolor=#C0C0C0] [border: (1px inset #808080)] [r=1 c=0 rs=1 cs=1]
              RenderText {#text} at (4,4) size 5x19
                text run at (4,4) width 5: " "
            RenderTableCell {TD} at (13,27) size 407x665 [border: (1px inset #808080)] [r=1 c=1 rs=1 cs=1]
              RenderBlock {UL} at (4,4) size 399x57
                RenderListItem {LI} at (40,0) size 359x19
                  RenderListMarker at (-18,0) size 7x19: bullet
                  RenderText {#text} at (0,0) size 74x19
                    text run at (0,0) width 74: "This list..."
                RenderListItem {LI} at (40,19) size 359x19
                  RenderListMarker at (-18,0) size 7x19: bullet
                  RenderText {#text} at (0,0) size 146x19
                    text run at (0,0) width 146: "...should feature..."
                RenderListItem {LI} at (40,38) size 359x19
                  RenderListMarker at (-18,0) size 7x19: bullet
                  RenderText {#text} at (0,0) size 172x19
                    text run at (0,0) width 172: "...discs for each item."
              RenderBlock {UL} at (4,77) size 399x57
                RenderListItem {LI} at (40,0) size 359x19
                  RenderListMarker at (-18,0) size 7x19: white bullet
                  RenderText {#text} at (0,0) size 74x19
                    text run at (0,0) width 74: "This list..."
                RenderListItem {LI} at (40,19) size 359x19
                  RenderListMarker at (-18,0) size 7x19: white bullet
                  RenderText {#text} at (0,0) size 146x19
                    text run at (0,0) width 146: "...should feature..."
                RenderListItem {LI} at (40,38) size 359x19
                  RenderListMarker at (-18,0) size 7x19: white bullet
                  RenderText {#text} at (0,0) size 184x19
                    text run at (0,0) width 184: "...circles for each item."
              RenderBlock {UL} at (4,150) size 399x57
                RenderListItem {LI} at (40,0) size 359x19
                  RenderListMarker at (-18,0) size 7x19: black square
                  RenderText {#text} at (0,0) size 74x19
                    text run at (0,0) width 74: "This list..."
                RenderListItem {LI} at (40,19) size 359x19
                  RenderListMarker at (-18,0) size 7x19: black square
                  RenderText {#text} at (0,0) size 146x19
                    text run at (0,0) width 146: "...should feature..."
                RenderListItem {LI} at (40,38) size 359x19
                  RenderListMarker at (-18,0) size 7x19: black square
                  RenderText {#text} at (0,0) size 196x19
                    text run at (0,0) width 196: "...squares for each item."
              RenderBlock {OL} at (4,223) size 399x57
                RenderListItem {LI} at (40,0) size 359x19
                  RenderListMarker at (-19,0) size 14x19: "i"
                  RenderText {#text} at (0,0) size 74x19
                    text run at (0,0) width 74: "This list..."
                RenderListItem {LI} at (40,19) size 359x19
                  RenderListMarker at (-23,0) size 18x19: "ii"
                  RenderText {#text} at (0,0) size 146x19
                    text run at (0,0) width 146: "...should feature..."
                RenderListItem {LI} at (40,38) size 359x19
                  RenderListMarker at (-27,0) size 22x19: "iii"
                  RenderText {#text} at (0,0) size 356x19
                    text run at (0,0) width 356: "...lowercase Roman numerals for each item."
              RenderBlock {OL} at (4,296) size 399x57
                RenderListItem {LI} at (40,0) size 359x19
                  RenderListMarker at (-20,0) size 15x19: "I"
                  RenderText {#text} at (0,0) size 74x19
                    text run at (0,0) width 74: "This list..."
                RenderListItem {LI} at (40,19) size 359x19
                  RenderListMarker at (-25,0) size 20x19: "II"
                  RenderText {#text} at (0,0) size 146x19
                    text run at (0,0) width 146: "...should feature..."
                RenderListItem {LI} at (40,38) size 359x19
                  RenderListMarker at (-30,0) size 25x19: "III"
                  RenderText {#text} at (0,0) size 359x19
                    text run at (0,0) width 359: "...uppercase Roman numerals for each item."
              RenderBlock {OL} at (4,369) size 399x57
                RenderListItem {LI} at (40,0) size 359x19
                  RenderListMarker at (-25,0) size 20x19: "a"
                  RenderText {#text} at (0,0) size 74x19
                    text run at (0,0) width 74: "This list..."
                RenderListItem {LI} at (40,19) size 359x19
                  RenderListMarker at (-25,0) size 20x19: "b"
                  RenderText {#text} at (0,0) size 146x19
                    text run at (0,0) width 146: "...should feature..."
                RenderListItem {LI} at (40,38) size 359x19
                  RenderListMarker at (-24,0) size 19x19: "c"
                  RenderText {#text} at (0,0) size 270x19
                    text run at (0,0) width 270: "...lowercase letters for each item."
              RenderBlock {OL} at (4,442) size 399x57
                RenderListItem {LI} at (40,0) size 359x19
                  RenderListMarker at (-26,0) size 21x19: "A"
                  RenderText {#text} at (0,0) size 74x19
                    text run at (0,0) width 74: "This list..."
                RenderListItem {LI} at (40,19) size 359x19
                  RenderListMarker at (-26,0) size 21x19: "B"
                  RenderText {#text} at (0,0) size 146x19
                    text run at (0,0) width 146: "...should feature..."
                RenderListItem {LI} at (40,38) size 359x19
                  RenderListMarker at (-26,0) size 21x19: "C"
                  RenderText {#text} at (0,0) size 273x19
                    text run at (0,0) width 273: "...uppercase letters for each item."
              RenderBlock {OL} at (4,515) size 399x57
                RenderListItem {LI} at (40,0) size 359x19
                  RenderListMarker at (-26,0) size 21x19: "A"
                  RenderText {#text} at (0,0) size 195x19
                    text run at (0,0) width 195: "This list should feature..."
                RenderListItem {LI} at (40,19) size 359x19
                  RenderListMarker at (-26,0) size 21x19: "B"
                  RenderText {#text} at (0,0) size 194x19
                    text run at (0,0) width 194: "...letters for each item..."
                RenderListItem {LI} at (40,38) size 359x19
                  RenderListMarker at (-25,0) size 20x19: "3"
                  RenderText {#text} at (0,0) size 142x19
                    text run at (0,0) width 142: "...except this one."
              RenderBlock {UL} at (4,588) size 399x57
                RenderListItem {LI} at (40,0) size 359x19
                  RenderText {#text} at (0,0) size 74x19
                    text run at (0,0) width 74: "This list..."
                RenderListItem {LI} at (40,19) size 359x19
                  RenderText {#text} at (0,0) size 146x19
                    text run at (0,0) width 146: "...should feature..."
                RenderListItem {LI} at (40,38) size 359x19
                  RenderText {#text} at (0,0) size 193x19
                    text run at (0,0) width 193: "...nothing for each item."
