layer at (0,0) size 980x735
  RenderView at (0,0) size 980x735
layer at (0,0) size 980x735
  RenderBlock {HTML} at (0,0) size 980x735
    RenderBody {BODY} at (8,8) size 964x719 [bgcolor=#CCCCCC]
      RenderBlock {P} at (0,0) size 964x19
        RenderText {#text} at (0,0) size 451x19
          text run at (0,0) width 451: "The style declarations which apply to the text below are:"
      RenderBlock {PRE} at (0,35) size 964x45
        RenderText {#text} at (0,0) size 339x45
          text run at (0,0) width 339: ".one {list-style-image: url(../resources/oransqr.gif);}"
          text run at (339,0) width 0: " "
          text run at (0,15) width 195: ".two {list-style-image: none;}"
          text run at (195,15) width 0: " "
          text run at (0,30) width 0: " "
      RenderBlock {HR} at (0,93) size 964x2 [border: (1px inset #000000)]
      RenderBlock {UL} at (0,111) size 964x57
        RenderListItem {LI} at (40,0) size 924x19
          RenderListMarker at (-22,0) size 15x15
          RenderText {#text} at (0,0) size 74x19
            text run at (0,0) width 74: "This list..."
        RenderListItem {LI} at (40,19) size 924x19
          RenderListMarker at (-22,0) size 15x15
          RenderText {#text} at (0,0) size 146x19
            text run at (0,0) width 146: "...should feature..."
        RenderListItem {LI} at (40,38) size 924x19
          RenderListMarker at (-22,0) size 15x15
          RenderText {#text} at (0,0) size 191x19
            text run at (0,0) width 191: "...images for each item."
      RenderBlock {UL} at (0,184) size 964x57
        RenderListItem {LI} at (40,0) size 924x19
          RenderListMarker at (-18,0) size 7x19: bullet
          RenderText {#text} at (0,0) size 74x19
            text run at (0,0) width 74: "This list..."
        RenderListItem {LI} at (40,19) size 924x19
          RenderListMarker at (-18,0) size 7x19: bullet
          RenderText {#text} at (0,0) size 146x19
            text run at (0,0) width 146: "...should feature..."
        RenderListItem {LI} at (40,38) size 924x19
          RenderListMarker at (-18,0) size 7x19: bullet
          RenderText {#text} at (0,0) size 303x19
            text run at (0,0) width 303: "...standard list markers for each item."
      RenderTable {TABLE} at (0,257) size 366x183 [border: (1px outset #808080)]
        RenderTableSection {TBODY} at (1,1) size 364x181
          RenderTableRow {TR} at (0,0) size 364x27
            RenderTableCell {TD} at (0,0) size 364x27 [bgcolor=#C0C0C0] [border: (1px inset #808080)] [r=0 c=0 rs=1 cs=2]
              RenderInline {STRONG} at (0,0) size 202x19
                RenderText {#text} at (4,4) size 202x19
                  text run at (4,4) width 202: "TABLE Testing Section"
          RenderTableRow {TR} at (0,27) size 364x154
            RenderTableCell {TD} at (0,90) size 13x27 [bgcolor=#C0C0C0] [border: (1px inset #808080)] [r=1 c=0 rs=1 cs=1]
              RenderText {#text} at (4,4) size 5x19
                text run at (4,4) width 5: " "
            RenderTableCell {TD} at (13,27) size 351x154 [border: (1px inset #808080)] [r=1 c=1 rs=1 cs=1]
              RenderBlock {UL} at (4,4) size 343x57
                RenderListItem {LI} at (40,0) size 303x19
                  RenderListMarker at (-22,0) size 15x15
                  RenderText {#text} at (0,0) size 74x19
                    text run at (0,0) width 74: "This list..."
                RenderListItem {LI} at (40,19) size 303x19
                  RenderListMarker at (-22,0) size 15x15
                  RenderText {#text} at (0,0) size 146x19
                    text run at (0,0) width 146: "...should feature..."
                RenderListItem {LI} at (40,38) size 303x19
                  RenderListMarker at (-22,0) size 15x15
                  RenderText {#text} at (0,0) size 191x19
                    text run at (0,0) width 191: "...images for each item."
              RenderBlock {UL} at (4,77) size 343x57
                RenderListItem {LI} at (40,0) size 303x19
                  RenderListMarker at (-18,0) size 7x19: bullet
                  RenderText {#text} at (0,0) size 74x19
                    text run at (0,0) width 74: "This list..."
                RenderListItem {LI} at (40,19) size 303x19
                  RenderListMarker at (-18,0) size 7x19: bullet
                  RenderText {#text} at (0,0) size 146x19
                    text run at (0,0) width 146: "...should feature..."
                RenderListItem {LI} at (40,38) size 303x19
                  RenderListMarker at (-18,0) size 7x19: bullet
                  RenderText {#text} at (0,0) size 303x19
                    text run at (0,0) width 303: "...standard list markers for each item."
