layer at (0,0) size 980x735
  RenderView at (0,0) size 980x735
layer at (0,0) size 980x735
  RenderBlock {HTML} at (0,0) size 980x735
    RenderBody {BODY} at (8,8) size 964x719 [bgcolor=#CCCCCC]
      RenderBlock {P} at (0,0) size 964x19
        RenderText {#text} at (0,0) size 451x19
          text run at (0,0) width 451: "The style declarations which apply to the text below are:"
      RenderBlock {PRE} at (0,35) size 964x30
        RenderText {#text} at (0,0) size 375x30
          text run at (0,0) width 238: ".one {list-style: upper-alpha inside;}"
          text run at (238,0) width 0: " "
          text run at (0,15) width 375: ".two {list-style: url(../resources/oransqr.gif) disc outside;}"
          text run at (375,15) width 0: " "
      RenderBlock {HR} at (0,78) size 964x2 [border: (1px inset #000000)]
      RenderBlock {UL} at (0,96) size 964x38
        RenderListItem {LI} at (40,0) size 924x38
          RenderListMarker at (0,0) size 21x19: "A"
          RenderText {#text} at (21,0) size 859x38
            text run at (21,0) width 838: "The text in this item should not behave as expected; that is, it should line up with the capital-A on the left"
            text run at (0,19) width 431: "margin, leaving no blank space beneath the capital-A."
      RenderBlock {UL} at (0,150) size 964x38
        RenderListItem {LI} at (40,0) size 924x38
          RenderListMarker at (-22,0) size 15x15
          RenderText {#text} at (0,0) size 905x38
            text run at (0,0) width 611: "The text in this item have an orange square for its bullet; failing that, a disc. "
            text run at (611,0) width 294: "Also, the bullet should be outside the"
            text run at (0,19) width 368: "text block, as the list has been set to 'outside'."
      RenderTable {TABLE} at (0,204) size 964x145 [border: (1px outset #808080)]
        RenderTableSection {TBODY} at (1,1) size 962x143
          RenderTableRow {TR} at (0,0) size 962x27
            RenderTableCell {TD} at (0,0) size 962x27 [bgcolor=#C0C0C0] [border: (1px inset #808080)] [r=0 c=0 rs=1 cs=2]
              RenderInline {STRONG} at (0,0) size 202x19
                RenderText {#text} at (4,4) size 202x19
                  text run at (4,4) width 202: "TABLE Testing Section"
          RenderTableRow {TR} at (0,27) size 962x116
            RenderTableCell {TD} at (0,71) size 13x27 [bgcolor=#C0C0C0] [border: (1px inset #808080)] [r=1 c=0 rs=1 cs=1]
              RenderText {#text} at (4,4) size 5x19
                text run at (4,4) width 5: " "
            RenderTableCell {TD} at (13,27) size 949x116 [border: (1px inset #808080)] [r=1 c=1 rs=1 cs=1]
              RenderBlock {UL} at (4,4) size 941x38
                RenderListItem {LI} at (40,0) size 901x38
                  RenderListMarker at (0,0) size 21x19: "A"
                  RenderText {#text} at (21,0) size 859x38
                    text run at (21,0) width 838: "The text in this item should not behave as expected; that is, it should line up with the capital-A on the left"
                    text run at (0,19) width 431: "margin, leaving no blank space beneath the capital-A."
              RenderBlock {UL} at (4,58) size 941x38
                RenderListItem {LI} at (40,0) size 901x38
                  RenderListMarker at (-22,0) size 15x15
                  RenderText {#text} at (0,0) size 874x38
                    text run at (0,0) width 611: "The text in this item have an orange square for its bullet; failing that, a disc. "
                    text run at (611,0) width 263: "Also, the bullet should be outside"
                    text run at (0,19) width 399: "the text block, as the list has been set to 'outside'."
