layer at (0,0) size 1176x735
  RenderView at (0,0) size 980x735
layer at (0,0) size 980x735
  RenderBlock {HTML} at (0,0) size 980x735
    RenderBody {BODY} at (8,8) size 964x719 [bgcolor=#CCCCCC]
      RenderBlock {P} at (0,0) size 964x19
        RenderText {#text} at (0,0) size 451x19
          text run at (0,0) width 451: "The style declarations which apply to the text below are:"
      RenderBlock {PRE} at (0,35) size 964x60
        RenderText {#text} at (0,0) size 195x60
          text run at (0,0) width 160: ".one {white-space: pre;}"
          text run at (160,0) width 0: " "
          text run at (0,15) width 187: ".two {white-space: nowrap;}"
          text run at (187,15) width 0: " "
          text run at (0,30) width 195: ".three {white-space: normal;}"
          text run at (195,30) width 0: " "
          text run at (0,45) width 0: " "
      RenderBlock {HR} at (0,108) size 964x2 [border: (1px inset #000000)]
      RenderBlock {P} at (0,126) size 964x95
        RenderText {#text} at (0,0) size 722x95
          text run at (0,0) width 0: " "
          text run at (0,19) width 722: "This sentence should     show extra space  where there    would ordinarily         not be any."
          text run at (722,19) width 0: " "
          text run at (0,38) width 381: "     There should also be preservation of returns"
          text run at (381,38) width 0: " "
          text run at (0,57) width 129: "as this sentence"
          text run at (129,57) width 0: " "
          text run at (0,76) width 239: "     very clearly demonstrates."
          text run at (239,76) width 0: " "
      RenderBlock {P} at (0,237) size 964x19
        RenderText {#text} at (0,0) size 1145x19
          text run at (0,0) width 1145: "This sentence should not word-wrap, no matter how long the sentence is, as it has been set to nowrap and that should have the obvious effect."
      RenderBlock {P} at (0,272) size 964x38
        RenderText {#text} at (0,0) size 377x38
          text run at (0,0) width 0: " "
          text run at (0,19) width 377: "This sentence      should     show extra   space, "
        RenderInline {SPAN} at (0,0) size 201x19
          RenderText {#text} at (377,19) size 201x19
            text run at (377,19) width 109: "except in the "
            text run at (486,19) width 92: "second half"
        RenderText {#text} at (578,19) size 5x19
          text run at (578,19) width 5: "."
          text run at (583,19) width 0: " "
      RenderTable {TABLE} at (0,326) size 1168x221 [border: (1px outset #808080)]
        RenderTableSection {TBODY} at (1,1) size 1166x219
          RenderTableRow {TR} at (0,0) size 1166x27
            RenderTableCell {TD} at (0,0) size 1166x27 [bgcolor=#C0C0C0] [border: (1px inset #808080)] [r=0 c=0 rs=1 cs=2]
              RenderInline {STRONG} at (0,0) size 202x19
                RenderText {#text} at (4,4) size 202x19
                  text run at (4,4) width 202: "TABLE Testing Section"
          RenderTableRow {TR} at (0,27) size 1166x192
            RenderTableCell {TD} at (0,109) size 13x27 [bgcolor=#C0C0C0] [border: (1px inset #808080)] [r=1 c=0 rs=1 cs=1]
              RenderText {#text} at (4,4) size 5x19
                text run at (4,4) width 5: " "
            RenderTableCell {TD} at (13,27) size 1153x192 [border: (1px inset #808080)] [r=1 c=1 rs=1 cs=1]
              RenderBlock {P} at (4,4) size 1145x95
                RenderText {#text} at (0,0) size 722x95
                  text run at (0,0) width 0: " "
                  text run at (0,19) width 722: "This sentence should     show extra space  where there    would ordinarily         not be any."
                  text run at (722,19) width 0: " "
                  text run at (0,38) width 381: "     There should also be preservation of returns"
                  text run at (381,38) width 0: " "
                  text run at (0,57) width 129: "as this sentence"
                  text run at (129,57) width 0: " "
                  text run at (0,76) width 239: "     very clearly demonstrates."
                  text run at (239,76) width 0: " "
              RenderBlock {P} at (4,115) size 1145x19
                RenderText {#text} at (0,0) size 1145x19
                  text run at (0,0) width 1145: "This sentence should not word-wrap, no matter how long the sentence is, as it has been set to nowrap and that should have the obvious effect."
              RenderBlock {P} at (4,150) size 1145x38
                RenderText {#text} at (0,0) size 377x38
                  text run at (0,0) width 0: " "
                  text run at (0,19) width 377: "This sentence      should     show extra   space, "
                RenderInline {SPAN} at (0,0) size 201x19
                  RenderText {#text} at (377,19) size 201x19
                    text run at (377,19) width 109: "except in the "
                    text run at (486,19) width 92: "second half"
                RenderText {#text} at (578,19) size 5x19
                  text run at (578,19) width 5: "."
                  text run at (583,19) width 0: " "
