layer at (0,0) size 980x735
  RenderView at (0,0) size 980x735
layer at (0,0) size 980x64
  RenderBlock {HTML} at (0,0) size 980x64
    RenderBody {BODY} at (8,8) size 964x48
      RenderBlock {DIV} at (0,0) size 964x19
        RenderText {#text} at (0,0) size 878x19
          text run at (0,0) width 878: "When the caret reaches the edge of the input box, on the next input if must jump to the center of the control."
      RenderBlock (anonymous) at (0,19) size 964x29
        RenderTextControl {INPUT} at (2,2) size 91x25 [bgcolor=#FFFFFF]
        RenderText {#text} at (0,0) size 0x0
        RenderText {#text} at (0,0) size 0x0
layer at (14,35) size 84x15 scrollWidth 241
  RenderBlock {DIV} at (4,6) size 84x15
    RenderText {#text} at (0,0) size 240x15
      text run at (0,0) width 240: "012345678901234567890123456789"
caret: position 0 of child 0 {#text} of child 0 {DIV} of {#shadow-root} of child 3 {INPUT} of body
