EDITING DELEGATE: shouldBeginEditingInDOMRange:range from 0 of DIV > BODY > HTML > #document to 3 of DIV > BODY > HTML > #document
EDITING DELEGATE: webViewDidBeginEditing:WebViewDidBeginEditingNotification
EDITING DELEGATE: webViewDidChangeSelection:WebViewDidChangeSelectionNotification
EDITING DELEGATE: webViewDidChangeSelection:WebViewDidChangeSelectionNotification
EDITING DELEGATE: webViewDidChangeSelection:WebViewDidChangeSelectionNotification
EDITING DELEGATE: webViewDidChangeSelection:WebViewDidChangeSelectionNotification
layer at (0,0) size 980x735
  RenderView at (0,0) size 980x735
layer at (0,0) size 980x735
  RenderBlock {HTML} at (0,0) size 980x735
    RenderBody {BODY} at (8,8) size 964x719
      RenderBlock {DIV} at (0,0) size 964x156
        RenderBlock {DIV} at (0,0) size 964x56
          RenderText {#text} at (0,0) size 81x28
            text run at (0,0) width 81: "Tests:"
          RenderBR {BR} at (81,22) size 0x0
          RenderText {#text} at (0,28) size 303x28
            text run at (0,28) width 303: "Key binding for control-O"
        RenderBlock {DIV} at (0,72) size 964x84
          RenderText {#text} at (0,0) size 232x28
            text run at (0,0) width 232: "Expected results:"
          RenderBR {BR} at (232,22) size 0x0
          RenderText {#text} at (0,28) size 113x28
            text run at (0,28) width 113: "one five |"
          RenderBR {BR} at (113,50) size 0x0
          RenderText {#text} at (0,56) size 172x28
            text run at (0,56) width 172: "two three four"
      RenderBlock {DIV} at (0,180) size 964x28
        RenderBlock {DIV} at (0,0) size 964x28
          RenderText {#text} at (0,0) size 277x28
            text run at (0,0) width 277: "one five two three four"
caret: position 9 of child 0 {#text} of child 1 {DIV} of child 3 {DIV} of body
