layer at (0,0) size 980x735
  RenderView at (0,0) size 980x735
layer at (0,0) size 980x203
  RenderBlock {HTML} at (0,0) size 980x203
    RenderBody {BODY} at (8,8) size 964x187
      RenderBlock {DIV} at (0,0) size 964x19
        RenderText {#text} at (0,0) size 769x19
          text run at (0,0) width 769: "When the caret is scrolled out, on starting typing it must be brought to the center of the control."
      RenderBlock (anonymous) at (0,19) size 964x168
        RenderText {#text} at (0,0) size 0x0
        RenderText {#text} at (0,0) size 0x0
layer at (10,29) size 102x160 clip at (10,29) size 87x160 scrollHeight 490
  RenderTextControl {TEXTAREA} at (2,2) size 102x160 [bgcolor=#FFFFFF]
    RenderBlock {DIV} at (4,6) size 80x480
      RenderText {#text} at (0,0) size 16x465
        text run at (0,0) width 16: "00"
        text run at (16,0) width 0: " "
        text run at (0,15) width 16: "01"
        text run at (16,15) width 0: " "
        text run at (0,30) width 16: "02"
        text run at (16,30) width 0: " "
        text run at (0,45) width 16: "03"
        text run at (16,45) width 0: " "
        text run at (0,60) width 16: "04"
        text run at (16,60) width 0: " "
        text run at (0,75) width 16: "05"
        text run at (16,75) width 0: " "
        text run at (0,90) width 16: "06"
        text run at (16,90) width 0: " "
        text run at (0,105) width 16: "07"
        text run at (16,105) width 0: " "
        text run at (0,120) width 16: "08"
        text run at (16,120) width 0: " "
        text run at (0,135) width 16: "09"
        text run at (16,135) width 0: " "
        text run at (0,150) width 16: "10"
        text run at (16,150) width 0: " "
        text run at (0,165) width 16: "11"
        text run at (16,165) width 0: " "
        text run at (0,180) width 16: "12"
        text run at (16,180) width 0: " "
        text run at (0,195) width 16: "13"
        text run at (16,195) width 0: " "
        text run at (0,210) width 16: "14"
        text run at (16,210) width 0: " "
        text run at (0,225) width 16: "15"
        text run at (16,225) width 0: " "
        text run at (0,240) width 16: "16"
        text run at (16,240) width 0: " "
        text run at (0,255) width 16: "17"
        text run at (16,255) width 0: " "
        text run at (0,270) width 16: "18"
        text run at (16,270) width 0: " "
        text run at (0,285) width 16: "19"
        text run at (16,285) width 0: " "
        text run at (0,300) width 16: "20"
        text run at (16,300) width 0: " "
        text run at (0,315) width 16: "21"
        text run at (16,315) width 0: " "
        text run at (0,330) width 16: "22"
        text run at (16,330) width 0: " "
        text run at (0,345) width 16: "23"
        text run at (16,345) width 0: " "
        text run at (0,360) width 16: "24"
        text run at (16,360) width 0: " "
        text run at (0,375) width 16: "25"
        text run at (16,375) width 0: " "
        text run at (0,390) width 16: "26"
        text run at (16,390) width 0: " "
        text run at (0,405) width 16: "27"
        text run at (16,405) width 0: " "
        text run at (0,420) width 16: "28"
        text run at (16,420) width 0: " "
        text run at (0,435) width 16: "29"
        text run at (16,435) width 0: " "
        text run at (0,450) width 16: "30"
        text run at (16,450) width 0: " "
      RenderBR {BR} at (0,465) size 0x15
caret: position 36 of child 0 {#text} of child 0 {DIV} of {#shadow-root} of child 3 {TEXTAREA} of body
