layer at (0,0) size 980x735
  RenderView at (0,0) size 980x735
layer at (0,0) size 980x227
  RenderBlock {HTML} at (0,0) size 980x227
    RenderBody {BODY} at (8,8) size 964x211
      RenderBlock {DIV} at (0,0) size 964x19
        RenderText {#text} at (0,0) size 769x19
          text run at (0,0) width 769: "When the caret is scrolled out, on starting typing it must be brought to the center of the control."
layer at (8,27) size 964x192 clip at (9,28) size 947x175 scrollHeight 589
  RenderBlock {DIV} at (0,19) size 964x192 [border: (1px solid #000000)]
    RenderText {#text} at (1,1) size 20x19
      text run at (1,1) width 20: "00"
    RenderBR {BR} at (21,1) size 0x19
    RenderText {#text} at (1,20) size 20x19
      text run at (1,20) width 20: "01"
    RenderBR {BR} at (21,20) size 0x19
    RenderText {#text} at (1,39) size 20x19
      text run at (1,39) width 20: "02"
    RenderBR {BR} at (21,39) size 0x19
    RenderText {#text} at (1,58) size 20x19
      text run at (1,58) width 20: "03"
    RenderBR {BR} at (21,58) size 0x19
    RenderText {#text} at (1,77) size 20x19
      text run at (1,77) width 20: "04"
    RenderBR {BR} at (21,77) size 0x19
    RenderText {#text} at (1,96) size 20x19
      text run at (1,96) width 20: "05"
    RenderBR {BR} at (21,96) size 0x19
    RenderText {#text} at (1,115) size 20x19
      text run at (1,115) width 20: "06"
    RenderBR {BR} at (21,115) size 0x19
    RenderText {#text} at (1,134) size 20x19
      text run at (1,134) width 20: "07"
    RenderBR {BR} at (21,134) size 0x19
    RenderText {#text} at (1,153) size 20x19
      text run at (1,153) width 20: "08"
    RenderBR {BR} at (21,153) size 0x19
    RenderText {#text} at (1,172) size 20x19
      text run at (1,172) width 20: "09"
    RenderBR {BR} at (21,172) size 0x19
    RenderText {#text} at (1,191) size 20x19
      text run at (1,191) width 20: "10"
    RenderBR {BR} at (21,191) size 0x19
    RenderText {#text} at (1,210) size 20x19
      text run at (1,210) width 20: "11"
    RenderBR {BR} at (21,210) size 0x19
    RenderText {#text} at (1,229) size 20x19
      text run at (1,229) width 20: "12"
    RenderBR {BR} at (21,229) size 0x19
    RenderText {#text} at (1,248) size 20x19
      text run at (1,248) width 20: "13"
    RenderBR {BR} at (21,248) size 0x19
    RenderText {#text} at (1,267) size 20x19
      text run at (1,267) width 20: "14"
    RenderBR {BR} at (21,267) size 0x19
    RenderText {#text} at (1,286) size 20x19
      text run at (1,286) width 20: "15"
    RenderBR {BR} at (21,286) size 0x19
    RenderText {#text} at (1,305) size 20x19
      text run at (1,305) width 20: "16"
    RenderBR {BR} at (21,305) size 0x19
    RenderText {#text} at (1,324) size 20x19
      text run at (1,324) width 20: "17"
    RenderBR {BR} at (21,324) size 0x19
    RenderText {#text} at (1,343) size 20x19
      text run at (1,343) width 20: "18"
    RenderBR {BR} at (21,343) size 0x19
    RenderText {#text} at (1,362) size 20x19
      text run at (1,362) width 20: "19"
    RenderBR {BR} at (21,362) size 0x19
    RenderText {#text} at (1,381) size 20x19
      text run at (1,381) width 20: "20"
    RenderBR {BR} at (21,381) size 0x19
    RenderText {#text} at (1,400) size 20x19
      text run at (1,400) width 20: "21"
    RenderBR {BR} at (21,400) size 0x19
    RenderText {#text} at (1,419) size 20x19
      text run at (1,419) width 20: "22"
    RenderBR {BR} at (21,419) size 0x19
    RenderText {#text} at (1,438) size 20x19
      text run at (1,438) width 20: "23"
    RenderBR {BR} at (21,438) size 0x19
    RenderText {#text} at (1,457) size 20x19
      text run at (1,457) width 20: "24"
    RenderBR {BR} at (21,457) size 0x19
    RenderText {#text} at (1,476) size 20x19
      text run at (1,476) width 20: "25"
    RenderBR {BR} at (21,476) size 0x19
    RenderText {#text} at (1,495) size 20x19
      text run at (1,495) width 20: "26"
    RenderBR {BR} at (21,495) size 0x19
    RenderText {#text} at (1,514) size 20x19
      text run at (1,514) width 20: "27"
    RenderBR {BR} at (21,514) size 0x19
    RenderText {#text} at (1,533) size 20x19
      text run at (1,533) width 20: "28"
    RenderBR {BR} at (21,533) size 0x19
    RenderText {#text} at (1,552) size 20x19
      text run at (1,552) width 20: "29"
    RenderBR {BR} at (21,552) size 0x19
    RenderText {#text} at (1,571) size 20x19
      text run at (1,571) width 20: "30"
    RenderBR {BR} at (21,571) size 0x19
caret: position 0 of child 36 {#text} of child 5 {DIV} of body
