layer at (0,0) size 800x600
  RenderView at (0,0) size 800x600
layer at (0,0) size 800x270
  RenderBlock {HTML} at (0,0) size 800x270
    RenderBody {BODY} at (8,8) size 784x250
      RenderBlock {P} at (0,214) size 784x12
        RenderInline {A} at (0,0) size 296x11 [color=#0000EE]
          RenderText {#text} at (0,0) size 296x11
            text run at (0,0) width 296: "https://bugs.webkit.org/show_bug.cgi?id=26430"
      RenderBlock {P} at (0,238) size 784x12
        RenderText {#text} at (0,0) size 267x11
          text run at (0,0) width 267: "Green box should not move when hovered"
layer at (8,8) size 202x202
  RenderBlock (relative positioned) {DIV} at (0,0) size 202x202 [border: (1px solid #000000)]
layer at (59,59) size 60x60
  RenderBlock (positioned) {DIV} at (51,51) size 60x60 [bgcolor=#008000]
layer at (-41,-41) size 100x100 backgroundClip at (0,0) size 800x600 clip at (0,0) size 800x600 outlineClip at (0,0) size 800x600
  RenderBlock (positioned) {DIV} at (-49,-49) size 100x100 [bgcolor=#808080]
