layer at (0,0) size 980x735
  RenderView at (0,0) size 980x735
layer at (0,0) size 980x267
  RenderBlock {HTML} at (0,0) size 980x267 [color=#000080] [bgcolor=#FFFFFF]
    RenderBody {BODY} at (8,16) size 964x235
      RenderBlock {DIV} at (0,0) size 100x200
        RenderBlock {P} at (0,0) size 100x200
          RenderEmbeddedObject {OBJECT} at (0,0) size 200x200
            layer at (0,0) size 100x200
              RenderView at (0,0) size 100x200
            layer at (0,0) size 100x200
              RenderSVGRoot {svg} at (0,0) size 0x0
      RenderBlock {P} at (0,216) size 964x19
        RenderText {#text} at (0,0) size 530x19
          text run at (0,0) width 530: "There should be a complete unbroken yin-yang symbol (\x{262F}) above."
