layer at (0,0) size 800x600
  RenderView at (0,0) size 800x600
layer at (0,0) size 800x600
  RenderBlock {HTML} at (0,0) size 800x600
    RenderBody {BODY} at (8,8) size 784x584
      RenderBlock {P} at (0,0) size 784x28
        RenderText {#text} at (0,0) size 759x28
          text run at (0,0) width 184: "Test for font-feature-settings property. "
          text run at (184,0) width 575: "The first word of the following three words should be displayed like \"WebKit\", while others should be displayed as black"
          text run at (0,14) width 31: "boxes."
      RenderBlock {DIV} at (0,40) size 784x14
        RenderText {#text} at (0,0) size 0x14
          text run at (0,0) width 0: "WebKit"
      RenderBlock {DIV} at (0,54) size 784x14
        RenderText {#text} at (0,0) size 0x14
          text run at (0,0) width 0: "WebKit"
      RenderBlock {DIV} at (0,68) size 784x14
        RenderText {#text} at (0,0) size 37x14
          text run at (0,0) width 37: "WebKit"
