layer at (0,0) size 980x735
  RenderView at (0,0) size 980x735
layer at (0,0) size 980x305
  RenderBlock {HTML} at (0,0) size 980x305
    RenderBody {BODY} at (8,16) size 964x259
      RenderBlock {P} at (0,0) size 964x0
      RenderBlock {P} at (0,0) size 964x19
        RenderText {#text} at (0,0) size 842x19
          text run at (0,0) width 842: "Top box should have gray part extending outside the black outline. Lower box should lie inside the outline"
      RenderBlock {DIV} at (30,49) size 400x210
layer at (38,65) size 250x100
  RenderBlock {DIV} at (0,0) size 250x100 [bgcolor=#008000] [border: none (50px solid #808080) none]
    RenderText {#text} at (0,0) size 125x19
      text run at (0,0) width 125: "box-sizing: auto"
layer at (38,175) size 200x100
  RenderBlock {DIV} at (0,110) size 200x100 [bgcolor=#008000] [border: none (50px solid #808080) none]
    RenderText {#text} at (0,0) size 149x38
      text run at (0,0) width 149: "box-sizing: border-"
      text run at (0,19) width 29: "box"
