layer at (0,0) size 980x735
  RenderView at (0,0) size 980x735
layer at (0,0) size 980x525
  RenderBlock {HTML} at (0,0) size 980x525
    RenderBody {BODY} at (8,16) size 964x479
      RenderBlock {P} at (0,0) size 964x19
        RenderText {#text} at (0,0) size 694x19
          text run at (0,0) width 694: "Tests that origin of rotation is the center of the border box, with and without box-sizing"
      RenderBlock {DIV} at (30,49) size 200x200 [bgcolor=#FF0000]
      RenderBlock {DIV} at (30,279) size 200x200 [bgcolor=#FF0000]
layer at (38,65) size 200x200
  RenderBlock {DIV} at (0,0) size 200x200 [bgcolor=#008000] [border: none (100px solid #808080) none]
    RenderText {#text} at (0,0) size 84x38
      text run at (0,0) width 84: "box-sizing:"
      text run at (0,19) width 36: "auto"
layer at (38,295) size 200x200
  RenderBlock {DIV} at (0,0) size 200x200 [bgcolor=#008000] [border: none (100px solid #808080) none]
    RenderText {#text} at (0,0) size 84x38
      text run at (0,0) width 84: "box-sizing:"
      text run at (0,19) width 36: "auto"
