layer at (0,0) size 980x735
  RenderView at (0,0) size 980x735
layer at (0,0) size 980x735
  RenderBlock {HTML} at (0,0) size 980x735
    RenderBody {BODY} at (8,8) size 964x719
      RenderBlock {H1} at (0,0) size 964x37
        RenderText {#text} at (0,0) size 344x38
          text run at (0,0) width 344: "Zooming Menu List"
      RenderBlock (anonymous) at (0,58) size 964x67
        RenderMenuList {SELECT} at (6,6) size 141x55 [bgcolor=#FFFFFF]
          RenderBlock (anonymous) at (6,5) size 113x45
            RenderText at (0,0) size 80x45
              text run at (0,0) width 80: "One"
        RenderText {#text} at (0,0) size 0x0
