layer at (0,0) size 800x600
  RenderView at (0,0) size 800x600
layer at (0,0) size 800x592
  RenderBlock {HTML} at (0,0) size 800x592
    RenderBody {BODY} at (8,8) size 784x576
      RenderBlock {DIV} at (4,4) size 280x280
        RenderText {#text} at (0,0) size 0x0
      RenderText {#text} at (288,183) size 3x14
        text run at (288,183) width 3: " "
      RenderBlock {DIV} at (295,4) size 280x280
        RenderText {#text} at (0,0) size 0x0
      RenderText {#text} at (579,183) size 3x14
        text run at (579,183) width 3: " "
      RenderBR {BR} at (0,0) size 0x0
      RenderBlock {DIV} at (4,292) size 280x280
        RenderText {#text} at (0,0) size 0x0
      RenderText {#text} at (288,471) size 3x14
        text run at (288,471) width 3: " "
      RenderBlock {DIV} at (295,292) size 280x280
        RenderText {#text} at (0,0) size 0x0
      RenderText {#text} at (0,0) size 0x0
layer at (102,102) size 100x100
  RenderBlock (positioned) {DIV} at (102,102) size 100x100
layer at (102,102) size 100x100
  RenderBlock (relative positioned) {DIV} at (90,90) size 100x100
layer at (393,102) size 100x100
  RenderBlock (positioned) {DIV} at (393,102) size 100x100
layer at (393,102) size 100x100
  RenderBlock (relative positioned) {DIV} at (90,90) size 100x100
layer at (102,390) size 100x100
  RenderBlock (positioned) {DIV} at (102,390) size 100x100
layer at (102,390) size 100x100
  RenderBlock (relative positioned) {DIV} at (90,90) size 100x100
layer at (393,390) size 100x100
  RenderBlock (positioned) {DIV} at (393,390) size 100x100
layer at (393,390) size 100x100
  RenderBlock (relative positioned) {DIV} at (90,90) size 100x100
