layer at (0,0) size 800x600
  RenderView at (0,0) size 800x600
layer at (0,0) size 800x576
  RenderBlock {HTML} at (0,0) size 800x576
    RenderBody {BODY} at (8,12) size 784x556
      RenderBlock {P} at (0,0) size 784x14
        RenderText {#text} at (0,0) size 308x14
          text run at (0,0) width 308: "The shadow should look identical relative to the box in each case."
      RenderBlock (anonymous) at (0,26) size 784x530
        RenderBlock {DIV} at (20,20) size 300x150
          RenderText {#text} at (0,0) size 0x0
        RenderText {#text} at (340,134) size 3x14
          text run at (340,134) width 3: " "
        RenderBlock {DIV} at (363,20) size 300x150
          RenderText {#text} at (0,0) size 0x0
        RenderText {#text} at (0,0) size 0x0
        RenderBlock {DIV} at (20,210) size 300x300
          RenderText {#text} at (0,0) size 0x0
        RenderText {#text} at (340,399) size 3x14
          text run at (340,399) width 3: " "
        RenderBlock {DIV} at (363,210) size 300x300
          RenderText {#text} at (0,0) size 0x0
        RenderText {#text} at (0,0) size 0x0
layer at (128,83) size 100x100
  RenderBlock (relative positioned) {DIV} at (100,25) size 100x100
layer at (471,83) size 100x100
  RenderBlock (relative positioned) {DIV} at (100,25) size 100x100
layer at (128,348) size 100x100
  RenderBlock (relative positioned) {DIV} at (100,100) size 100x100
layer at (471,348) size 100x100
  RenderBlock (relative positioned) {DIV} at (100,100) size 100x100
