layer at (0,0) size 800x600
  RenderView at (0,0) size 800x600
layer at (0,0) size 800x592
  RenderBlock {HTML} at (0,0) size 800x592
    RenderBody {BODY} at (8,8) size 784x576
      RenderBlock {DIV} at (4,4) size 280x280
        RenderText {#text} at (0,0) size 0x0
      RenderText {#text} at (288,133) size 3x14
        text run at (288,133) width 3: " "
      RenderBlock {DIV} at (295,4) size 280x280
        RenderText {#text} at (0,0) size 0x0
      RenderText {#text} at (579,133) size 3x14
        text run at (579,133) width 3: " "
      RenderBR {BR} at (0,0) size 0x0
      RenderBlock {DIV} at (4,292) size 280x280
        RenderText {#text} at (0,0) size 0x0
      RenderText {#text} at (288,421) size 3x14
        text run at (288,421) width 3: " "
      RenderBlock {DIV} at (295,292) size 280x280
        RenderText {#text} at (0,0) size 0x0
      RenderText {#text} at (0,0) size 0x0
layer at (52,52) size 100x100
  RenderBlock (relative positioned) {DIV} at (40,40) size 100x100
layer at (343,52) size 100x100
  RenderBlock (relative positioned) {DIV} at (40,40) size 100x100
layer at (52,340) size 100x100
  RenderBlock (relative positioned) {DIV} at (40,40) size 100x100
layer at (343,340) size 100x100
  RenderBlock (relative positioned) {DIV} at (40,40) size 100x100
