layer at (0,0) size 980x735
  RenderView at (0,0) size 980x735
layer at (0,0) size 980x735
  RenderBlock {HTML} at (0,0) size 980x735
    RenderBody {BODY} at (8,8) size 956x719
layer at (8,8) size 160x719
  RenderBlock {P} at (0,0) size 160x719 [border: (10px solid #800000)]
    RenderText {#text} at (30,30) size 19x203
      text run at (30,30) width 203: "This is some column text."
    RenderBR {BR} at (34,233) size 0x0
    RenderText {#text} at (49,30) size 19x203
      text run at (49,30) width 203: "This is some column text."
    RenderBR {BR} at (53,233) size 0x0
    RenderText {#text} at (68,30) size 19x203
      text run at (68,30) width 203: "This is some column text."
    RenderBR {BR} at (72,233) size 0x0
    RenderText {#text} at (87,30) size 19x203
      text run at (87,30) width 203: "This is some column text."
    RenderBR {BR} at (91,233) size 0x0
    RenderText {#text} at (106,30) size 19x203
      text run at (106,30) width 203: "This is some column text."
    RenderBR {BR} at (110,233) size 0x0
    RenderText {#text} at (130,30) size 19x203
      text run at (130,30) width 203: "This is some column text."
    RenderBR {BR} at (134,233) size 0x0
    RenderText {#text} at (149,30) size 19x203
      text run at (149,30) width 203: "This is some column text."
    RenderBR {BR} at (153,233) size 0x0
    RenderText {#text} at (168,30) size 19x203
      text run at (168,30) width 203: "This is some column text."
    RenderBR {BR} at (172,233) size 0x0
    RenderText {#text} at (187,30) size 19x203
      text run at (187,30) width 203: "This is some column text."
    RenderBR {BR} at (191,233) size 0x0
    RenderText {#text} at (206,30) size 19x203
      text run at (206,30) width 203: "This is some column text."
    RenderBR {BR} at (210,233) size 0x0
    RenderText {#text} at (230,30) size 19x203
      text run at (230,30) width 203: "This is some column text."
    RenderBR {BR} at (234,233) size 0x0
    RenderText {#text} at (249,30) size 19x203
      text run at (249,30) width 203: "This is some column text."
    RenderBR {BR} at (253,233) size 0x0
    RenderText {#text} at (268,30) size 19x203
      text run at (268,30) width 203: "This is some column text."
    RenderBR {BR} at (272,233) size 0x0
layer at (184,8) size 160x719
  RenderBlock {P} at (176,0) size 160x719 [border: (10px solid #800000)]
    RenderText {#text} at (30,36) size 19x203
      text run at (30,36) width 5 RTL: "."
      text run at (30,41) width 198: "This is some column text"
    RenderBR {BR} at (34,36) size 0x0
    RenderText {#text} at (49,36) size 19x203
      text run at (49,36) width 5 RTL: "."
      text run at (49,41) width 198: "This is some column text"
    RenderBR {BR} at (53,36) size 0x0
    RenderText {#text} at (68,36) size 19x203
      text run at (68,36) width 5 RTL: "."
      text run at (68,41) width 198: "This is some column text"
    RenderBR {BR} at (72,36) size 0x0
    RenderText {#text} at (87,36) size 19x203
      text run at (87,36) width 5 RTL: "."
      text run at (87,41) width 198: "This is some column text"
    RenderBR {BR} at (91,36) size 0x0
    RenderText {#text} at (106,36) size 19x203
      text run at (106,36) width 5 RTL: "."
      text run at (106,41) width 198: "This is some column text"
    RenderBR {BR} at (110,36) size 0x0
    RenderText {#text} at (130,36) size 19x203
      text run at (130,36) width 5 RTL: "."
      text run at (130,41) width 198: "This is some column text"
    RenderBR {BR} at (134,36) size 0x0
    RenderText {#text} at (149,36) size 19x203
      text run at (149,36) width 5 RTL: "."
      text run at (149,41) width 198: "This is some column text"
    RenderBR {BR} at (153,36) size 0x0
    RenderText {#text} at (168,36) size 19x203
      text run at (168,36) width 5 RTL: "."
      text run at (168,41) width 198: "This is some column text"
    RenderBR {BR} at (172,36) size 0x0
    RenderText {#text} at (187,36) size 19x203
      text run at (187,36) width 5 RTL: "."
      text run at (187,41) width 198: "This is some column text"
    RenderBR {BR} at (191,36) size 0x0
    RenderText {#text} at (206,36) size 19x203
      text run at (206,36) width 5 RTL: "."
      text run at (206,41) width 198: "This is some column text"
    RenderBR {BR} at (210,36) size 0x0
    RenderText {#text} at (230,36) size 19x203
      text run at (230,36) width 5 RTL: "."
      text run at (230,41) width 198: "This is some column text"
    RenderBR {BR} at (234,36) size 0x0
    RenderText {#text} at (249,36) size 19x203
      text run at (249,36) width 5 RTL: "."
      text run at (249,41) width 198: "This is some column text"
    RenderBR {BR} at (253,36) size 0x0
    RenderText {#text} at (268,36) size 19x203
      text run at (268,36) width 5 RTL: "."
      text run at (268,41) width 198: "This is some column text"
    RenderBR {BR} at (272,36) size 0x0
