layer at (0,0) size 980x1208
  RenderView at (0,0) size 980x735
layer at (0,0) size 980x735
  RenderBlock {HTML} at (0,0) size 980x735
    RenderBody {BODY} at (8,8) size 964x1200
layer at (8,8) size 404x1200
  RenderBlock {DIV} at (0,0) size 404x1200 [border: (2px solid #000000)]
    RenderText {#text} at (2,2) size 19x139
      text run at (2,2) width 139: "This is some text."
    RenderBR {BR} at (6,141) size 0x0
    RenderText {#text} at (21,2) size 19x139
      text run at (21,2) width 139: "This is some text."
    RenderBR {BR} at (25,141) size 0x0
    RenderText {#text} at (40,2) size 19x139
      text run at (40,2) width 139: "This is some text."
    RenderBR {BR} at (44,141) size 0x0
    RenderText {#text} at (59,2) size 19x139
      text run at (59,2) width 139: "This is some text."
    RenderBR {BR} at (63,141) size 0x0
    RenderText {#text} at (78,2) size 19x139
      text run at (78,2) width 139: "This is some text."
    RenderBR {BR} at (82,141) size 0x0
    RenderText {#text} at (97,2) size 19x139
      text run at (97,2) width 139: "This is some text."
    RenderBR {BR} at (101,141) size 0x0
    RenderText {#text} at (116,2) size 19x139
      text run at (116,2) width 139: "This is some text."
    RenderBR {BR} at (120,141) size 0x0
    RenderText {#text} at (135,2) size 19x139
      text run at (135,2) width 139: "This is some text."
    RenderBR {BR} at (139,141) size 0x0
    RenderText {#text} at (154,2) size 19x139
      text run at (154,2) width 139: "This is some text."
    RenderBR {BR} at (158,141) size 0x0
    RenderText {#text} at (173,2) size 19x139
      text run at (173,2) width 139: "This is some text."
    RenderBR {BR} at (177,141) size 0x0
    RenderImage {IMG} at (402,2) size 300x250 [bgcolor=#008000]
    RenderText {#text} at (402,252) size 38x98
      text run at (402,252) width 98: "This is some"
      text run at (421,252) width 36: "text."
    RenderBR {BR} at (425,288) size 0x0
    RenderText {#text} at (440,252) size 38x98
      text run at (440,252) width 98: "This is some"
      text run at (459,252) width 36: "text."
    RenderBR {BR} at (463,288) size 0x0
    RenderText {#text} at (478,252) size 38x98
      text run at (478,252) width 98: "This is some"
      text run at (497,252) width 36: "text."
    RenderBR {BR} at (501,288) size 0x0
    RenderText {#text} at (516,252) size 38x98
      text run at (516,252) width 98: "This is some"
      text run at (535,252) width 36: "text."
    RenderBR {BR} at (539,288) size 0x0
    RenderText {#text} at (554,252) size 38x98
      text run at (554,252) width 98: "This is some"
      text run at (573,252) width 36: "text."
    RenderBR {BR} at (577,288) size 0x0
    RenderText {#text} at (592,252) size 38x98
      text run at (592,252) width 98: "This is some"
      text run at (611,252) width 36: "text."
    RenderBR {BR} at (615,288) size 0x0
    RenderText {#text} at (630,252) size 38x98
      text run at (630,252) width 98: "This is some"
      text run at (649,252) width 36: "text."
    RenderBR {BR} at (653,288) size 0x0
    RenderText {#text} at (668,252) size 38x98
      text run at (668,252) width 98: "This is some"
      text run at (687,252) width 36: "text."
    RenderBR {BR} at (691,288) size 0x0
    RenderText {#text} at (706,2) size 19x139
      text run at (706,2) width 139: "This is some text."
    RenderBR {BR} at (710,141) size 0x0
    RenderText {#text} at (725,2) size 19x139
      text run at (725,2) width 139: "This is some text."
    RenderBR {BR} at (729,141) size 0x0
    RenderText {#text} at (744,2) size 19x139
      text run at (744,2) width 139: "This is some text."
    RenderBR {BR} at (748,141) size 0x0
    RenderText {#text} at (763,2) size 19x139
      text run at (763,2) width 139: "This is some text."
    RenderBR {BR} at (767,141) size 0x0
    RenderText {#text} at (782,2) size 19x139
      text run at (782,2) width 139: "This is some text."
    RenderBR {BR} at (786,141) size 0x0
    RenderText {#text} at (802,2) size 19x139
      text run at (802,2) width 139: "This is some text."
    RenderBR {BR} at (806,141) size 0x0
    RenderText {#text} at (821,2) size 19x139
      text run at (821,2) width 139: "This is some text."
    RenderBR {BR} at (825,141) size 0x0
    RenderText {#text} at (840,2) size 19x139
      text run at (840,2) width 139: "This is some text."
    RenderBR {BR} at (844,141) size 0x0
    RenderText {#text} at (859,2) size 19x139
      text run at (859,2) width 139: "This is some text."
    RenderBR {BR} at (863,141) size 0x0
    RenderText {#text} at (878,2) size 19x139
      text run at (878,2) width 139: "This is some text."
    RenderBR {BR} at (882,141) size 0x0
    RenderText {#text} at (897,2) size 19x139
      text run at (897,2) width 139: "This is some text."
    RenderBR {BR} at (901,141) size 0x0
    RenderText {#text} at (916,2) size 19x139
      text run at (916,2) width 139: "This is some text."
    RenderBR {BR} at (920,141) size 0x0
    RenderText {#text} at (935,2) size 19x139
      text run at (935,2) width 139: "This is some text."
    RenderBR {BR} at (939,141) size 0x0
    RenderText {#text} at (954,2) size 19x139
      text run at (954,2) width 139: "This is some text."
    RenderBR {BR} at (958,141) size 0x0
    RenderText {#text} at (973,2) size 19x139
      text run at (973,2) width 139: "This is some text."
    RenderBR {BR} at (977,141) size 0x0
    RenderText {#text} at (992,2) size 19x139
      text run at (992,2) width 139: "This is some text."
    RenderBR {BR} at (996,141) size 0x0
    RenderText {#text} at (1011,2) size 19x139
      text run at (1011,2) width 139: "This is some text."
    RenderBR {BR} at (1015,141) size 0x0
    RenderText {#text} at (1030,2) size 19x139
      text run at (1030,2) width 139: "This is some text."
    RenderBR {BR} at (1034,141) size 0x0
    RenderText {#text} at (1049,2) size 19x139
      text run at (1049,2) width 139: "This is some text."
    RenderBR {BR} at (1053,141) size 0x0
    RenderText {#text} at (1068,2) size 19x139
      text run at (1068,2) width 139: "This is some text."
    RenderBR {BR} at (1072,141) size 0x0
    RenderText {#text} at (1087,2) size 19x139
      text run at (1087,2) width 139: "This is some text."
    RenderBR {BR} at (1091,141) size 0x0
    RenderText {#text} at (1106,2) size 19x139
      text run at (1106,2) width 139: "This is some text."
    RenderBR {BR} at (1110,141) size 0x0
