layer at (0,0) size 980x1141
  RenderView at (0,0) size 980x735
layer at (0,0) size 980x735
  RenderBlock {HTML} at (0,0) size 980x735
layer at (8,8) size 500x750
  RenderBody {BODY} at (8,8) size 500x750
    RenderBlock {H1} at (0,0) size 37x367
      RenderText {#text} at (0,0) size 38x215
        text run at (0,0) width 215: "Header One"
    RenderBlock (anonymous) at (58,0) size 266x367
      RenderText {#text} at (0,0) size 266x364
        text run at (0,0) width 336: "Lorem ipsum dolor sit amet, consectetuer"
        text run at (19,0) width 310: "adipiscing elit. Nulla varius enim ac mi."
        text run at (38,0) width 364: "Curabitur sollicitudin felis quis lectus. Quisque"
        text run at (57,0) width 336: "adipiscing rhoncus sem. Proin nulla purus,"
        text run at (76,0) width 357: "vulputate vel, varius ut, euismod et, nisi. Sed"
        text run at (95,0) width 315: "vitae felis vel orci sagittis aliquam. Cras"
        text run at (114,0) width 325: "convallis adipiscing sem. Nam nonummy"
        text run at (133,0) width 315: "enim. Nullam bibendum lobortis neque."
        text run at (152,0) width 310: "Vestibulum velit orci, tempus euismod,"
        text run at (171,0) width 359: "pretium quis, interdum vitae, nulla. Phasellus"
        text run at (190,0) width 362: "eget ante et tortor condimentum vestibulum."
        text run at (209,0) width 339: "Suspendisse hendrerit quam nec felis. Sed"
        text run at (228,0) width 348: "varius turpis vitae pede. Lorem ipsum dolor"
        text run at (247,0) width 298: "sit amet, consectetuer adipiscing elit."
    RenderBlock {H1} at (345,0) size 37x367
      RenderText {#text} at (0,0) size 38x217
        text run at (0,0) width 217: "Header Two"
    RenderBlock (anonymous) at (403,0) size 268x367
      RenderText {#text} at (0,0) size 268x364
        text run at (0,0) width 336: "Lorem ipsum dolor sit amet, consectetuer"
        text run at (19,0) width 310: "adipiscing elit. Nulla varius enim ac mi."
        text run at (38,0) width 364: "Curabitur sollicitudin felis quis lectus. Quisque"
        text run at (57,0) width 336: "adipiscing rhoncus sem. Proin nulla purus,"
        text run at (76,0) width 357: "vulputate vel, varius ut, euismod et, nisi. Sed"
        text run at (97,0) width 315: "vitae felis vel orci sagittis aliquam. Cras"
        text run at (116,0) width 325: "convallis adipiscing sem. Nam nonummy"
        text run at (135,0) width 315: "enim. Nullam bibendum lobortis neque."
        text run at (154,0) width 310: "Vestibulum velit orci, tempus euismod,"
        text run at (173,0) width 359: "pretium quis, interdum vitae, nulla. Phasellus"
        text run at (192,0) width 362: "eget ante et tortor condimentum vestibulum."
        text run at (211,0) width 339: "Suspendisse hendrerit quam nec felis. Sed"
        text run at (230,0) width 348: "varius turpis vitae pede. Lorem ipsum dolor"
        text run at (249,0) width 298: "sit amet, consectetuer adipiscing elit."
    RenderBlock {H1} at (692,0) size 37x367
      RenderText {#text} at (0,0) size 38x248
        text run at (0,0) width 248: "Header Three"
    RenderBlock {H1} at (1075,0) size 37x367
      RenderText {#text} at (0,0) size 38x226
        text run at (0,0) width 226: "Header Four"
    RenderBlock (anonymous) at (1133,0) size 38x367
      RenderText {#text} at (0,0) size 38x336
        text run at (0,0) width 336: "Lorem ipsum dolor sit amet, consectetuer"
        text run at (19,0) width 310: "adipiscing elit. Nulla varius enim ac mi."
layer at (758,8) size 304x367 backgroundClip at (0,0) size 980x1141 clip at (0,0) size 980x1141 outlineClip at (0,0) size 980x1141
  RenderBlock {DIV} at (750,0) size 304x367
    RenderText {#text} at (0,0) size 551x175
      text run at (0,0) width 174: "Lorem ipsum dolor sit"
      text run at (19,0) width 157: "amet, consectetuer"
      text run at (38,0) width 158: "adipiscing elit. Nulla"
      text run at (57,0) width 147: "varius enim ac mi."
      text run at (76,0) width 163: "Curabitur sollicitudin"
      text run at (95,0) width 126: "felis quis lectus."
      text run at (114,0) width 149: "Quisque adipiscing"
      text run at (133,0) width 154: "rhoncus sem. Proin"
      text run at (152,0) width 173: "nulla purus, vulputate"
      text run at (171,0) width 107: "vel, varius ut,"
      text run at (190,0) width 165: "euismod et, nisi. Sed"
      text run at (209,0) width 139: "vitae felis vel orci"
      text run at (228,0) width 171: "sagittis aliquam. Cras"
      text run at (247,0) width 152: "convallis adipiscing"
      text run at (266,0) width 168: "sem. Nam nonummy"
      text run at (285,0) width 106: "enim. Nullam"
      text run at (304,0) width 144: "bibendum lobortis"
      text run at (323,0) width 149: "neque. Vestibulum"
      text run at (342,0) width 138: "velit orci, tempus"
      text run at (361,0) width 141: "euismod, pretium"
      text run at (380,0) width 164: "quis, interdum vitae,"
      text run at (399,0) width 163: "nulla. Phasellus eget"
      text run at (418,0) width 108: "ante et tortor"
      text run at (437,0) width 111: "condimentum"
      text run at (456,0) width 92: "vestibulum."
      text run at (475,0) width 98: "Suspendisse"
      text run at (494,0) width 159: "hendrerit quam nec"
      text run at (513,0) width 175: "felis. Sed varius turpis"
      text run at (532,0) width 94: "vitae pede. "
    RenderText {#text} at (0,0) size 0x0
