layer at (0,0) size 980x1151
  RenderView at (0,0) size 980x735
layer at (0,0) size 980x735
  RenderBlock {HTML} at (0,0) size 980x735
    RenderBody {BODY} at (8,8) size 964x719
layer at (8,8) size 320x770
  RenderBlock {DIV} at (0,0) size 320x770 [border: (5px solid #000000)]
    RenderBlock {DIV} at (10,10) size 250x367
    RenderBlock (anonymous) at (260,10) size 422x367
      RenderBlock {DIV} at (0,0) size 422x367 [border: (2px solid #008000)]
        RenderText {#text} at (2,2) size 38x303
          text run at (2,2) width 303: "All of this text should be in the second"
          text run at (21,2) width 64: "column."
        RenderBR {BR} at (25,66) size 0x0
        RenderText {#text} at (40,2) size 38x303
          text run at (40,2) width 303: "All of this text should be in the second"
          text run at (59,2) width 64: "column."
        RenderBR {BR} at (63,66) size 0x0
        RenderText {#text} at (78,2) size 38x303
          text run at (78,2) width 303: "All of this text should be in the second"
          text run at (97,2) width 64: "column."
        RenderBR {BR} at (101,66) size 0x0
        RenderText {#text} at (116,2) size 38x303
          text run at (116,2) width 303: "All of this text should be in the second"
          text run at (135,2) width 64: "column."
        RenderBR {BR} at (139,66) size 0x0
        RenderText {#text} at (154,2) size 38x303
          text run at (154,2) width 303: "All of this text should be in the second"
          text run at (173,2) width 64: "column."
        RenderBR {BR} at (177,66) size 0x0
        RenderText {#text} at (192,2) size 38x303
          text run at (192,2) width 303: "All of this text should be in the second"
          text run at (211,2) width 64: "column."
        RenderBR {BR} at (215,66) size 0x0
        RenderText {#text} at (230,2) size 38x303
          text run at (230,2) width 303: "All of this text should be in the second"
          text run at (249,2) width 64: "column."
        RenderBR {BR} at (253,66) size 0x0
        RenderText {#text} at (268,2) size 38x303
          text run at (268,2) width 303: "All of this text should be in the second"
          text run at (287,2) width 64: "column."
        RenderBR {BR} at (291,66) size 0x0
        RenderText {#text} at (306,2) size 38x303
          text run at (306,2) width 303: "All of this text should be in the second"
          text run at (325,2) width 64: "column."
        RenderBR {BR} at (329,66) size 0x0
        RenderText {#text} at (344,2) size 38x303
          text run at (344,2) width 303: "All of this text should be in the second"
          text run at (363,2) width 64: "column."
        RenderBR {BR} at (367,66) size 0x0
        RenderText {#text} at (382,2) size 38x303
          text run at (382,2) width 303: "All of this text should be in the second"
          text run at (401,2) width 64: "column."
        RenderBR {BR} at (405,66) size 0x0
      RenderText {#text} at (0,0) size 0x0
