layer at (0,0) size 980x735
  RenderView at (0,0) size 980x735
layer at (0,0) size 980x286
  RenderBlock {HTML} at (0,0) size 980x286
    RenderBody {BODY} at (8,16) size 964x262
      RenderBlock {P} at (0,0) size 964x76
        RenderText {#text} at (0,0) size 954x76
          text run at (0,0) width 954: "This is a test to check if the loading of a stylesheet is properly cancelled (count of pending style sheets is decremented)"
          text run at (0,19) width 751: "when its link tag is changed through the DOM after the link tag is appended to the document. "
          text run at (751,19) width 202: "When the div with style is"
          text run at (0,38) width 913: "moved, it appears on the screen if the style was loaded properly, and doesn't appear when there are out-standing"
          text run at (0,57) width 327: "stylesheets according to the DocLoader. "
          text run at (327,57) width 35: "See "
        RenderInline {A} at (0,0) size 40x19 [color=#0000EE]
          RenderText {#text} at (362,57) size 40x19
            text run at (362,57) width 40: "6999"
      RenderBlock {P} at (0,92) size 964x19
        RenderInline {SPAN} at (0,0) size 42x19 [color=#FF0000]
          RenderText {#text} at (0,0) size 42x19
            text run at (0,0) width 42: "Fails"
        RenderText {#text} at (42,0) size 68x19
          text run at (42,0) width 68: " if there "
        RenderInline {SPAN} at (0,0) size 43x19 [color=#FF0000]
          RenderText {#text} at (110,0) size 43x19
            text run at (110,0) width 43: "is no"
        RenderText {#text} at (153,0) size 192x19
          text run at (153,0) width 192: " pink box on the screen."
      RenderBlock {P} at (0,127) size 964x19
        RenderInline {SPAN} at (0,0) size 64x19 [color=#008000]
          RenderText {#text} at (0,0) size 64x19
            text run at (0,0) width 64: "Passes"
        RenderText {#text} at (64,0) size 68x19
          text run at (64,0) width 68: " if there "
        RenderInline {SPAN} at (0,0) size 15x19 [color=#008000]
          RenderText {#text} at (132,0) size 15x19
            text run at (132,0) width 15: "is"
        RenderText {#text} at (147,0) size 207x19
          text run at (147,0) width 207: " a pink box on the screen."
      RenderBlock {DIV} at (0,162) size 100x100 [bgcolor=#FFCCFF]
