layer at (0,0) size 980x735
  RenderView at (0,0) size 980x735
layer at (0,0) size 980x735
  RenderBlock {HTML} at (0,0) size 980x735
    RenderBody {BODY} at (8,8) size 964x719
      RenderText {#text} at (0,0) size 34x19
        text run at (0,0) width 34: "Foo "
      RenderText {#text} at (34,0) size 89x19
        text run at (34,0) width 89: "Hello world"
