layer at (0,0) size 980x735
  RenderView at (0,0) size 980x735
layer at (0,0) size 980x735
  RenderBlock {HTML} at (0,0) size 980x735
    RenderBody {BODY} at (8,8) size 964x719
      RenderText {#text} at (0,0) size 31x19
        text run at (0,0) width 31: "text"
      RenderText {#text} at (31,0) size 35x19
        text run at (31,0) width 5: " "
        text run at (36,0) width 30: "test"
