layer at (0,0) size 980x735
  RenderView at (0,0) size 980x735
layer at (0,0) size 980x735
  RenderBlock {HTML} at (0,0) size 980x735
    RenderBody {BODY} at (8,8) size 964x719
      RenderBlock {P} at (0,0) size 964x19
        RenderText {#text} at (0,0) size 740x19
          text run at (0,0) width 740: "Testing reflections on directly composited images. Left and right sides should look the same."
      RenderBlock (anonymous) at (0,35) size 964x168
        RenderText {#text} at (224,149) size 5x19
          text run at (224,149) width 5: " "
        RenderText {#text} at (0,0) size 0x0
layer at (28,63) size 184x124
  RenderImage {IMG} at (20,20) size 184x124
layer at (257,63) size 184x124
  RenderImage {IMG} at (249,20) size 184x124
