layer at (0,0) size 800x600
  RenderView at (0,0) size 800x600
layer at (0,0) size 800x600
  RenderBlock {HTML} at (0,0) size 800x600
    RenderBody {BODY} at (8,8) size 784x584 [color=#FFFFFF] [bgcolor=#000000]
      RenderText {#text} at (0,0) size 390x14
        text run at (0,0) width 390: "The three red squares below should all look the same and be filled only with black."
      RenderBR {BR} at (390,11) size 0x0
      RenderPartObject {IFRAME} at (0,14) size 170x170 [border: (10px solid #FF0000)]
        layer at (0,0) size 100x100
          RenderView at (0,0) size 100x100
        layer at (0,0) size 100x100
          RenderBlock {HTML} at (0,0) size 100x100
            RenderBody {BODY} at (8,8) size 84x84
      RenderText {#text} at (170,173) size 3x14
        text run at (170,173) width 3: " "
      RenderEmbeddedObject {OBJECT} at (173,14) size 170x170 [border: (10px solid #FF0000)]
        layer at (0,0) size 100x100
          RenderView at (0,0) size 100x100
        layer at (0,0) size 100x100
          RenderBlock {HTML} at (0,0) size 100x100
            RenderBody {BODY} at (8,8) size 84x84
      RenderText {#text} at (343,173) size 3x14
        text run at (343,173) width 3: " "
      RenderEmbeddedObject {OBJECT} at (346,14) size 170x170 [border: (10px solid #FF0000)]
        layer at (0,0) size 100x100
          RenderView at (0,0) size 100x100
        layer at (0,0) size 100x100
          RenderBlock {HTML} at (0,0) size 100x100
            RenderBody {BODY} at (8,8) size 84x84
      RenderText {#text} at (0,0) size 0x0
