layer at (0,0) size 800x600
  RenderView at (0,0) size 800x600
layer at (0,0) size 800x600
  RenderBlock {HTML} at (0,0) size 800x600
    RenderFrameSet {FRAMESET} at (0,0) size 800x600
      RenderFrame {FRAME} at (0,0) size 195x145
        layer at (0,0) size 408x456
          RenderView at (0,0) size 195x145
        layer at (0,0) size 195x456
          RenderBlock {HTML} at (0,0) size 195x456
            RenderBody {BODY} at (8,8) size 179x440
              RenderBlock {P} at (0,0) size 179x28
                RenderText {#text} at (0,0) size 170x28
                  text run at (0,0) width 170: "This page is large enough to need to"
                  text run at (0,14) width 149: "be scrolled in a 200x200 frame."
              RenderBlock {DIV} at (0,40) size 400x400 [bgcolor=#0000FF]
      RenderFrame {FRAME} at (201,0) size 195x145
        layer at (0,0) size 408x456
          RenderView at (0,0) size 195x145
        layer at (0,0) size 195x456
          RenderBlock {HTML} at (0,0) size 195x456
            RenderBody {BODY} at (8,8) size 179x440
              RenderBlock {P} at (0,0) size 179x28
                RenderText {#text} at (0,0) size 170x28
                  text run at (0,0) width 170: "This page is large enough to need to"
                  text run at (0,14) width 149: "be scrolled in a 200x200 frame."
              RenderBlock {DIV} at (0,40) size 400x400 [bgcolor=#0000FF]
      RenderFrame {FRAME} at (402,0) size 195x145
        layer at (0,0) size 408x456
          RenderView at (0,0) size 195x145
        layer at (0,0) size 195x456
          RenderBlock {HTML} at (0,0) size 195x456
            RenderBody {BODY} at (8,8) size 179x440
              RenderBlock {P} at (0,0) size 179x28
                RenderText {#text} at (0,0) size 170x28
                  text run at (0,0) width 170: "This page is large enough to need to"
                  text run at (0,14) width 149: "be scrolled in a 200x200 frame."
              RenderBlock {DIV} at (0,40) size 400x400 [bgcolor=#0000FF]
      RenderFrame {FRAME} at (603,0) size 197x145
        layer at (0,0) size 408x456
          RenderView at (0,0) size 197x145
        layer at (0,0) size 197x456
          RenderBlock {HTML} at (0,0) size 197x456
            RenderBody {BODY} at (8,8) size 181x440
              RenderBlock {P} at (0,0) size 181x28
                RenderText {#text} at (0,0) size 170x28
                  text run at (0,0) width 170: "This page is large enough to need to"
                  text run at (0,14) width 149: "be scrolled in a 200x200 frame."
              RenderBlock {DIV} at (0,40) size 400x400 [bgcolor=#0000FF]
      RenderFrame {FRAME} at (0,151) size 195x145
        layer at (0,0) size 408x456
          RenderView at (0,0) size 195x145
        layer at (0,0) size 195x456
          RenderBlock {HTML} at (0,0) size 195x456
            RenderBody {BODY} at (8,8) size 179x440
              RenderBlock {P} at (0,0) size 179x28
                RenderText {#text} at (0,0) size 170x28
                  text run at (0,0) width 170: "This page is large enough to need to"
                  text run at (0,14) width 149: "be scrolled in a 200x200 frame."
              RenderBlock {DIV} at (0,40) size 400x400 [bgcolor=#0000FF]
      RenderFrame {FRAME} at (201,151) size 195x145
        layer at (0,0) size 408x456
          RenderView at (0,0) size 195x145
        layer at (0,0) size 195x456
          RenderBlock {HTML} at (0,0) size 195x456
            RenderBody {BODY} at (8,8) size 179x440
              RenderBlock {P} at (0,0) size 179x28
                RenderText {#text} at (0,0) size 170x28
                  text run at (0,0) width 170: "This page is large enough to need to"
                  text run at (0,14) width 149: "be scrolled in a 200x200 frame."
              RenderBlock {DIV} at (0,40) size 400x400 [bgcolor=#0000FF]
      RenderFrame {FRAME} at (402,151) size 195x145
        layer at (0,0) size 408x456
          RenderView at (0,0) size 195x145
        layer at (0,0) size 195x456
          RenderBlock {HTML} at (0,0) size 195x456
            RenderBody {BODY} at (8,8) size 179x440
              RenderBlock {P} at (0,0) size 179x28
                RenderText {#text} at (0,0) size 170x28
                  text run at (0,0) width 170: "This page is large enough to need to"
                  text run at (0,14) width 149: "be scrolled in a 200x200 frame."
              RenderBlock {DIV} at (0,40) size 400x400 [bgcolor=#0000FF]
      RenderFrame {FRAME} at (603,151) size 197x145
        layer at (0,0) size 408x456
          RenderView at (0,0) size 197x145
        layer at (0,0) size 197x456
          RenderBlock {HTML} at (0,0) size 197x456
            RenderBody {BODY} at (8,8) size 181x440
              RenderBlock {P} at (0,0) size 181x28
                RenderText {#text} at (0,0) size 170x28
                  text run at (0,0) width 170: "This page is large enough to need to"
                  text run at (0,14) width 149: "be scrolled in a 200x200 frame."
              RenderBlock {DIV} at (0,40) size 400x400 [bgcolor=#0000FF]
