layer at (0,0) size 800x663
  RenderView at (0,0) size 800x600
layer at (0,0) size 800x663
  RenderBlock {HTML} at (0,0) size 800x663
    RenderBody {BODY} at (8,8) size 784x647
      RenderBlock {P} at (0,0) size 784x14
        RenderText {#text} at (0,0) size 164x14
          text run at (0,0) width 164: "This page tests the behavior of the "
        RenderInline {TT} at (0,0) size 54x12
          RenderText {#text} at (164,2) size 54x12
            text run at (164,2) width 54: "scrolling"
        RenderText {#text} at (218,0) size 59x14
          text run at (218,0) width 59: " attribute on "
        RenderInline {TT} at (0,0) size 48x12
          RenderText {#text} at (277,2) size 48x12
            text run at (277,2) width 48: "<iframe>"
        RenderText {#text} at (325,0) size 316x14
          text run at (325,0) width 316: " elements which contain a page large enough to need to be scrolled."
      RenderBlock (anonymous) at (0,26) size 784x621
        RenderPartObject {IFRAME} at (0,0) size 204x204 [border: (2px inset #000000)]
          layer at (0,0) size 408x456
            RenderView at (0,0) size 200x200
          layer at (0,0) size 200x456
            RenderBlock {HTML} at (0,0) size 200x456
              RenderBody {BODY} at (8,8) size 184x440
                RenderBlock {P} at (0,0) size 184x28
                  RenderText {#text} at (0,0) size 184x28
                    text run at (0,0) width 184: "This page is large enough to need to be"
                    text run at (0,14) width 135: "scrolled in a 200x200 frame."
                RenderBlock {DIV} at (0,40) size 400x400 [bgcolor=#0000FF]
        RenderText {#text} at (204,193) size 3x14
          text run at (204,193) width 3: " "
        RenderPartObject {IFRAME} at (207,0) size 204x204 [border: (2px inset #000000)]
          layer at (0,0) size 408x456
            RenderView at (0,0) size 200x200
          layer at (0,0) size 200x456
            RenderBlock {HTML} at (0,0) size 200x456
              RenderBody {BODY} at (8,8) size 184x440
                RenderBlock {P} at (0,0) size 184x28
                  RenderText {#text} at (0,0) size 184x28
                    text run at (0,0) width 184: "This page is large enough to need to be"
                    text run at (0,14) width 135: "scrolled in a 200x200 frame."
                RenderBlock {DIV} at (0,40) size 400x400 [bgcolor=#0000FF]
        RenderText {#text} at (411,193) size 3x14
          text run at (411,193) width 3: " "
        RenderPartObject {IFRAME} at (414,0) size 204x204 [border: (2px inset #000000)]
          layer at (0,0) size 408x456
            RenderView at (0,0) size 200x200
          layer at (0,0) size 200x456
            RenderBlock {HTML} at (0,0) size 200x456
              RenderBody {BODY} at (8,8) size 184x440
                RenderBlock {P} at (0,0) size 184x28
                  RenderText {#text} at (0,0) size 184x28
                    text run at (0,0) width 184: "This page is large enough to need to be"
                    text run at (0,14) width 135: "scrolled in a 200x200 frame."
                RenderBlock {DIV} at (0,40) size 400x400 [bgcolor=#0000FF]
        RenderText {#text} at (618,193) size 3x14
          text run at (618,193) width 3: " "
        RenderPartObject {IFRAME} at (0,207) size 204x204 [border: (2px inset #000000)]
          layer at (0,0) size 408x456
            RenderView at (0,0) size 200x200
          layer at (0,0) size 200x456
            RenderBlock {HTML} at (0,0) size 200x456
              RenderBody {BODY} at (8,8) size 184x440
                RenderBlock {P} at (0,0) size 184x28
                  RenderText {#text} at (0,0) size 184x28
                    text run at (0,0) width 184: "This page is large enough to need to be"
                    text run at (0,14) width 135: "scrolled in a 200x200 frame."
                RenderBlock {DIV} at (0,40) size 400x400 [bgcolor=#0000FF]
        RenderText {#text} at (204,400) size 3x14
          text run at (204,400) width 3: " "
        RenderPartObject {IFRAME} at (207,207) size 204x204 [border: (2px inset #000000)]
          layer at (0,0) size 408x456
            RenderView at (0,0) size 200x200
          layer at (0,0) size 200x456
            RenderBlock {HTML} at (0,0) size 200x456
              RenderBody {BODY} at (8,8) size 184x440
                RenderBlock {P} at (0,0) size 184x28
                  RenderText {#text} at (0,0) size 184x28
                    text run at (0,0) width 184: "This page is large enough to need to be"
                    text run at (0,14) width 135: "scrolled in a 200x200 frame."
                RenderBlock {DIV} at (0,40) size 400x400 [bgcolor=#0000FF]
        RenderText {#text} at (411,400) size 3x14
          text run at (411,400) width 3: " "
        RenderPartObject {IFRAME} at (414,207) size 204x204 [border: (2px inset #000000)]
          layer at (0,0) size 408x456
            RenderView at (0,0) size 200x200
          layer at (0,0) size 200x456
            RenderBlock {HTML} at (0,0) size 200x456
              RenderBody {BODY} at (8,8) size 184x440
                RenderBlock {P} at (0,0) size 184x28
                  RenderText {#text} at (0,0) size 184x28
                    text run at (0,0) width 184: "This page is large enough to need to be"
                    text run at (0,14) width 135: "scrolled in a 200x200 frame."
                RenderBlock {DIV} at (0,40) size 400x400 [bgcolor=#0000FF]
        RenderText {#text} at (618,400) size 3x14
          text run at (618,400) width 3: " "
        RenderPartObject {IFRAME} at (0,414) size 204x204 [border: (2px inset #000000)]
          layer at (0,0) size 408x456
            RenderView at (0,0) size 200x200
          layer at (0,0) size 200x456
            RenderBlock {HTML} at (0,0) size 200x456
              RenderBody {BODY} at (8,8) size 184x440
                RenderBlock {P} at (0,0) size 184x28
                  RenderText {#text} at (0,0) size 184x28
                    text run at (0,0) width 184: "This page is large enough to need to be"
                    text run at (0,14) width 135: "scrolled in a 200x200 frame."
                RenderBlock {DIV} at (0,40) size 400x400 [bgcolor=#0000FF]
        RenderText {#text} at (204,607) size 3x14
          text run at (204,607) width 3: " "
        RenderPartObject {IFRAME} at (207,414) size 204x204 [border: (2px inset #000000)]
          layer at (0,0) size 408x456
            RenderView at (0,0) size 200x200
          layer at (0,0) size 200x456
            RenderBlock {HTML} at (0,0) size 200x456
              RenderBody {BODY} at (8,8) size 184x440
                RenderBlock {P} at (0,0) size 184x28
                  RenderText {#text} at (0,0) size 184x28
                    text run at (0,0) width 184: "This page is large enough to need to be"
                    text run at (0,14) width 135: "scrolled in a 200x200 frame."
                RenderBlock {DIV} at (0,40) size 400x400 [bgcolor=#0000FF]
        RenderText {#text} at (0,0) size 0x0
