layer at (0,0) size 800x600
  RenderView at (0,0) size 800x600
layer at (0,0) size 800x600
  RenderBlock {HTML} at (0,0) size 800x600
    RenderBody {BODY} at (8,8) size 784x580
      RenderBlock (anonymous) at (0,0) size 784x44
        RenderPartObject {IFRAME} at (0,0) size 204x44 [border: (2px inset #000000)]
          layer at (0,0) size 206x48
            RenderView at (0,0) size 200x40
          layer at (0,0) size 200x48
            RenderBlock {HTML} at (0,0) size 200x48
              RenderBody {BODY} at (8,8) size 184x32
                RenderTextControl {INPUT} at (2,2) size 194x28 [color=#202020]
          layer at (14,16) size 187x18
            RenderBlock {DIV} at (4,6) size 187x18
        RenderText {#text} at (0,0) size 0x0
      RenderBlock {P} at (0,56) size 784x32
        RenderText {#text} at (0,11) size 274x14
          text run at (0,11) width 274: "This field should look and act focused. Try to type into it: "
        RenderTextControl {INPUT} at (276,2) size 194x28 [color=#202020]
layer at (288,72) size 187x18
  RenderBlock {DIV} at (4,6) size 187x18
    RenderText {#text} at (1,0) size 44x17
      text run at (1,0) width 44: "PASS"
caret: position 4 of child 0 {#text} of child 0 {DIV} of {#shadow-root} of child 1 {INPUT} of child 3 {P} of body
