layer at (0,0) size 980x735
  RenderView at (0,0) size 980x735
layer at (0,0) size 980x51
  RenderBlock {test} at (0,0) size 980x51
    RenderBlock {blockquote} at (40,16) size 900x19
      RenderBlock {div} at (0,0) size 900x19
        RenderBlock {div} at (0,0) size 900x19
          RenderBlock {p} at (0,0) size 900x19 [color=#008000]
            RenderText {#text} at (0,0) size 207x19
              text run at (0,0) width 207: "This text should be green."
