layer at (0,0) size 980x735
  RenderView at (0,0) size 980x735
layer at (0,0) size 980x51
  RenderBlock {test} at (0,0) size 980x51
    RenderBlock {p} at (0,16) size 980x19
      RenderInline {a} at (0,0) size 322x19 [color=#0000EE] [bgcolor=#00FF00]
        RenderText {#text} at (0,0) size 322x19
          text run at (0,0) width 322: "This link should have green background."
      RenderText {#text} at (322,0) size 181x19
        text run at (322,0) width 181: " (Don't follow this link.)"
