layer at (0,0) size 980x735
  RenderView at (0,0) size 980x735
layer at (0,0) size 980x299
  RenderBlock {test} at (0,0) size 980x299
    RenderBlock {div} at (0,16) size 980x267
      RenderBlock {p} at (0,0) size 980x38
        RenderText {#text} at (0,0) size 953x19
          text run at (0,0) width 953: "The background color of this paragraph should turn to green when the mouse pointer hovers over any of the following:"
        RenderBR {br} at (953,0) size 0x19
        RenderInline {strong} at (0,0) size 86x19
          RenderText {#text} at (0,19) size 86x19
            text run at (0,19) width 86: "This text."
      RenderBlock {p} at (0,54) size 980x19
        RenderText {#text} at (0,0) size 73x19
          text run at (0,0) width 73: "This text."
      RenderTable {table} at (0,89) size 125x105
        RenderTableSection (anonymous) at (0,0) size 125x105
          RenderTableRow {tr} at (0,2) size 125x78
            RenderTableCell {td} at (2,2) size 121x78 [r=0 c=0 rs=1 cs=1]
              RenderTable {table} at (1,1) size 119x76
                RenderTableSection (anonymous) at (0,0) size 119x76
                  RenderTableRow {tr} at (0,2) size 119x72
                    RenderTableCell {td} at (2,2) size 115x72 [r=0 c=0 rs=1 cs=1]
                      RenderBlock {dl} at (1,17) size 113x38
                        RenderBlock {dt} at (0,0) size 113x19
                          RenderText {#text} at (0,0) size 73x19
                            text run at (0,0) width 73: "This text."
                        RenderBlock {dd} at (40,19) size 73x19
                          RenderText {#text} at (0,0) size 73x19
                            text run at (0,0) width 73: "This text."
          RenderTableRow {tr} at (0,82) size 125x21
            RenderTableCell {td} at (2,82) size 121x21 [r=1 c=0 rs=1 cs=1]
              RenderText {#text} at (1,1) size 73x19
                text run at (1,1) width 73: "This text."
      RenderBlock {p} at (0,210) size 980x22
        RenderInline {sub} at (0,0) size 61x15
          RenderText {#text} at (0,7) size 61x15
            text run at (0,7) width 61: "This text."
      RenderBlock {p} at (0,248) size 980x19
        RenderText {#text} at (0,0) size 746x19
          text run at (0,0) width 746: "...and anything else between the top of the first paragraph and the bottom of this paragraph."
