layer at (0,0) size 980x735
  RenderView at (0,0) size 980x735
layer at (0,0) size 980x51
  RenderBlock {test} at (0,0) size 980x51
    RenderBlock {p} at (0,16) size 980x19
      RenderText {#text} at (0,0) size 515x19
        text run at (0,0) width 515: "The first line of this paragraph should have a green background."
