layer at (0,0) size 980x735
  RenderView at (0,0) size 980x735
layer at (0,0) size 980x165
  RenderBlock {test} at (0,0) size 980x165
    RenderBlock {div} at (0,16) size 980x92
      RenderBlock {p} at (0,0) size 980x19
        RenderText {#text} at (0,0) size 275x19
          text run at (0,0) width 275: "This paragraph should be unstyled"
      RenderTable {table} at (0,35) size 281x57
        RenderTableSection {tbody} at (0,0) size 281x57
          RenderTableRow {tr} at (0,2) size 281x53
            RenderTableCell {td} at (2,2) size 277x53 [r=0 c=0 rs=1 cs=1]
              RenderBlock {p} at (1,17) size 275x19
                RenderText {#text} at (0,0) size 275x19
                  text run at (0,0) width 275: "This paragraph should be unstyled"
    RenderTable {table} at (0,108) size 395x57
      RenderTableSection {tbody} at (0,0) size 395x57
        RenderTableRow {tr} at (0,2) size 395x53
          RenderTableCell {td} at (2,2) size 391x53 [r=0 c=0 rs=1 cs=1]
            RenderBlock {p} at (1,17) size 389x19 [bgcolor=#00FF00]
              RenderText {#text} at (0,0) size 389x19
                text run at (0,0) width 389: "This paragraph should have a green background"
