layer at (0,0) size 980x735
  RenderView at (0,0) size 980x735
layer at (0,0) size 980x70
  RenderBlock {test} at (0,0) size 980x70
    RenderBlock {div} at (0,0) size 980x19
      RenderText {#text} at (0,0) size 191x19
        text run at (0,0) width 191: "This should be unstyled."
    RenderBlock {p} at (0,35) size 980x19 [bgcolor=#008000]
      RenderText {#text} at (0,0) size 305x19
        text run at (0,0) width 305: "This should have a green background."
