layer at (0,0) size 980x735
  RenderView at (0,0) size 980x735
layer at (0,0) size 980x51
  RenderBlock {test} at (0,0) size 980x51
    RenderBlock {p} at (0,16) size 980x19
      RenderInline (generated) at (0,0) size 186x19 [bgcolor=#00FF00]
        RenderText at (0,0) size 186x19
          text run at (0,0) width 186: "GENERATED CONTENT "
      RenderText {#text} at (186,0) size 763x19
        text run at (186,0) width 763: "You should see before this paragraph the words GENERATED CONTENT over green background"
