layer at (0,0) size 980x735
  RenderView at (0,0) size 980x735
layer at (0,0) size 980x86
  RenderBlock {test} at (0,0) size 980x86
    RenderBlock {div} at (0,16) size 980x54
      RenderBlock {p} at (0,0) size 980x19 [color=#00FF00]
        RenderInline {span} at (0,0) size 624x19 [color=#000000]
          RenderText {#text} at (0,0) size 624x19
            text run at (0,0) width 624: "The color of this text should be green when the pointing device hovers over it."
        RenderText {#text} at (0,0) size 0x0
      RenderBlock {p} at (0,35) size 980x19 [color=#00FF00]
        RenderInline {a} at (0,0) size 624x19 [color=#000000]
          RenderText {#text} at (0,0) size 624x19
            text run at (0,0) width 624: "The color of this text should be green when the pointing device hovers over it."
        RenderText {#text} at (0,0) size 0x0
