layer at (0,0) size 980x735
  RenderView at (0,0) size 980x735
layer at (0,0) size 980x126
  RenderBlock {test} at (0,0) size 980x126
    RenderBlock {p} at (0,16) size 980x94 [color=#008000]
      RenderBR {br} at (0,0) size 0x74
      RenderText {#text} at (0,75) size 204x19
        text run at (0,75) width 204: "This line should be green."
