layer at (0,0) size 980x735
  RenderView at (0,0) size 980x735
layer at (0,0) size 980x278
  RenderBlock {test} at (0,0) size 980x278
    RenderBlock {p} at (0,16) size 980x246
      RenderInline (generated) at (0,0) size 20x38 [bgcolor=#00FF00]
        RenderText {#text} at (0,0) size 20x38
          text run at (0,0) width 20: "T"
      RenderText {#text} at (20,15) size 976x231
        text run at (20,15) width 649: "his very long paragraph should have a big first letter T with a green background. "
        text run at (669,15) width 281: "Dummy text. Dummy text. Dummy"
        text run at (0,37) width 976: "text. Dummy text. Dummy text. Dummy text. Dummy text. Dummy text. Dummy text. Dummy text. Dummy text. Dummy"
        text run at (0,56) width 976: "text. Dummy text. Dummy text. Dummy text. Dummy text. Dummy text. Dummy text. Dummy text. Dummy text. Dummy"
        text run at (0,75) width 976: "text. Dummy text. Dummy text. Dummy text. Dummy text. Dummy text. Dummy text. Dummy text. Dummy text. Dummy"
        text run at (0,94) width 976: "text. Dummy text. Dummy text. Dummy text. Dummy text. Dummy text. Dummy text. Dummy text. Dummy text. Dummy"
        text run at (0,113) width 976: "text. Dummy text. Dummy text. Dummy text. Dummy text. Dummy text. Dummy text. Dummy text. Dummy text. Dummy"
        text run at (0,132) width 976: "text. Dummy text. Dummy text. Dummy text. Dummy text. Dummy text. Dummy text. Dummy text. Dummy text. Dummy"
        text run at (0,151) width 976: "text. Dummy text. Dummy text. Dummy text. Dummy text. Dummy text. Dummy text. Dummy text. Dummy text. Dummy"
        text run at (0,170) width 976: "text. Dummy text. Dummy text. Dummy text. Dummy text. Dummy text. Dummy text. Dummy text. Dummy text. Dummy"
        text run at (0,189) width 976: "text. Dummy text. Dummy text. Dummy text. Dummy text. Dummy text. Dummy text. Dummy text. Dummy text. Dummy"
        text run at (0,208) width 976: "text. Dummy text. Dummy text. Dummy text. Dummy text. Dummy text. Dummy text. Dummy text. Dummy text. Dummy"
        text run at (0,227) width 254: "text. Dummy text. Dummy text."
