layer at (0,0) size 800x600
  RenderView at (0,0) size 800x600
layer at (0,0) size 800x93
  RenderBlock {test} at (0,0) size 800x93
    RenderBlock {p} at (0,16) size 800x61
      RenderButton {button} at (2,2) size 355x28 [bgcolor=#00FF00] [border: (2px outset #C0C0C0)]
        RenderBlock (anonymous) at (8,4) size 339x19
          RenderText {#text} at (0,0) size 339x19
            text run at (0,0) width 339: "A button (enabled) with green background"
      RenderText {#text} at (359,6) size 5x19
        text run at (359,6) width 5: " "
      RenderBR {br} at (0,0) size 0x0
      RenderTextControl {input} at (2,34) size 373x25 [bgcolor=#00FF00] [border: (2px inset #000000)]
      RenderText {#text} at (0,0) size 0x0
layer at (5,53) size 367x19
  RenderBlock {div} at (3,3) size 367x19
    RenderText {#text} at (1,0) size 359x19
      text run at (1,0) width 359: "a text area (enabled) with green background"
