layer at (0,0) size 980x735
  RenderView at (0,0) size 980x735
layer at (0,0) size 980x19
  RenderBlock {test} at (0,0) size 980x19
    RenderInline {testA} at (0,0) size 660x19 [bgcolor=#00FF00]
      RenderText {#text} at (0,0) size 660x19
        text run at (0,0) width 660: "This paragraph has no declared namespace and should have a green background."
    RenderText {#text} at (0,0) size 0x0
