layer at (0,0) size 980x735
  RenderView at (0,0) size 980x735
layer at (0,0) size 980x51
  RenderBlock {test} at (0,0) size 980x51
    RenderBlock {p} at (0,16) size 980x19
      RenderText {#text} at (0,0) size 201x19
        text run at (0,0) width 201: "The background color of "
      RenderInline {a} at (0,0) size 64x19 [color=#0000EE]
        RenderText {#text} at (201,0) size 64x19
          text run at (201,0) width 64: "anchors"
      RenderText {#text} at (265,0) size 197x19
        text run at (265,0) width 5: " "
        text run at (270,0) width 192: "in this page should turn "
      RenderInline {a} at (0,0) size 68x19 [color=#0000EE]
        RenderText {#text} at (462,0) size 68x19
          text run at (462,0) width 68: "to green"
      RenderText {#text} at (530,0) size 168x19
        text run at (530,0) width 168: " when they have the "
      RenderInline {a} at (0,0) size 43x19 [color=#0000EE]
        RenderText {#text} at (698,0) size 43x19
          text run at (698,0) width 43: "focus"
      RenderText {#text} at (741,0) size 5x19
        text run at (741,0) width 5: "."
