layer at (0,0) size 980x735
  RenderView at (0,0) size 980x735
layer at (0,0) size 980x51
  RenderBlock {test} at (0,0) size 980x51
    RenderBlock {p} at (0,16) size 980x19
      RenderInline {span} at (0,0) size 204x19 [color=#008000]
        RenderText {#text} at (0,0) size 204x19
          text run at (0,0) width 204: "This line should be green."
