layer at (0,0) size 980x735
  RenderView at (0,0) size 980x735
layer at (0,0) size 980x105
  RenderBlock {test} at (0,0) size 980x105 [color=#00FF00]
    RenderBlock {p} at (0,16) size 980x19 [color=#FF0000]
      RenderInline {span} at (0,0) size 598x19 [color=#00FF00]
        RenderText {#text} at (0,0) size 598x19
          text run at (0,0) width 464: "This paragraph, and all textual contents in the document, "
          text run at (464,0) width 134: "should be green."
      RenderText {#text} at (0,0) size 0x0
    RenderBlock {ul} at (0,51) size 980x19 [color=#FF0000]
      RenderListItem {li} at (40,0) size 940x19 [color=#00FF00]
        RenderListMarker at (-18,0) size 7x19: bullet
        RenderText {#text} at (0,0) size 212x19
          text run at (0,0) width 212: "This item should be green."
    RenderBlock (anonymous) at (0,86) size 980x19
      RenderInline {foo} at (0,0) size 568x19
        RenderText {#text} at (0,0) size 568x19
          text run at (0,0) width 408: "And this element, part of a non-HTML namespace, "
          text run at (408,0) width 160: "should be green too"
      RenderText {#text} at (0,0) size 0x0
