layer at (0,0) size 980x735
  RenderView at (0,0) size 980x735
layer at (0,0) size 980x83
  RenderBlock {test} at (0,0) size 980x83
    RenderBlock {div} at (0,16) size 980x67
      RenderBlock {p} at (0,0) size 980x19
        RenderText {#text} at (0,0) size 292x19
          text run at (0,0) width 292: "The following block should be green."
      RenderBlock (anonymous) at (0,35) size 980x0
        RenderInline {stub} at (0,0) size 0x0
        RenderText {#text} at (0,0) size 0x0
        RenderText {#text} at (0,0) size 0x0
        RenderInline {t} at (0,0) size 0x0
        RenderText {#text} at (0,0) size 0x0
        RenderText {#text} at (0,0) size 0x0
        RenderInline {t} at (0,0) size 0x0
        RenderText {#text} at (0,0) size 0x0
        RenderText {#text} at (0,0) size 0x0
      RenderBlock {t} at (0,35) size 980x32 [bgcolor=#FF0000]
