layer at (0,0) size 980x735
  RenderView at (0,0) size 980x735
layer at (0,0) size 980x89
  RenderBlock {test} at (0,0) size 980x89
    RenderBlock {p} at (0,16) size 980x19 [color=#FFFFFF] [bgcolor=#008000]
      RenderText {#text} at (0,0) size 204x19
        text run at (0,0) width 204: "This line should be green."
    RenderBlock {div} at (0,51) size 980x19 [color=#FFFFFF] [bgcolor=#008000]
      RenderText {#text} at (0,0) size 204x19
        text run at (0,0) width 204: "This line should be green."
    RenderBlock {address} at (0,70) size 980x19 [color=#FFFFFF] [bgcolor=#008000]
      RenderText {#text} at (0,0) size 204x19
        text run at (0,0) width 204: "This line should be green."
