layer at (0,0) size 980x735
  RenderView at (0,0) size 980x735
layer at (0,0) size 980x342
  RenderBlock {test} at (0,0) size 980x342
    RenderBlock (anonymous) at (0,0) size 980x0
      RenderInline {test} at (0,0) size 0x0
        RenderText {#text} at (0,0) size 0x0
    RenderBlock (anonymous) at (0,0) size 980x342
      RenderBlock {line} at (0,0) size 980x19
        RenderText {#text} at (0,0) size 224x19
          text run at (0,0) width 224: "This line should be unstyled."
      RenderBlock {line} at (0,19) size 980x19 [bgcolor=#00FF00]
        RenderText {#text} at (0,0) size 204x19
          text run at (0,0) width 204: "This line should be green."
      RenderBlock {line} at (0,38) size 980x19
        RenderText {#text} at (0,0) size 224x19
          text run at (0,0) width 224: "This line should be unstyled."
      RenderBlock {line} at (0,57) size 980x19
        RenderText {#text} at (0,0) size 224x19
          text run at (0,0) width 224: "This line should be unstyled."
      RenderBlock {line} at (0,76) size 980x19 [bgcolor=#00FF00]
        RenderText {#text} at (0,0) size 204x19
          text run at (0,0) width 204: "This line should be green."
      RenderBlock {line} at (0,95) size 980x19
        RenderText {#text} at (0,0) size 224x19
          text run at (0,0) width 224: "This line should be unstyled."
      RenderBlock {line} at (0,114) size 980x19 [bgcolor=#00FF00]
        RenderText {#text} at (0,0) size 204x19
          text run at (0,0) width 204: "This line should be green."
      RenderBlock {line} at (0,133) size 980x19
        RenderText {#text} at (0,0) size 224x19
          text run at (0,0) width 224: "This line should be unstyled."
      RenderBlock {line} at (0,152) size 980x19
        RenderText {#text} at (0,0) size 224x19
          text run at (0,0) width 224: "This line should be unstyled."
      RenderBlock {line} at (0,171) size 980x19 [bgcolor=#00FF00]
        RenderText {#text} at (0,0) size 204x19
          text run at (0,0) width 204: "This line should be green."
      RenderBlock {line} at (0,190) size 980x19
        RenderText {#text} at (0,0) size 224x19
          text run at (0,0) width 224: "This line should be unstyled."
      RenderBlock {line} at (0,209) size 980x19
        RenderText {#text} at (0,0) size 224x19
          text run at (0,0) width 224: "This line should be unstyled."
      RenderBlock {line} at (0,228) size 980x19
        RenderText {#text} at (0,0) size 224x19
          text run at (0,0) width 224: "This line should be unstyled."
      RenderBlock {line} at (0,247) size 980x19 [bgcolor=#00FF00]
        RenderText {#text} at (0,0) size 204x19
          text run at (0,0) width 204: "This line should be green."
      RenderBlock {line} at (0,266) size 980x19
        RenderText {#text} at (0,0) size 224x19
          text run at (0,0) width 224: "This line should be unstyled."
      RenderBlock {line} at (0,285) size 980x19
        RenderText {#text} at (0,0) size 224x19
          text run at (0,0) width 224: "This line should be unstyled."
      RenderBlock {line} at (0,304) size 980x19 [bgcolor=#00FF00]
        RenderText {#text} at (0,0) size 204x19
          text run at (0,0) width 204: "This line should be green."
      RenderBlock {line} at (0,323) size 980x19
        RenderText {#text} at (0,0) size 224x19
          text run at (0,0) width 224: "This line should be unstyled."
    RenderBlock (anonymous) at (0,342) size 980x0
      RenderInline {test} at (0,0) size 0x0
      RenderText {#text} at (0,0) size 0x0
