layer at (0,0) size 980x735
  RenderView at (0,0) size 980x735
layer at (0,0) size 980x19
  RenderBlock {test} at (0,0) size 980x19
    RenderBlock {div} at (0,0) size 980x19
      RenderInline {testA} at (0,0) size 389x19 [bgcolor=#00FF00]
        RenderText {#text} at (0,0) size 389x19
          text run at (0,0) width 389: "This paragraph should have a green background"
      RenderText {#text} at (0,0) size 0x0
