layer at (0,0) size 980x735
  RenderView at (0,0) size 980x735
layer at (0,0) size 980x70
  RenderBlock {test} at (0,0) size 980x70
    RenderBlock {address} at (0,0) size 980x16 [bgcolor=#00FF00]
    RenderBlock {div} at (0,0) size 980x19
      RenderText {#text} at (0,0) size 338x19
        text run at (0,0) width 338: "This line should have a green background."
    RenderBlock {p} at (0,35) size 980x19
      RenderText {#text} at (0,0) size 383x19
        text run at (0,0) width 383: "(Note: This test is based on unpublished errata.)"
