layer at (0,0) size 980x735
  RenderView at (0,0) size 980x735
layer at (0,0) size 980x278
  RenderBlock {test} at (0,0) size 980x278
    RenderBlock {p} at (0,16) size 980x246
      RenderInline (generated) at (0,0) size 20x19 [color=#FF0000]
        RenderInline (generated) at (0,0) size 20x38 [color=#00FF00]
          RenderText at (0,0) size 20x38
            text run at (0,0) width 20: "T"
        RenderText at (0,0) size 0x0
      RenderText {#text} at (20,15) size 976x231
        text run at (20,15) width 927: "his very long paragraph should have a big green first letter T. Dummy text. Dummy text. Dummy text. Dummy text."
        text run at (0,37) width 976: "Dummy text. Dummy text. Dummy text. Dummy text. Dummy text. Dummy text. Dummy text. Dummy text. Dummy text."
        text run at (0,56) width 976: "Dummy text. Dummy text. Dummy text. Dummy text. Dummy text. Dummy text. Dummy text. Dummy text. Dummy text."
        text run at (0,75) width 976: "Dummy text. Dummy text. Dummy text. Dummy text. Dummy text. Dummy text. Dummy text. Dummy text. Dummy text."
        text run at (0,94) width 976: "Dummy text. Dummy text. Dummy text. Dummy text. Dummy text. Dummy text. Dummy text. Dummy text. Dummy text."
        text run at (0,113) width 976: "Dummy text. Dummy text. Dummy text. Dummy text. Dummy text. Dummy text. Dummy text. Dummy text. Dummy text."
        text run at (0,132) width 976: "Dummy text. Dummy text. Dummy text. Dummy text. Dummy text. Dummy text. Dummy text. Dummy text. Dummy text."
        text run at (0,151) width 976: "Dummy text. Dummy text. Dummy text. Dummy text. Dummy text. Dummy text. Dummy text. Dummy text. Dummy text."
        text run at (0,170) width 976: "Dummy text. Dummy text. Dummy text. Dummy text. Dummy text. Dummy text. Dummy text. Dummy text. Dummy text."
        text run at (0,189) width 976: "Dummy text. Dummy text. Dummy text. Dummy text. Dummy text. Dummy text. Dummy text. Dummy text. Dummy text."
        text run at (0,208) width 976: "Dummy text. Dummy text. Dummy text. Dummy text. Dummy text. Dummy text. Dummy text. Dummy text. Dummy text."
        text run at (0,227) width 104: "Dummy text."
