layer at (0,0) size 980x735
  RenderView at (0,0) size 980x735
layer at (0,0) size 980x35
  RenderBlock {test} at (0,0) size 980x35
    RenderBlock {div} at (0,0) size 980x19
      RenderBlock {t} at (0,0) size 980x19 [color=#008000]
        RenderText {#text} at (0,0) size 370x19
          text run at (0,0) width 370: "This paragraph should be in green characters."
