layer at (0,0) size 980x735
  RenderView at (0,0) size 980x735
layer at (0,0) size 980x51
  RenderBlock {test} at (0,0) size 980x51
    RenderBlock {p} at (0,16) size 980x19 [bgcolor=#00FF00]
      RenderText {#text} at (0,0) size 658x19
        text run at (0,0) width 538: "This paragraph should have a green background because its TITLE "
        text run at (538,0) width 120: "attribute is set."
