layer at (0,0) size 980x735
  RenderView at (0,0) size 980x735
layer at (0,0) size 980x131
  RenderBlock {test} at (0,0) size 980x131
    RenderBlock {p} at (0,16) size 980x80 [bgcolor=#00FF00] [border: (5px solid #008000)]
      RenderText {#text} at (21,21) size 905x38
        text run at (21,21) width 905: "This paragraph should have a green background and a green thick solid border because it carries both classes t1"
        text run at (21,40) width 56: "and t2."
    RenderBlock {div} at (0,112) size 980x19 [color=#FFFFFF] [bgcolor=#008000]
      RenderText {#text} at (0,0) size 204x19
        text run at (0,0) width 204: "This line should be green."
