layer at (0,0) size 980x735
  RenderView at (0,0) size 980x735
layer at (0,0) size 980x83
  RenderBlock {test} at (0,0) size 980x83
    RenderBlock {div} at (0,16) size 980x67
      RenderBlock {p} at (0,0) size 980x19
        RenderText {#text} at (0,0) size 277x19
          text run at (0,0) width 277: "The following bar should be green."
      RenderBlock {div} at (0,35) size 980x32 [bgcolor=#FF0000]
