layer at (0,0) size 980x735
  RenderView at (0,0) size 980x735
layer at (0,0) size 980x86
  RenderBlock {test} at (0,0) size 980x86
    RenderBlock {blockquote} at (40,16) size 900x19
      RenderBlock {div} at (0,0) size 900x19
        RenderText {#text} at (0,0) size 227x19
          text run at (0,0) width 227: "This text should be unstyled."
    RenderBlock {div} at (0,51) size 980x19
      RenderBlock {div} at (0,0) size 980x19
        RenderBlock {p} at (0,0) size 980x19 [color=#008000]
          RenderText {#text} at (0,0) size 207x19
            text run at (0,0) width 207: "This text should be green."
