layer at (0,0) size 980x735
  RenderView at (0,0) size 980x735
layer at (0,0) size 980x19
  RenderBlock {test} at (0,0) size 980x19
    RenderBlock {div} at (0,0) size 980x19
      RenderInline {a} at (0,0) size 361x19 [color=#0000EE] [bgcolor=#00FF00]
        RenderText {#text} at (0,0) size 361x19
          text run at (0,0) width 361: "This anchor should have a green background"
      RenderText {#text} at (361,0) size 181x19
        text run at (361,0) width 181: " (Don't follow this link.)"
