layer at (0,0) size 980x735
  RenderView at (0,0) size 980x735
layer at (0,0) size 980x38
  RenderBlock {test} at (0,0) size 980x38
    RenderBlock {tests} at (0,0) size 980x38 [color=#FF0000]
      RenderBlock {testA} at (0,0) size 980x19 [color=#008000]
        RenderText {#text} at (0,0) size 171x19
          text run at (0,0) width 171: "This should be green."
      RenderBlock {testB} at (0,19) size 980x19 [color=#008000]
        RenderText {#text} at (0,0) size 171x19
          text run at (0,0) width 171: "This should be green."
