layer at (0,0) size 980x735
  RenderView at (0,0) size 980x735
layer at (0,0) size 980x178
  RenderBlock {test} at (0,0) size 980x178
    RenderBlock {p} at (0,16) size 980x38
      RenderText {#text} at (0,0) size 950x19
        text run at (0,0) width 285: "This paragraph should be unstyled. "
        text run at (285,0) width 579: "The background of the following paragraph should become green when "
        text run at (864,0) width 86: "you follow "
      RenderInline {a} at (0,0) size 978x38 [color=#0000EE]
        RenderText {#text} at (950,0) size 978x38
          text run at (950,0) width 28: "this"
          text run at (0,19) width 27: "link"
      RenderText {#text} at (27,19) size 5x19
        text run at (27,19) width 5: "."
    RenderBlock {p} at (0,70) size 980x38
      RenderText {#text} at (0,0) size 933x19
        text run at (0,0) width 345: "This paragraph should initially be unstyled. "
        text run at (345,0) width 588: "It should become green when you select the link above. When you select "
      RenderInline {a} at (0,0) size 961x38 [color=#0000EE]
        RenderText {#text} at (933,0) size 961x38
          text run at (933,0) width 28: "this"
          text run at (0,19) width 27: "link"
      RenderText {#text} at (27,19) size 817x19
        text run at (27,19) width 345: ", it should return to being unstyled and the "
        text run at (372,19) width 472: "background of the paragraph below should become green."
    RenderBlock {p} at (0,124) size 980x38
      RenderText {#text} at (0,0) size 933x19
        text run at (0,0) width 345: "This paragraph should initially be unstyled. "
        text run at (345,0) width 588: "It should become green when you select the link above. When you follow "
      RenderInline {a} at (0,0) size 961x38 [color=#0000EE]
        RenderText {#text} at (933,0) size 961x38
          text run at (933,0) width 28: "this"
          text run at (0,19) width 27: "link"
      RenderText {#text} at (27,19) size 463x19
        text run at (27,19) width 186: ", the three paragraphs "
        text run at (213,19) width 277: "should all return to being unstyled."
