layer at (0,0) size 980x735
  RenderView at (0,0) size 980x735
layer at (0,0) size 980x156
  RenderBlock {test} at (0,0) size 980x156
    RenderBlock {div} at (0,16) size 980x124
      RenderBlock {div} at (0,0) size 980x124 [color=#008000]
        RenderBlock {p} at (0,0) size 980x19
          RenderText {#text} at (0,0) size 204x19
            text run at (0,0) width 204: "This line should be green."
        RenderBlock {p} at (0,35) size 980x19
          RenderText {#text} at (0,0) size 204x19
            text run at (0,0) width 204: "This line should be green."
        RenderBlock {p} at (0,70) size 980x19
          RenderInline {SPAN} at (0,0) size 204x19
            RenderText {#text} at (0,0) size 204x19
              text run at (0,0) width 204: "This line should be green."
        RenderBlock {p} at (0,105) size 980x19 [color=#FF0000]
          RenderInline {SPAN} at (0,0) size 204x19 [color=#008000]
            RenderText {#text} at (0,0) size 204x19
              text run at (0,0) width 204: "This line should be green."
