layer at (0,0) size 980x735
  RenderView at (0,0) size 980x735
layer at (0,0) size 980x124
  RenderBlock {test} at (0,0) size 980x124
    RenderBlock {div} at (0,0) size 980x108
      RenderBlock (anonymous) at (0,0) size 980x19
        RenderText {#text} at (0,0) size 243x19
          text run at (0,0) width 243: "This div contains 3 addresses :"
      RenderBlock {address} at (16,19) size 964x19
        RenderText {#text} at (0,0) size 315x19
          text run at (0,0) width 315: "A first address with normal background"
      RenderBlock {address} at (16,54) size 964x19 [bgcolor=#00FF00]
        RenderText {#text} at (0,0) size 446x19
          text run at (0,0) width 446: "A second address that should have a green background"
      RenderBlock {address} at (16,89) size 964x19 [bgcolor=#00FF00]
        RenderText {#text} at (0,0) size 426x19
          text run at (0,0) width 426: "A third address that should have a green background"
