layer at (0,0) size 980x735
  RenderView at (0,0) size 980x735
layer at (0,0) size 980x133
  RenderBlock {test} at (0,0) size 980x133
    RenderBlock {tests} at (0,0) size 980x133 [color=#008000]
      RenderBlock {testA} at (0,0) size 980x19
        RenderText {#text} at (0,0) size 171x19
          text run at (0,0) width 171: "This should be green."
      RenderBlock {testB} at (0,19) size 980x19
        RenderText {#text} at (0,0) size 171x19
          text run at (0,0) width 171: "This should be green."
      RenderBlock {testC} at (0,38) size 980x19
        RenderText {#text} at (0,0) size 171x19
          text run at (0,0) width 171: "This should be green."
      RenderBlock {testD} at (0,57) size 980x19
        RenderText {#text} at (0,0) size 171x19
          text run at (0,0) width 171: "This should be green."
      RenderBlock {testE} at (0,76) size 980x19
        RenderText {#text} at (0,0) size 171x19
          text run at (0,0) width 171: "This should be green."
      RenderBlock {testF} at (0,95) size 980x19
        RenderText {#text} at (0,0) size 171x19
          text run at (0,0) width 171: "This should be green."
      RenderBlock {testG} at (0,114) size 980x19
        RenderText {#text} at (0,0) size 171x19
          text run at (0,0) width 171: "This should be green."
