layer at (0,0) size 980x735
  RenderView at (0,0) size 980x735
layer at (0,0) size 980x51
  RenderBlock {test} at (0,0) size 980x51
    RenderBlock {p} at (0,16) size 980x19
      RenderInline (generated) at (0,0) size 10x19 [bgcolor=#00FF00]
        RenderText {#text} at (0,0) size 10x19
          text run at (0,0) width 10: "T"
      RenderText {#text} at (10,0) size 520x19
        text run at (10,0) width 520: "he first letter of this paragraph should have a green background."
