layer at (0,0) size 980x735
  RenderView at (0,0) size 980x735
layer at (0,0) size 980x19
  RenderBlock {test} at (0,0) size 980x19
    RenderBlock {address} at (0,0) size 980x16 [bgcolor=#00FF00]
    RenderBlock {div} at (0,0) size 980x19
      RenderText {#text} at (0,0) size 338x19
        text run at (0,0) width 338: "This line should have a green background."
