layer at (0,0) size 980x735
  RenderView at (0,0) size 980x735
layer at (0,0) size 980x51
  RenderBlock {test} at (0,0) size 980x51 [bgcolor=#00FF00]
    RenderBlock {p} at (0,16) size 980x19
      RenderText {#text} at (0,0) size 402x19
        text run at (0,0) width 402: "The background of the document should be green"
