layer at (0,0) size 980x735
  RenderView at (0,0) size 980x735
layer at (0,0) size 980x140
  RenderBlock {test} at (0,0) size 980x140
    RenderBlock {p} at (0,16) size 980x19 [color=#000080]
      RenderText {#text} at (0,0) size 201x19
        text run at (0,0) width 201: "The background color of "
      RenderInline {a} at (0,0) size 147x19 [color=#0000EE]
        RenderText {#text} at (201,0) size 100x19
          text run at (201,0) width 100: "this anchor ("
        RenderInline {strong} at (0,0) size 41x19
          RenderText {#text} at (301,0) size 41x19
            text run at (301,0) width 41: "here"
        RenderText {#text} at (342,0) size 6x19
          text run at (342,0) width 6: ")"
      RenderText {#text} at (348,0) size 493x19
        text run at (348,0) width 493: " should turn to green when the pointing device hovers over it."
    RenderBlock {p} at (0,51) size 980x19 [color=#000080]
      RenderText {#text} at (0,0) size 201x19
        text run at (0,0) width 201: "The background color of "
      RenderInline {a} at (0,0) size 147x19 [color=#FFFFFF] [bgcolor=#008000]
        RenderText {#text} at (201,0) size 100x19
          text run at (201,0) width 100: "this anchor ("
        RenderInline {strong} at (0,0) size 41x19
          RenderText {#text} at (301,0) size 41x19
            text run at (301,0) width 41: "here"
        RenderText {#text} at (342,0) size 6x19
          text run at (342,0) width 6: ")"
      RenderText {#text} at (348,0) size 62x19
        text run at (348,0) width 62: " should "
      RenderInline {strong} at (0,0) size 289x19
        RenderText {#text} at (410,0) size 289x19
          text run at (410,0) width 289: "remain green when you hover it"
      RenderText {#text} at (699,0) size 5x19
        text run at (699,0) width 5: "."
    RenderBlock {p} at (0,86) size 980x38 [color=#000080]
      RenderText {#text} at (0,0) size 201x19
        text run at (0,0) width 201: "The background color of "
      RenderInline {a} at (0,0) size 147x19 [color=#FFFFFF] [bgcolor=#008000]
        RenderText {#text} at (201,0) size 100x19
          text run at (201,0) width 100: "this anchor ("
        RenderInline {strong} at (0,0) size 41x19
          RenderText {#text} at (301,0) size 41x19
            text run at (301,0) width 41: "here"
        RenderText {#text} at (342,0) size 6x19
          text run at (342,0) width 6: ")"
      RenderText {#text} at (348,0) size 62x19
        text run at (348,0) width 62: " should "
      RenderInline {strong} at (0,0) size 485x19
        RenderText {#text} at (410,0) size 485x19
          text run at (410,0) width 485: "remain green when the pointing device hovers over it"
      RenderText {#text} at (895,0) size 957x38
        text run at (895,0) width 62: " (do not"
        text run at (0,19) width 127: "follow that link)."
