layer at (0,0) size 800x600
  RenderView at (0,0) size 800x600
layer at (0,0) size 800x74
  RenderBlock {HTML} at (0,0) size 800x74
    RenderBody {BODY} at (8,12) size 784x54
      RenderBlock {P} at (0,0) size 784x14
        RenderText {#text} at (0,0) size 219x14
          text run at (0,0) width 219: "The following two lines should look the same:"
      RenderBlock {DIV} at (0,26) size 784x14
        RenderInline {SPAN} at (0,0) size 4x14
          RenderInline (generated) at (0,0) size 4x14
            RenderCounter at (0,0) size 4x14
              text run at (0,0) width 4: "\x{2022}"
      RenderBlock {DIV} at (0,40) size 784x14
        RenderText {#text} at (0,0) size 4x14
          text run at (0,0) width 4: "\x{2022}"
