layer at (0,0) size 980x735
  RenderView at (0,0) size 980x735
layer at (0,0) size 980x735
  RenderBlock {HTML} at (0,0) size 980x735
    RenderBody {BODY} at (8,8) size 964x719
      RenderText {#text} at (0,0) size 931x38
        text run at (0,0) width 931: "This tests that you can successfully add a DOMSubtreeModified event listener to a link element, and the page should"
        text run at (0,19) width 176: "load without crashing."
