layer at (0,0) size 980x4252
  RenderView at (0,0) size 980x735
layer at (0,0) size 980x4252
  RenderBlock {HTML} at (0,0) size 980x4252
    RenderBody {BODY} at (8,8) size 964x4234
      RenderBlock {DIV} at (0,0) size 964x108
        RenderBlock (anonymous) at (0,0) size 964x38
          RenderText {#text} at (0,0) size 949x38
            text run at (0,0) width 747: "Test how many resize events are emitted during page load and dynamic content generation. "
            text run at (747,0) width 202: "Do not resize the page. It"
            text run at (0,19) width 156: "invalidates the test."
        RenderBlock {P} at (0,54) size 964x54
          RenderBlock (anonymous) at (0,0) size 964x19
            RenderText {#text} at (10,0) size 228x19
              text run at (10,0) width 228: "Resize events (should be 0): "
            RenderInline {SPAN} at (0,0) size 10x19
              RenderText {#text} at (238,0) size 10x19
                text run at (238,0) width 10: "0"
            RenderText {#text} at (0,0) size 0x0
          RenderBlock {P} at (0,35) size 964x19 [color=#008000]
            RenderText {#text} at (10,0) size 41x19
              text run at (10,0) width 41: "PASS"
      RenderBlock {DIV} at (0,124) size 964x4110
        RenderBlock {DIV} at (10,0) size 944x402 [border: (1px solid #000000)]
        RenderBlock {DIV} at (10,412) size 944x402 [border: (1px solid #000000)]
        RenderBlock {DIV} at (10,824) size 944x402 [border: (1px solid #000000)]
        RenderBlock {DIV} at (10,1236) size 944x402 [border: (1px solid #000000)]
        RenderBlock {DIV} at (10,1648) size 944x402 [border: (1px solid #000000)]
        RenderBlock {DIV} at (10,2060) size 944x402 [border: (1px solid #000000)]
        RenderBlock {DIV} at (10,2472) size 944x402 [border: (1px solid #000000)]
        RenderBlock {DIV} at (10,2884) size 944x402 [border: (1px solid #000000)]
        RenderBlock {DIV} at (10,3296) size 944x402 [border: (1px solid #000000)]
        RenderBlock {DIV} at (10,3708) size 944x402 [border: (1px solid #000000)]
