layer at (0,0) size 980x735
  RenderView at (0,0) size 980x735
layer at (0,0) size 980x735
  RenderBlock {HTML} at (0,0) size 980x735
    RenderBody {BODY} at (8,8) size 964x711
      RenderBlock {FORM} at (0,0) size 964x67
        RenderBlock (anonymous) at (0,0) size 964x67
          RenderBlock {INPUT} at (4,6) size 12x12
          RenderInline {B} at (0,0) size 97x19
            RenderText {#text} at (20,0) size 97x19
              text run at (20,0) width 97: "Attach File"
          RenderBR {BR} at (117,15) size 0x0
          RenderBR {BR} at (0,21) size 0x19
          RenderText {#text} at (0,44) size 106x19
            text run at (0,44) width 106: "  Select File:  "
          RenderFileUploadControl {INPUT} at (108,42) size 272x23 "No files have been selected"
            RenderButton {INPUT} at (0,0) size 79x23 [color=#808080] [bgcolor=#C0C0C0] [border: (2px outset #C0C0C0)]
              RenderBlock (anonymous) at (5,5) size 71x15
                RenderText at (0,0) size 71x15
                  text run at (0,0) width 71: "Upload file"
          RenderBR {BR} at (382,59) size 0x0
        RenderTable {TABLE} at (0,67) size 2x0
