layer at (0,0) size 1248x735
  RenderView at (0,0) size 980x735
layer at (0,0) size 980x735
  RenderBlock {HTML} at (0,0) size 980x735
    RenderBody {BODY} at (8,8) size 964x719
      RenderTable {TABLE} at (0,0) size 1240x124
        RenderTableSection {TBODY} at (0,0) size 1240x124
          RenderTableRow {TR} at (0,2) size 1240x21
            RenderTableCell {TH} at (2,11) size 108x2 [r=0 c=0 rs=1 cs=1]
            RenderTableCell {TH} at (112,11) size 280x2 [r=0 c=1 rs=1 cs=1]
            RenderTableCell {TH} at (394,2) size 280x21 [r=0 c=2 rs=1 cs=1]
              RenderText {#text} at (78,1) size 124x19
                text run at (78,1) width 124: "text-align:left"
            RenderTableCell {TH} at (676,2) size 280x21 [r=0 c=3 rs=1 cs=1]
              RenderText {#text} at (64,1) size 152x19
                text run at (64,1) width 152: "text-align:center"
            RenderTableCell {TH} at (958,2) size 280x21 [r=0 c=4 rs=1 cs=1]
              RenderText {#text} at (72,1) size 136x19
                text run at (72,1) width 136: "text-align:right"
          RenderTableRow {TR} at (0,25) size 1240x31
            RenderTableCell {TH} at (2,39) size 108x2 [r=1 c=0 rs=1 cs=1]
            RenderTableCell {TD} at (112,25) size 280x31 [border: (1px solid #000000)] [r=1 c=1 rs=1 cs=1]
              RenderFileUploadControl {INPUT} at (4,4) size 272x23 "No files have been selected"
                RenderButton {INPUT} at (0,0) size 79x23 [bgcolor=#C0C0C0] [border: (2px outset #C0C0C0)]
                  RenderBlock (anonymous) at (5,5) size 71x15
                    RenderText at (0,0) size 71x15
                      text run at (0,0) width 71: "Upload file"
            RenderTableCell {TD} at (394,25) size 280x31 [border: (1px solid #000000)] [r=1 c=2 rs=1 cs=1]
              RenderFileUploadControl {INPUT} at (4,4) size 272x23 "No files have been selected"
                RenderButton {INPUT} at (0,0) size 79x23 [bgcolor=#C0C0C0] [border: (2px outset #C0C0C0)]
                  RenderBlock (anonymous) at (5,5) size 71x15
                    RenderText at (0,0) size 71x15
                      text run at (0,0) width 71: "Upload file"
            RenderTableCell {TD} at (676,25) size 280x31 [border: (1px solid #000000)] [r=1 c=3 rs=1 cs=1]
              RenderFileUploadControl {INPUT} at (4,4) size 272x23 "No files have been selected"
                RenderButton {INPUT} at (0,0) size 79x23 [bgcolor=#C0C0C0] [border: (2px outset #C0C0C0)]
                  RenderBlock (anonymous) at (5,5) size 71x15
                    RenderText at (0,0) size 71x15
                      text run at (0,0) width 71: "Upload file"
            RenderTableCell {TD} at (958,25) size 280x31 [border: (1px solid #000000)] [r=1 c=4 rs=1 cs=1]
              RenderFileUploadControl {INPUT} at (4,4) size 272x23 "No files have been selected"
                RenderButton {INPUT} at (0,0) size 79x23 [bgcolor=#C0C0C0] [border: (2px outset #C0C0C0)]
                  RenderBlock (anonymous) at (5,5) size 71x15
                    RenderText at (0,0) size 71x15
                      text run at (0,0) width 71: "Upload file"
          RenderTableRow {TR} at (0,58) size 1240x31
            RenderTableCell {TH} at (2,63) size 108x21 [r=2 c=0 rs=1 cs=1]
              RenderText {#text} at (1,1) size 106x19
                text run at (1,1) width 106: "direction:ltr"
            RenderTableCell {TD} at (112,58) size 280x31 [border: (1px solid #000000)] [r=2 c=1 rs=1 cs=1]
              RenderFileUploadControl {INPUT} at (4,4) size 272x23 "No files have been selected"
                RenderButton {INPUT} at (0,0) size 79x23 [bgcolor=#C0C0C0] [border: (2px outset #C0C0C0)]
                  RenderBlock (anonymous) at (5,5) size 71x15
                    RenderText at (0,0) size 71x15
                      text run at (0,0) width 71: "Upload file"
            RenderTableCell {TD} at (394,58) size 280x31 [border: (1px solid #000000)] [r=2 c=2 rs=1 cs=1]
              RenderFileUploadControl {INPUT} at (4,4) size 272x23 "No files have been selected"
                RenderButton {INPUT} at (0,0) size 79x23 [bgcolor=#C0C0C0] [border: (2px outset #C0C0C0)]
                  RenderBlock (anonymous) at (5,5) size 71x15
                    RenderText at (0,0) size 71x15
                      text run at (0,0) width 71: "Upload file"
            RenderTableCell {TD} at (676,58) size 280x31 [border: (1px solid #000000)] [r=2 c=3 rs=1 cs=1]
              RenderFileUploadControl {INPUT} at (4,4) size 272x23 "No files have been selected"
                RenderButton {INPUT} at (0,0) size 79x23 [bgcolor=#C0C0C0] [border: (2px outset #C0C0C0)]
                  RenderBlock (anonymous) at (5,5) size 71x15
                    RenderText at (0,0) size 71x15
                      text run at (0,0) width 71: "Upload file"
            RenderTableCell {TD} at (958,58) size 280x31 [border: (1px solid #000000)] [r=2 c=4 rs=1 cs=1]
              RenderFileUploadControl {INPUT} at (4,4) size 272x23 "No files have been selected"
                RenderButton {INPUT} at (0,0) size 79x23 [bgcolor=#C0C0C0] [border: (2px outset #C0C0C0)]
                  RenderBlock (anonymous) at (5,5) size 71x15
                    RenderText at (0,0) size 71x15
                      text run at (0,0) width 71: "Upload file"
          RenderTableRow {TR} at (0,91) size 1240x31
            RenderTableCell {TH} at (2,96) size 108x21 [r=3 c=0 rs=1 cs=1]
              RenderText {#text} at (1,1) size 106x19
                text run at (1,1) width 106: "direction:rtl"
            RenderTableCell {TD} at (112,91) size 280x31 [border: (1px solid #000000)] [r=3 c=1 rs=1 cs=1]
              RenderFileUploadControl {INPUT} at (4,4) size 272x23 "No files have been selected"
                RenderButton {INPUT} at (193,0) size 79x23 [bgcolor=#C0C0C0] [border: (2px outset #C0C0C0)]
                  RenderBlock (anonymous) at (5,5) size 71x15
                    RenderText at (0,0) size 71x15
                      text run at (0,0) width 71: "Upload file"
            RenderTableCell {TD} at (394,91) size 280x31 [border: (1px solid #000000)] [r=3 c=2 rs=1 cs=1]
              RenderFileUploadControl {INPUT} at (4,4) size 272x23 "No files have been selected"
                RenderButton {INPUT} at (193,0) size 79x23 [bgcolor=#C0C0C0] [border: (2px outset #C0C0C0)]
                  RenderBlock (anonymous) at (5,5) size 71x15
                    RenderText at (0,0) size 71x15
                      text run at (0,0) width 71: "Upload file"
            RenderTableCell {TD} at (676,91) size 280x31 [border: (1px solid #000000)] [r=3 c=3 rs=1 cs=1]
              RenderFileUploadControl {INPUT} at (4,4) size 272x23 "No files have been selected"
                RenderButton {INPUT} at (193,0) size 79x23 [bgcolor=#C0C0C0] [border: (2px outset #C0C0C0)]
                  RenderBlock (anonymous) at (5,5) size 71x15
                    RenderText at (0,0) size 71x15
                      text run at (0,0) width 71: "Upload file"
            RenderTableCell {TD} at (958,91) size 280x31 [border: (1px solid #000000)] [r=3 c=4 rs=1 cs=1]
              RenderFileUploadControl {INPUT} at (4,4) size 272x23 "No files have been selected"
                RenderButton {INPUT} at (193,0) size 79x23 [bgcolor=#C0C0C0] [border: (2px outset #C0C0C0)]
                  RenderBlock (anonymous) at (5,5) size 71x15
                    RenderText at (0,0) size 71x15
                      text run at (0,0) width 71: "Upload file"
