layer at (0,0) size 980x735
  RenderView at (0,0) size 980x735
layer at (0,0) size 980x735
  RenderBlock {HTML} at (0,0) size 980x735
    RenderBody {BODY} at (8,8) size 964x719
      RenderBlock {P} at (0,0) size 964x19
        RenderText {#text} at (0,0) size 469x19
          text run at (0,0) width 469: "The teal boxes in the reflection should be placed correctly."
layer at (8,43) size 100x100
  RenderBlock {DIV} at (0,35) size 100x100 [bgcolor=#0000FF]
    RenderBlock {DIV} at (0,0) size 100x50 [bgcolor=#C0C0C0]
layer at (8,43) size 50x50
  RenderBlock (positioned) {DIV} at (8,43) size 50x50 [bgcolor=#008080]
