layer at (0,0) size 980x735
  RenderView at (0,0) size 980x735
layer at (0,0) size 980x138 layerType: background only
layer at (50,100) size 400x50
  RenderBlock (positioned) zI: -1 {DIV} at (50,100) size 400x50 [bgcolor=#FF0000]
layer at (50,250) size 400x50
  RenderBlock (positioned) zI: -1 {DIV} at (50,250) size 400x50 [bgcolor=#FF0000]
layer at (0,0) size 980x138 layerType: foreground only
  RenderBlock {HTML} at (0,0) size 980x138
    RenderBody {BODY} at (50,50) size 880x38
      RenderBlock {P} at (0,0) size 880x38
        RenderInline {A} at (0,0) size 380x19 [color=#0000EE]
          RenderText {#text} at (0,0) size 380x19
            text run at (0,0) width 380: "https://bugs.webkit.org/show_bug.cgi?id=22570"
        RenderText {#text} at (380,0) size 871x38
          text run at (380,0) width 77: ". Test for "
          text run at (457,0) width 414: "reflection painting on overflow:hidden element. You"
          text run at (0,19) width 239: "should not see any red below."
layer at (50,100) size 400x200
  RenderBlock (positioned) {DIV} at (50,100) size 400x200
layer at (50,100) size 400x200
  RenderBlock (relative positioned) {DIV} at (0,0) size 400x200
layer at (50,100) size 400x50
  RenderBlock (positioned) {DIV} at (0,0) size 400x50 [bgcolor=#008000]
    RenderText {#text} at (0,0) size 30x19
      text run at (0,0) width 30: "Top"
layer at (50,250) size 400x50
  RenderBlock (positioned) {DIV} at (0,150) size 400x50 [bgcolor=#008000]
    RenderText {#text} at (0,0) size 59x19
      text run at (0,0) width 59: "Bottom"
