layer at (0,0) size 980x735
  RenderView at (0,0) size 980x735
layer at (0,0) size 980x735
  RenderBlock {HTML} at (0,0) size 980x735
    RenderBody {BODY} at (8,8) size 964x719
      RenderBlock (anonymous) at (0,0) size 964x38
        RenderText {#text} at (0,0) size 939x38
          text run at (0,0) width 939: "The two lime squares below should look like mirror images (with a blue rectangle filling half the left square on the left"
          text run at (0,19) width 307: "and half the right square on the right)."
layer at (8,46) size 200x200
  RenderBlock {DIV} at (0,38) size 200x200 [bgcolor=#00FF00]
layer at (8,46) size 100x100
  RenderBlock {DIV} at (0,0) size 100x100 [bgcolor=#0000FF]
