layer at (0,0) size 980x735
  RenderView at (0,0) size 980x735
layer at (0,0) size 980x735
  RenderBlock {HTML} at (0,0) size 980x735
    RenderBody {BODY} at (8,8) size 964x719
      RenderText {#text} at (335,281) size 5x19
        text run at (335,281) width 5: " "
      RenderText {#text} at (0,0) size 0x0
layer at (8,8) size 335x296
  RenderImage {IMG} at (0,0) size 335x296
layer at (348,8) size 335x296
  RenderImage {IMG} at (340,0) size 335x296
