layer at (0,0) size 980x735
  RenderView at (0,0) size 980x735
layer at (0,0) size 980x735
  RenderBlock {HTML} at (0,0) size 980x735
    RenderBody {BODY} at (8,8) size 964x719
      RenderBlock (anonymous) at (0,0) size 964x19
        RenderText {#text} at (0,0) size 273x19
          text run at (0,0) width 273: "The 2 tables should look the same"
      RenderTable {TABLE} at (0,19) size 74x29 [bgcolor=#FFA500] [border: (1px outset #808080)]
        RenderTableSection {TBODY} at (1,1) size 72x27
          RenderTableRow {TR} at (0,2) size 72x23
            RenderTableCell {TD} at (2,2) size 33x23 [border: (1px inset #808080)] [r=0 c=0 rs=1 cs=1]
              RenderText {#text} at (2,2) size 29x19
                text run at (2,2) width 29: "c21"
            RenderTableCell {TD} at (37,2) size 33x23 [border: (1px inset #808080)] [r=0 c=1 rs=1 cs=1]
              RenderText {#text} at (2,2) size 29x19
                text run at (2,2) width 29: "c22"
      RenderBlock (anonymous) at (0,48) size 964x19
        RenderBR {BR} at (0,0) size 0x19
      RenderTable {TABLE} at (0,67) size 74x29 [bgcolor=#FFA500] [border: (1px outset #808080)]
        RenderTableSection {TBODY} at (1,1) size 72x27
          RenderTableRow {TR} at (0,2) size 72x23
            RenderTableCell {TD} at (2,2) size 33x23 [border: (1px inset #808080)] [r=0 c=0 rs=1 cs=1]
              RenderText {#text} at (2,2) size 29x19
                text run at (2,2) width 29: "c21"
            RenderTableCell {TD} at (37,2) size 33x23 [border: (1px inset #808080)] [r=0 c=1 rs=1 cs=1]
              RenderText {#text} at (2,2) size 29x19
                text run at (2,2) width 29: "c22"
      RenderBlock (anonymous) at (0,96) size 964x38
        RenderBR {BR} at (0,0) size 0x19
        RenderText {#text} at (0,19) size 273x19
          text run at (0,19) width 273: "The 2 tables should look the same"
      RenderTable {TABLE} at (0,134) size 74x29 [bgcolor=#FFA500] [border: (1px outset #808080)]
        RenderTableSection {TBODY} at (1,1) size 72x27
          RenderTableRow {TR} at (0,2) size 72x23
            RenderTableCell {TD} at (2,2) size 33x23 [border: (1px inset #808080)] [r=0 c=0 rs=2 cs=1]
              RenderText {#text} at (2,2) size 29x19
                text run at (2,2) width 29: "c11"
            RenderTableCell {TD} at (37,2) size 33x23 [border: (1px inset #808080)] [r=0 c=1 rs=1 cs=1]
              RenderText {#text} at (2,2) size 29x19
                text run at (2,2) width 29: "c12"
      RenderBlock (anonymous) at (0,163) size 964x19
        RenderBR {BR} at (0,0) size 0x19
      RenderTable {TABLE} at (0,182) size 74x29 [bgcolor=#FFA500] [border: (1px outset #808080)]
        RenderTableSection {TBODY} at (1,1) size 72x27
          RenderTableRow {TR} at (0,2) size 72x23
            RenderTableCell {TD} at (2,2) size 33x23 [border: (1px inset #808080)] [r=0 c=0 rs=2 cs=1]
              RenderText {#text} at (2,2) size 29x19
                text run at (2,2) width 29: "c11"
            RenderTableCell {TD} at (37,2) size 33x23 [border: (1px inset #808080)] [r=0 c=1 rs=1 cs=1]
              RenderText {#text} at (2,2) size 29x19
                text run at (2,2) width 29: "c12"
