layer at (0,0) size 980x735
  RenderView at (0,0) size 980x735
layer at (0,0) size 980x735
  RenderBlock {HTML} at (0,0) size 980x735
    RenderBody {BODY} at (8,8) size 964x719
      RenderBlock {FORM} at (0,0) size 964x30
        RenderMenuList {SELECT} at (2,3) size 104x25 [bgcolor=#FFFFFF]
          RenderBlock (anonymous) at (6,5) size 76x15
            RenderText at (0,0) size 75x15
              text run at (0,0) width 75: "append cell"
        RenderText {#text} at (108,5) size 65x19
          text run at (108,5) width 65: "   tbody "
        RenderTextControl {INPUT} at (175,2) size 51x25 [bgcolor=#FFFFFF]
        RenderText {#text} at (228,5) size 50x19
          text run at (228,5) width 50: "   row "
        RenderTextControl {INPUT} at (280,2) size 51x25 [bgcolor=#FFFFFF]
        RenderText {#text} at (333,5) size 43x19
          text run at (333,5) width 43: "   col "
        RenderTextControl {INPUT} at (378,2) size 51x25 [bgcolor=#FFFFFF]
        RenderText {#text} at (431,5) size 93x19
          text run at (431,5) width 93: "   row span "
        RenderTextControl {INPUT} at (526,2) size 51x25 [bgcolor=#FFFFFF]
        RenderText {#text} at (579,5) size 86x19
          text run at (579,5) width 86: "   col span "
        RenderTextControl {INPUT} at (667,2) size 51x25 [bgcolor=#FFFFFF]
        RenderText {#text} at (720,5) size 25x19
          text run at (720,5) width 25: "     "
        RenderButton {INPUT} at (747,3) size 39x23 [bgcolor=#C0C0C0] [border: (2px outset #C0C0C0)]
          RenderBlock (anonymous) at (5,5) size 31x15
            RenderText at (0,0) size 31x15
              text run at (0,0) width 31: "Do It"
        RenderText {#text} at (0,0) size 0x0
      RenderBlock (anonymous) at (0,46) size 964x19
        RenderBR {BR} at (0,0) size 0x19
      RenderTable {TABLE} at (0,65) size 74x54 [bgcolor=#FFA500] [border: (1px outset #808080)]
        RenderTableSection {TBODY} at (1,1) size 72x52
          RenderTableRow {TR} at (0,2) size 72x23
            RenderTableCell {TD} at (2,2) size 33x23 [border: (1px inset #808080)] [r=0 c=0 rs=1 cs=1]
              RenderText {#text} at (2,2) size 29x19
                text run at (2,2) width 29: "c11"
          RenderTableRow {TR} at (0,27) size 72x23
            RenderTableCell {TD} at (2,27) size 33x23 [border: (1px inset #808080)] [r=1 c=0 rs=1 cs=1]
              RenderText {#text} at (2,2) size 29x19
                text run at (2,2) width 29: "c21"
            RenderTableCell {TD} at (37,27) size 33x23 [border: (1px inset #808080)] [r=1 c=1 rs=1 cs=1]
              RenderText {#text} at (2,2) size 29x19
                text run at (2,2) width 29: "c22"
      RenderBlock (anonymous) at (0,119) size 964x19
        RenderBR {BR} at (0,0) size 0x19
layer at (187,16) size 44x15
  RenderBlock {DIV} at (4,6) size 44x15
    RenderText {#text} at (0,0) size 8x15
      text run at (0,0) width 8: "0"
layer at (292,16) size 44x15
  RenderBlock {DIV} at (4,6) size 44x15
    RenderText {#text} at (0,0) size 8x15
      text run at (0,0) width 8: "0"
layer at (390,16) size 44x15
  RenderBlock {DIV} at (4,6) size 44x15
    RenderText {#text} at (0,0) size 8x15
      text run at (0,0) width 8: "0"
layer at (538,16) size 44x15
  RenderBlock {DIV} at (4,6) size 44x15
    RenderText {#text} at (0,0) size 8x15
      text run at (0,0) width 8: "1"
layer at (679,16) size 44x15
  RenderBlock {DIV} at (4,6) size 44x15
    RenderText {#text} at (0,0) size 8x15
      text run at (0,0) width 8: "1"
