layer at (0,0) size 800x1209
  RenderView at (0,0) size 800x600
layer at (0,0) size 800x1209
  RenderBlock {HTML} at (0,0) size 800x1209
    RenderBody {BODY} at (8,13) size 784x1188 [color=#00FF00] [bgcolor=#333333]
      RenderBlock {H1} at (0,0) size 784x23
        RenderText {#text} at (0,0) size 396x23
          text run at (0,0) width 396: "CSS2 Table Backgrounds Test Suite"
      RenderBlock {H2} at (0,36) size 784x17
        RenderText {#text} at (0,0) size 279x17
          text run at (0,0) width 279: "Part D: Background with Borders"
      RenderBlock {H3} at (0,65) size 784x14
        RenderText {#text} at (0,0) size 182x14
          text run at (0,0) width 182: "Background on 'table-cell'"
      RenderBlock {P} at (0,90) size 784x11
        RenderText {#text} at (0,0) size 126x11
          text run at (0,0) width 126: "Two cells are styled."
      RenderBlock {P} at (0,111) size 784x11
        RenderText {#text} at (0,0) size 528x11
          text run at (0,0) width 528: "There should be three aqua stripes just inside the top and left padding edges of cell E."
      RenderBlock {P} at (0,132) size 784x11
        RenderText {#text} at (0,0) size 546x11
          text run at (0,0) width 546: "There should be three aqua stripes just inside the bottom and right padding edges of Cell M"
      RenderBlock {DL} at (0,153) size 784x66
        RenderBlock {DT} at (0,0) size 784x11
          RenderText {#text} at (0,0) size 24x11
            text run at (0,0) width 24: "next"
        RenderBlock {DD} at (40,11) size 744x11
          RenderInline {A} at (0,0) size 132x11 [color=#FFFF00]
            RenderText {#text} at (0,0) size 132x11
              text run at (0,0) width 132: "Special Tests: Opacity"
          RenderText {#text} at (0,0) size 0x0
        RenderBlock {DT} at (0,22) size 784x11
          RenderText {#text} at (0,0) size 48x11
            text run at (0,0) width 48: "previous"
        RenderBlock {DD} at (40,33) size 744x11
          RenderInline {A} at (0,0) size 318x11 [color=#FFFF00]
            RenderText {#text} at (0,0) size 318x11
              text run at (0,0) width 318: "Background with Borders: Background on 'table-column'"
          RenderText {#text} at (0,0) size 0x0
        RenderBlock {DT} at (0,44) size 784x11
          RenderText {#text} at (0,0) size 48x11
            text run at (0,0) width 48: "contents"
        RenderBlock {DD} at (40,55) size 744x11
          RenderInline {A} at (0,0) size 102x11 [color=#FFFF00]
            RenderText {#text} at (0,0) size 102x11
              text run at (0,0) width 102: "Table of Contents"
          RenderText {#text} at (0,0) size 0x0
      RenderTable {TABLE} at (0,229) size 626x482 [color=#FFFFFF] [border: (5px dotted #FFFFFF)]
        RenderBlock {CAPTION} at (0,0) size 616x16
          RenderText {#text} at (199,0) size 218x16
            text run at (199,0) width 218: "With 'border-collapse: separate'"
        RenderTableCol {COLGROUP} at (0,0) size 0x0
          RenderTableCol {COL} at (0,0) size 0x0
          RenderTableCol {COL} at (0,0) size 0x0
          RenderTableCol {COL} at (0,0) size 0x0
        RenderTableCol {COLGROUP} at (0,0) size 0x0
          RenderTableCol {COL} at (0,0) size 0x0
        RenderTableSection {THEAD} at (5,21) size 616x114
          RenderTableRow {TR} at (0,7) size 616x100
            RenderTableCell {TH} at (7,47) size 130x20 [border: (1px dotted #FFFFFF)] [r=0 c=0 rs=1 cs=1]
              RenderText {#text} at (48,2) size 34x16
                text run at (48,2) width 34: "TH A"
            RenderTableCell {TH} at (144,35) size 220x44 [border: (13px dotted #FFFFFF)] [r=0 c=1 rs=1 cs=1]
              RenderText {#text} at (93,14) size 34x16
                text run at (93,14) width 34: "TH B"
            RenderTableCell {TH} at (371,47) size 118x20 [border: (1px dotted #FFFFFF)] [r=0 c=2 rs=1 cs=1]
              RenderText {#text} at (42,2) size 34x16
                text run at (42,2) width 34: "TH C"
            RenderTableCell {TH} at (496,47) size 113x20 [border: (1px dotted #FFFFFF)] [r=0 c=3 rs=1 cs=1]
              RenderText {#text} at (40,2) size 33x16
                text run at (40,2) width 33: "TH D"
        RenderTableSection {TFOOT} at (5,348) size 616x129
          RenderTableRow {TR} at (0,7) size 616x115
            RenderTableCell {TD} at (7,54) size 357x20 [bgcolor=#000000] [border: (1px dotted #FFFFFF)] [r=0 c=0 rs=1 cs=2]
              RenderText {#text} at (2,2) size 35x16
                text run at (2,2) width 35: "TD M"
            RenderTableCell {TD} at (371,54) size 118x20 [border: (1px dotted #FFFFFF)] [r=0 c=2 rs=1 cs=1]
              RenderText {#text} at (2,2) size 34x16
                text run at (2,2) width 34: "TD O"
            RenderTableCell {TD} at (496,54) size 113x20 [border: (1px dotted #FFFFFF)] [r=0 c=3 rs=1 cs=1]
              RenderText {#text} at (2,2) size 32x16
                text run at (2,2) width 32: "TD P"
        RenderTableSection {TBODY} at (5,135) size 616x213
          RenderTableRow {TR} at (0,7) size 616x108
            RenderTableCell {TD} at (7,84) size 130x44 [bgcolor=#000000] [border: (13px dotted #FFFFFF)] [r=0 c=0 rs=2 cs=1]
              RenderText {#text} at (14,14) size 32x16
                text run at (14,14) width 32: "TD E"
            RenderTableCell {TD} at (144,51) size 220x20 [border: (1px dotted #FFFFFF)] [r=0 c=1 rs=1 cs=1]
              RenderText {#text} at (2,2) size 32x16
                text run at (2,2) width 32: "TD F"
            RenderTableCell {TD} at (371,51) size 118x20 [border: (1px dotted #FFFFFF)] [r=0 c=2 rs=1 cs=1]
              RenderText {#text} at (2,2) size 34x16
                text run at (2,2) width 34: "TD G"
            RenderTableCell {TD} at (496,51) size 113x20 [border: (1px dotted #FFFFFF)] [r=0 c=3 rs=1 cs=1]
              RenderText {#text} at (2,2) size 33x16
                text run at (2,2) width 33: "TD H"
          RenderTableRow {TR} at (0,122) size 616x84
            RenderTableCell {TD} at (144,154) size 220x20 [border: (1px dotted #FFFFFF)] [r=1 c=1 rs=1 cs=1]
              RenderText {#text} at (2,2) size 31x16
                text run at (2,2) width 31: "TD J"
            RenderTableCell {TD} at (371,154) size 118x20 [border: (1px dotted #FFFFFF)] [r=1 c=2 rs=1 cs=1]
              RenderText {#text} at (2,2) size 33x16
                text run at (2,2) width 33: "TD K"
            RenderTableCell {TD} at (496,154) size 113x20 [border: (1px dotted #FFFFFF)] [r=1 c=3 rs=1 cs=1]
              RenderText {#text} at (2,2) size 32x16
                text run at (2,2) width 32: "TD L"
      RenderTable {TABLE} at (0,711) size 586x432 [color=#FFFFFF] [border: (6px dotted #FFFFFF)]
        RenderBlock {CAPTION} at (0,0) size 581x16
          RenderText {#text} at (182,0) size 217x16
            text run at (182,0) width 217: "With 'border-collapse: collapse'"
        RenderTableCol {COLGROUP} at (0,0) size 0x0
          RenderTableCol {COL} at (0,0) size 0x0
          RenderTableCol {COL} at (0,0) size 0x0
          RenderTableCol {COL} at (0,0) size 0x0
        RenderTableCol {COLGROUP} at (0,0) size 0x0
          RenderTableCol {COL} at (0,0) size 0x0
        RenderTableSection {THEAD} at (2,22) size 581x101
          RenderTableRow {TR} at (0,0) size 581x101
            RenderTableCell {TH} at (0,37) size 137x27 [border: (3px dotted #FFFFFF)] [r=0 c=0 rs=1 cs=1]
              RenderText {#text} at (50,4) size 34x16
                text run at (50,4) width 34: "TH A"
            RenderTableCell {TH} at (137,35) size 207x31 [border: (7px dotted #FFFFFF)] [r=0 c=1 rs=1 cs=1]
              RenderText {#text} at (87,8) size 34x16
                text run at (87,8) width 34: "TH B"
            RenderTableCell {TH} at (344,40) size 123x21 [border: (3px dotted #FFFFFF)] [r=0 c=2 rs=1 cs=1]
              RenderText {#text} at (48,4) size 34x16
                text run at (48,4) width 34: "TH C"
            RenderTableCell {TH} at (467,40) size 114x21 [border: (3px dotted #FFFFFF)] [r=0 c=3 rs=1 cs=1]
              RenderText {#text} at (40,4) size 33x16
                text run at (40,4) width 33: "TH D"
        RenderTableSection {TFOOT} at (2,313) size 581x116
          RenderTableRow {TR} at (0,0) size 581x116
            RenderTableCell {TD} at (0,44) size 344x27 [bgcolor=#000000] [border: (7px dotted #FFFFFF)] [r=0 c=0 rs=1 cs=2]
              RenderText {#text} at (4,8) size 35x16
                text run at (4,8) width 35: "TD M"
            RenderTableCell {TD} at (344,47) size 123x21 [border: (1px dotted #FFFFFF)] [r=0 c=2 rs=1 cs=1]
              RenderText {#text} at (2,2) size 34x16
                text run at (2,2) width 34: "TD O"
            RenderTableCell {TD} at (467,47) size 114x21 [border: (1px dotted #FFFFFF)] [r=0 c=3 rs=1 cs=1]
              RenderText {#text} at (2,2) size 32x16
                text run at (2,2) width 32: "TD P"
        RenderTableSection {TBODY} at (2,123) size 581x190
          RenderTableRow {TR} at (0,0) size 581x107
            RenderTableCell {TD} at (0,79) size 137x31 [bgcolor=#000000] [border: (7px dotted #FFFFFF)] [r=0 c=0 rs=2 cs=1]
              RenderText {#text} at (8,8) size 32x16
                text run at (8,8) width 32: "TD E"
            RenderTableCell {TD} at (137,41) size 207x25 [border: (7px dotted #FFFFFF)] [r=0 c=1 rs=1 cs=1]
              RenderText {#text} at (8,8) size 32x16
                text run at (8,8) width 32: "TD F"
            RenderTableCell {TD} at (344,44) size 123x19 [border: (1px dotted #FFFFFF)] [r=0 c=2 rs=1 cs=1]
              RenderText {#text} at (2,2) size 34x16
                text run at (2,2) width 34: "TD G"
            RenderTableCell {TD} at (467,44) size 114x19 [border: (1px dotted #FFFFFF)] [r=0 c=3 rs=1 cs=1]
              RenderText {#text} at (2,2) size 33x16
                text run at (2,2) width 33: "TD H"
          RenderTableRow {TR} at (0,107) size 581x83
            RenderTableCell {TD} at (137,139) size 207x19 [border: (1px dotted #FFFFFF)] [r=1 c=1 rs=1 cs=1]
              RenderText {#text} at (8,2) size 31x16
                text run at (8,2) width 31: "TD J"
            RenderTableCell {TD} at (344,139) size 123x19 [border: (1px dotted #FFFFFF)] [r=1 c=2 rs=1 cs=1]
              RenderText {#text} at (2,2) size 33x16
                text run at (2,2) width 33: "TD K"
            RenderTableCell {TD} at (467,139) size 114x19 [border: (1px dotted #FFFFFF)] [r=1 c=3 rs=1 cs=1]
              RenderText {#text} at (2,2) size 32x16
                text run at (2,2) width 32: "TD L"
      RenderBlock {DIV} at (0,1143) size 784x34
        RenderInline {A} at (0,0) size 88x11 [color=#FFFF00]
          RenderImage {IMG} at (0,0) size 88x31
        RenderText {#text} at (0,0) size 0x0
      RenderBlock {ADDRESS} at (0,1177) size 784x11
        RenderText {#text} at (0,0) size 528x11
          text run at (0,0) width 528: "CSS2 Table Backgrounds Test Suite designed and written by fantasai <fantasai@escape.com>"
