layer at (0,0) size 800x716
  RenderView at (0,0) size 800x600
layer at (0,0) size 800x520
  RenderBlock {HTML} at (0,0) size 800x520
    RenderBody {BODY} at (8,8) size 784x504
      RenderTable {TABLE} at (0,0) size 224x504 [border: (1px outset #808080)]
        RenderBlock {CAPTION} at (0,0) size 222x206 [border: (3px solid #FFA500)]
          RenderText {#text} at (103,3) size 16x14
            text run at (103,3) width 16: "cap"
        RenderTableSection {TBODY} at (1,207) size 222x296
          RenderTableRow {TR} at (0,30) size 222x74
            RenderTableCell {TD} at (30,44) size 48x46 [border: (1px inset #808080)] [r=0 c=0 rs=1 cs=1]
              RenderText {#text} at (16,16) size 16x14
                text run at (16,16) width 16: "foo"
            RenderTableCell {TD} at (108,30) size 84x74 [border: (1px inset #808080)] [r=0 c=1 rs=1 cs=1]
              RenderText {#text} at (16,16) size 15x14
                text run at (16,16) width 15: "bar"
              RenderBR {BR} at (31,16) size 0x14
              RenderText {#text} at (16,30) size 16x14
                text run at (16,30) width 16: "baz"
              RenderBR {BR} at (32,30) size 0x14
              RenderText {#text} at (16,44) size 16x14
                text run at (16,44) width 16: "zap"
          RenderTableRow {TR} at (0,134) size 222x132
            RenderTableCell {TD} at (30,177) size 48x46 [border: (1px inset #808080)] [r=1 c=0 rs=1 cs=1]
              RenderText {#text} at (16,16) size 16x14
                text run at (16,16) width 16: "foo"
            RenderTableCell {TD} at (108,182) size 84x84 [border: (1px inset #808080)] [r=1 c=1 rs=1 cs=1]
              RenderBlock {DIV} at (16,16) size 52x52 [border: (1px solid #008000)]
                RenderBlock {DIV} at (1,1) size 402x302 [border: (1px solid #FF0000)]
                  RenderText {#text} at (1,1) size 6x14
                    text run at (1,1) width 6: "d"
