layer at (0,0) size 800x600
  RenderView at (0,0) size 800x600
layer at (0,0) size 800x70
  RenderBlock {html} at (0,0) size 800x70
    RenderBody {body} at (8,12) size 784x50
      RenderBlock {p} at (0,0) size 784x14
        RenderText {#text} at (0,0) size 128x14
          text run at (0,0) width 128: "COLGROUP WIDTH=px"
      RenderTable {table} at (0,26) size 460x24 [border: (1px outset #808080)]
        RenderTableCol {colgroup} at (0,0) size 0x0
          RenderTableCol {col} at (0,0) size 0x0
          RenderTableCol {col} at (0,0) size 0x0
        RenderTableSection (anonymous) at (1,1) size 458x22
          RenderTableRow {tr} at (0,2) size 458x18
            RenderTableCell {td} at (2,2) size 226x18 [border: (1px inset #808080)] [r=0 c=0 rs=1 cs=1]
              RenderText {#text} at (2,2) size 222x14
                text run at (2,2) width 222: "This column should have a width of 200 pixels"
            RenderTableCell {td} at (230,2) size 226x18 [border: (1px inset #808080)] [r=0 c=1 rs=1 cs=1]
              RenderText {#text} at (2,2) size 222x14
                text run at (2,2) width 222: "This column should have a width of 200 pixels"
