layer at (0,0) size 800x600
  RenderView at (0,0) size 800x600
layer at (0,0) size 800x124
  RenderBlock {html} at (0,0) size 800x124
    RenderBody {body} at (8,12) size 784x104
      RenderBlock {p} at (0,0) size 784x14
        RenderText {#text} at (0,0) size 412x14
          text run at (0,0) width 297: "Only the right and left sides of the frame surrounding the table "
          text run at (297,0) width 115: "below should be visible."
      RenderTable {table} at (0,26) size 145x78 [border: none (1px solid #808080) none (1px solid #808080)]
        RenderTableCol {colgroup} at (0,0) size 0x0
          RenderTableCol {col} at (0,0) size 0x0
        RenderTableCol {colgroup} at (0,0) size 0x0
          RenderTableCol {col} at (0,0) size 0x0
        RenderTableCol {colgroup} at (0,0) size 0x0
          RenderTableCol {col} at (0,0) size 0x0
        RenderTableSection {thead} at (1,0) size 143x20
          RenderTableRow {tr} at (0,2) size 143x16
            RenderTableCell {th} at (2,2) size 45x16 [r=0 c=0 rs=1 cs=1]
              RenderText {#text} at (1,1) size 43x14
                text run at (1,1) width 43: "THEAD"
            RenderTableCell {th} at (49,2) size 45x16 [r=0 c=1 rs=1 cs=1]
              RenderText {#text} at (1,1) size 43x14
                text run at (1,1) width 43: "THEAD"
            RenderTableCell {th} at (96,2) size 45x16 [r=0 c=2 rs=1 cs=1]
              RenderText {#text} at (1,1) size 43x14
                text run at (1,1) width 43: "THEAD"
        RenderTableSection {tfoot} at (1,58) size 143x20
          RenderTableRow {tr} at (0,2) size 143x16
            RenderTableCell {td} at (2,2) size 45x16 [r=0 c=0 rs=1 cs=1]
              RenderText {#text} at (1,1) size 39x14
                text run at (1,1) width 39: "TFOOT"
            RenderTableCell {td} at (49,2) size 45x16 [r=0 c=1 rs=1 cs=1]
              RenderText {#text} at (1,1) size 39x14
                text run at (1,1) width 39: "TFOOT"
            RenderTableCell {td} at (96,2) size 45x16 [r=0 c=2 rs=1 cs=1]
              RenderText {#text} at (1,1) size 39x14
                text run at (1,1) width 39: "TFOOT"
        RenderTableSection {tbody} at (1,20) size 143x38
          RenderTableRow {tr} at (0,2) size 143x16
            RenderTableCell {td} at (2,2) size 45x16 [r=0 c=0 rs=1 cs=1]
              RenderText {#text} at (1,1) size 42x14
                text run at (1,1) width 42: "TBODY"
            RenderTableCell {td} at (49,2) size 45x16 [r=0 c=1 rs=1 cs=1]
              RenderText {#text} at (1,1) size 42x14
                text run at (1,1) width 42: "TBODY"
            RenderTableCell {td} at (96,2) size 45x16 [r=0 c=2 rs=1 cs=1]
              RenderText {#text} at (1,1) size 42x14
                text run at (1,1) width 42: "TBODY"
          RenderTableRow {tr} at (0,20) size 143x16
            RenderTableCell {td} at (2,20) size 45x16 [r=1 c=0 rs=1 cs=1]
              RenderText {#text} at (1,1) size 42x14
                text run at (1,1) width 42: "TBODY"
            RenderTableCell {td} at (49,20) size 45x16 [r=1 c=1 rs=1 cs=1]
              RenderText {#text} at (1,1) size 42x14
                text run at (1,1) width 42: "TBODY"
            RenderTableCell {td} at (96,20) size 45x16 [r=1 c=2 rs=1 cs=1]
              RenderText {#text} at (1,1) size 42x14
                text run at (1,1) width 42: "TBODY"
