layer at (0,0) size 800x600
  RenderView at (0,0) size 800x600
layer at (0,0) size 800x600
  RenderBlock {HTML} at (0,0) size 800x600
    RenderBody {BODY} at (8,8) size 784x584
      RenderImage {IMG} at (643,10) size 121x84
      RenderInline {A} at (0,0) size 282x14 [color=#0000EE]
        RenderText {#text} at (0,0) size 282x14
          text run at (0,0) width 282: "http://www.apple.com/pr/library/2003/jan/02ical_isync.html"
      RenderBR {BR} at (282,11) size 0x0
      RenderInline {A} at (0,0) size 127x14 [color=#0000EE]
        RenderText {#text} at (0,14) size 127x14
          text run at (0,14) width 127: "http://www.apple.com/ical/"
      RenderBR {BR} at (127,25) size 0x0
      RenderInline {A} at (0,0) size 136x14 [color=#0000EE]
        RenderText {#text} at (0,28) size 136x14
          text run at (0,28) width 136: "http://www.apple.com/isync/"
