layer at (0,0) size 800x600
  RenderView at (0,0) size 800x600
layer at (0,0) size 800x600
  RenderBlock {HTML} at (0,0) size 800x600
    RenderBody {BODY} at (8,8) size 784x580
      RenderBlock (floating) {DIV} at (664,0) size 120x200 [bgcolor=#FF0000]
      RenderBlock {OL} at (0,0) size 784x0
      RenderBlock {P} at (0,0) size 784x56
        RenderText {#text} at (0,0) size 660x56
          text run at (0,0) width 644: "Vatican approves policy on sex abuse in clergy. The Vatican gave its approval Monday to the revised U.S. bishops' policy to combat sex"
          text run at (0,14) width 647: "abuse in the clergy, declaring the need to restore the image of the priesthood in a scandal that has rocked the Roman Catholic Church. The"
          text run at (0,28) width 660: "policy allows bishops to conduct a confidential, preliminary inquiry when a molestation claim is made to determine whether it is plausible. If"
          text run at (0,42) width 571: "it is, the accused priest is to be put on leave and then must go before a clerical tribunal to determine his guilt or innocence."
