layer at (0,0) size 800x600
  RenderView at (0,0) size 800x600
layer at (0,0) size 800x600
  RenderBlock {HTML} at (0,0) size 800x600
    RenderBody {BODY} at (8,8) size 784x584
      RenderBlock (floating) {DIV} at (0,6) size 302x16 [border: (1px solid #000000)]
        RenderText {#text} at (1,1) size 131x14
          text run at (1,1) width 131: "this div disappears in Safari"
