layer at (0,0) size 800x600
  RenderView at (0,0) size 800x600
layer at (0,0) size 800x600
  RenderBlock {HTML} at (0,0) size 800x600
    RenderBody {BODY} at (8,8) size 784x300
      RenderBlock (floating) {DIV} at (0,0) size 392x100 [bgcolor=#008000]
      RenderBlock (floating) {DIV} at (392,0) size 100x100 [bgcolor=#800080]
      RenderBlock (floating) {DIV} at (584,0) size 200x500 [bgcolor=#FFA500]
      RenderBlock (floating) {DIV} at (484,100) size 100x50 [bgcolor=#0000FF]
      RenderBlock (floating) {DIV} at (0,100) size 120x200 [bgcolor=#FF0000]
      RenderBlock (floating) {DIV} at (384,100) size 100x100 [bgcolor=#808000]
      RenderText {#text} at (492,0) size 461x126
        text run at (492,0) width 74: "Some text. This"
        text run at (492,14) width 85: "should find a way"
        text run at (492,28) width 85: "to wrap among all"
        text run at (492,42) width 82: "the floats without"
        text run at (492,56) width 89: "overlapping any of"
        text run at (492,70) width 29: "them. "
        text run at (521,70) width 42: "It should"
        text run at (492,84) width 87: "start just under the"
        text run at (492,98) width 88: "blue box and wrap"
        text run at (120,112) width 73: "to several lines."
