layer at (0,0) size 800x600
  RenderView at (0,0) size 800x600
layer at (0,0) size 800x600
  RenderBlock {HTML} at (0,0) size 800x600
    RenderBody {BODY} at (8,8) size 784x584
      RenderTable {TABLE} at (0,0) size 505x128 [border: (1px outset #808080)]
        RenderTableSection {TBODY} at (1,1) size 503x126
          RenderTableRow {TR} at (0,0) size 503x126
            RenderTableCell {TD} at (0,52) size 11x22 [bgcolor=#C0C0C0] [border: (1px inset #808080)] [r=0 c=0 rs=1 cs=1]
              RenderText {#text} at (4,4) size 3x14
                text run at (4,4) width 3: " "
            RenderTableCell {TD} at (11,0) size 492x126 [border: (1px inset #808080)] [r=0 c=1 rs=1 cs=1]
              RenderImage {IMG} at (4,4) size 37x50 [bgcolor=#FFA500]
              RenderBlock {P} at (4,4) size 484x28
                RenderText {#text} at (40,0) size 401x28
                  text run at (40,0) width 401: "This text should be flowing past a tall orange rectangle on the left side of the browser"
                  text run at (40,14) width 42: "window."
              RenderBlock {DIV} at (4,44) size 484x14 [bgcolor=#008000]
                RenderBR {BR} at (40,0) size 0x14
              RenderImage {IMG} at (4,58) size 37x50 [bgcolor=#FFA500]
              RenderBlock {DIV} at (4,108) size 484x14
                RenderText {#text} at (0,0) size 484x14
                  text run at (0,0) width 484: "This paragraph should appear below the tall orange rectangle above and to the left, and not flow past it."
