layer at (0,0) size 800x600
  RenderView at (0,0) size 800x600
layer at (0,0) size 800x600
  RenderBlock {HTML} at (0,0) size 800x600
    RenderBody {BODY} at (8,8) size 784x580
      RenderBlock {P} at (0,0) size 784x56
        RenderText {#text} at (0,0) size 781x56
          text run at (0,0) width 781: "P1: This represents the header and should be flush-left. Lorem ipsum dolor sit amet, consectetuer adipiscing elit, sed diam nonummy nibh euismod tincidunt ut laoreet"
          text run at (0,14) width 775: "dolore magna aliquam erat volutpat. Ut wisi enim ad minim veniam, quis nostrud exerci tation ullamcorper suscipit lobortis nisl ut aliquip ex ea commodo consequat."
          text run at (0,28) width 776: "Duis autem vel eum iriure dolor in hendrerit in vulputate velit esse molestie consequat, vel illum dolore eu feugiat nulla facilisis at vero eros et accumsan et iusto odio"
          text run at (0,42) width 438: "dignissim qui blandit praesent luptatum zzril delenit augue duis dolore te feugait nulla facilisi."
      RenderBlock {DIV} at (0,68) size 784x164
        RenderBlock (floating) {H2} at (0,0) size 84x28
          RenderText {#text} at (1,0) size 83x28
            text run at (1,0) width 83: "H2: This should"
            text run at (42,14) width 42: "float left"
        RenderBlock {DIV} at (0,0) size 784x164
          RenderBlock {H3} at (96,0) size 688x14
            RenderText {#text} at (0,0) size 200x14
              text run at (0,0) width 200: "H3: This should be indented and inline"
          RenderBlock {P} at (96,26) size 688x56
            RenderText {#text} at (0,0) size 688x56
              text run at (0,0) width 671: "P2: This should be indented and inline. Lorem ipsum dolor sit amet, consectetuer adipiscing elit, sed diam nonummy nibh euismod tincidunt ut"
              text run at (0,14) width 679: "laoreet dolore magna aliquam erat volutpat. Ut wisi enim ad minim veniam, quis nostrud exerci tation ullamcorper suscipit lobortis nisl ut aliquip"
              text run at (0,28) width 688: "ex ea commodo consequat. Duis autem vel eum iriure dolor in hendrerit in vulputate velit esse molestie consequat, vel illum dolore eu feugiat nulla"
              text run at (0,42) width 656: "facilisis at vero eros et accumsan et iusto odio dignissim qui blandit praesent luptatum zzril delenit augue duis dolore te feugait nulla facilisi."
          RenderBlock {P} at (96,94) size 688x70
            RenderText {#text} at (0,0) size 688x70
              text run at (0,0) width 688: "P3: This should be indented and inline. Ut wisi enim ad minim veniam, quis nostrud exerci tation ullamcorper suscipit lobortis nisl ut aliquip ex ea"
              text run at (0,14) width 661: "commodo consequat. Duis autem vel eum iriure dolor in hendrerit in vulputate velit esse molestie consequat, vel illum dolore eu feugiat nulla"
              text run at (0,28) width 656: "facilisis at vero eros et accumsan et iusto odio dignissim qui blandit praesent luptatum zzril delenit augue duis dolore te feugait nulla facilisi."
              text run at (0,42) width 645: "Lorem ipsum dolor sit amet, consectetuer adipiscing elit, sed diam nonummy nibh euismod tincidunt ut laoreet dolore magna aliquam erat"
              text run at (0,56) width 41: "volutpat."
      RenderBlock {P} at (0,244) size 784x56
        RenderText {#text} at (0,0) size 783x56
          text run at (0,0) width 757: "P4: This represents the footer and should be flush-left. Duis autem vel eum iriure dolor in hendrerit in vulputate velit esse molestie consequat, vel illum dolore eu"
          text run at (0,14) width 783: "feugiat nulla facilisis at vero eros et accumsan et iusto odio dignissim qui blandit praesent luptatum zzril delenit augue duis dolore te feugait nulla facilisi. Lorem ipsum"
          text run at (0,28) width 774: "dolor sit amet, consectetuer adipiscing elit, sed diam nonummy nibh euismod tincidunt ut laoreet dolore magna aliquam erat volutpat. Ut wisi enim ad minim veniam,"
          text run at (0,42) width 453: "quis nostrud exerci tation ullamcorper suscipit lobortis nisl ut aliquip ex ea commodo consequat."
