layer at (0,0) size 800x600
  RenderView at (0,0) size 800x600
layer at (0,0) size 800x600
  RenderBlock {HTML} at (0,0) size 800x600
    RenderBody {BODY} at (8,8) size 784x580
      RenderBlock {P} at (0,0) size 784x14
        RenderText {#text} at (0,0) size 429x14
          text run at (0,0) width 254: "You should see a single 100x100 green block below. "
          text run at (254,0) width 175: "If you see any red, the test has failed."
      RenderBlock {UL} at (0,26) size 784x0
        RenderBlock (floating) {LI} at (100,0) size 100x100 [bgcolor=#FF0000]
layer at (108,34) size 100x100
  RenderBlock (floating) {LI} at (0,0) size 100x100 [bgcolor=#008000]
