layer at (0,0) size 812x600
  RenderView at (0,0) size 800x600
layer at (0,0) size 800x118
  RenderBlock {HTML} at (0,0) size 800x118
    RenderBody {BODY} at (8,8) size 784x102
      RenderBlock {DIV} at (0,0) size 800x42
        RenderBlock (floating) {DIV} at (0,0) size 554x18 [border: (2px solid #FF0000)]
          RenderText {#text} at (2,2) size 375x14
            text run at (2,2) width 375: "(Parent DIV have no border set) There should be a green table below this block"
        RenderTable {TABLE} at (0,18) size 800x24 [border: (2px solid #008000)]
          RenderTableSection {TBODY} at (2,2) size 796x20
            RenderTableRow {TR} at (0,2) size 796x16
              RenderTableCell {TD} at (2,2) size 792x16 [r=0 c=0 rs=1 cs=1]
                RenderText {#text} at (1,1) size 16x14
                  text run at (1,1) width 16: "test"
      RenderBlock (anonymous) at (0,42) size 784x14
        RenderBR {BR} at (0,0) size 0x14
      RenderBlock {DIV} at (0,56) size 804x46 [border: (2px solid #0000FF)]
        RenderBlock (floating) {DIV} at (2,2) size 554x18 [border: (2px solid #FF0000)]
          RenderText {#text} at (2,2) size 404x14
            text run at (2,2) width 185: "(Parent DIV have 2px blue border set) "
            text run at (187,2) width 219: "There should be a green table below this block"
        RenderTable {TABLE} at (2,20) size 800x24 [border: (2px solid #008000)]
          RenderTableSection {TBODY} at (2,2) size 796x20
            RenderTableRow {TR} at (0,2) size 796x16
              RenderTableCell {TD} at (2,2) size 792x16 [r=0 c=0 rs=1 cs=1]
                RenderText {#text} at (1,1) size 16x14
                  text run at (1,1) width 16: "test"
