layer at (0,0) size 800x600
  RenderView at (0,0) size 800x600
layer at (0,0) size 800x600
  RenderBlock {HTML} at (0,0) size 800x600
    RenderBody {BODY} at (8,8) size 784x584
layer at (8,8) size 28x36
  RenderBlock (positioned) {DIV} at (8,8) size 28x36 [border: (2px solid #0000FF)]
    RenderBlock {DIV} at (2,2) size 24x18 [border: (2px solid #FFA500)]
      RenderText {#text} at (2,2) size 20x14
        text run at (2,2) width 20: "One"
    RenderBlock (floating) {DIV} at (2,20) size 22x14
      RenderText {#text} at (0,0) size 22x14
        text run at (0,0) width 22: "Two"
