layer at (0,0) size 800x600
  RenderView at (0,0) size 800x600
layer at (0,0) size 800x600
  RenderBlock {HTML} at (0,0) size 800x600
    RenderBody {BODY} at (8,8) size 784x584
      RenderBlock {P} at (0,0) size 784x14
        RenderText {#text} at (0,0) size 189x14
          text run at (0,0) width 189: "Text should not overlap the blue square."
      RenderBlock {DIV} at (0,26) size 406x108 [border: (3px solid #800000)]
        RenderText {#text} at (5,5) size 392x42
          text run at (5,5) width 389: "Fusce at ante. In hac habitasse platea dictumst. Maecenas iaculis nonummy magna."
          text run at (394,5) width 3: " "
          text run at (5,19) width 364: "Vivamus a tortor vitae enim ornare consectetuer. Lorem ipsum dolor sit amet,"
          text run at (369,19) width 3: " "
          text run at (5,33) width 358: "consectetuer adipiscing elit. Etiam et ipsum. Nam consectetuer mi eget velit. "
        RenderBlock (floating) {DIV} at (353,47) size 48x48 [bgcolor=#ADD8E6]
        RenderText {#text} at (363,33) size 396x70
          text run at (363,33) width 37: "Sed nec"
          text run at (400,33) width 1: " "
          text run at (5,47) width 343: "risus vitae felis auctor ultricies. Pellentesque aliquet quam ac lorem. Duis"
          text run at (348,47) width 3: " "
          text run at (5,61) width 340: "interdum, elit in ultricies auctor, erat pede sollicitudin libero, non ultrices"
          text run at (345,61) width 3: " "
          text run at (5,75) width 304: "odio elit in augue. Ut egestas bibendum lectus. Class aptent taciti"
          text run at (309,75) width 3: " "
          text run at (5,89) width 337: "sociosqu ad litora torquent per conubia nostra, per inceptos hymenaeos."
