layer at (0,0) size 800x600
  RenderView at (0,0) size 800x600
layer at (0,0) size 800x600
  RenderBlock {HTML} at (0,0) size 800x600
    RenderBody {BODY} at (8,8) size 784x584
      RenderBlock {DIV} at (0,0) size 784x100
        RenderText {#text} at (0,0) size 188x14
          text run at (0,0) width 188: "This test checks for regressions against "
        RenderInline {A} at (0,0) size 486x14 [color=#0000EE]
          RenderText {#text} at (188,0) size 486x14
            text run at (188,0) width 486: "Radar 4279765: REGRESSION: \"More...\" links on flickr groups pages have hover issues (flickr.com)"
        RenderText {#text} at (674,0) size 765x28
          text run at (674,0) width 91: ". Click on the word"
          text run at (0,14) width 203: "TEST below and it should turn into PASS."
      RenderBlock {DIV} at (0,100) size 784x200
        RenderBlock (floating) {DIV} at (0,0) size 245x200
          RenderImage {IMG} at (0,0) size 100x100
          RenderText {#text} at (100,89) size 3x14
            text run at (100,89) width 3: " "
          RenderBR {BR} at (0,0) size 0x0
          RenderBlock (floating) {H1} at (0,170) size 245x115
            RenderInline {A} at (0,0) size 245x111 [color=#0000EE]
              RenderText {#text} at (0,2) size 245x111
                text run at (0,2) width 245: "PASS"
          RenderText {#text} at (0,0) size 0x0
        RenderBR {BR} at (245,0) size 0x14
