layer at (0,0) size 800x600
  RenderView at (0,0) size 800x600
layer at (0,0) size 800x600
  RenderBlock {HTML} at (0,0) size 800x600
    RenderBody {BODY} at (8,8) size 784x584
      RenderBlock (floating) {DIV} at (0,0) size 152x14
        RenderBlock {DIV} at (0,0) size 152x14
          RenderText {#text} at (0,0) size 152x14
            text run at (0,0) width 152: "This is a test for rdar://5025925."
      RenderBlock (floating) {DIV} at (152,0) size 225x14
        RenderBlock {DIV} at (0,0) size 225x14
          RenderText {#text} at (0,0) size 225x14
            text run at (0,0) width 225: "The test succeeds if this does not hang or crash."
      RenderBlock (anonymous) at (0,0) size 784x14
        RenderText {#text} at (377,0) size 3x14
          text run at (377,0) width 3: " "
      RenderBlock {DIV} at (0,14) size 784x0
