layer at (0,0) size 800x600
  RenderView at (0,0) size 800x600
layer at (0,0) size 800x600
  RenderBlock {HTML} at (0,0) size 800x600
    RenderBody {BODY} at (8,8) size 784x584
      RenderBlock (floating) {P} at (386,12) size 398x14
        RenderText {#text} at (0,0) size 398x14
          text run at (0,0) width 398: "The 'hr' below should span the width of the page, not just to the left edge of this text."
      RenderBlock {HR} at (0,38) size 784x2 [border: (1px inset #000000)]
      RenderBlock (floating) {P} at (378,58) size 406x14
        RenderText {#text} at (0,0) size 406x14
          text run at (0,0) width 406: "The table below should span the width of the page, not just to the left edge of this text."
      RenderTable {TABLE} at (0,84) size 721x42 [border: (10px outset #808080)]
        RenderTableSection {TBODY} at (10,10) size 701x22
          RenderTableRow {TR} at (0,2) size 701x18
            RenderTableCell {TD} at (2,2) size 697x18 [border: (1px inset #808080)] [r=0 c=0 rs=1 cs=1]
              RenderText {#text} at (2,2) size 693x14
                text run at (2,2) width 273: "This is a table that should fill the entire width of the page. "
                text run at (275,2) width 420: "It should clear the float and then take up the width of the page. If it doesn't then it's a bug."
      RenderBlock (floating) {P} at (464,138) size 320x14
        RenderText {#text} at (0,0) size 320x14
          text run at (0,0) width 320: "The overflow auto section below should span the width of the page."
layer at (8,172) size 784x14
  RenderBlock {DIV} at (0,164) size 784x14
    RenderText {#text} at (0,0) size 686x14
      text run at (0,0) width 266: "This is a div that should fill the entire width of the page. "
      text run at (266,0) width 420: "It should clear the float and then take up the width of the page. If it doesn't then it's a bug."
