layer at (0,0) size 980x735
  RenderView at (0,0) size 980x735
layer at (0,0) size 980x735
  RenderBlock {HTML} at (0,0) size 980x735
    RenderBody {BODY} at (8,8) size 964x719
      RenderTable {TABLE} at (0,0) size 964x107 [border: (1px outset #808080)]
        RenderTableSection {TBODY} at (1,1) size 962x105
          RenderTableRow {TR} at (0,2) size 962x101
            RenderTableCell {TD} at (2,2) size 94x101 [border: (1px inset #808080)] [r=0 c=0 rs=1 cs=1]
              RenderText {#text} at (2,2) size 90x57
                text run at (2,2) width 75: "check for"
                text run at (2,21) width 89: "handling of"
                text run at (2,40) width 90: "whitespace"
              RenderImage {IMG} at (2,59) size 20x17
              RenderText {#text} at (22,61) size 82x38
                text run at (22,61) width 62: " around"
                text run at (2,80) width 81: "the image"
            RenderTableCell {TD} at (98,41) size 862x23 [border: (1px inset #808080)] [r=0 c=1 rs=1 cs=1]
              RenderText {#text} at (2,2) size 11x19
                text run at (2,2) width 11: "X"
      RenderBlock {HR} at (0,115) size 77x2 [border: (1px inset #000000)]
      RenderTable {TABLE} at (0,125) size 964x160 [border: (1px outset #808080)]
        RenderTableSection {TBODY} at (1,1) size 962x158
          RenderTableRow {TR} at (0,2) size 962x154
            RenderTableCell {TD} at (2,2) size 24x154 [border: (1px inset #808080)] [r=0 c=0 rs=1 cs=1]
              RenderText {#text} at (2,2) size 20x76
                text run at (2,2) width 20: "aa"
                text run at (2,21) width 20: "bb"
                text run at (2,40) width 18: "cc"
                text run at (2,59) width 20: "dd"
              RenderImage {IMG} at (2,78) size 20x17
              RenderText {#text} at (2,95) size 20x57
                text run at (2,95) width 20: "ee"
                text run at (2,114) width 12: "ff"
                text run at (2,133) width 20: "gg"
            RenderTableCell {TD} at (28,67) size 932x23 [border: (1px inset #808080)] [r=0 c=1 rs=1 cs=1]
              RenderText {#text} at (2,2) size 11x19
                text run at (2,2) width 11: "X"
      RenderBlock {HR} at (0,293) size 77x2 [border: (1px inset #000000)]
      RenderTable {TABLE} at (0,303) size 964x50 [border: (1px outset #808080)]
        RenderTableSection {TBODY} at (1,1) size 962x48
          RenderTableRow {TR} at (0,2) size 962x44
            RenderTableCell {TD} at (2,2) size 268x44 [border: (1px inset #808080)] [r=0 c=0 rs=1 cs=1]
              RenderText {#text} at (2,2) size 264x19
                text run at (2,2) width 264: "checkforhandlingofnowhitespace"
              RenderImage {IMG} at (2,21) size 20x17
              RenderText {#text} at (22,23) size 138x19
                text run at (22,23) width 138: " aroundtheimage"
            RenderTableCell {TD} at (272,12) size 688x23 [border: (1px inset #808080)] [r=0 c=1 rs=1 cs=1]
              RenderText {#text} at (2,2) size 11x19
                text run at (2,2) width 11: "X"
      RenderBlock {HR} at (0,361) size 77x2 [border: (1px inset #000000)]
      RenderTable {TABLE} at (0,371) size 964x31 [border: (1px outset #808080)]
        RenderTableSection {TBODY} at (1,1) size 962x29
          RenderTableRow {TR} at (0,2) size 962x25
            RenderTableCell {TD} at (2,2) size 421x25 [border: (1px inset #808080)] [r=0 c=0 rs=1 cs=1]
              RenderText {#text} at (2,4) size 264x19
                text run at (2,4) width 264: "checkforhandlingofnowhitespace"
              RenderImage {IMG} at (266,2) size 20x17
              RenderText {#text} at (286,4) size 133x19
                text run at (286,4) width 133: "aroundtheimage"
            RenderTableCell {TD} at (425,3) size 535x23 [border: (1px inset #808080)] [r=0 c=1 rs=1 cs=1]
              RenderText {#text} at (2,2) size 11x19
                text run at (2,2) width 11: "X"
