layer at (0,0) size 980x1418
  RenderView at (0,0) size 980x735
layer at (0,0) size 980x1418
  RenderBlock {HTML} at (0,0) size 980x1418
    RenderBody {BODY} at (8,8) size 964x1394
      RenderBlock {CENTER} at (0,0) size 964x1394
        RenderBlock (anonymous) at (0,0) size 964x19
          RenderText {#text} at (325,0) size 314x19
            text run at (325,0) width 314: "Build 1999/10/27/08 Win95 - Daily Build"
          RenderBR {BR} at (638,15) size 1x0
        RenderTable {TABLE} at (95,19) size 774x1226 [border: (10px outset #808080)]
          RenderBlock {CAPTION} at (0,0) size 774x19
            RenderText {#text} at (334,0) size 106x19
              text run at (334,0) width 106: "January 2000"
          RenderTableSection {TBODY} at (10,29) size 754x1187
            RenderTableRow {TR} at (0,0) size 754x468
              RenderTableCell {TD} at (0,0) size 110x23 [color=#FFFFFF] [bgcolor=#404080] [border: (1px inset #808080)] [r=0 c=0 rs=1 cs=1]
                RenderText {#text} at (2,2) size 6x19
                  text run at (2,2) width 6: "-"
              RenderTableCell {TD} at (110,0) size 107x23 [color=#FFFFFF] [bgcolor=#404080] [border: (1px inset #808080)] [r=0 c=1 rs=1 cs=1]
                RenderText {#text} at (2,2) size 6x19
                  text run at (2,2) width 6: "-"
              RenderTableCell {TD} at (217,0) size 104x23 [color=#FFFFFF] [bgcolor=#404080] [border: (1px inset #808080)] [r=0 c=2 rs=1 cs=1]
                RenderText {#text} at (2,2) size 6x19
                  text run at (2,2) width 6: "-"
              RenderTableCell {TD} at (321,0) size 104x23 [color=#FFFFFF] [bgcolor=#404080] [border: (1px inset #808080)] [r=0 c=3 rs=1 cs=1]
                RenderText {#text} at (2,2) size 6x19
                  text run at (2,2) width 6: "-"
              RenderTableCell {TD} at (425,0) size 104x23 [color=#FFFFFF] [bgcolor=#404080] [border: (1px inset #808080)] [r=0 c=4 rs=1 cs=1]
                RenderText {#text} at (2,2) size 6x19
                  text run at (2,2) width 6: "-"
              RenderTableCell {TD} at (529,0) size 107x23 [color=#FFFFFF] [bgcolor=#404080] [border: (1px inset #808080)] [r=0 c=5 rs=1 cs=1]
                RenderText {#text} at (2,2) size 6x19
                  text run at (2,2) width 6: "-"
              RenderTableCell {TD} at (636,0) size 118x468 [color=#FFFFFF] [bgcolor=#404080] [border: (1px inset #808080)] [r=0 c=6 rs=1 cs=1]
                RenderTable {TABLE} at (2,2) size 107x445 [color=#000000]
                  RenderTableSection {TBODY} at (0,0) size 107x445
                    RenderTableRow {TR} at (0,0) size 107x445
                      RenderTableCell {TD} at (0,0) size 25x26 [color=#FFFF00] [bgcolor=#404080] [r=0 c=0 rs=1 cs=1]
                        RenderText {#text} at (1,1) size 23x25
                          text run at (1,1) width 23: "1."
                      RenderTableCell {TD} at (25,0) size 82x445 [color=#FFFFFF] [bgcolor=#404080] [r=0 c=1 rs=1 cs=1]
                        RenderTable {TABLE} at (1,1) size 80x443 [color=#000000]
                          RenderTableSection {TBODY} at (0,0) size 80x443 [bgcolor=#FFFF00]
                            RenderTableRow {TR} at (0,0) size 80x443
                              RenderTableCell {TD} at (0,0) size 80x443 [color=#FFFFFF] [bgcolor=#404080] [r=0 c=0 rs=1 cs=1]
                                RenderBlock {P} at (1,1) size 78x76
                                  RenderText {#text} at (0,0) size 63x76
                                    text run at (0,0) width 34: "Test"
                                    text run at (0,19) width 56: "mozilla"
                                    text run at (0,38) width 63: "one last"
                                    text run at (0,57) width 41: "time."
                                RenderBlock {P} at (1,93) size 78x57
                                  RenderText {#text} at (0,0) size 45x57
                                    text run at (0,0) width 35: "New"
                                    text run at (0,19) width 45: "Years"
                                    text run at (0,38) width 34: "day."
                                RenderBlock {P} at (1,166) size 78x19
                                  RenderText {#text} at (0,0) size 49x19
                                    text run at (0,0) width 49: "Y2K!!!"
                                RenderBlock {P} at (1,201) size 78x76
                                  RenderText {#text} at (0,0) size 58x76
                                    text run at (0,0) width 33: "Find"
                                    text run at (0,19) width 58: "Abacus"
                                    text run at (0,38) width 39: "from"
                                    text run at (0,57) width 35: "attic"
                                RenderBlock {P} at (1,293) size 78x76
                                  RenderText {#text} at (0,0) size 68x76
                                    text run at (0,0) width 55: "Eat Ice"
                                    text run at (0,19) width 54: "Cream"
                                    text run at (0,38) width 68: "before it"
                                    text run at (0,57) width 44: "melts"
                                RenderBlock {P} at (1,385) size 78x57
                                  RenderText {#text} at (0,0) size 62x57
                                    text run at (0,0) width 37: "Lock"
                                    text run at (0,19) width 62: "doors &"
                                    text run at (0,38) width 34: "hide"
                RenderBlock (anonymous) at (2,447) size 114x19
                  RenderBR {BR} at (0,0) size 0x19
            RenderTableRow {TR} at (0,468) size 754x287
              RenderTableCell {TD} at (0,468) size 110x211 [color=#FFFFFF] [bgcolor=#404080] [border: (1px inset #808080)] [r=1 c=0 rs=1 cs=1]
                RenderTable {TABLE} at (2,2) size 106x188 [color=#000000]
                  RenderTableSection {TBODY} at (0,0) size 106x188
                    RenderTableRow {TR} at (0,0) size 106x188
                      RenderTableCell {TD} at (0,0) size 25x26 [color=#FFFF00] [bgcolor=#404080] [r=0 c=0 rs=1 cs=1]
                        RenderText {#text} at (1,1) size 23x25
                          text run at (1,1) width 23: "2."
                      RenderTableCell {TD} at (25,0) size 81x188 [color=#FFFFFF] [bgcolor=#404080] [r=0 c=1 rs=1 cs=1]
                        RenderTable {TABLE} at (1,1) size 79x186 [color=#000000]
                          RenderTableSection {TBODY} at (0,0) size 79x186 [bgcolor=#FFFF00]
                            RenderTableRow {TR} at (0,0) size 79x186
                              RenderTableCell {TD} at (0,0) size 79x186 [color=#FFFFFF] [bgcolor=#404080] [r=0 c=0 rs=1 cs=1]
                                RenderBlock {P} at (1,1) size 77x57
                                  RenderText {#text} at (0,0) size 77x57
                                    text run at (0,0) width 66: "Look for"
                                    text run at (0,19) width 31: "Y2K"
                                    text run at (0,38) width 77: "survivers."
                                RenderBlock {P} at (1,74) size 77x38
                                  RenderText {#text} at (0,0) size 74x38
                                    text run at (0,0) width 39: "Build"
                                    text run at (0,19) width 74: "outhouse"
                                RenderBlock {P} at (1,128) size 77x57
                                  RenderText {#text} at (0,0) size 61x57
                                    text run at (0,0) width 26: "Eat"
                                    text run at (0,19) width 61: "reserve"
                                    text run at (0,38) width 36: "food"
                RenderBlock (anonymous) at (2,190) size 106x19
                  RenderBR {BR} at (0,0) size 0x19
              RenderTableCell {TD} at (110,468) size 107x84 [color=#FFFFFF] [bgcolor=#404080] [border: (1px inset #808080)] [r=1 c=1 rs=1 cs=1]
                RenderTable {TABLE} at (2,2) size 103x80 [color=#000000]
                  RenderTableSection {TBODY} at (0,0) size 103x80
                    RenderTableRow {TR} at (0,0) size 103x80
                      RenderTableCell {TD} at (0,0) size 25x26 [color=#FFFF00] [bgcolor=#404080] [r=0 c=0 rs=1 cs=1]
                        RenderText {#text} at (1,1) size 23x25
                          text run at (1,1) width 23: "3."
                      RenderTableCell {TD} at (25,0) size 78x80 [color=#FFFFFF] [bgcolor=#404080] [r=0 c=1 rs=1 cs=1]
                        RenderTable {TABLE} at (1,1) size 76x78 [color=#000000]
                          RenderTableSection {TBODY} at (0,0) size 76x78 [bgcolor=#FFFF00]
                            RenderTableRow {TR} at (0,0) size 76x78
                              RenderTableCell {TD} at (0,0) size 76x78 [color=#FFFFFF] [bgcolor=#404080] [r=0 c=0 rs=1 cs=1]
                                RenderBlock {P} at (1,1) size 74x76
                                  RenderText {#text} at (0,0) size 74x76
                                    text run at (0,0) width 43: "Write"
                                    text run at (0,19) width 64: "letter to"
                                    text run at (0,38) width 59: "electric"
                                    text run at (0,57) width 74: "company"
              RenderTableCell {TD} at (217,468) size 104x268 [color=#FFFFFF] [bgcolor=#404080] [border: (1px inset #808080)] [r=1 c=2 rs=1 cs=1]
                RenderTable {TABLE} at (2,2) size 100x264 [color=#000000]
                  RenderTableSection {TBODY} at (0,0) size 100x264
                    RenderTableRow {TR} at (0,0) size 100x264
                      RenderTableCell {TD} at (0,0) size 25x26 [color=#FFFF00] [bgcolor=#404080] [r=0 c=0 rs=1 cs=1]
                        RenderText {#text} at (1,1) size 23x25
                          text run at (1,1) width 23: "4."
                      RenderTableCell {TD} at (25,0) size 75x264 [color=#FFFFFF] [bgcolor=#404080] [r=0 c=1 rs=1 cs=1]
                        RenderTable {TABLE} at (1,1) size 73x262 [color=#000000]
                          RenderTableSection {TBODY} at (0,0) size 73x262 [bgcolor=#FFFF00]
                            RenderTableRow {TR} at (0,0) size 73x262
                              RenderTableCell {TD} at (0,0) size 73x262 [color=#FFFFFF] [bgcolor=#404080] [r=0 c=0 rs=1 cs=1]
                                RenderBlock {P} at (1,1) size 71x57
                                  RenderText {#text} at (0,0) size 71x57
                                    text run at (0,0) width 71: "Send the"
                                    text run at (0,19) width 36: "snail"
                                    text run at (0,38) width 34: "mail"
                                RenderBlock {P} at (1,74) size 71x114
                                  RenderText {#text} at (0,0) size 63x114
                                    text run at (0,0) width 43: "Go to"
                                    text run at (0,19) width 39: "work"
                                    text run at (0,38) width 30: "and"
                                    text run at (0,57) width 62: "stare at"
                                    text run at (0,76) width 40: "dead"
                                    text run at (0,95) width 63: "monitor"
                                RenderBlock {P} at (1,204) size 71x57
                                  RenderText {#text} at (0,0) size 61x57
                                    text run at (0,0) width 26: "Eat"
                                    text run at (0,19) width 61: "reserve"
                                    text run at (0,38) width 36: "food"
              RenderTableCell {TD} at (321,468) size 104x195 [color=#FFFFFF] [bgcolor=#404080] [border: (1px inset #808080)] [r=1 c=3 rs=1 cs=1]
                RenderTable {TABLE} at (2,2) size 100x191 [color=#000000]
                  RenderTableSection {TBODY} at (0,0) size 100x191
                    RenderTableRow {TR} at (0,0) size 100x191
                      RenderTableCell {TD} at (0,0) size 25x26 [color=#FFFF00] [bgcolor=#404080] [r=0 c=0 rs=1 cs=1]
                        RenderText {#text} at (1,1) size 23x25
                          text run at (1,1) width 23: "5."
                      RenderTableCell {TD} at (25,0) size 75x191 [color=#FFFFFF] [bgcolor=#404080] [r=0 c=1 rs=1 cs=1]
                        RenderTable {TABLE} at (1,1) size 73x189 [color=#000000]
                          RenderTableSection {TBODY} at (0,0) size 73x189 [bgcolor=#FFFF00]
                            RenderTableRow {TR} at (0,0) size 73x189
                              RenderTableCell {TD} at (0,0) size 73x189 [color=#FFFFFF] [bgcolor=#404080] [r=0 c=0 rs=1 cs=1]
                                RenderBlock {P} at (1,1) size 71x114
                                  RenderText {#text} at (0,0) size 63x114
                                    text run at (0,0) width 43: "Go to"
                                    text run at (0,19) width 39: "work"
                                    text run at (0,38) width 30: "and"
                                    text run at (0,57) width 62: "stare at"
                                    text run at (0,76) width 40: "dead"
                                    text run at (0,95) width 63: "monitor"
                                RenderBlock {P} at (1,131) size 71x57
                                  RenderText {#text} at (0,0) size 61x57
                                    text run at (0,0) width 26: "Eat"
                                    text run at (0,19) width 61: "reserve"
                                    text run at (0,38) width 36: "food"
              RenderTableCell {TD} at (425,468) size 104x195 [color=#FFFFFF] [bgcolor=#404080] [border: (1px inset #808080)] [r=1 c=4 rs=1 cs=1]
                RenderTable {TABLE} at (2,2) size 100x191 [color=#000000]
                  RenderTableSection {TBODY} at (0,0) size 100x191
                    RenderTableRow {TR} at (0,0) size 100x191
                      RenderTableCell {TD} at (0,0) size 25x26 [color=#FFFF00] [bgcolor=#404080] [r=0 c=0 rs=1 cs=1]
                        RenderText {#text} at (1,1) size 23x25
                          text run at (1,1) width 23: "6."
                      RenderTableCell {TD} at (25,0) size 75x191 [color=#FFFFFF] [bgcolor=#404080] [r=0 c=1 rs=1 cs=1]
                        RenderTable {TABLE} at (1,1) size 73x189 [color=#000000]
                          RenderTableSection {TBODY} at (0,0) size 73x189 [bgcolor=#FFFF00]
                            RenderTableRow {TR} at (0,0) size 73x189
                              RenderTableCell {TD} at (0,0) size 73x189 [color=#FFFFFF] [bgcolor=#404080] [r=0 c=0 rs=1 cs=1]
                                RenderBlock {P} at (1,1) size 71x114
                                  RenderText {#text} at (0,0) size 63x114
                                    text run at (0,0) width 43: "Go to"
                                    text run at (0,19) width 39: "work"
                                    text run at (0,38) width 30: "and"
                                    text run at (0,57) width 62: "stare at"
                                    text run at (0,76) width 40: "dead"
                                    text run at (0,95) width 63: "monitor"
                                RenderBlock {P} at (1,131) size 71x57
                                  RenderText {#text} at (0,0) size 61x57
                                    text run at (0,0) width 26: "Eat"
                                    text run at (0,19) width 61: "reserve"
                                    text run at (0,38) width 36: "food"
              RenderTableCell {TD} at (529,468) size 107x249 [color=#FFFFFF] [bgcolor=#404080] [border: (1px inset #808080)] [r=1 c=5 rs=1 cs=1]
                RenderTable {TABLE} at (2,2) size 103x245 [color=#000000]
                  RenderTableSection {TBODY} at (0,0) size 103x245
                    RenderTableRow {TR} at (0,0) size 103x245
                      RenderTableCell {TD} at (0,0) size 25x26 [color=#FFFF00] [bgcolor=#404080] [r=0 c=0 rs=1 cs=1]
                        RenderText {#text} at (1,1) size 23x25
                          text run at (1,1) width 23: "7."
                      RenderTableCell {TD} at (25,0) size 78x245 [color=#FFFFFF] [bgcolor=#404080] [r=0 c=1 rs=1 cs=1]
                        RenderTable {TABLE} at (1,1) size 76x243 [color=#000000]
                          RenderTableSection {TBODY} at (0,0) size 76x243 [bgcolor=#FFFF00]
                            RenderTableRow {TR} at (0,0) size 76x243
                              RenderTableCell {TD} at (0,0) size 76x243 [color=#FFFFFF] [bgcolor=#404080] [r=0 c=0 rs=1 cs=1]
                                RenderBlock {P} at (1,1) size 74x76
                                  RenderText {#text} at (0,0) size 74x76
                                    text run at (0,0) width 22: "Go"
                                    text run at (0,19) width 63: "internet"
                                    text run at (0,38) width 74: "exploring"
                                    text run at (0,57) width 69: "for food."
                                RenderBlock {P} at (1,93) size 74x76
                                  RenderText {#text} at (0,0) size 74x76
                                    text run at (0,0) width 64: "Internet"
                                    text run at (0,19) width 74: "exploring"
                                    text run at (0,38) width 58: "doesn't"
                                    text run at (0,57) width 44: "work."
                                RenderBlock {P} at (1,185) size 74x57
                                  RenderText {#text} at (0,0) size 61x57
                                    text run at (0,0) width 26: "Eat"
                                    text run at (0,19) width 61: "reserve"
                                    text run at (0,38) width 36: "food"
              RenderTableCell {TD} at (636,468) size 118x287 [color=#FFFFFF] [bgcolor=#404080] [border: (1px inset #808080)] [r=1 c=6 rs=1 cs=1]
                RenderTable {TABLE} at (2,2) size 107x283 [color=#000000]
                  RenderTableSection {TBODY} at (0,0) size 107x283
                    RenderTableRow {TR} at (0,0) size 107x283
                      RenderTableCell {TD} at (0,0) size 25x26 [color=#FFFF00] [bgcolor=#404080] [r=0 c=0 rs=1 cs=1]
                        RenderText {#text} at (1,1) size 23x25
                          text run at (1,1) width 23: "8."
                      RenderTableCell {TD} at (25,0) size 82x283 [color=#FFFFFF] [bgcolor=#404080] [r=0 c=1 rs=1 cs=1]
                        RenderTable {TABLE} at (1,1) size 80x281 [color=#000000]
                          RenderTableSection {TBODY} at (0,0) size 80x281 [bgcolor=#FFFF00]
                            RenderTableRow {TR} at (0,0) size 80x281
                              RenderTableCell {TD} at (0,0) size 80x281 [color=#FFFFFF] [bgcolor=#404080] [r=0 c=0 rs=1 cs=1]
                                RenderBlock {P} at (1,1) size 78x95
                                  RenderText {#text} at (0,0) size 74x95
                                    text run at (0,0) width 22: "Go"
                                    text run at (0,19) width 63: "internet"
                                    text run at (0,38) width 74: "exploring"
                                    text run at (0,57) width 64: "for food"
                                    text run at (0,76) width 49: "again."
                                RenderBlock {P} at (1,112) size 78x95
                                  RenderText {#text} at (0,0) size 74x95
                                    text run at (0,0) width 64: "Internet"
                                    text run at (0,19) width 74: "exploring"
                                    text run at (0,38) width 58: "doesn't"
                                    text run at (0,57) width 39: "work"
                                    text run at (0,76) width 49: "again."
                                RenderBlock {P} at (1,223) size 78x57
                                  RenderText {#text} at (0,0) size 61x57
                                    text run at (0,0) width 26: "Eat"
                                    text run at (0,19) width 61: "reserve"
                                    text run at (0,38) width 36: "food"
            RenderTableRow {TR} at (0,755) size 754x379
              RenderTableCell {TD} at (0,755) size 110x379 [color=#FFFFFF] [bgcolor=#404080] [border: (1px inset #808080)] [r=2 c=0 rs=1 cs=1]
                RenderTable {TABLE} at (2,2) size 106x356 [color=#000000]
                  RenderTableSection {TBODY} at (0,0) size 106x356
                    RenderTableRow {TR} at (0,0) size 106x356
                      RenderTableCell {TD} at (0,0) size 25x26 [color=#FFFF00] [bgcolor=#404080] [r=0 c=0 rs=1 cs=1]
                        RenderText {#text} at (1,1) size 23x25
                          text run at (1,1) width 23: "9."
                      RenderTableCell {TD} at (25,0) size 81x356 [color=#FFFFFF] [bgcolor=#404080] [r=0 c=1 rs=1 cs=1]
                        RenderTable {TABLE} at (1,1) size 79x354 [color=#000000]
                          RenderTableSection {TBODY} at (0,0) size 79x354 [bgcolor=#FFFF00]
                            RenderTableRow {TR} at (0,0) size 79x354
                              RenderTableCell {TD} at (0,0) size 79x354 [color=#FFFFFF] [bgcolor=#404080] [r=0 c=0 rs=1 cs=1]
                                RenderBlock {P} at (1,1) size 77x76
                                  RenderText {#text} at (0,0) size 74x76
                                    text run at (0,0) width 22: "Go"
                                    text run at (0,19) width 63: "internet"
                                    text run at (0,38) width 74: "exploring"
                                    text run at (0,57) width 69: "for food."
                                RenderBlock {P} at (1,93) size 77x95
                                  RenderText {#text} at (0,0) size 74x95
                                    text run at (0,0) width 64: "Internet"
                                    text run at (0,19) width 74: "exploring"
                                    text run at (0,38) width 26: "still"
                                    text run at (0,57) width 58: "doesn't"
                                    text run at (0,76) width 44: "work."
                                RenderBlock {P} at (1,204) size 77x76
                                  RenderText {#text} at (0,0) size 74x76
                                    text run at (0,0) width 60: "Give up"
                                    text run at (0,19) width 63: "internet"
                                    text run at (0,38) width 74: "exploring"
                                    text run at (0,57) width 69: "for food."
                                RenderBlock {P} at (1,296) size 77x57
                                  RenderText {#text} at (0,0) size 61x57
                                    text run at (0,0) width 26: "Eat"
                                    text run at (0,19) width 61: "reserve"
                                    text run at (0,38) width 36: "food"
                RenderBlock (anonymous) at (2,358) size 106x19
                  RenderBR {BR} at (0,0) size 0x19
              RenderTableCell {TD} at (110,755) size 107x303 [color=#FFFFFF] [bgcolor=#404080] [border: (1px inset #808080)] [r=2 c=1 rs=1 cs=1]
                RenderTable {TABLE} at (2,2) size 103x299 [color=#000000]
                  RenderTableSection {TBODY} at (0,0) size 103x299
                    RenderTableRow {TR} at (0,0) size 103x299
                      RenderTableCell {TD} at (0,0) size 40x26 [color=#FFFF00] [bgcolor=#404080] [r=0 c=0 rs=1 cs=1]
                        RenderText {#text} at (1,1) size 38x25
                          text run at (1,1) width 38: "10."
                      RenderTableCell {TD} at (40,0) size 63x299 [color=#FFFFFF] [bgcolor=#404080] [r=0 c=1 rs=1 cs=1]
                        RenderTable {TABLE} at (1,1) size 61x297 [color=#000000]
                          RenderTableSection {TBODY} at (0,0) size 61x297 [bgcolor=#FFFF00]
                            RenderTableRow {TR} at (0,0) size 61x297
                              RenderTableCell {TD} at (0,0) size 61x297 [color=#FFFFFF] [bgcolor=#404080] [r=0 c=0 rs=1 cs=1]
                                RenderBlock {P} at (1,1) size 59x76
                                  RenderText {#text} at (0,0) size 53x76
                                    text run at (0,0) width 50: "Power"
                                    text run at (0,19) width 53: "comes"
                                    text run at (0,38) width 38: "back"
                                    text run at (0,57) width 25: "on."
                                RenderBlock {P} at (1,93) size 59x95
                                  RenderText {#text} at (0,0) size 57x95
                                    text run at (0,0) width 26: "Put"
                                    text run at (0,19) width 46: "trusty"
                                    text run at (0,38) width 57: "abacus"
                                    text run at (0,57) width 57: "back in"
                                    text run at (0,76) width 35: "attic"
                                RenderBlock {P} at (1,204) size 59x57
                                  RenderText {#text} at (0,0) size 56x57
                                    text run at (0,0) width 39: "Grab"
                                    text run at (0,19) width 44: "latest"
                                    text run at (0,38) width 56: "mozilla"
                                RenderBlock {P} at (1,277) size 59x19
                                  RenderText {#text} at (0,0) size 49x19
                                    text run at (0,0) width 49: "Test it"
              RenderTableCell {TD} at (217,755) size 104x100 [color=#FFFFFF] [bgcolor=#404080] [border: (1px inset #808080)] [r=2 c=2 rs=1 cs=1]
                RenderTable {TABLE} at (2,2) size 100x96 [color=#000000]
                  RenderTableSection {TBODY} at (0,0) size 100x96
                    RenderTableRow {TR} at (0,0) size 100x96
                      RenderTableCell {TD} at (0,0) size 40x26 [color=#FFFF00] [bgcolor=#404080] [r=0 c=0 rs=1 cs=1]
                        RenderText {#text} at (1,1) size 38x25
                          text run at (1,1) width 38: "11."
                      RenderTableCell {TD} at (40,0) size 60x96 [color=#FFFFFF] [bgcolor=#404080] [r=0 c=1 rs=1 cs=1]
                        RenderTable {TABLE} at (1,1) size 58x94 [color=#000000]
                          RenderTableSection {TBODY} at (0,0) size 58x94 [bgcolor=#FFFF00]
                            RenderTableRow {TR} at (0,0) size 58x94
                              RenderTableCell {TD} at (0,0) size 58x94 [color=#FFFFFF] [bgcolor=#404080] [r=0 c=0 rs=1 cs=1]
                                RenderBlock {P} at (1,1) size 56x57
                                  RenderText {#text} at (0,0) size 56x57
                                    text run at (0,0) width 39: "Grab"
                                    text run at (0,19) width 44: "latest"
                                    text run at (0,38) width 56: "mozilla"
                                RenderBlock {P} at (1,74) size 56x19
                                  RenderText {#text} at (0,0) size 49x19
                                    text run at (0,0) width 49: "Test it"
              RenderTableCell {TD} at (321,755) size 104x100 [color=#FFFFFF] [bgcolor=#404080] [border: (1px inset #808080)] [r=2 c=3 rs=1 cs=1]
                RenderTable {TABLE} at (2,2) size 100x96 [color=#000000]
                  RenderTableSection {TBODY} at (0,0) size 100x96
                    RenderTableRow {TR} at (0,0) size 100x96
                      RenderTableCell {TD} at (0,0) size 40x26 [color=#FFFF00] [bgcolor=#404080] [r=0 c=0 rs=1 cs=1]
                        RenderText {#text} at (1,1) size 38x25
                          text run at (1,1) width 38: "12."
                      RenderTableCell {TD} at (40,0) size 60x96 [color=#FFFFFF] [bgcolor=#404080] [r=0 c=1 rs=1 cs=1]
                        RenderTable {TABLE} at (1,1) size 58x94 [color=#000000]
                          RenderTableSection {TBODY} at (0,0) size 58x94 [bgcolor=#FFFF00]
                            RenderTableRow {TR} at (0,0) size 58x94
                              RenderTableCell {TD} at (0,0) size 58x94 [color=#FFFFFF] [bgcolor=#404080] [r=0 c=0 rs=1 cs=1]
                                RenderBlock {P} at (1,1) size 56x57
                                  RenderText {#text} at (0,0) size 56x57
                                    text run at (0,0) width 39: "Grab"
                                    text run at (0,19) width 44: "latest"
                                    text run at (0,38) width 56: "mozilla"
                                RenderBlock {P} at (1,74) size 56x19
                                  RenderText {#text} at (0,0) size 49x19
                                    text run at (0,0) width 49: "Test it"
              RenderTableCell {TD} at (425,755) size 104x100 [color=#FFFFFF] [bgcolor=#404080] [border: (1px inset #808080)] [r=2 c=4 rs=1 cs=1]
                RenderTable {TABLE} at (2,2) size 100x96 [color=#000000]
                  RenderTableSection {TBODY} at (0,0) size 100x96
                    RenderTableRow {TR} at (0,0) size 100x96
                      RenderTableCell {TD} at (0,0) size 40x26 [color=#FFFF00] [bgcolor=#404080] [r=0 c=0 rs=1 cs=1]
                        RenderText {#text} at (1,1) size 38x25
                          text run at (1,1) width 38: "13."
                      RenderTableCell {TD} at (40,0) size 60x96 [color=#FFFFFF] [bgcolor=#404080] [r=0 c=1 rs=1 cs=1]
                        RenderTable {TABLE} at (1,1) size 58x94 [color=#000000]
                          RenderTableSection {TBODY} at (0,0) size 58x94 [bgcolor=#FFFF00]
                            RenderTableRow {TR} at (0,0) size 58x94
                              RenderTableCell {TD} at (0,0) size 58x94 [color=#FFFFFF] [bgcolor=#404080] [r=0 c=0 rs=1 cs=1]
                                RenderBlock {P} at (1,1) size 56x57
                                  RenderText {#text} at (0,0) size 56x57
                                    text run at (0,0) width 39: "Grab"
                                    text run at (0,19) width 44: "latest"
                                    text run at (0,38) width 56: "mozilla"
                                RenderBlock {P} at (1,74) size 56x19
                                  RenderText {#text} at (0,0) size 49x19
                                    text run at (0,0) width 49: "Test it"
              RenderTableCell {TD} at (529,755) size 107x100 [color=#FFFFFF] [bgcolor=#404080] [border: (1px inset #808080)] [r=2 c=5 rs=1 cs=1]
                RenderTable {TABLE} at (2,2) size 103x96 [color=#000000]
                  RenderTableSection {TBODY} at (0,0) size 103x96
                    RenderTableRow {TR} at (0,0) size 103x96
                      RenderTableCell {TD} at (0,0) size 40x26 [color=#FFFF00] [bgcolor=#404080] [r=0 c=0 rs=1 cs=1]
                        RenderText {#text} at (1,1) size 38x25
                          text run at (1,1) width 38: "14."
                      RenderTableCell {TD} at (40,0) size 63x96 [color=#FFFFFF] [bgcolor=#404080] [r=0 c=1 rs=1 cs=1]
                        RenderTable {TABLE} at (1,1) size 61x94 [color=#000000]
                          RenderTableSection {TBODY} at (0,0) size 61x94 [bgcolor=#FFFF00]
                            RenderTableRow {TR} at (0,0) size 61x94
                              RenderTableCell {TD} at (0,0) size 61x94 [color=#FFFFFF] [bgcolor=#404080] [r=0 c=0 rs=1 cs=1]
                                RenderBlock {P} at (1,1) size 59x57
                                  RenderText {#text} at (0,0) size 56x57
                                    text run at (0,0) width 39: "Grab"
                                    text run at (0,19) width 44: "latest"
                                    text run at (0,38) width 56: "mozilla"
                                RenderBlock {P} at (1,74) size 59x19
                                  RenderText {#text} at (0,0) size 49x19
                                    text run at (0,0) width 49: "Test it"
              RenderTableCell {TD} at (636,755) size 118x284 [color=#FFFFFF] [bgcolor=#404080] [border: (1px inset #808080)] [r=2 c=6 rs=1 cs=1]
                RenderTable {TABLE} at (2,2) size 114x280 [color=#000000]
                  RenderTableSection {TBODY} at (0,0) size 114x280
                    RenderTableRow {TR} at (0,0) size 114x280
                      RenderTableCell {TD} at (0,0) size 40x26 [color=#FFFF00] [bgcolor=#404080] [r=0 c=0 rs=1 cs=1]
                        RenderText {#text} at (1,1) size 38x25
                          text run at (1,1) width 38: "15."
                      RenderTableCell {TD} at (40,0) size 74x280 [color=#FFFFFF] [bgcolor=#404080] [r=0 c=1 rs=1 cs=1]
                        RenderTable {TABLE} at (1,1) size 72x278 [color=#000000]
                          RenderTableSection {TBODY} at (0,0) size 72x278 [bgcolor=#FFFF00]
                            RenderTableRow {TR} at (0,0) size 72x278
                              RenderTableCell {TD} at (0,0) size 72x278 [color=#FFFFFF] [bgcolor=#404080] [r=0 c=0 rs=1 cs=1]
                                RenderBlock {P} at (1,1) size 70x57
                                  RenderText {#text} at (0,0) size 56x57
                                    text run at (0,0) width 39: "Grab"
                                    text run at (0,19) width 44: "latest"
                                    text run at (0,38) width 56: "mozilla"
                                RenderBlock {P} at (1,74) size 70x19
                                  RenderText {#text} at (0,0) size 49x19
                                    text run at (0,0) width 49: "Test it"
                                RenderBlock {P} at (1,109) size 70x114
                                  RenderText {#text} at (0,0) size 70x114
                                    text run at (0,0) width 54: "Mozilla"
                                    text run at (0,19) width 70: "removes"
                                    text run at (0,38) width 31: "Y2K"
                                    text run at (0,57) width 67: "Warning"
                                    text run at (0,76) width 39: "from"
                                    text run at (0,95) width 62: "FTP site"
                                RenderBlock {P} at (1,239) size 70x38
                                  RenderText {#text} at (0,0) size 67x38
                                    text run at (0,0) width 67: "This bug"
                                    text run at (0,19) width 56: "is fixed"
            RenderTableRow {TR} at (0,1134) size 754x30
              RenderTableCell {TD} at (0,1134) size 110x30 [color=#FFFFFF] [bgcolor=#404080] [border: (1px inset #808080)] [r=3 c=0 rs=1 cs=1]
                RenderTable {TABLE} at (2,2) size 106x26 [color=#000000]
                  RenderTableSection {TBODY} at (0,0) size 106x26
                    RenderTableRow {TR} at (0,0) size 106x26
                      RenderTableCell {TD} at (0,0) size 40x26 [color=#FFFF00] [bgcolor=#404080] [r=0 c=0 rs=1 cs=1]
                        RenderText {#text} at (1,1) size 38x25
                          text run at (1,1) width 38: "16."
                      RenderTableCell {TD} at (40,0) size 66x23 [color=#FFFFFF] [bgcolor=#404080] [r=0 c=1 rs=1 cs=1]
                        RenderTable {TABLE} at (1,1) size 64x21 [color=#000000]
                          RenderTableSection {TBODY} at (0,0) size 64x21 [bgcolor=#FFFF00]
                            RenderTableRow {TR} at (0,0) size 64x21
                              RenderTableCell {TD} at (0,0) size 64x21 [color=#FFFFFF] [bgcolor=#404080] [r=0 c=0 rs=1 cs=1]
                                RenderText {#text} at (1,1) size 9x19
                                  text run at (1,1) width 9: "?"
              RenderTableCell {TD} at (110,1134) size 107x23 [color=#FFFFFF] [bgcolor=#404080] [border: (1px inset #808080)] [r=3 c=1 rs=1 cs=1]
                RenderText {#text} at (2,2) size 6x19
                  text run at (2,2) width 6: "-"
              RenderTableCell {TD} at (217,1134) size 104x23 [color=#FFFFFF] [bgcolor=#404080] [border: (1px inset #808080)] [r=3 c=2 rs=1 cs=1]
                RenderText {#text} at (2,2) size 6x19
                  text run at (2,2) width 6: "-"
              RenderTableCell {TD} at (321,1134) size 104x23 [color=#FFFFFF] [bgcolor=#404080] [border: (1px inset #808080)] [r=3 c=3 rs=1 cs=1]
                RenderText {#text} at (2,2) size 6x19
                  text run at (2,2) width 6: "-"
              RenderTableCell {TD} at (425,1134) size 104x23 [color=#FFFFFF] [bgcolor=#404080] [border: (1px inset #808080)] [r=3 c=4 rs=1 cs=1]
                RenderText {#text} at (2,2) size 6x19
                  text run at (2,2) width 6: "-"
              RenderTableCell {TD} at (529,1134) size 107x23 [color=#FFFFFF] [bgcolor=#404080] [border: (1px inset #808080)] [r=3 c=5 rs=1 cs=1]
                RenderText {#text} at (2,2) size 6x19
                  text run at (2,2) width 6: "-"
              RenderTableCell {TD} at (636,1134) size 118x23 [color=#FFFFFF] [bgcolor=#404080] [border: (1px inset #808080)] [r=3 c=6 rs=1 cs=1]
                RenderText {#text} at (2,2) size 6x19
                  text run at (2,2) width 6: "-"
            RenderTableRow {TR} at (0,1164) size 754x23
              RenderTableCell {TD} at (0,1164) size 110x23 [color=#FFFFFF] [bgcolor=#404080] [border: (1px inset #808080)] [r=4 c=0 rs=1 cs=1]
                RenderText {#text} at (2,2) size 6x19
                  text run at (2,2) width 6: "-"
              RenderTableCell {TD} at (110,1164) size 107x23 [color=#FFFFFF] [bgcolor=#404080] [border: (1px inset #808080)] [r=4 c=1 rs=1 cs=1]
                RenderText {#text} at (2,2) size 6x19
                  text run at (2,2) width 6: "-"
              RenderTableCell {TD} at (217,1164) size 104x23 [color=#FFFFFF] [bgcolor=#404080] [border: (1px inset #808080)] [r=4 c=2 rs=1 cs=1]
                RenderText {#text} at (2,2) size 6x19
                  text run at (2,2) width 6: "-"
              RenderTableCell {TD} at (321,1164) size 104x23 [color=#FFFFFF] [bgcolor=#404080] [border: (1px inset #808080)] [r=4 c=3 rs=1 cs=1]
                RenderText {#text} at (2,2) size 6x19
                  text run at (2,2) width 6: "-"
              RenderTableCell {TD} at (425,1164) size 104x23 [color=#FFFFFF] [bgcolor=#404080] [border: (1px inset #808080)] [r=4 c=4 rs=1 cs=1]
                RenderText {#text} at (2,2) size 6x19
                  text run at (2,2) width 6: "-"
              RenderTableCell {TD} at (529,1164) size 107x23 [color=#FFFFFF] [bgcolor=#404080] [border: (1px inset #808080)] [r=4 c=5 rs=1 cs=1]
                RenderText {#text} at (2,2) size 6x19
                  text run at (2,2) width 6: "-"
              RenderTableCell {TD} at (636,1164) size 118x23 [color=#FFFFFF] [bgcolor=#404080] [border: (1px inset #808080)] [r=4 c=6 rs=1 cs=1]
                RenderText {#text} at (2,2) size 6x19
                  text run at (2,2) width 6: "-"
        RenderBlock (anonymous) at (0,1245) size 964x57
          RenderBR {BR} at (482,0) size 0x19
          RenderText {#text} at (16,19) size 932x38
            text run at (16,19) width 932: "Notice the scrollbars, they are rendered outside of the table columns, and the yellow day numbers are hidden under"
            text run at (458,38) width 48: "them."
        RenderBlock {P} at (0,1318) size 964x76
          RenderText {#text} at (4,0) size 956x76
            text run at (4,0) width 956: "This is probably another bug already covered, or fixed, but day 3 & 16 should have no scrollbar, but the area where the"
            text run at (6,19) width 536: "other scrollbars are drawn is drawn funny. They are not rendered. "
            text run at (541,19) width 417: "They seem to be whatever was drawn there before,"
            text run at (7,38) width 950: "or drawn somewhere else. Day 16 (contaings only the letter \"?\") has a region below the ? mark that is never rendered."
            text run at (158,57) width 648: "Resize the window so the window can scroll down and scroll the page up & down."
