layer at (0,0) size 980x735
  RenderView at (0,0) size 980x735
layer at (0,0) size 980x735
  RenderBlock {HTML} at (0,0) size 980x735
    RenderBody {BODY} at (8,8) size 964x719
      RenderTable {TABLE} at (0,0) size 964x273 [border: (1px outset #808080)]
        RenderTableSection {TBODY} at (1,1) size 962x271
          RenderTableRow {TR} at (0,2) size 962x23
            RenderTableCell {TD} at (2,2) size 827x267 [border: (1px inset #808080)] [r=0 c=0 rs=2 cs=1]
              RenderBlock {UL} at (2,2) size 823x247
                RenderListItem {LI} at (40,0) size 783x19
                  RenderListMarker at (-18,0) size 7x19: bullet
                  RenderInline {A} at (0,0) size 217x19 [color=#0000EE]
                    RenderText {#text} at (0,0) size 217x19
                      text run at (0,0) width 217: "500 list items in a single UL"
                RenderListItem {LI} at (40,19) size 783x19
                  RenderListMarker at (-18,0) size 7x19: bullet
                  RenderInline {A} at (0,0) size 258x19 [color=#0000EE]
                    RenderText {#text} at (0,0) size 258x19
                      text run at (0,0) width 258: "500 list items in 25 top-level ULs"
                RenderListItem {LI} at (40,38) size 783x19
                  RenderListMarker at (-18,0) size 7x19: bullet
                  RenderInline {A} at (0,0) size 293x19 [color=#0000EE]
                    RenderText {#text} at (0,0) size 293x19
                      text run at (0,0) width 272: "500 list items in a 25-level nested "
                      text run at (272,0) width 21: "UL"
                RenderListItem {LI} at (40,57) size 783x19
                  RenderListMarker at (-18,0) size 7x19: bullet
                  RenderInline {A} at (0,0) size 202x19 [color=#0000EE]
                    RenderText {#text} at (0,0) size 202x19
                      text run at (0,0) width 202: "300 text input form fields"
                RenderListItem {LI} at (40,76) size 783x19
                  RenderListMarker at (-18,0) size 7x19: bullet
                  RenderInline {A} at (0,0) size 188x19 [color=#0000EE]
                    RenderText {#text} at (0,0) size 188x19
                      text run at (0,0) width 188: "Massively nested tables"
                RenderListItem {LI} at (40,95) size 783x19
                  RenderListMarker at (-18,0) size 7x19: bullet
                  RenderInline {A} at (0,0) size 385x19 [color=#0000EE]
                    RenderText {#text} at (0,0) size 385x19
                      text run at (0,0) width 323: "Massively nested DIVs with padding and "
                      text run at (323,0) width 62: "borders"
                RenderListItem {LI} at (40,114) size 783x19
                  RenderListMarker at (-18,0) size 7x19: bullet
                  RenderInline {A} at (0,0) size 381x19 [color=#0000EE]
                    RenderText {#text} at (0,0) size 381x19
                      text run at (0,0) width 381: "1000 OPTIONs in a single SELECT form element"
                RenderListItem {LI} at (40,133) size 783x19
                  RenderListMarker at (-18,0) size 7x19: bullet
                  RenderInline {A} at (0,0) size 301x19 [color=#0000EE]
                    RenderText {#text} at (0,0) size 301x19
                      text run at (0,0) width 301: "10,000 cell table with text in each cell"
                RenderListItem {LI} at (40,152) size 783x19
                  RenderListMarker at (-18,0) size 7x19: bullet
                  RenderInline {A} at (0,0) size 381x19 [color=#0000EE]
                    RenderText {#text} at (0,0) size 381x19
                      text run at (0,0) width 354: "10,000 cell table with text and color in each "
                      text run at (354,0) width 27: "cell"
                RenderListItem {LI} at (40,171) size 783x19
                  RenderListMarker at (-18,0) size 7x19: bullet
                  RenderInline {A} at (0,0) size 344x19 [color=#0000EE]
                    RenderText {#text} at (0,0) size 344x19
                      text run at (0,0) width 344: "A 713k HTML document packed full of links"
                RenderListItem {LI} at (40,190) size 783x19
                  RenderListMarker at (-18,0) size 7x19: bullet
                  RenderInline {A} at (0,0) size 367x19 [color=#0000EE]
                    RenderText {#text} at (0,0) size 367x19
                      text run at (0,0) width 327: "Extraordinarily long HTML doc (approx 1 "
                      text run at (327,0) width 40: "Meg)"
                RenderListItem {LI} at (40,209) size 783x19
                  RenderListMarker at (-18,0) size 7x19: bullet
                  RenderInline {A} at (0,0) size 338x19 [color=#0000EE]
                    RenderText {#text} at (0,0) size 338x19
                      text run at (0,0) width 338: "Another large HTML doc, with colored text"
                RenderListItem {LI} at (40,228) size 783x19
                  RenderListMarker at (-18,0) size 7x19: bullet
                  RenderInline {A} at (0,0) size 582x19 [color=#0000EE]
                    RenderText {#text} at (0,0) size 582x19
                      text run at (0,0) width 416: "A relatively large (150k) document with an average "
                      text run at (416,0) width 166: "mix of HTML content"
            RenderTableCell {TD} at (831,2) size 63x23 [border: (1px inset #808080)] [r=0 c=1 rs=1 cs=1]
              RenderText {#text} at (2,2) size 41x19
                text run at (2,2) width 41: "foo 1"
            RenderTableCell {TD} at (896,2) size 64x23 [border: (1px inset #808080)] [r=0 c=2 rs=1 cs=1]
              RenderText {#text} at (2,2) size 41x19
                text run at (2,2) width 41: "foo 2"
          RenderTableRow {TR} at (0,27) size 962x242
            RenderTableCell {TD} at (831,136) size 63x23 [border: (1px inset #808080)] [r=1 c=1 rs=1 cs=1]
              RenderText {#text} at (2,2) size 44x19
                text run at (2,2) width 44: "Foo 3"
            RenderTableCell {TD} at (896,136) size 64x23 [border: (1px inset #808080)] [r=1 c=2 rs=1 cs=1]
              RenderText {#text} at (2,2) size 44x19
                text run at (2,2) width 44: "Foo 4"
