layer at (0,0) size 980x1427
  RenderView at (0,0) size 980x735
layer at (0,0) size 980x1427
  RenderBlock {HTML} at (0,0) size 980x1427
    RenderBody {BODY} at (8,8) size 964x1411
      RenderTable {TABLE} at (0,0) size 200x120 [bgcolor=#FFA500] [border: (10px solid #0000FF)]
        RenderBlock {CAPTION} at (0,0) size 200x19
          RenderText {#text} at (29,0) size 142x19
            text run at (29,0) width 142: "clip at table-outer"
        RenderTableSection {TBODY} at (25,44) size 150x51
          RenderTableRow {TR} at (0,15) size 150x21
            RenderTableCell {TD} at (15,15) size 52x21 [bgcolor=#FFFF00] [r=0 c=0 rs=1 cs=1]
              RenderText {#text} at (1,1) size 37x19
                text run at (1,1) width 37: "cell1"
            RenderTableCell {TD} at (82,15) size 53x21 [bgcolor=#FFFF00] [r=0 c=1 rs=1 cs=1]
              RenderText {#text} at (1,1) size 167x19
                text run at (1,1) width 167: "contentwithoutspace"
      RenderBlock (anonymous) at (0,120) size 964x19
        RenderBR {BR} at (0,0) size 0x19
      RenderTable {TABLE} at (0,259) size 200x156 [bgcolor=#FFA500] [border: (10px solid #0000FF)]
        RenderBlock {CAPTION} at (0,0) size 200x19
          RenderText {#text} at (67,0) size 66x19
            text run at (67,0) width 66: "clip at tr"
        RenderTableSection {TBODY} at (25,44) size 150x87
          RenderTableRow {TR} at (0,51) size 150x21
            RenderTableCell {TD} at (15,51) size 52x21 [bgcolor=#FFFF00] [r=1 c=0 rs=1 cs=1]
              RenderText {#text} at (1,1) size 37x19
                text run at (1,1) width 37: "cell1"
            RenderTableCell {TD} at (82,51) size 53x21 [bgcolor=#FFFF00] [r=1 c=1 rs=1 cs=1]
              RenderText {#text} at (1,1) size 167x19
                text run at (1,1) width 167: "contentwithoutspace"
      RenderTable {TABLE} at (0,415) size 200x156 [bgcolor=#FFA500] [border: (10px solid #0000FF)]
        RenderTableCol {COLGROUP} at (0,0) size 0x0
          RenderTableCol {COL} at (0,0) size 0x0
          RenderTableCol {COL} at (0,0) size 0x0
        RenderBlock {CAPTION} at (0,0) size 200x19
          RenderText {#text} at (54,0) size 92x19
            text run at (54,0) width 92: "clip column"
        RenderTableSection {TBODY} at (25,44) size 150x87
          RenderTableRow {TR} at (0,15) size 150x21
            RenderTableCell {TD} at (15,15) size 52x21 [bgcolor=#FFFF00] [r=0 c=0 rs=1 cs=1]
              RenderText {#text} at (1,1) size 37x19
                text run at (1,1) width 37: "cell1"
            RenderTableCell {TD} at (82,15) size 53x21 [bgcolor=#FFFF00] [r=0 c=1 rs=1 cs=1]
              RenderText {#text} at (1,1) size 167x19
                text run at (1,1) width 167: "contentwithoutspace"
          RenderTableRow {TR} at (0,51) size 150x21
            RenderTableCell {TD} at (15,51) size 52x21 [bgcolor=#FFFF00] [r=1 c=0 rs=1 cs=1]
              RenderText {#text} at (1,1) size 37x19
                text run at (1,1) width 37: "cell1"
            RenderTableCell {TD} at (82,51) size 53x21 [bgcolor=#FFFF00] [r=1 c=1 rs=1 cs=1]
              RenderText {#text} at (1,1) size 167x19
                text run at (1,1) width 167: "contentwithoutspace"
      RenderTable {TABLE} at (0,571) size 200x156 [bgcolor=#FFA500] [border: (10px solid #0000FF)]
        RenderTableCol {COLGROUP} at (0,0) size 0x0
          RenderTableCol {COL} at (0,0) size 0x0
        RenderTableCol {COLGROUP} at (0,0) size 0x0
          RenderTableCol {COL} at (0,0) size 0x0
        RenderBlock {CAPTION} at (0,0) size 200x19
          RenderText {#text} at (31,0) size 138x19
            text run at (31,0) width 138: "clip columngroup"
        RenderTableSection {TBODY} at (25,44) size 150x87
          RenderTableRow {TR} at (0,15) size 150x21
            RenderTableCell {TD} at (15,15) size 52x21 [bgcolor=#FFFF00] [r=0 c=0 rs=1 cs=1]
              RenderText {#text} at (1,1) size 37x19
                text run at (1,1) width 37: "cell1"
            RenderTableCell {TD} at (82,15) size 53x21 [bgcolor=#FFFF00] [r=0 c=1 rs=1 cs=1]
              RenderText {#text} at (1,1) size 167x19
                text run at (1,1) width 167: "contentwithoutspace"
          RenderTableRow {TR} at (0,51) size 150x21
            RenderTableCell {TD} at (15,51) size 52x21 [bgcolor=#FFFF00] [r=1 c=0 rs=1 cs=1]
              RenderText {#text} at (1,1) size 37x19
                text run at (1,1) width 37: "cell1"
            RenderTableCell {TD} at (82,51) size 53x21 [bgcolor=#FFFF00] [r=1 c=1 rs=1 cs=1]
              RenderText {#text} at (1,1) size 167x19
                text run at (1,1) width 167: "contentwithoutspace"
      RenderTable {TABLE} at (0,727) size 200x171 [bgcolor=#FFA500] [border: (10px solid #0000FF)]
        RenderBlock {CAPTION} at (0,0) size 200x19
          RenderText {#text} at (61,0) size 78x19
            text run at (61,0) width 78: "clip thead"
        RenderTableSection {TBODY} at (25,95) size 150x51
          RenderTableRow {TR} at (0,15) size 150x21
            RenderTableCell {TD} at (15,15) size 52x21 [bgcolor=#FFFF00] [r=0 c=0 rs=1 cs=1]
              RenderText {#text} at (1,1) size 37x19
                text run at (1,1) width 37: "cell1"
            RenderTableCell {TD} at (82,15) size 53x21 [bgcolor=#FFFF00] [r=0 c=1 rs=1 cs=1]
              RenderText {#text} at (1,1) size 167x19
                text run at (1,1) width 167: "contentwithoutspace"
      RenderTable {TABLE} at (0,898) size 200x171 [bgcolor=#FFA500] [border: (10px solid #0000FF)]
        RenderBlock {CAPTION} at (0,0) size 200x19
          RenderText {#text} at (61,0) size 78x19
            text run at (61,0) width 78: "clip tbody"
        RenderTableSection {THEAD} at (25,44) size 150x51
          RenderTableRow {TR} at (0,15) size 150x21
            RenderTableCell {TD} at (15,15) size 52x21 [bgcolor=#FFFF00] [r=0 c=0 rs=1 cs=1]
              RenderText {#text} at (1,1) size 37x19
                text run at (1,1) width 37: "cell1"
            RenderTableCell {TD} at (82,15) size 53x21 [bgcolor=#FFFF00] [r=0 c=1 rs=1 cs=1]
              RenderText {#text} at (1,1) size 167x19
                text run at (1,1) width 167: "contentwithoutspace"
      RenderTable {TABLE} at (0,1069) size 200x171 [bgcolor=#FFA500] [border: (10px solid #0000FF)]
        RenderBlock {CAPTION} at (0,0) size 200x19
          RenderText {#text} at (65,0) size 70x19
            text run at (65,0) width 70: "clip tfoot"
        RenderTableSection {TBODY} at (25,44) size 150x51
          RenderTableRow {TR} at (0,15) size 150x21
            RenderTableCell {TD} at (15,15) size 52x21 [bgcolor=#FFFF00] [r=0 c=0 rs=1 cs=1]
              RenderText {#text} at (1,1) size 37x19
                text run at (1,1) width 37: "cell1"
            RenderTableCell {TD} at (82,15) size 53x21 [bgcolor=#FFFF00] [r=0 c=1 rs=1 cs=1]
              RenderText {#text} at (1,1) size 167x19
                text run at (1,1) width 167: "contentwithoutspace"
      RenderTable {TABLE} at (0,1240) size 200x171 [bgcolor=#FFA500] [border: (10px solid #0000FF)]
        RenderBlock {CAPTION} at (0,0) size 200x19
          RenderText {#text} at (76,0) size 48x19
            text run at (76,0) width 48: "clip td"
        RenderTableSection {TBODY} at (25,44) size 150x51
          RenderTableRow {TR} at (0,15) size 150x21
            RenderTableCell {TD} at (15,15) size 52x21 [bgcolor=#FFFF00] [r=0 c=0 rs=1 cs=1]
              RenderText {#text} at (1,1) size 37x19
                text run at (1,1) width 37: "cell1"
            RenderTableCell {TD} at (82,15) size 53x21 [bgcolor=#FFFF00] [r=0 c=1 rs=1 cs=1]
              RenderText {#text} at (1,1) size 167x19
                text run at (1,1) width 167: "contentwithoutspace"
layer at (8,147) size 200x120 clip at (18,147) size 180x120 scrollWidth 265
  RenderTable {TABLE} at (0,139) size 200x120 [bgcolor=#FFA500] [border: (10px solid #0000FF)]
    RenderBlock {CAPTION} at (0,0) size 200x19
      RenderText {#text} at (53,0) size 94x19
        text run at (53,0) width 94: "clip at table"
    RenderTableSection {TBODY} at (25,44) size 150x51
      RenderTableRow {TR} at (0,15) size 150x21
        RenderTableCell {TD} at (15,15) size 52x21 [bgcolor=#FFFF00] [r=0 c=0 rs=1 cs=1]
          RenderText {#text} at (1,1) size 37x19
            text run at (1,1) width 37: "cell1"
        RenderTableCell {TD} at (82,15) size 53x21 [bgcolor=#FFFF00] [r=0 c=1 rs=1 cs=1]
          RenderText {#text} at (1,1) size 167x19
            text run at (1,1) width 167: "contentwithoutspace"
layer at (33,326) size 150x21
  RenderTableRow {TR} at (0,15) size 150x21
    RenderTableCell {TD} at (15,15) size 52x21 [bgcolor=#FFFF00] [r=0 c=0 rs=1 cs=1]
      RenderText {#text} at (1,1) size 37x19
        text run at (1,1) width 37: "cell1"
    RenderTableCell {TD} at (82,15) size 53x21 [bgcolor=#FFFF00] [r=0 c=1 rs=1 cs=1]
      RenderText {#text} at (1,1) size 167x19
        text run at (1,1) width 167: "contentwithoutspace"
layer at (33,779) size 150x51 scrollWidth 250
  RenderTableSection {THEAD} at (25,44) size 150x51
    RenderTableRow {TR} at (0,15) size 150x21
      RenderTableCell {TD} at (15,15) size 52x21 [bgcolor=#FFFF00] [r=0 c=0 rs=1 cs=1]
        RenderText {#text} at (1,1) size 37x19
          text run at (1,1) width 37: "cell1"
      RenderTableCell {TD} at (82,15) size 53x21 [bgcolor=#FFFF00] [r=0 c=1 rs=1 cs=1]
        RenderText {#text} at (1,1) size 167x19
          text run at (1,1) width 167: "contentwithoutspace"
layer at (33,1001) size 150x51 scrollWidth 250
  RenderTableSection {TBODY} at (25,95) size 150x51
    RenderTableRow {TR} at (0,15) size 150x21
      RenderTableCell {TD} at (15,15) size 52x21 [bgcolor=#FFFF00] [r=0 c=0 rs=1 cs=1]
        RenderText {#text} at (1,1) size 37x19
          text run at (1,1) width 37: "cell1"
      RenderTableCell {TD} at (82,15) size 53x21 [bgcolor=#FFFF00] [r=0 c=1 rs=1 cs=1]
        RenderText {#text} at (1,1) size 167x19
          text run at (1,1) width 167: "contentwithoutspace"
layer at (33,1172) size 150x51 scrollWidth 250
  RenderTableSection {TFOOT} at (25,95) size 150x51
    RenderTableRow {TR} at (0,15) size 150x21
      RenderTableCell {TD} at (15,15) size 52x21 [bgcolor=#FFFF00] [r=0 c=0 rs=1 cs=1]
        RenderText {#text} at (1,1) size 37x19
          text run at (1,1) width 37: "cell1"
      RenderTableCell {TD} at (82,15) size 53x21 [bgcolor=#FFFF00] [r=0 c=1 rs=1 cs=1]
        RenderText {#text} at (1,1) size 167x19
          text run at (1,1) width 167: "contentwithoutspace"
layer at (33,1343) size 150x51
  RenderTableSection {TFOOT} at (25,95) size 150x51
    RenderTableRow {TR} at (0,15) size 150x21
      RenderTableCell {TD} at (15,15) size 52x21 [bgcolor=#FFFF00] [r=0 c=0 rs=1 cs=1]
        RenderText {#text} at (1,1) size 37x19
          text run at (1,1) width 37: "cell1"
layer at (115,1358) size 53x21 scrollWidth 169
  RenderTableCell {TD} at (82,15) size 53x21 [bgcolor=#FFFF00] [r=0 c=1 rs=1 cs=1]
    RenderText {#text} at (1,1) size 167x19
      text run at (1,1) width 167: "contentwithoutspace"
