layer at (0,0) size 980x735
  RenderView at (0,0) size 980x735
layer at (0,0) size 980x735
  RenderBlock {HTML} at (0,0) size 980x735
    RenderBody {BODY} at (8,8) size 964x719
      RenderTable {TABLE} at (0,0) size 145x67 [border: (1px outset #808080)]
        RenderTableSection {TBODY} at (1,1) size 143x65
          RenderTableRow {TR} at (0,2) size 143x61
            RenderTableCell {TD} at (2,2) size 68x61 [border: (1px inset #808080)] [r=0 c=0 rs=1 cs=1]
              RenderText {#text} at (21,21) size 26x19
                text run at (21,21) width 26: "foo"
            RenderTableCell {TD} at (72,2) size 69x61 [border: (1px inset #808080)] [r=0 c=1 rs=1 cs=1]
              RenderText {#text} at (21,21) size 27x19
                text run at (21,21) width 27: "bar"
