layer at (0,0) size 980x2315
  RenderView at (0,0) size 980x735
layer at (0,0) size 980x2315
  RenderBlock {HTML} at (0,0) size 980x2315
    RenderBody {BODY} at (8,8) size 964x2299 [bgcolor=#19BCD2]
      RenderTable {TABLE} at (0,0) size 964x199 [bgcolor=#FFA500] [border: (1px outset #808080)]
        RenderTableSection {TBODY} at (1,1) size 962x197
          RenderTableRow {TR} at (0,0) size 962x158
            RenderTableCell {TD} at (0,0) size 962x21 [border: (1px inset #808080)] [r=0 c=0 rs=1 cs=1]
              RenderText {#text} at (1,1) size 200x19
                text run at (1,1) width 200: "80% of table 200px table"
          RenderTableRow {TR} at (0,158) size 962x39
            RenderTableCell {TD} at (0,158) size 962x21 [border: (1px inset #808080)] [r=1 c=0 rs=1 cs=1]
              RenderText {#text} at (1,1) size 200x19
                text run at (1,1) width 200: "20% of table 200px table"
      RenderBlock (anonymous) at (0,199) size 964x19
        RenderBR {BR} at (0,0) size 0x19
      RenderTable {TABLE} at (0,218) size 964x44 [bgcolor=#FFA500] [border: (1px outset #808080)]
        RenderTableSection {TBODY} at (1,1) size 962x42
          RenderTableRow {TR} at (0,0) size 962x21
            RenderTableCell {TD} at (0,0) size 962x21 [border: (1px inset #808080)] [r=0 c=0 rs=1 cs=1]
              RenderText {#text} at (1,1) size 160x19
                text run at (1,1) width 160: "80% of 200px tbody"
          RenderTableRow {TR} at (0,21) size 962x21
            RenderTableCell {TD} at (0,21) size 962x21 [border: (1px inset #808080)] [r=1 c=0 rs=1 cs=1]
              RenderText {#text} at (1,1) size 160x19
                text run at (1,1) width 160: "20% of 200px tbody"
      RenderBlock (anonymous) at (0,262) size 964x19
        RenderBR {BR} at (0,0) size 0x19
      RenderTable {TABLE} at (0,281) size 964x44 [bgcolor=#FFA500] [border: (1px outset #808080)]
        RenderTableSection {TBODY} at (1,1) size 962x42
          RenderTableRow {TR} at (0,0) size 962x21
            RenderTableCell {TD} at (0,0) size 962x21 [border: (1px inset #808080)] [r=0 c=0 rs=1 cs=1]
              RenderText {#text} at (1,1) size 160x19
                text run at (1,1) width 160: "80% of 200px tbody"
          RenderTableRow {TR} at (0,21) size 962x21
            RenderTableCell {TD} at (0,21) size 962x21 [border: (1px inset #808080)] [r=1 c=0 rs=1 cs=1]
              RenderText {#text} at (1,1) size 160x19
                text run at (1,1) width 160: "20% of 200px tbody"
      RenderBlock (anonymous) at (0,325) size 964x19
        RenderBR {BR} at (0,0) size 0x19
      RenderTable {TABLE} at (0,344) size 964x199 [bgcolor=#FFA500] [border: (1px outset #808080)]
        RenderTableSection {TBODY} at (1,1) size 962x197
          RenderTableRow {TR} at (0,0) size 962x158
            RenderTableCell {TD} at (0,0) size 962x21 [border: (1px inset #808080)] [r=0 c=0 rs=1 cs=1]
              RenderText {#text} at (1,1) size 190x19
                text run at (1,1) width 190: "row 80% of 200px table"
          RenderTableRow {TR} at (0,158) size 962x39
            RenderTableCell {TD} at (0,158) size 962x21 [border: (1px inset #808080)] [r=1 c=0 rs=1 cs=1]
              RenderText {#text} at (1,1) size 190x19
                text run at (1,1) width 190: "row 20% of 200px table"
      RenderBlock (anonymous) at (0,543) size 964x19
        RenderBR {BR} at (0,0) size 0x19
      RenderTable {TABLE} at (0,562) size 964x44 [bgcolor=#FFA500] [border: (1px outset #808080)]
        RenderTableSection {TBODY} at (1,1) size 962x42
          RenderTableRow {TR} at (0,0) size 962x21
            RenderTableCell {TD} at (0,0) size 962x21 [border: (1px inset #808080)] [r=0 c=0 rs=1 cs=1]
              RenderText {#text} at (1,1) size 195x19
                text run at (1,1) width 195: "row 80% of 200px tbody"
          RenderTableRow {TR} at (0,21) size 962x21
            RenderTableCell {TD} at (0,21) size 962x21 [border: (1px inset #808080)] [r=1 c=0 rs=1 cs=1]
              RenderText {#text} at (1,1) size 195x19
                text run at (1,1) width 195: "row 20% of 200px tbody"
      RenderBlock (anonymous) at (0,606) size 964x19
        RenderBR {BR} at (0,0) size 0x19
      RenderTable {TABLE} at (0,625) size 964x389 [bgcolor=#FFA500] [border: (1px outset #808080)]
        RenderTableSection {TBODY} at (1,1) size 962x387
          RenderTableRow {TR} at (0,0) size 962x387
            RenderTableCell {TD} at (0,0) size 962x387 [border: (1px inset #808080)] [r=0 c=0 rs=1 cs=1]
              RenderTable {TABLE} at (1,1) size 960x100 [bgcolor=#FFFF00]
                RenderTableSection {TBODY} at (0,0) size 960x100
                  RenderTableRow {TR} at (0,0) size 960x100
                    RenderTableCell {TD} at (0,40) size 960x19 [r=0 c=0 rs=1 cs=1]
                      RenderText {#text} at (0,0) size 14x19
                        text run at (0,0) width 14: " x"
              RenderTable {TABLE} at (1,101) size 960x285
                RenderTableSection {TBODY} at (0,0) size 960x285
                  RenderTableRow {TR} at (0,0) size 960x285
                    RenderTableCell {TD} at (0,0) size 960x285 [bgcolor=#E0FFFF] [r=0 c=0 rs=1 cs=1]
                      RenderText {#text} at (0,0) size 138x19
                        text run at (0,0) width 98: "yuiyututuyu "
                        text run at (98,0) width 40: "fesfe"
                      RenderBR {BR} at (138,15) size 0x0
                      RenderText {#text} at (0,19) size 5x19
                        text run at (0,19) width 5: " "
                      RenderBR {BR} at (5,34) size 0x0
                      RenderText {#text} at (0,38) size 5x19
                        text run at (0,38) width 5: " "
                      RenderBR {BR} at (5,53) size 0x0
                      RenderText {#text} at (0,57) size 5x19
                        text run at (0,57) width 5: " "
                      RenderBR {BR} at (5,72) size 0x0
                      RenderText {#text} at (0,76) size 5x19
                        text run at (0,76) width 5: " "
                      RenderBR {BR} at (5,91) size 0x0
                      RenderText {#text} at (0,95) size 5x19
                        text run at (0,95) width 5: " "
                      RenderBR {BR} at (5,110) size 0x0
                      RenderText {#text} at (0,114) size 5x19
                        text run at (0,114) width 5: " "
                      RenderBR {BR} at (5,129) size 0x0
                      RenderText {#text} at (0,133) size 5x19
                        text run at (0,133) width 5: " "
                      RenderBR {BR} at (5,148) size 0x0
                      RenderText {#text} at (0,152) size 5x19
                        text run at (0,152) width 5: " "
                      RenderBR {BR} at (5,167) size 0x0
                      RenderText {#text} at (0,171) size 5x19
                        text run at (0,171) width 5: " "
                      RenderBR {BR} at (5,186) size 0x0
                      RenderText {#text} at (0,190) size 5x19
                        text run at (0,190) width 5: " "
                      RenderBR {BR} at (5,205) size 0x0
                      RenderText {#text} at (0,209) size 5x19
                        text run at (0,209) width 5: " "
                      RenderBR {BR} at (5,224) size 0x0
                      RenderText {#text} at (0,228) size 5x19
                        text run at (0,228) width 5: " "
                      RenderBR {BR} at (5,243) size 0x0
                      RenderText {#text} at (0,247) size 5x19
                        text run at (0,247) width 5: " "
                      RenderBR {BR} at (5,262) size 0x0
                      RenderText {#text} at (0,266) size 5x19
                        text run at (0,266) width 5: " "
      RenderBlock (anonymous) at (0,1014) size 964x19
        RenderBR {BR} at (0,0) size 0x19
      RenderTable {TABLE} at (0,1033) size 600x400 [border: (1px outset #808080)]
        RenderTableSection {TBODY} at (1,1) size 598x398
          RenderTableRow {TR} at (0,2) size 598x394
            RenderTableCell {TD} at (2,2) size 594x394 [border: (1px inset #808080)] [r=0 c=0 rs=1 cs=1]
              RenderTable {TABLE} at (2,2) size 590x390 [border: (1px outset #808080)]
                RenderTableSection {TBODY} at (1,1) size 588x388
                  RenderTableRow {TR} at (0,2) size 588x384
                    RenderTableCell {TD} at (2,2) size 584x384 [border: (1px inset #808080)] [r=0 c=0 rs=1 cs=1]
                      RenderTable {TABLE} at (2,2) size 580x380 [border: (1px outset #808080)]
                        RenderTableSection {TBODY} at (1,1) size 578x378
                          RenderTableRow {TR} at (0,2) size 578x374
                            RenderTableCell {TD} at (2,177) size 574x23 [border: (1px inset #808080)] [r=0 c=0 rs=1 cs=1]
                              RenderText {#text} at (2,2) size 26x19
                                text run at (2,2) width 26: "foo"
      RenderBlock (anonymous) at (0,1433) size 964x19
        RenderBR {BR} at (0,0) size 0x19
      RenderTable {TABLE} at (0,1452) size 77x23 [border: (1px outset #808080)]
        RenderTableSection {TBODY} at (1,1) size 75x21
          RenderTableRow {TR} at (0,0) size 75x0
            RenderTableCell {TD} at (0,0) size 75x21 [border: (1px inset #808080)] [r=0 c=0 rs=2 cs=1]
              RenderText {#text} at (1,1) size 73x19
                text run at (1,1) width 73: "blah blah"
          RenderTableRow {TR} at (0,0) size 75x21
      RenderBlock (anonymous) at (0,1475) size 964x19
        RenderBR {BR} at (0,0) size 0x19
      RenderTable {TABLE} at (0,1494) size 602x364 [border: (1px outset #808080)]
        RenderTableSection {TBODY} at (1,1) size 600x362
          RenderTableRow {TR} at (0,0) size 600x0
            RenderTableCell {TD} at (0,0) size 493x362 [bgcolor=#FFFFFF] [border: (1px inset #808080)] [r=0 c=0 rs=2 cs=2]
              RenderImage {IMG} at (1,1) size 132x360
          RenderTableRow {TR} at (0,0) size 600x362
            RenderTableCell {TD} at (493,170) size 107x21 [border: (1px inset #808080)] [r=1 c=2 rs=1 cs=6]
              RenderText {#text} at (79,1) size 27x19
                text run at (79,1) width 27: "xxx"
      RenderBlock (anonymous) at (0,1858) size 964x19
        RenderBR {BR} at (0,0) size 0x19
      RenderTable {TABLE} at (108,1877) size 748x422 [bgcolor=#808080]
        RenderTableSection {TBODY} at (0,0) size 748x422
          RenderTableRow {TR} at (0,4) size 748x414
            RenderTableCell {TD} at (4,4) size 740x414 [r=0 c=0 rs=1 cs=1]
              RenderTable {TABLE} at (3,3) size 734x408 [bgcolor=#FFA500] [border: (1px outset #808080)]
                RenderTableSection {TBODY} at (1,1) size 732x406
                  RenderTableRow {TR} at (0,0) size 732x406
                    RenderTableCell {TD} at (0,0) size 732x406 [border: (1px inset #808080)] [r=0 c=0 rs=1 cs=1]
                      RenderBlock (anonymous) at (1,1) size 730x19
                        RenderText {#text} at (0,0) size 9x19
                          text run at (0,0) width 9: "x"
                      RenderTable {TABLE} at (1,20) size 730x100 [bgcolor=#FFFF00]
                        RenderTableSection {TBODY} at (0,0) size 730x100
                          RenderTableRow {TR} at (0,0) size 730x100
                            RenderTableCell {TD} at (0,40) size 730x19 [r=0 c=0 rs=1 cs=1]
                              RenderText {#text} at (0,0) size 5x19
                                text run at (0,0) width 5: " "
                      RenderTable {TABLE} at (1,120) size 730x285
                        RenderTableSection {TBODY} at (0,0) size 730x285
                          RenderTableRow {TR} at (0,0) size 730x285
                            RenderTableCell {TD} at (0,0) size 730x285 [bgcolor=#E0FFFF] [r=0 c=0 rs=1 cs=1]
                              RenderText {#text} at (0,0) size 143x19
                                text run at (0,0) width 98: "yuiyututuyu "
                                text run at (98,0) width 45: "fesf e"
                              RenderBR {BR} at (143,15) size 0x0
                              RenderText {#text} at (0,19) size 5x19
                                text run at (0,19) width 5: " "
                              RenderBR {BR} at (5,34) size 0x0
                              RenderText {#text} at (0,38) size 5x19
                                text run at (0,38) width 5: " "
                              RenderBR {BR} at (5,53) size 0x0
                              RenderText {#text} at (0,57) size 5x19
                                text run at (0,57) width 5: " "
                              RenderBR {BR} at (5,72) size 0x0
                              RenderText {#text} at (0,76) size 5x19
                                text run at (0,76) width 5: " "
                              RenderBR {BR} at (5,91) size 0x0
                              RenderText {#text} at (0,95) size 5x19
                                text run at (0,95) width 5: " "
                              RenderBR {BR} at (5,110) size 0x0
                              RenderText {#text} at (0,114) size 5x19
                                text run at (0,114) width 5: " "
                              RenderBR {BR} at (5,129) size 0x0
                              RenderText {#text} at (0,133) size 5x19
                                text run at (0,133) width 5: " "
                              RenderBR {BR} at (5,148) size 0x0
                              RenderText {#text} at (0,152) size 5x19
                                text run at (0,152) width 5: " "
                              RenderBR {BR} at (5,167) size 0x0
                              RenderText {#text} at (0,171) size 5x19
                                text run at (0,171) width 5: " "
                              RenderBR {BR} at (5,186) size 0x0
                              RenderText {#text} at (0,190) size 5x19
                                text run at (0,190) width 5: " "
                              RenderBR {BR} at (5,205) size 0x0
                              RenderText {#text} at (0,209) size 5x19
                                text run at (0,209) width 5: " "
                              RenderBR {BR} at (5,224) size 0x0
                              RenderText {#text} at (0,228) size 5x19
                                text run at (0,228) width 5: " "
                              RenderBR {BR} at (5,243) size 0x0
                              RenderText {#text} at (0,247) size 5x19
                                text run at (0,247) width 5: " "
                              RenderBR {BR} at (5,262) size 0x0
                              RenderText {#text} at (0,266) size 5x19
                                text run at (0,266) width 5: " "
