layer at (0,0) size 980x735
  RenderView at (0,0) size 980x735
layer at (0,0) size 980x735
  RenderBlock {HTML} at (0,0) size 980x735
    RenderBody {BODY} at (8,8) size 964x719 [bgcolor=#C0C0C0]
      RenderTable {TABLE} at (0,0) size 132x73 [border: (10px outset #808080)]
        RenderTableSection {TBODY} at (10,10) size 112x53
          RenderTableRow {TR} at (0,10) size 112x23
            RenderTableCell {TD} at (10,15) size 41x23 [border: (1px inset #808080)] [r=0 c=0 rs=2 cs=1]
              RenderText {#text} at (2,2) size 37x19
                text run at (2,2) width 37: "cell1"
            RenderTableCell {TD} at (61,10) size 41x23 [border: (1px inset #808080)] [r=0 c=1 rs=1 cs=1]
              RenderText {#text} at (2,2) size 37x19
                text run at (2,2) width 37: "cell2"
          RenderTableRow {TR} at (0,43) size 112x0
      RenderBlock {P} at (0,89) size 964x19
        RenderText {#text} at (0,0) size 382x19
          text run at (0,0) width 382: "See the behaviour when there is one more row:"
      RenderTable {TABLE} at (0,124) size 132x106 [border: (10px outset #808080)]
        RenderTableSection {TBODY} at (10,10) size 112x86
          RenderTableRow {TR} at (0,10) size 112x23
            RenderTableCell {TD} at (10,15) size 41x23 [border: (1px inset #808080)] [r=0 c=0 rs=2 cs=1]
              RenderText {#text} at (2,2) size 37x19
                text run at (2,2) width 37: "cell1"
            RenderTableCell {TD} at (61,10) size 41x23 [border: (1px inset #808080)] [r=0 c=1 rs=1 cs=1]
              RenderText {#text} at (2,2) size 37x19
                text run at (2,2) width 37: "cell2"
          RenderTableRow {TR} at (0,43) size 112x0
          RenderTableRow {TR} at (0,53) size 112x23
            RenderTableCell {TD} at (10,53) size 41x23 [border: (1px inset #808080)] [r=2 c=0 rs=1 cs=1]
              RenderText {#text} at (2,2) size 37x19
                text run at (2,2) width 37: "cell3"
            RenderTableCell {TD} at (61,53) size 41x23 [border: (1px inset #808080)] [r=2 c=1 rs=1 cs=1]
              RenderText {#text} at (2,2) size 37x19
                text run at (2,2) width 37: "cell4"
      RenderBlock {P} at (0,246) size 964x19
        RenderText {#text} at (0,0) size 445x19
          text run at (0,0) width 445: "Now move the rowspan to cell2 to have even more fun:"
      RenderTable {TABLE} at (0,281) size 132x106 [border: (10px outset #808080)]
        RenderTableSection {TBODY} at (10,10) size 112x86
          RenderTableRow {TR} at (0,10) size 112x23
            RenderTableCell {TD} at (10,10) size 41x23 [border: (1px inset #808080)] [r=0 c=0 rs=1 cs=1]
              RenderText {#text} at (2,2) size 37x19
                text run at (2,2) width 37: "cell1"
            RenderTableCell {TD} at (61,15) size 41x23 [border: (1px inset #808080)] [r=0 c=1 rs=2 cs=1]
              RenderText {#text} at (2,2) size 37x19
                text run at (2,2) width 37: "cell2"
          RenderTableRow {TR} at (0,43) size 112x0
          RenderTableRow {TR} at (0,53) size 112x23
            RenderTableCell {TD} at (10,53) size 41x23 [border: (1px inset #808080)] [r=2 c=0 rs=1 cs=1]
              RenderText {#text} at (2,2) size 37x19
                text run at (2,2) width 37: "cell3"
            RenderTableCell {TD} at (61,53) size 41x23 [border: (1px inset #808080)] [r=2 c=1 rs=1 cs=1]
              RenderText {#text} at (2,2) size 37x19
                text run at (2,2) width 37: "cell4"
