layer at (0,0) size 980x738
  RenderView at (0,0) size 980x735
layer at (0,0) size 980x738
  RenderBlock {HTML} at (0,0) size 980x738
    RenderBody {BODY} at (8,8) size 964x722
      RenderTable {TABLE} at (0,0) size 964x722
        RenderTableSection {TBODY} at (0,0) size 964x722
          RenderTableRow {TR} at (0,0) size 964x361
            RenderTableCell {TD} at (0,0) size 265x361 [r=0 c=0 rs=1 cs=1]
              RenderTable {TABLE} at (0,0) size 265x361
                RenderTableSection {THEAD} at (0,0) size 265x19
                  RenderTableRow {TR} at (0,0) size 265x19
                    RenderTableCell {TH} at (0,0) size 265x19 [r=0 c=0 rs=1 cs=1]
                      RenderText {#text} at (83,0) size 99x19
                        text run at (83,0) width 99: "Header 1/1"
                RenderTableSection {TBODY} at (0,19) size 265x342
                  RenderTableRow {TR} at (0,0) size 265x342
                    RenderTableCell {TD} at (0,0) size 265x342 [r=0 c=0 rs=1 cs=1]
                      RenderText {#text} at (0,0) size 260x342
                        text run at (0,0) width 260: "1 2 3 - - - - - - - - - - - - - - - - - - - -"
                        text run at (0,19) width 259: "- - - - - - - - - - - - - - - - - - - - - - - -"
                        text run at (0,38) width 259: "- - - - - - - - - - - - - - - - - - - - - - - -"
                        text run at (0,57) width 259: "- - - - - - - - - - - - - - - - - - - - - - - -"
                        text run at (0,76) width 259: "- - - - - - - - - - - - - - - - - - - - - - - -"
                        text run at (0,95) width 259: "- - - - - - - - - - - - - - - - - - - - - - - -"
                        text run at (0,114) width 259: "- - - - - - - - - - - - - - - - - - - - - - - -"
                        text run at (0,133) width 259: "- - - - - - - - - - - - - - - - - - - - - - - -"
                        text run at (0,152) width 209: "- - - - - - - - - - - - - - - - - - - "
                        text run at (209,152) width 50: "- - - - -"
                        text run at (0,171) width 259: "- - - - - - - - - - - - - - - - - - - - - - - -"
                        text run at (0,190) width 259: "- - - - - - - - - - - - - - - - - - - - - - - -"
                        text run at (0,209) width 259: "- - - - - - - - - - - - - - - - - - - - - - - -"
                        text run at (0,228) width 259: "- - - - - - - - - - - - - - - - - - - - - - - -"
                        text run at (0,247) width 259: "- - - - - - - - - - - - - - - - - - - - - - - -"
                        text run at (0,266) width 259: "- - - - - - - - - - - - - - - - - - - - - - - -"
                        text run at (0,285) width 259: "- - - - - - - - - - - - - - - - - - - - - - - -"
                        text run at (0,304) width 259: "- - - - - - - - - - - - - - - - - - - - - - - -"
                        text run at (0,323) width 138: "- - - - - - - - - - - - -"
            RenderTableCell {TD} at (265,0) size 433x361 [r=0 c=1 rs=1 cs=1]
              RenderTable {TABLE} at (0,0) size 433x361
                RenderTableSection {THEAD} at (0,0) size 433x19
                  RenderTableRow {TR} at (0,0) size 433x19
                    RenderTableCell {TH} at (0,0) size 433x19 [r=0 c=0 rs=1 cs=1]
                      RenderText {#text} at (167,0) size 99x19
                        text run at (167,0) width 99: "Header 2/1"
                RenderTableSection {TBODY} at (0,19) size 433x342
                  RenderTableRow {TR} at (0,0) size 433x342
                    RenderTableCell {TD} at (0,0) size 433x342 [r=0 c=0 rs=1 cs=1]
                      RenderText {#text} at (0,0) size 427x342
                        text run at (0,0) width 418: "1 2 3 # # # # # # # # # # # # # # # # # # # # #"
                        text run at (0,19) width 427: "# # # # # # # # # # # # # # # # # # # # # # # #"
                        text run at (0,38) width 427: "# # # # # # # # # # # # # # # # # # # # # # # #"
                        text run at (0,57) width 427: "# # # # # # # # # # # # # # # # # # # # # # # #"
                        text run at (0,76) width 427: "# # # # # # # # # # # # # # # # # # # # # # # #"
                        text run at (0,95) width 427: "# # # # # # # # # # # # # # # # # # # # # # # #"
                        text run at (0,114) width 427: "# # # # # # # # # # # # # # # # # # # # # # # #"
                        text run at (0,133) width 427: "# # # # # # # # # # # # # # # # # # # # # # # #"
                        text run at (0,152) width 324: "# # # # # # # # # # # # # # # # # # "
                        text run at (324,152) width 103: "# # # # # #"
                        text run at (0,171) width 427: "# # # # # # # # # # # # # # # # # # # # # # # #"
                        text run at (0,190) width 427: "# # # # # # # # # # # # # # # # # # # # # # # #"
                        text run at (0,209) width 427: "# # # # # # # # # # # # # # # # # # # # # # # #"
                        text run at (0,228) width 427: "# # # # # # # # # # # # # # # # # # # # # # # #"
                        text run at (0,247) width 427: "# # # # # # # # # # # # # # # # # # # # # # # #"
                        text run at (0,266) width 427: "# # # # # # # # # # # # # # # # # # # # # # # #"
                        text run at (0,285) width 427: "# # # # # # # # # # # # # # # # # # # # # # # #"
                        text run at (0,304) width 427: "# # # # # # # # # # # # # # # # # # # # # # # #"
                        text run at (0,323) width 211: "# # # # # # # # # # # #"
            RenderTableCell {TD} at (698,0) size 266x361 [r=0 c=2 rs=1 cs=1]
              RenderTable {TABLE} at (0,0) size 266x361
                RenderTableSection {THEAD} at (0,0) size 266x19
                  RenderTableRow {TR} at (0,0) size 266x19
                    RenderTableCell {TH} at (0,0) size 266x19 [r=0 c=0 rs=1 cs=1]
                      RenderText {#text} at (83,0) size 100x19
                        text run at (83,0) width 100: "Header 3/1"
                RenderTableSection {TBODY} at (0,19) size 266x342
                  RenderTableRow {TR} at (0,0) size 266x342
                    RenderTableCell {TD} at (0,0) size 266x342 [r=0 c=0 rs=1 cs=1]
                      RenderText {#text} at (0,0) size 260x342
                        text run at (0,0) width 260: "1 2 3 ! ! ! ! ! ! ! ! ! ! ! ! ! ! ! ! ! ! ! !"
                        text run at (0,19) width 259: "! ! ! ! ! ! ! ! ! ! ! ! ! ! ! ! ! ! ! ! ! ! ! !"
                        text run at (0,38) width 259: "! ! ! ! ! ! ! ! ! ! ! ! ! ! ! ! ! ! ! ! ! ! ! !"
                        text run at (0,57) width 259: "! ! ! ! ! ! ! ! ! ! ! ! ! ! ! ! ! ! ! ! ! ! ! !"
                        text run at (0,76) width 259: "! ! ! ! ! ! ! ! ! ! ! ! ! ! ! ! ! ! ! ! ! ! ! !"
                        text run at (0,95) width 259: "! ! ! ! ! ! ! ! ! ! ! ! ! ! ! ! ! ! ! ! ! ! ! !"
                        text run at (0,114) width 259: "! ! ! ! ! ! ! ! ! ! ! ! ! ! ! ! ! ! ! ! ! ! ! !"
                        text run at (0,133) width 259: "! ! ! ! ! ! ! ! ! ! ! ! ! ! ! ! ! ! ! ! ! ! ! !"
                        text run at (0,152) width 209: "! ! ! ! ! ! ! ! ! ! ! ! ! ! ! ! ! ! ! "
                        text run at (209,152) width 50: "! ! ! ! !"
                        text run at (0,171) width 259: "! ! ! ! ! ! ! ! ! ! ! ! ! ! ! ! ! ! ! ! ! ! ! !"
                        text run at (0,190) width 259: "! ! ! ! ! ! ! ! ! ! ! ! ! ! ! ! ! ! ! ! ! ! ! !"
                        text run at (0,209) width 259: "! ! ! ! ! ! ! ! ! ! ! ! ! ! ! ! ! ! ! ! ! ! ! !"
                        text run at (0,228) width 259: "! ! ! ! ! ! ! ! ! ! ! ! ! ! ! ! ! ! ! ! ! ! ! !"
                        text run at (0,247) width 259: "! ! ! ! ! ! ! ! ! ! ! ! ! ! ! ! ! ! ! ! ! ! ! !"
                        text run at (0,266) width 259: "! ! ! ! ! ! ! ! ! ! ! ! ! ! ! ! ! ! ! ! ! ! ! !"
                        text run at (0,285) width 259: "! ! ! ! ! ! ! ! ! ! ! ! ! ! ! ! ! ! ! ! ! ! ! !"
                        text run at (0,304) width 259: "! ! ! ! ! ! ! ! ! ! ! ! ! ! ! ! ! ! ! ! ! ! ! !"
                        text run at (0,323) width 138: "! ! ! ! ! ! ! ! ! ! ! ! !"
            RenderTableCell {TD} at (964,0) size 0x0 [r=0 c=3 rs=1 cs=1]
          RenderTableRow {TR} at (0,361) size 964x361
            RenderTableCell {TD} at (0,361) size 265x361 [r=1 c=0 rs=1 cs=1]
              RenderTable {TABLE} at (0,0) size 265x361
                RenderTableSection {THEAD} at (0,0) size 265x19
                  RenderTableRow {TR} at (0,0) size 265x19
                    RenderTableCell {TH} at (0,0) size 265x19 [r=0 c=0 rs=1 cs=1]
                      RenderText {#text} at (83,0) size 99x19
                        text run at (83,0) width 99: "Header 1/2"
                RenderTableSection {TBODY} at (0,19) size 265x342
                  RenderTableRow {TR} at (0,0) size 265x342
                    RenderTableCell {TD} at (0,0) size 265x342 [r=0 c=0 rs=1 cs=1]
                      RenderText {#text} at (0,0) size 260x342
                        text run at (0,0) width 260: "1 2 3 - - - - - - - - - - - - - - - - - - - -"
                        text run at (0,19) width 259: "- - - - - - - - - - - - - - - - - - - - - - - -"
                        text run at (0,38) width 259: "- - - - - - - - - - - - - - - - - - - - - - - -"
                        text run at (0,57) width 259: "- - - - - - - - - - - - - - - - - - - - - - - -"
                        text run at (0,76) width 259: "- - - - - - - - - - - - - - - - - - - - - - - -"
                        text run at (0,95) width 259: "- - - - - - - - - - - - - - - - - - - - - - - -"
                        text run at (0,114) width 259: "- - - - - - - - - - - - - - - - - - - - - - - -"
                        text run at (0,133) width 259: "- - - - - - - - - - - - - - - - - - - - - - - -"
                        text run at (0,152) width 209: "- - - - - - - - - - - - - - - - - - - "
                        text run at (209,152) width 50: "- - - - -"
                        text run at (0,171) width 259: "- - - - - - - - - - - - - - - - - - - - - - - -"
                        text run at (0,190) width 259: "- - - - - - - - - - - - - - - - - - - - - - - -"
                        text run at (0,209) width 259: "- - - - - - - - - - - - - - - - - - - - - - - -"
                        text run at (0,228) width 259: "- - - - - - - - - - - - - - - - - - - - - - - -"
                        text run at (0,247) width 259: "- - - - - - - - - - - - - - - - - - - - - - - -"
                        text run at (0,266) width 259: "- - - - - - - - - - - - - - - - - - - - - - - -"
                        text run at (0,285) width 259: "- - - - - - - - - - - - - - - - - - - - - - - -"
                        text run at (0,304) width 259: "- - - - - - - - - - - - - - - - - - - - - - - -"
                        text run at (0,323) width 138: "- - - - - - - - - - - - -"
            RenderTableCell {TD} at (265,361) size 433x361 [r=1 c=1 rs=1 cs=1]
              RenderTable {TABLE} at (0,0) size 433x361
                RenderTableSection {THEAD} at (0,0) size 433x19
                  RenderTableRow {TR} at (0,0) size 433x19
                    RenderTableCell {TH} at (0,0) size 433x19 [r=0 c=0 rs=1 cs=1]
                      RenderText {#text} at (167,0) size 99x19
                        text run at (167,0) width 99: "Header 2/2"
                RenderTableSection {TBODY} at (0,19) size 433x342
                  RenderTableRow {TR} at (0,0) size 433x342
                    RenderTableCell {TD} at (0,0) size 433x342 [r=0 c=0 rs=1 cs=1]
                      RenderText {#text} at (0,0) size 427x342
                        text run at (0,0) width 418: "1 2 3 # # # # # # # # # # # # # # # # # # # # #"
                        text run at (0,19) width 427: "# # # # # # # # # # # # # # # # # # # # # # # #"
                        text run at (0,38) width 427: "# # # # # # # # # # # # # # # # # # # # # # # #"
                        text run at (0,57) width 427: "# # # # # # # # # # # # # # # # # # # # # # # #"
                        text run at (0,76) width 427: "# # # # # # # # # # # # # # # # # # # # # # # #"
                        text run at (0,95) width 427: "# # # # # # # # # # # # # # # # # # # # # # # #"
                        text run at (0,114) width 427: "# # # # # # # # # # # # # # # # # # # # # # # #"
                        text run at (0,133) width 427: "# # # # # # # # # # # # # # # # # # # # # # # #"
                        text run at (0,152) width 324: "# # # # # # # # # # # # # # # # # # "
                        text run at (324,152) width 103: "# # # # # #"
                        text run at (0,171) width 427: "# # # # # # # # # # # # # # # # # # # # # # # #"
                        text run at (0,190) width 427: "# # # # # # # # # # # # # # # # # # # # # # # #"
                        text run at (0,209) width 427: "# # # # # # # # # # # # # # # # # # # # # # # #"
                        text run at (0,228) width 427: "# # # # # # # # # # # # # # # # # # # # # # # #"
                        text run at (0,247) width 427: "# # # # # # # # # # # # # # # # # # # # # # # #"
                        text run at (0,266) width 427: "# # # # # # # # # # # # # # # # # # # # # # # #"
                        text run at (0,285) width 427: "# # # # # # # # # # # # # # # # # # # # # # # #"
                        text run at (0,304) width 427: "# # # # # # # # # # # # # # # # # # # # # # # #"
                        text run at (0,323) width 211: "# # # # # # # # # # # #"
            RenderTableCell {TD} at (698,361) size 266x361 [r=1 c=2 rs=1 cs=1]
              RenderTable {TABLE} at (0,0) size 266x361
                RenderTableSection {THEAD} at (0,0) size 266x19
                  RenderTableRow {TR} at (0,0) size 266x19
                    RenderTableCell {TH} at (0,0) size 266x19 [r=0 c=0 rs=1 cs=1]
                      RenderText {#text} at (83,0) size 100x19
                        text run at (83,0) width 100: "Header 3/2"
                RenderTableSection {TBODY} at (0,19) size 266x342
                  RenderTableRow {TR} at (0,0) size 266x342
                    RenderTableCell {TD} at (0,0) size 266x342 [r=0 c=0 rs=1 cs=1]
                      RenderText {#text} at (0,0) size 260x342
                        text run at (0,0) width 260: "1 2 3 ! ! ! ! ! ! ! ! ! ! ! ! ! ! ! ! ! ! ! !"
                        text run at (0,19) width 259: "! ! ! ! ! ! ! ! ! ! ! ! ! ! ! ! ! ! ! ! ! ! ! !"
                        text run at (0,38) width 259: "! ! ! ! ! ! ! ! ! ! ! ! ! ! ! ! ! ! ! ! ! ! ! !"
                        text run at (0,57) width 259: "! ! ! ! ! ! ! ! ! ! ! ! ! ! ! ! ! ! ! ! ! ! ! !"
                        text run at (0,76) width 259: "! ! ! ! ! ! ! ! ! ! ! ! ! ! ! ! ! ! ! ! ! ! ! !"
                        text run at (0,95) width 259: "! ! ! ! ! ! ! ! ! ! ! ! ! ! ! ! ! ! ! ! ! ! ! !"
                        text run at (0,114) width 259: "! ! ! ! ! ! ! ! ! ! ! ! ! ! ! ! ! ! ! ! ! ! ! !"
                        text run at (0,133) width 259: "! ! ! ! ! ! ! ! ! ! ! ! ! ! ! ! ! ! ! ! ! ! ! !"
                        text run at (0,152) width 209: "! ! ! ! ! ! ! ! ! ! ! ! ! ! ! ! ! ! ! "
                        text run at (209,152) width 50: "! ! ! ! !"
                        text run at (0,171) width 259: "! ! ! ! ! ! ! ! ! ! ! ! ! ! ! ! ! ! ! ! ! ! ! !"
                        text run at (0,190) width 259: "! ! ! ! ! ! ! ! ! ! ! ! ! ! ! ! ! ! ! ! ! ! ! !"
                        text run at (0,209) width 259: "! ! ! ! ! ! ! ! ! ! ! ! ! ! ! ! ! ! ! ! ! ! ! !"
                        text run at (0,228) width 259: "! ! ! ! ! ! ! ! ! ! ! ! ! ! ! ! ! ! ! ! ! ! ! !"
                        text run at (0,247) width 259: "! ! ! ! ! ! ! ! ! ! ! ! ! ! ! ! ! ! ! ! ! ! ! !"
                        text run at (0,266) width 259: "! ! ! ! ! ! ! ! ! ! ! ! ! ! ! ! ! ! ! ! ! ! ! !"
                        text run at (0,285) width 259: "! ! ! ! ! ! ! ! ! ! ! ! ! ! ! ! ! ! ! ! ! ! ! !"
                        text run at (0,304) width 259: "! ! ! ! ! ! ! ! ! ! ! ! ! ! ! ! ! ! ! ! ! ! ! !"
                        text run at (0,323) width 138: "! ! ! ! ! ! ! ! ! ! ! ! !"
