layer at (0,0) size 980x737
  RenderView at (0,0) size 980x735
layer at (0,0) size 980x737
  RenderBlock {HTML} at (0,0) size 980x737
    RenderBody {BODY} at (8,21) size 964x708
      RenderBlock {H1} at (0,0) size 964x37
        RenderText {#text} at (0,0) size 581x38
          text run at (0,0) width 581: "caption element: align attribute"
      RenderTable {TABLE} at (0,58) size 92x168 [border: (1px outset #808080)]
        RenderBlock {CAPTION} at (0,0) size 92x114
          RenderText {#text} at (2,0) size 88x114
            text run at (2,0) width 88: "The table's"
            text run at (14,19) width 64: "caption,"
            text run at (17,38) width 58: "with no"
            text run at (24,57) width 44: "align."
            text run at (8,76) width 76: "Default is"
            text run at (23,95) width 46: "\"top\"."
        RenderTableSection {TBODY} at (1,115) size 90x52
          RenderTableRow {TR} at (0,2) size 90x23
            RenderTableCell {TD} at (2,2) size 42x23 [border: (1px inset #808080)] [r=0 c=0 rs=1 cs=1]
              RenderText {#text} at (2,2) size 38x19
                text run at (2,2) width 38: "Data"
            RenderTableCell {TD} at (46,2) size 42x23 [border: (1px inset #808080)] [r=0 c=1 rs=1 cs=1]
              RenderText {#text} at (2,2) size 38x19
                text run at (2,2) width 38: "Data"
          RenderTableRow {TR} at (0,27) size 90x23
            RenderTableCell {TD} at (2,27) size 42x23 [border: (1px inset #808080)] [r=1 c=0 rs=1 cs=1]
              RenderText {#text} at (2,2) size 38x19
                text run at (2,2) width 38: "Data"
            RenderTableCell {TD} at (46,27) size 42x23 [border: (1px inset #808080)] [r=1 c=1 rs=1 cs=1]
              RenderText {#text} at (2,2) size 38x19
                text run at (2,2) width 38: "Data"
      RenderTable {TABLE} at (0,226) size 96x130 [border: (1px outset #808080)]
        RenderBlock {CAPTION} at (0,0) size 96x76
          RenderText {#text} at (4,0) size 96x76
            text run at (4,0) width 88: "The table's"
            text run at (16,19) width 64: "caption,"
            text run at (31,38) width 34: "with"
            text run at (0,57) width 96: "align=\"top\"."
        RenderTableSection {TBODY} at (1,77) size 94x52
          RenderTableRow {TR} at (0,2) size 94x23
            RenderTableCell {TD} at (2,2) size 44x23 [border: (1px inset #808080)] [r=0 c=0 rs=1 cs=1]
              RenderText {#text} at (2,2) size 38x19
                text run at (2,2) width 38: "Data"
            RenderTableCell {TD} at (48,2) size 44x23 [border: (1px inset #808080)] [r=0 c=1 rs=1 cs=1]
              RenderText {#text} at (2,2) size 38x19
                text run at (2,2) width 38: "Data"
          RenderTableRow {TR} at (0,27) size 94x23
            RenderTableCell {TD} at (2,27) size 44x23 [border: (1px inset #808080)] [r=1 c=0 rs=1 cs=1]
              RenderText {#text} at (2,2) size 38x19
                text run at (2,2) width 38: "Data"
            RenderTableCell {TD} at (48,27) size 44x23 [border: (1px inset #808080)] [r=1 c=1 rs=1 cs=1]
              RenderText {#text} at (2,2) size 38x19
                text run at (2,2) width 38: "Data"
      RenderTable {TABLE} at (0,356) size 128x111 [border: (1px outset #808080)]
        RenderBlock {CAPTION} at (0,54) size 128x57
          RenderText {#text} at (20,0) size 128x57
            text run at (20,0) width 88: "The table's"
            text run at (13,19) width 102: "caption, with"
            text run at (0,38) width 128: "align=\"bottom\"."
        RenderTableSection {TBODY} at (1,1) size 126x52
          RenderTableRow {TR} at (0,2) size 126x23
            RenderTableCell {TD} at (2,2) size 60x23 [border: (1px inset #808080)] [r=0 c=0 rs=1 cs=1]
              RenderText {#text} at (2,2) size 38x19
                text run at (2,2) width 38: "Data"
            RenderTableCell {TD} at (64,2) size 60x23 [border: (1px inset #808080)] [r=0 c=1 rs=1 cs=1]
              RenderText {#text} at (2,2) size 38x19
                text run at (2,2) width 38: "Data"
          RenderTableRow {TR} at (0,27) size 126x23
            RenderTableCell {TD} at (2,27) size 60x23 [border: (1px inset #808080)] [r=1 c=0 rs=1 cs=1]
              RenderText {#text} at (2,2) size 38x19
                text run at (2,2) width 38: "Data"
            RenderTableCell {TD} at (64,27) size 60x23 [border: (1px inset #808080)] [r=1 c=1 rs=1 cs=1]
              RenderText {#text} at (2,2) size 38x19
                text run at (2,2) width 38: "Data"
      RenderTable {TABLE} at (0,467) size 96x130 [border: (1px outset #808080)]
        RenderBlock {CAPTION} at (0,0) size 96x76
          RenderText {#text} at (4,0) size 96x76
            text run at (4,0) width 88: "The table's"
            text run at (16,19) width 64: "caption,"
            text run at (31,38) width 34: "with"
            text run at (0,57) width 96: "align=\"left\"."
        RenderTableSection {TBODY} at (1,77) size 94x52
          RenderTableRow {TR} at (0,2) size 94x23
            RenderTableCell {TD} at (2,2) size 44x23 [border: (1px inset #808080)] [r=0 c=0 rs=1 cs=1]
              RenderText {#text} at (2,2) size 38x19
                text run at (2,2) width 38: "Data"
            RenderTableCell {TD} at (48,2) size 44x23 [border: (1px inset #808080)] [r=0 c=1 rs=1 cs=1]
              RenderText {#text} at (2,2) size 38x19
                text run at (2,2) width 38: "Data"
          RenderTableRow {TR} at (0,27) size 94x23
            RenderTableCell {TD} at (2,27) size 44x23 [border: (1px inset #808080)] [r=1 c=0 rs=1 cs=1]
              RenderText {#text} at (2,2) size 38x19
                text run at (2,2) width 38: "Data"
            RenderTableCell {TD} at (48,27) size 44x23 [border: (1px inset #808080)] [r=1 c=1 rs=1 cs=1]
              RenderText {#text} at (2,2) size 38x19
                text run at (2,2) width 38: "Data"
      RenderTable {TABLE} at (0,597) size 107x111 [border: (1px outset #808080)]
        RenderBlock {CAPTION} at (0,0) size 107x57
          RenderText {#text} at (10,0) size 107x57
            text run at (10,0) width 87: "The table's"
            text run at (2,19) width 103: "caption, with"
            text run at (0,38) width 107: "align=\"right\"."
        RenderTableSection {TBODY} at (1,58) size 105x52
          RenderTableRow {TR} at (0,2) size 105x23
            RenderTableCell {TD} at (2,2) size 49x23 [border: (1px inset #808080)] [r=0 c=0 rs=1 cs=1]
              RenderText {#text} at (2,2) size 38x19
                text run at (2,2) width 38: "Data"
            RenderTableCell {TD} at (53,2) size 50x23 [border: (1px inset #808080)] [r=0 c=1 rs=1 cs=1]
              RenderText {#text} at (2,2) size 38x19
                text run at (2,2) width 38: "Data"
          RenderTableRow {TR} at (0,27) size 105x23
            RenderTableCell {TD} at (2,27) size 49x23 [border: (1px inset #808080)] [r=1 c=0 rs=1 cs=1]
              RenderText {#text} at (2,2) size 38x19
                text run at (2,2) width 38: "Data"
            RenderTableCell {TD} at (53,27) size 50x23 [border: (1px inset #808080)] [r=1 c=1 rs=1 cs=1]
              RenderText {#text} at (2,2) size 38x19
                text run at (2,2) width 38: "Data"
