layer at (0,0) size 980x2940
  RenderView at (0,0) size 980x735
layer at (0,0) size 980x2940
  RenderBlock {HTML} at (0,0) size 980x2940
    RenderBody {BODY} at (8,21) size 964x2903
      RenderBlock {H1} at (0,0) size 964x37
        RenderText {#text} at (0,0) size 363x38
          text run at (0,0) width 363: "Tables and captions"
      RenderBlock {P} at (0,58) size 964x19
        RenderText {#text} at (0,0) size 670x19
          text run at (0,0) width 534: "The table should have width 300px, as should the caption (entirely "
          text run at (534,0) width 136: "above the table):"
      RenderTable {TABLE} at (0,93) size 306x93 [border: (10px solid #008000)]
        RenderBlock {CAPTION} at (0,0) size 306x25 [border: (3px solid #800080)]
          RenderText {#text} at (75,3) size 156x19
            text run at (75,3) width 156: "The table's caption."
        RenderTableSection {TBODY} at (10,35) size 286x48
          RenderTableRow {TR} at (0,2) size 286x21
            RenderTableCell {TD} at (2,2) size 140x21 [r=0 c=0 rs=1 cs=1]
              RenderText {#text} at (1,1) size 38x19
                text run at (1,1) width 38: "Data"
            RenderTableCell {TD} at (144,2) size 140x21 [r=0 c=1 rs=1 cs=1]
              RenderText {#text} at (1,1) size 38x19
                text run at (1,1) width 38: "Data"
          RenderTableRow {TR} at (0,25) size 286x21
            RenderTableCell {TD} at (2,25) size 140x21 [r=1 c=0 rs=1 cs=1]
              RenderText {#text} at (1,1) size 38x19
                text run at (1,1) width 38: "Data"
            RenderTableCell {TD} at (144,25) size 140x21 [r=1 c=1 rs=1 cs=1]
              RenderText {#text} at (1,1) size 38x19
                text run at (1,1) width 38: "Data"
      RenderBlock {P} at (0,202) size 964x19
        RenderText {#text} at (0,0) size 621x19
          text run at (0,0) width 519: "The table should have width 300px, and the caption should have "
          text run at (519,0) width 102: "width 600px."
      RenderTable {TABLE} at (0,237) size 606x93 [border: (10px solid #008000)]
        RenderBlock {CAPTION} at (0,0) size 606x25 [border: (3px solid #800080)]
          RenderText {#text} at (225,3) size 156x19
            text run at (225,3) width 156: "The table's caption."
        RenderTableSection {TBODY} at (10,35) size 586x48
          RenderTableRow {TR} at (0,2) size 586x21
            RenderTableCell {TD} at (2,2) size 290x21 [r=0 c=0 rs=1 cs=1]
              RenderText {#text} at (1,1) size 38x19
                text run at (1,1) width 38: "Data"
            RenderTableCell {TD} at (294,2) size 290x21 [r=0 c=1 rs=1 cs=1]
              RenderText {#text} at (1,1) size 38x19
                text run at (1,1) width 38: "Data"
          RenderTableRow {TR} at (0,25) size 586x21
            RenderTableCell {TD} at (2,25) size 290x21 [r=1 c=0 rs=1 cs=1]
              RenderText {#text} at (1,1) size 38x19
                text run at (1,1) width 38: "Data"
            RenderTableCell {TD} at (294,25) size 290x21 [r=1 c=1 rs=1 cs=1]
              RenderText {#text} at (1,1) size 38x19
                text run at (1,1) width 38: "Data"
      RenderBlock {P} at (0,346) size 964x19
        RenderText {#text} at (0,0) size 621x19
          text run at (0,0) width 519: "The table should have width 600px, and the caption should have "
          text run at (519,0) width 102: "width 300px."
      RenderTable {TABLE} at (0,381) size 600x93 [border: (10px solid #008000)]
        RenderBlock {CAPTION} at (0,0) size 306x25 [border: (3px solid #800080)]
          RenderText {#text} at (75,3) size 156x19
            text run at (75,3) width 156: "The table's caption."
        RenderTableSection {TBODY} at (10,35) size 580x48
          RenderTableRow {TR} at (0,2) size 580x21
            RenderTableCell {TD} at (2,2) size 287x21 [r=0 c=0 rs=1 cs=1]
              RenderText {#text} at (1,1) size 38x19
                text run at (1,1) width 38: "Data"
            RenderTableCell {TD} at (291,2) size 287x21 [r=0 c=1 rs=1 cs=1]
              RenderText {#text} at (1,1) size 38x19
                text run at (1,1) width 38: "Data"
          RenderTableRow {TR} at (0,25) size 580x21
            RenderTableCell {TD} at (2,25) size 287x21 [r=1 c=0 rs=1 cs=1]
              RenderText {#text} at (1,1) size 38x19
                text run at (1,1) width 38: "Data"
            RenderTableCell {TD} at (291,25) size 287x21 [r=1 c=1 rs=1 cs=1]
              RenderText {#text} at (1,1) size 38x19
                text run at (1,1) width 38: "Data"
      RenderBlock {P} at (0,490) size 964x19
        RenderText {#text} at (0,0) size 877x19
          text run at (0,0) width 465: "The next four tables should have their caption on the top, "
          text run at (465,0) width 412: "with a 20px gap between the table and the caption."
      RenderTable {TABLE} at (0,529) size 106x112 [border: (10px solid #008000)]
        RenderBlock {CAPTION} at (0,0) size 106x44 [border: (3px solid #800080)]
          RenderText {#text} at (9,3) size 88x38
            text run at (9,3) width 88: "The table's"
            text run at (21,22) width 64: "caption."
        RenderTableSection {TBODY} at (10,54) size 86x48
          RenderTableRow {TR} at (0,2) size 86x21
            RenderTableCell {TD} at (2,2) size 40x21 [r=0 c=0 rs=1 cs=1]
              RenderText {#text} at (1,1) size 38x19
                text run at (1,1) width 38: "Data"
            RenderTableCell {TD} at (44,2) size 40x21 [r=0 c=1 rs=1 cs=1]
              RenderText {#text} at (1,1) size 38x19
                text run at (1,1) width 38: "Data"
          RenderTableRow {TR} at (0,25) size 86x21
            RenderTableCell {TD} at (2,25) size 40x21 [r=1 c=0 rs=1 cs=1]
              RenderText {#text} at (1,1) size 38x19
                text run at (1,1) width 38: "Data"
            RenderTableCell {TD} at (44,25) size 40x21 [r=1 c=1 rs=1 cs=1]
              RenderText {#text} at (1,1) size 38x19
                text run at (1,1) width 38: "Data"
      RenderTable {TABLE} at (0,641) size 106x132 [border: (10px solid #008000)]
        RenderBlock {CAPTION} at (0,0) size 106x44 [border: (3px solid #800080)]
          RenderText {#text} at (9,3) size 88x38
            text run at (9,3) width 88: "The table's"
            text run at (21,22) width 64: "caption."
        RenderTableSection {TBODY} at (10,74) size 86x48
          RenderTableRow {TR} at (0,2) size 86x21
            RenderTableCell {TD} at (2,2) size 40x21 [r=0 c=0 rs=1 cs=1]
              RenderText {#text} at (1,1) size 38x19
                text run at (1,1) width 38: "Data"
            RenderTableCell {TD} at (44,2) size 40x21 [r=0 c=1 rs=1 cs=1]
              RenderText {#text} at (1,1) size 38x19
                text run at (1,1) width 38: "Data"
          RenderTableRow {TR} at (0,25) size 86x21
            RenderTableCell {TD} at (2,25) size 40x21 [r=1 c=0 rs=1 cs=1]
              RenderText {#text} at (1,1) size 38x19
                text run at (1,1) width 38: "Data"
            RenderTableCell {TD} at (44,25) size 40x21 [r=1 c=1 rs=1 cs=1]
              RenderText {#text} at (1,1) size 38x19
                text run at (1,1) width 38: "Data"
      RenderTable {TABLE} at (0,788) size 106x132 [border: (10px solid #008000)]
        RenderBlock {CAPTION} at (0,0) size 106x44 [border: (3px solid #800080)]
          RenderText {#text} at (9,3) size 88x38
            text run at (9,3) width 88: "The table's"
            text run at (21,22) width 64: "caption."
        RenderTableSection {TBODY} at (10,74) size 86x48
          RenderTableRow {TR} at (0,2) size 86x21
            RenderTableCell {TD} at (2,2) size 40x21 [r=0 c=0 rs=1 cs=1]
              RenderText {#text} at (1,1) size 38x19
                text run at (1,1) width 38: "Data"
            RenderTableCell {TD} at (44,2) size 40x21 [r=0 c=1 rs=1 cs=1]
              RenderText {#text} at (1,1) size 38x19
                text run at (1,1) width 38: "Data"
          RenderTableRow {TR} at (0,25) size 86x21
            RenderTableCell {TD} at (2,25) size 40x21 [r=1 c=0 rs=1 cs=1]
              RenderText {#text} at (1,1) size 38x19
                text run at (1,1) width 38: "Data"
            RenderTableCell {TD} at (44,25) size 40x21 [r=1 c=1 rs=1 cs=1]
              RenderText {#text} at (1,1) size 38x19
                text run at (1,1) width 38: "Data"
      RenderTable {TABLE} at (0,940) size 106x127 [border: (10px solid #008000)]
        RenderBlock {CAPTION} at (0,0) size 106x44 [border: (3px solid #800080)]
          RenderText {#text} at (9,3) size 88x38
            text run at (9,3) width 88: "The table's"
            text run at (21,22) width 64: "caption."
        RenderTableSection {TBODY} at (10,69) size 86x48
          RenderTableRow {TR} at (0,2) size 86x21
            RenderTableCell {TD} at (2,2) size 40x21 [r=0 c=0 rs=1 cs=1]
              RenderText {#text} at (1,1) size 38x19
                text run at (1,1) width 38: "Data"
            RenderTableCell {TD} at (44,2) size 40x21 [r=0 c=1 rs=1 cs=1]
              RenderText {#text} at (1,1) size 38x19
                text run at (1,1) width 38: "Data"
          RenderTableRow {TR} at (0,25) size 86x21
            RenderTableCell {TD} at (2,25) size 40x21 [r=1 c=0 rs=1 cs=1]
              RenderText {#text} at (1,1) size 38x19
                text run at (1,1) width 38: "Data"
            RenderTableCell {TD} at (44,25) size 40x21 [r=1 c=1 rs=1 cs=1]
              RenderText {#text} at (1,1) size 38x19
                text run at (1,1) width 38: "Data"
      RenderBlock {P} at (0,1083) size 964x19
        RenderText {#text} at (0,0) size 888x19
          text run at (0,0) width 476: "The next four tables should have their caption on the right, "
          text run at (476,0) width 412: "with a 20px gap between the table and the caption."
      RenderTable {TABLE} at (0,1118) size 106x112 [border: (10px solid #008000)]
        RenderBlock {CAPTION} at (0,0) size 106x44 [border: (3px solid #800080)]
          RenderText {#text} at (9,3) size 88x38
            text run at (9,3) width 88: "The table's"
            text run at (21,22) width 64: "caption."
        RenderTableSection {TBODY} at (10,54) size 86x48
          RenderTableRow {TR} at (0,2) size 86x21
            RenderTableCell {TD} at (2,2) size 40x21 [r=0 c=0 rs=1 cs=1]
              RenderText {#text} at (1,1) size 38x19
                text run at (1,1) width 38: "Data"
            RenderTableCell {TD} at (44,2) size 40x21 [r=0 c=1 rs=1 cs=1]
              RenderText {#text} at (1,1) size 38x19
                text run at (1,1) width 38: "Data"
          RenderTableRow {TR} at (0,25) size 86x21
            RenderTableCell {TD} at (2,25) size 40x21 [r=1 c=0 rs=1 cs=1]
              RenderText {#text} at (1,1) size 38x19
                text run at (1,1) width 38: "Data"
            RenderTableCell {TD} at (44,25) size 40x21 [r=1 c=1 rs=1 cs=1]
              RenderText {#text} at (1,1) size 38x19
                text run at (1,1) width 38: "Data"
      RenderTable {TABLE} at (0,1230) size 106x131 [border: (10px solid #008000)]
        RenderBlock {CAPTION} at (20,0) size 86x63 [border: (3px solid #800080)]
          RenderText {#text} at (28,3) size 64x57
            text run at (28,3) width 30: "The"
            text run at (17,22) width 52: "table's"
            text run at (11,41) width 64: "caption."
        RenderTableSection {TBODY} at (10,73) size 86x48
          RenderTableRow {TR} at (0,2) size 86x21
            RenderTableCell {TD} at (2,2) size 40x21 [r=0 c=0 rs=1 cs=1]
              RenderText {#text} at (1,1) size 38x19
                text run at (1,1) width 38: "Data"
            RenderTableCell {TD} at (44,2) size 40x21 [r=0 c=1 rs=1 cs=1]
              RenderText {#text} at (1,1) size 38x19
                text run at (1,1) width 38: "Data"
          RenderTableRow {TR} at (0,25) size 86x21
            RenderTableCell {TD} at (2,25) size 40x21 [r=1 c=0 rs=1 cs=1]
              RenderText {#text} at (1,1) size 38x19
                text run at (1,1) width 38: "Data"
            RenderTableCell {TD} at (44,25) size 40x21 [r=1 c=1 rs=1 cs=1]
              RenderText {#text} at (1,1) size 38x19
                text run at (1,1) width 38: "Data"
      RenderTable {TABLE} at (0,1361) size 106x131 [border: (10px solid #008000)]
        RenderBlock {CAPTION} at (20,0) size 86x63 [border: (3px solid #800080)]
          RenderText {#text} at (28,3) size 64x57
            text run at (28,3) width 30: "The"
            text run at (17,22) width 52: "table's"
            text run at (11,41) width 64: "caption."
        RenderTableSection {TBODY} at (10,73) size 86x48
          RenderTableRow {TR} at (0,2) size 86x21
            RenderTableCell {TD} at (2,2) size 40x21 [r=0 c=0 rs=1 cs=1]
              RenderText {#text} at (1,1) size 38x19
                text run at (1,1) width 38: "Data"
            RenderTableCell {TD} at (44,2) size 40x21 [r=0 c=1 rs=1 cs=1]
              RenderText {#text} at (1,1) size 38x19
                text run at (1,1) width 38: "Data"
          RenderTableRow {TR} at (0,25) size 86x21
            RenderTableCell {TD} at (2,25) size 40x21 [r=1 c=0 rs=1 cs=1]
              RenderText {#text} at (1,1) size 38x19
                text run at (1,1) width 38: "Data"
            RenderTableCell {TD} at (44,25) size 40x21 [r=1 c=1 rs=1 cs=1]
              RenderText {#text} at (1,1) size 38x19
                text run at (1,1) width 38: "Data"
      RenderTable {TABLE} at (0,1492) size 106x131 [border: (10px solid #008000)]
        RenderBlock {CAPTION} at (15,0) size 91x63 [border: (3px solid #800080)]
          RenderText {#text} at (30,3) size 65x57
            text run at (30,3) width 31: "The"
            text run at (19,22) width 53: "table's"
            text run at (13,41) width 65: "caption."
        RenderTableSection {TBODY} at (10,73) size 86x48
          RenderTableRow {TR} at (0,2) size 86x21
            RenderTableCell {TD} at (2,2) size 40x21 [r=0 c=0 rs=1 cs=1]
              RenderText {#text} at (1,1) size 38x19
                text run at (1,1) width 38: "Data"
            RenderTableCell {TD} at (44,2) size 40x21 [r=0 c=1 rs=1 cs=1]
              RenderText {#text} at (1,1) size 38x19
                text run at (1,1) width 38: "Data"
          RenderTableRow {TR} at (0,25) size 86x21
            RenderTableCell {TD} at (2,25) size 40x21 [r=1 c=0 rs=1 cs=1]
              RenderText {#text} at (1,1) size 38x19
                text run at (1,1) width 38: "Data"
            RenderTableCell {TD} at (44,25) size 40x21 [r=1 c=1 rs=1 cs=1]
              RenderText {#text} at (1,1) size 38x19
                text run at (1,1) width 38: "Data"
      RenderBlock {P} at (0,1639) size 964x19
        RenderText {#text} at (0,0) size 909x19
          text run at (0,0) width 497: "The next four tables should have their caption on the bottom, "
          text run at (497,0) width 412: "with a 20px gap between the table and the caption."
      RenderTable {TABLE} at (0,1674) size 106x112 [border: (10px solid #008000)]
        RenderBlock {CAPTION} at (0,68) size 106x44 [border: (3px solid #800080)]
          RenderText {#text} at (9,3) size 88x38
            text run at (9,3) width 88: "The table's"
            text run at (21,22) width 64: "caption."
        RenderTableSection {TBODY} at (10,10) size 86x48
          RenderTableRow {TR} at (0,2) size 86x21
            RenderTableCell {TD} at (2,2) size 40x21 [r=0 c=0 rs=1 cs=1]
              RenderText {#text} at (1,1) size 38x19
                text run at (1,1) width 38: "Data"
            RenderTableCell {TD} at (44,2) size 40x21 [r=0 c=1 rs=1 cs=1]
              RenderText {#text} at (1,1) size 38x19
                text run at (1,1) width 38: "Data"
          RenderTableRow {TR} at (0,25) size 86x21
            RenderTableCell {TD} at (2,25) size 40x21 [r=1 c=0 rs=1 cs=1]
              RenderText {#text} at (1,1) size 38x19
                text run at (1,1) width 38: "Data"
            RenderTableCell {TD} at (44,25) size 40x21 [r=1 c=1 rs=1 cs=1]
              RenderText {#text} at (1,1) size 38x19
                text run at (1,1) width 38: "Data"
      RenderTable {TABLE} at (0,1806) size 106x132 [border: (10px solid #008000)]
        RenderBlock {CAPTION} at (0,88) size 106x44 [border: (3px solid #800080)]
          RenderText {#text} at (9,3) size 88x38
            text run at (9,3) width 88: "The table's"
            text run at (21,22) width 64: "caption."
        RenderTableSection {TBODY} at (10,10) size 86x48
          RenderTableRow {TR} at (0,2) size 86x21
            RenderTableCell {TD} at (2,2) size 40x21 [r=0 c=0 rs=1 cs=1]
              RenderText {#text} at (1,1) size 38x19
                text run at (1,1) width 38: "Data"
            RenderTableCell {TD} at (44,2) size 40x21 [r=0 c=1 rs=1 cs=1]
              RenderText {#text} at (1,1) size 38x19
                text run at (1,1) width 38: "Data"
          RenderTableRow {TR} at (0,25) size 86x21
            RenderTableCell {TD} at (2,25) size 40x21 [r=1 c=0 rs=1 cs=1]
              RenderText {#text} at (1,1) size 38x19
                text run at (1,1) width 38: "Data"
            RenderTableCell {TD} at (44,25) size 40x21 [r=1 c=1 rs=1 cs=1]
              RenderText {#text} at (1,1) size 38x19
                text run at (1,1) width 38: "Data"
      RenderTable {TABLE} at (0,1938) size 106x132 [border: (10px solid #008000)]
        RenderBlock {CAPTION} at (0,88) size 106x44 [border: (3px solid #800080)]
          RenderText {#text} at (9,3) size 88x38
            text run at (9,3) width 88: "The table's"
            text run at (21,22) width 64: "caption."
        RenderTableSection {TBODY} at (10,10) size 86x48
          RenderTableRow {TR} at (0,2) size 86x21
            RenderTableCell {TD} at (2,2) size 40x21 [r=0 c=0 rs=1 cs=1]
              RenderText {#text} at (1,1) size 38x19
                text run at (1,1) width 38: "Data"
            RenderTableCell {TD} at (44,2) size 40x21 [r=0 c=1 rs=1 cs=1]
              RenderText {#text} at (1,1) size 38x19
                text run at (1,1) width 38: "Data"
          RenderTableRow {TR} at (0,25) size 86x21
            RenderTableCell {TD} at (2,25) size 40x21 [r=1 c=0 rs=1 cs=1]
              RenderText {#text} at (1,1) size 38x19
                text run at (1,1) width 38: "Data"
            RenderTableCell {TD} at (44,25) size 40x21 [r=1 c=1 rs=1 cs=1]
              RenderText {#text} at (1,1) size 38x19
                text run at (1,1) width 38: "Data"
      RenderTable {TABLE} at (0,2085) size 106x127 [border: (10px solid #008000)]
        RenderBlock {CAPTION} at (0,83) size 106x44 [border: (3px solid #800080)]
          RenderText {#text} at (9,3) size 88x38
            text run at (9,3) width 88: "The table's"
            text run at (21,22) width 64: "caption."
        RenderTableSection {TBODY} at (10,10) size 86x48
          RenderTableRow {TR} at (0,2) size 86x21
            RenderTableCell {TD} at (2,2) size 40x21 [r=0 c=0 rs=1 cs=1]
              RenderText {#text} at (1,1) size 38x19
                text run at (1,1) width 38: "Data"
            RenderTableCell {TD} at (44,2) size 40x21 [r=0 c=1 rs=1 cs=1]
              RenderText {#text} at (1,1) size 38x19
                text run at (1,1) width 38: "Data"
          RenderTableRow {TR} at (0,25) size 86x21
            RenderTableCell {TD} at (2,25) size 40x21 [r=1 c=0 rs=1 cs=1]
              RenderText {#text} at (1,1) size 38x19
                text run at (1,1) width 38: "Data"
            RenderTableCell {TD} at (44,25) size 40x21 [r=1 c=1 rs=1 cs=1]
              RenderText {#text} at (1,1) size 38x19
                text run at (1,1) width 38: "Data"
      RenderBlock {P} at (0,2232) size 964x19
        RenderText {#text} at (0,0) size 877x19
          text run at (0,0) width 465: "The next four tables should have their caption on the left, "
          text run at (465,0) width 412: "with a 20px gap between the table and the caption."
      RenderTable {TABLE} at (20,2267) size 106x112 [border: (10px solid #008000)]
        RenderBlock {CAPTION} at (0,0) size 106x44 [border: (3px solid #800080)]
          RenderText {#text} at (9,3) size 88x38
            text run at (9,3) width 88: "The table's"
            text run at (21,22) width 64: "caption."
        RenderTableSection {TBODY} at (10,54) size 86x48
          RenderTableRow {TR} at (0,2) size 86x21
            RenderTableCell {TD} at (2,2) size 40x21 [r=0 c=0 rs=1 cs=1]
              RenderText {#text} at (1,1) size 38x19
                text run at (1,1) width 38: "Data"
            RenderTableCell {TD} at (44,2) size 40x21 [r=0 c=1 rs=1 cs=1]
              RenderText {#text} at (1,1) size 38x19
                text run at (1,1) width 38: "Data"
          RenderTableRow {TR} at (0,25) size 86x21
            RenderTableCell {TD} at (2,25) size 40x21 [r=1 c=0 rs=1 cs=1]
              RenderText {#text} at (1,1) size 38x19
                text run at (1,1) width 38: "Data"
            RenderTableCell {TD} at (44,25) size 40x21 [r=1 c=1 rs=1 cs=1]
              RenderText {#text} at (1,1) size 38x19
                text run at (1,1) width 38: "Data"
      RenderTable {TABLE} at (0,2379) size 106x131 [border: (10px solid #008000)]
        RenderBlock {CAPTION} at (0,0) size 86x63 [border: (3px solid #800080)]
          RenderText {#text} at (28,3) size 64x57
            text run at (28,3) width 30: "The"
            text run at (17,22) width 52: "table's"
            text run at (11,41) width 64: "caption."
        RenderTableSection {TBODY} at (10,73) size 86x48
          RenderTableRow {TR} at (0,2) size 86x21
            RenderTableCell {TD} at (2,2) size 40x21 [r=0 c=0 rs=1 cs=1]
              RenderText {#text} at (1,1) size 38x19
                text run at (1,1) width 38: "Data"
            RenderTableCell {TD} at (44,2) size 40x21 [r=0 c=1 rs=1 cs=1]
              RenderText {#text} at (1,1) size 38x19
                text run at (1,1) width 38: "Data"
          RenderTableRow {TR} at (0,25) size 86x21
            RenderTableCell {TD} at (2,25) size 40x21 [r=1 c=0 rs=1 cs=1]
              RenderText {#text} at (1,1) size 38x19
                text run at (1,1) width 38: "Data"
            RenderTableCell {TD} at (44,25) size 40x21 [r=1 c=1 rs=1 cs=1]
              RenderText {#text} at (1,1) size 38x19
                text run at (1,1) width 38: "Data"
      RenderTable {TABLE} at (15,2510) size 106x131 [border: (10px solid #008000)]
        RenderBlock {CAPTION} at (0,0) size 86x63 [border: (3px solid #800080)]
          RenderText {#text} at (28,3) size 64x57
            text run at (28,3) width 30: "The"
            text run at (17,22) width 52: "table's"
            text run at (11,41) width 64: "caption."
        RenderTableSection {TBODY} at (10,73) size 86x48
          RenderTableRow {TR} at (0,2) size 86x21
            RenderTableCell {TD} at (2,2) size 40x21 [r=0 c=0 rs=1 cs=1]
              RenderText {#text} at (1,1) size 38x19
                text run at (1,1) width 38: "Data"
            RenderTableCell {TD} at (44,2) size 40x21 [r=0 c=1 rs=1 cs=1]
              RenderText {#text} at (1,1) size 38x19
                text run at (1,1) width 38: "Data"
          RenderTableRow {TR} at (0,25) size 86x21
            RenderTableCell {TD} at (2,25) size 40x21 [r=1 c=0 rs=1 cs=1]
              RenderText {#text} at (1,1) size 38x19
                text run at (1,1) width 38: "Data"
            RenderTableCell {TD} at (44,25) size 40x21 [r=1 c=1 rs=1 cs=1]
              RenderText {#text} at (1,1) size 38x19
                text run at (1,1) width 38: "Data"
      RenderTable {TABLE} at (20,2641) size 106x131 [border: (10px solid #008000)]
        RenderBlock {CAPTION} at (0,0) size 91x63 [border: (3px solid #800080)]
          RenderText {#text} at (30,3) size 65x57
            text run at (30,3) width 31: "The"
            text run at (19,22) width 53: "table's"
            text run at (13,41) width 65: "caption."
        RenderTableSection {TBODY} at (10,73) size 86x48
          RenderTableRow {TR} at (0,2) size 86x21
            RenderTableCell {TD} at (2,2) size 40x21 [r=0 c=0 rs=1 cs=1]
              RenderText {#text} at (1,1) size 38x19
                text run at (1,1) width 38: "Data"
            RenderTableCell {TD} at (44,2) size 40x21 [r=0 c=1 rs=1 cs=1]
              RenderText {#text} at (1,1) size 38x19
                text run at (1,1) width 38: "Data"
          RenderTableRow {TR} at (0,25) size 86x21
            RenderTableCell {TD} at (2,25) size 40x21 [r=1 c=0 rs=1 cs=1]
              RenderText {#text} at (1,1) size 38x19
                text run at (1,1) width 38: "Data"
            RenderTableCell {TD} at (44,25) size 40x21 [r=1 c=1 rs=1 cs=1]
              RenderText {#text} at (1,1) size 38x19
                text run at (1,1) width 38: "Data"
      RenderBlock {HR} at (0,2780) size 964x2 [border: (1px inset #000000)]
      RenderBlock {P} at (0,2798) size 964x35
        RenderInline {A} at (0,0) size 88x19 [color=#0000EE]
          RenderImage {IMG} at (0,0) size 88x31
      RenderBlock {P} at (0,2849) size 964x19
        RenderText {#text} at (0,0) size 71x19
          text run at (0,0) width 71: "(Back to "
        RenderInline {A} at (0,0) size 193x19 [color=#0000EE]
          RenderText {#text} at (71,0) size 193x19
            text run at (71,0) width 193: "CSS Testing Information"
        RenderText {#text} at (264,0) size 10x19
          text run at (264,0) width 10: ", "
        RenderInline {A} at (0,0) size 98x19 [color=#0000EE]
          RenderText {#text} at (274,0) size 98x19
            text run at (274,0) width 98: "David Baron"
        RenderText {#text} at (372,0) size 6x19
          text run at (372,0) width 6: ")"
      RenderBlock {P} at (0,2884) size 964x19
        RenderInline {A} at (0,0) size 32x19 [color=#0000EE]
          RenderText {#text} at (0,0) size 32x19
            text run at (0,0) width 32: "LDB"
        RenderText {#text} at (32,0) size 10x19
          text run at (32,0) width 10: ", "
        RenderInline {A} at (0,0) size 200x19 [color=#0000EE]
          RenderText {#text} at (42,0) size 200x19
            text run at (42,0) width 200: "dbaron@fas.harvard.edu"
