layer at (0,0) size 980x735
  RenderView at (0,0) size 980x735
layer at (0,0) size 980x735
  RenderBlock {HTML} at (0,0) size 980x735
    RenderBody {BODY} at (8,8) size 964x719
      RenderBlock (anonymous) at (0,0) size 964x19
        RenderText {#text} at (0,0) size 10x19
          text run at (0,0) width 10: "1"
      RenderTable {TABLE} at (0,19) size 964x10 [border: (1px outset #808080)]
        RenderTableSection {TBODY} at (1,1) size 962x8
          RenderTableRow {TR} at (0,2) size 962x4
            RenderTableCell {TD} at (2,2) size 958x4 [border: (1px inset #808080)] [r=0 c=0 rs=1 cs=1]
      RenderBlock (anonymous) at (0,29) size 964x38
        RenderText {#text} at (0,0) size 15x19
          text run at (0,0) width 15: "2 "
        RenderBR {BR} at (0,0) size 0x0
        RenderText {#text} at (0,19) size 10x19
          text run at (0,19) width 10: "3"
      RenderTable {TABLE} at (0,67) size 964x6 [border: (1px outset #808080)]
        RenderTableSection {TBODY} at (1,1) size 962x4
          RenderTableRow {TR} at (0,2) size 962x0
      RenderBlock (anonymous) at (0,73) size 964x19
        RenderText {#text} at (0,0) size 10x19
          text run at (0,0) width 10: "4"
