layer at (0,0) size 980x735
  RenderView at (0,0) size 980x735
layer at (0,0) size 51x25
  RenderTable {table} at (0,0) size 51x25
    RenderTableSection (anonymous) at (0,0) size 51x25
      RenderTableRow {tr} at (0,2) size 51x21
        RenderTableCell {td} at (2,2) size 47x21 [r=0 c=0 rs=1 cs=1]
          RenderText {#text} at (1,1) size 45x19
            text run at (1,1) width 45: "a test"
