layer at (0,0) size 980x735
  RenderView at (0,0) size 980x735
layer at (0,0) size 980x735
  RenderBlock {HTML} at (0,0) size 980x735
    RenderBody {BODY} at (8,8) size 964x719
      RenderTable {TABLE} at (0,0) size 600x337 [bgcolor=#FFC0CB]
        RenderTableSection {TBODY} at (0,0) size 600x337
          RenderTableRow {TR} at (0,0) size 600x19
            RenderTableCell {TD} at (0,0) size 600x19 [bgcolor=#FFFF00] [r=0 c=0 rs=1 cs=3]
              RenderText {#text} at (0,0) size 10x19
                text run at (0,0) width 10: "1"
          RenderTableRow {TR} at (0,19) size 600x19
            RenderTableCell {TD} at (0,19) size 600x19 [bgcolor=#FF0000] [r=1 c=0 rs=1 cs=3]
              RenderText {#text} at (0,0) size 10x19
                text run at (0,0) width 10: "2"
          RenderTableRow {TR} at (0,38) size 600x0
            RenderTableCell {TD} at (0,38) size 155x19 [bgcolor=#00FFFF] [r=2 c=0 rs=40 cs=1]
              RenderText {#text} at (0,0) size 10x19
                text run at (0,0) width 10: "3"
          RenderTableRow {TR} at (0,38) size 600x33
            RenderTableCell {TD} at (155,38) size 445x33 [bgcolor=#FFA500] [r=3 c=1 rs=1 cs=1]
              RenderTable {TABLE} at (0,0) size 440x33
                RenderTableSection {TBODY} at (0,0) size 440x33
                  RenderTableRow {TR} at (0,2) size 440x29
                    RenderTableCell {TD} at (2,2) size 217x29 [r=0 c=0 rs=1 cs=1]
                      RenderButton {INPUT} at (3,3) size 106x23 [bgcolor=#C0C0C0] [border: (2px outset #C0C0C0)]
                        RenderBlock (anonymous) at (5,5) size 98x15
                          RenderText at (0,0) size 98x15
                            text run at (0,0) width 98: "Submit Criteria"
                    RenderTableCell {TD} at (221,6) size 217x21 [r=0 c=1 rs=1 cs=1]
                      RenderText {#text} at (1,1) size 10x19
                        text run at (1,1) width 10: "4"
          RenderTableRow {TR} at (0,71) size 600x19
            RenderTableCell {TD} at (155,71) size 445x19 [bgcolor=#FF0000] [r=4 c=1 rs=1 cs=1]
              RenderText {#text} at (0,0) size 10x19
                text run at (0,0) width 10: "5"
          RenderTableRow {TR} at (0,90) size 600x38
            RenderTableCell {TD} at (155,90) size 445x38 [bgcolor=#FFFF00] [r=5 c=1 rs=1 cs=1]
              RenderText {#text} at (0,0) size 408x38
                text run at (0,0) width 334: "If you have entered your feature criteria, "
                text run at (334,0) width 74: "press the"
                text run at (0,19) width 250: "\"Submit Criteria\" button above."
          RenderTableRow {TR} at (0,128) size 600x19
            RenderTableCell {TD} at (155,128) size 445x19 [bgcolor=#D3D3D3] [r=6 c=1 rs=1 cs=1]
              RenderText {#text} at (0,0) size 10x19
                text run at (0,0) width 10: "6"
          RenderTableRow {TR} at (0,147) size 600x76
            RenderTableCell {TD} at (155,147) size 445x76 [r=7 c=1 rs=1 cs=1]
              RenderText {#text} at (0,0) size 425x76
                text run at (0,0) width 336: "If you want to do a radius search instead, "
                text run at (336,0) width 74: "press the"
                text run at (0,19) width 195: "\"Radius Search\" button. "
                text run at (195,19) width 230: "This will allow you to select a"
                text run at (0,38) width 111: "starting point "
                text run at (111,38) width 287: "and enter a radius with new feature"
                text run at (0,57) width 62: "criteria."
          RenderTableRow {TR} at (0,223) size 600x19
            RenderTableCell {TD} at (155,223) size 445x19 [r=8 c=1 rs=1 cs=1]
              RenderText {#text} at (0,0) size 5x19
                text run at (0,0) width 5: " "
          RenderTableRow {TR} at (0,242) size 600x95
            RenderTableCell {TD} at (155,242) size 445x95 [r=9 c=1 rs=1 cs=1]
              RenderText {#text} at (0,0) size 433x95
                text run at (0,0) width 423: "All information provided is deemed reliable but is not"
                text run at (0,19) width 215: "guaranteed and should be "
                text run at (215,19) width 218: "independently verified. The"
                text run at (0,38) width 402: "price shown may represent the top or bottom of a"
                text run at (0,57) width 407: "price range listing and not necessarily a fixed price"
                text run at (0,76) width 44: "offer."
