layer at (0,0) size 980x735
  RenderView at (0,0) size 980x735
layer at (0,0) size 980x735
  RenderBlock {HTML} at (0,0) size 980x735
    RenderBody {BODY} at (8,8) size 964x719
      RenderBlock {H2} at (0,0) size 964x28
        RenderText {#text} at (0,0) size 740x28
          text run at (0,0) width 740: "HTML 4.0 Table Column Proportional Width Constraints"
      RenderBlock {P} at (0,47) size 964x19
        RenderText {#text} at (0,0) size 830x19
          text run at (0,0) width 830: "The table below is 350 pixels wide. The columns are assigned proportional widths using COLs as follows:"
      RenderBlock (anonymous) at (0,82) size 964x60
        RenderInline {TT} at (0,0) size 108x60
          RenderText {#text} at (0,0) size 108x15
            text run at (0,0) width 108: "<col width=50>"
          RenderBR {BR} at (108,12) size 0x0
          RenderText {#text} at (0,15) size 107x15
            text run at (0,15) width 107: "<col width=2*>"
          RenderBR {BR} at (107,27) size 0x0
          RenderText {#text} at (0,30) size 107x15
            text run at (0,30) width 107: "<col width=1*>"
          RenderBR {BR} at (107,42) size 0x0
          RenderText {#text} at (0,45) size 107x15
            text run at (0,45) width 107: "<col width=3*>"
        RenderText {#text} at (0,0) size 0x0
      RenderBlock {P} at (0,158) size 964x76
        RenderText {#text} at (0,0) size 950x76
          text run at (0,0) width 879: "This means the first column should be 50 pixels wide. The remaining width should be divided among the three"
          text run at (0,19) width 950: "remaining columns according to the proportional width statements into six (2+1+3) parts. Since the Table is 350 pixels"
          text run at (0,38) width 938: "wide, and the remaining width is 300 pixels (350-50), the remaining columns should be 100 (2*50), 50 (1*50) and 150"
          text run at (0,57) width 152: "(3*50) pixels wide, "
          text run at (152,57) width 101: "respectively."
      RenderTable {TABLE} at (0,250) size 350x54 [border: (1px outset #808080)]
        RenderTableCol {COLGROUP} at (0,0) size 0x0
          RenderTableCol {COL} at (0,0) size 0x0
          RenderTableCol {COL} at (0,0) size 0x0
          RenderTableCol {COL} at (0,0) size 0x0
          RenderTableCol {COL} at (0,0) size 0x0
        RenderTableSection {TBODY} at (1,1) size 348x52
          RenderTableRow {TR} at (0,2) size 348x23
            RenderTableCell {TH} at (2,2) size 50x23 [border: (1px inset #808080)] [r=0 c=0 rs=1 cs=1]
              RenderText {#text} at (7,2) size 36x19
                text run at (7,2) width 36: "One"
            RenderTableCell {TH} at (54,2) size 94x23 [border: (1px inset #808080)] [r=0 c=1 rs=1 cs=1]
              RenderText {#text} at (28,2) size 38x19
                text run at (28,2) width 38: "Two"
            RenderTableCell {TH} at (150,2) size 99x23 [border: (1px inset #808080)] [r=0 c=2 rs=1 cs=1]
              RenderText {#text} at (23,2) size 53x19
                text run at (23,2) width 53: "Three"
            RenderTableCell {TH} at (251,2) size 95x23 [border: (1px inset #808080)] [r=0 c=3 rs=1 cs=1]
              RenderText {#text} at (27,2) size 41x19
                text run at (27,2) width 41: "Four"
          RenderTableRow {TR} at (0,27) size 348x23
            RenderTableCell {TD} at (2,27) size 50x23 [border: (1px inset #808080)] [r=1 c=0 rs=1 cs=1]
              RenderText {#text} at (2,2) size 31x19
                text run at (2,2) width 31: "Red"
            RenderTableCell {TD} at (54,27) size 94x23 [border: (1px inset #808080)] [r=1 c=1 rs=1 cs=1]
              RenderText {#text} at (2,2) size 49x19
                text run at (2,2) width 49: "Green"
            RenderTableCell {TD} at (150,27) size 99x23 [border: (1px inset #808080)] [r=1 c=2 rs=1 cs=1]
              RenderText {#text} at (2,2) size 35x19
                text run at (2,2) width 35: "Blue"
            RenderTableCell {TD} at (251,27) size 95x23 [border: (1px inset #808080)] [r=1 c=3 rs=1 cs=1]
              RenderText {#text} at (2,2) size 49x19
                text run at (2,2) width 49: "Green"
