layer at (0,0) size 980x868
  RenderView at (0,0) size 980x735
layer at (0,0) size 980x868
  RenderBlock {HTML} at (0,0) size 980x868
    RenderBody {BODY} at (8,8) size 964x852
      RenderBlock {HR} at (0,0) size 964x2 [border: (1px inset #000000)]
      RenderBlock {H3} at (0,20) size 964x22
        RenderText {#text} at (0,0) size 80x22
          text run at (0,0) width 80: "Table 1"
      RenderBlock {PRE} at (0,60) size 964x60
        RenderText {#text} at (0,0) size 215x60
          text run at (0,0) width 215: "<TABLE width=\"500\" border=1>"
          text run at (215,0) width 0: " "
          text run at (0,15) width 95: "<COLGROUP>"
          text run at (95,15) width 0: " "
          text run at (0,30) width 95: "<COLGROUP>"
          text run at (95,30) width 0: " "
          text run at (0,45) width 173: "<COLGROUP width=\"0*\">"
          text run at (173,45) width 0: " "
      RenderTable {TABLE} at (0,133) size 500x79 [border: (1px outset #808080)]
        RenderTableCol {COLGROUP} at (0,0) size 0x0
        RenderTableCol {COLGROUP} at (0,0) size 0x0
        RenderTableCol {COLGROUP} at (0,0) size 0x0
        RenderTableSection {TBODY} at (1,1) size 498x77
          RenderTableRow {TR} at (0,2) size 498x23
            RenderTableCell {TD} at (2,2) size 164x23 [border: (1px inset #808080)] [r=0 c=0 rs=1 cs=1]
              RenderText {#text} at (2,2) size 45x19
                text run at (2,2) width 45: "Cell A"
            RenderTableCell {TD} at (168,2) size 164x23 [border: (1px inset #808080)] [r=0 c=1 rs=1 cs=1]
              RenderText {#text} at (2,2) size 45x19
                text run at (2,2) width 45: "Cell B"
            RenderTableCell {TD} at (334,2) size 162x23 [border: (1px inset #808080)] [r=0 c=2 rs=1 cs=1]
              RenderText {#text} at (2,2) size 45x19
                text run at (2,2) width 45: "Cell C"
          RenderTableRow {TR} at (0,27) size 498x23
            RenderTableCell {TD} at (2,27) size 164x23 [border: (1px inset #808080)] [r=1 c=0 rs=1 cs=1]
              RenderText {#text} at (2,2) size 46x19
                text run at (2,2) width 46: "Cell D"
            RenderTableCell {TD} at (168,27) size 164x23 [border: (1px inset #808080)] [r=1 c=1 rs=1 cs=1]
              RenderText {#text} at (2,2) size 44x19
                text run at (2,2) width 44: "Cell E"
            RenderTableCell {TD} at (334,27) size 162x23 [border: (1px inset #808080)] [r=1 c=2 rs=1 cs=1]
              RenderText {#text} at (2,2) size 43x19
                text run at (2,2) width 43: "Cell F"
          RenderTableRow {TR} at (0,52) size 498x23
            RenderTableCell {TD} at (2,52) size 164x23 [border: (1px inset #808080)] [r=2 c=0 rs=1 cs=1]
              RenderText {#text} at (2,2) size 46x19
                text run at (2,2) width 46: "Cell G"
            RenderTableCell {TD} at (168,52) size 164x23 [border: (1px inset #808080)] [r=2 c=1 rs=1 cs=1]
              RenderText {#text} at (2,2) size 46x19
                text run at (2,2) width 46: "Cell H"
            RenderTableCell {TD} at (334,52) size 162x23 [border: (1px inset #808080)] [r=2 c=2 rs=1 cs=1]
              RenderText {#text} at (2,2) size 39x19
                text run at (2,2) width 39: "Cell I"
      RenderBlock {HR} at (0,220) size 964x2 [border: (1px inset #000000)]
      RenderBlock {H3} at (0,240) size 964x22
        RenderText {#text} at (0,0) size 100x22
          text run at (0,0) width 100: "Table 2.1"
      RenderBlock {PRE} at (0,280) size 964x60
        RenderText {#text} at (0,0) size 215x60
          text run at (0,0) width 215: "<TABLE width=\"500\" border=1>"
          text run at (215,0) width 0: " "
          text run at (0,15) width 173: "<COLGROUP width=\"1*\">"
          text run at (173,15) width 0: " "
          text run at (0,30) width 173: "<COLGROUP width=\"1*\">"
          text run at (173,30) width 0: " "
          text run at (0,45) width 173: "<COLGROUP width=\"0*\">"
          text run at (173,45) width 0: " "
      RenderTable {TABLE} at (0,353) size 500x79 [border: (1px outset #808080)]
        RenderTableCol {COLGROUP} at (0,0) size 0x0
        RenderTableCol {COLGROUP} at (0,0) size 0x0
        RenderTableCol {COLGROUP} at (0,0) size 0x0
        RenderTableSection {TBODY} at (1,1) size 498x77
          RenderTableRow {TR} at (0,2) size 498x23
            RenderTableCell {TD} at (2,2) size 156x23 [border: (1px inset #808080)] [r=0 c=0 rs=1 cs=1]
              RenderText {#text} at (2,2) size 45x19
                text run at (2,2) width 45: "Cell A"
            RenderTableCell {TD} at (160,2) size 181x23 [border: (1px inset #808080)] [r=0 c=1 rs=1 cs=1]
              RenderText {#text} at (2,2) size 53x19
                text run at (2,2) width 53: "Cell_ B"
            RenderTableCell {TD} at (343,2) size 153x23 [border: (1px inset #808080)] [r=0 c=2 rs=1 cs=1]
              RenderText {#text} at (2,2) size 45x19
                text run at (2,2) width 45: "Cell C"
          RenderTableRow {TR} at (0,27) size 498x23
            RenderTableCell {TD} at (2,27) size 156x23 [border: (1px inset #808080)] [r=1 c=0 rs=1 cs=1]
              RenderText {#text} at (2,2) size 46x19
                text run at (2,2) width 46: "Cell D"
            RenderTableCell {TD} at (160,27) size 181x23 [border: (1px inset #808080)] [r=1 c=1 rs=1 cs=1]
              RenderText {#text} at (2,2) size 52x19
                text run at (2,2) width 52: "Cell_ E"
            RenderTableCell {TD} at (343,27) size 153x23 [border: (1px inset #808080)] [r=1 c=2 rs=1 cs=1]
              RenderText {#text} at (2,2) size 43x19
                text run at (2,2) width 43: "Cell F"
          RenderTableRow {TR} at (0,52) size 498x23
            RenderTableCell {TD} at (2,52) size 156x23 [border: (1px inset #808080)] [r=2 c=0 rs=1 cs=1]
              RenderText {#text} at (2,2) size 46x19
                text run at (2,2) width 46: "Cell G"
            RenderTableCell {TD} at (160,52) size 181x23 [border: (1px inset #808080)] [r=2 c=1 rs=1 cs=1]
              RenderText {#text} at (2,2) size 54x19
                text run at (2,2) width 54: "Cell_ H"
            RenderTableCell {TD} at (343,52) size 153x23 [border: (1px inset #808080)] [r=2 c=2 rs=1 cs=1]
              RenderText {#text} at (2,2) size 39x19
                text run at (2,2) width 39: "Cell I"
      RenderBlock {H3} at (0,450) size 964x22
        RenderText {#text} at (0,0) size 100x22
          text run at (0,0) width 100: "Table 2.2"
      RenderBlock {PRE} at (0,490) size 964x60
        RenderText {#text} at (0,0) size 215x60
          text run at (0,0) width 215: "<TABLE width=\"500\" border=1>"
          text run at (215,0) width 0: " "
          text run at (0,15) width 173: "<COLGROUP width=\"1*\">"
          text run at (173,15) width 0: " "
          text run at (0,30) width 173: "<COLGROUP width=\"2*\">"
          text run at (173,30) width 0: " "
          text run at (0,45) width 173: "<COLGROUP width=\"0*\">"
          text run at (173,45) width 0: " "
      RenderTable {TABLE} at (0,563) size 500x79 [border: (1px outset #808080)]
        RenderTableCol {COLGROUP} at (0,0) size 0x0
        RenderTableCol {COLGROUP} at (0,0) size 0x0
        RenderTableCol {COLGROUP} at (0,0) size 0x0
        RenderTableSection {TBODY} at (1,1) size 498x77
          RenderTableRow {TR} at (0,2) size 498x23
            RenderTableCell {TD} at (2,2) size 164x23 [border: (1px inset #808080)] [r=0 c=0 rs=1 cs=1]
              RenderText {#text} at (2,2) size 45x19
                text run at (2,2) width 45: "Cell A"
            RenderTableCell {TD} at (168,2) size 164x23 [border: (1px inset #808080)] [r=0 c=1 rs=1 cs=1]
              RenderText {#text} at (2,2) size 45x19
                text run at (2,2) width 45: "Cell B"
            RenderTableCell {TD} at (334,2) size 162x23 [border: (1px inset #808080)] [r=0 c=2 rs=1 cs=1]
              RenderText {#text} at (2,2) size 45x19
                text run at (2,2) width 45: "Cell C"
          RenderTableRow {TR} at (0,27) size 498x23
            RenderTableCell {TD} at (2,27) size 164x23 [border: (1px inset #808080)] [r=1 c=0 rs=1 cs=1]
              RenderText {#text} at (2,2) size 46x19
                text run at (2,2) width 46: "Cell D"
            RenderTableCell {TD} at (168,27) size 164x23 [border: (1px inset #808080)] [r=1 c=1 rs=1 cs=1]
              RenderText {#text} at (2,2) size 44x19
                text run at (2,2) width 44: "Cell E"
            RenderTableCell {TD} at (334,27) size 162x23 [border: (1px inset #808080)] [r=1 c=2 rs=1 cs=1]
              RenderText {#text} at (2,2) size 43x19
                text run at (2,2) width 43: "Cell F"
          RenderTableRow {TR} at (0,52) size 498x23
            RenderTableCell {TD} at (2,52) size 164x23 [border: (1px inset #808080)] [r=2 c=0 rs=1 cs=1]
              RenderText {#text} at (2,2) size 46x19
                text run at (2,2) width 46: "Cell G"
            RenderTableCell {TD} at (168,52) size 164x23 [border: (1px inset #808080)] [r=2 c=1 rs=1 cs=1]
              RenderText {#text} at (2,2) size 46x19
                text run at (2,2) width 46: "Cell H"
            RenderTableCell {TD} at (334,52) size 162x23 [border: (1px inset #808080)] [r=2 c=2 rs=1 cs=1]
              RenderText {#text} at (2,2) size 39x19
                text run at (2,2) width 39: "Cell I"
      RenderBlock {H3} at (0,660) size 964x22
        RenderText {#text} at (0,0) size 100x22
          text run at (0,0) width 100: "Table 3.1"
      RenderBlock {PRE} at (0,700) size 964x60
        RenderText {#text} at (0,0) size 215x60
          text run at (0,0) width 215: "<TABLE width=\"500\" border=1>"
          text run at (215,0) width 0: " "
          text run at (0,15) width 173: "<COLGROUP width=\"1*\">"
          text run at (173,15) width 0: " "
          text run at (0,30) width 182: "<COLGROUP width=\"100\">"
          text run at (182,30) width 0: " "
          text run at (0,45) width 173: "<COLGROUP width=\"0*\">"
          text run at (173,45) width 0: " "
      RenderTable {TABLE} at (0,773) size 500x79 [border: (1px outset #808080)]
        RenderTableCol {COLGROUP} at (0,0) size 0x0
        RenderTableCol {COLGROUP} at (0,0) size 0x0
        RenderTableCol {COLGROUP} at (0,0) size 0x0
        RenderTableSection {TBODY} at (1,1) size 498x77
          RenderTableRow {TR} at (0,2) size 498x23
            RenderTableCell {TD} at (2,2) size 196x23 [border: (1px inset #808080)] [r=0 c=0 rs=1 cs=1]
              RenderText {#text} at (2,2) size 45x19
                text run at (2,2) width 45: "Cell A"
            RenderTableCell {TD} at (200,2) size 100x23 [border: (1px inset #808080)] [r=0 c=1 rs=1 cs=1]
              RenderText {#text} at (2,2) size 45x19
                text run at (2,2) width 45: "Cell B"
            RenderTableCell {TD} at (302,2) size 194x23 [border: (1px inset #808080)] [r=0 c=2 rs=1 cs=1]
              RenderText {#text} at (2,2) size 45x19
                text run at (2,2) width 45: "Cell C"
          RenderTableRow {TR} at (0,27) size 498x23
            RenderTableCell {TD} at (2,27) size 196x23 [border: (1px inset #808080)] [r=1 c=0 rs=1 cs=1]
              RenderText {#text} at (2,2) size 46x19
                text run at (2,2) width 46: "Cell D"
            RenderTableCell {TD} at (200,27) size 100x23 [border: (1px inset #808080)] [r=1 c=1 rs=1 cs=1]
              RenderText {#text} at (2,2) size 44x19
                text run at (2,2) width 44: "Cell E"
            RenderTableCell {TD} at (302,27) size 194x23 [border: (1px inset #808080)] [r=1 c=2 rs=1 cs=1]
              RenderText {#text} at (2,2) size 43x19
                text run at (2,2) width 43: "Cell F"
          RenderTableRow {TR} at (0,52) size 498x23
            RenderTableCell {TD} at (2,52) size 196x23 [border: (1px inset #808080)] [r=2 c=0 rs=1 cs=1]
              RenderText {#text} at (2,2) size 46x19
                text run at (2,2) width 46: "Cell G"
            RenderTableCell {TD} at (200,52) size 100x23 [border: (1px inset #808080)] [r=2 c=1 rs=1 cs=1]
              RenderText {#text} at (2,2) size 46x19
                text run at (2,2) width 46: "Cell H"
            RenderTableCell {TD} at (302,52) size 194x23 [border: (1px inset #808080)] [r=2 c=2 rs=1 cs=1]
              RenderText {#text} at (2,2) size 39x19
                text run at (2,2) width 39: "Cell I"
