layer at (0,0) size 980x735
  RenderView at (0,0) size 980x735
layer at (0,0) size 980x443
  RenderBlock {HTML} at (0,0) size 980x443
    RenderBody {BODY} at (8,8) size 964x427
      RenderBlock {HR} at (0,0) size 964x2 [border: (1px inset #000000)]
      RenderBlock {H3} at (0,20) size 964x22
        RenderText {#text} at (0,0) size 80x22
          text run at (0,0) width 80: "Table 1"
      RenderBlock {PRE} at (0,60) size 964x60
        RenderText {#text} at (0,0) size 215x60
          text run at (0,0) width 215: "<TABLE width=\"500\" border=1>"
          text run at (215,0) width 0: " "
          text run at (0,15) width 173: "<COLGROUP width=\"1*\">"
          text run at (173,15) width 0: " "
          text run at (0,30) width 173: "<COLGROUP width=\"1*\">"
          text run at (173,30) width 0: " "
          text run at (0,45) width 173: "<COLGROUP width=\"3*\">"
          text run at (173,45) width 0: " "
      RenderTable {TABLE} at (0,133) size 500x79 [border: (1px outset #808080)]
        RenderTableCol {COLGROUP} at (0,0) size 0x0
        RenderTableCol {COLGROUP} at (0,0) size 0x0
        RenderTableCol {COLGROUP} at (0,0) size 0x0
        RenderTableSection {TBODY} at (1,1) size 498x77
          RenderTableRow {TR} at (0,2) size 498x23
            RenderTableCell {TD} at (2,2) size 164x23 [border: (1px inset #808080)] [r=0 c=0 rs=1 cs=1]
              RenderText {#text} at (2,2) size 45x19
                text run at (2,2) width 45: "Cell A"
            RenderTableCell {TD} at (168,2) size 164x23 [border: (1px inset #808080)] [r=0 c=1 rs=1 cs=1]
              RenderText {#text} at (2,2) size 45x19
                text run at (2,2) width 45: "Cell B"
            RenderTableCell {TD} at (334,2) size 162x23 [border: (1px inset #808080)] [r=0 c=2 rs=1 cs=1]
              RenderText {#text} at (2,2) size 45x19
                text run at (2,2) width 45: "Cell C"
          RenderTableRow {TR} at (0,27) size 498x23
            RenderTableCell {TD} at (2,27) size 164x23 [border: (1px inset #808080)] [r=1 c=0 rs=1 cs=1]
              RenderText {#text} at (2,2) size 46x19
                text run at (2,2) width 46: "Cell D"
            RenderTableCell {TD} at (168,27) size 164x23 [border: (1px inset #808080)] [r=1 c=1 rs=1 cs=1]
              RenderText {#text} at (2,2) size 44x19
                text run at (2,2) width 44: "Cell E"
            RenderTableCell {TD} at (334,27) size 162x23 [border: (1px inset #808080)] [r=1 c=2 rs=1 cs=1]
              RenderText {#text} at (2,2) size 43x19
                text run at (2,2) width 43: "Cell F"
          RenderTableRow {TR} at (0,52) size 498x23
            RenderTableCell {TD} at (2,52) size 164x23 [border: (1px inset #808080)] [r=2 c=0 rs=1 cs=1]
              RenderText {#text} at (2,2) size 46x19
                text run at (2,2) width 46: "Cell G"
            RenderTableCell {TD} at (168,52) size 164x23 [border: (1px inset #808080)] [r=2 c=1 rs=1 cs=1]
              RenderText {#text} at (2,2) size 46x19
                text run at (2,2) width 46: "Cell H"
            RenderTableCell {TD} at (334,52) size 162x23 [border: (1px inset #808080)] [r=2 c=2 rs=1 cs=1]
              RenderText {#text} at (2,2) size 39x19
                text run at (2,2) width 39: "Cell I"
      RenderBlock {HR} at (0,220) size 964x2 [border: (1px inset #000000)]
      RenderBlock {H3} at (0,240) size 964x22
        RenderText {#text} at (0,0) size 80x22
          text run at (0,0) width 80: "Table 2"
      RenderBlock {PRE} at (0,280) size 964x45
        RenderText {#text} at (0,0) size 227x45
          text run at (0,0) width 215: "<TABLE width=\"500\" border=1>"
          text run at (215,0) width 0: " "
          text run at (0,15) width 227: "<COLGROUP span=2 width=\"1*\">"
          text run at (227,15) width 0: " "
          text run at (0,30) width 173: "<COLGROUP width=\"3*\">"
          text run at (173,30) width 0: " "
      RenderTable {TABLE} at (0,338) size 500x79 [border: (1px outset #808080)]
        RenderTableCol {COLGROUP} at (0,0) size 0x0
        RenderTableCol {COLGROUP} at (0,0) size 0x0
        RenderTableSection {TBODY} at (1,1) size 498x77
          RenderTableRow {TR} at (0,2) size 498x23
            RenderTableCell {TD} at (2,2) size 164x23 [border: (1px inset #808080)] [r=0 c=0 rs=1 cs=1]
              RenderText {#text} at (2,2) size 45x19
                text run at (2,2) width 45: "Cell A"
            RenderTableCell {TD} at (168,2) size 164x23 [border: (1px inset #808080)] [r=0 c=1 rs=1 cs=1]
              RenderText {#text} at (2,2) size 45x19
                text run at (2,2) width 45: "Cell B"
            RenderTableCell {TD} at (334,2) size 162x23 [border: (1px inset #808080)] [r=0 c=2 rs=1 cs=1]
              RenderText {#text} at (2,2) size 45x19
                text run at (2,2) width 45: "Cell C"
          RenderTableRow {TR} at (0,27) size 498x23
            RenderTableCell {TD} at (2,27) size 164x23 [border: (1px inset #808080)] [r=1 c=0 rs=1 cs=1]
              RenderText {#text} at (2,2) size 46x19
                text run at (2,2) width 46: "Cell D"
            RenderTableCell {TD} at (168,27) size 164x23 [border: (1px inset #808080)] [r=1 c=1 rs=1 cs=1]
              RenderText {#text} at (2,2) size 44x19
                text run at (2,2) width 44: "Cell E"
            RenderTableCell {TD} at (334,27) size 162x23 [border: (1px inset #808080)] [r=1 c=2 rs=1 cs=1]
              RenderText {#text} at (2,2) size 43x19
                text run at (2,2) width 43: "Cell F"
          RenderTableRow {TR} at (0,52) size 498x23
            RenderTableCell {TD} at (2,52) size 164x23 [border: (1px inset #808080)] [r=2 c=0 rs=1 cs=1]
              RenderText {#text} at (2,2) size 46x19
                text run at (2,2) width 46: "Cell G"
            RenderTableCell {TD} at (168,52) size 164x23 [border: (1px inset #808080)] [r=2 c=1 rs=1 cs=1]
              RenderText {#text} at (2,2) size 46x19
                text run at (2,2) width 46: "Cell H"
            RenderTableCell {TD} at (334,52) size 162x23 [border: (1px inset #808080)] [r=2 c=2 rs=1 cs=1]
              RenderText {#text} at (2,2) size 39x19
                text run at (2,2) width 39: "Cell I"
      RenderBlock {HR} at (0,425) size 964x2 [border: (1px inset #000000)]
