layer at (0,0) size 980x735
  RenderView at (0,0) size 980x735
layer at (0,0) size 980x197
  RenderBlock {HTML} at (0,0) size 980x197
    RenderBody {BODY} at (8,8) size 964x181
      RenderBlock (anonymous) at (0,0) size 964x19
        RenderText {#text} at (0,0) size 5x19
          text run at (0,0) width 5: " "
      RenderTable {TABLE} at (0,19) size 202x58 [border: (1px outset #808080)]
        RenderTableSection {TBODY} at (1,1) size 200x56
          RenderTableRow {TR} at (0,2) size 200x25
            RenderTableCell {TD} at (2,2) size 92x25 [border: (1px inset #808080)] [r=0 c=0 rs=1 cs=1]
              RenderText {#text} at (3,3) size 86x19
                text run at (3,3) width 86: "Colspan=0"
          RenderTableRow {TR} at (0,29) size 200x25
            RenderTableCell {TD} at (2,29) size 92x25 [border: (1px inset #808080)] [r=1 c=0 rs=1 cs=1]
              RenderText {#text} at (3,3) size 44x19
                text run at (3,3) width 44: "Cell 2"
            RenderTableCell {TD} at (96,29) size 50x25 [border: (1px inset #808080)] [r=1 c=1 rs=1 cs=1]
              RenderText {#text} at (3,3) size 44x19
                text run at (3,3) width 44: "Cell 3"
            RenderTableCell {TD} at (148,29) size 50x25 [border: (1px inset #808080)] [r=1 c=2 rs=1 cs=1]
              RenderText {#text} at (3,3) size 44x19
                text run at (3,3) width 44: "Cell 4"
      RenderBlock (anonymous) at (0,77) size 964x19
        RenderBR {BR} at (0,0) size 0x19
      RenderTable {TABLE} at (0,96) size 202x85 [border: (1px outset #808080)]
        RenderTableSection {TBODY} at (1,1) size 200x83
          RenderTableRow {TR} at (0,2) size 200x25
            RenderTableCell {TD} at (2,2) size 92x25 [border: (1px inset #808080)] [r=0 c=0 rs=1 cs=1]
              RenderText {#text} at (3,3) size 44x19
                text run at (3,3) width 44: "Cell 2"
            RenderTableCell {TD} at (96,2) size 50x25 [border: (1px inset #808080)] [r=0 c=1 rs=1 cs=1]
              RenderText {#text} at (3,3) size 44x19
                text run at (3,3) width 44: "Cell 3"
            RenderTableCell {TD} at (148,2) size 50x25 [border: (1px inset #808080)] [r=0 c=2 rs=1 cs=1]
              RenderText {#text} at (3,3) size 44x19
                text run at (3,3) width 44: "Cell 4"
          RenderTableRow {TR} at (0,29) size 200x25
            RenderTableCell {TD} at (2,29) size 92x25 [border: (1px inset #808080)] [r=1 c=0 rs=1 cs=1]
              RenderText {#text} at (3,3) size 86x19
                text run at (3,3) width 86: "Colspan=0"
          RenderTableRow {TR} at (0,56) size 200x25
            RenderTableCell {TD} at (2,56) size 92x25 [border: (1px inset #808080)] [r=2 c=0 rs=1 cs=1]
              RenderText {#text} at (3,3) size 44x19
                text run at (3,3) width 44: "Cell 5"
            RenderTableCell {TD} at (96,56) size 50x25 [border: (1px inset #808080)] [r=2 c=1 rs=1 cs=1]
              RenderText {#text} at (3,3) size 44x19
                text run at (3,3) width 44: "Cell 6"
            RenderTableCell {TD} at (148,56) size 50x25 [border: (1px inset #808080)] [r=2 c=2 rs=1 cs=1]
              RenderText {#text} at (3,3) size 44x19
                text run at (3,3) width 44: "Cell 7"
