layer at (0,0) size 980x735
  RenderView at (0,0) size 980x735
layer at (0,0) size 980x735
  RenderBlock {HTML} at (0,0) size 980x735
    RenderBody {BODY} at (8,8) size 964x711
      RenderBlock (anonymous) at (0,0) size 964x38
        RenderText {#text} at (0,0) size 871x38
          text run at (0,0) width 871: "This page shows a difference between IE and Netscape 6 rendering of tables / cells with heights expressed in"
          text run at (0,19) width 105: "percentages."
      RenderBlock {P} at (0,54) size 964x38
        RenderText {#text} at (0,0) size 911x38
          text run at (0,0) width 260: "The table A below has two cells. "
          text run at (260,0) width 493: "Cell A1 contains an invisible image to make the cell fairly tall. "
          text run at (753,0) width 158: "Cell A2 has a height"
          text run at (0,19) width 436: "attribute of 100%, and contains another table, table B."
      RenderBlock {P} at (0,108) size 964x57
        RenderText {#text} at (0,0) size 959x57
          text run at (0,0) width 269: "Table B has two cells, B1 and B2. "
          text run at (269,0) width 316: "B1 has a fixed pixel height of 30 pixels. "
          text run at (585,0) width 205: "B2 has a height of 100%. "
          text run at (790,0) width 159: "In IE, this causes B2"
          text run at (0,19) width 959: "to stretch to fill the entire height of cell A2, while in Netscape 6 / Gecko, it seems to have no impact on the height of cell"
          text run at (0,38) width 26: "A2."
      RenderBlock {P} at (0,181) size 964x208
        RenderTable {TABLE} at (0,0) size 138x208 [border: (1px outset #808080)]
          RenderTableSection {TBODY} at (1,1) size 136x206
            RenderTableRow {TR} at (0,0) size 136x206
              RenderTableCell {TD} at (0,0) size 67x206 [border: (1px inset #808080)] [r=0 c=0 rs=1 cs=1]
                RenderImage {IMG} at (1,1) size 10x200
                RenderText {#text} at (11,186) size 55x19
                  text run at (11,186) width 55: "Cell A1"
              RenderTableCell {TD} at (67,70) size 69x65 [border: (1px inset #808080)] [r=0 c=1 rs=1 cs=1]
                RenderTable {TABLE} at (1,1) size 67x63 [border: (2px outset #808080)]
                  RenderTableSection {TBODY} at (2,2) size 63x59
                    RenderTableRow {TR} at (0,2) size 63x30
                      RenderTableCell {TD} at (2,5) size 59x23 [border: (1px inset #808080)] [r=0 c=0 rs=1 cs=1]
                        RenderText {#text} at (2,2) size 55x19
                          text run at (2,2) width 55: "Cell B1"
                    RenderTableRow {TR} at (0,34) size 63x23
                      RenderTableCell {TD} at (2,34) size 59x23 [bgcolor=#99CC99] [border: (1px inset #808080)] [r=1 c=0 rs=1 cs=1]
                        RenderText {#text} at (2,2) size 55x19
                          text run at (2,2) width 55: "Cell B2"
