layer at (0,0) size 980x735
  RenderView at (0,0) size 980x735
layer at (0,0) size 980x735
  RenderBlock {HTML} at (0,0) size 980x735
    RenderBody {BODY} at (8,8) size 964x719
      RenderTable {TABLE} at (0,0) size 194x68 [border: (3px solid #008000)]
        RenderTableSection {TBODY} at (3,3) size 188x62
          RenderTableRow {TR} at (0,2) size 188x58
            RenderTableCell {TD} at (2,2) size 184x58 [r=0 c=0 rs=1 cs=1]
              RenderTable {TABLE} at (1,1) size 182x56 [border: (3px solid #008000)]
                RenderBlock {CAPTION} at (0,0) size 97x25 [border: (3px solid #FFA500)]
                  RenderText {#text} at (34,3) size 29x19
                    text run at (34,3) width 29: "cap"
                RenderTableSection {TBODY} at (3,28) size 176x25
                  RenderTableRow {TR} at (0,2) size 176x21
                    RenderTableCell {TD} at (2,2) size 172x21 [r=0 c=0 rs=1 cs=1]
                      RenderText {#text} at (1,1) size 170x19
                        text run at (1,1) width 170: "table cell foo and bar"
