layer at (0,0) size 980x735
  RenderView at (0,0) size 980x735
layer at (0,0) size 980x735
  RenderBlock {HTML} at (0,0) size 980x735
    RenderBody {BODY} at (8,8) size 964x719
      RenderTable {TABLE} at (279,0) size 406x56 [border: (3px solid #008000)]
        RenderBlock {CAPTION} at (0,0) size 406x25 [border: (3px solid #FFA500)]
          RenderText {#text} at (188,3) size 30x19
            text run at (188,3) width 30: "cap"
        RenderTableSection {TBODY} at (3,28) size 400x25
          RenderTableRow {TR} at (0,2) size 400x21
            RenderTableCell {TD} at (2,2) size 396x21 [r=0 c=0 rs=1 cs=1]
              RenderText {#text} at (1,1) size 72x19
                text run at (1,1) width 72: "table cell"
