layer at (0,0) size 980x735
  RenderView at (0,0) size 980x735
layer at (0,0) size 980x735
  RenderBlock {HTML} at (0,0) size 980x735
    RenderBody {BODY} at (8,8) size 964x719 [bgcolor=#FFFFFF]
      RenderTable {TABLE} at (0,0) size 964x151 [border: (3px solid #008000)]
        RenderBlock {CAPTION} at (0,0) size 964x25 [border: (3px solid #FFA500)]
          RenderText {#text} at (434,3) size 96x19
            text run at (434,3) width 96: "caption text"
        RenderTableSection {TBODY} at (3,28) size 958x120
          RenderTableRow {TR} at (0,2) size 958x116
            RenderTableCell {TD} at (2,2) size 954x116 [r=0 c=0 rs=1 cs=1]
              RenderText {#text} at (1,1) size 931x114
                text run at (1,1) width 931: "table text which should wrap table text which should wrap table text which should wrap table text which should wrap"
                text run at (1,20) width 931: "table text which should wrap table text which should wrap table text which should wrap table text which should wrap"
                text run at (1,39) width 931: "table text which should wrap table text which should wrap table text which should wrap table text which should wrap"
                text run at (1,58) width 931: "table text which should wrap table text which should wrap table text which should wrap table text which should wrap"
                text run at (1,77) width 931: "table text which should wrap table text which should wrap table text which should wrap table text which should wrap"
                text run at (1,96) width 229: "table text which should wrap"
