layer at (0,0) size 980x735
  RenderView at (0,0) size 980x735
layer at (0,0) size 980x735
  RenderBlock {HTML} at (0,0) size 980x735
    RenderBody {BODY} at (8,8) size 964x719 [bgcolor=#FFFFFF]
      RenderTable {TABLE} at (0,0) size 964x351 [border: (1px outset #808080)]
        RenderTableSection {TBODY} at (1,1) size 962x349
          RenderTableRow {TR} at (0,2) size 962x345
            RenderTableCell {TD} at (2,2) size 958x345 [border: (1px inset #808080)] [r=0 c=0 rs=1 cs=1]
              RenderTable {TABLE} at (2,2) size 954x341 [border: (3px solid #008000)]
                RenderBlock {CAPTION} at (0,0) size 406x25 [border: (3px solid #FFA500)]
                  RenderText {#text} at (55,3) size 296x19
                    text run at (55,3) width 296: "caption text caption text caption text"
                RenderTableSection {TBODY} at (3,28) size 948x310
                  RenderTableRow {TR} at (0,2) size 948x306
                    RenderTableCell {TD} at (2,2) size 944x306 [r=0 c=0 rs=1 cs=1]
                      RenderText {#text} at (1,1) size 931x304
                        text run at (1,1) width 931: "table text which should wrap table text which should wrap table text which should wrap table text which should wrap"
                        text run at (1,20) width 931: "table text which should wrap table text which should wrap table text which should wrap table text which should wrap"
                        text run at (1,39) width 931: "table text which should wrap table text which should wrap table text which should wrap table text which should wrap"
                        text run at (1,58) width 931: "table text which should wrap table text which should wrap table text which should wrap table text which should wrap"
                        text run at (1,77) width 931: "table text which should wrap table text which should wrap table text which should wrap table text which should wrap"
                        text run at (1,96) width 931: "table text which should wrap table text which should wrap table text which should wrap table text which should wrap"
                        text run at (1,115) width 931: "table text which should wrap table text which should wrap table text which should wrap table text which should wrap"
                        text run at (1,134) width 931: "table text which should wrap table text which should wrap table text which should wrap table text which should wrap"
                        text run at (1,153) width 931: "table text which should wrap table text which should wrap table text which should wrap table text which should wrap"
                        text run at (1,172) width 931: "table text which should wrap table text which should wrap table text which should wrap table text which should wrap"
                        text run at (1,191) width 926: "table text which should wrap table text which should wraptable text which should wrap table text which should wrap"
                        text run at (1,210) width 931: "table text which should wrap table text which should wrap table text which should wrap table text which should wrap"
                        text run at (1,229) width 931: "table text which should wrap table text which should wrap table text which should wrap table text which should wrap"
                        text run at (1,248) width 931: "table text which should wrap table text which should wrap table text which should wrap table text which should wrap"
                        text run at (1,267) width 931: "table text which should wrap table text which should wrap table text which should wrap table text which should wrap"
                        text run at (1,286) width 697: "table text which should wrap table text which should wrap table text which should wrap"
