layer at (0,0) size 980x857
  RenderView at (0,0) size 980x735
layer at (0,0) size 980x857
  RenderBlock {HTML} at (0,0) size 980x857
    RenderBody {BODY} at (8,8) size 964x841
      RenderBlock (anonymous) at (0,0) size 964x114
        RenderText {#text} at (0,0) size 400x19
          text run at (0,0) width 400: "The following three examples are 2 nested tables."
        RenderBR {BR} at (400,15) size 0x0
        RenderText {#text} at (0,19) size 894x38
          text run at (0,19) width 894: "The inner table has a height of 100%, the outer table has a height set of 200px, on the <table>, <tr> and <td>"
          text run at (0,38) width 101: "respectively."
        RenderBR {BR} at (101,53) size 0x0
        RenderBR {BR} at (0,57) size 0x19
        RenderText {#text} at (0,76) size 949x19
          text run at (0,76) width 949: "In all examples the inner table should completely fill the outer table. (with respect of the padding and border ofcourse)"
        RenderBR {BR} at (949,91) size 0x0
        RenderBR {BR} at (0,95) size 0x19
      RenderTable {TABLE} at (0,114) size 346x200 [border: (1px outset #808080)]
        RenderTableSection {TBODY} at (1,1) size 344x198
          RenderTableRow {TR} at (0,2) size 344x194
            RenderTableCell {TD} at (2,2) size 340x194 [border: (1px inset #808080)] [r=0 c=0 rs=1 cs=1]
              RenderTable {TABLE} at (2,2) size 336x190 [border: (1px outset #808080)]
                RenderTableSection {TBODY} at (1,1) size 334x188
                  RenderTableRow {TR} at (0,2) size 334x184
                    RenderTableCell {TD} at (2,82) size 330x23 [border: (1px inset #808080)] [r=0 c=0 rs=1 cs=1]
                      RenderText {#text} at (2,2) size 326x19
                        text run at (2,2) width 326: "outer table has height:200px on <table>"
      RenderBlock (anonymous) at (0,314) size 964x19
        RenderBR {BR} at (0,0) size 0x19
      RenderTable {TABLE} at (0,333) size 319x206 [border: (1px outset #808080)]
        RenderTableSection {TBODY} at (1,1) size 317x204
          RenderTableRow {TR} at (0,2) size 317x200
            RenderTableCell {TD} at (2,85) size 313x33 [border: (1px inset #808080)] [r=0 c=0 rs=1 cs=1]
              RenderTable {TABLE} at (2,2) size 309x29 [border: (1px outset #808080)]
                RenderTableSection {TBODY} at (1,1) size 307x27
                  RenderTableRow {TR} at (0,2) size 307x23
                    RenderTableCell {TD} at (2,2) size 303x23 [border: (1px inset #808080)] [r=0 c=0 rs=1 cs=1]
                      RenderText {#text} at (2,2) size 299x19
                        text run at (2,2) width 299: "outer table has height:200px on <tr>"
      RenderBlock (anonymous) at (0,539) size 964x19
        RenderBR {BR} at (0,0) size 0x19
      RenderTable {TABLE} at (0,558) size 322x206 [border: (1px outset #808080)]
        RenderTableSection {TBODY} at (1,1) size 320x204
          RenderTableRow {TR} at (0,2) size 320x200
            RenderTableCell {TD} at (2,2) size 316x200 [border: (1px inset #808080)] [r=0 c=0 rs=1 cs=1]
              RenderTable {TABLE} at (2,2) size 312x196 [border: (1px outset #808080)]
                RenderTableSection {TBODY} at (1,1) size 310x194
                  RenderTableRow {TR} at (0,2) size 310x190
                    RenderTableCell {TD} at (2,85) size 306x23 [border: (1px inset #808080)] [r=0 c=0 rs=1 cs=1]
                      RenderText {#text} at (2,2) size 302x19
                        text run at (2,2) width 302: "outer table has height:200px on <td>"
      RenderBlock (anonymous) at (0,764) size 964x19
        RenderBR {BR} at (0,0) size 0x19
      RenderTable {TABLE} at (0,783) size 802x58 [border: (1px outset #808080)]
        RenderTableSection {TBODY} at (1,1) size 800x56
          RenderTableRow {TR} at (0,2) size 800x52
            RenderTableCell {TD} at (2,2) size 796x52 [border: (1px inset #808080)] [r=0 c=0 rs=1 cs=1]
              RenderTable {TABLE} at (2,2) size 792x48 [border: (1px outset #808080)]
                RenderTableSection {TBODY} at (1,1) size 790x46
                  RenderTableRow {TR} at (0,2) size 790x42
                    RenderTableCell {TD} at (2,2) size 786x42 [border: (1px inset #808080)] [r=0 c=0 rs=1 cs=1]
                      RenderText {#text} at (2,2) size 495x19
                        text run at (2,2) width 495: "outer table has no height set, inner table has a height of 50%."
                      RenderBR {BR} at (497,17) size 0x0
                      RenderText {#text} at (2,21) size 782x19
                        text run at (2,21) width 782: "Here the height should be set to auto, because the height of the outer td depends on the content."
