layer at (0,0) size 980x735
  RenderView at (0,0) size 980x735
layer at (0,0) size 980x86
  RenderBlock {HTML} at (0,0) size 980x86
    RenderBody {BODY} at (8,8) size 964x70
      RenderTable {TABLE} at (0,0) size 964x70
        RenderTableCol {COLGROUP} at (0,0) size 0x0
          RenderTableCol {COL} at (0,0) size 0x0
          RenderTableCol {COL} at (0,0) size 0x0
          RenderTableCol {COL} at (0,0) size 0x0
          RenderTableCol {COL} at (0,0) size 0x0
          RenderTableCol {COL} at (0,0) size 0x0
        RenderTableSection {TBODY} at (0,0) size 964x70
          RenderTableRow {TR} at (0,0) size 964x70
            RenderTableCell {TD} at (0,35) size 26x0 [r=0 c=0 rs=1 cs=1]
            RenderTableCell {TD} at (26,0) size 938x70 [r=0 c=1 rs=1 cs=2]
              RenderBlock {P} at (0,16) size 938x38
                RenderText {#text} at (0,0) size 890x38
                  text run at (0,0) width 890: "Nach der Pruefung der Daten, (Normalerweise benoetigen wir f\x{FC}r die Pruefung nur wenige Minuten, aber wenn"
                  text run at (0,19) width 560: "einmal besonders viel los ist, kann es auch ein wenig laenger dauern.)"
