layer at (0,0) size 980x735
  RenderView at (0,0) size 980x735
layer at (0,0) size 980x418
  RenderBlock {HTML} at (0,0) size 980x418
    RenderBody {BODY} at (8,22) size 964x388
      RenderBlock {H5} at (0,0) size 964x15
        RenderText {#text} at (0,0) size 271x15
          text run at (0,0) width 271: "table - color, tbodies color, row color"
      RenderTable {TABLE} at (0,37) size 192x351 [bgcolor=#FFA500] [border: (1px outset #808080)]
        RenderTableSection {TBODY} at (41,41) size 110x166 [bgcolor=#FF0000]
          RenderTableRow {TR} at (0,40) size 110x23 [bgcolor=#FFFF00]
            RenderTableCell {TD} at (40,40) size 30x23 [border: (1px inset #808080)] [r=0 c=0 rs=1 cs=1]
              RenderText {#text} at (2,2) size 26x19
                text run at (2,2) width 26: "foo"
          RenderTableRow {TR} at (0,103) size 110x23
            RenderTableCell {TD} at (40,103) size 30x23 [border: (1px inset #808080)] [r=1 c=0 rs=1 cs=1]
              RenderText {#text} at (2,2) size 26x19
                text run at (2,2) width 26: "foo"
        RenderTableSection {TBODY} at (41,207) size 110x103 [bgcolor=#008000]
          RenderTableRow {TR} at (0,40) size 110x23
            RenderTableCell {TD} at (40,40) size 30x23 [border: (1px inset #808080)] [r=0 c=0 rs=1 cs=1]
              RenderText {#text} at (2,2) size 26x19
                text run at (2,2) width 26: "foo"
