layer at (0,0) size 980x735
  RenderView at (0,0) size 980x735
layer at (0,0) size 980x735
  RenderBlock {HTML} at (0,0) size 980x735
    RenderBody {BODY} at (8,8) size 964x719
      RenderTable {TABLE} at (0,0) size 504x130 [border: (3px outset #808080)]
        RenderTableSection {TBODY} at (3,3) size 498x124
          RenderTableRow {TR} at (0,2) size 498x120
            RenderTableCell {TD} at (2,2) size 494x120 [border: (1px inset #808080)] [r=0 c=0 rs=1 cs=1]
              RenderTable {TABLE} at (2,2) size 500x116 [border: (2px outset #808080)]
                RenderTableSection {TBODY} at (2,2) size 496x112
                  RenderTableRow {TR} at (0,2) size 496x108
                    RenderTableCell {TD} at (2,2) size 422x108 [border: (1px inset #808080)] [r=0 c=0 rs=1 cs=1]
                      RenderTable {TABLE} at (11,11) size 400x86 [border: (1px outset #808080)]
                        RenderTableSection {TBODY} at (1,1) size 398x84
                          RenderTableRow {TR} at (0,2) size 398x80
                            RenderTableCell {TD} at (2,2) size 394x80 [border: (1px inset #808080)] [r=0 c=0 rs=1 cs=1]
                              RenderText {#text} at (2,2) size 388x76
                                text run at (2,2) width 368: "Have a tip or rumor to share? Just click on the"
                                text run at (2,21) width 388: "icon and if you get a BrowserWatch net.fame be"
                                text run at (2,40) width 354: "sure and display the icon on your own home"
                                text run at (2,59) width 151: "page for all to see!"
                    RenderTableCell {TD} at (426,35) size 68x41 [border: (1px inset #808080)] [r=0 c=1 rs=1 cs=1]
                      RenderText {#text} at (11,11) size 26x19
                        text run at (11,11) width 26: "foo"
