layer at (0,0) size 980x735
  RenderView at (0,0) size 980x735
layer at (0,0) size 980x735
  RenderBlock {HTML} at (0,0) size 980x735
    RenderBody {BODY} at (8,8) size 964x719
      RenderTable {TABLE} at (0,0) size 267x241 [border: (1px outset #808080)]
        RenderTableSection {TBODY} at (1,1) size 265x239
          RenderTableRow {TR} at (0,2) size 265x23
            RenderTableCell {TD} at (2,11) size 49x4 [border: (1px inset #808080)] [r=0 c=0 rs=1 cs=1]
            RenderTableCell {TD} at (53,2) size 76x23 [border: (1px inset #808080)] [r=0 c=1 rs=1 cs=1]
              RenderText {#text} at (2,2) size 38x19
                text run at (2,2) width 38: "col 1"
            RenderTableCell {TD} at (131,2) size 54x23 [border: (1px inset #808080)] [r=0 c=2 rs=1 cs=1]
              RenderText {#text} at (2,2) size 38x19
                text run at (2,2) width 38: "col 2"
            RenderTableCell {TD} at (187,2) size 76x23 [border: (1px inset #808080)] [r=0 c=3 rs=1 cs=1]
              RenderText {#text} at (2,2) size 38x19
                text run at (2,2) width 38: "col 3"
          RenderTableRow {TR} at (0,27) size 265x23
            RenderTableCell {TD} at (2,27) size 49x23 [border: (1px inset #808080)] [r=1 c=0 rs=1 cs=1]
              RenderText {#text} at (2,2) size 45x19
                text run at (2,2) width 45: "row 1"
            RenderTableCell {TD} at (53,27) size 210x210 [border: (1px inset #808080)] [r=1 c=1 rs=3 cs=3]
              RenderBlock (floating) {DIV} at (2,2) size 206x206 [border: (3px solid #FF0000)]
                RenderText {#text} at (79,3) size 48x19
                  text run at (79,3) width 48: "tjosan"
          RenderTableRow {TR} at (0,52) size 265x50
            RenderTableCell {TD} at (2,65) size 49x23 [border: (1px inset #808080)] [r=2 c=0 rs=1 cs=1]
              RenderText {#text} at (2,2) size 45x19
                text run at (2,2) width 45: "row 2"
          RenderTableRow {TR} at (0,104) size 265x133
            RenderTableCell {TD} at (2,159) size 49x23 [border: (1px inset #808080)] [r=3 c=0 rs=1 cs=1]
              RenderText {#text} at (2,2) size 45x19
                text run at (2,2) width 45: "row 3"
      RenderBlock (anonymous) at (0,241) size 964x27
        RenderButton {INPUT} at (2,2) size 56x23 [bgcolor=#C0C0C0] [border: (2px outset #C0C0C0)]
          RenderBlock (anonymous) at (5,5) size 48x15
            RenderText at (0,0) size 48x15
              text run at (0,0) width 48: "expand"
        RenderText {#text} at (60,4) size 5x19
          text run at (60,4) width 5: " "
        RenderButton {INPUT} at (67,2) size 41x23 [bgcolor=#C0C0C0] [border: (2px outset #C0C0C0)]
          RenderBlock (anonymous) at (5,5) size 33x15
            RenderText at (0,0) size 33x15
              text run at (0,0) width 33: "sizes"
        RenderText {#text} at (0,0) size 0x0
