layer at (0,0) size 980x735
  RenderView at (0,0) size 980x735
layer at (0,0) size 980x119
  RenderBlock {HTML} at (0,0) size 980x119
    RenderBody {BODY} at (8,8) size 964x103
      RenderTable {TABLE} at (0,0) size 400x103 [border: (1px outset #808080)]
        RenderTableSection {TBODY} at (1,1) size 398x101
          RenderTableRow {TR} at (0,0) size 398x101
            RenderTableCell {TD} at (0,0) size 302x101 [border: (1px inset #808080)] [r=0 c=0 rs=1 cs=2]
              RenderTable {TABLE} at (1,1) size 300x99 [border: (1px outset #808080)]
                RenderTableSection {TBODY} at (1,1) size 298x97
                  RenderTableRow {TR} at (0,0) size 298x97
                    RenderTableCell {TD} at (0,0) size 298x97 [border: (1px inset #808080)] [r=0 c=0 rs=1 cs=1]
                      RenderText {#text} at (1,1) size 275x95
                        text run at (1,1) width 275: "Presidential candidates George W."
                        text run at (1,20) width 270: "Bush and Al Gore are expected to"
                        text run at (1,39) width 215: "show a kinder, gentler side"
                        text run at (1,58) width 274: "Wednesday in the second of three"
                        text run at (1,77) width 232: "nationally televised debates. "
                      RenderBR {BR} at (233,92) size 0x0
            RenderTableCell {TD} at (302,2) size 96x97 [border: (1px inset #808080)] [r=0 c=2 rs=1 cs=1]
              RenderBlock (anonymous) at (1,1) size 94x95
                RenderInline {FONT} at (0,0) size 86x95 [color=#CC3333]
                  RenderText {#text} at (0,0) size 86x95
                    text run at (0,0) width 85: "Avon.com:"
                    text run at (0,19) width 27: "Fall"
                    text run at (0,38) width 65: "makeup"
                    text run at (0,57) width 81: "sale. Save"
                    text run at (0,76) width 86: "up to 47%."
              RenderBlock (anonymous) at (1,96) size 94x0 [color=#CC3333]
                RenderBlock {FORM} at (0,0) size 94x0
              RenderBlock (anonymous) at (1,96) size 94x0
                RenderInline {FONT} at (0,0) size 0x0 [color=#CC3333]
