layer at (0,0) size 980x735
  RenderView at (0,0) size 980x735
layer at (0,0) size 980x735
  RenderBlock {HTML} at (0,0) size 980x735
    RenderBody {BODY} at (8,8) size 964x719
      RenderBlock {P} at (0,0) size 964x19
        RenderText {#text} at (0,0) size 432x19
          text run at (0,0) width 432: "300xp height value set on THEAD, TBODY, and TFOOT"
      RenderTable {TABLE} at (0,35) size 310x83 [border: (1px outset #808080)]
        RenderTableSection {THEAD} at (1,1) size 308x27
          RenderTableRow {TR} at (0,2) size 308x23
            RenderTableCell {TH} at (2,2) size 304x23 [border: (1px inset #808080)] [r=0 c=0 rs=1 cs=1]
              RenderText {#text} at (2,2) size 300x19
                text run at (2,2) width 300: "This THEAD should be 300px high"
        RenderTableSection {TFOOT} at (1,55) size 308x27
          RenderTableRow {TR} at (0,2) size 308x23
            RenderTableCell {TD} at (2,2) size 304x23 [border: (1px inset #808080)] [r=0 c=0 rs=1 cs=1]
              RenderText {#text} at (2,2) size 267x19
                text run at (2,2) width 267: "This TFOOT should be 300px high"
        RenderTableSection {TBODY} at (1,28) size 308x27
          RenderTableRow {TR} at (0,2) size 308x23
            RenderTableCell {TD} at (2,2) size 304x23 [border: (1px inset #808080)] [r=0 c=0 rs=1 cs=1]
              RenderText {#text} at (2,2) size 274x19
                text run at (2,2) width 274: "This TBODY should be 300px hight"
