layer at (0,0) size 980x735
  RenderView at (0,0) size 980x735
layer at (0,0) size 980x735
  RenderBlock {HTML} at (0,0) size 980x735
    RenderBody {BODY} at (8,8) size 964x719
      RenderBlock (anonymous) at (0,0) size 964x19
        RenderText {#text} at (0,0) size 5x19
          text run at (0,0) width 5: " "
      RenderTable {TABLE} at (0,19) size 79x54 [border: (1px outset #808080)]
        RenderTableSection {TBODY} at (1,1) size 77x52
          RenderTableRow {TR} at (0,2) size 77x0
            RenderTableCell {TD} at (2,2) size 73x23 [border: (1px inset #808080)] [r=0 c=0 rs=2 cs=1]
              RenderText {#text} at (2,2) size 69x19
                text run at (2,2) width 69: "First row"
          RenderTableRow {TR} at (0,4) size 77x21
          RenderTableRow {TR} at (0,27) size 77x23
            RenderTableCell {TD} at (2,27) size 73x23 [border: (1px inset #808080)] [r=2 c=0 rs=1 cs=1]
              RenderText {#text} at (2,2) size 68x19
                text run at (2,2) width 68: "Last row"
      RenderBlock (anonymous) at (0,73) size 964x19
        RenderText {#text} at (0,0) size 10x19
          text run at (0,0) width 10: "  "
      RenderTable {TABLE} at (0,92) size 79x54 [border: (1px outset #808080)]
        RenderTableSection {TBODY} at (1,1) size 77x52
          RenderTableRow {TR} at (0,2) size 77x0
            RenderTableCell {TD} at (2,2) size 73x23 [border: (1px inset #808080)] [r=0 c=0 rs=3 cs=1]
              RenderText {#text} at (2,2) size 69x19
                text run at (2,2) width 69: "First row"
          RenderTableRow {TR} at (0,4) size 77x0
          RenderTableRow {TR} at (0,6) size 77x19
          RenderTableRow {TR} at (0,27) size 77x23
            RenderTableCell {TD} at (2,27) size 73x23 [border: (1px inset #808080)] [r=3 c=0 rs=1 cs=1]
              RenderText {#text} at (2,2) size 68x19
                text run at (2,2) width 68: "Last row"
      RenderBlock (anonymous) at (0,146) size 964x19
        RenderText {#text} at (0,0) size 15x19
          text run at (0,0) width 15: "   "
      RenderTable {TABLE} at (0,165) size 79x54 [border: (1px outset #808080)]
        RenderTableSection {TBODY} at (1,1) size 77x52
          RenderTableRow {TR} at (0,2) size 77x0
            RenderTableCell {TD} at (2,2) size 73x23 [border: (1px inset #808080)] [r=0 c=0 rs=4 cs=1]
              RenderText {#text} at (2,2) size 69x19
                text run at (2,2) width 69: "First row"
          RenderTableRow {TR} at (0,4) size 77x0
          RenderTableRow {TR} at (0,6) size 77x0
          RenderTableRow {TR} at (0,8) size 77x17
          RenderTableRow {TR} at (0,27) size 77x23
            RenderTableCell {TD} at (2,27) size 73x23 [border: (1px inset #808080)] [r=4 c=0 rs=1 cs=1]
              RenderText {#text} at (2,2) size 68x19
                text run at (2,2) width 68: "Last row"
      RenderBlock (anonymous) at (0,219) size 964x38
        RenderBR {BR} at (0,0) size 0x19
        RenderText {#text} at (0,19) size 138x19
          text run at (0,19) width 138: "an additional test"
      RenderTable {TABLE} at (0,257) size 39x54 [border: (1px outset #808080)]
        RenderTableSection {TBODY} at (1,1) size 37x52
          RenderTableRow {TR} at (0,2) size 37x0
            RenderTableCell {TD} at (2,2) size 33x23 [border: (1px inset #808080)] [r=0 c=0 rs=2 cs=1]
              RenderText {#text} at (2,2) size 10x19
                text run at (2,2) width 10: "1"
          RenderTableRow {TR} at (0,4) size 37x21
          RenderTableRow {TR} at (0,27) size 37x23
            RenderTableCell {TD} at (2,27) size 33x23 [border: (1px inset #808080)] [r=2 c=0 rs=1 cs=1]
              RenderText {#text} at (2,2) size 29x19
                text run at (2,2) width 29: "abc"
