layer at (0,0) size 980x735
  RenderView at (0,0) size 980x735
layer at (0,0) size 980x735
  RenderBlock {HTML} at (0,0) size 980x735
    RenderBody {BODY} at (8,8) size 964x719
      RenderTable {TABLE} at (0,0) size 199x246 [bgcolor=#FF0000] [border: (1px outset #808080)]
        RenderTableSection {TBODY} at (1,1) size 197x244
          RenderTableRow {TR} at (0,20) size 197x23
            RenderTableCell {TD} at (20,20) size 33x23 [border: (1px inset #808080)] [r=0 c=0 rs=1 cs=1]
              RenderText {#text} at (2,2) size 29x19
                text run at (2,2) width 29: "Cell"
            RenderTableCell {TD} at (73,20) size 104x204 [border: (1px inset #808080)] [r=0 c=1 rs=2 cs=1]
              RenderImage {IMG} at (2,2) size 100x200
              RenderText {#text} at (0,0) size 0x0
          RenderTableRow {TR} at (0,63) size 197x161
            RenderTableCell {TD} at (20,132) size 33x23 [border: (1px inset #808080)] [r=1 c=0 rs=1 cs=1]
              RenderText {#text} at (2,2) size 29x19
                text run at (2,2) width 29: "Cell"
