layer at (0,0) size 980x792
  RenderView at (0,0) size 980x735
layer at (0,0) size 980x792
  RenderBlock {HTML} at (0,0) size 980x792
    RenderBody {BODY} at (8,8) size 964x776
      RenderTable {TABLE} at (0,0) size 964x776 [border: (1px outset #808080)]
        RenderTableSection {TBODY} at (1,1) size 962x774
          RenderTableRow {TR} at (0,0) size 962x21
            RenderTableCell {TD} at (0,0) size 85x21 [border: (1px inset #808080)] [r=0 c=0 rs=1 cs=1]
              RenderText {#text} at (1,1) size 26x19
                text run at (1,1) width 26: "foo"
            RenderTableCell {TD} at (85,0) size 877x21 [border: (1px inset #808080)] [r=0 c=1 rs=1 cs=1]
              RenderText {#text} at (1,1) size 27x19
                text run at (1,1) width 27: "bar"
          RenderTableRow {TR} at (0,21) size 962x753
            RenderTableCell {TD} at (0,21) size 962x753 [border: (1px inset #808080)] [r=1 c=0 rs=1 cs=2]
              RenderTable {TABLE} at (1,1) size 960x751 [border: (1px outset #808080)]
                RenderTableSection {TBODY} at (1,1) size 958x749
                  RenderTableRow {TR} at (0,2) size 958x745
                    RenderTableCell {TD} at (2,2) size 954x745 [border: (1px inset #808080)] [r=0 c=0 rs=1 cs=1]
                      RenderText {#text} at (2,2) size 889x38
                        text run at (2,2) width 889: "When the Whiten house burned down in Renfrew Ontario, the insurer denied liability, asserting that the Plaintiff"
                        text run at (2,21) width 603: "Daphne Whiten was the cause of the fire herself and had committed arson."
                      RenderBR {BR} at (605,36) size 0x0
                      RenderBR {BR} at (2,40) size 0x19
                      RenderText {#text} at (2,59) size 938x76
                        text run at (2,59) width 931: "The insurance company had not only refused to pay, but had received opinions from its adjuster, its expert engineer"
                        text run at (2,78) width 924: "and an investigative agency that the fire was accidental. Its own adjuster had recommended the claim be paid. The"
                        text run at (2,97) width 934: "defendant's counsel, as the court found, had pressured experts to provide opinions supporting an arson defence and"
                        text run at (2,116) width 938: "withheld relevant information from the experts and gave them misleading information to buttress the arson defence."
                      RenderBR {BR} at (940,131) size 0x0
                      RenderBR {BR} at (2,135) size 0x19
                      RenderText {#text} at (2,154) size 808x19
                        text run at (2,154) width 808: "After the fire the Plaintiff and her husband, Keith Whiten needed welfare assistance to support them."
                      RenderBR {BR} at (810,169) size 0x0
                      RenderBR {BR} at (2,173) size 0x19
                      RenderText {#text} at (2,192) size 935x57
                        text run at (2,192) width 916: "The jury, however, in a 4 week trial, disagreed with the position of the insurance company. It awarded not only the"
                        text run at (2,211) width 935: "policy sum against the insurer, but also was sufficiently annoyed with the conduct of the company to award a further"
                        text run at (2,230) width 297: "punitive damage award of $1 million."
                      RenderBR {BR} at (299,245) size 0x0
                      RenderBR {BR} at (2,249) size 0x19
                      RenderText {#text} at (2,268) size 896x57
                        text run at (2,268) width 896: "The company appealed. At the time of the appeal, the company acknowledged that the fire was accidental. The"
                        text run at (2,287) width 896: "Ontario Court of Appeal reversed the jury award and in a 2-1 decision determined that there should be a cap on"
                        text run at (2,306) width 248: "punitive damages of $100,000."
                      RenderBR {BR} at (250,321) size 0x0
                      RenderBR {BR} at (2,325) size 0x19
                      RenderText {#text} at (2,344) size 941x95
                        text run at (2,344) width 937: "Lawyers became hard pressed to reconcile this decision with a prior case, Hill vs. Church of Scientology. Hill, a Crown"
                        text run at (2,363) width 863: "Attorney, had sued the Church for libel due to statements made accusing him of breaching a judge's order. "
                        text run at (865,363) width 22: "He"
                        text run at (2,382) width 923: "succeeded. The jury at trial, aside from awarding compensatory damages, also awarded a punitive damage sum of"
                        text run at (2,401) width 941: "$800,000. The decision was appealed without success to the Ontario Court of Appeal and again to the Supreme Court"
                        text run at (2,420) width 658: "of Canada. The award of punitive damages was sustained at both appellate levels."
                      RenderBR {BR} at (660,435) size 0x0
                      RenderBR {BR} at (2,439) size 0x19
                      RenderText {#text} at (2,458) size 946x57
                        text run at (2,458) width 927: "In the Whiten case, the insurance industry is mounting all its ammunition to maintain the notion of a cap on punitive"
                        text run at (2,477) width 946: "damages. It is expected that the Court of Appeal decision will receive a rough ride in the Supreme Court, given the Hill"
                        text run at (2,496) width 211: "decision a few years prior."
                      RenderBR {BR} at (213,511) size 0x0
                      RenderBR {BR} at (2,515) size 0x19
                      RenderText {#text} at (2,534) size 922x76
                        text run at (2,534) width 922: "The concept of punitive damages is designed to act as civil penalty imposed on a wrong doer, which has conducted"
                        text run at (2,553) width 921: "itself in a vindictive manner, which offends one's sense of propriety - high handed shocking behaviour. Traditionally"
                        text run at (2,572) width 900: "the financial abilities of the wrong doer are a factor - the deeper the pockets the more substantial the sum to be"
                        text run at (2,591) width 75: "awarded."
                      RenderBR {BR} at (77,606) size 0x0
                      RenderBR {BR} at (2,610) size 0x19
                      RenderText {#text} at (2,629) size 945x95
                        text run at (2,629) width 930: "Canadian courts have been reluctant to embrace the concept - awards such as Hill are rare. It is worthy of note that"
                        text run at (2,648) width 908: "the dissenting reasons of Justice Laskin in Whiten were much in favour of maintaining the trial award - a lucid and"
                        text run at (2,667) width 941: "powerful dissent written by a much respected jurist. Much attention will be given to this decision. Oral argument is set"
                        text run at (2,686) width 945: "for the week of December 11th. A decision will likely be forthcoming in March to June time period. This decision will be"
                        text run at (2,705) width 621: "no doubt a much quoted decision for many years, regardless of the outcome."
                      RenderBR {BR} at (623,720) size 0x0
                      RenderBR {BR} at (2,724) size 0x19
