layer at (0,0) size 980x4405
  RenderView at (0,0) size 980x735
layer at (0,0) size 980x4405
  RenderBlock {HTML} at (0,0) size 980x4405
    RenderBody {BODY} at (8,8) size 964x4389
      RenderBlock {DIV} at (0,0) size 964x4374
        RenderBlock (anonymous) at (0,0) size 964x19
          RenderText {#text} at (0,0) size 5x19
            text run at (0,0) width 5: " "
        RenderTable {TABLE} at (67,19) size 473x4310
          RenderTableSection {TBODY} at (0,0) size 473x4310
            RenderTableRow {TR} at (0,0) size 473x42
              RenderTableCell {TD} at (0,0) size 473x42 [r=0 c=0 rs=1 cs=4]
                RenderBlock {P} at (7,0) size 459x0
                  RenderInline {B} at (0,0) size 0x0
                    RenderInline {SPAN} at (0,0) size 0x0
                      RenderInline {O:P} at (0,0) size 0x0
                RenderBlock {P} at (7,0) size 459x42
                  RenderInline {B} at (0,0) size 447x36
                    RenderInline {SPAN} at (0,0) size 447x36
                      RenderInline {FONT} at (0,0) size 447x42 [color=#008080]
                        RenderText {#text} at (6,0) size 447x42
                          text run at (6,0) width 246: "Radio Channel usage at "
                          text run at (251,0) width 202: "Bayside.    Rev date"
                          text run at (190,21) width 79: "6-25-01"
                RenderBlock {P} at (7,42) size 459x0
                  RenderInline {B} at (0,0) size 0x0
                    RenderInline {SPAN} at (0,0) size 0x0
                      RenderInline {O:P} at (0,0) size 0x0
            RenderTableRow {TR} at (0,42) size 473x34
              RenderTableCell {TD} at (0,42) size 110x34 [r=1 c=0 rs=1 cs=1]
                RenderInline {B} at (0,0) size 70x36
                  RenderInline {SPAN} at (0,0) size 70x35
                    RenderText {#text} at (20,0) size 70x35
                      text run at (20,0) width 70: "Channel"
                      text run at (22,17) width 66: "number"
                RenderText {#text} at (0,0) size 0x0
              RenderTableCell {TD} at (110,42) size 165x17 [r=1 c=1 rs=1 cs=1]
                RenderInline {B} at (0,0) size 121x19
                  RenderInline {SPAN} at (0,0) size 121x18
                    RenderText {#text} at (22,0) size 121x18
                      text run at (22,0) width 121: "Member name"
                RenderText {#text} at (0,0) size 0x0
              RenderTableCell {TD} at (275,42) size 94x34 [r=1 c=2 rs=1 cs=1]
                RenderBlock {P} at (7,0) size 80x17
                  RenderInline {B} at (0,0) size 56x15
                    RenderInline {SPAN} at (0,0) size 56x18
                      RenderText {#text} at (12,0) size 56x18
                        text run at (12,0) width 56: "Proper"
                      RenderInline {SPAN} at (0,0) size 0x18
                        RenderInline {O:P} at (0,0) size 0x18
                RenderBlock {P} at (7,17) size 80x17
                  RenderInline {B} at (0,0) size 48x15
                    RenderInline {SPAN} at (0,0) size 48x18
                      RenderText {#text} at (16,0) size 48x18
                        text run at (16,0) width 48: "Plane"
              RenderTableCell {TD} at (369,42) size 104x34 [r=1 c=3 rs=1 cs=1]
                RenderBlock {P} at (7,0) size 90x17
                  RenderInline {B} at (0,0) size 88x15
                    RenderInline {SPAN} at (0,0) size 88x18
                      RenderText {#text} at (1,0) size 88x18
                        text run at (1,0) width 88: "Helicopter"
                      RenderInline {SPAN} at (0,0) size 1x18
                        RenderInline {O:P} at (0,0) size 1x18
                RenderBlock {P} at (7,17) size 90x17
                  RenderInline {B} at (0,0) size 68x15
                    RenderInline {SPAN} at (0,0) size 68x18
                      RenderText {#text} at (11,0) size 68x18
                        text run at (11,0) width 68: "thingy.-"
            RenderTableRow {TR} at (0,76) size 473x30
              RenderTableCell {TD} at (0,76) size 110x15 [r=2 c=0 rs=1 cs=1]
                RenderBlock {P} at (7,0) size 96x15
                  RenderText {#text} at (40,0) size 16x15
                    text run at (40,0) width 16: "00"
                  RenderInline {SPAN} at (0,0) size 0x15
                    RenderInline {O:P} at (0,0) size 0x15
              RenderTableCell {TD} at (110,76) size 165x30 [r=2 c=1 rs=1 cs=1]
                RenderBlock {P} at (7,0) size 151x15
                  RenderText {#text} at (0,0) size 65x15
                    text run at (0,0) width 65: "Paul Scott"
                RenderBlock {P} at (7,15) size 151x15
                  RenderText {#text} at (0,0) size 108x15
                    text run at (0,0) width 108: "Donald Carvalho"
                  RenderInline {SPAN} at (0,0) size 0x15
                    RenderInline {O:P} at (0,0) size 0x15
              RenderTableCell {TD} at (275,76) size 94x15 [r=2 c=2 rs=1 cs=1]
                RenderBlock {P} at (7,0) size 80x15
                  RenderText {#text} at (31,0) size 18x15
                    text run at (31,0) width 18: "No"
                  RenderInline {SPAN} at (0,0) size 0x15
                    RenderInline {O:P} at (0,0) size 0x15
              RenderTableCell {TD} at (369,76) size 104x15 [r=2 c=3 rs=1 cs=1]
                RenderBlock {P} at (7,0) size 90x15
                  RenderText {#text} at (33,0) size 24x15
                    text run at (33,0) width 24: "Yes"
                  RenderInline {SPAN} at (0,0) size 1x15
                    RenderInline {O:P} at (0,0) size 1x15
            RenderTableRow {TR} at (0,106) size 473x15
              RenderTableCell {TD} at (0,106) size 110x15 [r=3 c=0 rs=1 cs=1]
                RenderBlock {P} at (7,0) size 96x15
                  RenderText {#text} at (40,0) size 16x15
                    text run at (40,0) width 16: "01"
                  RenderInline {SPAN} at (0,0) size 0x15
                    RenderInline {O:P} at (0,0) size 0x15
              RenderTableCell {TD} at (110,106) size 165x15 [r=3 c=1 rs=1 cs=1]
                RenderBlock {P} at (7,0) size 151x15
                  RenderText {#text} at (0,0) size 65x15
                    text run at (0,0) width 65: "Paul Scott"
                  RenderInline {SPAN} at (0,0) size 0x15
                    RenderInline {O:P} at (0,0) size 0x15
              RenderTableCell {TD} at (275,106) size 94x15 [r=3 c=2 rs=1 cs=1]
                RenderBlock {P} at (7,0) size 80x15
                  RenderText {#text} at (31,0) size 18x15
                    text run at (31,0) width 18: "No"
                  RenderInline {SPAN} at (0,0) size 0x15
                    RenderInline {O:P} at (0,0) size 0x15
              RenderTableCell {TD} at (369,106) size 104x15 [r=3 c=3 rs=1 cs=1]
                RenderBlock {P} at (7,0) size 90x15
                  RenderText {#text} at (33,0) size 24x15
                    text run at (33,0) width 24: "Yes"
                  RenderInline {SPAN} at (0,0) size 1x15
                    RenderInline {O:P} at (0,0) size 1x15
            RenderTableRow {TR} at (0,121) size 473x19
              RenderTableCell {TD} at (0,121) size 110x15 [r=4 c=0 rs=1 cs=1]
                RenderBlock {P} at (7,0) size 96x15
                  RenderInline {FONT} at (0,0) size 16x15
                    RenderText {#text} at (40,0) size 16x15
                      text run at (40,0) width 16: "02"
                  RenderText {#text} at (0,0) size 0x0
              RenderTableCell {TD} at (110,121) size 165x15 [r=4 c=1 rs=1 cs=1]
                RenderInline {FONT} at (0,0) size 63x15
                  RenderText {#text} at (7,0) size 63x15
                    text run at (7,0) width 63: "Don Coon"
                RenderText {#text} at (0,0) size 0x0
              RenderTableCell {TD} at (275,121) size 94x19 [r=4 c=2 rs=1 cs=1]
                RenderText {#text} at (7,0) size 5x19
                  text run at (7,0) width 5: " "
              RenderTableCell {TD} at (369,121) size 104x19 [r=4 c=3 rs=1 cs=1]
                RenderText {#text} at (7,0) size 5x19
                  text run at (7,0) width 5: " "
            RenderTableRow {TR} at (0,140) size 473x30
              RenderTableCell {TD} at (0,140) size 110x15 [r=5 c=0 rs=1 cs=1]
                RenderInline {FONT} at (0,0) size 16x15
                  RenderText {#text} at (47,0) size 16x15
                    text run at (47,0) width 16: "05"
                RenderText {#text} at (0,0) size 0x0
              RenderTableCell {TD} at (110,140) size 165x30 [r=5 c=1 rs=1 cs=1]
                RenderBlock {P} at (7,0) size 151x15
                  RenderInline {FONT} at (0,0) size 65x15
                    RenderText {#text} at (0,0) size 65x15
                      text run at (0,0) width 65: "Paul Scott"
                RenderBlock {P} at (7,15) size 151x15
                  RenderInline {FONT} at (0,0) size 56x15
                    RenderText {#text} at (0,0) size 56x15
                      text run at (0,0) width 56: "Bill Hunt"
                    RenderInline {SPAN} at (0,0) size 0x15
                      RenderInline {O:P} at (0,0) size 0x15
              RenderTableCell {TD} at (275,140) size 94x15 [r=5 c=2 rs=1 cs=1]
                RenderBlock {P} at (7,0) size 80x15
                  RenderInline {FONT} at (0,0) size 18x15
                    RenderText {#text} at (31,0) size 18x15
                      text run at (31,0) width 18: "No"
                    RenderInline {SPAN} at (0,0) size 0x15
                      RenderInline {O:P} at (0,0) size 0x15
              RenderTableCell {TD} at (369,140) size 104x15 [r=5 c=3 rs=1 cs=1]
                RenderBlock {P} at (7,0) size 90x15
                  RenderInline {FONT} at (0,0) size 24x15
                    RenderText {#text} at (33,0) size 24x15
                      text run at (33,0) width 24: "Yes"
                    RenderInline {SPAN} at (0,0) size 1x15
                      RenderInline {O:P} at (0,0) size 1x15
            RenderTableRow {TR} at (0,170) size 473x45
              RenderTableCell {TD} at (0,170) size 110x15 [r=6 c=0 rs=1 cs=1]
                RenderInline {FONT} at (0,0) size 16x15
                  RenderText {#text} at (47,0) size 16x15
                    text run at (47,0) width 16: "06"
                RenderText {#text} at (0,0) size 0x0
              RenderTableCell {TD} at (110,170) size 165x45 [r=6 c=1 rs=1 cs=1]
                RenderInline {FONT} at (0,0) size 127x45
                  RenderText {#text} at (7,0) size 127x45
                    text run at (7,0) width 34: "Gene"
                    text run at (7,15) width 127: "Pheiffer                   "
                    text run at (7,30) width 96: "Alberto Lanzas"
                RenderText {#text} at (0,0) size 0x0
              RenderTableCell {TD} at (275,170) size 94x30 [r=6 c=2 rs=1 cs=1]
                RenderBlock {P} at (7,0) size 80x15
                  RenderText {#text} at (28,0) size 24x15
                    text run at (28,0) width 24: "Yes"
                RenderBlock {P} at (7,15) size 80x15
                  RenderText {#text} at (28,0) size 24x15
                    text run at (28,0) width 24: "Yes"
              RenderTableCell {TD} at (369,170) size 104x30 [r=6 c=3 rs=1 cs=1]
                RenderBlock (anonymous) at (7,0) size 90x15
                  RenderInline {SPAN} at (0,0) size 18x19
                    RenderInline {FONT} at (0,0) size 18x15
                      RenderText {#text} at (36,0) size 18x15
                        text run at (36,0) width 18: "No"
                  RenderText {#text} at (0,0) size 0x0
                RenderBlock {P} at (7,15) size 90x15
                  RenderText {#text} at (33,0) size 24x15
                    text run at (33,0) width 24: "Yes"
            RenderTableRow {TR} at (0,215) size 473x15
              RenderTableCell {TD} at (0,215) size 110x15 [r=7 c=0 rs=1 cs=1]
                RenderBlock {P} at (7,0) size 96x15
                  RenderInline {FONT} at (0,0) size 16x15
                    RenderText {#text} at (40,0) size 16x15
                      text run at (40,0) width 16: "07"
                  RenderText {#text} at (0,0) size 0x0
              RenderTableCell {TD} at (110,215) size 165x15 [r=7 c=1 rs=1 cs=1]
                RenderInline {FONT} at (0,0) size 57x15
                  RenderText {#text} at (7,0) size 57x15
                    text run at (7,0) width 57: "Phil Cole"
                RenderText {#text} at (0,0) size 0x0
              RenderTableCell {TD} at (275,215) size 94x15 [r=7 c=2 rs=1 cs=1]
                RenderBlock {P} at (7,0) size 80x15
                  RenderInline {FONT} at (0,0) size 24x15
                    RenderText {#text} at (28,0) size 24x15
                      text run at (28,0) width 24: "Yes"
                  RenderText {#text} at (0,0) size 0x0
              RenderTableCell {TD} at (369,215) size 104x15 [r=7 c=3 rs=1 cs=1]
                RenderBlock {P} at (7,0) size 90x15
                  RenderInline {FONT} at (0,0) size 24x15
                    RenderText {#text} at (33,0) size 24x15
                      text run at (33,0) width 24: "Yes"
                  RenderText {#text} at (0,0) size 0x0
            RenderTableRow {TR} at (0,230) size 473x30
              RenderTableCell {TD} at (0,230) size 110x15 [r=8 c=0 rs=1 cs=1]
                RenderBlock {P} at (7,0) size 96x15
                  RenderText {#text} at (40,0) size 16x15
                    text run at (40,0) width 16: "08"
                  RenderInline {SPAN} at (0,0) size 0x15
                    RenderInline {O:P} at (0,0) size 0x15
              RenderTableCell {TD} at (110,230) size 165x30 [r=8 c=1 rs=1 cs=1]
                RenderBlock {P} at (7,0) size 151x15
                  RenderText {#text} at (0,0) size 65x15
                    text run at (0,0) width 65: "Paul Scott"
                RenderBlock {P} at (7,15) size 151x15
                  RenderText {#text} at (0,0) size 89x15
                    text run at (0,0) width 89: "Gene Pheiffer"
                  RenderInline {SPAN} at (0,0) size 0x15
                    RenderInline {O:P} at (0,0) size 0x15
              RenderTableCell {TD} at (275,230) size 94x30 [r=8 c=2 rs=1 cs=1]
                RenderBlock {P} at (7,0) size 80x15
                  RenderText {#text} at (31,0) size 18x15
                    text run at (31,0) width 18: "No"
                RenderBlock {P} at (7,15) size 80x15
                  RenderText {#text} at (28,0) size 24x15
                    text run at (28,0) width 24: "Yes"
                  RenderInline {SPAN} at (0,0) size 1x15
                    RenderInline {O:P} at (0,0) size 1x15
              RenderTableCell {TD} at (369,230) size 104x30 [r=8 c=3 rs=1 cs=1]
                RenderBlock {P} at (7,0) size 90x15
                  RenderText {#text} at (33,0) size 24x15
                    text run at (33,0) width 24: "Yes"
                RenderBlock {P} at (7,15) size 90x15
                  RenderText {#text} at (36,0) size 18x15
                    text run at (36,0) width 18: "No"
                  RenderInline {SPAN} at (0,0) size 0x15
                    RenderInline {O:P} at (0,0) size 0x15
            RenderTableRow {TR} at (0,260) size 473x45
              RenderTableCell {TD} at (0,260) size 110x15 [r=9 c=0 rs=1 cs=1]
                RenderBlock {P} at (7,0) size 96x15
                  RenderText {#text} at (0,0) size 96x15
                    text run at (0,0) width 96: "Programmable"
                  RenderInline {SPAN} at (0,0) size 0x15
                    RenderInline {O:P} at (0,0) size 0x15
              RenderTableCell {TD} at (110,260) size 165x45 [r=9 c=1 rs=1 cs=1]
                RenderBlock {P} at (7,0) size 151x15
                  RenderText {#text} at (0,0) size 124x15
                    text run at (0,0) width 124: "Richard Pevehouse"
                  RenderInline {SPAN} at (0,0) size 0x15
                    RenderInline {O:P} at (0,0) size 0x15
                RenderBlock {P} at (7,15) size 151x15
                  RenderText {#text} at (0,0) size 74x15
                    text run at (0,0) width 74: "Gary Heath"
                RenderBlock {P} at (7,30) size 151x15
                  RenderText {#text} at (0,0) size 75x15
                    text run at (0,0) width 75: "Scott Hersh"
                  RenderInline {SPAN} at (0,0) size 0x15
                    RenderInline {O:P} at (0,0) size 0x15
              RenderTableCell {TD} at (275,260) size 94x30 [r=9 c=2 rs=1 cs=1]
                RenderBlock {P} at (7,0) size 80x15
                  RenderText {#text} at (28,0) size 24x15
                    text run at (28,0) width 24: "Yes"
                  RenderInline {SPAN} at (0,0) size 1x15
                    RenderInline {O:P} at (0,0) size 1x15
                RenderBlock {P} at (7,15) size 80x15
                  RenderText {#text} at (31,0) size 18x15
                    text run at (31,0) width 18: "No"
                  RenderInline {SPAN} at (0,0) size 0x15
                    RenderInline {O:P} at (0,0) size 0x15
              RenderTableCell {TD} at (369,260) size 104x30 [r=9 c=3 rs=1 cs=1]
                RenderBlock {P} at (7,0) size 90x15
                  RenderText {#text} at (36,0) size 18x15
                    text run at (36,0) width 18: "No"
                  RenderInline {SPAN} at (0,0) size 0x15
                    RenderInline {O:P} at (0,0) size 0x15
                RenderBlock {P} at (7,15) size 90x15
                  RenderText {#text} at (33,0) size 24x15
                    text run at (33,0) width 24: "Yes"
                  RenderInline {SPAN} at (0,0) size 1x15
                    RenderInline {O:P} at (0,0) size 1x15
            RenderTableRow {TR} at (0,305) size 473x105
              RenderTableCell {TD} at (0,305) size 110x15 [r=10 c=0 rs=1 cs=1]
                RenderBlock {P} at (7,0) size 96x15
                  RenderText {#text} at (40,0) size 16x15
                    text run at (40,0) width 16: "11"
                  RenderInline {SPAN} at (0,0) size 0x15
                    RenderInline {O:P} at (0,0) size 0x15
              RenderTableCell {TD} at (110,305) size 165x105 [r=10 c=1 rs=1 cs=1]
                RenderBlock {P} at (7,0) size 151x15
                  RenderText {#text} at (0,0) size 95x15
                    text run at (0,0) width 95: "George Cowan"
                  RenderInline {SPAN} at (0,0) size 0x15
                    RenderInline {O:P} at (0,0) size 0x15
                RenderBlock {P} at (7,15) size 151x15
                  RenderText {#text} at (0,0) size 87x15
                    text run at (0,0) width 87: "Rick Klement"
                  RenderInline {SPAN} at (0,0) size 0x15
                    RenderInline {O:P} at (0,0) size 0x15
                RenderBlock {P} at (7,30) size 151x15
                  RenderText {#text} at (0,0) size 90x15
                    text run at (0,0) width 90: "John Mathews"
                RenderBlock {P} at (7,45) size 151x15
                  RenderText {#text} at (0,0) size 63x15
                    text run at (0,0) width 63: "Ed Cypret"
                RenderBlock {P} at (7,60) size 151x15
                  RenderText {#text} at (0,0) size 96x15
                    text run at (0,0) width 96: "John Chamorro"
                RenderBlock {P} at (7,75) size 151x15
                  RenderText {#text} at (0,0) size 96x15
                    text run at (0,0) width 96: "John Yearwood"
                RenderBlock {P} at (7,90) size 151x15
                  RenderText {#text} at (0,0) size 100x15
                    text run at (0,0) width 100: "Jason Anderson"
                  RenderInline {SPAN} at (0,0) size 0x15
                    RenderInline {O:P} at (0,0) size 0x15
              RenderTableCell {TD} at (275,305) size 94x105 [r=10 c=2 rs=1 cs=1]
                RenderBlock {P} at (7,0) size 80x15
                  RenderText {#text} at (28,0) size 24x15
                    text run at (28,0) width 24: "Yes"
                  RenderInline {SPAN} at (0,0) size 1x15
                    RenderInline {O:P} at (0,0) size 1x15
                RenderBlock {P} at (7,15) size 80x15
                  RenderText {#text} at (28,0) size 24x15
                    text run at (28,0) width 24: "Yes"
                  RenderInline {SPAN} at (0,0) size 1x15
                    RenderInline {O:P} at (0,0) size 1x15
                RenderBlock {P} at (7,30) size 80x15
                  RenderText {#text} at (28,0) size 24x15
                    text run at (28,0) width 24: "Yes"
                RenderBlock {P} at (7,45) size 80x15
                  RenderText {#text} at (38,0) size 4x15
                    text run at (38,0) width 4: " "
                RenderBlock {P} at (7,60) size 80x15
                  RenderText {#text} at (38,0) size 4x15
                    text run at (38,0) width 4: " "
                RenderBlock {P} at (7,75) size 80x15
                  RenderText {#text} at (28,0) size 24x15
                    text run at (28,0) width 24: "Yes"
                RenderBlock {P} at (7,90) size 80x15
                  RenderText {#text} at (28,0) size 24x15
                    text run at (28,0) width 24: "Yes"
                  RenderInline {SPAN} at (0,0) size 1x15
                    RenderInline {O:P} at (0,0) size 1x15
              RenderTableCell {TD} at (369,305) size 104x105 [r=10 c=3 rs=1 cs=1]
                RenderBlock {P} at (7,0) size 90x15
                  RenderText {#text} at (36,0) size 18x15
                    text run at (36,0) width 18: "No"
                  RenderInline {SPAN} at (0,0) size 0x15
                    RenderInline {O:P} at (0,0) size 0x15
                RenderBlock {P} at (7,15) size 90x15
                  RenderText {#text} at (33,0) size 24x15
                    text run at (33,0) width 24: "Yes"
                  RenderInline {SPAN} at (0,0) size 1x15
                    RenderInline {O:P} at (0,0) size 1x15
                RenderBlock {P} at (7,30) size 90x15
                  RenderText {#text} at (36,0) size 18x15
                    text run at (36,0) width 18: "No"
                RenderBlock {P} at (7,45) size 90x15
                  RenderText {#text} at (43,0) size 4x15
                    text run at (43,0) width 4: " "
                RenderBlock {P} at (7,60) size 90x15
                  RenderText {#text} at (43,0) size 4x15
                    text run at (43,0) width 4: " "
                RenderBlock {P} at (7,75) size 90x15
                  RenderText {#text} at (36,0) size 18x15
                    text run at (36,0) width 18: "No"
                RenderBlock {P} at (7,90) size 90x15
                  RenderText {#text} at (36,0) size 18x15
                    text run at (36,0) width 18: "No"
                  RenderInline {SPAN} at (0,0) size 0x15
                    RenderInline {O:P} at (0,0) size 0x15
            RenderTableRow {TR} at (0,410) size 473x75
              RenderTableCell {TD} at (0,410) size 110x15 [r=11 c=0 rs=1 cs=1]
                RenderBlock {P} at (7,0) size 96x15
                  RenderText {#text} at (40,0) size 16x15
                    text run at (40,0) width 16: "12"
                  RenderInline {SPAN} at (0,0) size 0x15
                    RenderInline {O:P} at (0,0) size 0x15
              RenderTableCell {TD} at (110,410) size 165x75 [r=11 c=1 rs=1 cs=1]
                RenderBlock {P} at (7,0) size 151x15
                  RenderText {#text} at (0,0) size 87x15
                    text run at (0,0) width 87: "Rick Klement"
                RenderBlock {P} at (7,15) size 151x15
                  RenderText {#text} at (0,0) size 100x15
                    text run at (0,0) width 100: "George Coward"
                RenderBlock {P} at (7,30) size 151x15
                  RenderText {#text} at (0,0) size 101x15
                    text run at (0,0) width 101: "Gerald Cardinal"
                RenderBlock {P} at (7,45) size 151x15
                  RenderText {#text} at (0,0) size 82x15
                    text run at (0,0) width 82: "Brock Brown"
                RenderBlock {P} at (7,60) size 151x15
                  RenderText {#text} at (0,0) size 113x15
                    text run at (0,0) width 113: "Ellsworth Crowell"
              RenderTableCell {TD} at (275,410) size 94x75 [r=11 c=2 rs=1 cs=1]
                RenderBlock {P} at (7,0) size 80x15
                  RenderText {#text} at (28,0) size 24x15
                    text run at (28,0) width 24: "Yes"
                RenderBlock {P} at (7,15) size 80x15
                  RenderText {#text} at (28,0) size 24x15
                    text run at (28,0) width 24: "Yes"
                RenderBlock {P} at (7,30) size 80x15
                  RenderText {#text} at (38,0) size 4x15
                    text run at (38,0) width 4: " "
                RenderBlock {P} at (7,45) size 80x15
                  RenderText {#text} at (28,0) size 24x15
                    text run at (28,0) width 24: "Yes"
                RenderBlock {P} at (7,60) size 80x15
                  RenderText {#text} at (28,0) size 24x15
                    text run at (28,0) width 24: "Yes"
                  RenderInline {SPAN} at (0,0) size 1x15
                    RenderInline {O:P} at (0,0) size 1x15
              RenderTableCell {TD} at (369,410) size 104x75 [r=11 c=3 rs=1 cs=1]
                RenderBlock {P} at (7,0) size 90x15
                  RenderText {#text} at (33,0) size 24x15
                    text run at (33,0) width 24: "Yes"
                RenderBlock {P} at (7,15) size 90x15
                  RenderText {#text} at (36,0) size 18x15
                    text run at (36,0) width 18: "No"
                RenderBlock {P} at (7,30) size 90x15
                  RenderText {#text} at (43,0) size 4x15
                    text run at (43,0) width 4: " "
                RenderBlock {P} at (7,45) size 90x15
                  RenderText {#text} at (36,0) size 18x15
                    text run at (36,0) width 18: "No"
                RenderBlock {P} at (7,60) size 90x15
                  RenderText {#text} at (36,0) size 18x15
                    text run at (36,0) width 18: "No"
                  RenderInline {SPAN} at (0,0) size 0x15
                    RenderInline {O:P} at (0,0) size 0x15
            RenderTableRow {TR} at (0,485) size 473x60
              RenderTableCell {TD} at (0,485) size 110x15 [r=12 c=0 rs=1 cs=1]
                RenderBlock {P} at (7,0) size 96x15
                  RenderText {#text} at (40,0) size 16x15
                    text run at (40,0) width 16: "13"
                  RenderInline {SPAN} at (0,0) size 0x15
                    RenderInline {O:P} at (0,0) size 0x15
              RenderTableCell {TD} at (110,485) size 165x60 [r=12 c=1 rs=1 cs=1]
                RenderBlock {P} at (7,0) size 151x15
                  RenderText {#text} at (0,0) size 77x15
                    text run at (0,0) width 77: " Oliver Baer"
                RenderBlock {P} at (7,15) size 151x15
                  RenderText {#text} at (0,0) size 66x15
                    text run at (0,0) width 66: "Joe Araujo"
                RenderBlock {P} at (7,30) size 151x15
                  RenderText {#text} at (0,0) size 83x15
                    text run at (0,0) width 83: "Jim Mirowski"
                RenderBlock {P} at (7,45) size 151x15
                  RenderText {#text} at (0,0) size 75x15
                    text run at (0,0) width 75: "Scott Hersh"
                  RenderInline {SPAN} at (0,0) size 0x15
                    RenderInline {O:P} at (0,0) size 0x15
              RenderTableCell {TD} at (275,485) size 94x60 [r=12 c=2 rs=1 cs=1]
                RenderBlock {P} at (7,0) size 80x15
                  RenderText {#text} at (26,0) size 28x15
                    text run at (26,0) width 28: " Yes"
                RenderBlock {P} at (7,15) size 80x15
                  RenderText {#text} at (38,0) size 4x15
                    text run at (38,0) width 4: " "
                RenderBlock {P} at (7,30) size 80x15
                  RenderText {#text} at (38,0) size 4x15
                    text run at (38,0) width 4: " "
                RenderBlock {P} at (7,45) size 80x15
                  RenderText {#text} at (28,0) size 24x15
                    text run at (28,0) width 24: "Yes"
                  RenderInline {SPAN} at (0,0) size 1x15
                    RenderInline {O:P} at (0,0) size 1x15
              RenderTableCell {TD} at (369,485) size 104x60 [r=12 c=3 rs=1 cs=1]
                RenderBlock {P} at (7,0) size 90x15
                  RenderText {#text} at (34,0) size 22x15
                    text run at (34,0) width 22: " No"
                RenderBlock {P} at (7,15) size 90x15
                  RenderText {#text} at (43,0) size 4x15
                    text run at (43,0) width 4: " "
                RenderBlock {P} at (7,30) size 90x15
                  RenderText {#text} at (43,0) size 4x15
                    text run at (43,0) width 4: " "
                RenderBlock {P} at (7,45) size 90x15
                  RenderText {#text} at (36,0) size 18x15
                    text run at (36,0) width 18: "No"
                  RenderInline {SPAN} at (0,0) size 0x15
                    RenderInline {O:P} at (0,0) size 0x15
            RenderTableRow {TR} at (0,545) size 473x45
              RenderTableCell {TD} at (0,545) size 110x15 [r=13 c=0 rs=1 cs=1]
                RenderBlock {P} at (7,0) size 96x15
                  RenderText {#text} at (40,0) size 16x15
                    text run at (40,0) width 16: "14"
                  RenderInline {SPAN} at (0,0) size 0x15
                    RenderInline {O:P} at (0,0) size 0x15
              RenderTableCell {TD} at (110,545) size 165x45 [r=13 c=1 rs=1 cs=1]
                RenderBlock {P} at (7,0) size 151x15
                  RenderText {#text} at (0,0) size 70x15
                    text run at (0,0) width 70: " Joe Araujo"
                RenderBlock {P} at (7,15) size 151x15
                  RenderText {#text} at (0,0) size 85x15
                    text run at (0,0) width 85: "Steve Gilbert"
                RenderBlock {P} at (7,30) size 151x15
                  RenderText {#text} at (0,0) size 92x15
                    text run at (0,0) width 92: "Gary Williams"
                  RenderInline {SPAN} at (0,0) size 0x15
                    RenderInline {O:P} at (0,0) size 0x15
              RenderTableCell {TD} at (275,545) size 94x30 [r=13 c=2 rs=1 cs=1]
                RenderBlock {P} at (7,0) size 80x15
                  RenderText {#text} at (38,0) size 4x15
                    text run at (38,0) width 4: " "
                RenderBlock {P} at (7,15) size 80x15
                  RenderText {#text} at (28,0) size 24x15
                    text run at (28,0) width 24: "Yes"
                  RenderInline {SPAN} at (0,0) size 1x15
                    RenderInline {O:P} at (0,0) size 1x15
              RenderTableCell {TD} at (369,545) size 104x30 [r=13 c=3 rs=1 cs=1]
                RenderBlock {P} at (7,0) size 90x15
                  RenderText {#text} at (43,0) size 4x15
                    text run at (43,0) width 4: " "
                RenderBlock {P} at (7,15) size 90x15
                  RenderText {#text} at (36,0) size 18x15
                    text run at (36,0) width 18: "No"
                  RenderInline {SPAN} at (0,0) size 0x15
                    RenderInline {O:P} at (0,0) size 0x15
            RenderTableRow {TR} at (0,590) size 473x75
              RenderTableCell {TD} at (0,590) size 110x15 [r=14 c=0 rs=1 cs=1]
                RenderBlock {P} at (7,0) size 96x15
                  RenderText {#text} at (40,0) size 16x15
                    text run at (40,0) width 16: "15"
                  RenderInline {SPAN} at (0,0) size 0x15
                    RenderInline {O:P} at (0,0) size 0x15
              RenderTableCell {TD} at (110,590) size 165x75 [r=14 c=1 rs=1 cs=1]
                RenderBlock {P} at (7,0) size 151x15
                  RenderText {#text} at (0,0) size 77x15
                    text run at (0,0) width 77: " Oliver Baer"
                RenderBlock {P} at (7,15) size 151x15
                  RenderText {#text} at (0,0) size 62x15
                    text run at (0,0) width 62: "Joe Smith"
                RenderBlock {P} at (7,30) size 151x15
                  RenderText {#text} at (0,0) size 64x15
                    text run at (0,0) width 64: "John Paye"
                RenderBlock {P} at (7,45) size 151x15
                  RenderText {#text} at (0,0) size 96x15
                    text run at (0,0) width 96: "John Yearwood"
                RenderBlock {P} at (7,60) size 151x15
                  RenderText {#text} at (0,0) size 83x15
                    text run at (0,0) width 83: "Harald Close"
                  RenderInline {SPAN} at (0,0) size 0x15
                    RenderInline {O:P} at (0,0) size 0x15
              RenderTableCell {TD} at (275,590) size 94x75 [r=14 c=2 rs=1 cs=1]
                RenderBlock {P} at (7,0) size 80x15
                  RenderText {#text} at (26,0) size 28x15
                    text run at (26,0) width 28: " Yes"
                RenderBlock {P} at (7,15) size 80x15
                  RenderText {#text} at (38,0) size 4x15
                    text run at (38,0) width 4: " "
                RenderBlock {P} at (7,30) size 80x15
                  RenderText {#text} at (38,0) size 4x15
                    text run at (38,0) width 4: " "
                RenderBlock {P} at (7,45) size 80x15
                  RenderText {#text} at (28,0) size 24x15
                    text run at (28,0) width 24: "Yes"
                RenderBlock {P} at (7,60) size 80x15
                  RenderText {#text} at (28,0) size 24x15
                    text run at (28,0) width 24: "Yes"
                  RenderInline {SPAN} at (0,0) size 1x15
                    RenderInline {O:P} at (0,0) size 1x15
              RenderTableCell {TD} at (369,590) size 104x75 [r=14 c=3 rs=1 cs=1]
                RenderBlock {P} at (7,0) size 90x15
                  RenderText {#text} at (34,0) size 22x15
                    text run at (34,0) width 22: " No"
                RenderBlock {P} at (7,15) size 90x15
                  RenderText {#text} at (43,0) size 4x15
                    text run at (43,0) width 4: " "
                RenderBlock {P} at (7,30) size 90x15
                  RenderText {#text} at (43,0) size 4x15
                    text run at (43,0) width 4: " "
                RenderBlock {P} at (7,45) size 90x15
                  RenderText {#text} at (36,0) size 18x15
                    text run at (36,0) width 18: "No"
                RenderBlock {P} at (7,60) size 90x15
                  RenderText {#text} at (36,0) size 18x15
                    text run at (36,0) width 18: "No"
                  RenderInline {SPAN} at (0,0) size 0x15
                    RenderInline {O:P} at (0,0) size 0x15
            RenderTableRow {TR} at (0,665) size 473x30
              RenderTableCell {TD} at (0,665) size 110x15 [r=15 c=0 rs=1 cs=1]
                RenderBlock {P} at (7,0) size 96x15
                  RenderText {#text} at (40,0) size 16x15
                    text run at (40,0) width 16: "16"
                  RenderInline {SPAN} at (0,0) size 0x15
                    RenderInline {O:P} at (0,0) size 0x15
              RenderTableCell {TD} at (110,665) size 165x30 [r=15 c=1 rs=1 cs=1]
                RenderBlock {P} at (7,0) size 151x15
                  RenderText {#text} at (0,0) size 101x15
                    text run at (0,0) width 101: " James Haladus"
                RenderBlock {P} at (7,15) size 151x15
                  RenderText {#text} at (0,0) size 62x15
                    text run at (0,0) width 62: "Joe Smith"
                  RenderInline {SPAN} at (0,0) size 0x15
                    RenderInline {O:P} at (0,0) size 0x15
              RenderTableCell {TD} at (275,665) size 94x15 [r=15 c=2 rs=1 cs=1]
                RenderBlock {P} at (7,0) size 80x15
                  RenderText {#text} at (26,0) size 28x15
                    text run at (26,0) width 28: " Yes"
                  RenderInline {SPAN} at (0,0) size 1x15
                    RenderInline {O:P} at (0,0) size 1x15
              RenderTableCell {TD} at (369,665) size 104x15 [r=15 c=3 rs=1 cs=1]
                RenderBlock {P} at (7,0) size 90x15
                  RenderText {#text} at (34,0) size 22x15
                    text run at (34,0) width 22: " No"
                  RenderInline {SPAN} at (0,0) size 0x15
                    RenderInline {O:P} at (0,0) size 0x15
            RenderTableRow {TR} at (0,695) size 473x75
              RenderTableCell {TD} at (0,695) size 110x15 [r=16 c=0 rs=1 cs=1]
                RenderBlock {P} at (7,0) size 96x15
                  RenderText {#text} at (40,0) size 16x15
                    text run at (40,0) width 16: "17"
                  RenderInline {SPAN} at (0,0) size 0x15
                    RenderInline {O:P} at (0,0) size 0x15
              RenderTableCell {TD} at (110,695) size 165x75 [r=16 c=1 rs=1 cs=1]
                RenderBlock {P} at (7,0) size 151x15
                  RenderText {#text} at (0,0) size 69x15
                    text run at (0,0) width 69: "Doug Field"
                  RenderInline {SPAN} at (0,0) size 0x15
                    RenderInline {O:P} at (0,0) size 0x15
                RenderBlock {P} at (7,15) size 151x15
                  RenderText {#text} at (0,0) size 79x15
                    text run at (0,0) width 79: "Dave Neves"
                RenderBlock {P} at (7,30) size 151x15
                  RenderText {#text} at (0,0) size 73x15
                    text run at (0,0) width 73: "Oliver Baer"
                RenderBlock {P} at (7,45) size 151x15
                  RenderText {#text} at (0,0) size 64x15
                    text run at (0,0) width 64: "John Todd"
                RenderBlock {P} at (7,60) size 151x15
                  RenderText {#text} at (0,0) size 119x15
                    text run at (0,0) width 119: "Dave Christiansen"
                  RenderInline {SPAN} at (0,0) size 0x15
                    RenderInline {O:P} at (0,0) size 0x15
              RenderTableCell {TD} at (275,695) size 94x75 [r=16 c=2 rs=1 cs=1]
                RenderBlock {P} at (7,0) size 80x15
                  RenderText {#text} at (28,0) size 24x15
                    text run at (28,0) width 24: "Yes"
                  RenderInline {SPAN} at (0,0) size 1x15
                    RenderInline {O:P} at (0,0) size 1x15
                RenderBlock {P} at (7,15) size 80x15
                  RenderText {#text} at (28,0) size 24x15
                    text run at (28,0) width 24: "Yes"
                RenderBlock {P} at (7,30) size 80x15
                  RenderText {#text} at (28,0) size 24x15
                    text run at (28,0) width 24: "Yes"
                RenderBlock {P} at (7,45) size 80x15
                  RenderText {#text} at (38,0) size 4x15
                    text run at (38,0) width 4: " "
                RenderBlock {P} at (7,60) size 80x15
                  RenderText {#text} at (28,0) size 24x15
                    text run at (28,0) width 24: "Yes"
                  RenderInline {SPAN} at (0,0) size 1x15
                    RenderInline {O:P} at (0,0) size 1x15
              RenderTableCell {TD} at (369,695) size 104x75 [r=16 c=3 rs=1 cs=1]
                RenderBlock {P} at (7,0) size 90x15
                  RenderText {#text} at (36,0) size 18x15
                    text run at (36,0) width 18: "No"
                  RenderInline {SPAN} at (0,0) size 0x15
                    RenderInline {O:P} at (0,0) size 0x15
                RenderBlock {P} at (7,15) size 90x15
                  RenderText {#text} at (33,0) size 24x15
                    text run at (33,0) width 24: "Yes"
                RenderBlock {P} at (7,30) size 90x15
                  RenderText {#text} at (36,0) size 18x15
                    text run at (36,0) width 18: "No"
                RenderBlock {P} at (7,45) size 90x15
                  RenderText {#text} at (43,0) size 4x15
                    text run at (43,0) width 4: " "
                RenderBlock {P} at (7,60) size 90x15
                  RenderText {#text} at (36,0) size 18x15
                    text run at (36,0) width 18: "No"
                  RenderInline {SPAN} at (0,0) size 0x15
                    RenderInline {O:P} at (0,0) size 0x15
            RenderTableRow {TR} at (0,770) size 473x105
              RenderTableCell {TD} at (0,770) size 110x15 [r=17 c=0 rs=1 cs=1]
                RenderBlock {P} at (7,0) size 96x15
                  RenderText {#text} at (40,0) size 16x15
                    text run at (40,0) width 16: "18"
                  RenderInline {SPAN} at (0,0) size 0x15
                    RenderInline {O:P} at (0,0) size 0x15
              RenderTableCell {TD} at (110,770) size 165x105 [r=17 c=1 rs=1 cs=1]
                RenderBlock {P} at (7,0) size 151x15
                  RenderText {#text} at (0,0) size 95x15
                    text run at (0,0) width 95: "Robert Barnett"
                RenderBlock {P} at (7,15) size 151x15
                  RenderText {#text} at (0,0) size 84x15
                    text run at (0,0) width 84: "Jim Mahoney"
                RenderBlock {P} at (7,30) size 151x15
                  RenderText {#text} at (0,0) size 93x15
                    text run at (0,0) width 93: "Dave Marshall"
                RenderBlock {P} at (7,45) size 151x15
                  RenderText {#text} at (0,0) size 101x15
                    text run at (0,0) width 101: "Gerald Cardinal"
                RenderBlock {P} at (7,60) size 151x15
                  RenderText {#text} at (0,0) size 119x15
                    text run at (0,0) width 119: "Dan & Will Sievert"
                RenderBlock {P} at (7,75) size 151x15
                  RenderText {#text} at (0,0) size 113x15
                    text run at (0,0) width 113: "Ellsworth Crowell"
                RenderBlock {P} at (7,90) size 151x15
                  RenderText {#text} at (0,0) size 66x15
                    text run at (0,0) width 66: "Jim Colvin"
                  RenderInline {SPAN} at (0,0) size 0x15
                    RenderInline {O:P} at (0,0) size 0x15
              RenderTableCell {TD} at (275,770) size 94x90 [r=17 c=2 rs=1 cs=1]
                RenderBlock {P} at (7,0) size 80x15
                  RenderText {#text} at (28,0) size 24x15
                    text run at (28,0) width 24: "Yes"
                RenderBlock {P} at (7,15) size 80x15
                  RenderText {#text} at (28,0) size 24x15
                    text run at (28,0) width 24: "Yes"
                RenderBlock {P} at (7,30) size 80x15
                  RenderText {#text} at (28,0) size 24x15
                    text run at (28,0) width 24: "Yes"
                RenderBlock {P} at (7,45) size 80x15
                  RenderText {#text} at (38,0) size 4x15
                    text run at (38,0) width 4: " "
                RenderBlock {P} at (7,60) size 80x15
                  RenderText {#text} at (28,0) size 24x15
                    text run at (28,0) width 24: "Yes"
                RenderBlock {P} at (7,75) size 80x15
                  RenderText {#text} at (28,0) size 24x15
                    text run at (28,0) width 24: "Yes"
                  RenderInline {SPAN} at (0,0) size 1x15
                    RenderInline {O:P} at (0,0) size 1x15
              RenderTableCell {TD} at (369,770) size 104x90 [r=17 c=3 rs=1 cs=1]
                RenderBlock {P} at (7,0) size 90x15
                  RenderText {#text} at (36,0) size 18x15
                    text run at (36,0) width 18: "No"
                RenderBlock {P} at (7,15) size 90x15
                  RenderText {#text} at (33,0) size 24x15
                    text run at (33,0) width 24: "Yes"
                RenderBlock {P} at (7,30) size 90x15
                  RenderText {#text} at (36,0) size 18x15
                    text run at (36,0) width 18: "No"
                RenderBlock {P} at (7,45) size 90x15
                  RenderText {#text} at (43,0) size 4x15
                    text run at (43,0) width 4: " "
                RenderBlock {P} at (7,60) size 90x15
                  RenderText {#text} at (36,0) size 18x15
                    text run at (36,0) width 18: "No"
                RenderBlock {P} at (7,75) size 90x15
                  RenderText {#text} at (36,0) size 18x15
                    text run at (36,0) width 18: "No"
                  RenderInline {SPAN} at (0,0) size 0x15
                    RenderInline {O:P} at (0,0) size 0x15
            RenderTableRow {TR} at (0,875) size 473x60
              RenderTableCell {TD} at (0,875) size 110x15 [r=18 c=0 rs=1 cs=1]
                RenderBlock {P} at (7,0) size 96x15
                  RenderText {#text} at (40,0) size 16x15
                    text run at (40,0) width 16: "19"
                  RenderInline {SPAN} at (0,0) size 0x15
                    RenderInline {O:P} at (0,0) size 0x15
              RenderTableCell {TD} at (110,875) size 165x60 [r=18 c=1 rs=1 cs=1]
                RenderBlock {P} at (7,0) size 151x15
                  RenderInline {SPAN} at (0,0) size 77x15
                    RenderText {#text} at (0,0) size 77x15
                      text run at (0,0) width 47: "Noriya "
                      text run at (47,0) width 30: "Kato"
                RenderBlock {P} at (7,15) size 151x15
                  RenderText {#text} at (0,0) size 64x15
                    text run at (0,0) width 64: "John Todd"
                RenderBlock {P} at (7,30) size 151x15
                  RenderText {#text} at (0,0) size 85x15
                    text run at (0,0) width 85: "James Brown"
                RenderBlock {P} at (7,45) size 151x15
                  RenderText {#text} at (0,0) size 96x15
                    text run at (0,0) width 96: "Mike Anderson"
                  RenderInline {SPAN} at (0,0) size 0x15
                    RenderInline {O:P} at (0,0) size 0x15
              RenderTableCell {TD} at (275,875) size 94x60 [r=18 c=2 rs=1 cs=1]
                RenderBlock {P} at (7,0) size 80x15
                  RenderInline {SPAN} at (0,0) size 24x15
                    RenderText {#text} at (28,0) size 24x15
                      text run at (28,0) width 24: "Yes"
                RenderBlock {P} at (7,15) size 80x15
                  RenderText {#text} at (38,0) size 4x15
                    text run at (38,0) width 4: " "
                RenderBlock {P} at (7,30) size 80x15
                  RenderInline {SPAN} at (0,0) size 24x15
                    RenderText {#text} at (28,0) size 24x15
                      text run at (28,0) width 24: "Yes"
                RenderBlock {P} at (7,45) size 80x15
                  RenderInline {SPAN} at (0,0) size 24x15
                    RenderText {#text} at (28,0) size 24x15
                      text run at (28,0) width 24: "Yes"
                  RenderInline {SPAN} at (0,0) size 1x15
                    RenderInline {O:P} at (0,0) size 1x15
              RenderTableCell {TD} at (369,875) size 104x60 [r=18 c=3 rs=1 cs=1]
                RenderBlock {P} at (7,0) size 90x15
                  RenderInline {SPAN} at (0,0) size 18x15
                    RenderText {#text} at (36,0) size 18x15
                      text run at (36,0) width 18: "No"
                RenderBlock {P} at (7,15) size 90x15
                  RenderText {#text} at (43,0) size 4x15
                    text run at (43,0) width 4: " "
                RenderBlock {P} at (7,30) size 90x15
                  RenderInline {SPAN} at (0,0) size 18x15
                    RenderText {#text} at (36,0) size 18x15
                      text run at (36,0) width 18: "No"
                RenderBlock {P} at (7,45) size 90x15
                  RenderInline {SPAN} at (0,0) size 18x15
                    RenderText {#text} at (36,0) size 18x15
                      text run at (36,0) width 18: "No"
                  RenderInline {SPAN} at (0,0) size 0x15
                    RenderInline {O:P} at (0,0) size 0x15
            RenderTableRow {TR} at (0,935) size 473x45
              RenderTableCell {TD} at (0,935) size 110x15 [r=19 c=0 rs=1 cs=1]
                RenderBlock {P} at (7,0) size 96x15
                  RenderText {#text} at (40,0) size 16x15
                    text run at (40,0) width 16: "20"
                  RenderInline {SPAN} at (0,0) size 0x15
                    RenderInline {O:P} at (0,0) size 0x15
              RenderTableCell {TD} at (110,935) size 165x45 [r=19 c=1 rs=1 cs=1]
                RenderBlock {P} at (7,0) size 151x15
                  RenderText {#text} at (0,0) size 76x15
                    text run at (0,0) width 76: "Bill Johnson"
                RenderBlock {P} at (7,15) size 151x15
                  RenderText {#text} at (0,0) size 103x15
                    text run at (0,0) width 103: "Dominic Bayani"
                RenderBlock {P} at (7,30) size 151x15
                  RenderText {#text} at (0,0) size 81x15
                    text run at (0,0) width 81: "Rick Latham"
                  RenderInline {SPAN} at (0,0) size 0x15
                    RenderInline {O:P} at (0,0) size 0x15
              RenderTableCell {TD} at (275,935) size 94x45 [r=19 c=2 rs=1 cs=1]
                RenderBlock {P} at (7,0) size 80x15
                  RenderText {#text} at (28,0) size 24x15
                    text run at (28,0) width 24: "Yes"
                RenderBlock {P} at (7,15) size 80x15
                  RenderText {#text} at (38,0) size 4x15
                    text run at (38,0) width 4: " "
                RenderBlock {P} at (7,30) size 80x15
                  RenderText {#text} at (28,0) size 24x15
                    text run at (28,0) width 24: "Yes"
                  RenderInline {SPAN} at (0,0) size 1x15
                    RenderInline {O:P} at (0,0) size 1x15
              RenderTableCell {TD} at (369,935) size 104x45 [r=19 c=3 rs=1 cs=1]
                RenderBlock {P} at (7,0) size 90x15
                  RenderText {#text} at (36,0) size 18x15
                    text run at (36,0) width 18: "No"
                RenderBlock {P} at (7,15) size 90x15
                  RenderText {#text} at (43,0) size 4x15
                    text run at (43,0) width 4: " "
                RenderBlock {P} at (7,30) size 90x15
                  RenderText {#text} at (36,0) size 18x15
                    text run at (36,0) width 18: "No"
                  RenderInline {SPAN} at (0,0) size 0x15
                    RenderInline {O:P} at (0,0) size 0x15
            RenderTableRow {TR} at (0,980) size 473x15
              RenderTableCell {TD} at (0,980) size 110x15 [r=20 c=0 rs=1 cs=1]
                RenderBlock {P} at (7,0) size 96x15
                  RenderText {#text} at (40,0) size 16x15
                    text run at (40,0) width 16: "21"
                  RenderInline {SPAN} at (0,0) size 0x15
                    RenderInline {O:P} at (0,0) size 0x15
              RenderTableCell {TD} at (110,980) size 165x15 [r=20 c=1 rs=1 cs=1]
                RenderBlock {P} at (7,0) size 151x15
                  RenderText {#text} at (0,0) size 78x15
                    text run at (0,0) width 78: " Simon Tam"
                  RenderInline {SPAN} at (0,0) size 0x15
                    RenderInline {O:P} at (0,0) size 0x15
              RenderTableCell {TD} at (275,980) size 94x15 [r=20 c=2 rs=1 cs=1]
                RenderBlock {P} at (7,0) size 80x15
                  RenderText {#text} at (38,0) size 4x15
                    text run at (38,0) width 4: " "
                  RenderInline {SPAN} at (0,0) size 0x15
                    RenderInline {O:P} at (0,0) size 0x15
              RenderTableCell {TD} at (369,980) size 104x15 [r=20 c=3 rs=1 cs=1]
                RenderBlock {P} at (7,0) size 90x15
                  RenderText {#text} at (43,0) size 4x15
                    text run at (43,0) width 4: " "
                  RenderInline {SPAN} at (0,0) size 0x15
                    RenderInline {O:P} at (0,0) size 0x15
            RenderTableRow {TR} at (0,995) size 473x75
              RenderTableCell {TD} at (0,995) size 110x15 [r=21 c=0 rs=1 cs=1]
                RenderBlock {P} at (7,0) size 96x15
                  RenderText {#text} at (40,0) size 16x15
                    text run at (40,0) width 16: "22"
                  RenderInline {SPAN} at (0,0) size 0x15
                    RenderInline {O:P} at (0,0) size 0x15
              RenderTableCell {TD} at (110,995) size 165x75 [r=21 c=1 rs=1 cs=1]
                RenderBlock {P} at (7,0) size 151x15
                  RenderText {#text} at (0,0) size 79x15
                    text run at (0,0) width 79: "Dave Neves"
                  RenderInline {SPAN} at (0,0) size 0x15
                    RenderInline {O:P} at (0,0) size 0x15
                RenderBlock {P} at (7,15) size 151x15
                  RenderText {#text} at (0,0) size 108x15
                    text run at (0,0) width 108: "Grant Sanderson"
                  RenderInline {SPAN} at (0,0) size 0x15
                    RenderInline {O:P} at (0,0) size 0x15
                RenderBlock {P} at (7,30) size 151x15
                  RenderText {#text} at (0,0) size 98x15
                    text run at (0,0) width 98: "Maurice Burton"
                RenderBlock {P} at (7,45) size 151x15
                  RenderText {#text} at (0,0) size 135x15
                    text run at (0,0) width 135: "Mike Gilmartin ?????"
                RenderBlock {P} at (7,60) size 151x15
                  RenderText {#text} at (0,0) size 77x15
                    text run at (0,0) width 77: "Chris Walsh"
                  RenderInline {SPAN} at (0,0) size 0x15
                    RenderInline {O:P} at (0,0) size 0x15
              RenderTableCell {TD} at (275,995) size 94x75 [r=21 c=2 rs=1 cs=1]
                RenderBlock {P} at (7,0) size 80x15
                  RenderText {#text} at (28,0) size 24x15
                    text run at (28,0) width 24: "Yes"
                  RenderInline {SPAN} at (0,0) size 1x15
                    RenderInline {O:P} at (0,0) size 1x15
                RenderBlock {P} at (7,15) size 80x15
                  RenderText {#text} at (28,0) size 24x15
                    text run at (28,0) width 24: "Yes"
                  RenderInline {SPAN} at (0,0) size 1x15
                    RenderInline {O:P} at (0,0) size 1x15
                RenderBlock {P} at (7,30) size 80x15
                  RenderText {#text} at (28,0) size 24x15
                    text run at (28,0) width 24: "Yes"
                RenderBlock {P} at (7,45) size 80x15
                  RenderText {#text} at (28,0) size 24x15
                    text run at (28,0) width 24: "Yes"
                RenderBlock {P} at (7,60) size 80x15
                  RenderText {#text} at (28,0) size 24x15
                    text run at (28,0) width 24: "Yes"
                  RenderInline {SPAN} at (0,0) size 1x15
                    RenderInline {O:P} at (0,0) size 1x15
              RenderTableCell {TD} at (369,995) size 104x75 [r=21 c=3 rs=1 cs=1]
                RenderBlock {P} at (7,0) size 90x15
                  RenderText {#text} at (33,0) size 24x15
                    text run at (33,0) width 24: "Yes"
                  RenderInline {SPAN} at (0,0) size 1x15
                    RenderInline {O:P} at (0,0) size 1x15
                RenderBlock {P} at (7,15) size 90x15
                  RenderText {#text} at (36,0) size 18x15
                    text run at (36,0) width 18: "No"
                  RenderInline {SPAN} at (0,0) size 0x15
                    RenderInline {O:P} at (0,0) size 0x15
                RenderBlock {P} at (7,30) size 90x15
                  RenderText {#text} at (36,0) size 18x15
                    text run at (36,0) width 18: "No"
                RenderBlock {P} at (7,45) size 90x15
                  RenderText {#text} at (33,0) size 24x15
                    text run at (33,0) width 24: "Yes"
                RenderBlock {P} at (7,60) size 90x15
                  RenderText {#text} at (36,0) size 18x15
                    text run at (36,0) width 18: "No"
                  RenderInline {SPAN} at (0,0) size 0x15
                    RenderInline {O:P} at (0,0) size 0x15
            RenderTableRow {TR} at (0,1070) size 473x75
              RenderTableCell {TD} at (0,1070) size 110x15 [r=22 c=0 rs=1 cs=1]
                RenderBlock {P} at (7,0) size 96x15
                  RenderText {#text} at (40,0) size 16x15
                    text run at (40,0) width 16: "23"
                  RenderInline {SPAN} at (0,0) size 0x15
                    RenderInline {O:P} at (0,0) size 0x15
              RenderTableCell {TD} at (110,1070) size 165x75 [r=22 c=1 rs=1 cs=1]
                RenderBlock {P} at (7,0) size 151x15
                  RenderText {#text} at (0,0) size 79x15
                    text run at (0,0) width 79: "Dave Neves"
                  RenderInline {SPAN} at (0,0) size 0x15
                    RenderInline {O:P} at (0,0) size 0x15
                RenderBlock {P} at (7,15) size 151x15
                  RenderText {#text} at (0,0) size 98x15
                    text run at (0,0) width 98: "Maurice Burton"
                RenderBlock {P} at (7,30) size 151x15
                  RenderText {#text} at (0,0) size 73x15
                    text run at (0,0) width 73: "Oliver Baer"
                RenderBlock {P} at (7,45) size 151x15
                  RenderText {#text} at (0,0) size 64x15
                    text run at (0,0) width 64: "John Todd"
                RenderBlock {P} at (7,60) size 151x15
                  RenderText {#text} at (0,0) size 77x15
                    text run at (0,0) width 77: "Rich Saunef"
                  RenderInline {SPAN} at (0,0) size 0x15
                    RenderInline {O:P} at (0,0) size 0x15
              RenderTableCell {TD} at (275,1070) size 94x75 [r=22 c=2 rs=1 cs=1]
                RenderBlock {P} at (7,0) size 80x15
                  RenderText {#text} at (28,0) size 24x15
                    text run at (28,0) width 24: "Yes"
                  RenderInline {SPAN} at (0,0) size 1x15
                    RenderInline {O:P} at (0,0) size 1x15
                RenderBlock {P} at (7,15) size 80x15
                  RenderText {#text} at (28,0) size 24x15
                    text run at (28,0) width 24: "Yes"
                RenderBlock {P} at (7,30) size 80x15
                  RenderText {#text} at (28,0) size 24x15
                    text run at (28,0) width 24: "Yes"
                RenderBlock {P} at (7,45) size 80x15
                  RenderText {#text} at (38,0) size 4x15
                    text run at (38,0) width 4: " "
                RenderBlock {P} at (7,60) size 80x15
                  RenderText {#text} at (28,0) size 24x15
                    text run at (28,0) width 24: "Yes"
                  RenderInline {SPAN} at (0,0) size 1x15
                    RenderInline {O:P} at (0,0) size 1x15
              RenderTableCell {TD} at (369,1070) size 104x75 [r=22 c=3 rs=1 cs=1]
                RenderBlock {P} at (7,0) size 90x15
                  RenderText {#text} at (33,0) size 24x15
                    text run at (33,0) width 24: "Yes"
                  RenderInline {SPAN} at (0,0) size 1x15
                    RenderInline {O:P} at (0,0) size 1x15
                RenderBlock {P} at (7,15) size 90x15
                  RenderText {#text} at (36,0) size 18x15
                    text run at (36,0) width 18: "No"
                RenderBlock {P} at (7,30) size 90x15
                  RenderText {#text} at (36,0) size 18x15
                    text run at (36,0) width 18: "No"
                RenderBlock {P} at (7,45) size 90x15
                  RenderText {#text} at (43,0) size 4x15
                    text run at (43,0) width 4: " "
                RenderBlock {P} at (7,60) size 90x15
                  RenderText {#text} at (36,0) size 18x15
                    text run at (36,0) width 18: "No"
                  RenderInline {SPAN} at (0,0) size 0x15
                    RenderInline {O:P} at (0,0) size 0x15
            RenderTableRow {TR} at (0,1145) size 473x75
              RenderTableCell {TD} at (0,1145) size 110x15 [r=23 c=0 rs=1 cs=1]
                RenderBlock {P} at (7,0) size 96x15
                  RenderText {#text} at (40,0) size 16x15
                    text run at (40,0) width 16: "24"
                  RenderInline {SPAN} at (0,0) size 0x15
                    RenderInline {O:P} at (0,0) size 0x15
              RenderTableCell {TD} at (110,1145) size 165x75 [r=23 c=1 rs=1 cs=1]
                RenderBlock {P} at (7,0) size 151x15
                  RenderText {#text} at (0,0) size 80x15
                    text run at (0,0) width 80: " Dan Sievert"
                RenderBlock {P} at (7,15) size 151x15
                  RenderText {#text} at (0,0) size 71x15
                    text run at (0,0) width 71: "Jerry Davis"
                RenderBlock {P} at (7,30) size 151x15
                  RenderText {#text} at (0,0) size 75x15
                    text run at (0,0) width 75: "Scott Hersh"
                RenderBlock {P} at (7,45) size 151x15
                  RenderText {#text} at (0,0) size 57x15
                    text run at (0,0) width 57: "Rick Bell"
                RenderBlock {P} at (7,60) size 151x15
                  RenderText {#text} at (0,0) size 65x15
                    text run at (0,0) width 65: "Eric Shum"
                  RenderInline {SPAN} at (0,0) size 0x15
                    RenderInline {O:P} at (0,0) size 0x15
              RenderTableCell {TD} at (275,1145) size 94x75 [r=23 c=2 rs=1 cs=1]
                RenderBlock {P} at (7,0) size 80x15
                  RenderText {#text} at (26,0) size 28x15
                    text run at (26,0) width 28: " Yes"
                RenderBlock {P} at (7,15) size 80x15
                  RenderText {#text} at (28,0) size 24x15
                    text run at (28,0) width 24: "Yes"
                RenderBlock {P} at (7,30) size 80x15
                  RenderText {#text} at (28,0) size 24x15
                    text run at (28,0) width 24: "Yes"
                RenderBlock {P} at (7,45) size 80x15
                  RenderText {#text} at (28,0) size 24x15
                    text run at (28,0) width 24: "Yes"
                RenderBlock {P} at (7,60) size 80x15
                  RenderText {#text} at (28,0) size 24x15
                    text run at (28,0) width 24: "Yes"
                  RenderInline {SPAN} at (0,0) size 1x15
                    RenderInline {O:P} at (0,0) size 1x15
              RenderTableCell {TD} at (369,1145) size 104x75 [r=23 c=3 rs=1 cs=1]
                RenderBlock {P} at (7,0) size 90x15
                  RenderText {#text} at (34,0) size 22x15
                    text run at (34,0) width 22: " No"
                RenderBlock {P} at (7,15) size 90x15
                  RenderText {#text} at (36,0) size 18x15
                    text run at (36,0) width 18: "No"
                RenderBlock {P} at (7,30) size 90x15
                  RenderText {#text} at (36,0) size 18x15
                    text run at (36,0) width 18: "No"
                RenderBlock {P} at (7,45) size 90x15
                  RenderText {#text} at (36,0) size 18x15
                    text run at (36,0) width 18: "No"
                RenderBlock {P} at (7,60) size 90x15
                  RenderText {#text} at (36,0) size 18x15
                    text run at (36,0) width 18: "No"
                  RenderInline {SPAN} at (0,0) size 0x15
                    RenderInline {O:P} at (0,0) size 0x15
            RenderTableRow {TR} at (0,1220) size 473x30
              RenderTableCell {TD} at (0,1220) size 110x15 [r=24 c=0 rs=1 cs=1]
                RenderBlock {P} at (7,0) size 96x15
                  RenderText {#text} at (40,0) size 16x15
                    text run at (40,0) width 16: "25"
                  RenderInline {SPAN} at (0,0) size 0x15
                    RenderInline {O:P} at (0,0) size 0x15
              RenderTableCell {TD} at (110,1220) size 165x30 [r=24 c=1 rs=1 cs=1]
                RenderBlock {P} at (7,0) size 151x15
                  RenderText {#text} at (0,0) size 86x15
                    text run at (0,0) width 86: "James Davey"
                RenderBlock {P} at (7,15) size 151x15
                  RenderText {#text} at (0,0) size 106x15
                    text run at (0,0) width 106: "Ruenjoe (Joe) Lu"
                  RenderInline {SPAN} at (0,0) size 0x15
                    RenderInline {O:P} at (0,0) size 0x15
              RenderTableCell {TD} at (275,1220) size 94x15 [r=24 c=2 rs=1 cs=1]
                RenderBlock {P} at (7,0) size 80x15
                  RenderText {#text} at (28,0) size 24x15
                    text run at (28,0) width 24: "Yes"
                  RenderInline {SPAN} at (0,0) size 1x15
                    RenderInline {O:P} at (0,0) size 1x15
              RenderTableCell {TD} at (369,1220) size 104x15 [r=24 c=3 rs=1 cs=1]
                RenderBlock {P} at (7,0) size 90x15
                  RenderText {#text} at (33,0) size 24x15
                    text run at (33,0) width 24: "Yes"
                  RenderInline {SPAN} at (0,0) size 1x15
                    RenderInline {O:P} at (0,0) size 1x15
            RenderTableRow {TR} at (0,1250) size 473x150
              RenderTableCell {TD} at (0,1250) size 110x15 [r=25 c=0 rs=1 cs=1]
                RenderBlock {P} at (7,0) size 96x15
                  RenderText {#text} at (40,0) size 16x15
                    text run at (40,0) width 16: "26"
                  RenderInline {SPAN} at (0,0) size 0x15
                    RenderInline {O:P} at (0,0) size 0x15
              RenderTableCell {TD} at (110,1250) size 165x150 [r=25 c=1 rs=1 cs=1]
                RenderBlock {P} at (7,0) size 151x15
                  RenderText {#text} at (0,0) size 101x15
                    text run at (0,0) width 101: "Alan Littlewood"
                  RenderInline {SPAN} at (0,0) size 0x15
                    RenderInline {O:P} at (0,0) size 0x15
                RenderBlock {P} at (7,15) size 151x15
                  RenderText {#text} at (0,0) size 86x15
                    text run at (0,0) width 86: "Darren Braun"
                  RenderInline {SPAN} at (0,0) size 0x15
                    RenderInline {O:P} at (0,0) size 0x15
                RenderBlock {P} at (7,30) size 151x15
                  RenderText {#text} at (0,0) size 74x15
                    text run at (0,0) width 74: "Simon Tam"
                RenderBlock {P} at (7,45) size 151x15
                  RenderText {#text} at (0,0) size 89x15
                    text run at (0,0) width 89: "Chuck Pringle"
                RenderBlock {P} at (7,60) size 151x15
                  RenderText {#text} at (0,0) size 108x15
                    text run at (0,0) width 108: "Gary Pendergras"
                RenderBlock {P} at (7,75) size 151x15
                  RenderText {#text} at (0,0) size 95x15
                    text run at (0,0) width 95: "Peter Mazanec"
                RenderBlock {P} at (7,90) size 151x15
                  RenderText {#text} at (0,0) size 99x15
                    text run at (0,0) width 99: "Harry Imamura"
                RenderBlock {P} at (7,105) size 151x15
                  RenderText {#text} at (0,0) size 66x15
                    text run at (0,0) width 66: "Joe Araujo"
                RenderBlock {P} at (7,120) size 151x15
                  RenderText {#text} at (0,0) size 92x15
                    text run at (0,0) width 92: "Gary Williams"
                RenderBlock {P} at (7,135) size 151x15
                  RenderText {#text} at (0,0) size 103x15
                    text run at (0,0) width 103: "Jack Goodfriend"
                  RenderInline {SPAN} at (0,0) size 0x15
                    RenderInline {O:P} at (0,0) size 0x15
              RenderTableCell {TD} at (275,1250) size 94x105 [r=25 c=2 rs=1 cs=1]
                RenderBlock {P} at (7,0) size 80x15
                  RenderText {#text} at (28,0) size 24x15
                    text run at (28,0) width 24: "Yes"
                  RenderInline {SPAN} at (0,0) size 1x15
                    RenderInline {O:P} at (0,0) size 1x15
                RenderBlock {P} at (7,15) size 80x15
                  RenderText {#text} at (28,0) size 24x15
                    text run at (28,0) width 24: "Yes"
                  RenderInline {SPAN} at (0,0) size 1x15
                    RenderInline {O:P} at (0,0) size 1x15
                RenderBlock {P} at (7,30) size 80x15
                  RenderText {#text} at (28,0) size 24x15
                    text run at (28,0) width 24: "Yes"
                RenderBlock {P} at (7,45) size 80x15
                  RenderText {#text} at (28,0) size 24x15
                    text run at (28,0) width 24: "Yes"
                RenderBlock {P} at (7,60) size 80x15
                  RenderText {#text} at (28,0) size 24x15
                    text run at (28,0) width 24: "Yes"
                RenderBlock {P} at (7,75) size 80x15
                  RenderText {#text} at (28,0) size 24x15
                    text run at (28,0) width 24: "Yes"
                RenderBlock {P} at (7,90) size 80x15
                  RenderText {#text} at (31,0) size 18x15
                    text run at (31,0) width 18: "No"
                  RenderInline {SPAN} at (0,0) size 0x15
                    RenderInline {O:P} at (0,0) size 0x15
              RenderTableCell {TD} at (369,1250) size 104x105 [r=25 c=3 rs=1 cs=1]
                RenderBlock {P} at (7,0) size 90x15
                  RenderText {#text} at (36,0) size 18x15
                    text run at (36,0) width 18: "No"
                  RenderInline {SPAN} at (0,0) size 0x15
                    RenderInline {O:P} at (0,0) size 0x15
                RenderBlock {P} at (7,15) size 90x15
                  RenderText {#text} at (36,0) size 18x15
                    text run at (36,0) width 18: "No"
                  RenderInline {SPAN} at (0,0) size 0x15
                    RenderInline {O:P} at (0,0) size 0x15
                RenderBlock {P} at (7,30) size 90x15
                  RenderText {#text} at (36,0) size 18x15
                    text run at (36,0) width 18: "No"
                RenderBlock {P} at (7,45) size 90x15
                  RenderText {#text} at (36,0) size 18x15
                    text run at (36,0) width 18: "No"
                RenderBlock {P} at (7,60) size 90x15
                  RenderText {#text} at (36,0) size 18x15
                    text run at (36,0) width 18: "No"
                RenderBlock {P} at (7,75) size 90x15
                  RenderText {#text} at (36,0) size 18x15
                    text run at (36,0) width 18: "No"
                RenderBlock {P} at (7,90) size 90x15
                  RenderText {#text} at (33,0) size 24x15
                    text run at (33,0) width 24: "Yes"
                  RenderInline {SPAN} at (0,0) size 1x15
                    RenderInline {O:P} at (0,0) size 1x15
            RenderTableRow {TR} at (0,1400) size 473x90
              RenderTableCell {TD} at (0,1400) size 110x15 [r=26 c=0 rs=1 cs=1]
                RenderBlock {P} at (7,0) size 96x15
                  RenderText {#text} at (40,0) size 16x15
                    text run at (40,0) width 16: "27"
                  RenderInline {SPAN} at (0,0) size 0x15
                    RenderInline {O:P} at (0,0) size 0x15
              RenderTableCell {TD} at (110,1400) size 165x90 [r=26 c=1 rs=1 cs=1]
                RenderBlock {P} at (7,0) size 151x15
                  RenderText {#text} at (0,0) size 86x15
                    text run at (0,0) width 86: "Darren Braun"
                  RenderInline {SPAN} at (0,0) size 0x15
                    RenderInline {O:P} at (0,0) size 0x15
                RenderBlock {P} at (7,15) size 151x15
                  RenderText {#text} at (0,0) size 113x15
                    text run at (0,0) width 113: "Ian + Brad Carter"
                  RenderInline {SPAN} at (0,0) size 0x15
                    RenderInline {O:P} at (0,0) size 0x15
                RenderBlock {P} at (7,30) size 151x15
                  RenderText {#text} at (0,0) size 90x15
                    text run at (0,0) width 90: "Pete Peterson"
                RenderBlock {P} at (7,45) size 151x15
                  RenderText {#text} at (0,0) size 96x15
                    text run at (0,0) width 96: "John Chamorro"
                RenderBlock {P} at (7,60) size 151x15
                  RenderText {#text} at (0,0) size 77x15
                    text run at (0,0) width 77: "Ali Erdengiz"
                RenderBlock {P} at (7,75) size 151x15
                  RenderText {#text} at (0,0) size 68x15
                    text run at (0,0) width 68: "Saibal Sen"
                  RenderInline {SPAN} at (0,0) size 0x15
                    RenderInline {O:P} at (0,0) size 0x15
              RenderTableCell {TD} at (275,1400) size 94x90 [r=26 c=2 rs=1 cs=1]
                RenderBlock {P} at (7,0) size 80x15
                  RenderText {#text} at (28,0) size 24x15
                    text run at (28,0) width 24: "Yes"
                  RenderInline {SPAN} at (0,0) size 1x15
                    RenderInline {O:P} at (0,0) size 1x15
                RenderBlock {P} at (7,15) size 80x15
                  RenderText {#text} at (28,0) size 24x15
                    text run at (28,0) width 24: "Yes"
                  RenderInline {SPAN} at (0,0) size 1x15
                    RenderInline {O:P} at (0,0) size 1x15
                RenderBlock {P} at (7,30) size 80x15
                  RenderText {#text} at (28,0) size 24x15
                    text run at (28,0) width 24: "Yes"
                RenderBlock {P} at (7,45) size 80x15
                  RenderText {#text} at (38,0) size 4x15
                    text run at (38,0) width 4: " "
                RenderBlock {P} at (7,60) size 80x15
                  RenderText {#text} at (38,0) size 4x15
                    text run at (38,0) width 4: " "
                RenderBlock {P} at (7,75) size 80x15
                  RenderText {#text} at (28,0) size 24x15
                    text run at (28,0) width 24: "Yes"
                  RenderInline {SPAN} at (0,0) size 1x15
                    RenderInline {O:P} at (0,0) size 1x15
              RenderTableCell {TD} at (369,1400) size 104x90 [r=26 c=3 rs=1 cs=1]
                RenderBlock {P} at (7,0) size 90x15
                  RenderText {#text} at (36,0) size 18x15
                    text run at (36,0) width 18: "No"
                  RenderInline {SPAN} at (0,0) size 0x15
                    RenderInline {O:P} at (0,0) size 0x15
                RenderBlock {P} at (7,15) size 90x15
                  RenderText {#text} at (36,0) size 18x15
                    text run at (36,0) width 18: "No"
                  RenderInline {SPAN} at (0,0) size 0x15
                    RenderInline {O:P} at (0,0) size 0x15
                RenderBlock {P} at (7,30) size 90x15
                  RenderText {#text} at (36,0) size 18x15
                    text run at (36,0) width 18: "No"
                RenderBlock {P} at (7,45) size 90x15
                  RenderText {#text} at (43,0) size 4x15
                    text run at (43,0) width 4: " "
                RenderBlock {P} at (7,60) size 90x15
                  RenderText {#text} at (43,0) size 4x15
                    text run at (43,0) width 4: " "
                RenderBlock {P} at (7,75) size 90x15
                  RenderText {#text} at (36,0) size 18x15
                    text run at (36,0) width 18: "No"
                  RenderInline {SPAN} at (0,0) size 0x15
                    RenderInline {O:P} at (0,0) size 0x15
            RenderTableRow {TR} at (0,1490) size 473x135
              RenderTableCell {TD} at (0,1490) size 110x15 [r=27 c=0 rs=1 cs=1]
                RenderBlock {P} at (7,0) size 96x15
                  RenderText {#text} at (40,0) size 16x15
                    text run at (40,0) width 16: "28"
                  RenderInline {SPAN} at (0,0) size 0x15
                    RenderInline {O:P} at (0,0) size 0x15
              RenderTableCell {TD} at (110,1490) size 165x135 [r=27 c=1 rs=1 cs=1]
                RenderBlock {P} at (7,0) size 151x15
                  RenderText {#text} at (0,0) size 112x15
                    text run at (0,0) width 112: "Zak + Mike West"
                  RenderInline {SPAN} at (0,0) size 0x15
                    RenderInline {O:P} at (0,0) size 0x15
                RenderBlock {P} at (7,15) size 151x15
                  RenderText {#text} at (0,0) size 79x15
                    text run at (0,0) width 79: "Dave Neves"
                  RenderInline {SPAN} at (0,0) size 0x15
                    RenderInline {O:P} at (0,0) size 0x15
                RenderBlock {P} at (7,30) size 151x15
                  RenderText {#text} at (0,0) size 92x15
                    text run at (0,0) width 92: "Richard Green"
                  RenderInline {SPAN} at (0,0) size 0x15
                    RenderInline {O:P} at (0,0) size 0x15
                RenderBlock {P} at (7,45) size 151x15
                  RenderText {#text} at (0,0) size 80x15
                    text run at (0,0) width 80: "Javier Flores"
                RenderBlock {P} at (7,60) size 151x15
                  RenderText {#text} at (0,0) size 101x15
                    text run at (0,0) width 101: "Gerald Cardinal"
                RenderBlock {P} at (7,75) size 151x15
                  RenderText {#text} at (0,0) size 76x15
                    text run at (0,0) width 76: "Dan Sievert"
                RenderBlock {P} at (7,90) size 151x15
                  RenderText {#text} at (0,0) size 77x15
                    text run at (0,0) width 77: "Ali Erdengiz"
                RenderBlock {P} at (7,105) size 151x15
                  RenderText {#text} at (0,0) size 75x15
                    text run at (0,0) width 75: "Paul Walter"
                RenderBlock {P} at (7,120) size 151x15
                  RenderText {#text} at (0,0) size 71x15
                    text run at (0,0) width 71: "Jerry Davis"
                  RenderInline {SPAN} at (0,0) size 0x15
                    RenderInline {O:P} at (0,0) size 0x15
              RenderTableCell {TD} at (275,1490) size 94x135 [r=27 c=2 rs=1 cs=1]
                RenderBlock {P} at (7,0) size 80x15
                  RenderText {#text} at (28,0) size 24x15
                    text run at (28,0) width 24: "Yes"
                  RenderInline {SPAN} at (0,0) size 1x15
                    RenderInline {O:P} at (0,0) size 1x15
                RenderBlock {P} at (7,15) size 80x15
                  RenderText {#text} at (28,0) size 24x15
                    text run at (28,0) width 24: "Yes"
                  RenderInline {SPAN} at (0,0) size 1x15
                    RenderInline {O:P} at (0,0) size 1x15
                RenderBlock {P} at (7,30) size 80x15
                  RenderText {#text} at (28,0) size 24x15
                    text run at (28,0) width 24: "Yes"
                  RenderInline {SPAN} at (0,0) size 1x15
                    RenderInline {O:P} at (0,0) size 1x15
                RenderBlock {P} at (7,45) size 80x15
                  RenderText {#text} at (28,0) size 24x15
                    text run at (28,0) width 24: "Yes"
                RenderBlock {P} at (7,60) size 80x15
                  RenderText {#text} at (38,0) size 4x15
                    text run at (38,0) width 4: " "
                RenderBlock {P} at (7,75) size 80x15
                  RenderText {#text} at (28,0) size 24x15
                    text run at (28,0) width 24: "Yes"
                RenderBlock {P} at (7,90) size 80x15
                  RenderText {#text} at (38,0) size 4x15
                    text run at (38,0) width 4: " "
                RenderBlock {P} at (7,105) size 80x15
                  RenderText {#text} at (38,0) size 4x15
                    text run at (38,0) width 4: " "
                RenderBlock {P} at (7,120) size 80x15
                  RenderText {#text} at (28,0) size 24x15
                    text run at (28,0) width 24: "Yes"
                  RenderInline {SPAN} at (0,0) size 1x15
                    RenderInline {O:P} at (0,0) size 1x15
              RenderTableCell {TD} at (369,1490) size 104x135 [r=27 c=3 rs=1 cs=1]
                RenderBlock {P} at (7,0) size 90x15
                  RenderText {#text} at (33,0) size 24x15
                    text run at (33,0) width 24: "Yes"
                  RenderInline {SPAN} at (0,0) size 1x15
                    RenderInline {O:P} at (0,0) size 1x15
                RenderBlock {P} at (7,15) size 90x15
                  RenderText {#text} at (33,0) size 24x15
                    text run at (33,0) width 24: "Yes"
                  RenderInline {SPAN} at (0,0) size 1x15
                    RenderInline {O:P} at (0,0) size 1x15
                RenderBlock {P} at (7,30) size 90x15
                  RenderText {#text} at (36,0) size 18x15
                    text run at (36,0) width 18: "No"
                  RenderInline {SPAN} at (0,0) size 0x15
                    RenderInline {O:P} at (0,0) size 0x15
                RenderBlock {P} at (7,45) size 90x15
                  RenderText {#text} at (36,0) size 18x15
                    text run at (36,0) width 18: "No"
                RenderBlock {P} at (7,60) size 90x15
                  RenderText {#text} at (43,0) size 4x15
                    text run at (43,0) width 4: " "
                RenderBlock {P} at (7,75) size 90x15
                  RenderText {#text} at (36,0) size 18x15
                    text run at (36,0) width 18: "No"
                RenderBlock {P} at (7,90) size 90x15
                  RenderText {#text} at (43,0) size 4x15
                    text run at (43,0) width 4: " "
                RenderBlock {P} at (7,105) size 90x15
                  RenderText {#text} at (43,0) size 4x15
                    text run at (43,0) width 4: " "
                RenderBlock {P} at (7,120) size 90x15
                  RenderText {#text} at (36,0) size 18x15
                    text run at (36,0) width 18: "No"
                  RenderInline {SPAN} at (0,0) size 0x15
                    RenderInline {O:P} at (0,0) size 0x15
            RenderTableRow {TR} at (0,1625) size 473x45
              RenderTableCell {TD} at (0,1625) size 110x15 [r=28 c=0 rs=1 cs=1]
                RenderBlock {P} at (7,0) size 96x15
                  RenderText {#text} at (40,0) size 16x15
                    text run at (40,0) width 16: "29"
                  RenderInline {SPAN} at (0,0) size 0x15
                    RenderInline {O:P} at (0,0) size 0x15
              RenderTableCell {TD} at (110,1625) size 165x45 [r=28 c=1 rs=1 cs=1]
                RenderBlock {P} at (7,0) size 151x15
                  RenderText {#text} at (0,0) size 80x15
                    text run at (0,0) width 80: "Javier Flores"
                  RenderInline {SPAN} at (0,0) size 0x15
                    RenderInline {O:P} at (0,0) size 0x15
                RenderBlock {P} at (7,15) size 151x15
                  RenderText {#text} at (0,0) size 76x15
                    text run at (0,0) width 76: "Bill Johnson"
                RenderBlock {P} at (7,30) size 151x15
                  RenderText {#text} at (0,0) size 64x15
                    text run at (0,0) width 64: "John Todd"
                  RenderInline {SPAN} at (0,0) size 0x15
                    RenderInline {O:P} at (0,0) size 0x15
              RenderTableCell {TD} at (275,1625) size 94x30 [r=28 c=2 rs=1 cs=1]
                RenderBlock {P} at (7,0) size 80x15
                  RenderText {#text} at (28,0) size 24x15
                    text run at (28,0) width 24: "Yes"
                  RenderInline {SPAN} at (0,0) size 1x15
                    RenderInline {O:P} at (0,0) size 1x15
                RenderBlock {P} at (7,15) size 80x15
                  RenderText {#text} at (28,0) size 24x15
                    text run at (28,0) width 24: "Yes"
                  RenderInline {SPAN} at (0,0) size 1x15
                    RenderInline {O:P} at (0,0) size 1x15
              RenderTableCell {TD} at (369,1625) size 104x30 [r=28 c=3 rs=1 cs=1]
                RenderBlock {P} at (7,0) size 90x15
                  RenderText {#text} at (36,0) size 18x15
                    text run at (36,0) width 18: "No"
                  RenderInline {SPAN} at (0,0) size 0x15
                    RenderInline {O:P} at (0,0) size 0x15
                RenderBlock {P} at (7,15) size 90x15
                  RenderText {#text} at (36,0) size 18x15
                    text run at (36,0) width 18: "No"
                  RenderInline {SPAN} at (0,0) size 0x15
                    RenderInline {O:P} at (0,0) size 0x15
            RenderTableRow {TR} at (0,1670) size 473x105
              RenderTableCell {TD} at (0,1670) size 110x15 [r=29 c=0 rs=1 cs=1]
                RenderBlock {P} at (7,0) size 96x15
                  RenderText {#text} at (40,0) size 16x15
                    text run at (40,0) width 16: "30"
                  RenderInline {SPAN} at (0,0) size 0x15
                    RenderInline {O:P} at (0,0) size 0x15
              RenderTableCell {TD} at (110,1670) size 165x105 [r=29 c=1 rs=1 cs=1]
                RenderBlock {P} at (7,0) size 151x15
                  RenderText {#text} at (0,0) size 101x15
                    text run at (0,0) width 101: "Alan Littlewood"
                  RenderInline {SPAN} at (0,0) size 0x15
                    RenderInline {O:P} at (0,0) size 0x15
                RenderBlock {P} at (7,15) size 151x15
                  RenderText {#text} at (0,0) size 100x15
                    text run at (0,0) width 100: "George Coward"
                  RenderInline {SPAN} at (0,0) size 0x15
                    RenderInline {O:P} at (0,0) size 0x15
                RenderBlock {P} at (7,30) size 151x15
                  RenderText {#text} at (0,0) size 98x15
                    text run at (0,0) width 98: "Maurice Burton"
                RenderBlock {P} at (7,45) size 151x15
                  RenderText {#text} at (0,0) size 76x15
                    text run at (0,0) width 76: "Dan Sievert"
                RenderBlock {P} at (7,60) size 151x15
                  RenderText {#text} at (0,0) size 130x15
                    text run at (0,0) width 130: "Michael DeGiovanni"
                RenderBlock {P} at (7,75) size 151x15
                  RenderText {#text} at (0,0) size 103x15
                    text run at (0,0) width 103: "Jack Goodfriend"
                RenderBlock {P} at (7,90) size 151x15
                  RenderText {#text} at (0,0) size 107x15
                    text run at (0,0) width 107: "Richard Sanchez"
                  RenderInline {SPAN} at (0,0) size 0x15
                    RenderInline {O:P} at (0,0) size 0x15
              RenderTableCell {TD} at (275,1670) size 94x105 [r=29 c=2 rs=1 cs=1]
                RenderBlock {P} at (7,0) size 80x15
                  RenderText {#text} at (28,0) size 24x15
                    text run at (28,0) width 24: "Yes"
                  RenderInline {SPAN} at (0,0) size 1x15
                    RenderInline {O:P} at (0,0) size 1x15
                RenderBlock {P} at (7,15) size 80x15
                  RenderText {#text} at (28,0) size 24x15
                    text run at (28,0) width 24: "Yes"
                  RenderInline {SPAN} at (0,0) size 1x15
                    RenderInline {O:P} at (0,0) size 1x15
                RenderBlock {P} at (7,30) size 80x15
                  RenderText {#text} at (28,0) size 24x15
                    text run at (28,0) width 24: "Yes"
                RenderBlock {P} at (7,45) size 80x15
                  RenderText {#text} at (28,0) size 24x15
                    text run at (28,0) width 24: "Yes"
                RenderBlock {P} at (7,60) size 80x15
                  RenderText {#text} at (38,0) size 4x15
                    text run at (38,0) width 4: " "
                RenderBlock {P} at (7,75) size 80x15
                  RenderText {#text} at (38,0) size 4x15
                    text run at (38,0) width 4: " "
                RenderBlock {P} at (7,90) size 80x15
                  RenderText {#text} at (31,0) size 18x15
                    text run at (31,0) width 18: "No"
                  RenderInline {SPAN} at (0,0) size 0x15
                    RenderInline {O:P} at (0,0) size 0x15
              RenderTableCell {TD} at (369,1670) size 104x105 [r=29 c=3 rs=1 cs=1]
                RenderBlock {P} at (7,0) size 90x15
                  RenderText {#text} at (36,0) size 18x15
                    text run at (36,0) width 18: "No"
                  RenderInline {SPAN} at (0,0) size 0x15
                    RenderInline {O:P} at (0,0) size 0x15
                RenderBlock {P} at (7,15) size 90x15
                  RenderText {#text} at (36,0) size 18x15
                    text run at (36,0) width 18: "No"
                  RenderInline {SPAN} at (0,0) size 0x15
                    RenderInline {O:P} at (0,0) size 0x15
                RenderBlock {P} at (7,30) size 90x15
                  RenderText {#text} at (36,0) size 18x15
                    text run at (36,0) width 18: "No"
                RenderBlock {P} at (7,45) size 90x15
                  RenderText {#text} at (36,0) size 18x15
                    text run at (36,0) width 18: "No"
                RenderBlock {P} at (7,60) size 90x15
                  RenderText {#text} at (43,0) size 4x15
                    text run at (43,0) width 4: " "
                RenderBlock {P} at (7,75) size 90x15
                  RenderText {#text} at (43,0) size 4x15
                    text run at (43,0) width 4: " "
                RenderBlock {P} at (7,90) size 90x15
                  RenderText {#text} at (33,0) size 24x15
                    text run at (33,0) width 24: "Yes"
                  RenderInline {SPAN} at (0,0) size 1x15
                    RenderInline {O:P} at (0,0) size 1x15
            RenderTableRow {TR} at (0,1775) size 473x45
              RenderTableCell {TD} at (0,1775) size 110x15 [r=30 c=0 rs=1 cs=1]
                RenderBlock {P} at (7,0) size 96x15
                  RenderText {#text} at (40,0) size 16x15
                    text run at (40,0) width 16: "31"
                  RenderInline {SPAN} at (0,0) size 0x15
                    RenderInline {O:P} at (0,0) size 0x15
              RenderTableCell {TD} at (110,1775) size 165x45 [r=30 c=1 rs=1 cs=1]
                RenderBlock {P} at (7,0) size 151x15
                  RenderText {#text} at (0,0) size 79x15
                    text run at (0,0) width 79: "Dave Neves"
                RenderBlock {P} at (7,15) size 151x15
                  RenderText {#text} at (0,0) size 97x15
                    text run at (0,0) width 97: "James Haladus"
                RenderBlock {P} at (7,30) size 151x15
                  RenderText {#text} at (0,0) size 74x15
                    text run at (0,0) width 74: "Randy Reid"
                  RenderInline {SPAN} at (0,0) size 0x15
                    RenderInline {O:P} at (0,0) size 0x15
              RenderTableCell {TD} at (275,1775) size 94x30 [r=30 c=2 rs=1 cs=1]
                RenderBlock {P} at (7,0) size 80x15
                  RenderText {#text} at (28,0) size 24x15
                    text run at (28,0) width 24: "Yes"
                RenderBlock {P} at (7,15) size 80x15
                  RenderText {#text} at (28,0) size 24x15
                    text run at (28,0) width 24: "Yes"
                  RenderInline {SPAN} at (0,0) size 1x15
                    RenderInline {O:P} at (0,0) size 1x15
              RenderTableCell {TD} at (369,1775) size 104x30 [r=30 c=3 rs=1 cs=1]
                RenderBlock {P} at (7,0) size 90x15
                  RenderText {#text} at (33,0) size 24x15
                    text run at (33,0) width 24: "Yes"
                RenderBlock {P} at (7,15) size 90x15
                  RenderText {#text} at (36,0) size 18x15
                    text run at (36,0) width 18: "No"
                  RenderInline {SPAN} at (0,0) size 0x15
                    RenderInline {O:P} at (0,0) size 0x15
            RenderTableRow {TR} at (0,1820) size 473x60
              RenderTableCell {TD} at (0,1820) size 110x15 [r=31 c=0 rs=1 cs=1]
                RenderBlock {P} at (7,0) size 96x15
                  RenderText {#text} at (40,0) size 16x15
                    text run at (40,0) width 16: "32"
                  RenderInline {SPAN} at (0,0) size 0x15
                    RenderInline {O:P} at (0,0) size 0x15
              RenderTableCell {TD} at (110,1820) size 165x60 [r=31 c=1 rs=1 cs=1]
                RenderBlock {P} at (7,0) size 151x15
                  RenderText {#text} at (0,0) size 77x15
                    text run at (0,0) width 77: " Oliver Baer"
                RenderBlock {P} at (7,15) size 151x15
                  RenderText {#text} at (0,0) size 82x15
                    text run at (0,0) width 82: "Dale Barnett"
                RenderBlock {P} at (7,30) size 151x15
                  RenderText {#text} at (0,0) size 64x15
                    text run at (0,0) width 64: "John Todd"
                RenderBlock {P} at (7,45) size 151x15
                  RenderText {#text} at (0,0) size 103x15
                    text run at (0,0) width 103: "Dominic Bayani"
                  RenderInline {SPAN} at (0,0) size 0x15
                    RenderInline {O:P} at (0,0) size 0x15
              RenderTableCell {TD} at (275,1820) size 94x30 [r=31 c=2 rs=1 cs=1]
                RenderBlock {P} at (7,0) size 80x15
                  RenderText {#text} at (26,0) size 28x15
                    text run at (26,0) width 28: " Yes"
                RenderBlock {P} at (7,15) size 80x15
                  RenderText {#text} at (28,0) size 24x15
                    text run at (28,0) width 24: "Yes"
                  RenderInline {SPAN} at (0,0) size 1x15
                    RenderInline {O:P} at (0,0) size 1x15
              RenderTableCell {TD} at (369,1820) size 104x30 [r=31 c=3 rs=1 cs=1]
                RenderBlock {P} at (7,0) size 90x15
                  RenderText {#text} at (34,0) size 22x15
                    text run at (34,0) width 22: " No"
                RenderBlock {P} at (7,15) size 90x15
                  RenderText {#text} at (36,0) size 18x15
                    text run at (36,0) width 18: "No"
                  RenderInline {SPAN} at (0,0) size 0x15
                    RenderInline {O:P} at (0,0) size 0x15
            RenderTableRow {TR} at (0,1880) size 473x150
              RenderTableCell {TD} at (0,1880) size 110x15 [r=32 c=0 rs=1 cs=1]
                RenderBlock {P} at (7,0) size 96x15
                  RenderText {#text} at (40,0) size 16x15
                    text run at (40,0) width 16: "33"
                  RenderInline {SPAN} at (0,0) size 0x15
                    RenderInline {O:P} at (0,0) size 0x15
              RenderTableCell {TD} at (110,1880) size 165x135 [r=32 c=1 rs=1 cs=1]
                RenderBlock {P} at (7,0) size 151x15
                  RenderText {#text} at (0,0) size 83x15
                    text run at (0,0) width 83: "Tom Wagner"
                  RenderInline {SPAN} at (0,0) size 0x15
                    RenderInline {O:P} at (0,0) size 0x15
                RenderBlock {P} at (7,15) size 151x15
                  RenderText {#text} at (0,0) size 89x15
                    text run at (0,0) width 89: "Gene Langley"
                RenderBlock {P} at (7,30) size 151x15
                  RenderText {#text} at (0,0) size 97x15
                    text run at (0,0) width 97: "James Haladus"
                RenderBlock {P} at (7,45) size 151x15
                  RenderText {#text} at (0,0) size 98x15
                    text run at (0,0) width 98: "Daniel Buckley"
                RenderBlock {P} at (7,60) size 151x15
                  RenderText {#text} at (0,0) size 80x15
                    text run at (0,0) width 80: "Chris Larsen"
                RenderBlock {P} at (7,75) size 151x15
                  RenderText {#text} at (0,0) size 83x15
                    text run at (0,0) width 83: "Mike Chansu"
                RenderBlock {P} at (7,90) size 151x15
                  RenderText {#text} at (0,0) size 85x15
                    text run at (0,0) width 85: "James Brown"
                RenderBlock {P} at (7,105) size 151x15
                  RenderText {#text} at (0,0) size 75x15
                    text run at (0,0) width 75: "Will Sievert"
                RenderBlock {P} at (7,120) size 151x15
                  RenderText {#text} at (0,0) size 79x15
                    text run at (0,0) width 79: "Terry Chong"
                  RenderInline {SPAN} at (0,0) size 0x15
                    RenderInline {O:P} at (0,0) size 0x15
              RenderTableCell {TD} at (275,1880) size 94x135 [r=32 c=2 rs=1 cs=1]
                RenderBlock {P} at (7,0) size 80x15
                  RenderText {#text} at (28,0) size 24x15
                    text run at (28,0) width 24: "Yes"
                  RenderInline {SPAN} at (0,0) size 1x15
                    RenderInline {O:P} at (0,0) size 1x15
                RenderBlock {P} at (7,15) size 80x15
                  RenderText {#text} at (28,0) size 24x15
                    text run at (28,0) width 24: "Yes"
                RenderBlock {P} at (7,30) size 80x15
                  RenderText {#text} at (28,0) size 24x15
                    text run at (28,0) width 24: "Yes"
                RenderBlock {P} at (7,45) size 80x15
                  RenderText {#text} at (28,0) size 24x15
                    text run at (28,0) width 24: "Yes"
                RenderBlock {P} at (7,60) size 80x15
                  RenderText {#text} at (38,0) size 4x15
                    text run at (38,0) width 4: " "
                RenderBlock {P} at (7,75) size 80x15
                  RenderText {#text} at (28,0) size 24x15
                    text run at (28,0) width 24: "Yes"
                RenderBlock {P} at (7,90) size 80x15
                  RenderText {#text} at (28,0) size 24x15
                    text run at (28,0) width 24: "Yes"
                RenderBlock {P} at (7,105) size 80x15
                  RenderText {#text} at (28,0) size 24x15
                    text run at (28,0) width 24: "Yes"
                RenderBlock {P} at (7,120) size 80x15
                  RenderText {#text} at (28,0) size 24x15
                    text run at (28,0) width 24: "Yes"
                  RenderInline {SPAN} at (0,0) size 1x15
                    RenderInline {O:P} at (0,0) size 1x15
              RenderTableCell {TD} at (369,1880) size 104x150 [r=32 c=3 rs=1 cs=1]
                RenderBlock {P} at (7,0) size 90x15
                  RenderText {#text} at (36,0) size 18x15
                    text run at (36,0) width 18: "No"
                  RenderInline {SPAN} at (0,0) size 0x15
                    RenderInline {O:P} at (0,0) size 0x15
                RenderBlock {P} at (7,15) size 90x30
                  RenderText {#text} at (29,0) size 60x30
                    text run at (29,0) width 32: "Gyro"
                    text run at (15,15) width 60: "wannabe"
                RenderBlock {P} at (7,45) size 90x15
                  RenderText {#text} at (36,0) size 18x15
                    text run at (36,0) width 18: "No"
                RenderBlock {P} at (7,60) size 90x15
                  RenderText {#text} at (36,0) size 18x15
                    text run at (36,0) width 18: "No"
                RenderBlock {P} at (7,75) size 90x15
                  RenderText {#text} at (43,0) size 4x15
                    text run at (43,0) width 4: " "
                RenderBlock {P} at (7,90) size 90x15
                  RenderText {#text} at (36,0) size 18x15
                    text run at (36,0) width 18: "No"
                RenderBlock {P} at (7,105) size 90x15
                  RenderText {#text} at (36,0) size 18x15
                    text run at (36,0) width 18: "No"
                RenderBlock {P} at (7,120) size 90x15
                  RenderText {#text} at (36,0) size 18x15
                    text run at (36,0) width 18: "No"
                RenderBlock {P} at (7,135) size 90x15
                  RenderText {#text} at (36,0) size 18x15
                    text run at (36,0) width 18: "No"
                  RenderInline {SPAN} at (0,0) size 0x15
                    RenderInline {O:P} at (0,0) size 0x15
            RenderTableRow {TR} at (0,2030) size 473x120
              RenderTableCell {TD} at (0,2030) size 110x15 [r=33 c=0 rs=1 cs=1]
                RenderBlock {P} at (7,0) size 96x15
                  RenderText {#text} at (40,0) size 16x15
                    text run at (40,0) width 16: "34"
                  RenderInline {SPAN} at (0,0) size 0x15
                    RenderInline {O:P} at (0,0) size 0x15
              RenderTableCell {TD} at (110,2030) size 165x120 [r=33 c=1 rs=1 cs=1]
                RenderBlock {P} at (7,0) size 151x15
                  RenderText {#text} at (0,0) size 66x15
                    text run at (0,0) width 66: "Jay Ribera"
                RenderBlock {P} at (7,15) size 151x15
                  RenderText {#text} at (0,0) size 101x15
                    text run at (0,0) width 101: "Gerald Cardinal"
                RenderBlock {P} at (7,30) size 151x15
                  RenderText {#text} at (0,0) size 82x15
                    text run at (0,0) width 82: "Dale Barnett"
                RenderBlock {P} at (7,45) size 151x15
                  RenderText {#text} at (0,0) size 75x15
                    text run at (0,0) width 75: "Paul Walter"
                RenderBlock {P} at (7,60) size 151x15
                  RenderText {#text} at (0,0) size 103x15
                    text run at (0,0) width 103: "Dominic Bayani"
                RenderBlock {P} at (7,75) size 151x15
                  RenderText {#text} at (0,0) size 108x15
                    text run at (0,0) width 108: "Donald Carvalho"
                RenderBlock {P} at (7,90) size 151x15
                  RenderText {#text} at (0,0) size 88x15
                    text run at (0,0) width 88: "Jack Peterson"
                RenderBlock {P} at (7,105) size 151x15
                  RenderText {#text} at (0,0) size 75x15
                    text run at (0,0) width 75: "Scott Hersh"
                  RenderInline {SPAN} at (0,0) size 0x15
                    RenderInline {O:P} at (0,0) size 0x15
              RenderTableCell {TD} at (275,2030) size 94x120 [r=33 c=2 rs=1 cs=1]
                RenderBlock {P} at (7,0) size 80x15
                  RenderText {#text} at (28,0) size 24x15
                    text run at (28,0) width 24: "Yes"
                RenderBlock {P} at (7,15) size 80x15
                  RenderText {#text} at (38,0) size 4x15
                    text run at (38,0) width 4: " "
                RenderBlock {P} at (7,30) size 80x15
                  RenderText {#text} at (28,0) size 24x15
                    text run at (28,0) width 24: "Yes"
                RenderBlock {P} at (7,45) size 80x15
                  RenderText {#text} at (38,0) size 4x15
                    text run at (38,0) width 4: " "
                RenderBlock {P} at (7,60) size 80x15
                  RenderText {#text} at (38,0) size 4x15
                    text run at (38,0) width 4: " "
                RenderBlock {P} at (7,75) size 80x15
                  RenderText {#text} at (38,0) size 4x15
                    text run at (38,0) width 4: " "
                RenderBlock {P} at (7,90) size 80x15
                  RenderText {#text} at (38,0) size 4x15
                    text run at (38,0) width 4: " "
                RenderBlock {P} at (7,105) size 80x15
                  RenderText {#text} at (28,0) size 24x15
                    text run at (28,0) width 24: "Yes"
                  RenderInline {SPAN} at (0,0) size 1x15
                    RenderInline {O:P} at (0,0) size 1x15
              RenderTableCell {TD} at (369,2030) size 104x120 [r=33 c=3 rs=1 cs=1]
                RenderBlock {P} at (7,0) size 90x15
                  RenderText {#text} at (36,0) size 18x15
                    text run at (36,0) width 18: "No"
                RenderBlock {P} at (7,15) size 90x15
                  RenderText {#text} at (43,0) size 4x15
                    text run at (43,0) width 4: " "
                RenderBlock {P} at (7,30) size 90x15
                  RenderText {#text} at (36,0) size 18x15
                    text run at (36,0) width 18: "No"
                RenderBlock {P} at (7,45) size 90x15
                  RenderText {#text} at (43,0) size 4x15
                    text run at (43,0) width 4: " "
                RenderBlock {P} at (7,60) size 90x15
                  RenderText {#text} at (43,0) size 4x15
                    text run at (43,0) width 4: " "
                RenderBlock {P} at (7,75) size 90x15
                  RenderText {#text} at (43,0) size 4x15
                    text run at (43,0) width 4: " "
                RenderBlock {P} at (7,90) size 90x15
                  RenderText {#text} at (43,0) size 4x15
                    text run at (43,0) width 4: " "
                RenderBlock {P} at (7,105) size 90x15
                  RenderText {#text} at (36,0) size 18x15
                    text run at (36,0) width 18: "No"
                  RenderInline {SPAN} at (0,0) size 0x15
                    RenderInline {O:P} at (0,0) size 0x15
            RenderTableRow {TR} at (0,2150) size 473x75
              RenderTableCell {TD} at (0,2150) size 110x15 [r=34 c=0 rs=1 cs=1]
                RenderBlock {P} at (7,0) size 96x15
                  RenderText {#text} at (40,0) size 16x15
                    text run at (40,0) width 16: "35"
                  RenderInline {SPAN} at (0,0) size 0x15
                    RenderInline {O:P} at (0,0) size 0x15
              RenderTableCell {TD} at (110,2150) size 165x75 [r=34 c=1 rs=1 cs=1]
                RenderBlock {P} at (7,0) size 151x15
                  RenderText {#text} at (0,0) size 96x15
                    text run at (0,0) width 96: " Richard Green"
                RenderBlock {P} at (7,15) size 151x15
                  RenderText {#text} at (0,0) size 75x15
                    text run at (0,0) width 75: "David Allen"
                RenderBlock {P} at (7,30) size 151x15
                  RenderText {#text} at (0,0) size 66x15
                    text run at (0,0) width 66: "Jim Colvin"
                RenderBlock {P} at (7,45) size 151x15
                  RenderText {#text} at (0,0) size 83x15
                    text run at (0,0) width 83: "Harald Close"
                RenderBlock {P} at (7,60) size 151x15
                  RenderText {#text} at (0,0) size 73x15
                    text run at (0,0) width 73: "Oliver Baer"
                  RenderInline {SPAN} at (0,0) size 0x15
                    RenderInline {O:P} at (0,0) size 0x15
              RenderTableCell {TD} at (275,2150) size 94x75 [r=34 c=2 rs=1 cs=1]
                RenderBlock {P} at (7,0) size 80x15
                  RenderText {#text} at (38,0) size 4x15
                    text run at (38,0) width 4: " "
                RenderBlock {P} at (7,15) size 80x15
                  RenderText {#text} at (38,0) size 4x15
                    text run at (38,0) width 4: " "
                RenderBlock {P} at (7,30) size 80x15
                  RenderText {#text} at (38,0) size 4x15
                    text run at (38,0) width 4: " "
                RenderBlock {P} at (7,45) size 80x15
                  RenderText {#text} at (28,0) size 24x15
                    text run at (28,0) width 24: "Yes"
                RenderBlock {P} at (7,60) size 80x15
                  RenderText {#text} at (28,0) size 24x15
                    text run at (28,0) width 24: "Yes"
                  RenderInline {SPAN} at (0,0) size 1x15
                    RenderInline {O:P} at (0,0) size 1x15
              RenderTableCell {TD} at (369,2150) size 104x75 [r=34 c=3 rs=1 cs=1]
                RenderBlock {P} at (7,0) size 90x15
                  RenderText {#text} at (43,0) size 4x15
                    text run at (43,0) width 4: " "
                RenderBlock {P} at (7,15) size 90x15
                  RenderText {#text} at (43,0) size 4x15
                    text run at (43,0) width 4: " "
                RenderBlock {P} at (7,30) size 90x15
                  RenderText {#text} at (43,0) size 4x15
                    text run at (43,0) width 4: " "
                RenderBlock {P} at (7,45) size 90x15
                  RenderText {#text} at (33,0) size 24x15
                    text run at (33,0) width 24: "Yes"
                RenderBlock {P} at (7,60) size 90x15
                  RenderText {#text} at (36,0) size 18x15
                    text run at (36,0) width 18: "No"
                  RenderInline {SPAN} at (0,0) size 0x15
                    RenderInline {O:P} at (0,0) size 0x15
            RenderTableRow {TR} at (0,2225) size 473x75
              RenderTableCell {TD} at (0,2225) size 110x15 [r=35 c=0 rs=1 cs=1]
                RenderBlock {P} at (7,0) size 96x15
                  RenderText {#text} at (40,0) size 16x15
                    text run at (40,0) width 16: "36"
                  RenderInline {SPAN} at (0,0) size 0x15
                    RenderInline {O:P} at (0,0) size 0x15
              RenderTableCell {TD} at (110,2225) size 165x75 [r=35 c=1 rs=1 cs=1]
                RenderBlock {P} at (7,0) size 151x15
                  RenderText {#text} at (0,0) size 85x15
                    text run at (0,0) width 85: "Jason Beehm"
                RenderBlock {P} at (7,15) size 151x15
                  RenderText {#text} at (0,0) size 112x15
                    text run at (0,0) width 112: "Darrell Carpenter"
                RenderBlock {P} at (7,30) size 151x15
                  RenderText {#text} at (0,0) size 96x15
                    text run at (0,0) width 96: "Stefan Kiritzov"
                RenderBlock {P} at (7,45) size 151x15
                  RenderText {#text} at (0,0) size 82x15
                    text run at (0,0) width 82: "Dale Barnett"
                RenderBlock {P} at (7,60) size 151x15
                  RenderText {#text} at (0,0) size 76x15
                    text run at (0,0) width 76: "Dan Sievert"
                  RenderInline {SPAN} at (0,0) size 0x15
                    RenderInline {O:P} at (0,0) size 0x15
              RenderTableCell {TD} at (275,2225) size 94x75 [r=35 c=2 rs=1 cs=1]
                RenderBlock {P} at (7,0) size 80x15
                  RenderText {#text} at (28,0) size 24x15
                    text run at (28,0) width 24: "Yes"
                RenderBlock {P} at (7,15) size 80x15
                  RenderText {#text} at (28,0) size 24x15
                    text run at (28,0) width 24: "Yes"
                RenderBlock {P} at (7,30) size 80x15
                  RenderText {#text} at (28,0) size 24x15
                    text run at (28,0) width 24: "Yes"
                RenderBlock {P} at (7,45) size 80x15
                  RenderText {#text} at (28,0) size 24x15
                    text run at (28,0) width 24: "Yes"
                RenderBlock {P} at (7,60) size 80x15
                  RenderText {#text} at (28,0) size 24x15
                    text run at (28,0) width 24: "Yes"
                  RenderInline {SPAN} at (0,0) size 1x15
                    RenderInline {O:P} at (0,0) size 1x15
              RenderTableCell {TD} at (369,2225) size 104x75 [r=35 c=3 rs=1 cs=1]
                RenderBlock {P} at (7,0) size 90x15
                  RenderText {#text} at (36,0) size 18x15
                    text run at (36,0) width 18: "No"
                RenderBlock {P} at (7,15) size 90x15
                  RenderText {#text} at (36,0) size 18x15
                    text run at (36,0) width 18: "No"
                RenderBlock {P} at (7,30) size 90x15
                  RenderText {#text} at (33,0) size 24x15
                    text run at (33,0) width 24: "Yes"
                RenderBlock {P} at (7,45) size 90x15
                  RenderText {#text} at (36,0) size 18x15
                    text run at (36,0) width 18: "No"
                RenderBlock {P} at (7,60) size 90x15
                  RenderText {#text} at (36,0) size 18x15
                    text run at (36,0) width 18: "No"
                  RenderInline {SPAN} at (0,0) size 0x15
                    RenderInline {O:P} at (0,0) size 0x15
            RenderTableRow {TR} at (0,2300) size 473x60
              RenderTableCell {TD} at (0,2300) size 110x15 [r=36 c=0 rs=1 cs=1]
                RenderBlock {P} at (7,0) size 96x15
                  RenderText {#text} at (40,0) size 16x15
                    text run at (40,0) width 16: "37"
                  RenderInline {SPAN} at (0,0) size 0x15
                    RenderInline {O:P} at (0,0) size 0x15
              RenderTableCell {TD} at (110,2300) size 165x60 [r=36 c=1 rs=1 cs=1]
                RenderBlock {P} at (7,0) size 151x15
                  RenderText {#text} at (0,0) size 109x15
                    text run at (0,0) width 109: "Dominic Civiletti"
                RenderBlock {P} at (7,15) size 151x15
                  RenderText {#text} at (0,0) size 96x15
                    text run at (0,0) width 96: "John Chamorro"
                RenderBlock {P} at (7,30) size 151x15
                  RenderText {#text} at (0,0) size 83x15
                    text run at (0,0) width 83: "Jim Mirowski"
                RenderBlock {P} at (7,45) size 151x15
                  RenderText {#text} at (0,0) size 90x15
                    text run at (0,0) width 90: "Soohong  Kim"
                  RenderInline {SPAN} at (0,0) size 0x15
                    RenderInline {O:P} at (0,0) size 0x15
              RenderTableCell {TD} at (275,2300) size 94x60 [r=36 c=2 rs=1 cs=1]
                RenderBlock {P} at (7,0) size 80x15
                  RenderText {#text} at (28,0) size 24x15
                    text run at (28,0) width 24: "Yes"
                RenderBlock {P} at (7,15) size 80x15
                  RenderText {#text} at (38,0) size 4x15
                    text run at (38,0) width 4: " "
                RenderBlock {P} at (7,30) size 80x15
                  RenderText {#text} at (38,0) size 4x15
                    text run at (38,0) width 4: " "
                RenderBlock {P} at (7,45) size 80x15
                  RenderText {#text} at (28,0) size 24x15
                    text run at (28,0) width 24: "Yes"
                  RenderInline {SPAN} at (0,0) size 1x15
                    RenderInline {O:P} at (0,0) size 1x15
              RenderTableCell {TD} at (369,2300) size 104x60 [r=36 c=3 rs=1 cs=1]
                RenderBlock {P} at (7,0) size 90x15
                  RenderText {#text} at (36,0) size 18x15
                    text run at (36,0) width 18: "No"
                RenderBlock {P} at (7,15) size 90x15
                  RenderText {#text} at (43,0) size 4x15
                    text run at (43,0) width 4: " "
                RenderBlock {P} at (7,30) size 90x15
                  RenderText {#text} at (43,0) size 4x15
                    text run at (43,0) width 4: " "
                RenderBlock {P} at (7,45) size 90x15
                  RenderText {#text} at (36,0) size 18x15
                    text run at (36,0) width 18: "No"
                  RenderInline {SPAN} at (0,0) size 0x15
                    RenderInline {O:P} at (0,0) size 0x15
            RenderTableRow {TR} at (0,2360) size 473x90
              RenderTableCell {TD} at (0,2360) size 110x15 [r=37 c=0 rs=1 cs=1]
                RenderBlock {P} at (7,0) size 96x15
                  RenderText {#text} at (40,0) size 16x15
                    text run at (40,0) width 16: "38"
                  RenderInline {SPAN} at (0,0) size 0x15
                    RenderInline {O:P} at (0,0) size 0x15
              RenderTableCell {TD} at (110,2360) size 165x90 [r=37 c=1 rs=1 cs=1]
                RenderBlock {P} at (7,0) size 151x15
                  RenderText {#text} at (0,0) size 117x15
                    text run at (0,0) width 117: "Karl Allmendinger"
                  RenderInline {SPAN} at (0,0) size 0x15
                    RenderInline {O:P} at (0,0) size 0x15
                RenderBlock {P} at (7,15) size 151x15
                  RenderText {#text} at (0,0) size 74x15
                    text run at (0,0) width 74: "John Bernal"
                  RenderInline {SPAN} at (0,0) size 0x15
                    RenderInline {O:P} at (0,0) size 0x15
                RenderBlock {P} at (7,30) size 151x15
                  RenderText {#text} at (0,0) size 89x15
                    text run at (0,0) width 89: "Gene Langley"
                RenderBlock {P} at (7,45) size 151x15
                  RenderText {#text} at (0,0) size 89x15
                    text run at (0,0) width 89: "Chuck Pringle"
                RenderBlock {P} at (7,60) size 151x15
                  RenderText {#text} at (0,0) size 65x15
                    text run at (0,0) width 65: "Jimmy Lei"
                RenderBlock {P} at (7,75) size 151x15
                  RenderText {#text} at (0,0) size 106x15
                    text run at (0,0) width 106: "Ruenjoe (Joe) Lu"
                  RenderInline {SPAN} at (0,0) size 0x15
                    RenderInline {O:P} at (0,0) size 0x15
              RenderTableCell {TD} at (275,2360) size 94x60 [r=37 c=2 rs=1 cs=1]
                RenderBlock {P} at (7,0) size 80x15
                  RenderText {#text} at (28,0) size 24x15
                    text run at (28,0) width 24: "Yes"
                  RenderInline {SPAN} at (0,0) size 1x15
                    RenderInline {O:P} at (0,0) size 1x15
                RenderBlock {P} at (7,15) size 80x15
                  RenderText {#text} at (28,0) size 24x15
                    text run at (28,0) width 24: "Yes"
                  RenderInline {SPAN} at (0,0) size 1x15
                    RenderInline {O:P} at (0,0) size 1x15
                RenderBlock {P} at (7,30) size 80x15
                  RenderText {#text} at (28,0) size 24x15
                    text run at (28,0) width 24: "Yes"
                RenderBlock {P} at (7,45) size 80x15
                  RenderText {#text} at (28,0) size 24x15
                    text run at (28,0) width 24: "Yes"
                  RenderInline {SPAN} at (0,0) size 1x15
                    RenderInline {O:P} at (0,0) size 1x15
              RenderTableCell {TD} at (369,2360) size 104x75 [r=37 c=3 rs=1 cs=1]
                RenderBlock {P} at (7,0) size 90x15
                  RenderText {#text} at (36,0) size 18x15
                    text run at (36,0) width 18: "No"
                  RenderInline {SPAN} at (0,0) size 0x15
                    RenderInline {O:P} at (0,0) size 0x15
                RenderBlock {P} at (7,15) size 90x15
                  RenderText {#text} at (36,0) size 18x15
                    text run at (36,0) width 18: "No"
                  RenderInline {SPAN} at (0,0) size 0x15
                    RenderInline {O:P} at (0,0) size 0x15
                RenderBlock {P} at (7,30) size 90x30
                  RenderText {#text} at (29,0) size 60x30
                    text run at (29,0) width 32: "Gyro"
                    text run at (15,15) width 60: "wannabe"
                RenderBlock {P} at (7,60) size 90x15
                  RenderText {#text} at (36,0) size 18x15
                    text run at (36,0) width 18: "No"
                  RenderInline {SPAN} at (0,0) size 0x15
                    RenderInline {O:P} at (0,0) size 0x15
            RenderTableRow {TR} at (0,2450) size 473x45
              RenderTableCell {TD} at (0,2450) size 110x15 [r=38 c=0 rs=1 cs=1]
                RenderBlock {P} at (7,0) size 96x15
                  RenderText {#text} at (40,0) size 16x15
                    text run at (40,0) width 16: "39"
                  RenderInline {SPAN} at (0,0) size 0x15
                    RenderInline {O:P} at (0,0) size 0x15
              RenderTableCell {TD} at (110,2450) size 165x45 [r=38 c=1 rs=1 cs=1]
                RenderBlock {P} at (7,0) size 151x15
                  RenderText {#text} at (0,0) size 83x15
                    text run at (0,0) width 83: "Tom Wagner"
                RenderBlock {P} at (7,15) size 151x15
                  RenderText {#text} at (0,0) size 73x15
                    text run at (0,0) width 73: "Oliver Baer"
                RenderBlock {P} at (7,30) size 151x15
                  RenderText {#text} at (0,0) size 75x15
                    text run at (0,0) width 75: "Will Sievert"
                  RenderInline {SPAN} at (0,0) size 0x15
                    RenderInline {O:P} at (0,0) size 0x15
              RenderTableCell {TD} at (275,2450) size 94x45 [r=38 c=2 rs=1 cs=1]
                RenderBlock {P} at (7,0) size 80x15
                  RenderText {#text} at (28,0) size 24x15
                    text run at (28,0) width 24: "Yes"
                RenderBlock {P} at (7,15) size 80x15
                  RenderText {#text} at (28,0) size 24x15
                    text run at (28,0) width 24: "Yes"
                RenderBlock {P} at (7,30) size 80x15
                  RenderText {#text} at (28,0) size 24x15
                    text run at (28,0) width 24: "Yes"
                  RenderInline {SPAN} at (0,0) size 1x15
                    RenderInline {O:P} at (0,0) size 1x15
              RenderTableCell {TD} at (369,2450) size 104x45 [r=38 c=3 rs=1 cs=1]
                RenderBlock {P} at (7,0) size 90x15
                  RenderText {#text} at (36,0) size 18x15
                    text run at (36,0) width 18: "No"
                RenderBlock {P} at (7,15) size 90x15
                  RenderText {#text} at (36,0) size 18x15
                    text run at (36,0) width 18: "No"
                RenderBlock {P} at (7,30) size 90x15
                  RenderText {#text} at (36,0) size 18x15
                    text run at (36,0) width 18: "No"
                  RenderInline {SPAN} at (0,0) size 0x15
                    RenderInline {O:P} at (0,0) size 0x15
            RenderTableRow {TR} at (0,2495) size 473x120
              RenderTableCell {TD} at (0,2495) size 110x15 [r=39 c=0 rs=1 cs=1]
                RenderBlock {P} at (7,0) size 96x15
                  RenderText {#text} at (40,0) size 16x15
                    text run at (40,0) width 16: "40"
                  RenderInline {SPAN} at (0,0) size 0x15
                    RenderInline {O:P} at (0,0) size 0x15
              RenderTableCell {TD} at (110,2495) size 165x120 [r=39 c=1 rs=1 cs=1]
                RenderBlock {P} at (7,0) size 151x15
                  RenderText {#text} at (0,0) size 96x15
                    text run at (0,0) width 96: "Alberto Lanzas"
                  RenderInline {SPAN} at (0,0) size 0x15
                    RenderInline {O:P} at (0,0) size 0x15
                RenderBlock {P} at (7,15) size 151x15
                  RenderText {#text} at (0,0) size 112x15
                    text run at (0,0) width 112: "Zak + Mike West"
                  RenderInline {SPAN} at (0,0) size 0x15
                    RenderInline {O:P} at (0,0) size 0x15
                RenderBlock {P} at (7,30) size 151x15
                  RenderText {#text} at (0,0) size 80x15
                    text run at (0,0) width 80: "Javier Flores"
                  RenderInline {SPAN} at (0,0) size 0x15
                    RenderInline {O:P} at (0,0) size 0x15
                RenderBlock {P} at (7,45) size 151x15
                  RenderText {#text} at (0,0) size 76x15
                    text run at (0,0) width 76: "Bill Johnson"
                  RenderInline {SPAN} at (0,0) size 0x15
                    RenderInline {O:P} at (0,0) size 0x15
                RenderBlock {P} at (7,60) size 151x15
                  RenderText {#text} at (0,0) size 89x15
                    text run at (0,0) width 89: "Gene Langley"
                RenderBlock {P} at (7,75) size 151x15
                  RenderText {#text} at (0,0) size 80x15
                    text run at (0,0) width 80: "Rich Burnett"
                RenderBlock {P} at (7,90) size 151x15
                  RenderText {#text} at (0,0) size 103x15
                    text run at (0,0) width 103: "Jack Goodfriend"
                RenderBlock {P} at (7,105) size 151x15
                  RenderText {#text} at (0,0) size 83x15
                    text run at (0,0) width 83: "Harald Close"
                  RenderInline {SPAN} at (0,0) size 0x15
                    RenderInline {O:P} at (0,0) size 0x15
              RenderTableCell {TD} at (275,2495) size 94x120 [r=39 c=2 rs=1 cs=1]
                RenderBlock {P} at (7,0) size 80x15
                  RenderText {#text} at (28,0) size 24x15
                    text run at (28,0) width 24: "Yes"
                  RenderInline {SPAN} at (0,0) size 1x15
                    RenderInline {O:P} at (0,0) size 1x15
                RenderBlock {P} at (7,15) size 80x15
                  RenderText {#text} at (28,0) size 24x15
                    text run at (28,0) width 24: "Yes"
                  RenderInline {SPAN} at (0,0) size 1x15
                    RenderInline {O:P} at (0,0) size 1x15
                RenderBlock {P} at (7,30) size 80x15
                  RenderText {#text} at (28,0) size 24x15
                    text run at (28,0) width 24: "Yes"
                  RenderInline {SPAN} at (0,0) size 1x15
                    RenderInline {O:P} at (0,0) size 1x15
                RenderBlock {P} at (7,45) size 80x15
                  RenderText {#text} at (28,0) size 24x15
                    text run at (28,0) width 24: "Yes"
                  RenderInline {SPAN} at (0,0) size 1x15
                    RenderInline {O:P} at (0,0) size 1x15
                RenderBlock {P} at (7,60) size 80x15
                  RenderText {#text} at (28,0) size 24x15
                    text run at (28,0) width 24: "Yes"
                RenderBlock {P} at (7,75) size 80x15
                  RenderText {#text} at (38,0) size 4x15
                    text run at (38,0) width 4: " "
                RenderBlock {P} at (7,90) size 80x15
                  RenderText {#text} at (38,0) size 4x15
                    text run at (38,0) width 4: " "
                RenderBlock {P} at (7,105) size 80x15
                  RenderText {#text} at (28,0) size 24x15
                    text run at (28,0) width 24: "Yes"
                  RenderInline {SPAN} at (0,0) size 1x15
                    RenderInline {O:P} at (0,0) size 1x15
              RenderTableCell {TD} at (369,2495) size 104x120 [r=39 c=3 rs=1 cs=1]
                RenderBlock {P} at (7,0) size 90x15
                  RenderText {#text} at (33,0) size 24x15
                    text run at (33,0) width 24: "Yes"
                  RenderInline {SPAN} at (0,0) size 1x15
                    RenderInline {O:P} at (0,0) size 1x15
                RenderBlock {P} at (7,15) size 90x15
                  RenderText {#text} at (33,0) size 24x15
                    text run at (33,0) width 24: "Yes"
                  RenderInline {SPAN} at (0,0) size 1x15
                    RenderInline {O:P} at (0,0) size 1x15
                RenderBlock {P} at (7,30) size 90x15
                  RenderText {#text} at (36,0) size 18x15
                    text run at (36,0) width 18: "No"
                  RenderInline {SPAN} at (0,0) size 0x15
                    RenderInline {O:P} at (0,0) size 0x15
                RenderBlock {P} at (7,45) size 90x15
                  RenderText {#text} at (36,0) size 18x15
                    text run at (36,0) width 18: "No"
                  RenderInline {SPAN} at (0,0) size 0x15
                    RenderInline {O:P} at (0,0) size 0x15
                RenderBlock {P} at (7,60) size 90x15
                  RenderText {#text} at (25,0) size 40x15
                    text run at (25,0) width 40: "Glider"
                RenderBlock {P} at (7,75) size 90x15
                  RenderText {#text} at (43,0) size 4x15
                    text run at (43,0) width 4: " "
                RenderBlock {P} at (7,90) size 90x15
                  RenderText {#text} at (43,0) size 4x15
                    text run at (43,0) width 4: " "
                RenderBlock {P} at (7,105) size 90x15
                  RenderText {#text} at (36,0) size 18x15
                    text run at (36,0) width 18: "No"
                  RenderInline {SPAN} at (0,0) size 0x15
                    RenderInline {O:P} at (0,0) size 0x15
            RenderTableRow {TR} at (0,2615) size 473x120
              RenderTableCell {TD} at (0,2615) size 110x15 [r=40 c=0 rs=1 cs=1]
                RenderBlock {P} at (7,0) size 96x15
                  RenderText {#text} at (40,0) size 16x15
                    text run at (40,0) width 16: "41"
                  RenderInline {SPAN} at (0,0) size 0x15
                    RenderInline {O:P} at (0,0) size 0x15
              RenderTableCell {TD} at (110,2615) size 165x120 [r=40 c=1 rs=1 cs=1]
                RenderBlock {P} at (7,0) size 151x15
                  RenderText {#text} at (0,0) size 109x15
                    text run at (0,0) width 109: "Dominic Civiletti"
                  RenderInline {SPAN} at (0,0) size 0x15
                    RenderInline {O:P} at (0,0) size 0x15
                RenderBlock {P} at (7,15) size 151x15
                  RenderText {#text} at (0,0) size 123x15
                    text run at (0,0) width 123: "Corbin Christensen"
                  RenderInline {SPAN} at (0,0) size 0x15
                    RenderInline {O:P} at (0,0) size 0x15
                RenderBlock {P} at (7,30) size 151x15
                  RenderText {#text} at (0,0) size 67x15
                    text run at (0,0) width 67: "Hal Hirsch"
                  RenderInline {SPAN} at (0,0) size 0x15
                    RenderInline {O:P} at (0,0) size 0x15
                RenderBlock {P} at (7,45) size 151x15
                  RenderText {#text} at (0,0) size 107x15
                    text run at (0,0) width 107: "Richard Sanchez"
                RenderBlock {P} at (7,60) size 151x15
                  RenderText {#text} at (0,0) size 74x15
                    text run at (0,0) width 74: "John Bernal"
                RenderBlock {P} at (7,75) size 151x15
                  RenderText {#text} at (0,0) size 80x15
                    text run at (0,0) width 80: "Rich Burnett"
                RenderBlock {P} at (7,90) size 151x15
                  RenderText {#text} at (0,0) size 82x15
                    text run at (0,0) width 82: "Brock Brown"
                RenderBlock {P} at (7,105) size 151x15
                  RenderText {#text} at (0,0) size 64x15
                    text run at (0,0) width 64: "John Paye"
                  RenderInline {SPAN} at (0,0) size 0x15
                    RenderInline {O:P} at (0,0) size 0x15
              RenderTableCell {TD} at (275,2615) size 94x105 [r=40 c=2 rs=1 cs=1]
                RenderBlock {P} at (7,0) size 80x15
                  RenderText {#text} at (28,0) size 24x15
                    text run at (28,0) width 24: "Yes"
                  RenderInline {SPAN} at (0,0) size 1x15
                    RenderInline {O:P} at (0,0) size 1x15
                RenderBlock {P} at (7,15) size 80x15
                  RenderText {#text} at (28,0) size 24x15
                    text run at (28,0) width 24: "Yes"
                  RenderInline {SPAN} at (0,0) size 1x15
                    RenderInline {O:P} at (0,0) size 1x15
                RenderBlock {P} at (7,30) size 80x15
                  RenderText {#text} at (28,0) size 24x15
                    text run at (28,0) width 24: "Yes"
                  RenderInline {SPAN} at (0,0) size 1x15
                    RenderInline {O:P} at (0,0) size 1x15
                RenderBlock {P} at (7,45) size 80x15
                  RenderText {#text} at (31,0) size 18x15
                    text run at (31,0) width 18: "No"
                RenderBlock {P} at (7,60) size 80x15
                  RenderText {#text} at (28,0) size 24x15
                    text run at (28,0) width 24: "Yes"
                RenderBlock {P} at (7,75) size 80x15
                  RenderText {#text} at (38,0) size 4x15
                    text run at (38,0) width 4: " "
                RenderBlock {P} at (7,90) size 80x15
                  RenderText {#text} at (28,0) size 24x15
                    text run at (28,0) width 24: "Yes"
                  RenderInline {SPAN} at (0,0) size 1x15
                    RenderInline {O:P} at (0,0) size 1x15
              RenderTableCell {TD} at (369,2615) size 104x105 [r=40 c=3 rs=1 cs=1]
                RenderBlock {P} at (7,0) size 90x15
                  RenderText {#text} at (36,0) size 18x15
                    text run at (36,0) width 18: "No"
                  RenderInline {SPAN} at (0,0) size 0x15
                    RenderInline {O:P} at (0,0) size 0x15
                RenderBlock {P} at (7,15) size 90x15
                  RenderText {#text} at (36,0) size 18x15
                    text run at (36,0) width 18: "No"
                  RenderInline {SPAN} at (0,0) size 0x15
                    RenderInline {O:P} at (0,0) size 0x15
                RenderBlock {P} at (7,30) size 90x15
                  RenderText {#text} at (36,0) size 18x15
                    text run at (36,0) width 18: "No"
                  RenderInline {SPAN} at (0,0) size 0x15
                    RenderInline {O:P} at (0,0) size 0x15
                RenderBlock {P} at (7,45) size 90x15
                  RenderText {#text} at (33,0) size 24x15
                    text run at (33,0) width 24: "Yes"
                RenderBlock {P} at (7,60) size 90x15
                  RenderText {#text} at (36,0) size 18x15
                    text run at (36,0) width 18: "No"
                RenderBlock {P} at (7,75) size 90x15
                  RenderText {#text} at (43,0) size 4x15
                    text run at (43,0) width 4: " "
                RenderBlock {P} at (7,90) size 90x15
                  RenderText {#text} at (36,0) size 18x15
                    text run at (36,0) width 18: "No"
                  RenderInline {SPAN} at (0,0) size 0x15
                    RenderInline {O:P} at (0,0) size 0x15
            RenderTableRow {TR} at (0,2735) size 473x120
              RenderTableCell {TD} at (0,2735) size 110x15 [r=41 c=0 rs=1 cs=1]
                RenderBlock {P} at (7,0) size 96x15
                  RenderText {#text} at (40,0) size 16x15
                    text run at (40,0) width 16: "42"
                  RenderInline {SPAN} at (0,0) size 0x15
                    RenderInline {O:P} at (0,0) size 0x15
              RenderTableCell {TD} at (110,2735) size 165x120 [r=41 c=1 rs=1 cs=1]
                RenderBlock {P} at (7,0) size 151x15
                  RenderText {#text} at (0,0) size 52x15
                    text run at (0,0) width 52: "Tony Yu"
                  RenderInline {SPAN} at (0,0) size 0x15
                    RenderInline {O:P} at (0,0) size 0x15
                RenderBlock {P} at (7,15) size 151x15
                  RenderText {#text} at (0,0) size 75x15
                    text run at (0,0) width 75: "Jason Miller"
                  RenderInline {SPAN} at (0,0) size 0x15
                    RenderInline {O:P} at (0,0) size 0x15
                RenderBlock {P} at (7,30) size 151x15
                  RenderText {#text} at (0,0) size 98x15
                    text run at (0,0) width 98: "Maurice Burton"
                RenderBlock {P} at (7,45) size 151x15
                  RenderText {#text} at (0,0) size 76x15
                    text run at (0,0) width 76: "Dan Sievert"
                RenderBlock {P} at (7,60) size 151x15
                  RenderText {#text} at (0,0) size 71x15
                    text run at (0,0) width 71: "Jerry Davis"
                RenderBlock {P} at (7,75) size 151x15
                  RenderText {#text} at (0,0) size 64x15
                    text run at (0,0) width 64: "John Paye"
                RenderBlock {P} at (7,90) size 151x15
                  RenderText {#text} at (0,0) size 83x15
                    text run at (0,0) width 83: "Gordon Frost"
                RenderBlock {P} at (7,105) size 151x15
                  RenderText {#text} at (0,0) size 77x15
                    text run at (0,0) width 77: "Chris Walsh"
                  RenderInline {SPAN} at (0,0) size 0x15
                    RenderInline {O:P} at (0,0) size 0x15
              RenderTableCell {TD} at (275,2735) size 94x75 [r=41 c=2 rs=1 cs=1]
                RenderBlock {P} at (7,0) size 80x15
                  RenderText {#text} at (28,0) size 24x15
                    text run at (28,0) width 24: "Yes"
                  RenderInline {SPAN} at (0,0) size 1x15
                    RenderInline {O:P} at (0,0) size 1x15
                RenderBlock {P} at (7,15) size 80x15
                  RenderText {#text} at (28,0) size 24x15
                    text run at (28,0) width 24: "Yes"
                  RenderInline {SPAN} at (0,0) size 1x15
                    RenderInline {O:P} at (0,0) size 1x15
                RenderBlock {P} at (7,30) size 80x15
                  RenderText {#text} at (28,0) size 24x15
                    text run at (28,0) width 24: "Yes"
                RenderBlock {P} at (7,45) size 80x15
                  RenderText {#text} at (28,0) size 24x15
                    text run at (28,0) width 24: "Yes"
                RenderBlock {P} at (7,60) size 80x15
                  RenderText {#text} at (28,0) size 24x15
                    text run at (28,0) width 24: "Yes"
                  RenderInline {SPAN} at (0,0) size 1x15
                    RenderInline {O:P} at (0,0) size 1x15
              RenderTableCell {TD} at (369,2735) size 104x75 [r=41 c=3 rs=1 cs=1]
                RenderBlock {P} at (7,0) size 90x15
                  RenderText {#text} at (36,0) size 18x15
                    text run at (36,0) width 18: "No"
                  RenderInline {SPAN} at (0,0) size 0x15
                    RenderInline {O:P} at (0,0) size 0x15
                RenderBlock {P} at (7,15) size 90x15
                  RenderText {#text} at (36,0) size 18x15
                    text run at (36,0) width 18: "No"
                  RenderInline {SPAN} at (0,0) size 0x15
                    RenderInline {O:P} at (0,0) size 0x15
                RenderBlock {P} at (7,30) size 90x15
                  RenderText {#text} at (36,0) size 18x15
                    text run at (36,0) width 18: "No"
                RenderBlock {P} at (7,45) size 90x15
                  RenderText {#text} at (36,0) size 18x15
                    text run at (36,0) width 18: "No"
                RenderBlock {P} at (7,60) size 90x15
                  RenderText {#text} at (36,0) size 18x15
                    text run at (36,0) width 18: "No"
                  RenderInline {SPAN} at (0,0) size 0x15
                    RenderInline {O:P} at (0,0) size 0x15
            RenderTableRow {TR} at (0,2855) size 473x105
              RenderTableCell {TD} at (0,2855) size 110x15 [r=42 c=0 rs=1 cs=1]
                RenderBlock {P} at (7,0) size 96x15
                  RenderText {#text} at (40,0) size 16x15
                    text run at (40,0) width 16: "43"
                  RenderInline {SPAN} at (0,0) size 0x15
                    RenderInline {O:P} at (0,0) size 0x15
              RenderTableCell {TD} at (110,2855) size 165x105 [r=42 c=1 rs=1 cs=1]
                RenderBlock {P} at (7,0) size 151x15
                  RenderText {#text} at (0,0) size 109x15
                    text run at (0,0) width 109: "Dominic Civiletti"
                  RenderInline {SPAN} at (0,0) size 0x15
                    RenderInline {O:P} at (0,0) size 0x15
                RenderBlock {P} at (7,15) size 151x15
                  RenderText {#text} at (0,0) size 75x15
                    text run at (0,0) width 75: "Ken Gullion"
                  RenderInline {SPAN} at (0,0) size 0x15
                    RenderInline {O:P} at (0,0) size 0x15
                RenderBlock {P} at (7,30) size 151x15
                  RenderText {#text} at (0,0) size 75x15
                    text run at (0,0) width 75: "Will Sievert"
                RenderBlock {P} at (7,45) size 151x15
                  RenderText {#text} at (0,0) size 84x15
                    text run at (0,0) width 84: "Jim Mahoney"
                RenderBlock {P} at (7,60) size 151x15
                  RenderText {#text} at (0,0) size 76x15
                    text run at (0,0) width 76: "Ken Manuel"
                RenderBlock {P} at (7,75) size 151x15
                  RenderText {#text} at (0,0) size 64x15
                    text run at (0,0) width 64: "John Todd"
                RenderBlock {P} at (7,90) size 151x15
                  RenderText {#text} at (0,0) size 107x15
                    text run at (0,0) width 107: "Rick Rasmussen"
                  RenderInline {SPAN} at (0,0) size 0x15
                    RenderInline {O:P} at (0,0) size 0x15
              RenderTableCell {TD} at (275,2855) size 94x75 [r=42 c=2 rs=1 cs=1]
                RenderBlock {P} at (7,0) size 80x15
                  RenderText {#text} at (28,0) size 24x15
                    text run at (28,0) width 24: "Yes"
                  RenderInline {SPAN} at (0,0) size 1x15
                    RenderInline {O:P} at (0,0) size 1x15
                RenderBlock {P} at (7,15) size 80x15
                  RenderText {#text} at (28,0) size 24x15
                    text run at (28,0) width 24: "Yes"
                  RenderInline {SPAN} at (0,0) size 1x15
                    RenderInline {O:P} at (0,0) size 1x15
                RenderBlock {P} at (7,30) size 80x15
                  RenderText {#text} at (28,0) size 24x15
                    text run at (28,0) width 24: "Yes"
                RenderBlock {P} at (7,45) size 80x15
                  RenderText {#text} at (28,0) size 24x15
                    text run at (28,0) width 24: "Yes"
                RenderBlock {P} at (7,60) size 80x15
                  RenderText {#text} at (28,0) size 24x15
                    text run at (28,0) width 24: "Yes"
                  RenderInline {SPAN} at (0,0) size 1x15
                    RenderInline {O:P} at (0,0) size 1x15
              RenderTableCell {TD} at (369,2855) size 104x75 [r=42 c=3 rs=1 cs=1]
                RenderBlock {P} at (7,0) size 90x15
                  RenderText {#text} at (36,0) size 18x15
                    text run at (36,0) width 18: "No"
                  RenderInline {SPAN} at (0,0) size 0x15
                    RenderInline {O:P} at (0,0) size 0x15
                RenderBlock {P} at (7,15) size 90x15
                  RenderText {#text} at (36,0) size 18x15
                    text run at (36,0) width 18: "No"
                  RenderInline {SPAN} at (0,0) size 0x15
                    RenderInline {O:P} at (0,0) size 0x15
                RenderBlock {P} at (7,30) size 90x15
                  RenderText {#text} at (14,0) size 62x15
                    text run at (14,0) width 62: "Someday"
                RenderBlock {P} at (7,45) size 90x15
                  RenderText {#text} at (33,0) size 24x15
                    text run at (33,0) width 24: "Yes"
                RenderBlock {P} at (7,60) size 90x15
                  RenderText {#text} at (36,0) size 18x15
                    text run at (36,0) width 18: "No"
                  RenderInline {SPAN} at (0,0) size 0x15
                    RenderInline {O:P} at (0,0) size 0x15
            RenderTableRow {TR} at (0,2960) size 473x60
              RenderTableCell {TD} at (0,2960) size 110x15 [r=43 c=0 rs=1 cs=1]
                RenderBlock {P} at (7,0) size 96x15
                  RenderText {#text} at (40,0) size 16x15
                    text run at (40,0) width 16: "44"
                  RenderInline {SPAN} at (0,0) size 0x15
                    RenderInline {O:P} at (0,0) size 0x15
              RenderTableCell {TD} at (110,2960) size 165x60 [r=43 c=1 rs=1 cs=1]
                RenderBlock {P} at (7,0) size 151x15
                  RenderText {#text} at (0,0) size 74x15
                    text run at (0,0) width 74: "Gary Heath"
                  RenderInline {SPAN} at (0,0) size 0x15
                    RenderInline {O:P} at (0,0) size 0x15
                RenderBlock {P} at (7,15) size 151x15
                  RenderText {#text} at (0,0) size 91x15
                    text run at (0,0) width 91: "Quinn Chuong"
                RenderBlock {P} at (7,30) size 151x15
                  RenderText {#text} at (0,0) size 76x15
                    text run at (0,0) width 76: "Dan Sievert"
                RenderBlock {P} at (7,45) size 151x15
                  RenderText {#text} at (0,0) size 101x15
                    text run at (0,0) width 101: "Alexander Wert"
                  RenderInline {SPAN} at (0,0) size 0x15
                    RenderInline {O:P} at (0,0) size 0x15
              RenderTableCell {TD} at (275,2960) size 94x60 [r=43 c=2 rs=1 cs=1]
                RenderBlock {P} at (7,0) size 80x15
                  RenderText {#text} at (31,0) size 18x15
                    text run at (31,0) width 18: "No"
                  RenderInline {SPAN} at (0,0) size 0x15
                    RenderInline {O:P} at (0,0) size 0x15
                RenderBlock {P} at (7,15) size 80x15
                  RenderText {#text} at (28,0) size 24x15
                    text run at (28,0) width 24: "Yes"
                RenderBlock {P} at (7,30) size 80x15
                  RenderText {#text} at (28,0) size 24x15
                    text run at (28,0) width 24: "Yes"
                RenderBlock {P} at (7,45) size 80x15
                  RenderText {#text} at (31,0) size 18x15
                    text run at (31,0) width 18: "No"
                  RenderInline {SPAN} at (0,0) size 0x15
                    RenderInline {O:P} at (0,0) size 0x15
              RenderTableCell {TD} at (369,2960) size 104x60 [r=43 c=3 rs=1 cs=1]
                RenderBlock {P} at (7,0) size 90x15
                  RenderText {#text} at (33,0) size 24x15
                    text run at (33,0) width 24: "Yes"
                  RenderInline {SPAN} at (0,0) size 1x15
                    RenderInline {O:P} at (0,0) size 1x15
                RenderBlock {P} at (7,15) size 90x15
                  RenderText {#text} at (33,0) size 24x15
                    text run at (33,0) width 24: "Yes"
                RenderBlock {P} at (7,30) size 90x15
                  RenderText {#text} at (36,0) size 18x15
                    text run at (36,0) width 18: "No"
                RenderBlock {P} at (7,45) size 90x15
                  RenderText {#text} at (33,0) size 24x15
                    text run at (33,0) width 24: "Yes"
                  RenderInline {SPAN} at (0,0) size 1x15
                    RenderInline {O:P} at (0,0) size 1x15
            RenderTableRow {TR} at (0,3020) size 473x45
              RenderTableCell {TD} at (0,3020) size 110x15 [r=44 c=0 rs=1 cs=1]
                RenderBlock {P} at (7,0) size 96x15
                  RenderText {#text} at (40,0) size 16x15
                    text run at (40,0) width 16: "45"
                  RenderInline {SPAN} at (0,0) size 0x15
                    RenderInline {O:P} at (0,0) size 0x15
              RenderTableCell {TD} at (110,3020) size 165x45 [r=44 c=1 rs=1 cs=1]
                RenderBlock {P} at (7,0) size 151x15
                  RenderText {#text} at (0,0) size 97x15
                    text run at (0,0) width 97: "James Holaduz"
                RenderBlock {P} at (7,15) size 151x15
                  RenderInline {FONT} at (0,0) size 63x15
                    RenderText {#text} at (0,0) size 63x15
                      text run at (0,0) width 63: "Don Coon"
                RenderBlock {P} at (7,30) size 151x15
                  RenderText {#text} at (0,0) size 96x15
                    text run at (0,0) width 96: "John Yearwood"
                  RenderInline {SPAN} at (0,0) size 0x15
                    RenderInline {O:P} at (0,0) size 0x15
              RenderTableCell {TD} at (275,3020) size 94x45 [r=44 c=2 rs=1 cs=1]
                RenderBlock {P} at (7,0) size 80x15
                  RenderText {#text} at (28,0) size 24x15
                    text run at (28,0) width 24: "Yes"
                RenderBlock {P} at (7,15) size 80x15
                  RenderText {#text} at (38,0) size 4x15
                    text run at (38,0) width 4: " "
                RenderBlock {P} at (7,30) size 80x15
                  RenderText {#text} at (28,0) size 24x15
                    text run at (28,0) width 24: "Yes"
                  RenderInline {SPAN} at (0,0) size 1x15
                    RenderInline {O:P} at (0,0) size 1x15
              RenderTableCell {TD} at (369,3020) size 104x45 [r=44 c=3 rs=1 cs=1]
                RenderBlock {P} at (7,0) size 90x15
                  RenderText {#text} at (36,0) size 18x15
                    text run at (36,0) width 18: "No"
                RenderBlock {P} at (7,15) size 90x15
                  RenderText {#text} at (43,0) size 4x15
                    text run at (43,0) width 4: " "
                RenderBlock {P} at (7,30) size 90x15
                  RenderText {#text} at (36,0) size 18x15
                    text run at (36,0) width 18: "No"
                  RenderInline {SPAN} at (0,0) size 0x15
                    RenderInline {O:P} at (0,0) size 0x15
            RenderTableRow {TR} at (0,3065) size 473x120
              RenderTableCell {TD} at (0,3065) size 110x15 [r=45 c=0 rs=1 cs=1]
                RenderBlock {P} at (7,0) size 96x15
                  RenderText {#text} at (40,0) size 16x15
                    text run at (40,0) width 16: "46"
                  RenderInline {SPAN} at (0,0) size 0x15
                    RenderInline {O:P} at (0,0) size 0x15
              RenderTableCell {TD} at (110,3065) size 165x120 [r=45 c=1 rs=1 cs=1]
                RenderBlock {P} at (7,0) size 151x15
                  RenderText {#text} at (0,0) size 62x15
                    text run at (0,0) width 62: "Zak West"
                  RenderInline {SPAN} at (0,0) size 0x15
                    RenderInline {O:P} at (0,0) size 0x15
                RenderBlock {P} at (7,15) size 151x15
                  RenderText {#text} at (0,0) size 117x15
                    text run at (0,0) width 117: "Karl Allmendinger"
                RenderBlock {P} at (7,30) size 151x15
                  RenderText {#text} at (0,0) size 98x15
                    text run at (0,0) width 98: "John Espectzde"
                RenderBlock {P} at (7,45) size 151x15
                  RenderText {#text} at (0,0) size 89x15
                    text run at (0,0) width 89: "Gene Pheiffer"
                RenderBlock {P} at (7,60) size 151x15
                  RenderText {#text} at (0,0) size 79x15
                    text run at (0,0) width 79: "Harold Todd"
                RenderBlock {P} at (7,75) size 151x15
                  RenderText {#text} at (0,0) size 101x15
                    text run at (0,0) width 101: "Gerald Cardinal"
                RenderBlock {P} at (7,90) size 151x15
                  RenderText {#text} at (0,0) size 77x15
                    text run at (0,0) width 77: "Ali Erdengiz"
                RenderBlock {P} at (7,105) size 151x15
                  RenderText {#text} at (0,0) size 100x15
                    text run at (0,0) width 100: "Jason Anderson"
                  RenderInline {SPAN} at (0,0) size 0x15
                    RenderInline {O:P} at (0,0) size 0x15
              RenderTableCell {TD} at (275,3065) size 94x120 [r=45 c=2 rs=1 cs=1]
                RenderBlock {P} at (7,0) size 80x15
                  RenderText {#text} at (28,0) size 24x15
                    text run at (28,0) width 24: "Yes"
                  RenderInline {SPAN} at (0,0) size 1x15
                    RenderInline {O:P} at (0,0) size 1x15
                RenderBlock {P} at (7,15) size 80x15
                  RenderText {#text} at (28,0) size 24x15
                    text run at (28,0) width 24: "Yes"
                RenderBlock {P} at (7,30) size 80x15
                  RenderText {#text} at (38,0) size 4x15
                    text run at (38,0) width 4: " "
                RenderBlock {P} at (7,45) size 80x15
                  RenderText {#text} at (28,0) size 24x15
                    text run at (28,0) width 24: "Yes"
                RenderBlock {P} at (7,60) size 80x15
                  RenderText {#text} at (38,0) size 4x15
                    text run at (38,0) width 4: " "
                RenderBlock {P} at (7,75) size 80x15
                  RenderText {#text} at (38,0) size 4x15
                    text run at (38,0) width 4: " "
                RenderBlock {P} at (7,90) size 80x15
                  RenderText {#text} at (38,0) size 4x15
                    text run at (38,0) width 4: " "
                RenderBlock {P} at (7,105) size 80x15
                  RenderText {#text} at (28,0) size 24x15
                    text run at (28,0) width 24: "Yes"
                  RenderInline {SPAN} at (0,0) size 1x15
                    RenderInline {O:P} at (0,0) size 1x15
              RenderTableCell {TD} at (369,3065) size 104x120 [r=45 c=3 rs=1 cs=1]
                RenderBlock {P} at (7,0) size 90x15
                  RenderText {#text} at (33,0) size 24x15
                    text run at (33,0) width 24: "Yes"
                  RenderInline {SPAN} at (0,0) size 1x15
                    RenderInline {O:P} at (0,0) size 1x15
                RenderBlock {P} at (7,15) size 90x15
                  RenderText {#text} at (36,0) size 18x15
                    text run at (36,0) width 18: "No"
                RenderBlock {P} at (7,30) size 90x15
                  RenderText {#text} at (43,0) size 4x15
                    text run at (43,0) width 4: " "
                RenderBlock {P} at (7,45) size 90x15
                  RenderText {#text} at (36,0) size 18x15
                    text run at (36,0) width 18: "No"
                RenderBlock {P} at (7,60) size 90x15
                  RenderText {#text} at (43,0) size 4x15
                    text run at (43,0) width 4: " "
                RenderBlock {P} at (7,75) size 90x15
                  RenderText {#text} at (43,0) size 4x15
                    text run at (43,0) width 4: " "
                RenderBlock {P} at (7,90) size 90x15
                  RenderText {#text} at (43,0) size 4x15
                    text run at (43,0) width 4: " "
                RenderBlock {P} at (7,105) size 90x15
                  RenderText {#text} at (36,0) size 18x15
                    text run at (36,0) width 18: "No"
                  RenderInline {SPAN} at (0,0) size 0x15
                    RenderInline {O:P} at (0,0) size 0x15
            RenderTableRow {TR} at (0,3185) size 473x165
              RenderTableCell {TD} at (0,3185) size 110x15 [r=46 c=0 rs=1 cs=1]
                RenderBlock {P} at (7,0) size 96x15
                  RenderText {#text} at (40,0) size 16x15
                    text run at (40,0) width 16: "47"
                  RenderInline {SPAN} at (0,0) size 0x15
                    RenderInline {O:P} at (0,0) size 0x15
              RenderTableCell {TD} at (110,3185) size 165x165 [r=46 c=1 rs=1 cs=1]
                RenderBlock {P} at (7,0) size 151x15
                  RenderText {#text} at (0,0) size 97x15
                    text run at (0,0) width 97: "James Holaduz"
                  RenderInline {SPAN} at (0,0) size 0x15
                    RenderInline {O:P} at (0,0) size 0x15
                RenderBlock {P} at (7,15) size 151x15
                  RenderText {#text} at (0,0) size 52x15
                    text run at (0,0) width 52: "Tony Yu"
                  RenderInline {SPAN} at (0,0) size 0x15
                    RenderInline {O:P} at (0,0) size 0x15
                RenderBlock {P} at (7,30) size 151x15
                  RenderText {#text} at (0,0) size 96x15
                    text run at (0,0) width 96: "Quang Nguyen"
                  RenderInline {SPAN} at (0,0) size 0x15
                    RenderInline {O:P} at (0,0) size 0x15
                RenderBlock {P} at (7,45) size 151x15
                  RenderText {#text} at (0,0) size 87x15
                    text run at (0,0) width 87: "Rick Klement"
                  RenderInline {SPAN} at (0,0) size 0x15
                    RenderInline {O:P} at (0,0) size 0x15
                RenderBlock {P} at (7,60) size 151x15
                  RenderText {#text} at (0,0) size 94x15
                    text run at (0,0) width 94: "Mark Glanville"
                  RenderInline {SPAN} at (0,0) size 0x15
                    RenderInline {O:P} at (0,0) size 0x15
                RenderBlock {P} at (7,75) size 151x15
                  RenderText {#text} at (0,0) size 102x15
                    text run at (0,0) width 102: "Michael Chansu"
                RenderBlock {P} at (7,90) size 151x15
                  RenderText {#text} at (0,0) size 79x15
                    text run at (0,0) width 79: "Harold Todd"
                RenderBlock {P} at (7,105) size 151x15
                  RenderInline {FONT} at (0,0) size 63x15
                    RenderText {#text} at (0,0) size 63x15
                      text run at (0,0) width 63: "Don Coon"
                RenderBlock {P} at (7,120) size 151x15
                  RenderText {#text} at (0,0) size 64x15
                    text run at (0,0) width 64: "John Paye"
                RenderBlock {P} at (7,135) size 151x15
                  RenderText {#text} at (0,0) size 75x15
                    text run at (0,0) width 75: "David Allen"
                RenderBlock {P} at (7,150) size 151x15
                  RenderText {#text} at (0,0) size 126x15
                    text run at (0,0) width 126: "Raymund Leonardo"
                  RenderInline {SPAN} at (0,0) size 0x15
                    RenderInline {O:P} at (0,0) size 0x15
              RenderTableCell {TD} at (275,3185) size 94x165 [r=46 c=2 rs=1 cs=1]
                RenderBlock {P} at (7,0) size 80x15
                  RenderText {#text} at (28,0) size 24x15
                    text run at (28,0) width 24: "Yes"
                  RenderInline {SPAN} at (0,0) size 1x15
                    RenderInline {O:P} at (0,0) size 1x15
                RenderBlock {P} at (7,15) size 80x15
                  RenderText {#text} at (28,0) size 24x15
                    text run at (28,0) width 24: "Yes"
                  RenderInline {SPAN} at (0,0) size 1x15
                    RenderInline {O:P} at (0,0) size 1x15
                RenderBlock {P} at (7,30) size 80x15
                  RenderText {#text} at (28,0) size 24x15
                    text run at (28,0) width 24: "Yes"
                  RenderInline {SPAN} at (0,0) size 1x15
                    RenderInline {O:P} at (0,0) size 1x15
                RenderBlock {P} at (7,45) size 80x15
                  RenderText {#text} at (28,0) size 24x15
                    text run at (28,0) width 24: "Yes"
                  RenderInline {SPAN} at (0,0) size 1x15
                    RenderInline {O:P} at (0,0) size 1x15
                RenderBlock {P} at (7,60) size 80x15
                  RenderText {#text} at (28,0) size 24x15
                    text run at (28,0) width 24: "Yes"
                  RenderInline {SPAN} at (0,0) size 1x15
                    RenderInline {O:P} at (0,0) size 1x15
                RenderBlock {P} at (7,75) size 80x15
                  RenderText {#text} at (28,0) size 24x15
                    text run at (28,0) width 24: "Yes"
                RenderBlock {P} at (7,90) size 80x15
                  RenderText {#text} at (38,0) size 4x15
                    text run at (38,0) width 4: " "
                RenderBlock {P} at (7,105) size 80x15
                  RenderText {#text} at (38,0) size 4x15
                    text run at (38,0) width 4: " "
                RenderBlock {P} at (7,120) size 80x15
                  RenderText {#text} at (38,0) size 4x15
                    text run at (38,0) width 4: " "
                RenderBlock {P} at (7,135) size 80x15
                  RenderText {#text} at (38,0) size 4x15
                    text run at (38,0) width 4: " "
                RenderBlock {P} at (7,150) size 80x15
                  RenderText {#text} at (31,0) size 18x15
                    text run at (31,0) width 18: "No"
                  RenderInline {SPAN} at (0,0) size 0x15
                    RenderInline {O:P} at (0,0) size 0x15
              RenderTableCell {TD} at (369,3185) size 104x165 [r=46 c=3 rs=1 cs=1]
                RenderBlock {P} at (7,0) size 90x15
                  RenderText {#text} at (36,0) size 18x15
                    text run at (36,0) width 18: "No"
                  RenderInline {SPAN} at (0,0) size 0x15
                    RenderInline {O:P} at (0,0) size 0x15
                RenderBlock {P} at (7,15) size 90x15
                  RenderText {#text} at (36,0) size 18x15
                    text run at (36,0) width 18: "No"
                  RenderInline {SPAN} at (0,0) size 0x15
                    RenderInline {O:P} at (0,0) size 0x15
                RenderBlock {P} at (7,30) size 90x15
                  RenderText {#text} at (36,0) size 18x15
                    text run at (36,0) width 18: "No"
                  RenderInline {SPAN} at (0,0) size 0x15
                    RenderInline {O:P} at (0,0) size 0x15
                RenderBlock {P} at (7,45) size 90x15
                  RenderText {#text} at (33,0) size 24x15
                    text run at (33,0) width 24: "Yes"
                  RenderInline {SPAN} at (0,0) size 1x15
                    RenderInline {O:P} at (0,0) size 1x15
                RenderBlock {P} at (7,60) size 90x15
                  RenderText {#text} at (36,0) size 18x15
                    text run at (36,0) width 18: "No"
                  RenderInline {SPAN} at (0,0) size 0x15
                    RenderInline {O:P} at (0,0) size 0x15
                RenderBlock {P} at (7,75) size 90x15
                  RenderText {#text} at (36,0) size 18x15
                    text run at (36,0) width 18: "No"
                RenderBlock {P} at (7,90) size 90x15
                  RenderText {#text} at (43,0) size 4x15
                    text run at (43,0) width 4: " "
                RenderBlock {P} at (7,105) size 90x15
                  RenderText {#text} at (43,0) size 4x15
                    text run at (43,0) width 4: " "
                RenderBlock {P} at (7,120) size 90x15
                  RenderText {#text} at (43,0) size 4x15
                    text run at (43,0) width 4: " "
                RenderBlock {P} at (7,135) size 90x15
                  RenderText {#text} at (43,0) size 4x15
                    text run at (43,0) width 4: " "
                RenderBlock {P} at (7,150) size 90x15
                  RenderText {#text} at (33,0) size 24x15
                    text run at (33,0) width 24: "Yes"
                  RenderInline {SPAN} at (0,0) size 1x15
                    RenderInline {O:P} at (0,0) size 1x15
            RenderTableRow {TR} at (0,3350) size 473x135
              RenderTableCell {TD} at (0,3350) size 110x15 [r=47 c=0 rs=1 cs=1]
                RenderBlock {P} at (7,0) size 96x15
                  RenderText {#text} at (40,0) size 16x15
                    text run at (40,0) width 16: "48"
                  RenderInline {SPAN} at (0,0) size 0x15
                    RenderInline {O:P} at (0,0) size 0x15
              RenderTableCell {TD} at (110,3350) size 165x135 [r=47 c=1 rs=1 cs=1]
                RenderBlock {P} at (7,0) size 151x15
                  RenderText {#text} at (0,0) size 94x15
                    text run at (0,0) width 94: "Mark Glanville"
                  RenderInline {SPAN} at (0,0) size 0x15
                    RenderInline {O:P} at (0,0) size 0x15
                RenderBlock {P} at (7,15) size 151x15
                  RenderText {#text} at (0,0) size 113x15
                    text run at (0,0) width 113: "Ian + Brad Carter"
                RenderBlock {P} at (7,30) size 151x15
                  RenderText {#text} at (0,0) size 96x15
                    text run at (0,0) width 96: "Stefan Kiritzov"
                RenderBlock {P} at (7,45) size 151x15
                  RenderText {#text} at (0,0) size 66x15
                    text run at (0,0) width 66: "Joe Araujo"
                RenderBlock {P} at (7,60) size 151x15
                  RenderText {#text} at (0,0) size 79x15
                    text run at (0,0) width 79: "Harold Todd"
                RenderBlock {P} at (7,75) size 151x15
                  RenderText {#text} at (0,0) size 85x15
                    text run at (0,0) width 85: "Steve Gilbert"
                RenderBlock {P} at (7,90) size 151x15
                  RenderText {#text} at (0,0) size 62x15
                    text run at (0,0) width 62: "Mark Diel"
                RenderBlock {P} at (7,105) size 151x15
                  RenderText {#text} at (0,0) size 103x15
                    text run at (0,0) width 103: "Jack Goodfriend"
                RenderBlock {P} at (7,120) size 151x15
                  RenderText {#text} at (0,0) size 106x15
                    text run at (0,0) width 106: "Ruenjoe (Joe) Lu"
                  RenderInline {SPAN} at (0,0) size 0x15
                    RenderInline {O:P} at (0,0) size 0x15
              RenderTableCell {TD} at (275,3350) size 94x90 [r=47 c=2 rs=1 cs=1]
                RenderBlock {P} at (7,0) size 80x15
                  RenderText {#text} at (28,0) size 24x15
                    text run at (28,0) width 24: "Yes"
                  RenderInline {SPAN} at (0,0) size 1x15
                    RenderInline {O:P} at (0,0) size 1x15
                RenderBlock {P} at (7,15) size 80x15
                  RenderText {#text} at (28,0) size 24x15
                    text run at (28,0) width 24: "Yes"
                RenderBlock {P} at (7,30) size 80x15
                  RenderText {#text} at (28,0) size 24x15
                    text run at (28,0) width 24: "Yes"
                RenderBlock {P} at (7,45) size 80x15
                  RenderText {#text} at (38,0) size 4x15
                    text run at (38,0) width 4: " "
                RenderBlock {P} at (7,60) size 80x15
                  RenderText {#text} at (38,0) size 4x15
                    text run at (38,0) width 4: " "
                RenderBlock {P} at (7,75) size 80x15
                  RenderText {#text} at (28,0) size 24x15
                    text run at (28,0) width 24: "Yes"
                  RenderInline {SPAN} at (0,0) size 1x15
                    RenderInline {O:P} at (0,0) size 1x15
              RenderTableCell {TD} at (369,3350) size 104x90 [r=47 c=3 rs=1 cs=1]
                RenderBlock {P} at (7,0) size 90x15
                  RenderText {#text} at (36,0) size 18x15
                    text run at (36,0) width 18: "No"
                  RenderInline {SPAN} at (0,0) size 0x15
                    RenderInline {O:P} at (0,0) size 0x15
                RenderBlock {P} at (7,15) size 90x15
                  RenderText {#text} at (36,0) size 18x15
                    text run at (36,0) width 18: "No"
                RenderBlock {P} at (7,30) size 90x15
                  RenderText {#text} at (33,0) size 24x15
                    text run at (33,0) width 24: "Yes"
                RenderBlock {P} at (7,45) size 90x15
                  RenderText {#text} at (43,0) size 4x15
                    text run at (43,0) width 4: " "
                RenderBlock {P} at (7,60) size 90x15
                  RenderText {#text} at (43,0) size 4x15
                    text run at (43,0) width 4: " "
                RenderBlock {P} at (7,75) size 90x15
                  RenderText {#text} at (36,0) size 18x15
                    text run at (36,0) width 18: "No"
                  RenderInline {SPAN} at (0,0) size 0x15
                    RenderInline {O:P} at (0,0) size 0x15
            RenderTableRow {TR} at (0,3485) size 473x60
              RenderTableCell {TD} at (0,3485) size 110x15 [r=48 c=0 rs=1 cs=1]
                RenderBlock {P} at (7,0) size 96x15
                  RenderText {#text} at (40,0) size 16x15
                    text run at (40,0) width 16: "49"
                  RenderInline {SPAN} at (0,0) size 0x15
                    RenderInline {O:P} at (0,0) size 0x15
              RenderTableCell {TD} at (110,3485) size 165x60 [r=48 c=1 rs=1 cs=1]
                RenderBlock {P} at (7,0) size 151x15
                  RenderText {#text} at (0,0) size 77x15
                    text run at (0,0) width 77: "Ali Erdengiz"
                RenderBlock {P} at (7,15) size 151x15
                  RenderText {#text} at (0,0) size 75x15
                    text run at (0,0) width 75: "David Allen"
                RenderBlock {P} at (7,30) size 151x15
                  RenderInline {SPAN} at (0,0) size 88x15
                    RenderInline {O:P} at (0,0) size 0x0
                    RenderText {#text} at (0,0) size 88x15
                      text run at (0,0) width 88: "Narayen Raju"
                RenderBlock {P} at (7,45) size 151x15
                  RenderInline {SPAN} at (0,0) size 100x15
                    RenderText {#text} at (0,0) size 100x15
                      text run at (0,0) width 39: "Jason "
                      text run at (39,0) width 61: "Anderson"
              RenderTableCell {TD} at (275,3485) size 94x60 [r=48 c=2 rs=1 cs=1]
                RenderBlock {P} at (7,0) size 80x15
                  RenderText {#text} at (38,0) size 4x15
                    text run at (38,0) width 4: " "
                RenderBlock {P} at (7,15) size 80x15
                  RenderText {#text} at (38,0) size 4x15
                    text run at (38,0) width 4: " "
                RenderBlock {P} at (7,30) size 80x15
                  RenderText {#text} at (38,0) size 4x15
                    text run at (38,0) width 4: " "
                RenderBlock {P} at (7,45) size 80x15
                  RenderText {#text} at (28,0) size 24x15
                    text run at (28,0) width 24: "Yes"
                  RenderInline {SPAN} at (0,0) size 1x15
                    RenderInline {O:P} at (0,0) size 1x15
              RenderTableCell {TD} at (369,3485) size 104x60 [r=48 c=3 rs=1 cs=1]
                RenderBlock {P} at (7,0) size 90x15
                  RenderText {#text} at (43,0) size 4x15
                    text run at (43,0) width 4: " "
                RenderBlock {P} at (7,15) size 90x15
                  RenderText {#text} at (43,0) size 4x15
                    text run at (43,0) width 4: " "
                RenderBlock {P} at (7,30) size 90x15
                  RenderText {#text} at (43,0) size 4x15
                    text run at (43,0) width 4: " "
                RenderBlock {P} at (7,45) size 90x15
                  RenderText {#text} at (36,0) size 18x15
                    text run at (36,0) width 18: "No"
                  RenderInline {SPAN} at (0,0) size 0x15
                    RenderInline {O:P} at (0,0) size 0x15
            RenderTableRow {TR} at (0,3545) size 473x135
              RenderTableCell {TD} at (0,3545) size 110x15 [r=49 c=0 rs=1 cs=1]
                RenderBlock {P} at (7,0) size 96x15
                  RenderText {#text} at (40,0) size 16x15
                    text run at (40,0) width 16: "50"
                  RenderInline {SPAN} at (0,0) size 0x15
                    RenderInline {O:P} at (0,0) size 0x15
              RenderTableCell {TD} at (110,3545) size 165x135 [r=49 c=1 rs=1 cs=1]
                RenderBlock {P} at (7,0) size 151x15
                  RenderText {#text} at (0,0) size 62x15
                    text run at (0,0) width 62: "Zak West"
                  RenderInline {SPAN} at (0,0) size 0x15
                    RenderInline {O:P} at (0,0) size 0x15
                RenderBlock {P} at (7,15) size 151x15
                  RenderText {#text} at (0,0) size 87x15
                    text run at (0,0) width 87: "Rick Klement"
                  RenderInline {SPAN} at (0,0) size 0x15
                    RenderInline {O:P} at (0,0) size 0x15
                RenderBlock {P} at (7,30) size 151x15
                  RenderText {#text} at (0,0) size 67x15
                    text run at (0,0) width 67: "Jim Bernal"
                RenderBlock {P} at (7,45) size 151x15
                  RenderText {#text} at (0,0) size 101x15
                    text run at (0,0) width 101: "Alan Littlewood"
                RenderBlock {P} at (7,60) size 151x15
                  RenderText {#text} at (0,0) size 71x15
                    text run at (0,0) width 71: "Jerry Davis"
                RenderBlock {P} at (7,75) size 151x15
                  RenderText {#text} at (0,0) size 100x15
                    text run at (0,0) width 100: "Lauren Bussard"
                RenderBlock {P} at (7,90) size 151x15
                  RenderText {#text} at (0,0) size 96x15
                    text run at (0,0) width 96: "John Yearwood"
                RenderBlock {P} at (7,105) size 151x15
                  RenderText {#text} at (0,0) size 88x15
                    text run at (0,0) width 88: "Narayan Raju"
                RenderBlock {P} at (7,120) size 151x15
                  RenderText {#text} at (0,0) size 76x15
                    text run at (0,0) width 76: "Ken Manuel"
                  RenderInline {SPAN} at (0,0) size 0x15
                    RenderInline {O:P} at (0,0) size 0x15
              RenderTableCell {TD} at (275,3545) size 94x105 [r=49 c=2 rs=1 cs=1]
                RenderBlock {P} at (7,0) size 80x15
                  RenderText {#text} at (28,0) size 24x15
                    text run at (28,0) width 24: "Yes"
                  RenderInline {SPAN} at (0,0) size 1x15
                    RenderInline {O:P} at (0,0) size 1x15
                RenderBlock {P} at (7,15) size 80x15
                  RenderText {#text} at (28,0) size 24x15
                    text run at (28,0) width 24: "Yes"
                  RenderInline {SPAN} at (0,0) size 1x15
                    RenderInline {O:P} at (0,0) size 1x15
                RenderBlock {P} at (7,30) size 80x15
                  RenderText {#text} at (28,0) size 24x15
                    text run at (28,0) width 24: "Yes"
                RenderBlock {P} at (7,45) size 80x15
                  RenderText {#text} at (28,0) size 24x15
                    text run at (28,0) width 24: "Yes"
                RenderBlock {P} at (7,60) size 80x15
                  RenderText {#text} at (28,0) size 24x15
                    text run at (28,0) width 24: "Yes"
                RenderBlock {P} at (7,75) size 80x15
                  RenderText {#text} at (38,0) size 4x15
                    text run at (38,0) width 4: " "
                RenderBlock {P} at (7,90) size 80x15
                  RenderText {#text} at (28,0) size 24x15
                    text run at (28,0) width 24: "Yes"
                  RenderInline {SPAN} at (0,0) size 1x15
                    RenderInline {O:P} at (0,0) size 1x15
              RenderTableCell {TD} at (369,3545) size 104x105 [r=49 c=3 rs=1 cs=1]
                RenderBlock {P} at (7,0) size 90x15
                  RenderText {#text} at (33,0) size 24x15
                    text run at (33,0) width 24: "Yes"
                  RenderInline {SPAN} at (0,0) size 1x15
                    RenderInline {O:P} at (0,0) size 1x15
                RenderBlock {P} at (7,15) size 90x15
                  RenderText {#text} at (33,0) size 24x15
                    text run at (33,0) width 24: "Yes"
                  RenderInline {SPAN} at (0,0) size 1x15
                    RenderInline {O:P} at (0,0) size 1x15
                RenderBlock {P} at (7,30) size 90x15
                  RenderText {#text} at (36,0) size 18x15
                    text run at (36,0) width 18: "No"
                RenderBlock {P} at (7,45) size 90x15
                  RenderText {#text} at (36,0) size 18x15
                    text run at (36,0) width 18: "No"
                RenderBlock {P} at (7,60) size 90x15
                  RenderText {#text} at (33,0) size 24x15
                    text run at (33,0) width 24: "Yes"
                RenderBlock {P} at (7,75) size 90x15
                  RenderText {#text} at (43,0) size 4x15
                    text run at (43,0) width 4: " "
                RenderBlock {P} at (7,90) size 90x15
                  RenderText {#text} at (36,0) size 18x15
                    text run at (36,0) width 18: "No"
                  RenderInline {SPAN} at (0,0) size 0x15
                    RenderInline {O:P} at (0,0) size 0x15
            RenderTableRow {TR} at (0,3680) size 473x45
              RenderTableCell {TD} at (0,3680) size 110x15 [r=50 c=0 rs=1 cs=1]
                RenderBlock {P} at (7,0) size 96x15
                  RenderText {#text} at (40,0) size 16x15
                    text run at (40,0) width 16: "51"
                  RenderInline {SPAN} at (0,0) size 0x15
                    RenderInline {O:P} at (0,0) size 0x15
              RenderTableCell {TD} at (110,3680) size 165x45 [r=50 c=1 rs=1 cs=1]
                RenderBlock {P} at (7,0) size 151x15
                  RenderText {#text} at (0,0) size 95x15
                    text run at (0,0) width 95: "Robert Barnett"
                RenderBlock {P} at (7,15) size 151x15
                  RenderText {#text} at (0,0) size 84x15
                    text run at (0,0) width 84: "Jim Mahoney"
                RenderBlock {P} at (7,30) size 151x15
                  RenderText {#text} at (0,0) size 100x15
                    text run at (0,0) width 100: "Jason Anderson"
                  RenderInline {SPAN} at (0,0) size 0x15
                    RenderInline {O:P} at (0,0) size 0x15
              RenderTableCell {TD} at (275,3680) size 94x45 [r=50 c=2 rs=1 cs=1]
                RenderBlock {P} at (7,0) size 80x15
                  RenderText {#text} at (28,0) size 24x15
                    text run at (28,0) width 24: "Yes"
                RenderBlock {P} at (7,15) size 80x15
                  RenderText {#text} at (28,0) size 24x15
                    text run at (28,0) width 24: "Yes"
                RenderBlock {P} at (7,30) size 80x15
                  RenderText {#text} at (28,0) size 24x15
                    text run at (28,0) width 24: "Yes"
                  RenderInline {SPAN} at (0,0) size 1x15
                    RenderInline {O:P} at (0,0) size 1x15
              RenderTableCell {TD} at (369,3680) size 104x45 [r=50 c=3 rs=1 cs=1]
                RenderBlock {P} at (7,0) size 90x15
                  RenderInline {SPAN} at (0,0) size 18x15
                    RenderText {#text} at (36,0) size 18x15
                      text run at (36,0) width 18: "No"
                    RenderInline {O:P} at (0,0) size 0x15
                RenderBlock {P} at (7,15) size 90x15
                  RenderInline {SPAN} at (0,0) size 24x15
                    RenderText {#text} at (33,0) size 24x15
                      text run at (33,0) width 24: "Yes"
                RenderBlock {P} at (7,30) size 90x15
                  RenderInline {SPAN} at (0,0) size 18x15
                    RenderText {#text} at (36,0) size 18x15
                      text run at (36,0) width 18: "No"
                  RenderInline {SPAN} at (0,0) size 0x15
                    RenderInline {O:P} at (0,0) size 0x15
            RenderTableRow {TR} at (0,3725) size 473x75
              RenderTableCell {TD} at (0,3725) size 110x15 [r=51 c=0 rs=1 cs=1]
                RenderBlock {P} at (7,0) size 96x15
                  RenderText {#text} at (40,0) size 16x15
                    text run at (40,0) width 16: "52"
                  RenderInline {SPAN} at (0,0) size 0x15
                    RenderInline {O:P} at (0,0) size 0x15
              RenderTableCell {TD} at (110,3725) size 165x75 [r=51 c=1 rs=1 cs=1]
                RenderBlock {P} at (7,0) size 151x15
                  RenderText {#text} at (0,0) size 68x15
                    text run at (0,0) width 68: "Mike West"
                  RenderInline {SPAN} at (0,0) size 0x15
                    RenderInline {O:P} at (0,0) size 0x15
                RenderBlock {P} at (7,15) size 151x15
                  RenderText {#text} at (0,0) size 96x15
                    text run at (0,0) width 96: "Robert Frogner"
                RenderBlock {P} at (7,30) size 151x15
                  RenderText {#text} at (0,0) size 100x15
                    text run at (0,0) width 100: "Chris McDowell"
                RenderBlock {P} at (7,45) size 151x15
                  RenderText {#text} at (0,0) size 63x15
                    text run at (0,0) width 63: "Ed Cypret"
                RenderBlock {P} at (7,60) size 151x15
                  RenderText {#text} at (0,0) size 82x15
                    text run at (0,0) width 82: "Dale Barnett"
                  RenderInline {SPAN} at (0,0) size 0x15
                    RenderInline {O:P} at (0,0) size 0x15
              RenderTableCell {TD} at (275,3725) size 94x75 [r=51 c=2 rs=1 cs=1]
                RenderBlock {P} at (7,0) size 80x15
                  RenderText {#text} at (28,0) size 24x15
                    text run at (28,0) width 24: "Yes"
                  RenderInline {SPAN} at (0,0) size 1x15
                    RenderInline {O:P} at (0,0) size 1x15
                RenderBlock {P} at (7,15) size 80x15
                  RenderText {#text} at (28,0) size 24x15
                    text run at (28,0) width 24: "Yes"
                RenderBlock {P} at (7,30) size 80x15
                  RenderText {#text} at (28,0) size 24x15
                    text run at (28,0) width 24: "Yes"
                RenderBlock {P} at (7,45) size 80x15
                  RenderText {#text} at (38,0) size 4x15
                    text run at (38,0) width 4: " "
                RenderBlock {P} at (7,60) size 80x15
                  RenderText {#text} at (28,0) size 24x15
                    text run at (28,0) width 24: "Yes"
                  RenderInline {SPAN} at (0,0) size 1x15
                    RenderInline {O:P} at (0,0) size 1x15
              RenderTableCell {TD} at (369,3725) size 104x75 [r=51 c=3 rs=1 cs=1]
                RenderBlock {P} at (7,0) size 90x15
                  RenderText {#text} at (33,0) size 24x15
                    text run at (33,0) width 24: "Yes"
                  RenderInline {SPAN} at (0,0) size 1x15
                    RenderInline {O:P} at (0,0) size 1x15
                RenderBlock {P} at (7,15) size 90x15
                  RenderText {#text} at (36,0) size 18x15
                    text run at (36,0) width 18: "No"
                RenderBlock {P} at (7,30) size 90x15
                  RenderText {#text} at (36,0) size 18x15
                    text run at (36,0) width 18: "No"
                RenderBlock {P} at (7,45) size 90x15
                  RenderText {#text} at (43,0) size 4x15
                    text run at (43,0) width 4: " "
                RenderBlock {P} at (7,60) size 90x15
                  RenderText {#text} at (36,0) size 18x15
                    text run at (36,0) width 18: "No"
                  RenderInline {SPAN} at (0,0) size 0x15
                    RenderInline {O:P} at (0,0) size 0x15
            RenderTableRow {TR} at (0,3800) size 473x75
              RenderTableCell {TD} at (0,3800) size 110x15 [r=52 c=0 rs=1 cs=1]
                RenderBlock {P} at (7,0) size 96x15
                  RenderText {#text} at (40,0) size 16x15
                    text run at (40,0) width 16: "53"
                  RenderInline {SPAN} at (0,0) size 0x15
                    RenderInline {O:P} at (0,0) size 0x15
              RenderTableCell {TD} at (110,3800) size 165x75 [r=52 c=1 rs=1 cs=1]
                RenderBlock {P} at (7,0) size 151x15
                  RenderText {#text} at (0,0) size 96x15
                    text run at (0,0) width 96: "Alberto Lanzas"
                  RenderInline {SPAN} at (0,0) size 0x15
                    RenderInline {O:P} at (0,0) size 0x15
                RenderBlock {P} at (7,15) size 151x15
                  RenderText {#text} at (0,0) size 76x15
                    text run at (0,0) width 76: "Bill Johnson"
                RenderBlock {P} at (7,30) size 151x15
                  RenderText {#text} at (0,0) size 48x15
                    text run at (0,0) width 48: "Al Wert"
                RenderBlock {P} at (7,45) size 151x15
                  RenderText {#text} at (0,0) size 82x15
                    text run at (0,0) width 82: "Dale Barnett"
                RenderBlock {P} at (7,60) size 151x15
                  RenderText {#text} at (0,0) size 121x15
                    text run at (0,0) width 121: "Ramin Khoshnevis"
                  RenderInline {SPAN} at (0,0) size 0x15
                    RenderInline {O:P} at (0,0) size 0x15
              RenderTableCell {TD} at (275,3800) size 94x75 [r=52 c=2 rs=1 cs=1]
                RenderBlock {P} at (7,0) size 80x15
                  RenderText {#text} at (28,0) size 24x15
                    text run at (28,0) width 24: "Yes"
                  RenderInline {SPAN} at (0,0) size 1x15
                    RenderInline {O:P} at (0,0) size 1x15
                RenderBlock {P} at (7,15) size 80x15
                  RenderText {#text} at (28,0) size 24x15
                    text run at (28,0) width 24: "Yes"
                RenderBlock {P} at (7,30) size 80x15
                  RenderText {#text} at (31,0) size 18x15
                    text run at (31,0) width 18: "No"
                RenderBlock {P} at (7,45) size 80x15
                  RenderText {#text} at (28,0) size 24x15
                    text run at (28,0) width 24: "Yes"
                RenderBlock {P} at (7,60) size 80x15
                  RenderText {#text} at (28,0) size 24x15
                    text run at (28,0) width 24: "Yes"
                  RenderInline {SPAN} at (0,0) size 1x15
                    RenderInline {O:P} at (0,0) size 1x15
              RenderTableCell {TD} at (369,3800) size 104x75 [r=52 c=3 rs=1 cs=1]
                RenderBlock {P} at (7,0) size 90x15
                  RenderText {#text} at (33,0) size 24x15
                    text run at (33,0) width 24: "Yes"
                  RenderInline {SPAN} at (0,0) size 1x15
                    RenderInline {O:P} at (0,0) size 1x15
                RenderBlock {P} at (7,15) size 90x15
                  RenderText {#text} at (36,0) size 18x15
                    text run at (36,0) width 18: "No"
                RenderBlock {P} at (7,30) size 90x15
                  RenderText {#text} at (33,0) size 24x15
                    text run at (33,0) width 24: "Yes"
                RenderBlock {P} at (7,45) size 90x15
                  RenderText {#text} at (36,0) size 18x15
                    text run at (36,0) width 18: "No"
                RenderBlock {P} at (7,60) size 90x15
                  RenderText {#text} at (36,0) size 18x15
                    text run at (36,0) width 18: "No"
                  RenderInline {SPAN} at (0,0) size 0x15
                    RenderInline {O:P} at (0,0) size 0x15
            RenderTableRow {TR} at (0,3875) size 473x120
              RenderTableCell {TD} at (0,3875) size 110x15 [r=53 c=0 rs=1 cs=1]
                RenderBlock {P} at (7,0) size 96x15
                  RenderText {#text} at (40,0) size 16x15
                    text run at (40,0) width 16: "54"
                  RenderInline {SPAN} at (0,0) size 0x15
                    RenderInline {O:P} at (0,0) size 0x15
              RenderTableCell {TD} at (110,3875) size 165x105 [r=53 c=1 rs=1 cs=1]
                RenderBlock {P} at (7,0) size 151x15
                  RenderText {#text} at (0,0) size 89x15
                    text run at (0,0) width 89: "Gene Langley"
                RenderBlock {P} at (7,15) size 151x15
                  RenderText {#text} at (0,0) size 76x15
                    text run at (0,0) width 76: "Bill Johnson"
                RenderBlock {P} at (7,30) size 151x15
                  RenderText {#text} at (0,0) size 62x15
                    text run at (0,0) width 62: "Mark Diel"
                RenderBlock {P} at (7,45) size 151x15
                  RenderText {#text} at (0,0) size 71x15
                    text run at (0,0) width 71: "Jerry Davis"
                RenderBlock {P} at (7,60) size 151x15
                  RenderText {#text} at (0,0) size 69x15
                    text run at (0,0) width 69: "Peter Starr"
                RenderBlock {P} at (7,75) size 151x15
                  RenderText {#text} at (0,0) size 96x15
                    text run at (0,0) width 96: "John Yearwood"
                RenderBlock {P} at (7,90) size 151x15
                  RenderText {#text} at (0,0) size 75x15
                    text run at (0,0) width 75: "Scott Hersh"
                  RenderInline {SPAN} at (0,0) size 0x15
                    RenderInline {O:P} at (0,0) size 0x15
              RenderTableCell {TD} at (275,3875) size 94x105 [r=53 c=2 rs=1 cs=1]
                RenderBlock {P} at (7,0) size 80x15
                  RenderText {#text} at (28,0) size 24x15
                    text run at (28,0) width 24: "Yes"
                RenderBlock {P} at (7,15) size 80x15
                  RenderText {#text} at (28,0) size 24x15
                    text run at (28,0) width 24: "Yes"
                RenderBlock {P} at (7,30) size 80x15
                  RenderText {#text} at (38,0) size 4x15
                    text run at (38,0) width 4: " "
                RenderBlock {P} at (7,45) size 80x15
                  RenderText {#text} at (28,0) size 24x15
                    text run at (28,0) width 24: "Yes"
                RenderBlock {P} at (7,60) size 80x15
                  RenderText {#text} at (38,0) size 4x15
                    text run at (38,0) width 4: " "
                RenderBlock {P} at (7,75) size 80x15
                  RenderText {#text} at (28,0) size 24x15
                    text run at (28,0) width 24: "Yes"
                RenderBlock {P} at (7,90) size 80x15
                  RenderText {#text} at (28,0) size 24x15
                    text run at (28,0) width 24: "Yes"
                  RenderInline {SPAN} at (0,0) size 1x15
                    RenderInline {O:P} at (0,0) size 1x15
              RenderTableCell {TD} at (369,3875) size 104x120 [r=53 c=3 rs=1 cs=1]
                RenderBlock {P} at (7,0) size 90x30
                  RenderText {#text} at (29,0) size 60x30
                    text run at (29,0) width 32: "Gyro"
                    text run at (15,15) width 60: "wannabe"
                RenderBlock {P} at (7,30) size 90x15
                  RenderText {#text} at (36,0) size 18x15
                    text run at (36,0) width 18: "No"
                RenderBlock {P} at (7,45) size 90x15
                  RenderText {#text} at (43,0) size 4x15
                    text run at (43,0) width 4: " "
                RenderBlock {P} at (7,60) size 90x15
                  RenderText {#text} at (36,0) size 18x15
                    text run at (36,0) width 18: "No"
                RenderBlock {P} at (7,75) size 90x15
                  RenderText {#text} at (43,0) size 4x15
                    text run at (43,0) width 4: " "
                RenderBlock {P} at (7,90) size 90x15
                  RenderText {#text} at (36,0) size 18x15
                    text run at (36,0) width 18: "No"
                RenderBlock {P} at (7,105) size 90x15
                  RenderText {#text} at (36,0) size 18x15
                    text run at (36,0) width 18: "No"
                  RenderInline {SPAN} at (0,0) size 0x15
                    RenderInline {O:P} at (0,0) size 0x15
            RenderTableRow {TR} at (0,3995) size 473x45
              RenderTableCell {TD} at (0,3995) size 110x15 [r=54 c=0 rs=1 cs=1]
                RenderBlock {P} at (7,0) size 96x15
                  RenderText {#text} at (40,0) size 16x15
                    text run at (40,0) width 16: "55"
                  RenderInline {SPAN} at (0,0) size 0x15
                    RenderInline {O:P} at (0,0) size 0x15
              RenderTableCell {TD} at (110,3995) size 165x45 [r=54 c=1 rs=1 cs=1]
                RenderBlock {P} at (7,0) size 151x15
                  RenderText {#text} at (0,0) size 96x15
                    text run at (0,0) width 96: "Alberto Lanzas"
                  RenderInline {SPAN} at (0,0) size 0x15
                    RenderInline {O:P} at (0,0) size 0x15
                RenderBlock {P} at (7,15) size 151x15
                  RenderText {#text} at (0,0) size 67x15
                    text run at (0,0) width 67: "Bob Roger"
                RenderBlock {P} at (7,30) size 151x15
                  RenderText {#text} at (0,0) size 88x15
                    text run at (0,0) width 88: "Randy StClair"
                  RenderInline {SPAN} at (0,0) size 0x15
                    RenderInline {O:P} at (0,0) size 0x15
              RenderTableCell {TD} at (275,3995) size 94x45 [r=54 c=2 rs=1 cs=1]
                RenderBlock {P} at (7,0) size 80x15
                  RenderText {#text} at (28,0) size 24x15
                    text run at (28,0) width 24: "Yes"
                  RenderInline {SPAN} at (0,0) size 1x15
                    RenderInline {O:P} at (0,0) size 1x15
                RenderBlock {P} at (7,15) size 80x15
                  RenderText {#text} at (28,0) size 24x15
                    text run at (28,0) width 24: "Yes"
                RenderBlock {P} at (7,30) size 80x15
                  RenderText {#text} at (28,0) size 24x15
                    text run at (28,0) width 24: "Yes"
                  RenderInline {SPAN} at (0,0) size 1x15
                    RenderInline {O:P} at (0,0) size 1x15
              RenderTableCell {TD} at (369,3995) size 104x45 [r=54 c=3 rs=1 cs=1]
                RenderBlock {P} at (7,0) size 90x15
                  RenderText {#text} at (33,0) size 24x15
                    text run at (33,0) width 24: "Yes"
                  RenderInline {SPAN} at (0,0) size 1x15
                    RenderInline {O:P} at (0,0) size 1x15
                RenderBlock {P} at (7,15) size 90x15
                  RenderText {#text} at (36,0) size 18x15
                    text run at (36,0) width 18: "No"
                RenderBlock {P} at (7,30) size 90x15
                  RenderText {#text} at (36,0) size 18x15
                    text run at (36,0) width 18: "No"
                  RenderInline {SPAN} at (0,0) size 0x15
                    RenderInline {O:P} at (0,0) size 0x15
            RenderTableRow {TR} at (0,4040) size 473x75
              RenderTableCell {TD} at (0,4040) size 110x15 [r=55 c=0 rs=1 cs=1]
                RenderBlock {P} at (7,0) size 96x15
                  RenderText {#text} at (40,0) size 16x15
                    text run at (40,0) width 16: "56"
                  RenderInline {SPAN} at (0,0) size 0x15
                    RenderInline {O:P} at (0,0) size 0x15
              RenderTableCell {TD} at (110,4040) size 165x75 [r=55 c=1 rs=1 cs=1]
                RenderBlock {P} at (7,0) size 151x15
                  RenderText {#text} at (0,0) size 94x15
                    text run at (0,0) width 94: "Mark Glanville"
                RenderBlock {P} at (7,15) size 151x15
                  RenderText {#text} at (0,0) size 85x15
                    text run at (0,0) width 85: "Steve Gilbert"
                RenderBlock {P} at (7,30) size 151x15
                  RenderText {#text} at (0,0) size 71x15
                    text run at (0,0) width 71: "Jerry Davis"
                RenderBlock {P} at (7,45) size 151x15
                  RenderText {#text} at (0,0) size 77x15
                    text run at (0,0) width 77: "Rich Saunef"
                RenderBlock {P} at (7,60) size 151x15
                  RenderText {#text} at (0,0) size 83x15
                    text run at (0,0) width 83: "Harald Close"
                  RenderInline {SPAN} at (0,0) size 0x15
                    RenderInline {O:P} at (0,0) size 0x15
              RenderTableCell {TD} at (275,4040) size 94x75 [r=55 c=2 rs=1 cs=1]
                RenderBlock {P} at (7,0) size 80x15
                  RenderText {#text} at (28,0) size 24x15
                    text run at (28,0) width 24: "Yes"
                RenderBlock {P} at (7,15) size 80x15
                  RenderText {#text} at (28,0) size 24x15
                    text run at (28,0) width 24: "Yes"
                RenderBlock {P} at (7,30) size 80x15
                  RenderText {#text} at (28,0) size 24x15
                    text run at (28,0) width 24: "Yes"
                RenderBlock {P} at (7,45) size 80x15
                  RenderText {#text} at (28,0) size 24x15
                    text run at (28,0) width 24: "Yes"
                RenderBlock {P} at (7,60) size 80x15
                  RenderText {#text} at (28,0) size 24x15
                    text run at (28,0) width 24: "Yes"
                  RenderInline {SPAN} at (0,0) size 1x15
                    RenderInline {O:P} at (0,0) size 1x15
              RenderTableCell {TD} at (369,4040) size 104x75 [r=55 c=3 rs=1 cs=1]
                RenderBlock {P} at (7,0) size 90x15
                  RenderText {#text} at (36,0) size 18x15
                    text run at (36,0) width 18: "No"
                RenderBlock {P} at (7,15) size 90x15
                  RenderText {#text} at (36,0) size 18x15
                    text run at (36,0) width 18: "No"
                RenderBlock {P} at (7,30) size 90x15
                  RenderText {#text} at (36,0) size 18x15
                    text run at (36,0) width 18: "No"
                RenderBlock {P} at (7,45) size 90x15
                  RenderText {#text} at (36,0) size 18x15
                    text run at (36,0) width 18: "No"
                RenderBlock {P} at (7,60) size 90x15
                  RenderText {#text} at (36,0) size 18x15
                    text run at (36,0) width 18: "No"
                  RenderInline {SPAN} at (0,0) size 0x15
                    RenderInline {O:P} at (0,0) size 0x15
            RenderTableRow {TR} at (0,4115) size 473x45
              RenderTableCell {TD} at (0,4115) size 110x15 [r=56 c=0 rs=1 cs=1]
                RenderBlock {P} at (7,0) size 96x15
                  RenderText {#text} at (40,0) size 16x15
                    text run at (40,0) width 16: "57"
                  RenderInline {SPAN} at (0,0) size 0x15
                    RenderInline {O:P} at (0,0) size 0x15
              RenderTableCell {TD} at (110,4115) size 165x45 [r=56 c=1 rs=1 cs=1]
                RenderBlock {P} at (7,0) size 151x15
                  RenderText {#text} at (0,0) size 67x15
                    text run at (0,0) width 67: "Bob Roger"
                RenderBlock {P} at (7,15) size 151x15
                  RenderText {#text} at (0,0) size 80x15
                    text run at (0,0) width 80: "Rich Burnett"
                RenderBlock {P} at (7,30) size 151x15
                  RenderText {#text} at (0,0) size 76x15
                    text run at (0,0) width 76: "David Dunn"
                  RenderInline {SPAN} at (0,0) size 0x15
                    RenderInline {O:P} at (0,0) size 0x15
              RenderTableCell {TD} at (275,4115) size 94x15 [r=56 c=2 rs=1 cs=1]
                RenderBlock {P} at (7,0) size 80x15
                  RenderText {#text} at (28,0) size 24x15
                    text run at (28,0) width 24: "Yes"
                  RenderInline {SPAN} at (0,0) size 1x15
                    RenderInline {O:P} at (0,0) size 1x15
              RenderTableCell {TD} at (369,4115) size 104x15 [r=56 c=3 rs=1 cs=1]
                RenderBlock {P} at (7,0) size 90x15
                  RenderText {#text} at (36,0) size 18x15
                    text run at (36,0) width 18: "No"
                  RenderInline {SPAN} at (0,0) size 0x15
                    RenderInline {O:P} at (0,0) size 0x15
            RenderTableRow {TR} at (0,4160) size 473x60
              RenderTableCell {TD} at (0,4160) size 110x15 [r=57 c=0 rs=1 cs=1]
                RenderBlock {P} at (7,0) size 96x15
                  RenderText {#text} at (40,0) size 16x15
                    text run at (40,0) width 16: "58"
                  RenderInline {SPAN} at (0,0) size 0x15
                    RenderInline {O:P} at (0,0) size 0x15
              RenderTableCell {TD} at (110,4160) size 165x60 [r=57 c=1 rs=1 cs=1]
                RenderBlock {P} at (7,0) size 151x15
                  RenderText {#text} at (0,0) size 113x15
                    text run at (0,0) width 113: "Ian + Brad Carter"
                  RenderInline {SPAN} at (0,0) size 0x15
                    RenderInline {O:P} at (0,0) size 0x15
                RenderBlock {P} at (7,15) size 151x15
                  RenderText {#text} at (0,0) size 76x15
                    text run at (0,0) width 76: "Bill Johnson"
                RenderBlock {P} at (7,30) size 151x15
                  RenderText {#text} at (0,0) size 89x15
                    text run at (0,0) width 89: "Chuck Pringle"
                RenderBlock {P} at (7,45) size 151x15
                  RenderText {#text} at (0,0) size 76x15
                    text run at (0,0) width 76: "David Dunn"
                  RenderInline {SPAN} at (0,0) size 0x15
                    RenderInline {O:P} at (0,0) size 0x15
              RenderTableCell {TD} at (275,4160) size 94x45 [r=57 c=2 rs=1 cs=1]
                RenderBlock {P} at (7,0) size 80x15
                  RenderText {#text} at (28,0) size 24x15
                    text run at (28,0) width 24: "Yes"
                  RenderInline {SPAN} at (0,0) size 1x15
                    RenderInline {O:P} at (0,0) size 1x15
                RenderBlock {P} at (7,15) size 80x15
                  RenderText {#text} at (28,0) size 24x15
                    text run at (28,0) width 24: "Yes"
                RenderBlock {P} at (7,30) size 80x15
                  RenderText {#text} at (28,0) size 24x15
                    text run at (28,0) width 24: "Yes"
                  RenderInline {SPAN} at (0,0) size 1x15
                    RenderInline {O:P} at (0,0) size 1x15
              RenderTableCell {TD} at (369,4160) size 104x45 [r=57 c=3 rs=1 cs=1]
                RenderBlock {P} at (7,0) size 90x15
                  RenderText {#text} at (36,0) size 18x15
                    text run at (36,0) width 18: "No"
                  RenderInline {SPAN} at (0,0) size 0x15
                    RenderInline {O:P} at (0,0) size 0x15
                RenderBlock {P} at (7,15) size 90x15
                  RenderText {#text} at (36,0) size 18x15
                    text run at (36,0) width 18: "No"
                RenderBlock {P} at (7,30) size 90x15
                  RenderText {#text} at (36,0) size 18x15
                    text run at (36,0) width 18: "No"
                  RenderInline {SPAN} at (0,0) size 0x15
                    RenderInline {O:P} at (0,0) size 0x15
            RenderTableRow {TR} at (0,4220) size 473x30
              RenderTableCell {TD} at (0,4220) size 110x15 [r=58 c=0 rs=1 cs=1]
                RenderBlock {P} at (7,0) size 96x15
                  RenderText {#text} at (40,0) size 16x15
                    text run at (40,0) width 16: "59"
                  RenderInline {SPAN} at (0,0) size 0x15
                    RenderInline {O:P} at (0,0) size 0x15
              RenderTableCell {TD} at (110,4220) size 165x30 [r=58 c=1 rs=1 cs=1]
                RenderBlock {P} at (7,0) size 151x15
                  RenderText {#text} at (0,0) size 67x15
                    text run at (0,0) width 67: "Bob Roger"
                RenderBlock {P} at (7,15) size 151x15
                  RenderText {#text} at (0,0) size 80x15
                    text run at (0,0) width 80: "Rich Burnett"
                  RenderInline {SPAN} at (0,0) size 0x15
                    RenderInline {O:P} at (0,0) size 0x15
              RenderTableCell {TD} at (275,4220) size 94x15 [r=58 c=2 rs=1 cs=1]
                RenderBlock {P} at (7,0) size 80x15
                  RenderText {#text} at (28,0) size 24x15
                    text run at (28,0) width 24: "Yes"
                  RenderInline {SPAN} at (0,0) size 1x15
                    RenderInline {O:P} at (0,0) size 1x15
              RenderTableCell {TD} at (369,4220) size 104x15 [r=58 c=3 rs=1 cs=1]
                RenderBlock {P} at (7,0) size 90x15
                  RenderText {#text} at (36,0) size 18x15
                    text run at (36,0) width 18: "No"
                  RenderInline {SPAN} at (0,0) size 0x15
                    RenderInline {O:P} at (0,0) size 0x15
            RenderTableRow {TR} at (0,4250) size 473x60
              RenderTableCell {TD} at (0,4250) size 110x15 [r=59 c=0 rs=1 cs=1]
                RenderBlock {P} at (7,0) size 96x15
                  RenderText {#text} at (40,0) size 16x15
                    text run at (40,0) width 16: "60"
                  RenderInline {SPAN} at (0,0) size 0x15
                    RenderInline {O:P} at (0,0) size 0x15
              RenderTableCell {TD} at (110,4250) size 165x60 [r=59 c=1 rs=1 cs=1]
                RenderBlock {P} at (7,0) size 151x15
                  RenderText {#text} at (0,0) size 76x15
                    text run at (0,0) width 76: "Bill Johnson"
                RenderBlock {P} at (7,15) size 151x15
                  RenderText {#text} at (0,0) size 110x15
                    text run at (0,0) width 110: "Vladimir Dvorkin"
                RenderBlock {P} at (7,30) size 151x15
                  RenderText {#text} at (0,0) size 61x15
                    text run at (0,0) width 61: "Ken Price"
                RenderBlock {P} at (7,45) size 151x15
                  RenderText {#text} at (0,0) size 107x15
                    text run at (0,0) width 107: "Rick Rasmussen"
                  RenderInline {SPAN} at (0,0) size 0x15
                    RenderInline {O:P} at (0,0) size 0x15
              RenderTableCell {TD} at (275,4250) size 94x30 [r=59 c=2 rs=1 cs=1]
                RenderBlock {P} at (7,0) size 80x15
                  RenderText {#text} at (28,0) size 24x15
                    text run at (28,0) width 24: "Yes"
                RenderBlock {P} at (7,15) size 80x15
                  RenderText {#text} at (31,0) size 18x15
                    text run at (31,0) width 18: "No"
                  RenderInline {SPAN} at (0,0) size 0x15
                    RenderInline {O:P} at (0,0) size 0x15
              RenderTableCell {TD} at (369,4250) size 104x30 [r=59 c=3 rs=1 cs=1]
                RenderBlock {P} at (7,0) size 90x15
                  RenderText {#text} at (36,0) size 18x15
                    text run at (36,0) width 18: "No"
                RenderBlock {P} at (7,15) size 90x15
                  RenderText {#text} at (33,0) size 24x15
                    text run at (33,0) width 24: "Yes"
                  RenderInline {SPAN} at (0,0) size 1x15
                    RenderInline {O:P} at (0,0) size 1x15
        RenderBlock {P} at (0,4329) size 964x15
          RenderInline {SPAN} at (0,0) size 4x15
            RenderText {#text} at (0,0) size 4x15
              text run at (0,0) width 4: " "
        RenderBlock {P} at (0,4344) size 964x15
          RenderText {#text} at (0,0) size 4x15
            text run at (0,0) width 4: " "
        RenderBlock {P} at (0,4359) size 964x15
          RenderText {#text} at (0,0) size 4x15
            text run at (0,0) width 4: " "
      RenderBlock {P} at (0,4374) size 964x15
        RenderText {#text} at (480,0) size 4x15
          text run at (480,0) width 4: " "
