layer at (0,0) size 980x735
  RenderView at (0,0) size 980x735
layer at (0,0) size 980x735
  RenderBlock {HTML} at (0,0) size 980x735
    RenderBody {BODY} at (8,8) size 964x719
      RenderBlock {P} at (0,0) size 964x57
        RenderText {#text} at (0,0) size 962x57
          text run at (0,0) width 962: "This table contains an <applet> that will not load -- you can see the space get allocated and then reflow. Notice that the"
          text run at (0,19) width 784: "final table is clipped on the right hand side -- try shrinking the window and notice how the clipping "
          text run at (784,19) width 165: "increases. (I couldn't"
          text run at (0,38) width 425: "really simplify this further without losing some of the "
          text run at (425,38) width 139: "original 'flavour'.)"
      RenderBlock (anonymous) at (0,73) size 964x19
        RenderBR {BR} at (0,0) size 0x19
      RenderTable {TABLE} at (0,92) size 947x171 [border: (1px outset #808080)]
        RenderTableSection {TBODY} at (1,1) size 945x169
          RenderTableRow {TR} at (0,2) size 945x165
            RenderTableCell {TD} at (2,2) size 941x165 [border: (1px inset #808080)] [r=0 c=0 rs=1 cs=1]
              RenderTable {TABLE} at (2,2) size 937x161 [border: (1px outset #808080)]
                RenderTableSection {TBODY} at (1,1) size 935x159
                  RenderTableRow {TR} at (0,2) size 935x97
                    RenderTableCell {TD} at (2,2) size 931x97 [border: (1px inset #808080)] [r=0 c=0 rs=1 cs=1]
                      RenderTable {TABLE} at (239,2) size 452x39 [border: (2px outset #808080)]
                        RenderTableSection {TBODY} at (2,2) size 448x35
                          RenderTableRow {TR} at (0,2) size 448x31
                            RenderTableCell {TD} at (2,2) size 444x31 [border: (1px inset #808080)] [r=0 c=0 rs=1 cs=1]
                              RenderApplet {APPLET} at (2,2) size 440x27
                              RenderText {#text} at (0,0) size 0x0
                      RenderBlock {P} at (2,57) size 927x38
                        RenderText {#text} at (0,0) size 917x38
                          text run at (0,0) width 533: "The Porto Elounda Mare is built on the sea front, on a 110,000 m2 "
                          text run at (533,0) width 384: "plot of land with a 150 meter long private sandy"
                          text run at (0,19) width 179: "beach. The view from "
                          text run at (179,19) width 494: "decorated with antique and contemporary furniture and rugs."
                  RenderTableRow {TR} at (0,101) size 935x56
                    RenderTableCell {TD} at (2,101) size 931x56 [border: (1px inset #808080)] [r=1 c=0 rs=1 cs=1]
                      RenderTable {TABLE} at (2,2) size 927x52 [border: (1px outset #808080)]
                        RenderTableSection {TBODY} at (1,1) size 925x50
                          RenderTableRow {TR} at (0,0) size 925x50
                            RenderTableCell {TD} at (0,9) size 375x31 [border: (1px inset #808080)] [r=0 c=0 rs=1 cs=1]
                              RenderText {#text} at (6,6) size 363x19
                                text run at (6,6) width 172: "99 Rates in Drahmas "
                                text run at (178,6) width 150: "Per Person on H/B "
                                text run at (328,6) width 41: "Basis"
                            RenderTableCell {TD} at (375,0) size 123x50 [border: (1px inset #808080)] [r=0 c=1 rs=1 cs=1]
                              RenderText {#text} at (6,6) size 111x19
                                text run at (6,6) width 111: "27/03 - 30/04 "
                              RenderBR {BR} at (117,21) size 0x0
                              RenderText {#text} at (6,25) size 106x19
                                text run at (6,25) width 106: "16/10 - 31/10"
                            RenderTableCell {TD} at (498,9) size 211x31 [border: (1px inset #808080)] [r=0 c=2 rs=1 cs=1]
                              RenderText {#text} at (6,6) size 199x19
                                text run at (6,6) width 199: "01/5- 21/5 & 2/10 - 15/10"
                            RenderTableCell {TD} at (709,0) size 108x50 [border: (1px inset #808080)] [r=0 c=3 rs=1 cs=1]
                              RenderText {#text} at (6,6) size 96x19
                                text run at (6,6) width 96: "22/5 - 16/07"
                              RenderBR {BR} at (102,21) size 0x0
                              RenderText {#text} at (6,25) size 96x19
                                text run at (6,25) width 96: "28/8 - 01/10"
                            RenderTableCell {TD} at (817,9) size 108x31 [border: (1px inset #808080)] [r=0 c=4 rs=1 cs=1]
                              RenderText {#text} at (6,6) size 96x19
                                text run at (6,6) width 96: "17/07 - 27/8"
      RenderBlock (anonymous) at (0,263) size 964x19
        RenderBR {BR} at (0,0) size 0x19
      RenderBlock {P} at (0,298) size 964x19
        RenderText {#text} at (0,0) size 687x19
          text run at (0,0) width 542: "This table repeats the previous table, but removes the 'bad applet'. "
          text run at (542,0) width 145: "Table lays out OK."
      RenderBlock (anonymous) at (0,333) size 964x19
        RenderBR {BR} at (0,0) size 0x19
      RenderTable {TABLE} at (0,352) size 947x163 [border: (1px outset #808080)]
        RenderTableSection {TBODY} at (1,1) size 945x161
          RenderTableRow {TR} at (0,2) size 945x157
            RenderTableCell {TD} at (2,2) size 941x157 [border: (1px inset #808080)] [r=0 c=0 rs=1 cs=1]
              RenderTable {TABLE} at (2,2) size 937x153 [border: (1px outset #808080)]
                RenderTableSection {TBODY} at (1,1) size 935x151
                  RenderTableRow {TR} at (0,2) size 935x89
                    RenderTableCell {TD} at (2,2) size 931x89 [border: (1px inset #808080)] [r=0 c=0 rs=1 cs=1]
                      RenderTable {TABLE} at (395,2) size 140x31 [border: (2px outset #808080)]
                        RenderTableSection {TBODY} at (2,2) size 136x27
                          RenderTableRow {TR} at (0,2) size 136x23
                            RenderTableCell {TD} at (2,2) size 132x23 [border: (1px inset #808080)] [r=0 c=0 rs=1 cs=1]
                              RenderText {#text} at (2,2) size 128x19
                                text run at (2,2) width 128: "applet was here"
                      RenderBlock {P} at (2,49) size 927x38
                        RenderText {#text} at (0,0) size 917x38
                          text run at (0,0) width 533: "The Porto Elounda Mare is built on the sea front, on a 110,000 m2 "
                          text run at (533,0) width 384: "plot of land with a 150 meter long private sandy"
                          text run at (0,19) width 179: "beach. The view from "
                          text run at (179,19) width 494: "decorated with antique and contemporary furniture and rugs."
                  RenderTableRow {TR} at (0,93) size 935x56
                    RenderTableCell {TD} at (2,93) size 931x56 [border: (1px inset #808080)] [r=1 c=0 rs=1 cs=1]
                      RenderTable {TABLE} at (2,2) size 927x52 [border: (1px outset #808080)]
                        RenderTableSection {TBODY} at (1,1) size 925x50
                          RenderTableRow {TR} at (0,0) size 925x50
                            RenderTableCell {TD} at (0,9) size 375x31 [border: (1px inset #808080)] [r=0 c=0 rs=1 cs=1]
                              RenderText {#text} at (6,6) size 363x19
                                text run at (6,6) width 172: "99 Rates in Drahmas "
                                text run at (178,6) width 150: "Per Person on H/B "
                                text run at (328,6) width 41: "Basis"
                            RenderTableCell {TD} at (375,0) size 123x50 [border: (1px inset #808080)] [r=0 c=1 rs=1 cs=1]
                              RenderText {#text} at (6,6) size 111x19
                                text run at (6,6) width 111: "27/03 - 30/04 "
                              RenderBR {BR} at (117,21) size 0x0
                              RenderText {#text} at (6,25) size 106x19
                                text run at (6,25) width 106: "16/10 - 31/10"
                            RenderTableCell {TD} at (498,9) size 211x31 [border: (1px inset #808080)] [r=0 c=2 rs=1 cs=1]
                              RenderText {#text} at (6,6) size 199x19
                                text run at (6,6) width 199: "01/5- 21/5 & 2/10 - 15/10"
                            RenderTableCell {TD} at (709,0) size 108x50 [border: (1px inset #808080)] [r=0 c=3 rs=1 cs=1]
                              RenderText {#text} at (6,6) size 96x19
                                text run at (6,6) width 96: "22/5 - 16/07"
                              RenderBR {BR} at (102,21) size 0x0
                              RenderText {#text} at (6,25) size 96x19
                                text run at (6,25) width 96: "28/8 - 01/10"
                            RenderTableCell {TD} at (817,9) size 108x31 [border: (1px inset #808080)] [r=0 c=4 rs=1 cs=1]
                              RenderText {#text} at (6,6) size 96x19
                                text run at (6,6) width 96: "17/07 - 27/8"
