layer at (0,0) size 800x4032
  RenderView at (0,0) size 800x600
layer at (0,0) size 800x4032
  RenderBlock {HTML} at (0,0) size 800x4032
    RenderBody {BODY} at (8,8) size 784x4012
      RenderBlock (anonymous) at (0,0) size 784x14
        RenderText {#text} at (0,0) size 258x14
          text run at (0,0) width 258: "This tests font choices and metrics for the cursive font."
      RenderBlock {P} at (0,26) size 784x1330
        RenderInline {FONT} at (0,0) size 44x1330
          RenderText {#text} at (0,0) size 34x14
            text run at (0,0) width 34: "cursive"
          RenderBR {BR} at (34,11) size 0x0
          RenderText {#text} at (0,14) size 12x14
            text run at (0,14) width 12: "    "
          RenderBR {BR} at (12,25) size 0x0
          RenderText {#text} at (0,28) size 16x14
            text run at (0,28) width 16: "!!!!"
          RenderBR {BR} at (16,39) size 0x0
          RenderText {#text} at (0,42) size 20x14
            text run at (0,42) width 20: "\"\"\"\""
          RenderBR {BR} at (20,53) size 0x0
          RenderText {#text} at (0,56) size 24x14
            text run at (0,56) width 24: "####"
          RenderBR {BR} at (24,67) size 0x0
          RenderText {#text} at (0,70) size 24x14
            text run at (0,70) width 24: "$$$$"
          RenderBR {BR} at (24,81) size 0x0
          RenderText {#text} at (0,84) size 40x14
            text run at (0,84) width 40: "%%%%"
          RenderBR {BR} at (40,95) size 0x0
          RenderText {#text} at (0,98) size 36x14
            text run at (0,98) width 36: "&&&&"
          RenderBR {BR} at (36,109) size 0x0
          RenderText {#text} at (0,112) size 8x14
            text run at (0,112) width 8: "''''"
          RenderBR {BR} at (8,123) size 0x0
          RenderText {#text} at (0,126) size 16x14
            text run at (0,126) width 16: "(((("
          RenderBR {BR} at (16,137) size 0x0
          RenderText {#text} at (0,140) size 16x14
            text run at (0,140) width 16: "))))"
          RenderBR {BR} at (16,151) size 0x0
          RenderText {#text} at (0,154) size 24x14
            text run at (0,154) width 24: "****"
          RenderBR {BR} at (24,165) size 0x0
          RenderText {#text} at (0,168) size 28x14
            text run at (0,168) width 28: "++++"
          RenderBR {BR} at (28,179) size 0x0
          RenderText {#text} at (0,182) size 12x14
            text run at (0,182) width 12: ",,,,"
          RenderBR {BR} at (12,193) size 0x0
          RenderText {#text} at (0,196) size 16x14
            text run at (0,196) width 16: "----"
          RenderBR {BR} at (16,207) size 0x0
          RenderText {#text} at (0,210) size 12x14
            text run at (0,210) width 12: "...."
          RenderBR {BR} at (12,221) size 0x0
          RenderText {#text} at (0,224) size 12x14
            text run at (0,224) width 12: "////"
          RenderBR {BR} at (12,235) size 0x0
          RenderText {#text} at (0,238) size 24x14
            text run at (0,238) width 24: "0000"
          RenderBR {BR} at (24,249) size 0x0
          RenderText {#text} at (0,252) size 24x14
            text run at (0,252) width 24: "1111"
          RenderBR {BR} at (24,263) size 0x0
          RenderText {#text} at (0,266) size 24x14
            text run at (0,266) width 24: "2222"
          RenderBR {BR} at (24,277) size 0x0
          RenderText {#text} at (0,280) size 24x14
            text run at (0,280) width 24: "3333"
          RenderBR {BR} at (24,291) size 0x0
          RenderText {#text} at (0,294) size 24x14
            text run at (0,294) width 24: "4444"
          RenderBR {BR} at (24,305) size 0x0
          RenderText {#text} at (0,308) size 24x14
            text run at (0,308) width 24: "5555"
          RenderBR {BR} at (24,319) size 0x0
          RenderText {#text} at (0,322) size 24x14
            text run at (0,322) width 24: "6666"
          RenderBR {BR} at (24,333) size 0x0
          RenderText {#text} at (0,336) size 24x14
            text run at (0,336) width 24: "7777"
          RenderBR {BR} at (24,347) size 0x0
          RenderText {#text} at (0,350) size 24x14
            text run at (0,350) width 24: "8888"
          RenderBR {BR} at (24,361) size 0x0
          RenderText {#text} at (0,364) size 24x14
            text run at (0,364) width 24: "9999"
          RenderBR {BR} at (24,375) size 0x0
          RenderText {#text} at (0,378) size 12x14
            text run at (0,378) width 12: "::::"
          RenderBR {BR} at (12,389) size 0x0
          RenderText {#text} at (0,392) size 12x14
            text run at (0,392) width 12: ";;;;"
          RenderBR {BR} at (12,403) size 0x0
          RenderText {#text} at (0,406) size 28x14
            text run at (0,406) width 28: "<<<<"
          RenderBR {BR} at (28,417) size 0x0
          RenderText {#text} at (0,420) size 28x14
            text run at (0,420) width 28: "===="
          RenderBR {BR} at (28,431) size 0x0
          RenderText {#text} at (0,434) size 28x14
            text run at (0,434) width 28: ">>>>"
          RenderBR {BR} at (28,445) size 0x0
          RenderText {#text} at (0,448) size 20x14
            text run at (0,448) width 20: "????"
          RenderBR {BR} at (20,459) size 0x0
          RenderText {#text} at (0,462) size 44x14
            text run at (0,462) width 44: "@@@@"
          RenderBR {BR} at (44,473) size 0x0
          RenderText {#text} at (0,476) size 36x14
            text run at (0,476) width 36: "AAAA"
          RenderBR {BR} at (36,487) size 0x0
          RenderText {#text} at (0,490) size 32x14
            text run at (0,490) width 32: "BBBB"
          RenderBR {BR} at (32,501) size 0x0
          RenderText {#text} at (0,504) size 32x14
            text run at (0,504) width 32: "CCCC"
          RenderBR {BR} at (32,515) size 0x0
          RenderText {#text} at (0,518) size 36x14
            text run at (0,518) width 36: "DDDD"
          RenderBR {BR} at (36,529) size 0x0
          RenderText {#text} at (0,532) size 28x14
            text run at (0,532) width 28: "EEEE"
          RenderBR {BR} at (28,543) size 0x0
          RenderText {#text} at (0,546) size 28x14
            text run at (0,546) width 28: "FFFF"
          RenderBR {BR} at (28,557) size 0x0
          RenderText {#text} at (0,560) size 36x14
            text run at (0,560) width 36: "GGGG"
          RenderBR {BR} at (36,571) size 0x0
          RenderText {#text} at (0,574) size 36x14
            text run at (0,574) width 36: "HHHH"
          RenderBR {BR} at (36,585) size 0x0
          RenderText {#text} at (0,588) size 16x14
            text run at (0,588) width 16: "IIII"
          RenderBR {BR} at (16,599) size 0x0
          RenderText {#text} at (0,602) size 20x14
            text run at (0,602) width 20: "JJJJ"
          RenderBR {BR} at (20,613) size 0x0
          RenderText {#text} at (0,616) size 36x14
            text run at (0,616) width 36: "KKKK"
          RenderBR {BR} at (36,627) size 0x0
          RenderText {#text} at (0,630) size 28x14
            text run at (0,630) width 28: "LLLL"
          RenderBR {BR} at (28,641) size 0x0
          RenderText {#text} at (0,644) size 44x14
            text run at (0,644) width 44: "MMMM"
          RenderBR {BR} at (44,655) size 0x0
          RenderText {#text} at (0,658) size 36x14
            text run at (0,658) width 36: "NNNN"
          RenderBR {BR} at (36,669) size 0x0
          RenderText {#text} at (0,672) size 36x14
            text run at (0,672) width 36: "OOOO"
          RenderBR {BR} at (36,683) size 0x0
          RenderText {#text} at (0,686) size 28x14
            text run at (0,686) width 28: "PPPP"
          RenderBR {BR} at (28,697) size 0x0
          RenderText {#text} at (0,700) size 36x14
            text run at (0,700) width 36: "QQQQ"
          RenderBR {BR} at (36,711) size 0x0
          RenderText {#text} at (0,714) size 32x14
            text run at (0,714) width 32: "RRRR"
          RenderBR {BR} at (32,725) size 0x0
          RenderText {#text} at (0,728) size 28x14
            text run at (0,728) width 28: "SSSS"
          RenderBR {BR} at (28,739) size 0x0
          RenderText {#text} at (0,742) size 28x14
            text run at (0,742) width 28: "TTTT"
          RenderBR {BR} at (28,753) size 0x0
          RenderText {#text} at (0,756) size 36x14
            text run at (0,756) width 36: "UUUU"
          RenderBR {BR} at (36,767) size 0x0
          RenderText {#text} at (0,770) size 36x14
            text run at (0,770) width 36: "VVVV"
          RenderBR {BR} at (36,781) size 0x0
          RenderText {#text} at (0,784) size 44x14
            text run at (0,784) width 44: "WWWW"
          RenderBR {BR} at (44,795) size 0x0
          RenderText {#text} at (0,798) size 36x14
            text run at (0,798) width 36: "XXXX"
          RenderBR {BR} at (36,809) size 0x0
          RenderText {#text} at (0,812) size 36x14
            text run at (0,812) width 36: "YYYY"
          RenderBR {BR} at (36,823) size 0x0
          RenderText {#text} at (0,826) size 28x14
            text run at (0,826) width 28: "ZZZZ"
          RenderBR {BR} at (28,837) size 0x0
          RenderText {#text} at (0,840) size 16x14
            text run at (0,840) width 16: "[[[["
          RenderBR {BR} at (16,851) size 0x0
          RenderText {#text} at (0,854) size 12x14
            text run at (0,854) width 12: "\\\\\\\\"
          RenderBR {BR} at (12,865) size 0x0
          RenderText {#text} at (0,868) size 16x14
            text run at (0,868) width 16: "]]]]"
          RenderBR {BR} at (16,879) size 0x0
          RenderText {#text} at (0,882) size 24x14
            text run at (0,882) width 24: "^^^^"
          RenderBR {BR} at (24,893) size 0x0
          RenderText {#text} at (0,896) size 24x14
            text run at (0,896) width 24: "____"
          RenderBR {BR} at (24,907) size 0x0
          RenderText {#text} at (0,910) size 16x14
            text run at (0,910) width 16: "````"
          RenderBR {BR} at (16,921) size 0x0
          RenderText {#text} at (0,924) size 20x14
            text run at (0,924) width 20: "aaaa"
          RenderBR {BR} at (20,935) size 0x0
          RenderText {#text} at (0,938) size 24x14
            text run at (0,938) width 24: "bbbb"
          RenderBR {BR} at (24,949) size 0x0
          RenderText {#text} at (0,952) size 20x14
            text run at (0,952) width 20: "cccc"
          RenderBR {BR} at (20,963) size 0x0
          RenderText {#text} at (0,966) size 24x14
            text run at (0,966) width 24: "dddd"
          RenderBR {BR} at (24,977) size 0x0
          RenderText {#text} at (0,980) size 20x14
            text run at (0,980) width 20: "eeee"
          RenderBR {BR} at (20,991) size 0x0
          RenderText {#text} at (0,994) size 16x14
            text run at (0,994) width 16: "ffff"
          RenderBR {BR} at (16,1005) size 0x0
          RenderText {#text} at (0,1008) size 24x14
            text run at (0,1008) width 24: "gggg"
          RenderBR {BR} at (24,1019) size 0x0
          RenderText {#text} at (0,1022) size 24x14
            text run at (0,1022) width 24: "hhhh"
          RenderBR {BR} at (24,1033) size 0x0
          RenderText {#text} at (0,1036) size 12x14
            text run at (0,1036) width 12: "iiii"
          RenderBR {BR} at (12,1047) size 0x0
          RenderText {#text} at (0,1050) size 12x14
            text run at (0,1050) width 12: "jjjj"
          RenderBR {BR} at (12,1061) size 0x0
          RenderText {#text} at (0,1064) size 24x14
            text run at (0,1064) width 24: "kkkk"
          RenderBR {BR} at (24,1075) size 0x0
          RenderText {#text} at (0,1078) size 12x14
            text run at (0,1078) width 12: "llll"
          RenderBR {BR} at (12,1089) size 0x0
          RenderText {#text} at (0,1092) size 36x14
            text run at (0,1092) width 36: "mmmm"
          RenderBR {BR} at (36,1103) size 0x0
          RenderText {#text} at (0,1106) size 24x14
            text run at (0,1106) width 24: "nnnn"
          RenderBR {BR} at (24,1117) size 0x0
          RenderText {#text} at (0,1120) size 24x14
            text run at (0,1120) width 24: "oooo"
          RenderBR {BR} at (24,1131) size 0x0
          RenderText {#text} at (0,1134) size 24x14
            text run at (0,1134) width 24: "pppp"
          RenderBR {BR} at (24,1145) size 0x0
          RenderText {#text} at (0,1148) size 24x14
            text run at (0,1148) width 24: "qqqq"
          RenderBR {BR} at (24,1159) size 0x0
          RenderText {#text} at (0,1162) size 16x14
            text run at (0,1162) width 16: "rrrr"
          RenderBR {BR} at (16,1173) size 0x0
          RenderText {#text} at (0,1176) size 20x14
            text run at (0,1176) width 20: "ssss"
          RenderBR {BR} at (20,1187) size 0x0
          RenderText {#text} at (0,1190) size 12x14
            text run at (0,1190) width 12: "tttt"
          RenderBR {BR} at (12,1201) size 0x0
          RenderText {#text} at (0,1204) size 24x14
            text run at (0,1204) width 24: "uuuu"
          RenderBR {BR} at (24,1215) size 0x0
          RenderText {#text} at (0,1218) size 24x14
            text run at (0,1218) width 24: "vvvv"
          RenderBR {BR} at (24,1229) size 0x0
          RenderText {#text} at (0,1232) size 36x14
            text run at (0,1232) width 36: "wwww"
          RenderBR {BR} at (36,1243) size 0x0
          RenderText {#text} at (0,1246) size 24x14
            text run at (0,1246) width 24: "xxxx"
          RenderBR {BR} at (24,1257) size 0x0
          RenderText {#text} at (0,1260) size 24x14
            text run at (0,1260) width 24: "yyyy"
          RenderBR {BR} at (24,1271) size 0x0
          RenderText {#text} at (0,1274) size 20x14
            text run at (0,1274) width 20: "zzzz"
          RenderBR {BR} at (20,1285) size 0x0
          RenderText {#text} at (0,1288) size 24x14
            text run at (0,1288) width 24: "{{{{"
          RenderBR {BR} at (24,1299) size 0x0
          RenderText {#text} at (0,1302) size 8x14
            text run at (0,1302) width 8: "||||"
          RenderBR {BR} at (8,1313) size 0x0
          RenderText {#text} at (0,1316) size 24x14
            text run at (0,1316) width 24: "}}}}"
          RenderBR {BR} at (24,1327) size 0x0
      RenderBlock {P} at (0,1368) size 784x1316
        RenderInline {FONT} at (0,0) size 48x1316
          RenderText {#text} at (0,0) size 0x0
          RenderInline {B} at (0,0) size 48x1316
            RenderText {#text} at (0,0) size 12x14
              text run at (0,0) width 12: "    "
            RenderBR {BR} at (12,11) size 0x0
            RenderText {#text} at (0,14) size 16x14
              text run at (0,14) width 16: "!!!!"
            RenderBR {BR} at (16,25) size 0x0
            RenderText {#text} at (0,28) size 28x14
              text run at (0,28) width 28: "\"\"\"\""
            RenderBR {BR} at (28,39) size 0x0
            RenderText {#text} at (0,42) size 24x14
              text run at (0,42) width 24: "####"
            RenderBR {BR} at (24,53) size 0x0
            RenderText {#text} at (0,56) size 24x14
              text run at (0,56) width 24: "$$$$"
            RenderBR {BR} at (24,67) size 0x0
            RenderText {#text} at (0,70) size 48x14
              text run at (0,70) width 48: "%%%%"
            RenderBR {BR} at (48,81) size 0x0
            RenderText {#text} at (0,84) size 40x14
              text run at (0,84) width 40: "&&&&"
            RenderBR {BR} at (40,95) size 0x0
            RenderText {#text} at (0,98) size 12x14
              text run at (0,98) width 12: "''''"
            RenderBR {BR} at (12,109) size 0x0
            RenderText {#text} at (0,112) size 16x14
              text run at (0,112) width 16: "(((("
            RenderBR {BR} at (16,123) size 0x0
            RenderText {#text} at (0,126) size 16x14
              text run at (0,126) width 16: "))))"
            RenderBR {BR} at (16,137) size 0x0
            RenderText {#text} at (0,140) size 24x14
              text run at (0,140) width 24: "****"
            RenderBR {BR} at (24,151) size 0x0
            RenderText {#text} at (0,154) size 28x14
              text run at (0,154) width 28: "++++"
            RenderBR {BR} at (28,165) size 0x0
            RenderText {#text} at (0,168) size 12x14
              text run at (0,168) width 12: ",,,,"
            RenderBR {BR} at (12,179) size 0x0
            RenderText {#text} at (0,182) size 16x14
              text run at (0,182) width 16: "----"
            RenderBR {BR} at (16,193) size 0x0
            RenderText {#text} at (0,196) size 12x14
              text run at (0,196) width 12: "...."
            RenderBR {BR} at (12,207) size 0x0
            RenderText {#text} at (0,210) size 12x14
              text run at (0,210) width 12: "////"
            RenderBR {BR} at (12,221) size 0x0
            RenderText {#text} at (0,224) size 24x14
              text run at (0,224) width 24: "0000"
            RenderBR {BR} at (24,235) size 0x0
            RenderText {#text} at (0,238) size 24x14
              text run at (0,238) width 24: "1111"
            RenderBR {BR} at (24,249) size 0x0
            RenderText {#text} at (0,252) size 24x14
              text run at (0,252) width 24: "2222"
            RenderBR {BR} at (24,263) size 0x0
            RenderText {#text} at (0,266) size 24x14
              text run at (0,266) width 24: "3333"
            RenderBR {BR} at (24,277) size 0x0
            RenderText {#text} at (0,280) size 24x14
              text run at (0,280) width 24: "4444"
            RenderBR {BR} at (24,291) size 0x0
            RenderText {#text} at (0,294) size 24x14
              text run at (0,294) width 24: "5555"
            RenderBR {BR} at (24,305) size 0x0
            RenderText {#text} at (0,308) size 24x14
              text run at (0,308) width 24: "6666"
            RenderBR {BR} at (24,319) size 0x0
            RenderText {#text} at (0,322) size 24x14
              text run at (0,322) width 24: "7777"
            RenderBR {BR} at (24,333) size 0x0
            RenderText {#text} at (0,336) size 24x14
              text run at (0,336) width 24: "8888"
            RenderBR {BR} at (24,347) size 0x0
            RenderText {#text} at (0,350) size 24x14
              text run at (0,350) width 24: "9999"
            RenderBR {BR} at (24,361) size 0x0
            RenderText {#text} at (0,364) size 16x14
              text run at (0,364) width 16: "::::"
            RenderBR {BR} at (16,375) size 0x0
            RenderText {#text} at (0,378) size 16x14
              text run at (0,378) width 16: ";;;;"
            RenderBR {BR} at (16,389) size 0x0
            RenderText {#text} at (0,392) size 28x14
              text run at (0,392) width 28: "<<<<"
            RenderBR {BR} at (28,403) size 0x0
            RenderText {#text} at (0,406) size 28x14
              text run at (0,406) width 28: "===="
            RenderBR {BR} at (28,417) size 0x0
            RenderText {#text} at (0,420) size 28x14
              text run at (0,420) width 28: ">>>>"
            RenderBR {BR} at (28,431) size 0x0
            RenderText {#text} at (0,434) size 24x14
              text run at (0,434) width 24: "????"
            RenderBR {BR} at (24,445) size 0x0
            RenderText {#text} at (0,448) size 44x14
              text run at (0,448) width 44: "@@@@"
            RenderBR {BR} at (44,459) size 0x0
            RenderText {#text} at (0,462) size 36x14
              text run at (0,462) width 36: "AAAA"
            RenderBR {BR} at (36,473) size 0x0
            RenderText {#text} at (0,476) size 32x14
              text run at (0,476) width 32: "BBBB"
            RenderBR {BR} at (32,487) size 0x0
            RenderText {#text} at (0,490) size 36x14
              text run at (0,490) width 36: "CCCC"
            RenderBR {BR} at (36,501) size 0x0
            RenderText {#text} at (0,504) size 36x14
              text run at (0,504) width 36: "DDDD"
            RenderBR {BR} at (36,515) size 0x0
            RenderText {#text} at (0,518) size 32x14
              text run at (0,518) width 32: "EEEE"
            RenderBR {BR} at (32,529) size 0x0
            RenderText {#text} at (0,532) size 28x14
              text run at (0,532) width 28: "FFFF"
            RenderBR {BR} at (28,543) size 0x0
            RenderText {#text} at (0,546) size 36x14
              text run at (0,546) width 36: "GGGG"
            RenderBR {BR} at (36,557) size 0x0
            RenderText {#text} at (0,560) size 36x14
              text run at (0,560) width 36: "HHHH"
            RenderBR {BR} at (36,571) size 0x0
            RenderText {#text} at (0,574) size 20x14
              text run at (0,574) width 20: "IIII"
            RenderBR {BR} at (20,585) size 0x0
            RenderText {#text} at (0,588) size 24x14
              text run at (0,588) width 24: "JJJJ"
            RenderBR {BR} at (24,599) size 0x0
            RenderText {#text} at (0,602) size 36x14
              text run at (0,602) width 36: "KKKK"
            RenderBR {BR} at (36,613) size 0x0
            RenderText {#text} at (0,616) size 32x14
              text run at (0,616) width 32: "LLLL"
            RenderBR {BR} at (32,627) size 0x0
            RenderText {#text} at (0,630) size 44x14
              text run at (0,630) width 44: "MMMM"
            RenderBR {BR} at (44,641) size 0x0
            RenderText {#text} at (0,644) size 36x14
              text run at (0,644) width 36: "NNNN"
            RenderBR {BR} at (36,655) size 0x0
            RenderText {#text} at (0,658) size 36x14
              text run at (0,658) width 36: "OOOO"
            RenderBR {BR} at (36,669) size 0x0
            RenderText {#text} at (0,672) size 28x14
              text run at (0,672) width 28: "PPPP"
            RenderBR {BR} at (28,683) size 0x0
            RenderText {#text} at (0,686) size 36x14
              text run at (0,686) width 36: "QQQQ"
            RenderBR {BR} at (36,697) size 0x0
            RenderText {#text} at (0,700) size 36x14
              text run at (0,700) width 36: "RRRR"
            RenderBR {BR} at (36,711) size 0x0
            RenderText {#text} at (0,714) size 28x14
              text run at (0,714) width 28: "SSSS"
            RenderBR {BR} at (28,725) size 0x0
            RenderText {#text} at (0,728) size 32x14
              text run at (0,728) width 32: "TTTT"
            RenderBR {BR} at (32,739) size 0x0
            RenderText {#text} at (0,742) size 36x14
              text run at (0,742) width 36: "UUUU"
            RenderBR {BR} at (36,753) size 0x0
            RenderText {#text} at (0,756) size 36x14
              text run at (0,756) width 36: "VVVV"
            RenderBR {BR} at (36,767) size 0x0
            RenderText {#text} at (0,770) size 48x14
              text run at (0,770) width 48: "WWWW"
            RenderBR {BR} at (48,781) size 0x0
            RenderText {#text} at (0,784) size 36x14
              text run at (0,784) width 36: "XXXX"
            RenderBR {BR} at (36,795) size 0x0
            RenderText {#text} at (0,798) size 36x14
              text run at (0,798) width 36: "YYYY"
            RenderBR {BR} at (36,809) size 0x0
            RenderText {#text} at (0,812) size 32x14
              text run at (0,812) width 32: "ZZZZ"
            RenderBR {BR} at (32,823) size 0x0
            RenderText {#text} at (0,826) size 16x14
              text run at (0,826) width 16: "[[[["
            RenderBR {BR} at (16,837) size 0x0
            RenderText {#text} at (0,840) size 12x14
              text run at (0,840) width 12: "\\\\\\\\"
            RenderBR {BR} at (12,851) size 0x0
            RenderText {#text} at (0,854) size 16x14
              text run at (0,854) width 16: "]]]]"
            RenderBR {BR} at (16,865) size 0x0
            RenderText {#text} at (0,868) size 28x14
              text run at (0,868) width 28: "^^^^"
            RenderBR {BR} at (28,879) size 0x0
            RenderText {#text} at (0,882) size 24x14
              text run at (0,882) width 24: "____"
            RenderBR {BR} at (24,893) size 0x0
            RenderText {#text} at (0,896) size 16x14
              text run at (0,896) width 16: "````"
            RenderBR {BR} at (16,907) size 0x0
            RenderText {#text} at (0,910) size 24x14
              text run at (0,910) width 24: "aaaa"
            RenderBR {BR} at (24,921) size 0x0
            RenderText {#text} at (0,924) size 28x14
              text run at (0,924) width 28: "bbbb"
            RenderBR {BR} at (28,935) size 0x0
            RenderText {#text} at (0,938) size 20x14
              text run at (0,938) width 20: "cccc"
            RenderBR {BR} at (20,949) size 0x0
            RenderText {#text} at (0,952) size 28x14
              text run at (0,952) width 28: "dddd"
            RenderBR {BR} at (28,963) size 0x0
            RenderText {#text} at (0,966) size 20x14
              text run at (0,966) width 20: "eeee"
            RenderBR {BR} at (20,977) size 0x0
            RenderText {#text} at (0,980) size 16x14
              text run at (0,980) width 16: "ffff"
            RenderBR {BR} at (16,991) size 0x0
            RenderText {#text} at (0,994) size 24x14
              text run at (0,994) width 24: "gggg"
            RenderBR {BR} at (24,1005) size 0x0
            RenderText {#text} at (0,1008) size 28x14
              text run at (0,1008) width 28: "hhhh"
            RenderBR {BR} at (28,1019) size 0x0
            RenderText {#text} at (0,1022) size 12x14
              text run at (0,1022) width 12: "iiii"
            RenderBR {BR} at (12,1033) size 0x0
            RenderText {#text} at (0,1036) size 16x14
              text run at (0,1036) width 16: "jjjj"
            RenderBR {BR} at (16,1047) size 0x0
            RenderText {#text} at (0,1050) size 28x14
              text run at (0,1050) width 28: "kkkk"
            RenderBR {BR} at (28,1061) size 0x0
            RenderText {#text} at (0,1064) size 12x14
              text run at (0,1064) width 12: "llll"
            RenderBR {BR} at (12,1075) size 0x0
            RenderText {#text} at (0,1078) size 40x14
              text run at (0,1078) width 40: "mmmm"
            RenderBR {BR} at (40,1089) size 0x0
            RenderText {#text} at (0,1092) size 28x14
              text run at (0,1092) width 28: "nnnn"
            RenderBR {BR} at (28,1103) size 0x0
            RenderText {#text} at (0,1106) size 24x14
              text run at (0,1106) width 24: "oooo"
            RenderBR {BR} at (24,1117) size 0x0
            RenderText {#text} at (0,1120) size 28x14
              text run at (0,1120) width 28: "pppp"
            RenderBR {BR} at (28,1131) size 0x0
            RenderText {#text} at (0,1134) size 28x14
              text run at (0,1134) width 28: "qqqq"
            RenderBR {BR} at (28,1145) size 0x0
            RenderText {#text} at (0,1148) size 20x14
              text run at (0,1148) width 20: "rrrr"
            RenderBR {BR} at (20,1159) size 0x0
            RenderText {#text} at (0,1162) size 20x14
              text run at (0,1162) width 20: "ssss"
            RenderBR {BR} at (20,1173) size 0x0
            RenderText {#text} at (0,1176) size 16x14
              text run at (0,1176) width 16: "tttt"
            RenderBR {BR} at (16,1187) size 0x0
            RenderText {#text} at (0,1190) size 28x14
              text run at (0,1190) width 28: "uuuu"
            RenderBR {BR} at (28,1201) size 0x0
            RenderText {#text} at (0,1204) size 24x14
              text run at (0,1204) width 24: "vvvv"
            RenderBR {BR} at (24,1215) size 0x0
            RenderText {#text} at (0,1218) size 36x14
              text run at (0,1218) width 36: "wwww"
            RenderBR {BR} at (36,1229) size 0x0
            RenderText {#text} at (0,1232) size 24x14
              text run at (0,1232) width 24: "xxxx"
            RenderBR {BR} at (24,1243) size 0x0
            RenderText {#text} at (0,1246) size 24x14
              text run at (0,1246) width 24: "yyyy"
            RenderBR {BR} at (24,1257) size 0x0
            RenderText {#text} at (0,1260) size 20x14
              text run at (0,1260) width 20: "zzzz"
            RenderBR {BR} at (20,1271) size 0x0
            RenderText {#text} at (0,1274) size 20x14
              text run at (0,1274) width 20: "{{{{"
            RenderBR {BR} at (20,1285) size 0x0
            RenderText {#text} at (0,1288) size 12x14
              text run at (0,1288) width 12: "||||"
            RenderBR {BR} at (12,1299) size 0x0
            RenderText {#text} at (0,1302) size 20x14
              text run at (0,1302) width 20: "}}}}"
            RenderBR {BR} at (20,1313) size 0x0
          RenderText {#text} at (0,0) size 0x0
      RenderBlock {P} at (0,2696) size 784x1316
        RenderInline {FONT} at (0,0) size 44x1316
          RenderText {#text} at (0,0) size 0x0
          RenderInline {I} at (0,0) size 44x1316
            RenderText {#text} at (0,0) size 12x14
              text run at (0,0) width 12: "    "
            RenderBR {BR} at (12,11) size 0x0
            RenderText {#text} at (0,14) size 16x14
              text run at (0,14) width 16: "!!!!"
            RenderBR {BR} at (16,25) size 0x0
            RenderText {#text} at (0,28) size 20x14
              text run at (0,28) width 20: "\"\"\"\""
            RenderBR {BR} at (20,39) size 0x0
            RenderText {#text} at (0,42) size 24x14
              text run at (0,42) width 24: "####"
            RenderBR {BR} at (24,53) size 0x0
            RenderText {#text} at (0,56) size 24x14
              text run at (0,56) width 24: "$$$$"
            RenderBR {BR} at (24,67) size 0x0
            RenderText {#text} at (0,70) size 40x14
              text run at (0,70) width 40: "%%%%"
            RenderBR {BR} at (40,81) size 0x0
            RenderText {#text} at (0,84) size 36x14
              text run at (0,84) width 36: "&&&&"
            RenderBR {BR} at (36,95) size 0x0
            RenderText {#text} at (0,98) size 12x14
              text run at (0,98) width 12: "''''"
            RenderBR {BR} at (12,109) size 0x0
            RenderText {#text} at (0,112) size 16x14
              text run at (0,112) width 16: "(((("
            RenderBR {BR} at (16,123) size 0x0
            RenderText {#text} at (0,126) size 16x14
              text run at (0,126) width 16: "))))"
            RenderBR {BR} at (16,137) size 0x0
            RenderText {#text} at (0,140) size 24x14
              text run at (0,140) width 24: "****"
            RenderBR {BR} at (24,151) size 0x0
            RenderText {#text} at (0,154) size 32x14
              text run at (0,154) width 32: "++++"
            RenderBR {BR} at (32,165) size 0x0
            RenderText {#text} at (0,168) size 12x14
              text run at (0,168) width 12: ",,,,"
            RenderBR {BR} at (12,179) size 0x0
            RenderText {#text} at (0,182) size 16x14
              text run at (0,182) width 16: "----"
            RenderBR {BR} at (16,193) size 0x0
            RenderText {#text} at (0,196) size 12x14
              text run at (0,196) width 12: "...."
            RenderBR {BR} at (12,207) size 0x0
            RenderText {#text} at (0,210) size 12x14
              text run at (0,210) width 12: "////"
            RenderBR {BR} at (12,221) size 0x0
            RenderText {#text} at (0,224) size 24x14
              text run at (0,224) width 24: "0000"
            RenderBR {BR} at (24,235) size 0x0
            RenderText {#text} at (0,238) size 24x14
              text run at (0,238) width 24: "1111"
            RenderBR {BR} at (24,249) size 0x0
            RenderText {#text} at (0,252) size 24x14
              text run at (0,252) width 24: "2222"
            RenderBR {BR} at (24,263) size 0x0
            RenderText {#text} at (0,266) size 24x14
              text run at (0,266) width 24: "3333"
            RenderBR {BR} at (24,277) size 0x0
            RenderText {#text} at (0,280) size 24x14
              text run at (0,280) width 24: "4444"
            RenderBR {BR} at (24,291) size 0x0
            RenderText {#text} at (0,294) size 24x14
              text run at (0,294) width 24: "5555"
            RenderBR {BR} at (24,305) size 0x0
            RenderText {#text} at (0,308) size 24x14
              text run at (0,308) width 24: "6666"
            RenderBR {BR} at (24,319) size 0x0
            RenderText {#text} at (0,322) size 24x14
              text run at (0,322) width 24: "7777"
            RenderBR {BR} at (24,333) size 0x0
            RenderText {#text} at (0,336) size 24x14
              text run at (0,336) width 24: "8888"
            RenderBR {BR} at (24,347) size 0x0
            RenderText {#text} at (0,350) size 24x14
              text run at (0,350) width 24: "9999"
            RenderBR {BR} at (24,361) size 0x0
            RenderText {#text} at (0,364) size 16x14
              text run at (0,364) width 16: "::::"
            RenderBR {BR} at (16,375) size 0x0
            RenderText {#text} at (0,378) size 16x14
              text run at (0,378) width 16: ";;;;"
            RenderBR {BR} at (16,389) size 0x0
            RenderText {#text} at (0,392) size 32x14
              text run at (0,392) width 32: "<<<<"
            RenderBR {BR} at (32,403) size 0x0
            RenderText {#text} at (0,406) size 32x14
              text run at (0,406) width 32: "===="
            RenderBR {BR} at (32,417) size 0x0
            RenderText {#text} at (0,420) size 32x14
              text run at (0,420) width 32: ">>>>"
            RenderBR {BR} at (32,431) size 0x0
            RenderText {#text} at (0,434) size 24x14
              text run at (0,434) width 24: "????"
            RenderBR {BR} at (24,445) size 0x0
            RenderText {#text} at (0,448) size 44x14
              text run at (0,448) width 44: "@@@@"
            RenderBR {BR} at (44,459) size 0x0
            RenderText {#text} at (0,462) size 28x14
              text run at (0,462) width 28: "AAAA"
            RenderBR {BR} at (28,473) size 0x0
            RenderText {#text} at (0,476) size 28x14
              text run at (0,476) width 28: "BBBB"
            RenderBR {BR} at (28,487) size 0x0
            RenderText {#text} at (0,490) size 32x14
              text run at (0,490) width 32: "CCCC"
            RenderBR {BR} at (32,501) size 0x0
            RenderText {#text} at (0,504) size 36x14
              text run at (0,504) width 36: "DDDD"
            RenderBR {BR} at (36,515) size 0x0
            RenderText {#text} at (0,518) size 28x14
              text run at (0,518) width 28: "EEEE"
            RenderBR {BR} at (28,529) size 0x0
            RenderText {#text} at (0,532) size 28x14
              text run at (0,532) width 28: "FFFF"
            RenderBR {BR} at (28,543) size 0x0
            RenderText {#text} at (0,546) size 36x14
              text run at (0,546) width 36: "GGGG"
            RenderBR {BR} at (36,557) size 0x0
            RenderText {#text} at (0,560) size 36x14
              text run at (0,560) width 36: "HHHH"
            RenderBR {BR} at (36,571) size 0x0
            RenderText {#text} at (0,574) size 16x14
              text run at (0,574) width 16: "IIII"
            RenderBR {BR} at (16,585) size 0x0
            RenderText {#text} at (0,588) size 20x14
              text run at (0,588) width 20: "JJJJ"
            RenderBR {BR} at (20,599) size 0x0
            RenderText {#text} at (0,602) size 32x14
              text run at (0,602) width 32: "KKKK"
            RenderBR {BR} at (32,613) size 0x0
            RenderText {#text} at (0,616) size 28x14
              text run at (0,616) width 28: "LLLL"
            RenderBR {BR} at (28,627) size 0x0
            RenderText {#text} at (0,630) size 40x14
              text run at (0,630) width 40: "MMMM"
            RenderBR {BR} at (40,641) size 0x0
            RenderText {#text} at (0,644) size 32x14
              text run at (0,644) width 32: "NNNN"
            RenderBR {BR} at (32,655) size 0x0
            RenderText {#text} at (0,658) size 36x14
              text run at (0,658) width 36: "OOOO"
            RenderBR {BR} at (36,669) size 0x0
            RenderText {#text} at (0,672) size 28x14
              text run at (0,672) width 28: "PPPP"
            RenderBR {BR} at (28,683) size 0x0
            RenderText {#text} at (0,686) size 36x14
              text run at (0,686) width 36: "QQQQ"
            RenderBR {BR} at (36,697) size 0x0
            RenderText {#text} at (0,700) size 28x14
              text run at (0,700) width 28: "RRRR"
            RenderBR {BR} at (28,711) size 0x0
            RenderText {#text} at (0,714) size 24x14
              text run at (0,714) width 24: "SSSS"
            RenderBR {BR} at (24,725) size 0x0
            RenderText {#text} at (0,728) size 28x14
              text run at (0,728) width 28: "TTTT"
            RenderBR {BR} at (28,739) size 0x0
            RenderText {#text} at (0,742) size 36x14
              text run at (0,742) width 36: "UUUU"
            RenderBR {BR} at (36,753) size 0x0
            RenderText {#text} at (0,756) size 28x14
              text run at (0,756) width 28: "VVVV"
            RenderBR {BR} at (28,767) size 0x0
            RenderText {#text} at (0,770) size 40x14
              text run at (0,770) width 40: "WWWW"
            RenderBR {BR} at (40,781) size 0x0
            RenderText {#text} at (0,784) size 28x14
              text run at (0,784) width 28: "XXXX"
            RenderBR {BR} at (28,795) size 0x0
            RenderText {#text} at (0,798) size 28x14
              text run at (0,798) width 28: "YYYY"
            RenderBR {BR} at (28,809) size 0x0
            RenderText {#text} at (0,812) size 28x14
              text run at (0,812) width 28: "ZZZZ"
            RenderBR {BR} at (28,823) size 0x0
            RenderText {#text} at (0,826) size 20x14
              text run at (0,826) width 20: "[[[["
            RenderBR {BR} at (20,837) size 0x0
            RenderText {#text} at (0,840) size 12x14
              text run at (0,840) width 12: "\\\\\\\\"
            RenderBR {BR} at (12,851) size 0x0
            RenderText {#text} at (0,854) size 20x14
              text run at (0,854) width 20: "]]]]"
            RenderBR {BR} at (20,865) size 0x0
            RenderText {#text} at (0,868) size 20x14
              text run at (0,868) width 20: "^^^^"
            RenderBR {BR} at (20,879) size 0x0
            RenderText {#text} at (0,882) size 24x14
              text run at (0,882) width 24: "____"
            RenderBR {BR} at (24,893) size 0x0
            RenderText {#text} at (0,896) size 16x14
              text run at (0,896) width 16: "````"
            RenderBR {BR} at (16,907) size 0x0
            RenderText {#text} at (0,910) size 24x14
              text run at (0,910) width 24: "aaaa"
            RenderBR {BR} at (24,921) size 0x0
            RenderText {#text} at (0,924) size 24x14
              text run at (0,924) width 24: "bbbb"
            RenderBR {BR} at (24,935) size 0x0
            RenderText {#text} at (0,938) size 20x14
              text run at (0,938) width 20: "cccc"
            RenderBR {BR} at (20,949) size 0x0
            RenderText {#text} at (0,952) size 24x14
              text run at (0,952) width 24: "dddd"
            RenderBR {BR} at (24,963) size 0x0
            RenderText {#text} at (0,966) size 20x14
              text run at (0,966) width 20: "eeee"
            RenderBR {BR} at (20,977) size 0x0
            RenderText {#text} at (0,980) size 12x14
              text run at (0,980) width 12: "ffff"
            RenderBR {BR} at (12,991) size 0x0
            RenderText {#text} at (0,994) size 24x14
              text run at (0,994) width 24: "gggg"
            RenderBR {BR} at (24,1005) size 0x0
            RenderText {#text} at (0,1008) size 24x14
              text run at (0,1008) width 24: "hhhh"
            RenderBR {BR} at (24,1019) size 0x0
            RenderText {#text} at (0,1022) size 12x14
              text run at (0,1022) width 12: "iiii"
            RenderBR {BR} at (12,1033) size 0x0
            RenderText {#text} at (0,1036) size 12x14
              text run at (0,1036) width 12: "jjjj"
            RenderBR {BR} at (12,1047) size 0x0
            RenderText {#text} at (0,1050) size 20x14
              text run at (0,1050) width 20: "kkkk"
            RenderBR {BR} at (20,1061) size 0x0
            RenderText {#text} at (0,1064) size 12x14
              text run at (0,1064) width 12: "llll"
            RenderBR {BR} at (12,1075) size 0x0
            RenderText {#text} at (0,1078) size 36x14
              text run at (0,1078) width 36: "mmmm"
            RenderBR {BR} at (36,1089) size 0x0
            RenderText {#text} at (0,1092) size 24x14
              text run at (0,1092) width 24: "nnnn"
            RenderBR {BR} at (24,1103) size 0x0
            RenderText {#text} at (0,1106) size 24x14
              text run at (0,1106) width 24: "oooo"
            RenderBR {BR} at (24,1117) size 0x0
            RenderText {#text} at (0,1120) size 24x14
              text run at (0,1120) width 24: "pppp"
            RenderBR {BR} at (24,1131) size 0x0
            RenderText {#text} at (0,1134) size 24x14
              text run at (0,1134) width 24: "qqqq"
            RenderBR {BR} at (24,1145) size 0x0
            RenderText {#text} at (0,1148) size 20x14
              text run at (0,1148) width 20: "rrrr"
            RenderBR {BR} at (20,1159) size 0x0
            RenderText {#text} at (0,1162) size 20x14
              text run at (0,1162) width 20: "ssss"
            RenderBR {BR} at (20,1173) size 0x0
            RenderText {#text} at (0,1176) size 12x14
              text run at (0,1176) width 12: "tttt"
            RenderBR {BR} at (12,1187) size 0x0
            RenderText {#text} at (0,1190) size 24x14
              text run at (0,1190) width 24: "uuuu"
            RenderBR {BR} at (24,1201) size 0x0
            RenderText {#text} at (0,1204) size 20x14
              text run at (0,1204) width 20: "vvvv"
            RenderBR {BR} at (20,1215) size 0x0
            RenderText {#text} at (0,1218) size 32x14
              text run at (0,1218) width 32: "wwww"
            RenderBR {BR} at (32,1229) size 0x0
            RenderText {#text} at (0,1232) size 20x14
              text run at (0,1232) width 20: "xxxx"
            RenderBR {BR} at (20,1243) size 0x0
            RenderText {#text} at (0,1246) size 20x14
              text run at (0,1246) width 20: "yyyy"
            RenderBR {BR} at (20,1257) size 0x0
            RenderText {#text} at (0,1260) size 20x14
              text run at (0,1260) width 20: "zzzz"
            RenderBR {BR} at (20,1271) size 0x0
            RenderText {#text} at (0,1274) size 20x14
              text run at (0,1274) width 20: "{{{{"
            RenderBR {BR} at (20,1285) size 0x0
            RenderText {#text} at (0,1288) size 12x14
              text run at (0,1288) width 12: "||||"
            RenderBR {BR} at (12,1299) size 0x0
            RenderText {#text} at (0,1302) size 20x14
              text run at (0,1302) width 20: "}}}}"
            RenderBR {BR} at (20,1313) size 0x0
          RenderText {#text} at (0,0) size 0x0
        RenderText {#text} at (0,0) size 0x0
