layer at (0,0) size 800x3686
  RenderView at (0,0) size 800x600
layer at (0,0) size 800x3686
  RenderBlock {HTML} at (0,0) size 800x3686
    RenderBody {BODY} at (8,8) size 784x3666
      RenderBlock (anonymous) at (0,0) size 784x14
        RenderText {#text} at (0,0) size 265x14
          text run at (0,0) width 265: "This tests font choices and metrics for monospace fonts."
      RenderBlock {P} at (0,26) size 784x98
        RenderInline {FONT} at (0,0) size 777x98
          RenderText {#text} at (0,0) size 42x14
            text run at (0,0) width 42: "Monaco"
          RenderBR {BR} at (42,10) size 0x0
          RenderText {#text} at (0,14) size 777x28
            text run at (0,14) width 777: "  ! \" # $ % & ' ( ) * + , - . / 0 1 2 3 4 5 6 7 8 9 : ; < = > ? @ A B C D E F G H I J K L M N O P Q R S T U V W"
            text run at (0,28) width 546: "X Y Z [ \\ ] ^ _ ` a b c d e f g h i j k l m n o p q r s t u v w x y z { | } > "
          RenderBR {BR} at (546,38) size 0x0
          RenderInline {B} at (0,0) size 777x28
            RenderText {#text} at (0,42) size 777x28
              text run at (0,42) width 777: "  ! \" # $ % & ' ( ) * + , - . / 0 1 2 3 4 5 6 7 8 9 : ; < = > ? @ A B C D E F G H I J K L M N O P Q R S T U V W"
              text run at (0,56) width 546: "X Y Z [ \\ ] ^ _ ` a b c d e f g h i j k l m n o p q r s t u v w x y z { | } > "
          RenderText {#text} at (0,0) size 0x0
          RenderBR {BR} at (0,0) size 0x0
          RenderInline {I} at (0,0) size 777x28
            RenderText {#text} at (0,70) size 777x28
              text run at (0,70) width 777: "  ! \" # $ % & ' ( ) * + , - . / 0 1 2 3 4 5 6 7 8 9 : ; < = > ? @ A B C D E F G H I J K L M N O P Q R S T U V W"
              text run at (0,84) width 539: "X Y Z [ \\ ] ^ _ ` a b c d e f g h i j k l m n o p q r s t u v w x y z { | } >"
          RenderText {#text} at (0,0) size 0x0
        RenderText {#text} at (0,0) size 0x0
      RenderBlock {P} at (0,136) size 784x98
        RenderInline {FONT} at (0,0) size 777x98
          RenderText {#text} at (0,0) size 49x14
            text run at (0,0) width 49: "Courier"
          RenderBR {BR} at (49,10) size 0x0
          RenderText {#text} at (0,14) size 777x28
            text run at (0,14) width 777: "  ! \" # $ % & ' ( ) * + , - . / 0 1 2 3 4 5 6 7 8 9 : ; < = > ? @ A B C D E F G H I J K L M N O P Q R S T U V W"
            text run at (0,28) width 546: "X Y Z [ \\ ] ^ _ ` a b c d e f g h i j k l m n o p q r s t u v w x y z { | } > "
          RenderBR {BR} at (546,38) size 0x0
          RenderInline {B} at (0,0) size 777x28
            RenderText {#text} at (0,42) size 777x28
              text run at (0,42) width 777: "  ! \" # $ % & ' ( ) * + , - . / 0 1 2 3 4 5 6 7 8 9 : ; < = > ? @ A B C D E F G H I J K L M N O P Q R S T U V W"
              text run at (0,56) width 546: "X Y Z [ \\ ] ^ _ ` a b c d e f g h i j k l m n o p q r s t u v w x y z { | } > "
          RenderText {#text} at (0,0) size 0x0
          RenderBR {BR} at (0,0) size 0x0
          RenderInline {I} at (0,0) size 777x28
            RenderText {#text} at (0,70) size 777x28
              text run at (0,70) width 777: "  ! \" # $ % & ' ( ) * + , - . / 0 1 2 3 4 5 6 7 8 9 : ; < = > ? @ A B C D E F G H I J K L M N O P Q R S T U V W"
              text run at (0,84) width 539: "X Y Z [ \\ ] ^ _ ` a b c d e f g h i j k l m n o p q r s t u v w x y z { | } >"
          RenderText {#text} at (0,0) size 0x0
        RenderText {#text} at (0,0) size 0x0
      RenderBlock {P} at (0,246) size 784x1140
        RenderInline {FONT} at (0,0) size 54x1140
          RenderText {#text} at (0,0) size 54x12
            text run at (0,0) width 54: "monospace"
          RenderBR {BR} at (54,9) size 0x0
          RenderText {#text} at (0,12) size 24x12
            text run at (0,12) width 24: "    "
          RenderBR {BR} at (24,21) size 0x0
          RenderText {#text} at (0,24) size 24x12
            text run at (0,24) width 24: "!!!!"
          RenderBR {BR} at (24,33) size 0x0
          RenderText {#text} at (0,36) size 24x12
            text run at (0,36) width 24: "\"\"\"\""
          RenderBR {BR} at (24,45) size 0x0
          RenderText {#text} at (0,48) size 24x12
            text run at (0,48) width 24: "####"
          RenderBR {BR} at (24,57) size 0x0
          RenderText {#text} at (0,60) size 24x12
            text run at (0,60) width 24: "$$$$"
          RenderBR {BR} at (24,69) size 0x0
          RenderText {#text} at (0,72) size 24x12
            text run at (0,72) width 24: "%%%%"
          RenderBR {BR} at (24,81) size 0x0
          RenderText {#text} at (0,84) size 24x12
            text run at (0,84) width 24: "&&&&"
          RenderBR {BR} at (24,93) size 0x0
          RenderText {#text} at (0,96) size 24x12
            text run at (0,96) width 24: "''''"
          RenderBR {BR} at (24,105) size 0x0
          RenderText {#text} at (0,108) size 24x12
            text run at (0,108) width 24: "(((("
          RenderBR {BR} at (24,117) size 0x0
          RenderText {#text} at (0,120) size 24x12
            text run at (0,120) width 24: "))))"
          RenderBR {BR} at (24,129) size 0x0
          RenderText {#text} at (0,132) size 24x12
            text run at (0,132) width 24: "****"
          RenderBR {BR} at (24,141) size 0x0
          RenderText {#text} at (0,144) size 24x12
            text run at (0,144) width 24: "++++"
          RenderBR {BR} at (24,153) size 0x0
          RenderText {#text} at (0,156) size 24x12
            text run at (0,156) width 24: ",,,,"
          RenderBR {BR} at (24,165) size 0x0
          RenderText {#text} at (0,168) size 24x12
            text run at (0,168) width 24: "----"
          RenderBR {BR} at (24,177) size 0x0
          RenderText {#text} at (0,180) size 24x12
            text run at (0,180) width 24: "...."
          RenderBR {BR} at (24,189) size 0x0
          RenderText {#text} at (0,192) size 24x12
            text run at (0,192) width 24: "////"
          RenderBR {BR} at (24,201) size 0x0
          RenderText {#text} at (0,204) size 24x12
            text run at (0,204) width 24: "0000"
          RenderBR {BR} at (24,213) size 0x0
          RenderText {#text} at (0,216) size 24x12
            text run at (0,216) width 24: "1111"
          RenderBR {BR} at (24,225) size 0x0
          RenderText {#text} at (0,228) size 24x12
            text run at (0,228) width 24: "2222"
          RenderBR {BR} at (24,237) size 0x0
          RenderText {#text} at (0,240) size 24x12
            text run at (0,240) width 24: "3333"
          RenderBR {BR} at (24,249) size 0x0
          RenderText {#text} at (0,252) size 24x12
            text run at (0,252) width 24: "4444"
          RenderBR {BR} at (24,261) size 0x0
          RenderText {#text} at (0,264) size 24x12
            text run at (0,264) width 24: "5555"
          RenderBR {BR} at (24,273) size 0x0
          RenderText {#text} at (0,276) size 24x12
            text run at (0,276) width 24: "6666"
          RenderBR {BR} at (24,285) size 0x0
          RenderText {#text} at (0,288) size 24x12
            text run at (0,288) width 24: "7777"
          RenderBR {BR} at (24,297) size 0x0
          RenderText {#text} at (0,300) size 24x12
            text run at (0,300) width 24: "8888"
          RenderBR {BR} at (24,309) size 0x0
          RenderText {#text} at (0,312) size 24x12
            text run at (0,312) width 24: "9999"
          RenderBR {BR} at (24,321) size 0x0
          RenderText {#text} at (0,324) size 24x12
            text run at (0,324) width 24: "::::"
          RenderBR {BR} at (24,333) size 0x0
          RenderText {#text} at (0,336) size 24x12
            text run at (0,336) width 24: ";;;;"
          RenderBR {BR} at (24,345) size 0x0
          RenderText {#text} at (0,348) size 24x12
            text run at (0,348) width 24: "<<<<"
          RenderBR {BR} at (24,357) size 0x0
          RenderText {#text} at (0,360) size 24x12
            text run at (0,360) width 24: "===="
          RenderBR {BR} at (24,369) size 0x0
          RenderText {#text} at (0,372) size 24x12
            text run at (0,372) width 24: ">>>>"
          RenderBR {BR} at (24,381) size 0x0
          RenderText {#text} at (0,384) size 24x12
            text run at (0,384) width 24: "????"
          RenderBR {BR} at (24,393) size 0x0
          RenderText {#text} at (0,396) size 24x12
            text run at (0,396) width 24: "@@@@"
          RenderBR {BR} at (24,405) size 0x0
          RenderText {#text} at (0,408) size 24x12
            text run at (0,408) width 24: "AAAA"
          RenderBR {BR} at (24,417) size 0x0
          RenderText {#text} at (0,420) size 24x12
            text run at (0,420) width 24: "BBBB"
          RenderBR {BR} at (24,429) size 0x0
          RenderText {#text} at (0,432) size 24x12
            text run at (0,432) width 24: "CCCC"
          RenderBR {BR} at (24,441) size 0x0
          RenderText {#text} at (0,444) size 24x12
            text run at (0,444) width 24: "DDDD"
          RenderBR {BR} at (24,453) size 0x0
          RenderText {#text} at (0,456) size 24x12
            text run at (0,456) width 24: "EEEE"
          RenderBR {BR} at (24,465) size 0x0
          RenderText {#text} at (0,468) size 24x12
            text run at (0,468) width 24: "FFFF"
          RenderBR {BR} at (24,477) size 0x0
          RenderText {#text} at (0,480) size 24x12
            text run at (0,480) width 24: "GGGG"
          RenderBR {BR} at (24,489) size 0x0
          RenderText {#text} at (0,492) size 24x12
            text run at (0,492) width 24: "HHHH"
          RenderBR {BR} at (24,501) size 0x0
          RenderText {#text} at (0,504) size 24x12
            text run at (0,504) width 24: "IIII"
          RenderBR {BR} at (24,513) size 0x0
          RenderText {#text} at (0,516) size 24x12
            text run at (0,516) width 24: "JJJJ"
          RenderBR {BR} at (24,525) size 0x0
          RenderText {#text} at (0,528) size 24x12
            text run at (0,528) width 24: "KKKK"
          RenderBR {BR} at (24,537) size 0x0
          RenderText {#text} at (0,540) size 24x12
            text run at (0,540) width 24: "LLLL"
          RenderBR {BR} at (24,549) size 0x0
          RenderText {#text} at (0,552) size 24x12
            text run at (0,552) width 24: "MMMM"
          RenderBR {BR} at (24,561) size 0x0
          RenderText {#text} at (0,564) size 24x12
            text run at (0,564) width 24: "NNNN"
          RenderBR {BR} at (24,573) size 0x0
          RenderText {#text} at (0,576) size 24x12
            text run at (0,576) width 24: "OOOO"
          RenderBR {BR} at (24,585) size 0x0
          RenderText {#text} at (0,588) size 24x12
            text run at (0,588) width 24: "PPPP"
          RenderBR {BR} at (24,597) size 0x0
          RenderText {#text} at (0,600) size 24x12
            text run at (0,600) width 24: "QQQQ"
          RenderBR {BR} at (24,609) size 0x0
          RenderText {#text} at (0,612) size 24x12
            text run at (0,612) width 24: "RRRR"
          RenderBR {BR} at (24,621) size 0x0
          RenderText {#text} at (0,624) size 24x12
            text run at (0,624) width 24: "SSSS"
          RenderBR {BR} at (24,633) size 0x0
          RenderText {#text} at (0,636) size 24x12
            text run at (0,636) width 24: "TTTT"
          RenderBR {BR} at (24,645) size 0x0
          RenderText {#text} at (0,648) size 24x12
            text run at (0,648) width 24: "UUUU"
          RenderBR {BR} at (24,657) size 0x0
          RenderText {#text} at (0,660) size 24x12
            text run at (0,660) width 24: "VVVV"
          RenderBR {BR} at (24,669) size 0x0
          RenderText {#text} at (0,672) size 24x12
            text run at (0,672) width 24: "WWWW"
          RenderBR {BR} at (24,681) size 0x0
          RenderText {#text} at (0,684) size 24x12
            text run at (0,684) width 24: "XXXX"
          RenderBR {BR} at (24,693) size 0x0
          RenderText {#text} at (0,696) size 24x12
            text run at (0,696) width 24: "YYYY"
          RenderBR {BR} at (24,705) size 0x0
          RenderText {#text} at (0,708) size 24x12
            text run at (0,708) width 24: "ZZZZ"
          RenderBR {BR} at (24,717) size 0x0
          RenderText {#text} at (0,720) size 24x12
            text run at (0,720) width 24: "[[[["
          RenderBR {BR} at (24,729) size 0x0
          RenderText {#text} at (0,732) size 24x12
            text run at (0,732) width 24: "\\\\\\\\"
          RenderBR {BR} at (24,741) size 0x0
          RenderText {#text} at (0,744) size 24x12
            text run at (0,744) width 24: "]]]]"
          RenderBR {BR} at (24,753) size 0x0
          RenderText {#text} at (0,756) size 24x12
            text run at (0,756) width 24: "^^^^"
          RenderBR {BR} at (24,765) size 0x0
          RenderText {#text} at (0,768) size 24x12
            text run at (0,768) width 24: "____"
          RenderBR {BR} at (24,777) size 0x0
          RenderText {#text} at (0,780) size 24x12
            text run at (0,780) width 24: "````"
          RenderBR {BR} at (24,789) size 0x0
          RenderText {#text} at (0,792) size 24x12
            text run at (0,792) width 24: "aaaa"
          RenderBR {BR} at (24,801) size 0x0
          RenderText {#text} at (0,804) size 24x12
            text run at (0,804) width 24: "bbbb"
          RenderBR {BR} at (24,813) size 0x0
          RenderText {#text} at (0,816) size 24x12
            text run at (0,816) width 24: "cccc"
          RenderBR {BR} at (24,825) size 0x0
          RenderText {#text} at (0,828) size 24x12
            text run at (0,828) width 24: "dddd"
          RenderBR {BR} at (24,837) size 0x0
          RenderText {#text} at (0,840) size 24x12
            text run at (0,840) width 24: "eeee"
          RenderBR {BR} at (24,849) size 0x0
          RenderText {#text} at (0,852) size 24x12
            text run at (0,852) width 24: "ffff"
          RenderBR {BR} at (24,861) size 0x0
          RenderText {#text} at (0,864) size 24x12
            text run at (0,864) width 24: "gggg"
          RenderBR {BR} at (24,873) size 0x0
          RenderText {#text} at (0,876) size 24x12
            text run at (0,876) width 24: "hhhh"
          RenderBR {BR} at (24,885) size 0x0
          RenderText {#text} at (0,888) size 24x12
            text run at (0,888) width 24: "iiii"
          RenderBR {BR} at (24,897) size 0x0
          RenderText {#text} at (0,900) size 24x12
            text run at (0,900) width 24: "jjjj"
          RenderBR {BR} at (24,909) size 0x0
          RenderText {#text} at (0,912) size 24x12
            text run at (0,912) width 24: "kkkk"
          RenderBR {BR} at (24,921) size 0x0
          RenderText {#text} at (0,924) size 24x12
            text run at (0,924) width 24: "llll"
          RenderBR {BR} at (24,933) size 0x0
          RenderText {#text} at (0,936) size 24x12
            text run at (0,936) width 24: "mmmm"
          RenderBR {BR} at (24,945) size 0x0
          RenderText {#text} at (0,948) size 24x12
            text run at (0,948) width 24: "nnnn"
          RenderBR {BR} at (24,957) size 0x0
          RenderText {#text} at (0,960) size 24x12
            text run at (0,960) width 24: "oooo"
          RenderBR {BR} at (24,969) size 0x0
          RenderText {#text} at (0,972) size 24x12
            text run at (0,972) width 24: "pppp"
          RenderBR {BR} at (24,981) size 0x0
          RenderText {#text} at (0,984) size 24x12
            text run at (0,984) width 24: "qqqq"
          RenderBR {BR} at (24,993) size 0x0
          RenderText {#text} at (0,996) size 24x12
            text run at (0,996) width 24: "rrrr"
          RenderBR {BR} at (24,1005) size 0x0
          RenderText {#text} at (0,1008) size 24x12
            text run at (0,1008) width 24: "ssss"
          RenderBR {BR} at (24,1017) size 0x0
          RenderText {#text} at (0,1020) size 24x12
            text run at (0,1020) width 24: "tttt"
          RenderBR {BR} at (24,1029) size 0x0
          RenderText {#text} at (0,1032) size 24x12
            text run at (0,1032) width 24: "uuuu"
          RenderBR {BR} at (24,1041) size 0x0
          RenderText {#text} at (0,1044) size 24x12
            text run at (0,1044) width 24: "vvvv"
          RenderBR {BR} at (24,1053) size 0x0
          RenderText {#text} at (0,1056) size 24x12
            text run at (0,1056) width 24: "wwww"
          RenderBR {BR} at (24,1065) size 0x0
          RenderText {#text} at (0,1068) size 24x12
            text run at (0,1068) width 24: "xxxx"
          RenderBR {BR} at (24,1077) size 0x0
          RenderText {#text} at (0,1080) size 24x12
            text run at (0,1080) width 24: "yyyy"
          RenderBR {BR} at (24,1089) size 0x0
          RenderText {#text} at (0,1092) size 24x12
            text run at (0,1092) width 24: "zzzz"
          RenderBR {BR} at (24,1101) size 0x0
          RenderText {#text} at (0,1104) size 24x12
            text run at (0,1104) width 24: "{{{{"
          RenderBR {BR} at (24,1113) size 0x0
          RenderText {#text} at (0,1116) size 24x12
            text run at (0,1116) width 24: "||||"
          RenderBR {BR} at (24,1125) size 0x0
          RenderText {#text} at (0,1128) size 24x12
            text run at (0,1128) width 24: "}}}}"
          RenderBR {BR} at (24,1137) size 0x0
      RenderBlock {P} at (0,1398) size 784x1128
        RenderInline {FONT} at (0,0) size 24x1128
          RenderText {#text} at (0,0) size 0x0
          RenderInline {B} at (0,0) size 24x1128
            RenderText {#text} at (0,0) size 24x12
              text run at (0,0) width 24: "    "
            RenderBR {BR} at (24,9) size 0x0
            RenderText {#text} at (0,12) size 24x12
              text run at (0,12) width 24: "!!!!"
            RenderBR {BR} at (24,21) size 0x0
            RenderText {#text} at (0,24) size 24x12
              text run at (0,24) width 24: "\"\"\"\""
            RenderBR {BR} at (24,33) size 0x0
            RenderText {#text} at (0,36) size 24x12
              text run at (0,36) width 24: "####"
            RenderBR {BR} at (24,45) size 0x0
            RenderText {#text} at (0,48) size 24x12
              text run at (0,48) width 24: "$$$$"
            RenderBR {BR} at (24,57) size 0x0
            RenderText {#text} at (0,60) size 24x12
              text run at (0,60) width 24: "%%%%"
            RenderBR {BR} at (24,69) size 0x0
            RenderText {#text} at (0,72) size 24x12
              text run at (0,72) width 24: "&&&&"
            RenderBR {BR} at (24,81) size 0x0
            RenderText {#text} at (0,84) size 24x12
              text run at (0,84) width 24: "''''"
            RenderBR {BR} at (24,93) size 0x0
            RenderText {#text} at (0,96) size 24x12
              text run at (0,96) width 24: "(((("
            RenderBR {BR} at (24,105) size 0x0
            RenderText {#text} at (0,108) size 24x12
              text run at (0,108) width 24: "))))"
            RenderBR {BR} at (24,117) size 0x0
            RenderText {#text} at (0,120) size 24x12
              text run at (0,120) width 24: "****"
            RenderBR {BR} at (24,129) size 0x0
            RenderText {#text} at (0,132) size 24x12
              text run at (0,132) width 24: "++++"
            RenderBR {BR} at (24,141) size 0x0
            RenderText {#text} at (0,144) size 24x12
              text run at (0,144) width 24: ",,,,"
            RenderBR {BR} at (24,153) size 0x0
            RenderText {#text} at (0,156) size 24x12
              text run at (0,156) width 24: "----"
            RenderBR {BR} at (24,165) size 0x0
            RenderText {#text} at (0,168) size 24x12
              text run at (0,168) width 24: "...."
            RenderBR {BR} at (24,177) size 0x0
            RenderText {#text} at (0,180) size 24x12
              text run at (0,180) width 24: "////"
            RenderBR {BR} at (24,189) size 0x0
            RenderText {#text} at (0,192) size 24x12
              text run at (0,192) width 24: "0000"
            RenderBR {BR} at (24,201) size 0x0
            RenderText {#text} at (0,204) size 24x12
              text run at (0,204) width 24: "1111"
            RenderBR {BR} at (24,213) size 0x0
            RenderText {#text} at (0,216) size 24x12
              text run at (0,216) width 24: "2222"
            RenderBR {BR} at (24,225) size 0x0
            RenderText {#text} at (0,228) size 24x12
              text run at (0,228) width 24: "3333"
            RenderBR {BR} at (24,237) size 0x0
            RenderText {#text} at (0,240) size 24x12
              text run at (0,240) width 24: "4444"
            RenderBR {BR} at (24,249) size 0x0
            RenderText {#text} at (0,252) size 24x12
              text run at (0,252) width 24: "5555"
            RenderBR {BR} at (24,261) size 0x0
            RenderText {#text} at (0,264) size 24x12
              text run at (0,264) width 24: "6666"
            RenderBR {BR} at (24,273) size 0x0
            RenderText {#text} at (0,276) size 24x12
              text run at (0,276) width 24: "7777"
            RenderBR {BR} at (24,285) size 0x0
            RenderText {#text} at (0,288) size 24x12
              text run at (0,288) width 24: "8888"
            RenderBR {BR} at (24,297) size 0x0
            RenderText {#text} at (0,300) size 24x12
              text run at (0,300) width 24: "9999"
            RenderBR {BR} at (24,309) size 0x0
            RenderText {#text} at (0,312) size 24x12
              text run at (0,312) width 24: "::::"
            RenderBR {BR} at (24,321) size 0x0
            RenderText {#text} at (0,324) size 24x12
              text run at (0,324) width 24: ";;;;"
            RenderBR {BR} at (24,333) size 0x0
            RenderText {#text} at (0,336) size 24x12
              text run at (0,336) width 24: "<<<<"
            RenderBR {BR} at (24,345) size 0x0
            RenderText {#text} at (0,348) size 24x12
              text run at (0,348) width 24: "===="
            RenderBR {BR} at (24,357) size 0x0
            RenderText {#text} at (0,360) size 24x12
              text run at (0,360) width 24: ">>>>"
            RenderBR {BR} at (24,369) size 0x0
            RenderText {#text} at (0,372) size 24x12
              text run at (0,372) width 24: "????"
            RenderBR {BR} at (24,381) size 0x0
            RenderText {#text} at (0,384) size 24x12
              text run at (0,384) width 24: "@@@@"
            RenderBR {BR} at (24,393) size 0x0
            RenderText {#text} at (0,396) size 24x12
              text run at (0,396) width 24: "AAAA"
            RenderBR {BR} at (24,405) size 0x0
            RenderText {#text} at (0,408) size 24x12
              text run at (0,408) width 24: "BBBB"
            RenderBR {BR} at (24,417) size 0x0
            RenderText {#text} at (0,420) size 24x12
              text run at (0,420) width 24: "CCCC"
            RenderBR {BR} at (24,429) size 0x0
            RenderText {#text} at (0,432) size 24x12
              text run at (0,432) width 24: "DDDD"
            RenderBR {BR} at (24,441) size 0x0
            RenderText {#text} at (0,444) size 24x12
              text run at (0,444) width 24: "EEEE"
            RenderBR {BR} at (24,453) size 0x0
            RenderText {#text} at (0,456) size 24x12
              text run at (0,456) width 24: "FFFF"
            RenderBR {BR} at (24,465) size 0x0
            RenderText {#text} at (0,468) size 24x12
              text run at (0,468) width 24: "GGGG"
            RenderBR {BR} at (24,477) size 0x0
            RenderText {#text} at (0,480) size 24x12
              text run at (0,480) width 24: "HHHH"
            RenderBR {BR} at (24,489) size 0x0
            RenderText {#text} at (0,492) size 24x12
              text run at (0,492) width 24: "IIII"
            RenderBR {BR} at (24,501) size 0x0
            RenderText {#text} at (0,504) size 24x12
              text run at (0,504) width 24: "JJJJ"
            RenderBR {BR} at (24,513) size 0x0
            RenderText {#text} at (0,516) size 24x12
              text run at (0,516) width 24: "KKKK"
            RenderBR {BR} at (24,525) size 0x0
            RenderText {#text} at (0,528) size 24x12
              text run at (0,528) width 24: "LLLL"
            RenderBR {BR} at (24,537) size 0x0
            RenderText {#text} at (0,540) size 24x12
              text run at (0,540) width 24: "MMMM"
            RenderBR {BR} at (24,549) size 0x0
            RenderText {#text} at (0,552) size 24x12
              text run at (0,552) width 24: "NNNN"
            RenderBR {BR} at (24,561) size 0x0
            RenderText {#text} at (0,564) size 24x12
              text run at (0,564) width 24: "OOOO"
            RenderBR {BR} at (24,573) size 0x0
            RenderText {#text} at (0,576) size 24x12
              text run at (0,576) width 24: "PPPP"
            RenderBR {BR} at (24,585) size 0x0
            RenderText {#text} at (0,588) size 24x12
              text run at (0,588) width 24: "QQQQ"
            RenderBR {BR} at (24,597) size 0x0
            RenderText {#text} at (0,600) size 24x12
              text run at (0,600) width 24: "RRRR"
            RenderBR {BR} at (24,609) size 0x0
            RenderText {#text} at (0,612) size 24x12
              text run at (0,612) width 24: "SSSS"
            RenderBR {BR} at (24,621) size 0x0
            RenderText {#text} at (0,624) size 24x12
              text run at (0,624) width 24: "TTTT"
            RenderBR {BR} at (24,633) size 0x0
            RenderText {#text} at (0,636) size 24x12
              text run at (0,636) width 24: "UUUU"
            RenderBR {BR} at (24,645) size 0x0
            RenderText {#text} at (0,648) size 24x12
              text run at (0,648) width 24: "VVVV"
            RenderBR {BR} at (24,657) size 0x0
            RenderText {#text} at (0,660) size 24x12
              text run at (0,660) width 24: "WWWW"
            RenderBR {BR} at (24,669) size 0x0
            RenderText {#text} at (0,672) size 24x12
              text run at (0,672) width 24: "XXXX"
            RenderBR {BR} at (24,681) size 0x0
            RenderText {#text} at (0,684) size 24x12
              text run at (0,684) width 24: "YYYY"
            RenderBR {BR} at (24,693) size 0x0
            RenderText {#text} at (0,696) size 24x12
              text run at (0,696) width 24: "ZZZZ"
            RenderBR {BR} at (24,705) size 0x0
            RenderText {#text} at (0,708) size 24x12
              text run at (0,708) width 24: "[[[["
            RenderBR {BR} at (24,717) size 0x0
            RenderText {#text} at (0,720) size 24x12
              text run at (0,720) width 24: "\\\\\\\\"
            RenderBR {BR} at (24,729) size 0x0
            RenderText {#text} at (0,732) size 24x12
              text run at (0,732) width 24: "]]]]"
            RenderBR {BR} at (24,741) size 0x0
            RenderText {#text} at (0,744) size 24x12
              text run at (0,744) width 24: "^^^^"
            RenderBR {BR} at (24,753) size 0x0
            RenderText {#text} at (0,756) size 24x12
              text run at (0,756) width 24: "____"
            RenderBR {BR} at (24,765) size 0x0
            RenderText {#text} at (0,768) size 24x12
              text run at (0,768) width 24: "````"
            RenderBR {BR} at (24,777) size 0x0
            RenderText {#text} at (0,780) size 24x12
              text run at (0,780) width 24: "aaaa"
            RenderBR {BR} at (24,789) size 0x0
            RenderText {#text} at (0,792) size 24x12
              text run at (0,792) width 24: "bbbb"
            RenderBR {BR} at (24,801) size 0x0
            RenderText {#text} at (0,804) size 24x12
              text run at (0,804) width 24: "cccc"
            RenderBR {BR} at (24,813) size 0x0
            RenderText {#text} at (0,816) size 24x12
              text run at (0,816) width 24: "dddd"
            RenderBR {BR} at (24,825) size 0x0
            RenderText {#text} at (0,828) size 24x12
              text run at (0,828) width 24: "eeee"
            RenderBR {BR} at (24,837) size 0x0
            RenderText {#text} at (0,840) size 24x12
              text run at (0,840) width 24: "ffff"
            RenderBR {BR} at (24,849) size 0x0
            RenderText {#text} at (0,852) size 24x12
              text run at (0,852) width 24: "gggg"
            RenderBR {BR} at (24,861) size 0x0
            RenderText {#text} at (0,864) size 24x12
              text run at (0,864) width 24: "hhhh"
            RenderBR {BR} at (24,873) size 0x0
            RenderText {#text} at (0,876) size 24x12
              text run at (0,876) width 24: "iiii"
            RenderBR {BR} at (24,885) size 0x0
            RenderText {#text} at (0,888) size 24x12
              text run at (0,888) width 24: "jjjj"
            RenderBR {BR} at (24,897) size 0x0
            RenderText {#text} at (0,900) size 24x12
              text run at (0,900) width 24: "kkkk"
            RenderBR {BR} at (24,909) size 0x0
            RenderText {#text} at (0,912) size 24x12
              text run at (0,912) width 24: "llll"
            RenderBR {BR} at (24,921) size 0x0
            RenderText {#text} at (0,924) size 24x12
              text run at (0,924) width 24: "mmmm"
            RenderBR {BR} at (24,933) size 0x0
            RenderText {#text} at (0,936) size 24x12
              text run at (0,936) width 24: "nnnn"
            RenderBR {BR} at (24,945) size 0x0
            RenderText {#text} at (0,948) size 24x12
              text run at (0,948) width 24: "oooo"
            RenderBR {BR} at (24,957) size 0x0
            RenderText {#text} at (0,960) size 24x12
              text run at (0,960) width 24: "pppp"
            RenderBR {BR} at (24,969) size 0x0
            RenderText {#text} at (0,972) size 24x12
              text run at (0,972) width 24: "qqqq"
            RenderBR {BR} at (24,981) size 0x0
            RenderText {#text} at (0,984) size 24x12
              text run at (0,984) width 24: "rrrr"
            RenderBR {BR} at (24,993) size 0x0
            RenderText {#text} at (0,996) size 24x12
              text run at (0,996) width 24: "ssss"
            RenderBR {BR} at (24,1005) size 0x0
            RenderText {#text} at (0,1008) size 24x12
              text run at (0,1008) width 24: "tttt"
            RenderBR {BR} at (24,1017) size 0x0
            RenderText {#text} at (0,1020) size 24x12
              text run at (0,1020) width 24: "uuuu"
            RenderBR {BR} at (24,1029) size 0x0
            RenderText {#text} at (0,1032) size 24x12
              text run at (0,1032) width 24: "vvvv"
            RenderBR {BR} at (24,1041) size 0x0
            RenderText {#text} at (0,1044) size 24x12
              text run at (0,1044) width 24: "wwww"
            RenderBR {BR} at (24,1053) size 0x0
            RenderText {#text} at (0,1056) size 24x12
              text run at (0,1056) width 24: "xxxx"
            RenderBR {BR} at (24,1065) size 0x0
            RenderText {#text} at (0,1068) size 24x12
              text run at (0,1068) width 24: "yyyy"
            RenderBR {BR} at (24,1077) size 0x0
            RenderText {#text} at (0,1080) size 24x12
              text run at (0,1080) width 24: "zzzz"
            RenderBR {BR} at (24,1089) size 0x0
            RenderText {#text} at (0,1092) size 24x12
              text run at (0,1092) width 24: "{{{{"
            RenderBR {BR} at (24,1101) size 0x0
            RenderText {#text} at (0,1104) size 24x12
              text run at (0,1104) width 24: "||||"
            RenderBR {BR} at (24,1113) size 0x0
            RenderText {#text} at (0,1116) size 24x12
              text run at (0,1116) width 24: "}}}}"
            RenderBR {BR} at (24,1125) size 0x0
          RenderText {#text} at (0,0) size 0x0
      RenderBlock {P} at (0,2538) size 784x1128
        RenderInline {FONT} at (0,0) size 24x1128
          RenderText {#text} at (0,0) size 0x0
          RenderInline {I} at (0,0) size 24x1128
            RenderText {#text} at (0,0) size 24x12
              text run at (0,0) width 24: "    "
            RenderBR {BR} at (24,9) size 0x0
            RenderText {#text} at (0,12) size 24x12
              text run at (0,12) width 24: "!!!!"
            RenderBR {BR} at (24,21) size 0x0
            RenderText {#text} at (0,24) size 24x12
              text run at (0,24) width 24: "\"\"\"\""
            RenderBR {BR} at (24,33) size 0x0
            RenderText {#text} at (0,36) size 24x12
              text run at (0,36) width 24: "####"
            RenderBR {BR} at (24,45) size 0x0
            RenderText {#text} at (0,48) size 24x12
              text run at (0,48) width 24: "$$$$"
            RenderBR {BR} at (24,57) size 0x0
            RenderText {#text} at (0,60) size 24x12
              text run at (0,60) width 24: "%%%%"
            RenderBR {BR} at (24,69) size 0x0
            RenderText {#text} at (0,72) size 24x12
              text run at (0,72) width 24: "&&&&"
            RenderBR {BR} at (24,81) size 0x0
            RenderText {#text} at (0,84) size 24x12
              text run at (0,84) width 24: "''''"
            RenderBR {BR} at (24,93) size 0x0
            RenderText {#text} at (0,96) size 24x12
              text run at (0,96) width 24: "(((("
            RenderBR {BR} at (24,105) size 0x0
            RenderText {#text} at (0,108) size 24x12
              text run at (0,108) width 24: "))))"
            RenderBR {BR} at (24,117) size 0x0
            RenderText {#text} at (0,120) size 24x12
              text run at (0,120) width 24: "****"
            RenderBR {BR} at (24,129) size 0x0
            RenderText {#text} at (0,132) size 24x12
              text run at (0,132) width 24: "++++"
            RenderBR {BR} at (24,141) size 0x0
            RenderText {#text} at (0,144) size 24x12
              text run at (0,144) width 24: ",,,,"
            RenderBR {BR} at (24,153) size 0x0
            RenderText {#text} at (0,156) size 24x12
              text run at (0,156) width 24: "----"
            RenderBR {BR} at (24,165) size 0x0
            RenderText {#text} at (0,168) size 24x12
              text run at (0,168) width 24: "...."
            RenderBR {BR} at (24,177) size 0x0
            RenderText {#text} at (0,180) size 24x12
              text run at (0,180) width 24: "////"
            RenderBR {BR} at (24,189) size 0x0
            RenderText {#text} at (0,192) size 24x12
              text run at (0,192) width 24: "0000"
            RenderBR {BR} at (24,201) size 0x0
            RenderText {#text} at (0,204) size 24x12
              text run at (0,204) width 24: "1111"
            RenderBR {BR} at (24,213) size 0x0
            RenderText {#text} at (0,216) size 24x12
              text run at (0,216) width 24: "2222"
            RenderBR {BR} at (24,225) size 0x0
            RenderText {#text} at (0,228) size 24x12
              text run at (0,228) width 24: "3333"
            RenderBR {BR} at (24,237) size 0x0
            RenderText {#text} at (0,240) size 24x12
              text run at (0,240) width 24: "4444"
            RenderBR {BR} at (24,249) size 0x0
            RenderText {#text} at (0,252) size 24x12
              text run at (0,252) width 24: "5555"
            RenderBR {BR} at (24,261) size 0x0
            RenderText {#text} at (0,264) size 24x12
              text run at (0,264) width 24: "6666"
            RenderBR {BR} at (24,273) size 0x0
            RenderText {#text} at (0,276) size 24x12
              text run at (0,276) width 24: "7777"
            RenderBR {BR} at (24,285) size 0x0
            RenderText {#text} at (0,288) size 24x12
              text run at (0,288) width 24: "8888"
            RenderBR {BR} at (24,297) size 0x0
            RenderText {#text} at (0,300) size 24x12
              text run at (0,300) width 24: "9999"
            RenderBR {BR} at (24,309) size 0x0
            RenderText {#text} at (0,312) size 24x12
              text run at (0,312) width 24: "::::"
            RenderBR {BR} at (24,321) size 0x0
            RenderText {#text} at (0,324) size 24x12
              text run at (0,324) width 24: ";;;;"
            RenderBR {BR} at (24,333) size 0x0
            RenderText {#text} at (0,336) size 24x12
              text run at (0,336) width 24: "<<<<"
            RenderBR {BR} at (24,345) size 0x0
            RenderText {#text} at (0,348) size 24x12
              text run at (0,348) width 24: "===="
            RenderBR {BR} at (24,357) size 0x0
            RenderText {#text} at (0,360) size 24x12
              text run at (0,360) width 24: ">>>>"
            RenderBR {BR} at (24,369) size 0x0
            RenderText {#text} at (0,372) size 24x12
              text run at (0,372) width 24: "????"
            RenderBR {BR} at (24,381) size 0x0
            RenderText {#text} at (0,384) size 24x12
              text run at (0,384) width 24: "@@@@"
            RenderBR {BR} at (24,393) size 0x0
            RenderText {#text} at (0,396) size 24x12
              text run at (0,396) width 24: "AAAA"
            RenderBR {BR} at (24,405) size 0x0
            RenderText {#text} at (0,408) size 24x12
              text run at (0,408) width 24: "BBBB"
            RenderBR {BR} at (24,417) size 0x0
            RenderText {#text} at (0,420) size 24x12
              text run at (0,420) width 24: "CCCC"
            RenderBR {BR} at (24,429) size 0x0
            RenderText {#text} at (0,432) size 24x12
              text run at (0,432) width 24: "DDDD"
            RenderBR {BR} at (24,441) size 0x0
            RenderText {#text} at (0,444) size 24x12
              text run at (0,444) width 24: "EEEE"
            RenderBR {BR} at (24,453) size 0x0
            RenderText {#text} at (0,456) size 24x12
              text run at (0,456) width 24: "FFFF"
            RenderBR {BR} at (24,465) size 0x0
            RenderText {#text} at (0,468) size 24x12
              text run at (0,468) width 24: "GGGG"
            RenderBR {BR} at (24,477) size 0x0
            RenderText {#text} at (0,480) size 24x12
              text run at (0,480) width 24: "HHHH"
            RenderBR {BR} at (24,489) size 0x0
            RenderText {#text} at (0,492) size 24x12
              text run at (0,492) width 24: "IIII"
            RenderBR {BR} at (24,501) size 0x0
            RenderText {#text} at (0,504) size 24x12
              text run at (0,504) width 24: "JJJJ"
            RenderBR {BR} at (24,513) size 0x0
            RenderText {#text} at (0,516) size 24x12
              text run at (0,516) width 24: "KKKK"
            RenderBR {BR} at (24,525) size 0x0
            RenderText {#text} at (0,528) size 24x12
              text run at (0,528) width 24: "LLLL"
            RenderBR {BR} at (24,537) size 0x0
            RenderText {#text} at (0,540) size 24x12
              text run at (0,540) width 24: "MMMM"
            RenderBR {BR} at (24,549) size 0x0
            RenderText {#text} at (0,552) size 24x12
              text run at (0,552) width 24: "NNNN"
            RenderBR {BR} at (24,561) size 0x0
            RenderText {#text} at (0,564) size 24x12
              text run at (0,564) width 24: "OOOO"
            RenderBR {BR} at (24,573) size 0x0
            RenderText {#text} at (0,576) size 24x12
              text run at (0,576) width 24: "PPPP"
            RenderBR {BR} at (24,585) size 0x0
            RenderText {#text} at (0,588) size 24x12
              text run at (0,588) width 24: "QQQQ"
            RenderBR {BR} at (24,597) size 0x0
            RenderText {#text} at (0,600) size 24x12
              text run at (0,600) width 24: "RRRR"
            RenderBR {BR} at (24,609) size 0x0
            RenderText {#text} at (0,612) size 24x12
              text run at (0,612) width 24: "SSSS"
            RenderBR {BR} at (24,621) size 0x0
            RenderText {#text} at (0,624) size 24x12
              text run at (0,624) width 24: "TTTT"
            RenderBR {BR} at (24,633) size 0x0
            RenderText {#text} at (0,636) size 24x12
              text run at (0,636) width 24: "UUUU"
            RenderBR {BR} at (24,645) size 0x0
            RenderText {#text} at (0,648) size 24x12
              text run at (0,648) width 24: "VVVV"
            RenderBR {BR} at (24,657) size 0x0
            RenderText {#text} at (0,660) size 24x12
              text run at (0,660) width 24: "WWWW"
            RenderBR {BR} at (24,669) size 0x0
            RenderText {#text} at (0,672) size 24x12
              text run at (0,672) width 24: "XXXX"
            RenderBR {BR} at (24,681) size 0x0
            RenderText {#text} at (0,684) size 24x12
              text run at (0,684) width 24: "YYYY"
            RenderBR {BR} at (24,693) size 0x0
            RenderText {#text} at (0,696) size 24x12
              text run at (0,696) width 24: "ZZZZ"
            RenderBR {BR} at (24,705) size 0x0
            RenderText {#text} at (0,708) size 24x12
              text run at (0,708) width 24: "[[[["
            RenderBR {BR} at (24,717) size 0x0
            RenderText {#text} at (0,720) size 24x12
              text run at (0,720) width 24: "\\\\\\\\"
            RenderBR {BR} at (24,729) size 0x0
            RenderText {#text} at (0,732) size 24x12
              text run at (0,732) width 24: "]]]]"
            RenderBR {BR} at (24,741) size 0x0
            RenderText {#text} at (0,744) size 24x12
              text run at (0,744) width 24: "^^^^"
            RenderBR {BR} at (24,753) size 0x0
            RenderText {#text} at (0,756) size 24x12
              text run at (0,756) width 24: "____"
            RenderBR {BR} at (24,765) size 0x0
            RenderText {#text} at (0,768) size 24x12
              text run at (0,768) width 24: "````"
            RenderBR {BR} at (24,777) size 0x0
            RenderText {#text} at (0,780) size 24x12
              text run at (0,780) width 24: "aaaa"
            RenderBR {BR} at (24,789) size 0x0
            RenderText {#text} at (0,792) size 24x12
              text run at (0,792) width 24: "bbbb"
            RenderBR {BR} at (24,801) size 0x0
            RenderText {#text} at (0,804) size 24x12
              text run at (0,804) width 24: "cccc"
            RenderBR {BR} at (24,813) size 0x0
            RenderText {#text} at (0,816) size 24x12
              text run at (0,816) width 24: "dddd"
            RenderBR {BR} at (24,825) size 0x0
            RenderText {#text} at (0,828) size 24x12
              text run at (0,828) width 24: "eeee"
            RenderBR {BR} at (24,837) size 0x0
            RenderText {#text} at (0,840) size 24x12
              text run at (0,840) width 24: "ffff"
            RenderBR {BR} at (24,849) size 0x0
            RenderText {#text} at (0,852) size 24x12
              text run at (0,852) width 24: "gggg"
            RenderBR {BR} at (24,861) size 0x0
            RenderText {#text} at (0,864) size 24x12
              text run at (0,864) width 24: "hhhh"
            RenderBR {BR} at (24,873) size 0x0
            RenderText {#text} at (0,876) size 24x12
              text run at (0,876) width 24: "iiii"
            RenderBR {BR} at (24,885) size 0x0
            RenderText {#text} at (0,888) size 24x12
              text run at (0,888) width 24: "jjjj"
            RenderBR {BR} at (24,897) size 0x0
            RenderText {#text} at (0,900) size 24x12
              text run at (0,900) width 24: "kkkk"
            RenderBR {BR} at (24,909) size 0x0
            RenderText {#text} at (0,912) size 24x12
              text run at (0,912) width 24: "llll"
            RenderBR {BR} at (24,921) size 0x0
            RenderText {#text} at (0,924) size 24x12
              text run at (0,924) width 24: "mmmm"
            RenderBR {BR} at (24,933) size 0x0
            RenderText {#text} at (0,936) size 24x12
              text run at (0,936) width 24: "nnnn"
            RenderBR {BR} at (24,945) size 0x0
            RenderText {#text} at (0,948) size 24x12
              text run at (0,948) width 24: "oooo"
            RenderBR {BR} at (24,957) size 0x0
            RenderText {#text} at (0,960) size 24x12
              text run at (0,960) width 24: "pppp"
            RenderBR {BR} at (24,969) size 0x0
            RenderText {#text} at (0,972) size 24x12
              text run at (0,972) width 24: "qqqq"
            RenderBR {BR} at (24,981) size 0x0
            RenderText {#text} at (0,984) size 24x12
              text run at (0,984) width 24: "rrrr"
            RenderBR {BR} at (24,993) size 0x0
            RenderText {#text} at (0,996) size 24x12
              text run at (0,996) width 24: "ssss"
            RenderBR {BR} at (24,1005) size 0x0
            RenderText {#text} at (0,1008) size 24x12
              text run at (0,1008) width 24: "tttt"
            RenderBR {BR} at (24,1017) size 0x0
            RenderText {#text} at (0,1020) size 24x12
              text run at (0,1020) width 24: "uuuu"
            RenderBR {BR} at (24,1029) size 0x0
            RenderText {#text} at (0,1032) size 24x12
              text run at (0,1032) width 24: "vvvv"
            RenderBR {BR} at (24,1041) size 0x0
            RenderText {#text} at (0,1044) size 24x12
              text run at (0,1044) width 24: "wwww"
            RenderBR {BR} at (24,1053) size 0x0
            RenderText {#text} at (0,1056) size 24x12
              text run at (0,1056) width 24: "xxxx"
            RenderBR {BR} at (24,1065) size 0x0
            RenderText {#text} at (0,1068) size 24x12
              text run at (0,1068) width 24: "yyyy"
            RenderBR {BR} at (24,1077) size 0x0
            RenderText {#text} at (0,1080) size 24x12
              text run at (0,1080) width 24: "zzzz"
            RenderBR {BR} at (24,1089) size 0x0
            RenderText {#text} at (0,1092) size 24x12
              text run at (0,1092) width 24: "{{{{"
            RenderBR {BR} at (24,1101) size 0x0
            RenderText {#text} at (0,1104) size 24x12
              text run at (0,1104) width 24: "||||"
            RenderBR {BR} at (24,1113) size 0x0
            RenderText {#text} at (0,1116) size 24x12
              text run at (0,1116) width 24: "}}}}"
            RenderBR {BR} at (24,1125) size 0x0
          RenderText {#text} at (0,0) size 0x0
        RenderText {#text} at (0,0) size 0x0
