layer at (0,0) size 980x1205
  RenderView at (0,0) size 980x735
layer at (0,0) size 980x1205
  RenderBlock {HTML} at (0,0) size 980x1205
    RenderBody {BODY} at (8,8) size 964x1189 [color=#00FF00] [bgcolor=#333333]
      RenderBlock {H1} at (0,0) size 964x30
        RenderText {#text} at (0,0) size 525x30
          text run at (0,0) width 525: "CSS2 Table Backgrounds Test Suite"
      RenderBlock {H2} at (0,47) size 964x23
        RenderText {#text} at (0,0) size 374x24
          text run at (0,0) width 374: "Part D: Background with Borders"
      RenderBlock {H3} at (0,86) size 964x17
        RenderText {#text} at (0,0) size 185x18
          text run at (0,0) width 185: "Background on 'table'"
      RenderBlock {P} at (0,118) size 964x15
        RenderText {#text} at (0,0) size 529x15
          text run at (0,0) width 529: "There should be three aqua stripes just inside the bottom and right table borders."
      RenderBlock {DL} at (0,146) size 964x90
        RenderBlock {DT} at (0,0) size 964x15
          RenderText {#text} at (0,0) size 29x15
            text run at (0,0) width 29: "next"
        RenderBlock {DD} at (40,15) size 924x15
          RenderInline {A} at (0,0) size 384x15 [color=#FFFF00]
            RenderText {#text} at (0,0) size 384x15
              text run at (0,0) width 384: "Background with Borders: Background on 'table-row-group'"
          RenderText {#text} at (0,0) size 0x0
        RenderBlock {DT} at (0,30) size 964x15
          RenderText {#text} at (0,0) size 56x15
            text run at (0,0) width 56: "previous"
        RenderBlock {DD} at (40,45) size 924x15
          RenderInline {A} at (0,0) size 341x15 [color=#FFFF00]
            RenderText {#text} at (0,0) size 341x15
              text run at (0,0) width 341: "Background with Borders: Background on 'table-cell'"
          RenderText {#text} at (0,0) size 0x0
        RenderBlock {DT} at (0,60) size 964x15
          RenderText {#text} at (0,0) size 56x15
            text run at (0,0) width 56: "contents"
        RenderBlock {DD} at (40,75) size 924x15
          RenderInline {A} at (0,0) size 115x15 [color=#FFFF00]
            RenderText {#text} at (0,0) size 115x15
              text run at (0,0) width 115: "Table of Contents"
          RenderText {#text} at (0,0) size 0x0
      RenderTable {TABLE} at (0,249) size 626x472 [color=#FFFFFF] [bgcolor=#000000] [border: (5px dotted #FFFFFF)]
        RenderBlock {CAPTION} at (0,0) size 626x22
          RenderText {#text} at (138,0) size 350x22
            text run at (138,0) width 350: "With 'border-collapse: separate'"
        RenderTableCol {COLGROUP} at (0,0) size 0x0
          RenderTableCol {COL} at (0,0) size 0x0
          RenderTableCol {COL} at (0,0) size 0x0
          RenderTableCol {COL} at (0,0) size 0x0
        RenderTableCol {COLGROUP} at (0,0) size 0x0
          RenderTableCol {COL} at (0,0) size 0x0
        RenderTableSection {THEAD} at (5,27) size 616x110
          RenderTableRow {TR} at (0,7) size 616x96
            RenderTableCell {TH} at (7,42) size 130x26 [border: (1px dotted #FFFFFF)] [r=0 c=0 rs=1 cs=1]
              RenderText {#text} at (39,2) size 52x22
                text run at (39,2) width 52: "TH A"
            RenderTableCell {TH} at (144,30) size 220x50 [border: (13px dotted #FFFFFF)] [r=0 c=1 rs=1 cs=1]
              RenderText {#text} at (85,14) size 50x22
                text run at (85,14) width 50: "TH B"
            RenderTableCell {TH} at (371,42) size 118x26 [border: (1px dotted #FFFFFF)] [r=0 c=2 rs=1 cs=1]
              RenderText {#text} at (34,2) size 50x22
                text run at (34,2) width 50: "TH C"
            RenderTableCell {TH} at (496,42) size 113x26 [border: (1px dotted #FFFFFF)] [r=0 c=3 rs=1 cs=1]
              RenderText {#text} at (30,2) size 53x22
                text run at (30,2) width 53: "TH D"
        RenderTableSection {TBODY} at (5,137) size 616x205
          RenderTableRow {TR} at (0,7) size 616x104
            RenderTableCell {TD} at (7,77) size 130x50 [border: (13px dotted #FFFFFF)] [r=0 c=0 rs=2 cs=1]
              RenderText {#text} at (14,14) size 49x22
                text run at (14,14) width 49: "TD E"
            RenderTableCell {TD} at (144,46) size 220x26 [border: (1px dotted #FFFFFF)] [r=0 c=1 rs=1 cs=1]
              RenderText {#text} at (2,2) size 49x22
                text run at (2,2) width 49: "TD F"
            RenderTableCell {TD} at (371,46) size 118x26 [border: (1px dotted #FFFFFF)] [r=0 c=2 rs=1 cs=1]
              RenderText {#text} at (2,2) size 52x22
                text run at (2,2) width 52: "TD G"
            RenderTableCell {TD} at (496,46) size 113x26 [border: (1px dotted #FFFFFF)] [r=0 c=3 rs=1 cs=1]
              RenderText {#text} at (2,2) size 52x22
                text run at (2,2) width 52: "TD H"
          RenderTableRow {TR} at (0,118) size 616x80
            RenderTableCell {TD} at (144,145) size 220x26 [border: (1px dotted #FFFFFF)] [r=1 c=1 rs=1 cs=1]
              RenderText {#text} at (2,2) size 43x22
                text run at (2,2) width 43: "TD J"
            RenderTableCell {TD} at (371,145) size 118x26 [border: (1px dotted #FFFFFF)] [r=1 c=2 rs=1 cs=1]
              RenderText {#text} at (2,2) size 51x22
                text run at (2,2) width 51: "TD K"
            RenderTableCell {TD} at (496,145) size 113x26 [border: (1px dotted #FFFFFF)] [r=1 c=3 rs=1 cs=1]
              RenderText {#text} at (2,2) size 48x22
                text run at (2,2) width 48: "TD L"
        RenderTableSection {TFOOT} at (5,342) size 616x125
          RenderTableRow {TR} at (0,7) size 616x111
            RenderTableCell {TD} at (7,49) size 357x26 [border: (1px dotted #FFFFFF)] [r=0 c=0 rs=1 cs=2]
              RenderText {#text} at (2,2) size 55x22
                text run at (2,2) width 55: "TD M"
            RenderTableCell {TD} at (371,49) size 118x26 [border: (1px dotted #FFFFFF)] [r=0 c=2 rs=1 cs=1]
              RenderText {#text} at (2,2) size 52x22
                text run at (2,2) width 52: "TD O"
            RenderTableCell {TD} at (496,49) size 113x26 [border: (1px dotted #FFFFFF)] [r=0 c=3 rs=1 cs=1]
              RenderText {#text} at (2,2) size 50x22
                text run at (2,2) width 50: "TD P"
      RenderTable {TABLE} at (0,721) size 586x422 [color=#FFFFFF] [bgcolor=#000000] [border: (6px dotted #FFFFFF)]
        RenderBlock {CAPTION} at (0,0) size 586x22
          RenderText {#text} at (121,0) size 344x22
            text run at (121,0) width 344: "With 'border-collapse: collapse'"
        RenderTableCol {COLGROUP} at (0,0) size 0x0
          RenderTableCol {COL} at (0,0) size 0x0
          RenderTableCol {COL} at (0,0) size 0x0
          RenderTableCol {COL} at (0,0) size 0x0
        RenderTableCol {COLGROUP} at (0,0) size 0x0
          RenderTableCol {COL} at (0,0) size 0x0
        RenderTableSection {THEAD} at (2,28) size 581x96
          RenderTableRow {TR} at (0,0) size 581x96
            RenderTableCell {TH} at (0,31) size 137x33 [border: (3px dotted #FFFFFF)] [r=0 c=0 rs=1 cs=1]
              RenderText {#text} at (41,4) size 52x22
                text run at (41,4) width 52: "TH A"
            RenderTableCell {TH} at (137,29) size 207x37 [border: (7px dotted #FFFFFF)] [r=0 c=1 rs=1 cs=1]
              RenderText {#text} at (79,8) size 50x22
                text run at (79,8) width 50: "TH B"
            RenderTableCell {TH} at (344,34) size 123x27 [border: (3px dotted #FFFFFF)] [r=0 c=2 rs=1 cs=1]
              RenderText {#text} at (40,4) size 50x22
                text run at (40,4) width 50: "TH C"
            RenderTableCell {TH} at (467,34) size 114x27 [border: (3px dotted #FFFFFF)] [r=0 c=3 rs=1 cs=1]
              RenderText {#text} at (30,4) size 53x22
                text run at (30,4) width 53: "TH D"
        RenderTableSection {TFOOT} at (2,308) size 581x111
          RenderTableRow {TR} at (0,0) size 581x111
            RenderTableCell {TD} at (0,39) size 344x33 [border: (7px dotted #FFFFFF)] [r=0 c=0 rs=1 cs=2]
              RenderText {#text} at (4,8) size 55x22
                text run at (4,8) width 55: "TD M"
            RenderTableCell {TD} at (344,42) size 123x27 [border: (1px dotted #FFFFFF)] [r=0 c=2 rs=1 cs=1]
              RenderText {#text} at (2,2) size 52x22
                text run at (2,2) width 52: "TD O"
            RenderTableCell {TD} at (467,42) size 114x27 [border: (1px dotted #FFFFFF)] [r=0 c=3 rs=1 cs=1]
              RenderText {#text} at (2,2) size 50x22
                text run at (2,2) width 50: "TD P"
        RenderTableSection {TBODY} at (2,124) size 581x184
          RenderTableRow {TR} at (0,0) size 581x104
            RenderTableCell {TD} at (0,73) size 137x37 [border: (7px dotted #FFFFFF)] [r=0 c=0 rs=2 cs=1]
              RenderText {#text} at (8,8) size 49x22
                text run at (8,8) width 49: "TD E"
            RenderTableCell {TD} at (137,36) size 207x31 [border: (7px dotted #FFFFFF)] [r=0 c=1 rs=1 cs=1]
              RenderText {#text} at (8,8) size 49x22
                text run at (8,8) width 49: "TD F"
            RenderTableCell {TD} at (344,39) size 123x25 [border: (1px dotted #FFFFFF)] [r=0 c=2 rs=1 cs=1]
              RenderText {#text} at (2,2) size 52x22
                text run at (2,2) width 52: "TD G"
            RenderTableCell {TD} at (467,39) size 114x25 [border: (1px dotted #FFFFFF)] [r=0 c=3 rs=1 cs=1]
              RenderText {#text} at (2,2) size 52x22
                text run at (2,2) width 52: "TD H"
          RenderTableRow {TR} at (0,104) size 581x80
            RenderTableCell {TD} at (137,131) size 207x25 [border: (1px dotted #FFFFFF)] [r=1 c=1 rs=1 cs=1]
              RenderText {#text} at (8,2) size 43x22
                text run at (8,2) width 43: "TD J"
            RenderTableCell {TD} at (344,131) size 123x25 [border: (1px dotted #FFFFFF)] [r=1 c=2 rs=1 cs=1]
              RenderText {#text} at (2,2) size 51x22
                text run at (2,2) width 51: "TD K"
            RenderTableCell {TD} at (467,131) size 114x25 [border: (1px dotted #FFFFFF)] [r=1 c=3 rs=1 cs=1]
              RenderText {#text} at (2,2) size 48x22
                text run at (2,2) width 48: "TD L"
      RenderBlock {DIV} at (0,1143) size 964x31
        RenderInline {A} at (0,0) size 88x15 [color=#FFFF00]
          RenderImage {IMG} at (0,0) size 88x31
        RenderText {#text} at (0,0) size 0x0
      RenderBlock {ADDRESS} at (0,1174) size 964x15
        RenderText {#text} at (0,0) size 618x15
          text run at (0,0) width 618: "CSS2 Table Backgrounds Test Suite designed and written by fantasai <fantasai@escape.com>"
