layer at (0,0) size 980x1400
  RenderView at (0,0) size 980x735
layer at (0,0) size 980x1400
  RenderBlock {HTML} at (0,0) size 980x1400
    RenderBody {BODY} at (8,17) size 964x1375 [color=#00FF00] [bgcolor=#333333]
      RenderBlock {H1} at (0,0) size 964x30
        RenderText {#text} at (0,0) size 525x30
          text run at (0,0) width 525: "CSS2 Table Backgrounds Test Suite"
      RenderBlock {H2} at (0,47) size 964x23
        RenderText {#text} at (0,0) size 374x24
          text run at (0,0) width 374: "Part D: Background with Borders"
      RenderBlock {H3} at (0,86) size 964x17
        RenderText {#text} at (0,0) size 222x18
          text run at (0,0) width 222: "Background on 'table-row'"
      RenderBlock {P} at (0,118) size 964x15
        RenderText {#text} at (0,0) size 145x15
          text run at (0,0) width 145: "Three rows are styled."
      RenderBlock {P} at (0,146) size 964x30
        RenderText {#text} at (0,0) size 963x30
          text run at (0,0) width 963: "The first row should have three aqua stripes just inside the bottom and right padding edges of its last cell. The bottom three stripes should continue"
          text run at (0,15) width 941: "across the row, appearing along the bottom of cells A, B, and C. (The bottom aqua stripe will be obscured by the thicker bottom border in cell B.)"
      RenderBlock {P} at (0,189) size 964x30
        RenderText {#text} at (0,0) size 948x30
          text run at (0,0) width 948: "The second row should have three vertical aqua stripes a few pixels to the right of the left padding edge. Three horizontal aqua stripes should cut"
          text run at (0,15) width 448: "across the first cell and align along the bottom border edge of cell G."
      RenderBlock {P} at (0,232) size 964x30
        RenderText {#text} at (0,0) size 940x30
          text run at (0,0) width 940: "The third row should have three horizontal aqua stripes along the top of the last three cells, aligning along cell K's top padding edge. The stripes"
          text run at (0,15) width 180: "will not continue into cell E."
      RenderBlock {DL} at (0,275) size 964x90
        RenderBlock {DT} at (0,0) size 964x15
          RenderText {#text} at (0,0) size 29x15
            text run at (0,0) width 29: "next"
        RenderBlock {DD} at (40,15) size 924x15
          RenderInline {A} at (0,0) size 366x15 [color=#FFFF00]
            RenderText {#text} at (0,0) size 366x15
              text run at (0,0) width 366: "Background with Borders: Background on 'table-column'"
          RenderText {#text} at (0,0) size 0x0
        RenderBlock {DT} at (0,30) size 964x15
          RenderText {#text} at (0,0) size 56x15
            text run at (0,0) width 56: "previous"
        RenderBlock {DD} at (40,45) size 924x15
          RenderInline {A} at (0,0) size 408x15 [color=#FFFF00]
            RenderText {#text} at (0,0) size 408x15
              text run at (0,0) width 408: "Background with Borders: Background on 'table-column-group'"
          RenderText {#text} at (0,0) size 0x0
        RenderBlock {DT} at (0,60) size 964x15
          RenderText {#text} at (0,0) size 56x15
            text run at (0,0) width 56: "contents"
        RenderBlock {DD} at (40,75) size 924x15
          RenderInline {A} at (0,0) size 115x15 [color=#FFFF00]
            RenderText {#text} at (0,0) size 115x15
              text run at (0,0) width 115: "Table of Contents"
          RenderText {#text} at (0,0) size 0x0
      RenderTable {TABLE} at (0,378) size 630x492 [color=#FFFFFF] [border: (3px dotted #FFFFFF)]
        RenderBlock {CAPTION} at (0,0) size 630x22
          RenderText {#text} at (140,0) size 350x22
            text run at (140,0) width 350: "With 'border-collapse: separate'"
        RenderTableCol {COLGROUP} at (0,0) size 0x0
          RenderTableCol {COL} at (0,0) size 0x0
          RenderTableCol {COL} at (0,0) size 0x0
          RenderTableCol {COL} at (0,0) size 0x0
        RenderTableCol {COLGROUP} at (0,0) size 0x0
          RenderTableCol {COL} at (0,0) size 0x0
        RenderTableSection {THEAD} at (3,25) size 624x122
          RenderTableRow {TR} at (0,7) size 624x108 [bgcolor=#000000] [border: (5px dashed #FFFFFF)]
            RenderTableCell {TH} at (7,48) size 130x26 [border: (1px dotted #FFFFFF)] [r=0 c=0 rs=1 cs=1]
              RenderText {#text} at (39,2) size 52x22
                text run at (39,2) width 52: "TH A"
            RenderTableCell {TH} at (144,36) size 220x50 [border: (13px dotted #FFFFFF)] [r=0 c=1 rs=1 cs=1]
              RenderText {#text} at (85,14) size 50x22
                text run at (85,14) width 50: "TH B"
            RenderTableCell {TH} at (371,48) size 118x26 [border: (1px dotted #FFFFFF)] [r=0 c=2 rs=1 cs=1]
              RenderText {#text} at (34,2) size 50x22
                text run at (34,2) width 50: "TH C"
            RenderTableCell {TH} at (496,44) size 121x34 [border: (5px dashed #FFFFFF)] [r=0 c=3 rs=1 cs=1]
              RenderText {#text} at (34,6) size 53x22
                text run at (34,6) width 53: "TH D"
        RenderTableSection {TFOOT} at (3,360) size 624x129
          RenderTableRow {TR} at (0,7) size 624x115
            RenderTableCell {TD} at (7,51) size 357x26 [border: (1px dotted #FFFFFF)] [r=0 c=0 rs=1 cs=2]
              RenderText {#text} at (2,2) size 55x22
                text run at (2,2) width 55: "TD M"
            RenderTableCell {TD} at (371,51) size 118x26 [border: (1px dotted #FFFFFF)] [r=0 c=2 rs=1 cs=1]
              RenderText {#text} at (2,2) size 52x22
                text run at (2,2) width 52: "TD O"
            RenderTableCell {TD} at (496,51) size 121x26 [border: (1px dotted #FFFFFF)] [r=0 c=3 rs=1 cs=1]
              RenderText {#text} at (2,2) size 50x22
                text run at (2,2) width 50: "TD P"
        RenderTableSection {TBODY} at (3,147) size 624x213
          RenderTableRow {TR} at (0,7) size 624x108 [bgcolor=#000000] [border: (9px dashed #FFFFFF)]
            RenderTableCell {TD} at (7,81) size 130x50 [border: (13px dotted #FFFFFF)] [r=0 c=0 rs=2 cs=1]
              RenderText {#text} at (14,14) size 49x22
                text run at (14,14) width 49: "TD E"
            RenderTableCell {TD} at (144,48) size 220x26 [border: (1px dotted #FFFFFF)] [r=0 c=1 rs=1 cs=1]
              RenderText {#text} at (2,2) size 49x22
                text run at (2,2) width 49: "TD F"
            RenderTableCell {TD} at (371,40) size 118x42 [border: (9px dashed #FFFFFF)] [r=0 c=2 rs=1 cs=1]
              RenderText {#text} at (10,10) size 52x22
                text run at (10,10) width 52: "TD G"
            RenderTableCell {TD} at (496,48) size 121x26 [border: (1px dotted #FFFFFF)] [r=0 c=3 rs=1 cs=1]
              RenderText {#text} at (2,2) size 52x22
                text run at (2,2) width 52: "TD H"
          RenderTableRow {TR} at (0,122) size 624x84 [bgcolor=#000000] [border: (5px dashed #FFFFFF)]
            RenderTableCell {TD} at (144,151) size 220x26 [border: (1px dotted #FFFFFF)] [r=1 c=1 rs=1 cs=1]
              RenderText {#text} at (2,2) size 43x22
                text run at (2,2) width 43: "TD J"
            RenderTableCell {TD} at (371,147) size 118x34 [border: (5px dashed #FFFFFF)] [r=1 c=2 rs=1 cs=1]
              RenderText {#text} at (6,6) size 51x22
                text run at (6,6) width 51: "TD K"
            RenderTableCell {TD} at (496,151) size 121x26 [border: (1px dotted #FFFFFF)] [r=1 c=3 rs=1 cs=1]
              RenderText {#text} at (2,2) size 48x22
                text run at (2,2) width 48: "TD L"
      RenderTable {TABLE} at (0,870) size 590x456 [color=#FFFFFF] [border: (6px dotted #FFFFFF)]
        RenderBlock {CAPTION} at (0,0) size 590x22
          RenderText {#text} at (123,0) size 344x22
            text run at (123,0) width 344: "With 'border-collapse: collapse'"
        RenderTableCol {COLGROUP} at (0,0) size 0x0
          RenderTableCol {COL} at (0,0) size 0x0
          RenderTableCol {COL} at (0,0) size 0x0
          RenderTableCol {COL} at (0,0) size 0x0
        RenderTableCol {COLGROUP} at (0,0) size 0x0
          RenderTableCol {COL} at (0,0) size 0x0
        RenderTableSection {THEAD} at (2,28) size 585x105
          RenderTableRow {TR} at (0,0) size 585x105 [bgcolor=#000000] [border: (5px dashed #FFFFFF)]
            RenderTableCell {TH} at (0,36) size 137x33 [border: (3px dotted #FFFFFF)] [r=0 c=0 rs=1 cs=1]
              RenderText {#text} at (41,4) size 52x22
                text run at (41,4) width 52: "TH A"
            RenderTableCell {TH} at (137,34) size 207x37 [border: (7px dotted #FFFFFF)] [r=0 c=1 rs=1 cs=1]
              RenderText {#text} at (79,8) size 50x22
                text run at (79,8) width 50: "TH B"
            RenderTableCell {TH} at (344,37) size 125x31 [border: (3px dotted #FFFFFF)] [r=0 c=2 rs=1 cs=1]
              RenderText {#text} at (40,4) size 50x22
                text run at (40,4) width 50: "TH C"
            RenderTableCell {TH} at (469,37) size 116x31 [border: (3px dashed #FFFFFF)] [r=0 c=3 rs=1 cs=1]
              RenderText {#text} at (32,4) size 53x22
                text run at (32,4) width 53: "TH D"
        RenderTableSection {TFOOT} at (2,337) size 585x117
          RenderTableRow {TR} at (0,0) size 585x117
            RenderTableCell {TD} at (0,42) size 344x32 [border: (7px dotted #FFFFFF)] [r=0 c=0 rs=1 cs=2]
              RenderText {#text} at (3,8) size 55x22
                text run at (3,8) width 55: "TD M"
            RenderTableCell {TD} at (344,44) size 125x28 [border: (3px dotted #FFFFFF)] [r=0 c=2 rs=1 cs=1]
              RenderText {#text} at (2,4) size 52x22
                text run at (2,4) width 52: "TD O"
            RenderTableCell {TD} at (469,44) size 116x28 [border: (3px dotted #FFFFFF)] [r=0 c=3 rs=1 cs=1]
              RenderText {#text} at (2,4) size 50x22
                text run at (2,4) width 50: "TD P"
        RenderTableSection {TBODY} at (2,133) size 585x204
          RenderTableRow {TR} at (0,0) size 585x115 [bgcolor=#000000] [border: (9px dashed #FFFFFF)]
            RenderTableCell {TD} at (0,83) size 137x37 [border: (7px dotted #FFFFFF)] [r=0 c=0 rs=2 cs=1]
              RenderText {#text} at (8,8) size 49x22
                text run at (8,8) width 49: "TD E"
            RenderTableCell {TD} at (137,40) size 207x35 [border: (7px dotted #FFFFFF)] [r=0 c=1 rs=1 cs=1]
              RenderText {#text} at (8,8) size 49x22
                text run at (8,8) width 49: "TD F"
            RenderTableCell {TD} at (344,41) size 125x33 [border: (5px dashed #FFFFFF)] [r=0 c=2 rs=1 cs=1]
              RenderText {#text} at (6,6) size 52x22
                text run at (6,6) width 52: "TD G"
            RenderTableCell {TD} at (469,41) size 116x33 [border: (5px dotted #FFFFFF)] [r=0 c=3 rs=1 cs=1]
              RenderText {#text} at (6,6) size 52x22
                text run at (6,6) width 52: "TD H"
          RenderTableRow {TR} at (0,115) size 585x89 [bgcolor=#000000] [border: (5px dashed #FFFFFF)]
            RenderTableCell {TD} at (137,144) size 207x31 [border: (5px dotted #FFFFFF)] [r=1 c=1 rs=1 cs=1]
              RenderText {#text} at (8,6) size 43x22
                text run at (8,6) width 43: "TD J"
            RenderTableCell {TD} at (344,144) size 125x31 [border: (5px dashed #FFFFFF)] [r=1 c=2 rs=1 cs=1]
              RenderText {#text} at (4,6) size 51x22
                text run at (4,6) width 51: "TD K"
            RenderTableCell {TD} at (469,144) size 116x31 [border: (5px dotted #FFFFFF)] [r=1 c=3 rs=1 cs=1]
              RenderText {#text} at (4,6) size 48x22
                text run at (4,6) width 48: "TD L"
      RenderBlock {DIV} at (0,1326) size 964x34
        RenderInline {A} at (0,0) size 88x15 [color=#FFFF00]
          RenderImage {IMG} at (0,0) size 88x31
        RenderText {#text} at (0,0) size 0x0
      RenderBlock {ADDRESS} at (0,1360) size 964x15
        RenderText {#text} at (0,0) size 618x15
          text run at (0,0) width 618: "CSS2 Table Backgrounds Test Suite designed and written by fantasai <fantasai@escape.com>"
