layer at (0,0) size 980x735
  RenderView at (0,0) size 980x735
layer at (0,0) size 980x535
  RenderBlock {HTML} at (0,0) size 980x535
    RenderBody {BODY} at (8,8) size 964x519
      RenderTable {TABLE} at (0,0) size 234x519 [border: (1px outset #808080)]
        RenderBlock {CAPTION} at (0,0) size 234x206 [border: (3px solid #FFA500)]
          RenderText {#text} at (102,3) size 30x19
            text run at (102,3) width 30: "cap"
        RenderTableSection {TBODY} at (1,207) size 232x311
          RenderTableRow {TR} at (0,30) size 232x89
            RenderTableCell {TD} at (30,49) size 58x51 [border: (1px inset #808080)] [r=0 c=0 rs=1 cs=1]
              RenderText {#text} at (16,16) size 26x19
                text run at (16,16) width 26: "foo"
            RenderTableCell {TD} at (118,30) size 84x89 [border: (1px inset #808080)] [r=0 c=1 rs=1 cs=1]
              RenderText {#text} at (16,16) size 27x19
                text run at (16,16) width 27: "bar"
              RenderBR {BR} at (43,16) size 0x19
              RenderText {#text} at (16,35) size 28x19
                text run at (16,35) width 28: "baz"
              RenderBR {BR} at (44,35) size 0x19
              RenderText {#text} at (16,54) size 28x19
                text run at (16,54) width 28: "zap"
          RenderTableRow {TR} at (0,149) size 232x132
            RenderTableCell {TD} at (30,189) size 58x51 [border: (1px inset #808080)] [r=1 c=0 rs=1 cs=1]
              RenderText {#text} at (16,16) size 26x19
                text run at (16,16) width 26: "foo"
            RenderTableCell {TD} at (118,197) size 84x84 [border: (1px inset #808080)] [r=1 c=1 rs=1 cs=1]
              RenderBlock {DIV} at (16,16) size 52x52 [border: (1px solid #008000)]
                RenderBlock {DIV} at (1,1) size 402x302 [border: (1px solid #FF0000)]
                  RenderText {#text} at (1,1) size 10x19
                    text run at (1,1) width 10: "d"
