layer at (0,0) size 980x735
  RenderView at (0,0) size 980x735
layer at (0,0) size 980x735
  RenderBlock {HTML} at (0,0) size 980x735
    RenderBody {BODY} at (8,8) size 964x719
      RenderTable {TABLE} at (0,0) size 510x116 [border: (2px outset #808080)]
        RenderBlock {CAPTION} at (0,0) size 510x19
          RenderText {#text} at (12,0) size 486x19
            text run at (12,0) width 486: "Communicator 4.5 Installers for Mac and Windows Platforms"
        RenderTableSection {TBODY} at (2,21) size 505x92
          RenderTableRow {TR} at (0,0) size 505x24
            RenderTableCell {TH} at (0,9) size 143x5 [border: (3px solid #808080) none none (3px none #808080)] [r=0 c=0 rs=1 cs=1]
            RenderTableCell {TH} at (143,0) size 136x24 [border: (3px solid #808080) none none none] [r=0 c=1 rs=1 cs=1]
              RenderText {#text} at (1,4) size 134x19
                text run at (1,4) width 134: "Macintosh PPC"
            RenderTableCell {TH} at (279,0) size 111x24 [border: (3px solid #808080) none none none] [r=0 c=2 rs=1 cs=1]
              RenderText {#text} at (1,4) size 109x19
                text run at (1,4) width 109: "Windows 95"
            RenderTableCell {TH} at (390,0) size 115x24 [border: (3px solid #808080) (2px none #808080) none none] [r=0 c=3 rs=1 cs=1]
              RenderText {#text} at (1,4) size 111x19
                text run at (1,4) width 111: "Windows NT"
          RenderTableRow {TR} at (0,24) size 505x22
            RenderTableCell {TD} at (0,24) size 143x22 [border: (1px solid #808080) none none (3px none #808080)] [r=1 c=0 rs=1 cs=1]
              RenderText {#text} at (4,2) size 91x19
                text run at (4,2) width 91: "Base Install"
            RenderTableCell {TD} at (143,24) size 136x22 [border: (1px solid #808080) none none none] [r=1 c=1 rs=1 cs=1]
              RenderText {#text} at (1,2) size 27x19
                text run at (1,2) width 27: "yes"
            RenderTableCell {TD} at (279,24) size 111x22 [border: (1px solid #808080) none none none] [r=1 c=2 rs=1 cs=1]
              RenderText {#text} at (1,2) size 27x19
                text run at (1,2) width 27: "yes"
            RenderTableCell {TD} at (390,24) size 115x22 [border: (1px solid #808080) (2px none #808080) none none] [r=1 c=3 rs=1 cs=1]
              RenderText {#text} at (1,2) size 27x19
                text run at (1,2) width 27: "yes"
          RenderTableRow {TR} at (0,46) size 505x22
            RenderTableCell {TD} at (0,46) size 143x22 [border: (1px solid #808080) none none (3px none #808080)] [r=2 c=0 rs=1 cs=1]
              RenderText {#text} at (4,2) size 129x19
                text run at (4,2) width 129: "Complete Install"
            RenderTableCell {TD} at (143,46) size 136x22 [border: (1px solid #808080) none none none] [r=2 c=1 rs=1 cs=1]
              RenderText {#text} at (1,2) size 27x19
                text run at (1,2) width 27: "yes"
            RenderTableCell {TD} at (279,46) size 111x22 [border: (1px solid #808080) none none none] [r=2 c=2 rs=1 cs=1]
              RenderText {#text} at (1,2) size 27x19
                text run at (1,2) width 27: "yes"
            RenderTableCell {TD} at (390,46) size 115x22 [border: (1px solid #808080) (2px none #808080) none none] [r=2 c=3 rs=1 cs=1]
              RenderText {#text} at (1,2) size 27x19
                text run at (1,2) width 27: "yes"
          RenderTableRow {TR} at (0,68) size 505x24
            RenderTableCell {TD} at (0,68) size 143x24 [border: (1px solid #808080) none (2px solid #808080) (3px none #808080)] [r=3 c=0 rs=1 cs=1]
              RenderText {#text} at (4,2) size 138x19
                text run at (4,2) width 138: "Pro Edition Install"
            RenderTableCell {TD} at (143,68) size 136x24 [border: (1px solid #808080) none (2px solid #808080) none] [r=3 c=1 rs=1 cs=1]
              RenderText {#text} at (1,2) size 27x19
                text run at (1,2) width 27: "yes"
            RenderTableCell {TD} at (279,68) size 111x24 [border: (1px solid #808080) none (2px solid #808080) none] [r=3 c=2 rs=1 cs=1]
              RenderText {#text} at (1,2) size 27x19
                text run at (1,2) width 27: "yes"
            RenderTableCell {TD} at (390,68) size 115x24 [border: (1px solid #808080) (2px none #808080) (2px solid #808080) none] [r=3 c=3 rs=1 cs=1]
              RenderText {#text} at (1,2) size 27x19
                text run at (1,2) width 27: "yes"
