layer at (0,0) size 980x735
  RenderView at (0,0) size 980x735
layer at (0,0) size 980x397
  RenderBlock {HTML} at (0,0) size 980x397
    RenderBody {BODY} at (8,8) size 964x381
      RenderTable {TABLE} at (0,0) size 205x381 [border: (1px outset #808080)]
        RenderBlock {CAPTION} at (0,0) size 205x206 [border: (3px solid #FFA500)]
          RenderText {#text} at (73,3) size 59x38
            text run at (73,3) width 59: "cap"
        RenderTableSection {TBODY} at (1,207) size 203x173
          RenderTableRow {TR} at (0,30) size 203x113
            RenderTableCell {TD} at (30,30) size 59x113 [border: (1px inset #808080)] [r=0 c=0 rs=1 cs=1]
              RenderText {#text} at (1,1) size 57x112
                text run at (1,1) width 51: "foo"
                text run at (1,38) width 53: "bar"
                text run at (1,75) width 57: "baz"
            RenderTableCell {TD} at (119,30) size 54x54 [border: (1px inset #808080)] [r=0 c=1 rs=1 cs=1]
              RenderBlock {DIV} at (1,1) size 52x52 [border: (1px solid #008000)]
                RenderBlock {DIV} at (1,1) size 402x302 [border: (1px solid #FF0000)]
                  RenderText {#text} at (1,1) size 20x38
                    text run at (1,1) width 20: "d"
