layer at (0,0) size 980x735
  RenderView at (0,0) size 980x735
layer at (0,0) size 980x116
  RenderBlock {HTML} at (0,0) size 980x116
    RenderBody {BODY} at (8,8) size 964x100
      RenderTable {TABLE} at (0,0) size 200x100 [bgcolor=#0000FF]
        RenderTableSection {TBODY} at (0,0) size 200x100
          RenderTableRow {TR} at (0,0) size 200x100
            RenderTableCell {TD} at (0,40) size 68x19 [r=0 c=0 rs=1 cs=1]
              RenderText {#text} at (0,0) size 26x19
                text run at (0,0) width 26: "foo"
            RenderTableCell {TD} at (68,0) size 132x50 [r=0 c=1 rs=1 cs=1]
              RenderBlock {DIV} at (0,0) size 50x50 [bgcolor=#008000]
                RenderBlock {DIV} at (0,0) size 400x300 [bgcolor=#FF0000]
                  RenderText {#text} at (0,0) size 10x19
                    text run at (0,0) width 10: "d"
