layer at (0,0) size 980x735
  RenderView at (0,0) size 980x735
layer at (0,0) size 980x735
  RenderBlock {HTML} at (0,0) size 980x735
    RenderBody {BODY} at (8,8) size 964x719
      RenderTable {TABLE} at (0,0) size 513x113 [border: (2px outset #808080)]
        RenderBlock {CAPTION} at (0,0) size 513x19
          RenderText {#text} at (14,0) size 485x19
            text run at (14,0) width 485: "Communicator 4.5 Installers for Mac and Windows Platforms"
        RenderTableSection {TBODY} at (2,21) size 508x89
          RenderTableRow {TR} at (0,0) size 508x24
            RenderTableCell {TH} at (0,9) size 143x5 [border: (3px none #808080) none none (3px solid #808080)] [r=0 c=0 rs=1 cs=1]
            RenderTableCell {TH} at (143,0) size 137x24 [border: (3px none #808080) none none (1px solid #808080)] [r=0 c=1 rs=1 cs=1]
              RenderText {#text} at (2,4) size 134x19
                text run at (2,4) width 134: "Macintosh PPC"
            RenderTableCell {TH} at (280,0) size 112x24 [border: (3px none #808080) none none (1px solid #808080)] [r=0 c=2 rs=1 cs=1]
              RenderText {#text} at (2,4) size 109x19
                text run at (2,4) width 109: "Windows 95"
            RenderTableCell {TH} at (392,0) size 116x24 [border: (3px none #808080) (2px solid #808080) none (1px solid #808080)] [r=0 c=3 rs=1 cs=1]
              RenderText {#text} at (2,4) size 111x19
                text run at (2,4) width 111: "Windows NT"
          RenderTableRow {TR} at (0,24) size 508x21
            RenderTableCell {TD} at (0,24) size 143x21 [border: none none none (3px solid #808080)] [r=1 c=0 rs=1 cs=1]
              RenderText {#text} at (4,1) size 91x19
                text run at (4,1) width 91: "Base Install"
            RenderTableCell {TD} at (143,24) size 137x21 [border: none none none (1px solid #808080)] [r=1 c=1 rs=1 cs=1]
              RenderText {#text} at (2,1) size 27x19
                text run at (2,1) width 27: "yes"
            RenderTableCell {TD} at (280,24) size 112x21 [border: none none none (1px solid #808080)] [r=1 c=2 rs=1 cs=1]
              RenderText {#text} at (2,1) size 27x19
                text run at (2,1) width 27: "yes"
            RenderTableCell {TD} at (392,24) size 116x21 [border: none (2px solid #808080) none (1px solid #808080)] [r=1 c=3 rs=1 cs=1]
              RenderText {#text} at (2,1) size 27x19
                text run at (2,1) width 27: "yes"
          RenderTableRow {TR} at (0,45) size 508x21
            RenderTableCell {TD} at (0,45) size 143x21 [border: none none none (3px solid #808080)] [r=2 c=0 rs=1 cs=1]
              RenderText {#text} at (4,1) size 129x19
                text run at (4,1) width 129: "Complete Install"
            RenderTableCell {TD} at (143,45) size 137x21 [border: none none none (1px solid #808080)] [r=2 c=1 rs=1 cs=1]
              RenderText {#text} at (2,1) size 27x19
                text run at (2,1) width 27: "yes"
            RenderTableCell {TD} at (280,45) size 112x21 [border: none none none (1px solid #808080)] [r=2 c=2 rs=1 cs=1]
              RenderText {#text} at (2,1) size 27x19
                text run at (2,1) width 27: "yes"
            RenderTableCell {TD} at (392,45) size 116x21 [border: none (2px solid #808080) none (1px solid #808080)] [r=2 c=3 rs=1 cs=1]
              RenderText {#text} at (2,1) size 27x19
                text run at (2,1) width 27: "yes"
          RenderTableRow {TR} at (0,66) size 508x23
            RenderTableCell {TD} at (0,66) size 143x23 [border: none none (2px none #808080) (3px solid #808080)] [r=3 c=0 rs=1 cs=1]
              RenderText {#text} at (4,1) size 138x19
                text run at (4,1) width 138: "Pro Edition Install"
            RenderTableCell {TD} at (143,66) size 137x23 [border: none none (2px none #808080) (1px solid #808080)] [r=3 c=1 rs=1 cs=1]
              RenderText {#text} at (2,1) size 27x19
                text run at (2,1) width 27: "yes"
            RenderTableCell {TD} at (280,66) size 112x23 [border: none none (2px none #808080) (1px solid #808080)] [r=3 c=2 rs=1 cs=1]
              RenderText {#text} at (2,1) size 27x19
                text run at (2,1) width 27: "yes"
            RenderTableCell {TD} at (392,66) size 116x23 [border: none (2px solid #808080) (2px none #808080) (1px solid #808080)] [r=3 c=3 rs=1 cs=1]
              RenderText {#text} at (2,1) size 27x19
                text run at (2,1) width 27: "yes"
