layer at (0,0) size 980x735
  RenderView at (0,0) size 980x735
layer at (0,0) size 980x735
  RenderBlock {HTML} at (0,0) size 980x735
    RenderBody {BODY} at (8,8) size 964x719
      RenderBlock {P} at (0,0) size 964x38
        RenderText {#text} at (0,0) size 962x38
          text run at (0,0) width 962: "CELLSPACING specifies the amount space between cells. The first table has a cellspacing value of 20%; the second table"
          text run at (0,19) width 211: "does not have cellspacing."
      RenderTable {TABLE} at (0,54) size 115x54 [border: (1px outset #808080)]
        RenderTableSection {TBODY} at (1,1) size 113x52
          RenderTableRow {TR} at (0,2) size 113x23
            RenderTableCell {TD} at (2,2) size 35x23 [border: (1px inset #808080)] [r=0 c=0 rs=1 cs=1]
              RenderText {#text} at (2,2) size 31x19
                text run at (2,2) width 31: "text"
            RenderTableCell {TD} at (39,2) size 35x23 [border: (1px inset #808080)] [r=0 c=1 rs=1 cs=1]
              RenderText {#text} at (2,2) size 31x19
                text run at (2,2) width 31: "text"
            RenderTableCell {TD} at (76,2) size 35x23 [border: (1px inset #808080)] [r=0 c=2 rs=1 cs=1]
              RenderText {#text} at (2,2) size 31x19
                text run at (2,2) width 31: "text"
          RenderTableRow {TR} at (0,27) size 113x23
            RenderTableCell {TD} at (2,27) size 35x23 [border: (1px inset #808080)] [r=1 c=0 rs=1 cs=1]
              RenderText {#text} at (2,2) size 31x19
                text run at (2,2) width 31: "text"
            RenderTableCell {TD} at (39,27) size 35x23 [border: (1px inset #808080)] [r=1 c=1 rs=1 cs=1]
              RenderText {#text} at (2,2) size 31x19
                text run at (2,2) width 31: "text"
            RenderTableCell {TD} at (76,27) size 35x23 [border: (1px inset #808080)] [r=1 c=2 rs=1 cs=1]
              RenderText {#text} at (2,2) size 31x19
                text run at (2,2) width 31: "text"
      RenderBlock (anonymous) at (0,108) size 964x38
        RenderBR {BR} at (0,0) size 0x19
        RenderBR {BR} at (0,19) size 0x19
      RenderTable {TABLE} at (0,146) size 115x54 [border: (1px outset #808080)]
        RenderTableSection {TBODY} at (1,1) size 113x52
          RenderTableRow {TR} at (0,2) size 113x23
            RenderTableCell {TD} at (2,2) size 35x23 [border: (1px inset #808080)] [r=0 c=0 rs=1 cs=1]
              RenderText {#text} at (2,2) size 31x19
                text run at (2,2) width 31: "text"
            RenderTableCell {TD} at (39,2) size 35x23 [border: (1px inset #808080)] [r=0 c=1 rs=1 cs=1]
              RenderText {#text} at (2,2) size 31x19
                text run at (2,2) width 31: "text"
            RenderTableCell {TD} at (76,2) size 35x23 [border: (1px inset #808080)] [r=0 c=2 rs=1 cs=1]
              RenderText {#text} at (2,2) size 31x19
                text run at (2,2) width 31: "text"
          RenderTableRow {TR} at (0,27) size 113x23
            RenderTableCell {TD} at (2,27) size 35x23 [border: (1px inset #808080)] [r=1 c=0 rs=1 cs=1]
              RenderText {#text} at (2,2) size 31x19
                text run at (2,2) width 31: "text"
            RenderTableCell {TD} at (39,27) size 35x23 [border: (1px inset #808080)] [r=1 c=1 rs=1 cs=1]
              RenderText {#text} at (2,2) size 31x19
                text run at (2,2) width 31: "text"
            RenderTableCell {TD} at (76,27) size 35x23 [border: (1px inset #808080)] [r=1 c=2 rs=1 cs=1]
              RenderText {#text} at (2,2) size 31x19
                text run at (2,2) width 31: "text"
