layer at (0,0) size 980x735
  RenderView at (0,0) size 980x735
layer at (0,0) size 980x88
  RenderBlock {html} at (0,0) size 980x88
    RenderBody {body} at (8,16) size 964x64
      RenderBlock {p} at (0,0) size 964x19
        RenderText {#text} at (0,0) size 183x19
          text run at (0,0) width 183: "COLGROUP WIDTH=px"
      RenderTable {table} at (0,35) size 748x29 [border: (1px outset #808080)]
        RenderTableCol {colgroup} at (0,0) size 0x0
          RenderTableCol {col} at (0,0) size 0x0
          RenderTableCol {col} at (0,0) size 0x0
        RenderTableSection (anonymous) at (1,1) size 746x27
          RenderTableRow {tr} at (0,2) size 746x23
            RenderTableCell {td} at (2,2) size 370x23 [border: (1px inset #808080)] [r=0 c=0 rs=1 cs=1]
              RenderText {#text} at (2,2) size 366x19
                text run at (2,2) width 366: "This column should have a width of 200 pixels"
            RenderTableCell {td} at (374,2) size 370x23 [border: (1px inset #808080)] [r=0 c=1 rs=1 cs=1]
              RenderText {#text} at (2,2) size 366x19
                text run at (2,2) width 366: "This column should have a width of 200 pixels"
