layer at (0,0) size 980x735
  RenderView at (0,0) size 980x735
layer at (0,0) size 980x145
  RenderBlock {html} at (0,0) size 980x145
    RenderBody {body} at (8,16) size 964x121
      RenderBlock {p} at (0,0) size 964x19
        RenderText {#text} at (0,0) size 651x19
          text run at (0,0) width 523: "There should be rules between all columns (and only columns) in "
          text run at (523,0) width 128: "the table below."
      RenderTable {table} at (0,35) size 190x86 [border: none]
        RenderTableCol {colgroup} at (0,0) size 0x0
          RenderTableCol {col} at (0,0) size 0x0
        RenderTableCol {colgroup} at (0,0) size 0x0
          RenderTableCol {col} at (0,0) size 0x0
        RenderTableCol {colgroup} at (0,0) size 0x0
          RenderTableCol {col} at (0,0) size 0x0
        RenderTableSection {thead} at (0,0) size 189x22
          RenderTableRow {tr} at (0,0) size 189x22
            RenderTableCell {th} at (0,0) size 63x22 [border: (1px none #808080) none none (1px solid #808080)] [r=0 c=0 rs=1 cs=1]
              RenderText {#text} at (2,2) size 60x19
                text run at (2,2) width 60: "THEAD"
            RenderTableCell {th} at (63,0) size 63x22 [border: (1px none #808080) none none (1px solid #808080)] [r=0 c=1 rs=1 cs=1]
              RenderText {#text} at (2,2) size 60x19
                text run at (2,2) width 60: "THEAD"
            RenderTableCell {th} at (126,0) size 63x22 [border: (1px none #808080) none none (1px solid #808080)] [r=0 c=2 rs=1 cs=1]
              RenderText {#text} at (2,2) size 60x19
                text run at (2,2) width 60: "THEAD"
        RenderTableSection {tfoot} at (0,64) size 189x21
          RenderTableRow {tr} at (0,0) size 189x21
            RenderTableCell {td} at (0,0) size 63x21 [border: none none none (1px solid #808080)] [r=0 c=0 rs=1 cs=1]
              RenderText {#text} at (2,1) size 55x19
                text run at (2,1) width 55: "TFOOT"
            RenderTableCell {td} at (63,0) size 63x21 [border: none none none (1px solid #808080)] [r=0 c=1 rs=1 cs=1]
              RenderText {#text} at (2,1) size 55x19
                text run at (2,1) width 55: "TFOOT"
            RenderTableCell {td} at (126,0) size 63x21 [border: none none none (1px solid #808080)] [r=0 c=2 rs=1 cs=1]
              RenderText {#text} at (2,1) size 55x19
                text run at (2,1) width 55: "TFOOT"
        RenderTableSection {tbody} at (0,22) size 189x42
          RenderTableRow {tr} at (0,0) size 189x21
            RenderTableCell {td} at (0,0) size 63x21 [border: none none none (1px solid #808080)] [r=0 c=0 rs=1 cs=1]
              RenderText {#text} at (2,1) size 56x19
                text run at (2,1) width 56: "TBODY"
            RenderTableCell {td} at (63,0) size 63x21 [border: none none none (1px solid #808080)] [r=0 c=1 rs=1 cs=1]
              RenderText {#text} at (2,1) size 56x19
                text run at (2,1) width 56: "TBODY"
            RenderTableCell {td} at (126,0) size 63x21 [border: none none none (1px solid #808080)] [r=0 c=2 rs=1 cs=1]
              RenderText {#text} at (2,1) size 56x19
                text run at (2,1) width 56: "TBODY"
          RenderTableRow {tr} at (0,21) size 189x21
            RenderTableCell {td} at (0,21) size 63x21 [border: none none none (1px solid #808080)] [r=1 c=0 rs=1 cs=1]
              RenderText {#text} at (2,1) size 56x19
                text run at (2,1) width 56: "TBODY"
            RenderTableCell {td} at (63,21) size 63x21 [border: none none none (1px solid #808080)] [r=1 c=1 rs=1 cs=1]
              RenderText {#text} at (2,1) size 56x19
                text run at (2,1) width 56: "TBODY"
            RenderTableCell {td} at (126,21) size 63x21 [border: none none none (1px solid #808080)] [r=1 c=2 rs=1 cs=1]
              RenderText {#text} at (2,1) size 56x19
                text run at (2,1) width 56: "TBODY"
