layer at (0,0) size 980x735
  RenderView at (0,0) size 980x735
layer at (0,0) size 980x735
  RenderBlock {HTML} at (0,0) size 980x735
    RenderBody {BODY} at (8,8) size 964x719
      RenderBlock {P} at (0,0) size 38x719
        RenderText {#text} at (0,0) size 38x697
          text run at (0,0) width 697: "The blue box should be horizontally centered in the black box with 25px of white on the"
          text run at (19,0) width 108: "left and right."
layer at (764,8) size 154x104
  RenderBlock (relative positioned) {DIV} at (54,0) size 154x104 [border: (2px solid #000000)]
layer at (791,10) size 100x100
  RenderImage {IMG} at (27,2) size 100x100
