layer at (0,0) size 980x735
  RenderView at (0,0) size 980x735
layer at (0,0) size 980x735
  RenderBlock {HTML} at (0,0) size 980x735
    RenderBody {BODY} at (8,8) size 964x719
      RenderInline {SPAN} at (0,0) size 962x285
        RenderText {#text} at (0,0) size 962x285
          text run at (0,0) width 596: "I am typing a lot of text so that this goes onto many lines. I am still typing. "
          text run at (596,0) width 364: "I am typing a lot of text so that this goes onto"
          text run at (0,19) width 953: "many lines. I am still typing. I am typing a lot of text so that this goes onto many lines. I am still typing. I am typing a lot"
          text run at (0,38) width 962: "of text so that this goes onto many lines. I am still typing. I am typing a lot of text so that this goes onto many lines. I am"
          text run at (0,57) width 933: "still typing. I am typing a lot of text so that this goes onto many lines. I am still typing. I am typing a lot of text so that"
          text run at (0,76) width 945: "this goes onto many lines. I am still typing. I am typing a lot of text so that this goes onto many lines. I am still typing. I"
          text run at (0,95) width 950: "am typing a lot of text so that this goes onto many lines. I am still typing. I am typing a lot of text so that this goes onto"
          text run at (0,114) width 953: "many lines. I am still typing. I am typing a lot of text so that this goes onto many lines. I am still typing. I am typing a lot"
          text run at (0,133) width 962: "of text so that this goes onto many lines. I am still typing. I am typing a lot of text so that this goes onto many lines. I am"
          text run at (0,152) width 933: "still typing. I am typing a lot of text so that this goes onto many lines. I am still typing. I am typing a lot of text so that"
          text run at (0,171) width 945: "this goes onto many lines. I am still typing. I am typing a lot of text so that this goes onto many lines. I am still typing. I"
          text run at (0,190) width 950: "am typing a lot of text so that this goes onto many lines. I am still typing. I am typing a lot of text so that this goes onto"
          text run at (0,209) width 953: "many lines. I am still typing. I am typing a lot of text so that this goes onto many lines. I am still typing. I am typing a lot"
          text run at (0,228) width 962: "of text so that this goes onto many lines. I am still typing. I am typing a lot of text so that this goes onto many lines. I am"
          text run at (0,247) width 933: "still typing. I am typing a lot of text so that this goes onto many lines. I am still typing. I am typing a lot of text so that"
          text run at (0,266) width 935: "this goes onto many lines. I am still typing. I am typing a lot of text so that this goes onto many lines. I am still typing."
      RenderText {#text} at (0,0) size 0x0
