layer at (0,0) size 980x735
  RenderView at (0,0) size 980x735
layer at (0,0) size 980x238
  RenderBlock {HTML} at (0,0) size 980x238
    RenderBody {BODY} at (0,0) size 980x238
      RenderBlock {DIV} at (0,200) size 980x38
        RenderText {#text} at (0,0) size 619x19
          text run at (0,0) width 619: "PASS - \"left\" property for \"box1\" element at 1.5s saw something close to: 100"
        RenderBR {BR} at (619,0) size 0x19
        RenderText {#text} at (0,19) size 744x19
          text run at (0,19) width 744: "PASS - \"webkitTransform.4\" property for \"box2\" element at 1.5s saw something close to: 100"
        RenderBR {BR} at (744,19) size 0x19
layer at (100,0) size 100x100
  RenderBlock (positioned) {DIV} at (100,0) size 100x100 [bgcolor=#FF0000]
layer at (100,100) size 100x100
  RenderBlock (positioned) {DIV} at (100,100) size 100x100 [bgcolor=#FF0000]
layer at (100,0) size 100x100
  RenderBlock (relative positioned) {DIV} at (0,0) size 100x100 [bgcolor=#008000]
layer at (0,100) size 100x100
  RenderBlock (relative positioned) {DIV} at (0,100) size 100x100 [bgcolor=#008000]
