layer at (0,0) size 980x735
  RenderView at (0,0) size 980x735
layer at (950,0) size 30x735
  RenderBlock {HTML} at (0,0) size 30x735
    RenderBody {BODY} at (0,0) size 29x735 [bgcolor=#000000]
      RenderBlock {A} at (0,0) size 29x735 [color=#0000EE] [bgcolor=#008000]
        RenderText {#text} at (5,10) size 19x48
          text run at (5,10) width 48: "Home"
layer at (740,55) size 50x50
  RenderBlock (positioned) {DIV} at (190,55) size 50x50
