layer at (0,0) size 980x735
  RenderView at (0,0) size 980x735
layer at (0,0) size 980x735
  RenderBlock {HTML} at (0,0) size 980x735
    RenderBody {BODY} at (8,8) size 964x719
      RenderBlock {P} at (0,0) size 964x38
        RenderText {#text} at (0,0) size 934x38
          text run at (0,0) width 934: "This tests for a bug where left justifying a paragraph amongst several that are centered would left justify all of them."
          text run at (0,19) width 403: "Only the second paragraph should be left justified."
      RenderBlock {DIV} at (0,54) size 964x57
        RenderBlock (anonymous) at (0,0) size 964x19
          RenderText {#text} at (469,0) size 26x19
            text run at (469,0) width 26: "foo"
          RenderBR {BR} at (495,15) size 0x0
        RenderBlock {DIV} at (0,19) size 964x19
          RenderText {#text} at (0,0) size 27x19
            text run at (0,0) width 27: "bar"
        RenderBlock (anonymous) at (0,38) size 964x0
        RenderBlock {DIV} at (0,38) size 964x19
          RenderText {#text} at (468,0) size 28x19
            text run at (468,0) width 28: "baz"
selection start: position 0 of child 0 {#text} of child 2 {DIV} of child 2 {DIV} of body
selection end:   position 3 of child 0 {#text} of child 2 {DIV} of child 2 {DIV} of body
