layer at (0,0) size 980x735
  RenderView at (0,0) size 980x735
layer at (0,0) size 980x735
  RenderBlock {HTML} at (0,0) size 980x735
    RenderBody {BODY} at (8,8) size 964x719
      RenderBlock {P} at (0,0) size 964x19
        RenderText {#text} at (0,0) size 787x19
          text run at (0,0) width 787: "This tests for a bug where style would not be applied to a selection that ended just after an image."
      RenderBlock {DIV} at (0,35) size 964x126
        RenderBlock (anonymous) at (0,0) size 964x19
          RenderInline {B} at (0,0) size 0x19
            RenderBR {BR} at (0,0) size 0x19
        RenderBlock {DIV} at (0,19) size 964x107
          RenderInline {B} at (0,0) size 299x19
            RenderText {#text} at (0,88) size 223x19
              text run at (0,88) width 223: "This text should be bold."
            RenderImage {IMG} at (223,0) size 76x103
selection start: position 0 of child 0 {BR} of child 0 {B} of child 2 {DIV} of body
selection end:   position 1 of child 1 {IMG} of child 0 {B} of child 1 {DIV} of child 2 {DIV} of body
