EDITING DELEGATE: shouldBeginEditingInDOMRange:range from 0 of BODY > HTML > #document to 6 of BODY > HTML > #document
EDITING DELEGATE: webViewDidBeginEditing:WebViewDidBeginEditingNotification
EDITING DELEGATE: webViewDidChangeSelection:WebViewDidChangeSelectionNotification
EDITING DELEGATE: webViewDidChangeSelection:WebViewDidChangeSelectionNotification
EDITING DELEGATE: webViewDidChangeSelection:WebViewDidChangeSelectionNotification
EDITING DELEGATE: shouldChangeSelectedDOMRange:range from 1 of DIV > DIV > BODY > HTML > #document to 1 of DIV > DIV > BODY > HTML > #document toDOMRange:range from 0 of DIV > DIV > DIV > BODY > HTML > #document to 0 of DIV > DIV > DIV > BODY > HTML > #document affinity:NSSelectionAffinityDownstream stillSelecting:FALSE
EDITING DELEGATE: webViewDidChangeSelection:WebViewDidChangeSelectionNotification
EDITING DELEGATE: webViewDidChange:WebViewDidChangeNotification
EDITING DELEGATE: webViewDidChangeSelection:WebViewDidChangeSelectionNotification
layer at (0,0) size 980x735
  RenderView at (0,0) size 980x735
layer at (0,0) size 980x735
  RenderBlock {HTML} at (0,0) size 980x735
    RenderBody {BODY} at (8,8) size 964x719
      RenderBlock {DIV} at (0,0) size 964x84 [border: (2px solid #0000FF)]
        RenderText {#text} at (14,14) size 901x56
          text run at (14,14) width 893: "Should see \"foo\" centered in its own red box, followed by left-aligned two"
          text run at (907,14) width 8: " "
          text run at (14,42) width 529: "lines, \"bar\" and \"baz\", in their own red box."
      RenderBlock {DIV} at (0,108) size 964x112
        RenderBlock {DIV} at (0,0) size 964x112 [border: (2px solid #FF0000)]
          RenderBlock {DIV} at (14,14) size 936x28
            RenderText {#text} at (449,0) size 38x28
              text run at (449,0) width 38: "foo"
          RenderBlock (anonymous) at (14,42) size 936x56
            RenderText {#text} at (0,0) size 40x28
              text run at (0,0) width 40: "bar"
            RenderBR {BR} at (40,22) size 0x0
            RenderText {#text} at (0,28) size 43x28
              text run at (0,28) width 43: "baz"
caret: position 0 of child 0 {#text} of child 0 {DIV} of child 1 {DIV} of child 3 {DIV} of body
