EDITING DELEGATE: shouldBeginEditingInDOMRange:range from 0 of BODY > HTML > #document to 6 of BODY > HTML > #document
EDITING DELEGATE: webViewDidBeginEditing:WebViewDidBeginEditingNotification
EDITING DELEGATE: webViewDidChangeSelection:WebViewDidChangeSelectionNotification
EDITING DELEGATE: webViewDidChangeSelection:WebViewDidChangeSelectionNotification
EDITING DELEGATE: webViewDidChangeSelection:WebViewDidChangeSelectionNotification
EDITING DELEGATE: webViewDidChangeSelection:WebViewDidChangeSelectionNotification
EDITING DELEGATE: webViewDidChangeSelection:WebViewDidChangeSelectionNotification
EDITING DELEGATE: shouldChangeSelectedDOMRange:range from 1 of DIV > DIV > BODY > HTML > #document to 2 of #text > DIV > DIV > DIV > BODY > HTML > #document toDOMRange:range from 0 of #text > DIV > DIV > DIV > BODY > HTML > #document to 2 of #text > DIV > DIV > DIV > BODY > HTML > #document affinity:NSSelectionAffinityDownstream stillSelecting:FALSE
EDITING DELEGATE: webViewDidChangeSelection:WebViewDidChangeSelectionNotification
EDITING DELEGATE: webViewDidChange:WebViewDidChangeNotification
EDITING DELEGATE: webViewDidChangeSelection:WebViewDidChangeSelectionNotification
layer at (0,0) size 980x735
  RenderView at (0,0) size 980x735
layer at (0,0) size 980x735
  RenderBlock {HTML} at (0,0) size 980x735
    RenderBody {BODY} at (8,8) size 964x719
      RenderBlock {DIV} at (0,0) size 964x84 [border: (2px solid #0000FF)]
        RenderText {#text} at (14,14) size 903x56
          text run at (14,14) width 895: "Should see the \"foo\" and \"baz\" lines centered in their own red boxes. The"
          text run at (909,14) width 8: " "
          text run at (14,42) width 413: "\"baz\" line should not be centered."
      RenderBlock {DIV} at (0,108) size 964x140
        RenderBlock {DIV} at (0,0) size 964x140 [border: (2px solid #FF0000)]
          RenderBlock {DIV} at (14,14) size 936x28
            RenderText {#text} at (449,0) size 38x28
              text run at (449,0) width 38: "foo"
          RenderBlock (anonymous) at (14,42) size 936x0
          RenderBlock {DIV} at (14,42) size 936x56 [border: (2px solid #FF0000)]
            RenderText {#text} at (448,14) size 40x28
              text run at (448,14) width 40: "bar"
          RenderBlock (anonymous) at (14,98) size 936x28
            RenderText {#text} at (0,0) size 43x28
              text run at (0,0) width 43: "baz"
selection start: position 0 of child 0 {#text} of child 0 {DIV} of child 1 {DIV} of child 3 {DIV} of body
selection end:   position 2 of child 0 {#text} of child 1 {DIV} of child 1 {DIV} of child 3 {DIV} of body
