EDITING DELEGATE: shouldBeginEditingInDOMRange:range from 0 of BODY > HTML > #document to 6 of BODY > HTML > #document
EDITING DELEGATE: webViewDidBeginEditing:WebViewDidBeginEditingNotification
EDITING DELEGATE: webViewDidChangeSelection:WebViewDidChangeSelectionNotification
EDITING DELEGATE: webViewDidChangeSelection:WebViewDidChangeSelectionNotification
EDITING DELEGATE: webViewDidChangeSelection:WebViewDidChangeSelectionNotification
EDITING DELEGATE: webViewDidChangeSelection:WebViewDidChangeSelectionNotification
EDITING DELEGATE: webViewDidChange:WebViewDidChangeNotification
EDITING DELEGATE: webViewDidChangeSelection:WebViewDidChangeSelectionNotification
layer at (0,0) size 980x735
  RenderView at (0,0) size 980x735
layer at (0,0) size 980x735
  RenderBlock {HTML} at (0,0) size 980x735
    RenderBody {BODY} at (8,8) size 964x719
      RenderBlock {DIV} at (0,0) size 964x84 [border: (2px solid #0000FF)]
        RenderText {#text} at (14,14) size 913x56
          text run at (14,14) width 905: "Should see \"foo\" and \"bar\" centered in their own red boxes. The \"baz\" line"
          text run at (919,14) width 8: " "
          text run at (14,42) width 568: "should be in its own red box, but not centered."
      RenderBlock {DIV} at (0,108) size 964x168
        RenderBlock {DIV} at (0,0) size 964x56 [border: (2px solid #FF0000)]
          RenderText {#text} at (463,14) size 38x28
            text run at (463,14) width 38: "foo"
        RenderBlock {DIV} at (0,56) size 964x56 [border: (2px solid #FF0000)]
          RenderText {#text} at (462,14) size 40x28
            text run at (462,14) width 40: "bar"
        RenderBlock {DIV} at (0,112) size 964x56 [border: (2px solid #FF0000)]
          RenderText {#text} at (14,14) size 43x28
            text run at (14,14) width 43: "baz"
selection start: position 1 of child 0 {#text} of child 1 {DIV} of child 3 {DIV} of body
selection end:   position 2 of child 0 {#text} of child 3 {DIV} of child 3 {DIV} of body
