layer at (0,0) size 980x1311
  RenderView at (0,0) size 980x735
layer at (0,0) size 980x1311
  RenderBlock {HTML} at (0,0) size 980x1311
    RenderBody {BODY} at (8,8) size 964x1295
      RenderInline {U} at (0,0) size 323x15
        RenderText {#text} at (0,0) size 323x15
          text run at (0,0) width 323: "This text should be Times New Roman bold."
      RenderImage {IMG} at (0,15) size 720x1280
      RenderText {#text} at (0,0) size 0x0
caret: position 1 of child 1 {IMG} of body
