EDITING DELEGATE: shouldBeginEditingInDOMRange:range from 0 of BODY > HTML > #document to 8 of BODY > HTML > #document
EDITING DELEGATE: webViewDidBeginEditing:WebViewDidBeginEditingNotification
EDITING DELEGATE: webViewDidChangeSelection:WebViewDidChangeSelectionNotification
EDITING DELEGATE: webViewDidChangeSelection:WebViewDidChangeSelectionNotification
EDITING DELEGATE: webViewDidChangeSelection:WebViewDidChangeSelectionNotification
EDITING DELEGATE: webViewDidChangeSelection:WebViewDidChangeSelectionNotification
EDITING DELEGATE: webViewDidChangeSelection:WebViewDidChangeSelectionNotification
EDITING DELEGATE: webViewDidChangeSelection:WebViewDidChangeSelectionNotification
EDITING DELEGATE: shouldChangeSelectedDOMRange:range from 1 of DIV > DIV > BODY > HTML > #document to 7 of #text > SPAN > DIV > DIV > DIV > BODY > HTML > #document toDOMRange:range from 0 of #text > SPAN > DIV > DIV > BODY > HTML > #document to 7 of #text > SPAN > DIV > DIV > DIV > BODY > HTML > #document affinity:NSSelectionAffinityDownstream stillSelecting:FALSE
EDITING DELEGATE: webViewDidChangeSelection:WebViewDidChangeSelectionNotification
EDITING DELEGATE: webViewDidChange:WebViewDidChangeNotification
EDITING DELEGATE: webViewDidChangeSelection:WebViewDidChangeSelectionNotification
EDITING DELEGATE: webViewDidChangeSelection:WebViewDidChangeSelectionNotification
EDITING DELEGATE: webViewDidChange:WebViewDidChangeNotification
EDITING DELEGATE: webViewDidChangeSelection:WebViewDidChangeSelectionNotification
EDITING DELEGATE: webViewDidChangeSelection:WebViewDidChangeSelectionNotification
EDITING DELEGATE: webViewDidChange:WebViewDidChangeNotification
EDITING DELEGATE: webViewDidChangeSelection:WebViewDidChangeSelectionNotification
EDITING DELEGATE: webViewDidChangeSelection:WebViewDidChangeSelectionNotification
EDITING DELEGATE: webViewDidChange:WebViewDidChangeNotification
EDITING DELEGATE: webViewDidChangeSelection:WebViewDidChangeSelectionNotification
EDITING DELEGATE: webViewDidChangeSelection:WebViewDidChangeSelectionNotification
EDITING DELEGATE: webViewDidChange:WebViewDidChangeNotification
EDITING DELEGATE: webViewDidChangeSelection:WebViewDidChangeSelectionNotification
EDITING DELEGATE: webViewDidChangeSelection:WebViewDidChangeSelectionNotification
EDITING DELEGATE: webViewDidChange:WebViewDidChangeNotification
EDITING DELEGATE: webViewDidChangeSelection:WebViewDidChangeSelectionNotification
layer at (0,0) size 980x735
  RenderView at (0,0) size 980x735
layer at (0,0) size 980x735
  RenderBlock {HTML} at (0,0) size 980x735
    RenderBody {BODY} at (8,8) size 964x719
      RenderBlock {DIV} at (0,0) size 964x84 [border: (2px solid #0000FF)]
        RenderText {#text} at (14,14) size 936x56
          text run at (14,14) width 930: "Size check should say: 30px. All text on the first line, and the first two words"
          text run at (944,14) width 6: " "
          text run at (14,42) width 550: "of the second line, should appear to be 30px."
      RenderBlock {DIV} at (0,108) size 964x28
        RenderText {#text} at (0,0) size 144x28
          text run at (0,0) width 144: "Size check: "
        RenderInline {SPAN} at (0,0) size 59x28
          RenderText {#text} at (144,0) size 59x28
            text run at (144,0) width 59: "30px"
      RenderBlock {DIV} at (0,152) size 964x154
        RenderBlock {DIV} at (0,0) size 964x154 [border: (2px solid #FF0000)]
          RenderBlock (anonymous) at (14,14) size 936x35
            RenderInline {SPAN} at (0,0) size 214x35
              RenderText {#text} at (0,0) size 214x35
                text run at (0,0) width 214: "There is a tide"
          RenderBlock {DIV} at (14,49) size 936x63 [border: (2px solid #FF0000)]
            RenderInline {SPAN} at (0,0) size 87x35
              RenderText {#text} at (14,14) size 87x35
                text run at (14,14) width 87: "In the"
            RenderText {#text} at (101,20) size 176x28
              text run at (101,20) width 176: " affairs of men"
          RenderBlock (anonymous) at (14,112) size 936x28
            RenderText {#text} at (0,0) size 297x28
              text run at (0,0) width 297: "Which taken at the flood"
selection start: position 0 of child 0 {#text} of child 0 {SPAN} of child 1 {DIV} of child 5 {DIV} of body
selection end:   position 7 of child 0 {#text} of child 0 {SPAN} of child 1 {DIV} of child 1 {DIV} of child 5 {DIV} of body
