EDITING DELEGATE: shouldBeginEditingInDOMRange:range from 0 of DIV > BODY > HTML > #document to 5 of DIV > BODY > HTML > #document
EDITING DELEGATE: webViewDidBeginEditing:WebViewDidBeginEditingNotification
EDITING DELEGATE: webViewDidChangeSelection:WebViewDidChangeSelectionNotification
EDITING DELEGATE: webViewDidChangeSelection:WebViewDidChangeSelectionNotification
EDITING DELEGATE: webViewDidChangeSelection:WebViewDidChangeSelectionNotification
EDITING DELEGATE: shouldDeleteDOMRange:range from 1 of #text > DIV > DIV > BODY > HTML > #document to 4 of #text > DIV > DIV > BODY > HTML > #document
EDITING DELEGATE: webViewDidChangeSelection:WebViewDidChangeSelectionNotification
EDITING DELEGATE: webViewDidChangeSelection:WebViewDidChangeSelectionNotification
EDITING DELEGATE: shouldChangeSelectedDOMRange:range from 0 of DIV > DIV > BODY > HTML > #document to 0 of DIV > DIV > BODY > HTML > #document toDOMRange:range from 0 of DIV > DIV > BODY > HTML > #document to 0 of DIV > DIV > BODY > HTML > #document affinity:NSSelectionAffinityDownstream stillSelecting:FALSE
EDITING DELEGATE: webViewDidChangeSelection:WebViewDidChangeSelectionNotification
EDITING DELEGATE: webViewDidChange:WebViewDidChangeNotification
EDITING DELEGATE: webViewDidChangeSelection:WebViewDidChangeSelectionNotification
EDITING DELEGATE: shouldDeleteDOMRange:range from 1 of #text > DIV > DIV > BODY > HTML > #document to 0 of DIV > DIV > BODY > HTML > #document
EDITING DELEGATE: webViewDidChangeSelection:WebViewDidChangeSelectionNotification
EDITING DELEGATE: webViewDidChangeSelection:WebViewDidChangeSelectionNotification
EDITING DELEGATE: shouldChangeSelectedDOMRange:range from 2 of DIV > BODY > HTML > #document to 2 of DIV > BODY > HTML > #document toDOMRange:range from 4 of #text > SPAN > DIV > DIV > BODY > HTML > #document to 4 of #text > SPAN > DIV > DIV > BODY > HTML > #document affinity:NSSelectionAffinityDownstream stillSelecting:FALSE
EDITING DELEGATE: webViewDidChangeSelection:WebViewDidChangeSelectionNotification
EDITING DELEGATE: webViewDidChange:WebViewDidChangeNotification
EDITING DELEGATE: webViewDidChangeSelection:WebViewDidChangeSelectionNotification
EDITING DELEGATE: webViewDidChangeSelection:WebViewDidChangeSelectionNotification
EDITING DELEGATE: webViewDidChangeSelection:WebViewDidChangeSelectionNotification
EDITING DELEGATE: webViewDidChangeSelection:WebViewDidChangeSelectionNotification
EDITING DELEGATE: shouldInsertNode:#document-fragment replacingDOMRange:range from 2 of #text > SPAN > DIV > DIV > BODY > HTML > #document to 2 of #text > SPAN > DIV > DIV > BODY > HTML > #document givenAction:WebViewInsertActionPasted
EDITING DELEGATE: webViewDidChangeSelection:WebViewDidChangeSelectionNotification
EDITING DELEGATE: webViewDidChangeSelection:WebViewDidChangeSelectionNotification
EDITING DELEGATE: shouldChangeSelectedDOMRange:range from 2 of #text > SPAN > DIV > DIV > BODY > HTML > #document to 2 of #text > SPAN > DIV > DIV > BODY > HTML > #document toDOMRange:range from 3 of DIV > DIV > BODY > HTML > #document to 3 of DIV > DIV > BODY > HTML > #document affinity:NSSelectionAffinityDownstream stillSelecting:FALSE
EDITING DELEGATE: webViewDidChangeSelection:WebViewDidChangeSelectionNotification
EDITING DELEGATE: webViewDidChange:WebViewDidChangeNotification
EDITING DELEGATE: webViewDidChangeSelection:WebViewDidChangeSelectionNotification
layer at (0,0) size 980x1514
  RenderView at (0,0) size 980x735
layer at (0,0) size 980x1514
  RenderBlock {HTML} at (0,0) size 980x1514
    RenderBody {BODY} at (8,8) size 964x1498
      RenderBlock {DIV} at (0,0) size 964x184 [border: (2px solid #0000FF)]
        RenderBlock {DIV} at (14,14) size 936x84
          RenderText {#text} at (0,0) size 89x28
            text run at (0,0) width 89: "Tests: "
          RenderBR {BR} at (0,0) size 0x0
          RenderText {#text} at (0,28) size 900x56
            text run at (0,28) width 900: "Pasting black (document default color) text into a block of text with a non-"
            text run at (0,56) width 160: "default color."
        RenderBlock {DIV} at (14,114) size 936x56
          RenderText {#text} at (0,0) size 246x28
            text run at (0,0) width 246: "Expected Results: "
          RenderBR {BR} at (246,22) size 0x0
          RenderText {#text} at (0,28) size 557x28
            text run at (0,28) width 557: "Should see this content in the red box below: "
          RenderInline {SPAN} at (0,0) size 96x28 [color=#FF0000]
            RenderText {#text} at (557,28) size 30x28
              text run at (557,28) width 30: "ab"
            RenderInline {SPAN} at (0,0) size 43x28 [color=#000000]
              RenderText {#text} at (587,28) size 43x28
                text run at (587,28) width 43: "cde"
            RenderText {#text} at (630,28) size 23x28
              text run at (630,28) width 23: "fg"
          RenderText {#text} at (0,0) size 0x0
      RenderBlock {DIV} at (0,208) size 964x1290
        RenderBlock {DIV} at (0,0) size 964x1290 [border: (2px solid #FF0000)]
          RenderInline {SPAN} at (0,0) size 30x28 [color=#FF0000]
            RenderText {#text} at (2,1260) size 30x28
              text run at (2,1260) width 30: "ab"
          RenderImage {IMG} at (32,2) size 720x1280
          RenderInline {SPAN} at (0,0) size 23x28 [color=#FF0000]
            RenderText {#text} at (752,1260) size 23x28
              text run at (752,1260) width 23: "fg"
        RenderBlock (anonymous) at (0,1290) size 964x0
caret: position 1 of child 2 {IMG} of child 1 {DIV} of child 3 {DIV} of body
