EDITING DELEGATE: shouldBeginEditingInDOMRange:range from 0 of DIV > BODY > HTML > #document to 3 of DIV > BODY > HTML > #document
EDITING DELEGATE: webViewDidBeginEditing:WebViewDidBeginEditingNotification
EDITING DELEGATE: webViewDidChangeSelection:WebViewDidChangeSelectionNotification
EDITING DELEGATE: webViewDidChangeSelection:WebViewDidChangeSelectionNotification
EDITING DELEGATE: webViewDidChangeSelection:WebViewDidChangeSelectionNotification
EDITING DELEGATE: webViewDidChangeSelection:WebViewDidChangeSelectionNotification
EDITING DELEGATE: webViewDidChangeSelection:WebViewDidChangeSelectionNotification
EDITING DELEGATE: webViewDidChangeSelection:WebViewDidChangeSelectionNotification
EDITING DELEGATE: webViewDidChangeSelection:WebViewDidChangeSelectionNotification
EDITING DELEGATE: shouldChangeSelectedDOMRange:range from 1 of #text > B > DIV > DIV > BODY > HTML > #document to 1 of #text > B > DIV > DIV > BODY > HTML > #document toDOMRange:range from 1 of #text > B > DIV > DIV > BODY > HTML > #document to 1 of #text > B > DIV > DIV > BODY > HTML > #document affinity:NSSelectionAffinityDownstream stillSelecting:FALSE
EDITING DELEGATE: webViewDidChangeSelection:WebViewDidChangeSelectionNotification
EDITING DELEGATE: webViewDidChange:WebViewDidChangeNotification
EDITING DELEGATE: webViewDidChangeSelection:WebViewDidChangeSelectionNotification
EDITING DELEGATE: webViewDidChangeSelection:WebViewDidChangeSelectionNotification
EDITING DELEGATE: webViewDidChangeSelection:WebViewDidChangeSelectionNotification
EDITING DELEGATE: webViewDidChange:WebViewDidChangeNotification
EDITING DELEGATE: webViewDidChangeSelection:WebViewDidChangeSelectionNotification
EDITING DELEGATE: webViewDidChangeSelection:WebViewDidChangeSelectionNotification
EDITING DELEGATE: webViewDidChangeSelection:WebViewDidChangeSelectionNotification
EDITING DELEGATE: webViewDidChange:WebViewDidChangeNotification
EDITING DELEGATE: webViewDidChangeSelection:WebViewDidChangeSelectionNotification
EDITING DELEGATE: webViewDidChangeSelection:WebViewDidChangeSelectionNotification
EDITING DELEGATE: webViewDidChangeSelection:WebViewDidChangeSelectionNotification
EDITING DELEGATE: webViewDidChange:WebViewDidChangeNotification
EDITING DELEGATE: webViewDidChangeSelection:WebViewDidChangeSelectionNotification
EDITING DELEGATE: webViewDidChangeSelection:WebViewDidChangeSelectionNotification
EDITING DELEGATE: webViewDidChangeSelection:WebViewDidChangeSelectionNotification
EDITING DELEGATE: webViewDidChange:WebViewDidChangeNotification
EDITING DELEGATE: webViewDidChangeSelection:WebViewDidChangeSelectionNotification
EDITING DELEGATE: webViewDidChangeSelection:WebViewDidChangeSelectionNotification
EDITING DELEGATE: webViewDidChangeSelection:WebViewDidChangeSelectionNotification
EDITING DELEGATE: webViewDidChangeSelection:WebViewDidChangeSelectionNotification
EDITING DELEGATE: webViewDidChangeSelection:WebViewDidChangeSelectionNotification
EDITING DELEGATE: webViewDidChangeSelection:WebViewDidChangeSelectionNotification
EDITING DELEGATE: webViewDidChangeSelection:WebViewDidChangeSelectionNotification
EDITING DELEGATE: shouldInsertNode:#document-fragment replacingDOMRange:range from 5 of #text > B > DIV > DIV > BODY > HTML > #document to 5 of #text > B > DIV > DIV > BODY > HTML > #document givenAction:WebViewInsertActionPasted
EDITING DELEGATE: shouldChangeSelectedDOMRange:range from 5 of #text > B > DIV > DIV > BODY > HTML > #document to 5 of #text > B > DIV > DIV > BODY > HTML > #document toDOMRange:range from 3 of DIV > DIV > BODY > HTML > #document to 3 of DIV > DIV > BODY > HTML > #document affinity:NSSelectionAffinityDownstream stillSelecting:FALSE
EDITING DELEGATE: webViewDidChangeSelection:WebViewDidChangeSelectionNotification
EDITING DELEGATE: webViewDidChange:WebViewDidChangeNotification
EDITING DELEGATE: webViewDidChangeSelection:WebViewDidChangeSelectionNotification
layer at (0,0) size 980x1512
  RenderView at (0,0) size 980x735
layer at (0,0) size 980x1512
  RenderBlock {HTML} at (0,0) size 980x1512
    RenderBody {BODY} at (8,8) size 964x1496
      RenderBlock {DIV} at (0,0) size 964x184 [border: (2px solid #0000FF)]
        RenderBlock {DIV} at (14,14) size 936x56
          RenderText {#text} at (0,0) size 89x28
            text run at (0,0) width 89: "Tests: "
          RenderBR {BR} at (0,0) size 0x0
          RenderText {#text} at (0,28) size 889x28
            text run at (0,28) width 889: "Pasting at style boundary does not crash or produce empty style span(s)."
        RenderBlock {DIV} at (14,86) size 936x84
          RenderBlock (anonymous) at (0,0) size 936x56
            RenderText {#text} at (0,0) size 246x28
              text run at (0,0) width 246: "Expected Results: "
            RenderBR {BR} at (246,22) size 0x0
            RenderText {#text} at (0,28) size 557x28
              text run at (0,28) width 557: "Should see this content in the red box below: "
            RenderBR {BR} at (557,50) size 0x0
          RenderBlock {DIV} at (0,56) size 936x28
            RenderText {#text} at (0,0) size 177x28
              text run at (0,0) width 177: "one two three "
            RenderInline {B} at (0,0) size 55x28
              RenderText {#text} at (177,0) size 55x28
                text run at (177,0) width 55: "four"
            RenderText {#text} at (232,0) size 45x28
              text run at (232,0) width 45: "one"
      RenderBlock {DIV} at (0,208) size 964x1288
        RenderBlock {DIV} at (0,0) size 964x1288 [border: (2px solid #FF0000)]
          RenderText {#text} at (2,1267) size 112x19
            text run at (2,1267) width 112: "one two three"
          RenderInline {B} at (0,0) size 43x19
            RenderText {#text} at (114,1267) size 43x19
              text run at (114,1267) width 43: " four"
          RenderImage {IMG} at (157,2) size 720x1280
        RenderBlock (anonymous) at (0,1288) size 964x0
          RenderText {#text} at (0,0) size 0x0
caret: position 1 of child 2 {IMG} of child 1 {DIV} of child 3 {DIV} of body
