layer at (0,0) size 980x735
  RenderView at (0,0) size 980x735
layer at (0,0) size 980x735
  RenderBlock {HTML} at (0,0) size 980x735
    RenderBody {BODY} at (8,8) size 964x719
      RenderInline {A} at (0,0) size 319x19 [color=#0000EE]
        RenderInline {B} at (0,0) size 319x19
          RenderText {#text} at (0,0) size 319x19
            text run at (0,0) width 319: "the second copy should not be bold"
      RenderText {#text} at (319,0) size 5x19
        text run at (319,0) width 5: " "
      RenderText {#text} at (324,0) size 283x19
        text run at (324,0) width 283: "the second copy should not be bold"
