layer at (0,0) size 980x735
  RenderView at (0,0) size 980x735
layer at (0,0) size 980x735
  RenderBlock {HTML} at (0,0) size 980x735
    RenderBody {BODY} at (8,8) size 964x711
      RenderBlock {BLOCKQUOTE} at (40,0) size 884x19
        RenderInline {SPAN} at (0,0) size 209x19
          RenderText {#text} at (0,0) size 209x19
            text run at (0,0) width 209: "Heck, son, you're a failure"
      RenderBlock {P} at (0,35) size 964x19
        RenderText {#text} at (0,0) size 474x19
          text run at (0,0) width 474: "The result appears below here; should not include any text:"
      RenderBlock {P} at (0,70) size 964x0
        RenderInline {SPAN} at (0,0) size 0x0
