layer at (0,0) size 980x735
  RenderView at (0,0) size 980x735
layer at (0,0) size 980x735
  RenderBlock {HTML} at (0,0) size 980x735
    RenderBody {BODY} at (8,8) size 964x719
      RenderBlock {P} at (0,0) size 964x19
        RenderText {#text} at (0,0) size 419x19
          text run at (0,0) width 419: "The text below should say \"document type created\";"
      RenderBlock {DIV} at (0,35) size 964x19
        RenderText {#text} at (0,0) size 188x19
          text run at (0,0) width 188: "document type created"
