layer at (0,0) size 980x735
  RenderView at (0,0) size 980x735
layer at (0,0) size 980x154
  RenderBlock {HTML} at (0,0) size 980x154
    RenderBody {BODY} at (8,13) size 964x133
      RenderBlock {PRE} at (0,0) size 964x0
      RenderBlock (anonymous) at (0,0) size 964x38
        RenderText {#text} at (0,0) size 938x38
          text run at (0,0) width 938: "This tests that insertRule, deleteRule, and the IE extensions addRule and removeRule update the style when rules are"
          text run at (0,19) width 623: "added and removed. It also tests that disabling a stylesheet updates the style."
      RenderBlock {DIV} at (0,38) size 964x19
        RenderText {#text} at (0,0) size 615x19
          text run at (0,0) width 615: "This is div1. This text should not be red because that rule has been removed."
      RenderBlock {DIV} at (0,57) size 964x19 [color=#0000FF]
        RenderText {#text} at (0,0) size 776x19
          text run at (0,0) width 776: "This is div2. This text should be blue because a matching rule with that property has been added."
      RenderBlock {DIV} at (0,76) size 964x19
        RenderText {#text} at (0,0) size 638x19
          text run at (0,0) width 638: "This is div3. This text should not be yellow because that rule has been removed."
      RenderBlock {DIV} at (0,95) size 964x19 [color=#008000]
        RenderText {#text} at (0,0) size 789x19
          text run at (0,0) width 789: "This is div4. This text should be green because a matching rule with that property has been added."
      RenderBlock {DIV} at (0,114) size 964x19
        RenderText {#text} at (0,0) size 788x19
          text run at (0,0) width 788: "This is div3. This text should not be purple because the stylesheet with that rule has been disabled."
