layer at (0,0) size 980x898
  RenderView at (0,0) size 980x735
layer at (0,0) size 980x898
  RenderBlock {HTML} at (0,0) size 980x898
    RenderBody {BODY} at (8,8) size 964x882
      RenderBlock (anonymous) at (0,0) size 964x38
        RenderText {#text} at (0,0) size 631x19
          text run at (0,0) width 631: "This test will try to call focus() on a contenteditable div, and then a normal div. "
        RenderBR {BR} at (0,0) size 0x0
        RenderText {#text} at (0,19) size 469x19
          text run at (0,19) width 469: "The window should scroll to reveal the contenteditable div."
      RenderBlock {DIV} at (0,38) size 500x800
      RenderBlock {DIV} at (0,838) size 964x25 [border: (3px solid #000000)]
        RenderText {#text} at (3,3) size 153x19
          text run at (3,3) width 153: "contentEditable div"
      RenderBlock {DIV} at (0,863) size 964x19
        RenderText {#text} at (0,0) size 100x19
          text run at (0,0) width 100: "Test Passed."
      RenderBlock {DIV} at (0,882) size 964x0
caret: position 0 of child 0 {#text} of child 5 {DIV} of body
