layer at (0,0) size 980x735
  RenderView at (0,0) size 980x735
layer at (0,0) size 980x735
  RenderBlock {HTML} at (0,0) size 980x735
    RenderBody {BODY} at (8,8) size 964x719
      RenderBlock {P} at (0,0) size 964x38
        RenderText {#text} at (0,0) size 922x38
          text run at (0,0) width 922: "This page tests to make sure that the refresh of a page which holds a document reference in its DOM wrapper tree"
          text run at (0,19) width 351: "does not leak all of its associated JS objects."
      RenderBlock {P} at (0,54) size 964x19
        RenderText {#text} at (0,0) size 474x19
          text run at (0,0) width 474: "If the test passes, you'll see a single 'PASS' message below."
      RenderBlock {HR} at (0,89) size 964x2 [border: (1px inset #000000)]
      RenderBlock {DIV} at (0,99) size 964x15
        RenderBlock {DIV} at (0,0) size 964x15 [color=#008000]
          RenderText {#text} at (0,0) size 243x15
            text run at (0,0) width 243: "PASS: Refresh did not leak JS objects."
      RenderBlock (anonymous) at (0,114) size 964x154
        RenderPartObject {IFRAME} at (0,0) size 304x154 [border: (2px inset #000000)]
          layer at (0,0) size 300x150
            RenderView at (0,0) size 300x150
          layer at (0,0) size 300x150
            RenderBlock {HTML} at (0,0) size 300x150
              RenderBody {BODY} at (8,8) size 284x134
