layer at (0,0) size 980x735
  RenderView at (0,0) size 980x735
layer at (0,0) size 980x735
  RenderBlock {HTML} at (0,0) size 980x735
    RenderBody {BODY} at (8,8) size 964x719
      RenderImage {IMG} at (0,0) size 20x20
      RenderText {#text} at (20,5) size 279x19
        text run at (20,5) width 279: " This text should only appear once."
      RenderText {#text} at (0,0) size 0x0
