layer at (0,0) size 980x735
  RenderView at (0,0) size 980x735
layer at (0,0) size 980x735
  RenderBlock {HTML} at (0,0) size 980x735
    RenderBody {BODY} at (8,8) size 964x714
      RenderTable {TABLE} at (0,0) size 238x27 [border: (1px outset #808080)]
        RenderTableSection {TBODY} at (1,1) size 236x25
          RenderTableRow {TR} at (0,1) size 236x23
            RenderTableCell {TH} at (1,1) size 46x23 [border: (1px inset #808080)] [r=0 c=0 rs=1 cs=1]
              RenderText {#text} at (2,2) size 42x19
                text run at (2,2) width 42: "(1,1)"
            RenderTableCell {TH} at (48,1) size 46x23 [border: (1px inset #808080)] [r=0 c=1 rs=1 cs=1]
              RenderText {#text} at (2,2) size 42x19
                text run at (2,2) width 42: "(1,2)"
            RenderTableCell {TH} at (95,1) size 46x23 [border: (1px inset #808080)] [r=0 c=2 rs=1 cs=1]
              RenderText {#text} at (2,2) size 42x19
                text run at (2,2) width 42: "(1,3)"
            RenderTableCell {TH} at (142,1) size 46x23 [border: (1px inset #808080)] [r=0 c=3 rs=1 cs=1]
              RenderText {#text} at (2,2) size 42x19
                text run at (2,2) width 42: "(1,4)"
            RenderTableCell {TH} at (189,1) size 46x23 [border: (1px inset #808080)] [r=0 c=4 rs=1 cs=1]
              RenderText {#text} at (2,2) size 42x19
                text run at (2,2) width 42: "(1,5)"
      RenderBlock {PRE} at (0,40) size 964x15
        RenderText {#text} at (0,0) size 322x15
          text run at (0,0) width 322: "xxx(1,1)[tab](1,2)[tab](1,3)[tab](1,4)[tab](1,5)xxx"
