layer at (0,0) size 980x1018
  RenderView at (0,0) size 980x735
layer at (0,0) size 980x1018
  RenderBlock {HTML} at (0,0) size 980x1018
    RenderBody {BODY} at (8,8) size 964x1002
      RenderBlock {DIV} at (-3038,0) size 4002x1002 [border: (1px solid #FF0000)]
        RenderText {#text} at (2157,1) size 1844x19
          text run at (2157,1) width 1844: "BEGINddddddddddddddddddddddddddddddddddddddddddddddddddddddddddddddddddddddddddddddddddddddddddddddddddddddddddddddddddddddddddddddddddddddddddddddddddddddddddddddddddddddddddddddddEND"
