layer at (0,0) size 1122x735
  RenderView at (0,0) size 980x735
layer at (0,0) size 980x735
  RenderBlock {HTML} at (0,0) size 980x735
    RenderBody {BODY} at (8,8) size 964x719
      RenderBlock {DETAILS} at (0,0) size 964x0
      RenderBlock {DETAILS} at (0,0) size 964x19
      RenderBlock {DETAILS} at (0,19) size 964x0
layer at (50,150) size 55x19
  RenderBlock (positioned) {SUMMARY} at (50,150) size 55x19
    RenderDetailsMarker {DIV} at (0,5) size 10x10: right
    RenderText {#text} at (16,0) size 39x19
      text run at (16,0) width 39: "fixed"
layer at (158,158) size 964x19
  RenderBlock (relative positioned) {SUMMARY} at (0,0) size 964x19
    RenderDetailsMarker {DIV} at (0,5) size 10x10: right
    RenderText {#text} at (16,0) size 60x19
      text run at (16,0) width 60: "relative"
layer at (250,150) size 84x19
  RenderBlock (positioned) {SUMMARY} at (250,150) size 84x19
    RenderDetailsMarker {DIV} at (0,5) size 10x10: right
    RenderText {#text} at (16,0) size 68x19
      text run at (16,0) width 68: "absolute"
