layer at (0,0) size 980x735
  RenderView at (0,0) size 980x735
layer at (0,0) size 980x735
  RenderBlock {HTML} at (0,0) size 980x735
    RenderBody {BODY} at (8,8) size 964x719
      RenderBlock {DETAILS} at (0,0) size 964x48
        RenderBlock {SUMMARY} at (0,0) size 964x19
          RenderDetailsMarker {DIV} at (0,5) size 10x10: down
          RenderText {#text} at (16,0) size 76x19
            text run at (16,0) width 76: "summary"
        RenderBlock (anonymous) at (0,19) size 964x29
          RenderTextControl {INPUT} at (2,2) size 171x25 [bgcolor=#FFFFFF]
          RenderText {#text} at (0,0) size 0x0
          RenderText {#text} at (0,0) size 0x0
layer at (14,35) size 164x15
  RenderBlock {DIV} at (4,6) size 164x15
