layer at (0,0) size 980x735
  RenderView at (0,0) size 980x735
layer at (0,0) size 980x735
  RenderBlock {HTML} at (0,0) size 980x735
    RenderBody {BODY} at (8,8) size 964x719
      RenderBlock {DETAILS} at (0,0) size 964x38
        RenderBlock {SUMMARY} at (0,0) size 964x19
          RenderDetailsMarker {DIV} at (0,5) size 10x10: down
          RenderText {#text} at (16,0) size 78x19
            text run at (16,0) width 78: "Summary"
        RenderBlock (anonymous) at (0,19) size 964x19
          RenderBlock {SPAN} at (0,3) size 54x15
            RenderText {#text} at (0,0) size 54x15
              text run at (0,0) width 54: "Details1"
          RenderText {#text} at (54,0) size 5x19
            text run at (54,0) width 5: " "
          RenderText {#text} at (0,0) size 0x0
          RenderBlock {SPAN} at (59,3) size 54x15
            RenderText {#text} at (0,0) size 54x15
              text run at (0,0) width 54: "Details2"
          RenderText {#text} at (0,0) size 0x0
      RenderBlock (anonymous) at (0,38) size 964x27
        RenderButton {INPUT} at (2,2) size 38x23 [bgcolor=#C0C0C0] [border: (2px outset #C0C0C0)]
          RenderBlock (anonymous) at (5,5) size 30x15
            RenderText at (0,0) size 30x15
              text run at (0,0) width 30: "click"
        RenderText {#text} at (0,0) size 0x0
