layer at (0,0) size 980x735
  RenderView at (0,0) size 980x735
layer at (0,0) size 980x735
  RenderBlock {HTML} at (0,0) size 980x735
    RenderBody {BODY} at (8,8) size 964x719
      RenderBlock {DETAILS} at (0,0) size 964x38
        RenderBlock {SUMMARY} at (0,0) size 964x19
          RenderDetailsMarker {DIV} at (0,5) size 10x10: down
          RenderText {#text} at (16,0) size 76x19
            text run at (16,0) width 76: "summary"
        RenderBlock (anonymous) at (0,19) size 964x19
          RenderInline {SPAN} at (0,0) size 195x19
            RenderInline {B} at (0,0) size 195x19
              RenderText {#text} at (0,0) size 195x19
                text run at (0,0) width 195: "should have bold test"
          RenderText {#text} at (0,0) size 0x0
