layer at (0,0) size 980x735
  RenderView at (0,0) size 980x735
layer at (0,0) size 980x496
  RenderBlock {HTML} at (0,0) size 980x496
    RenderBody {BODY} at (8,8) size 964x480
      RenderBlock {DIV} at (0,0) size 964x85
        RenderBlock {DETAILS} at (0,0) size 964x85
          RenderBlock {SUMMARY} at (0,0) size 964x85
            RenderDetailsMarker {DIV} at (0,0) size 111x79 [border: (8px solid #00FF00) (16px solid #00FF00) (24px solid #00FF00) (32px solid #00FF00)]: right
            RenderText {#text} at (120,57) size 115x28
              text run at (120,57) width 115: "Summary"
      RenderBlock {DIV} at (0,85) size 126x194
        RenderBlock {DETAILS} at (0,0) size 126x194
          RenderBlock {SUMMARY} at (0,0) size 126x194
            RenderDetailsMarker {DIV} at (9,0) size 111x79 [border: (8px solid #00FF00) (16px solid #00FF00) (24px solid #00FF00) (32px solid #00FF00)]: down
            RenderText {#text} at (98,79) size 28x115
              text run at (98,79) width 115: "Summary"
      RenderBlock {DIV} at (0,279) size 964x46
        RenderBlock {DETAILS} at (0,0) size 964x46
          RenderBlock {SUMMARY} at (0,0) size 964x46
            RenderDetailsMarker {DIV} at (0,0) size 64x40 [border: (8px solid #00FF00)]: right
            RenderText {#text} at (73,18) size 115x28
              text run at (73,18) width 115: "Summary"
      RenderBlock {DIV} at (0,325) size 79x155
        RenderBlock {DETAILS} at (0,0) size 79x155
          RenderBlock {SUMMARY} at (0,0) size 79x155
            RenderDetailsMarker {DIV} at (9,0) size 64x40 [border: (8px solid #00FF00)]: down
            RenderText {#text} at (51,40) size 28x115
              text run at (51,40) width 115: "Summary"
