layer at (0,0) size 980x735
  RenderView at (0,0) size 980x735
layer at (0,0) size 980x210
  RenderBlock {HTML} at (0,0) size 980x210
    RenderBody {BODY} at (8,16) size 964x178
      RenderBlock {P} at (0,0) size 964x19
        RenderInline {B} at (0,0) size 242x19
          RenderText {#text} at (0,0) size 242x19
            text run at (0,0) width 242: "Should be bold per HTML5."
      RenderBlock {P} at (0,35) size 964x19
        RenderInline {B} at (0,0) size 209x19
          RenderInline {B} at (0,0) size 209x19
            RenderText {#text} at (0,0) size 209x19
              text run at (0,0) width 209: "Should be equally bold."
      RenderBlock {P} at (0,70) size 964x19
        RenderInline {STRONG} at (0,0) size 242x19
          RenderText {#text} at (0,0) size 242x19
            text run at (0,0) width 242: "Should be bold per HTML5."
      RenderBlock {P} at (0,105) size 964x19
        RenderInline {STRONG} at (0,0) size 209x19
          RenderInline {STRONG} at (0,0) size 209x19
            RenderText {#text} at (0,0) size 209x19
              text run at (0,0) width 209: "Should be equally bold."
      RenderBlock {P} at (0,140) size 964x38
        RenderText {#text} at (0,0) size 917x38
          text run at (0,0) width 604: "The HTML5 spec says that b and strong should render as font-weight: bold, "
          text run at (604,0) width 313: "not font-weight: bolder. The text above"
          text run at (0,19) width 257: "should all render with the same "
          text run at (257,19) width 75: "boldness."
