layer at (0,0) size 980x735
  RenderView at (0,0) size 980x735
layer at (0,0) size 980x156
  RenderBlock {HTML} at (0,0) size 980x156
    RenderBody {BODY} at (8,16) size 964x124
      RenderBlock {P} at (0,0) size 964x19
        RenderText {#text} at (0,0) size 329x19
          text run at (0,0) width 329: "This line should not have red background"
      RenderBlock {P} at (0,35) size 964x19 [bgcolor=#00FF00]
        RenderText {#text} at (0,0) size 305x19
          text run at (0,0) width 305: "This line should have lime background"
      RenderBlock {P} at (0,70) size 964x19
        RenderText {#text} at (0,0) size 329x19
          text run at (0,0) width 329: "This line should not have red background"
      RenderBlock {P} at (0,105) size 964x19 [bgcolor=#00FF00]
        RenderText {#text} at (0,0) size 305x19
          text run at (0,0) width 305: "This line should have lime background"
