layer at (0,0) size 980x735
  RenderView at (0,0) size 980x735
layer at (0,0) size 980x735
  RenderBlock {HTML} at (0,0) size 980x735
    RenderBody {BODY} at (8,8) size 964x711
      RenderBlock {P} at (0,0) size 964x19
        RenderText {#text} at (0,0) size 523x19
          text run at (0,0) width 523: "This tests the listing tag. It's an obsolete synonym for the pre tag."
      RenderBlock {DIV} at (0,35) size 964x19
        RenderText {#text} at (0,0) size 213x19
          text run at (0,0) width 213: "Text just before the listing."
      RenderBlock {LISTING} at (0,67) size 964x45
        RenderText {#text} at (0,0) size 624x45
          text run at (0,0) width 200: "This text is inside a listing tag."
          text run at (200,0) width 0: " "
          text run at (0,15) width 624: "It acts exactly like the pre tag, so the text should be monospaced and not have any line breaks."
          text run at (624,15) width 0: " "
          text run at (0,30) width 613: "Also, it eats the very first newline inside the listing, so there should not be a blank line above."
          text run at (613,30) width 0: " "
      RenderBlock {P} at (0,128) size 964x19
        RenderText {#text} at (0,0) size 744x19
          text run at (0,0) width 744: "The listing tag has a width in it. To test the JavaScript binding, this page gets the width, here: "
        RenderInline {A} at (0,0) size 30x19
          RenderText {#text} at (744,0) size 30x19
            text run at (744,0) width 30: "100"
