layer at (0,0) size 980x735
  RenderView at (0,0) size 980x735
layer at (0,0) size 980x51
  RenderBlock {HTML} at (0,0) size 980x51
    RenderBody {BODY} at (8,16) size 964x19
      RenderBlock {P} at (0,0) size 964x19
        RenderText {#text} at (0,0) size 469x19
          text run at (0,0) width 469: "This page should have one square green block and no red."
layer at (8,64) size 80x80
  RenderBlock (positioned) {DIV} at (8,64) size 80x80 [bgcolor=#FF0000]
layer at (8,64) size 80x80
  RenderBlock (positioned) {DIV} at (8,64) size 80x80 [bgcolor=#008000]
    RenderBlock {DIV} at (40,80) size 0x0 [bgcolor=#FF0000]
