layer at (0,0) size 980x735
  RenderView at (0,0) size 980x735
layer at (0,0) size 980x358
  RenderBlock {HTML} at (0,0) size 980x358
    RenderBody {BODY} at (8,16) size 964x326
      RenderBlock {P} at (0,0) size 964x19
        RenderText {#text} at (0,0) size 625x19
          text run at (0,0) width 625: "The following two columns should be pixel perfect identical with no red visible."
      RenderTable {TABLE} at (0,35) size 106x256 [bgcolor=#FF0000] [border: (3px solid #000000)]
        RenderTableSection {TBODY} at (3,3) size 100x250
          RenderTableRow {TR} at (0,0) size 100x250
            RenderTableCell {TD} at (0,0) size 50x250 [bgcolor=#FFA500] [r=0 c=0 rs=1 cs=1]
              RenderBlock {DIV} at (0,0) size 50x50 [bgcolor=#FFFF00]
              RenderBlock {DIV} at (0,150) size 50x0 [bgcolor=#FF0000]
              RenderBlock {DIV} at (0,200) size 50x50 [bgcolor=#00FFFF]
            RenderTableCell {TD} at (50,0) size 50x250 [r=0 c=1 rs=1 cs=1]
              RenderBlock {DIV} at (0,0) size 50x50 [border: (50px solid #FFFF00) none]
              RenderBlock {DIV} at (0,50) size 50x100 [border: (100px solid #FFA500) none]
              RenderBlock {DIV} at (0,150) size 50x50 [border: (50px solid #00FF00) none]
              RenderBlock {DIV} at (0,200) size 50x50 [border: (50px solid #00FFFF) none]
      RenderBlock {P} at (0,307) size 964x19
        RenderText {#text} at (0,0) size 329x19
          text run at (0,0) width 329: "This test is meaningless if you don't pass "
        RenderInline {A} at (0,0) size 65x19 [color=#0000EE]
          RenderText {#text} at (329,0) size 65x19
            text run at (329,0) width 65: "test 006"
        RenderText {#text} at (394,0) size 5x19
          text run at (394,0) width 5: "."
layer at (11,204) size 50x50
  RenderBlock (positioned) {DIV} at (11,204) size 50x50 [bgcolor=#00FF00]
