layer at (0,0) size 980x735
  RenderView at (0,0) size 980x735
layer at (0,0) size 980x208
  RenderBlock {HTML} at (0,0) size 980x208
    RenderBody {BODY} at (8,16) size 964x176
      RenderBlock {P} at (0,0) size 964x19
        RenderText {#text} at (0,0) size 294x19
          text run at (0,0) width 294: "There should be no red on this page."
      RenderTable {TABLE} at (0,35) size 156x106 [bgcolor=#FF0000] [border: (3px solid #000000)]
        RenderTableSection {TBODY} at (3,3) size 150x100
          RenderTableRow {TR} at (0,0) size 150x100
            RenderTableCell {TD} at (0,0) size 50x100 [r=0 c=0 rs=1 cs=1]
              RenderBlock {DIV} at (0,0) size 50x55 [bgcolor=#00FF00]
                RenderBlock {DIV} at (0,0) size 50x50
              RenderBlock {DIV} at (0,55) size 50x45 [bgcolor=#00FF00]
            RenderTableCell {TD} at (50,0) size 50x100 [r=0 c=1 rs=1 cs=1]
              RenderBlock {DIV} at (0,0) size 50x50 [bgcolor=#00FF00]
                RenderBlock {DIV} at (0,0) size 50x50
              RenderBlock {DIV} at (0,50) size 50x50 [bgcolor=#00FF00]
            RenderTableCell {TD} at (100,0) size 50x100 [r=0 c=2 rs=1 cs=1]
              RenderBlock {DIV} at (0,0) size 50x45 [bgcolor=#00FF00]
                RenderBlock {DIV} at (0,0) size 50x50
              RenderBlock {DIV} at (0,45) size 50x55 [bgcolor=#00FF00]
      RenderBlock {P} at (0,157) size 964x19
        RenderText {#text} at (0,0) size 77x19
          text run at (0,0) width 77: "See also: "
        RenderInline {A} at (0,0) size 96x19 [color=#0000EE]
          RenderText {#text} at (77,0) size 96x19
            text run at (77,0) width 96: "prerequisite"
        RenderText {#text} at (173,0) size 5x19
          text run at (173,0) width 5: "."
