layer at (0,0) size 980x735
  RenderView at (0,0) size 980x735
layer at (0,0) size 980x94
  RenderBlock {HTML} at (0,0) size 980x94
    RenderBody {BODY} at (8,16) size 964x70
      RenderBlock {P} at (0,0) size 964x19
        RenderText {#text} at (0,0) size 243x19
          text run at (0,0) width 243: "There should be no red below."
      RenderBlock {DIV} at (0,51) size 964x19 [bgcolor=#FF0000]
        RenderBlock {DIV} at (0,0) size 964x19
          RenderBlock {DIV} at (0,0) size 964x19
            RenderBlock {DIV} at (0,0) size 964x19 [color=#FFFFFF] [bgcolor=#008000]
              RenderText {#text} at (0,0) size 204x19
                text run at (0,0) width 204: "This line should be green."
