layer at (0,0) size 980x735
  RenderView at (0,0) size 980x735
layer at (0,0) size 980x735
  RenderBlock {HTML} at (0,0) size 980x735
    RenderBody {BODY} at (8,8) size 964x719 [color=#FFFFFF]
      RenderBlock {DIV} at (0,0) size 964x36 [bgcolor=#008000] [border: none (1px solid #000000) none]
        RenderBlock {P} at (0,0) size 964x19
          RenderText {#text} at (0,0) size 511x19
            text run at (0,0) width 511: "This div should be 2em tall with a 1em gap underneath the text."
      RenderBlock {DIV} at (0,36) size 964x19 [bgcolor=#008000]
        RenderText {#text} at (0,0) size 510x19
          text run at (0,0) width 510: "I should also be green and flush with the other green div above."
