layer at (0,0) size 980x735
  RenderView at (0,0) size 980x735
layer at (0,0) size 980x258
  RenderBlock {HTML} at (0,0) size 980x258
    RenderBody {BODY} at (8,16) size 964x226
      RenderBlock {P} at (0,0) size 964x19
        RenderText {#text} at (0,0) size 294x19
          text run at (0,0) width 294: "There should be no red on this page."
      RenderTable {TABLE} at (0,35) size 106x156 [bgcolor=#FF0000] [border: (3px solid #000000)]
        RenderTableSection {TBODY} at (3,3) size 100x150
          RenderTableRow {TR} at (0,0) size 100x150
            RenderTableCell {TD} at (0,0) size 50x150 [bgcolor=#FF0000] [r=0 c=0 rs=1 cs=1]
              RenderBlock {DIV} at (0,0) size 50x50
                RenderBlock {DIV} at (0,0) size 50x150 [bgcolor=#00FFFF]
              RenderBlock {DIV} at (0,50) size 50x50 [bgcolor=#FFFF00]
            RenderTableCell {TD} at (50,0) size 50x150 [bgcolor=#FF0000] [r=0 c=1 rs=1 cs=1]
              RenderBlock {DIV} at (0,0) size 50x50 [border: (50px solid #00FFFF) none]
              RenderBlock {DIV} at (0,50) size 50x50 [border: (50px solid #FFFF00) none]
              RenderBlock {DIV} at (0,100) size 50x50 [border: (50px solid #00FFFF) none]
      RenderBlock {P} at (0,207) size 964x19
        RenderText {#text} at (0,0) size 72x19
          text run at (0,0) width 72: "See also "
        RenderInline {A} at (0,0) size 65x19 [color=#0000EE]
          RenderText {#text} at (72,0) size 65x19
            text run at (72,0) width 65: "test 019"
        RenderText {#text} at (137,0) size 10x19
          text run at (137,0) width 10: ", "
        RenderInline {A} at (0,0) size 65x19 [color=#0000EE]
          RenderText {#text} at (147,0) size 65x19
            text run at (147,0) width 65: "test 020"
        RenderText {#text} at (212,0) size 5x19
          text run at (212,0) width 5: "."
