layer at (0,0) size 980x735
  RenderView at (0,0) size 980x735
layer at (0,0) size 980x110 layerType: background only
layer at (10,46) size 320x64
  RenderBlock (positioned) zI: -1 {DIV} at (10,46) size 320x64 [color=#FFFF00] [bgcolor=#FF0000]
    RenderText zI: -1 {#text} at (0,0) size 34x19
      text run at (0,0) width 34: "FAIL"
layer at (0,0) size 980x110 layerType: foreground only
  RenderBlock {HTML} at (0,0) size 980x110
    RenderBody {BODY} at (10,46) size 960x0
      RenderBlock {DIV} at (2,0) size 956x0
        RenderBlock {DIV} at (20,0) size 916x0
          RenderBlock {DIV} at (0,0) size 916x0
      RenderBlock (floating) {DIV} at (0,0) size 320x64 [color=#FFFFFF] [bgcolor=#008000]
        RenderText {#text} at (0,0) size 218x19
          text run at (0,0) width 218: "This block should be green."
      RenderBlock {DIV} at (50,0) size 860x0
