layer at (0,0) size 1191x735
  RenderView at (0,0) size 980x735
layer at (0,0) size 980x735
  RenderBlock {HTML} at (0,0) size 980x735
    RenderBody {BODY} at (8,8) size 964x719
      RenderBlock {DIV} at (0,0) size 964x113 [border: (2px solid #0000FF)]
        RenderBlock (anonymous) at (2,2) size 960x57
          RenderText {#text} at (0,0) size 934x38
            text run at (0,0) width 725: "Resize the window. Red boxes below must not overflow the blue box (or window) from the "
            text run at (725,0) width 209: "left side, though they may"
            text run at (0,19) width 160: "overflow from right."
          RenderBR {BR} at (160,34) size 0x0
          RenderBR {BR} at (0,38) size 0x19
        RenderTable {TABLE} at (2,59) size 1181x29 [border: (2px solid #FF0000)]
          RenderTableSection {TBODY} at (2,2) size 1177x25
            RenderTableRow {TR} at (0,2) size 1177x21
              RenderTableCell {TD} at (2,2) size 1173x21 [r=0 c=0 rs=1 cs=1]
                RenderText {#text} at (1,1) size 1171x19
                  text run at (1,1) width 588: "Blabla blah. Blabla blah. Blabla blah. Blabla blah. Blabla blah. Blabla blah. "
                  text run at (589,1) width 583: "Blabla blah. Blabla blah. Blabla blah. Blabla blah. Blabla blah. Blabla blah."
        RenderBlock {DIV} at (58,88) size 904x23 [border: (2px solid #FF0000)]
          RenderText {#text} at (2,2) size 583x19
            text run at (2,2) width 583: "Blabla blah. Blabla blah. Blabla blah. Blabla blah. Blabla blah. Blabla blah."
