layer at (0,0) size 980x1116
  RenderView at (0,0) size 980x735
layer at (0,0) size 980x1116
  RenderBlock {HTML} at (0,0) size 980x1116
    RenderBody {BODY} at (8,8) size 964x1100
      RenderBlock {SPAN} at (0,0) size 964x19
        RenderBlock (floating) {DIV} at (0,0) size 100x100 [bgcolor=#00FF00]
          RenderText {#text} at (0,0) size 93x57
            text run at (0,0) width 64: "This is a"
            text run at (0,19) width 90: "float that is"
            text run at (0,38) width 93: "100px high."
        RenderText {#text} at (100,0) size 364x19
          text run at (100,0) width 364: "This paragraph has a bottom margin of 50px."
      RenderBlock {SPAN} at (0,100) size 964x0
      RenderBlock {SPAN} at (0,100) size 964x19
        RenderText {#text} at (0,0) size 383x19
          text run at (0,0) width 383: "This text should be immediately under the float."
      RenderBlock {HR} at (0,127) size 964x2 [border: (1px inset #000000)]
      RenderBlock {SPAN} at (0,137) size 964x19
        RenderBlock (floating) {DIV} at (0,0) size 100x100 [bgcolor=#00FF00]
          RenderText {#text} at (0,0) size 93x57
            text run at (0,0) width 64: "This is a"
            text run at (0,19) width 90: "float that is"
            text run at (0,38) width 93: "100px high."
        RenderText {#text} at (100,0) size 364x19
          text run at (100,0) width 364: "This paragraph has a bottom margin of 50px."
      RenderBlock {SPAN} at (0,237) size 964x0
      RenderBlock {SPAN} at (0,247) size 964x19
        RenderText {#text} at (0,0) size 323x19
          text run at (0,0) width 323: "This text should be 10px under the float."
      RenderBlock {HR} at (0,274) size 964x2 [border: (1px inset #000000)]
      RenderBlock {SPAN} at (0,284) size 964x19
        RenderBlock (floating) {DIV} at (0,0) size 100x100 [bgcolor=#00FF00]
          RenderText {#text} at (0,0) size 93x57
            text run at (0,0) width 64: "This is a"
            text run at (0,19) width 90: "float that is"
            text run at (0,38) width 93: "100px high."
        RenderText {#text} at (100,0) size 364x19
          text run at (100,0) width 364: "This paragraph has a bottom margin of 50px."
      RenderBlock {SPAN} at (0,384) size 964x0
      RenderBlock {SPAN} at (0,384) size 964x19
        RenderText {#text} at (0,0) size 383x19
          text run at (0,0) width 383: "This text should be immediately under the float."
      RenderBlock {HR} at (0,411) size 964x2 [border: (1px inset #000000)]
      RenderBlock {SPAN} at (0,421) size 964x19
        RenderBlock (floating) {DIV} at (0,0) size 100x100 [bgcolor=#00FF00]
          RenderText {#text} at (0,0) size 93x57
            text run at (0,0) width 64: "This is a"
            text run at (0,19) width 90: "float that is"
            text run at (0,38) width 93: "100px high."
        RenderText {#text} at (100,0) size 364x19
          text run at (100,0) width 364: "This paragraph has a bottom margin of 50px."
      RenderBlock {SPAN} at (0,521) size 964x0
      RenderBlock {SPAN} at (0,521) size 964x19
        RenderText {#text} at (0,0) size 383x19
          text run at (0,0) width 383: "This text should be immediately under the float."
      RenderBlock {HR} at (0,548) size 964x2 [border: (1px inset #000000)]
      RenderBlock {SPAN} at (0,558) size 964x19
        RenderBlock (floating) {DIV} at (0,0) size 100x100 [bgcolor=#00FF00]
          RenderText {#text} at (0,0) size 93x57
            text run at (0,0) width 64: "This is a"
            text run at (0,19) width 90: "float that is"
            text run at (0,38) width 93: "100px high."
        RenderText {#text} at (100,0) size 364x19
          text run at (100,0) width 364: "This paragraph has a bottom margin of 50px."
      RenderBlock {SPAN} at (0,658) size 964x0
      RenderBlock {SPAN} at (0,668) size 964x19
        RenderText {#text} at (0,0) size 323x19
          text run at (0,0) width 323: "This text should be 10px under the float."
      RenderBlock {HR} at (0,695) size 964x2 [border: (1px inset #000000)]
      RenderBlock {SPAN} at (0,705) size 964x19
        RenderBlock (floating) {DIV} at (0,0) size 100x100 [bgcolor=#00FF00]
          RenderText {#text} at (0,0) size 93x57
            text run at (0,0) width 64: "This is a"
            text run at (0,19) width 90: "float that is"
            text run at (0,38) width 93: "100px high."
        RenderText {#text} at (100,0) size 364x19
          text run at (100,0) width 364: "This paragraph has a bottom margin of 50px."
      RenderBlock {SPAN} at (0,805) size 964x0
      RenderBlock {SPAN} at (0,805) size 964x19
        RenderText {#text} at (0,0) size 383x19
          text run at (0,0) width 383: "This text should be immediately under the float."
      RenderBlock {HR} at (0,832) size 964x2 [border: (1px inset #000000)]
      RenderBlock {SPAN} at (0,842) size 964x120 [border: (10px dotted #000000)]
        RenderBlock {SPAN} at (10,10) size 944x19
          RenderBlock (floating) {DIV} at (0,0) size 100x100 [bgcolor=#00FF00]
            RenderText {#text} at (0,0) size 93x57
              text run at (0,0) width 64: "This is a"
              text run at (0,19) width 90: "float that is"
              text run at (0,38) width 93: "100px high."
          RenderText {#text} at (100,0) size 364x19
            text run at (100,0) width 364: "This paragraph has a bottom margin of 50px."
        RenderBlock {SPAN} at (10,110) size 944x0
      RenderBlock {HR} at (0,970) size 964x2 [border: (1px inset #000000)]
      RenderBlock {SPAN} at (0,980) size 964x120 [border: (10px dotted #000000)]
        RenderBlock {SPAN} at (10,10) size 944x19
          RenderBlock (floating) {DIV} at (0,0) size 100x100 [bgcolor=#00FF00]
            RenderText {#text} at (0,0) size 93x57
              text run at (0,0) width 64: "This is a"
              text run at (0,19) width 90: "float that is"
              text run at (0,38) width 93: "100px high."
          RenderText {#text} at (100,0) size 364x19
            text run at (100,0) width 364: "This paragraph has a bottom margin of 50px."
        RenderBlock {SPAN} at (10,110) size 944x0
