layer at (0,0) size 800x600
  RenderView at (0,0) size 800x600
layer at (0,0) size 800x600
  RenderBlock {HTML} at (0,0) size 800x600
    RenderBody {BODY} at (8,8) size 784x584
      RenderBlock {P} at (0,0) size 784x14
        RenderText {#text} at (0,0) size 6x14
          text run at (0,0) width 6: "x"
      RenderBlock {DIV} at (0,26) size 784x14
        RenderBlock {DIV} at (0,0) size 784x14 [color=#0000FF]
          RenderInline (generated) at (0,0) size 30x14 [color=#000000]
            RenderText at (0,0) size 30x14
              text run at (0,0) width 30: "PASS"
          RenderText {#text} at (30,0) size 166x14
            text run at (30,0) width 166: " < this should say still say \x{201C}PASS\x{201D}"
