layer at (0,0) size 800x600
  RenderView at (0,0) size 800x600
layer at (0,0) size 800x600
  RenderBlock {HTML} at (0,0) size 800x600
    RenderBody {BODY} at (8,8) size 784x580
      RenderBlock {UL} at (0,0) size 784x14
        RenderListItem {LI} at (40,0) size 744x14
          RenderListMarker at (-15,0) size 6x14: bullet
          RenderText {#text} at (0,0) size 6x14
            text run at (0,0) width 6: "x"
      RenderBlock {DIV} at (0,26) size 784x14
        RenderBlock {DIV} at (0,0) size 784x14
          RenderBlock {P} at (0,0) size 784x14
            RenderText {#text} at (0,0) size 6x14
              text run at (0,0) width 6: "x"
