layer at (0,0) size 980x735
  RenderView at (0,0) size 980x735
layer at (0,0) size 980x735
  RenderBlock {HTML} at (0,0) size 980x735
    RenderBody {BODY} at (8,8) size 964x719
      RenderInline {A} at (0,0) size 326x19 [color=#0000EE]
        RenderText {#text} at (0,0) size 326x19
          text run at (0,0) width 326: "You should not see anything but this link."
      RenderText {#text} at (0,0) size 0x0
