layer at (0,0) size 980x735
  RenderView at (0,0) size 980x735
layer at (0,0) size 980x735
  RenderBlock {HTML} at (0,0) size 980x735
    RenderBody {BODY} at (8,8) size 964x711
      RenderBlock {DIV} at (0,0) size 964x19
        RenderInline (generated) at (0,0) size 10x19
          RenderText {#text} at (0,0) size 10x19
            text run at (0,0) width 10: "T"
        RenderText {#text} at (10,0) size 277x19
          text run at (10,0) width 277: "HIS TEXT SHOULD BE UPPERCASE."
      RenderBlock {P} at (0,35) size 964x19
        RenderInline (generated) at (0,0) size 287x19
          RenderText at (0,0) size 287x19
            text run at (0,0) width 287: "THIS TEXT SHOULD BE UPPERCASE."
