layer at (0,0) size 980x735
  RenderView at (0,0) size 980x735
layer at (0,0) size 980x35
  RenderBlock {HTML} at (0,0) size 980x35
    RenderBody {BODY} at (8,8) size 964x19
      RenderInline {A} at (0,0) size 143x19 [color=#0000EE]
        RenderInline (generated) at (0,0) size 10x19
          RenderImage at (0,5) size 10x10
        RenderText {#text} at (10,0) size 133x19
          text run at (10,0) width 133: "What's going on."
      RenderText {#text} at (0,0) size 0x0
