layer at (0,0) size 980x735
  RenderView at (0,0) size 980x735
layer at (0,0) size 980x735
  RenderBlock {HTML} at (0,0) size 980x735
    RenderBody {BODY} at (8,8) size 964x719
      RenderBlock {H1} at (0,0) size 964x37
        RenderInline (generated) at (0,0) size 262x38
          RenderText at (0,0) size 262x38
            text run at (0,0) width 262: "First Chapter: "
        RenderText {#text} at (262,0) size 122x38
          text run at (262,0) width 122: "TEST 1"
      RenderBlock (anonymous) at (0,58) size 964x19
        RenderText {#text} at (0,0) size 288x19
          text run at (0,0) width 288: "Should read: \"First Chapter: TEST 1\""
      RenderBlock {H2} at (0,96) size 964x28
        RenderInline (generated) at (0,0) size 125x28
          RenderText at (0,0) size 125x28
            text run at (0,0) width 125: "Chapter: "
        RenderText {#text} at (125,0) size 90x28
          text run at (125,0) width 90: "TEST 2"
      RenderBlock (anonymous) at (0,143) size 964x19
        RenderText {#text} at (0,0) size 249x19
          text run at (0,0) width 249: "Should read: \"Chapter: TEST 2\""
      RenderBlock {H3} at (0,180) size 964x22
        RenderInline (generated) at (0,0) size 151x22
          RenderText at (0,0) size 151x22
            text run at (0,0) width 151: "Chapter One: "
        RenderText {#text} at (151,0) size 73x22
          text run at (151,0) width 73: "TEST 3"
      RenderBlock (anonymous) at (0,220) size 964x19
        RenderText {#text} at (0,0) size 287x19
          text run at (0,0) width 287: "Should read: \"Chapter One: TEST 3\""
      RenderBlock {H4} at (0,260) size 964x19
        RenderInline (generated) at (0,0) size 84x19
          RenderText at (0,0) size 84x19
            text run at (0,0) width 84: "Chapter: "
        RenderText {#text} at (84,0) size 62x19
          text run at (84,0) width 62: "TEST 4"
      RenderBlock (anonymous) at (0,300) size 964x19
        RenderText {#text} at (0,0) size 249x19
          text run at (0,0) width 249: "Should read: \"Chapter: TEST 4\""
