layer at (0,0) size 980x735
  RenderView at (0,0) size 980x735
layer at (0,0) size 980x735
  RenderBlock {HTML} at (0,0) size 980x735
    RenderBody {BODY} at (8,8) size 964x717
      RenderBlock {P} at (0,0) size 964x19
        RenderInline {EM} at (0,0) size 799x19
          RenderText {#text} at (0,0) size 799x19
            text run at (0,0) width 799: "When an :after rule has multiple pieces of content, older versions of Safari display them backwards."
      RenderBlock {DIV} at (10,35) size 944x51 [border: (1px solid #000000)]
        RenderText {#text} at (11,21) size 53x19
          text run at (11,21) width 53: "Inline: "
        RenderInline (generated) at (0,0) size 609x19
          RenderText at (64,21) size 299x19
            text run at (64,21) width 299: "This should be before the green box. "
          RenderImage at (363,11) size 25x25
          RenderText at (388,21) size 285x19
            text run at (388,21) width 285: " This should be after the green box."
      RenderBlock {DIV} at (10,96) size 944x108 [border: (1px solid #000000)]
        RenderText {#text} at (11,78) size 101x19
          text run at (11,78) width 101: "Inline-block: "
        RenderBlock (generated) at (112,11) size 200x86
          RenderText at (0,0) size 172x48
            text run at (0,0) width 172: "This should be before"
            text run at (0,29) width 122: "the green box. "
          RenderImage at (122,19) size 25x25
          RenderText at (147,29) size 184x57
            text run at (147,29) width 37: " This"
            text run at (0,48) width 152: "should be after the"
            text run at (0,67) width 86: "green box."
      RenderBlock {DIV} at (10,214) size 944x127 [border: (1px solid #000000)]
        RenderBlock (anonymous) at (11,11) size 922x19
          RenderText {#text} at (0,0) size 48x19
            text run at (0,0) width 48: "Block:"
        RenderBlock (generated) at (11,30) size 200x86
          RenderText at (0,0) size 172x48
            text run at (0,0) width 172: "This should be before"
            text run at (0,29) width 122: "the green box. "
          RenderImage at (122,19) size 25x25
          RenderText at (147,29) size 184x57
            text run at (147,29) width 37: " This"
            text run at (0,48) width 152: "should be after the"
            text run at (0,67) width 86: "green box."
