layer at (0,0) size 980x735
  RenderView at (0,0) size 980x735
layer at (0,0) size 980x735
  RenderBlock {HTML} at (0,0) size 980x735
    RenderBody {BODY} at (8,8) size 964x719
      RenderBlock {P} at (0,0) size 964x38
        RenderText {#text} at (0,0) size 67x19
          text run at (0,0) width 67: "Test for "
        RenderInline {I} at (0,0) size 793x38
          RenderInline {A} at (0,0) size 372x19 [color=#0000EE]
            RenderText {#text} at (67,0) size 372x19
              text run at (67,0) width 372: "http://bugs.webkit.org/show_bug.cgi?id=14221"
          RenderText {#text} at (439,0) size 793x38
            text run at (439,0) width 5: " "
            text run at (444,0) width 349: "Repro crash (ASSERTION FAILED: oldText in"
            text run at (0,19) width 709: "RenderBlock::updateFirstLetter() during relayout of :before content with first-letter style)"
        RenderText {#text} at (709,19) size 5x19
          text run at (709,19) width 5: "."
      RenderBlock {DIV} at (0,54) size 964x34
        RenderInline (generated) at (0,0) size 56x28
          RenderInline (generated) at (0,0) size 18x34 [color=#008000]
            RenderText at (0,0) size 18x34
              text run at (0,0) width 18: "T"
          RenderText at (18,5) size 38x28
            text run at (18,5) width 38: "he "
        RenderText {#text} at (56,5) size 531x28
          text run at (56,5) width 531: "first letter is green and larger than the rest."
