layer at (0,0) size 980x735
  RenderView at (0,0) size 980x735
layer at (0,0) size 980x735
  RenderBlock {HTML} at (0,0) size 980x735
    RenderBody {BODY} at (8,8) size 964x719
      RenderBlock {DIV} at (0,0) size 964x100 [color=#FF0000]
        RenderText {#text} at (0,0) size 100x100
          text run at (0,0) width 100: "A"
      RenderBlock {DIV} at (0,0) size 964x100 [color=#008000]
        RenderTable at (0,0) size 100x100
          RenderTableSection (anonymous) at (0,0) size 100x100
            RenderTableRow (anonymous) at (0,0) size 100x100
              RenderTableCell (anonymous) at (0,0) size 100x100 [r=0 c=0 rs=1 cs=1]
                RenderInline (generated) at (0,0) size 100x100
                  RenderText at (0,0) size 100x100
                    text run at (0,0) width 100: "A"
                RenderText at (0,0) size 0x0
