layer at (0,0) size 980x735
  RenderView at (0,0) size 980x735
layer at (0,0) size 980x735
  RenderBlock {HTML} at (0,0) size 980x735
    RenderBody {BODY} at (8,8) size 964x719
      RenderBlock {H1} at (0,0) size 964x37
        RenderText {#text} at (0,0) size 116x38
          text run at (0,0) width 116: "Blocks"
      RenderBlock {DIV} at (0,58) size 964x19
        RenderInline (generated) at (0,0) size 44x19
          RenderText at (0,0) size 44x19
            text run at (0,0) width 44: "Test: "
        RenderText {#text} at (44,0) size 61x19
          text run at (44,0) width 61: "content"
      RenderBlock {DIV} at (0,77) size 964x19
        RenderBlock (generated) at (0,0) size 39x19
          RenderText at (0,0) size 39x19
            text run at (0,0) width 39: "Test:"
        RenderText {#text} at (39,0) size 61x19
          text run at (39,0) width 61: "content"
      RenderBlock {DIV} at (0,96) size 964x19
        RenderTable at (0,0) size 39x19
          RenderTableSection (anonymous) at (0,0) size 39x19
            RenderTableRow (anonymous) at (0,0) size 39x19
              RenderTableCell (anonymous) at (0,0) size 39x19 [r=0 c=0 rs=1 cs=1]
                RenderText at (0,0) size 39x19
                  text run at (0,0) width 39: "Test:"
        RenderText {#text} at (39,0) size 61x19
          text run at (39,0) width 61: "content"
      RenderBlock {H1} at (0,136) size 964x37
        RenderText {#text} at (0,0) size 121x38
          text run at (0,0) width 121: "Inlines"
      RenderBlock (anonymous) at (0,194) size 964x57
        RenderInline {SPAN} at (0,0) size 105x19
          RenderInline (generated) at (0,0) size 44x19
            RenderText at (0,0) size 44x19
              text run at (0,0) width 44: "Test: "
          RenderText {#text} at (44,0) size 61x19
            text run at (44,0) width 61: "content"
        RenderBR {BR} at (105,15) size 0x0
        RenderInline {SPAN} at (0,0) size 100x19
          RenderBlock (generated) at (0,19) size 39x19
            RenderText at (0,0) size 39x19
              text run at (0,0) width 39: "Test:"
          RenderText {#text} at (39,19) size 61x19
            text run at (39,19) width 61: "content"
        RenderBR {BR} at (100,34) size 0x0
        RenderInline {SPAN} at (0,0) size 100x19
          RenderTable at (0,38) size 39x19
            RenderTableSection (anonymous) at (0,0) size 39x19
              RenderTableRow (anonymous) at (0,0) size 39x19
                RenderTableCell (anonymous) at (0,0) size 39x19 [r=0 c=0 rs=1 cs=1]
                  RenderText at (0,0) size 39x19
                    text run at (0,0) width 39: "Test:"
          RenderText {#text} at (39,38) size 61x19
            text run at (39,38) width 61: "content"
        RenderBR {BR} at (100,53) size 0x0
