layer at (0,0) size 980x735
  RenderView at (0,0) size 980x735
layer at (0,0) size 980x735
  RenderBlock {HTML} at (0,0) size 980x735
    RenderBody {BODY} at (8,8) size 964x711
      RenderBlock (anonymous) at (0,0) size 964x19
        RenderInline {SPAN} at (0,0) size 284x19
          RenderText {#text} at (0,0) size 284x19
            text run at (0,0) width 284: "This test passes if it does not crash."
        RenderText {#text} at (284,0) size 5x19
          text run at (284,0) width 5: " "
        RenderBR {BR} at (289,15) size 0x0
      RenderBlock {UL} at (0,35) size 964x57
        RenderListItem {LI} at (40,0) size 924x57
          RenderBlock (anonymous) at (0,0) size 924x19
            RenderListMarker at (-18,0) size 7x19: bullet
          RenderTable at (0,19) size 38x19
            RenderTableSection (anonymous) at (0,0) size 38x19
              RenderTableRow (anonymous) at (0,0) size 38x19
                RenderTableCell (anonymous) at (0,0) size 38x19 [r=0 c=0 rs=1 cs=1]
                  RenderText at (0,0) size 38x19
                    text run at (0,0) width 38: "hello"
          RenderBlock (anonymous) at (0,38) size 924x19
            RenderText {#text} at (0,0) size 30x19
              text run at (0,0) width 30: "test"
