layer at (0,0) size 980x735
  RenderView at (0,0) size 980x735
layer at (0,0) size 980x735
  RenderBlock {HTML} at (0,0) size 980x735
    RenderBody {BODY} at (8,8) size 964x711
      RenderBlock (anonymous) at (0,0) size 964x19
        RenderInline {SPAN} at (0,0) size 825x19
          RenderText {#text} at (0,0) size 825x19
            text run at (0,0) width 825: "This test passes if it does not crash, and if we successfully destroy the table-section generated content."
        RenderText {#text} at (825,0) size 5x19
          text run at (825,0) width 5: " "
        RenderBR {BR} at (830,15) size 0x0
      RenderBlock {UL} at (0,35) size 964x38
        RenderListItem {LI} at (40,0) size 924x38
          RenderBlock (anonymous) at (0,0) size 924x19
            RenderListMarker at (-18,0) size 7x19: bullet
            RenderInline (generated) at (0,0) size 38x19
              RenderText at (0,0) size 38x19
                text run at (0,0) width 38: "hello"
          RenderTable at (0,19) size 0x0
          RenderBlock (anonymous) at (0,19) size 924x19
            RenderText {#text} at (0,0) size 30x19
              text run at (0,0) width 30: "test"
