layer at (0,0) size 980x735
  RenderView at (0,0) size 980x735
layer at (0,0) size 980x735
  RenderBlock {HTML} at (0,0) size 980x735
    RenderBody {BODY} at (8,8) size 964x719 [color=#FF0000]
      RenderBlock {P} at (0,0) size 964x19
        RenderText {#text} at (0,0) size 393x19
          text run at (0,0) width 393: "Should say \x{201C}BEFORE CONTENT AFTER CONTENT\x{201D}"
      RenderTable {DIV} at (0,35) size 193x19
        RenderTableSection (anonymous) at (0,0) size 193x19
          RenderTableRow (anonymous) at (0,0) size 193x19
            RenderTableCell (anonymous) at (0,0) size 64x19 [r=0 c=0 rs=1 cs=1]
              RenderText at (0,0) size 64x19
                text run at (0,0) width 64: "BEFORE"
            RenderTableCell (anonymous) at (64,0) size 78x19 [r=0 c=1 rs=1 cs=1]
              RenderBlock {DIV} at (0,0) size 78x19
                RenderText {#text} at (0,0) size 78x19
                  text run at (0,0) width 78: "CONTENT"
            RenderTableCell (anonymous) at (142,0) size 51x19 [r=0 c=2 rs=1 cs=1]
              RenderText at (0,0) size 51x19
                text run at (0,0) width 51: "AFTER"
      RenderBlock (anonymous) at (0,54) size 964x19
        RenderText {#text} at (0,0) size 78x19
          text run at (0,0) width 78: "CONTENT"
        RenderText {#text} at (0,0) size 0x0
