layer at (0,0) size 980x735
  RenderView at (0,0) size 980x735
layer at (0,0) size 980x109
  RenderBlock {HTML} at (0,0) size 980x109
    RenderBody {BODY} at (8,16) size 964x85
      RenderBlock {P} at (0,0) size 964x19
        RenderText {#text} at (0,0) size 588x19
          text run at (0,0) width 588: "There word PASS should appear twice below, and there should be no red."
      RenderTable {DIV} at (0,35) size 65x50 [color=#008000] [bgcolor=#FF0000]
        RenderTableSection (anonymous) at (0,0) size 65x50
          RenderTableRow {DIV} at (0,0) size 65x25
            RenderTableCell {DIV} at (0,0) size 16x25 [bgcolor=#FFFFFF] [border: (3px solid #FFFFFF)] [r=0 c=0 rs=1 cs=1]
              RenderText {#text} at (3,3) size 10x19
                text run at (3,3) width 10: "P"
            RenderTableCell {DIV} at (16,0) size 17x25 [bgcolor=#FFFFFF] [border: (3px solid #FFFFFF)] [r=0 c=1 rs=1 cs=1]
              RenderText {#text} at (3,3) size 11x19
                text run at (3,3) width 11: "A"
            RenderTableCell {DIV} at (33,0) size 16x25 [bgcolor=#FFFFFF] [border: (3px solid #FFFFFF)] [r=0 c=2 rs=1 cs=1]
              RenderText {#text} at (3,3) size 10x19
                text run at (3,3) width 10: "S"
            RenderTableCell {DIV} at (49,0) size 16x25 [bgcolor=#FFFFFF] [border: (3px solid #FFFFFF)] [r=0 c=3 rs=1 cs=1]
              RenderText {#text} at (3,3) size 10x19
                text run at (3,3) width 10: "S"
          RenderTableRow {DIV} at (0,25) size 65x25
            RenderTableCell (anonymous) at (0,25) size 16x25 [bgcolor=#FFFFFF] [border: (3px solid #FFFFFF)] [r=1 c=0 rs=1 cs=1]
              RenderText at (3,3) size 10x19
                text run at (3,3) width 10: "P"
            RenderTableCell {DIV} at (16,25) size 17x25 [bgcolor=#FFFFFF] [border: (3px solid #FFFFFF)] [r=1 c=1 rs=1 cs=1]
              RenderText {#text} at (3,3) size 11x19
                text run at (3,3) width 11: "A"
            RenderTableCell {DIV} at (33,25) size 16x25 [bgcolor=#FFFFFF] [border: (3px solid #FFFFFF)] [r=1 c=2 rs=1 cs=1]
              RenderText {#text} at (3,3) size 10x19
                text run at (3,3) width 10: "S"
            RenderTableCell (anonymous) at (49,25) size 16x25 [bgcolor=#FFFFFF] [border: (3px solid #FFFFFF)] [r=1 c=3 rs=1 cs=1]
              RenderText at (3,3) size 10x19
                text run at (3,3) width 10: "S"
