layer at (0,0) size 980x735
  RenderView at (0,0) size 980x735
layer at (0,0) size 980x35
  RenderBlock {HTML} at (0,0) size 980x35
    RenderBody {BODY} at (8,8) size 964x19 [color=#0000FF]
      RenderBlock {DIV} at (0,0) size 964x19
        RenderTable at (0,0) size 353x19
          RenderTableSection (anonymous) at (0,0) size 353x19
            RenderTableRow (anonymous) at (0,0) size 353x19
              RenderTableCell (anonymous) at (0,0) size 252x19 [r=0 c=0 rs=1 cs=1]
                RenderText at (0,0) size 252x19
                  text run at (0,0) width 252: "You should just see a single line"
              RenderTableCell {DIV} at (252,0) size 5x19 [r=0 c=1 rs=1 cs=1]
                RenderText {#text} at (0,0) size 5x19
                  text run at (0,0) width 5: " "
              RenderTableCell (anonymous) at (257,0) size 96x19 [r=0 c=2 rs=1 cs=1]
                RenderText at (0,0) size 96x19
                  text run at (0,0) width 96: "of blue text."
