layer at (0,0) size 980x735
  RenderView at (0,0) size 980x735
layer at (0,0) size 980x735
  RenderBlock {HTML} at (0,0) size 980x735
    RenderBody {BODY} at (8,8) size 964x719
      RenderInline {A} at (0,0) size 701x19
        RenderInline (generated) at (0,0) size 463x19
          RenderText at (0,0) size 463x19
            text run at (0,0) width 463: "This test passes if it does not crash, and this text appears."
        RenderText {#text} at (463,0) size 238x19
          text run at (463,0) width 238: "But it fails if this text appears."
      RenderText {#text} at (0,0) size 0x0
