layer at (0,0) size 1355x612
  RenderView at (0,0) size 800x600
layer at (0,0) size 800x612
  RenderBlock {HTML} at (0,0) size 800x612
    RenderBody {BODY} at (8,8) size 784x596
      RenderBlock {DIV} at (0,1) size 671x592
        RenderBR {BR} at (335,296) size 0x0
        RenderBR {BR} at (671,592) size 0x0
      RenderText {#text} at (671,582) size 3x14
        text run at (671,582) width 3: " "
      RenderBlock {DIV} at (674,0) size 673x596
        RenderText {#text} at (335,582) size 3x14
          text run at (335,582) width 3: " "
        RenderText {#text} at (0,0) size 0x0
      RenderText {#text} at (0,0) size 0x0
layer at (8,9) size 335x296
  RenderImage {IMG} at (0,0) size 335x296
layer at (344,305) size 335x296
  RenderImage {IMG} at (336,296) size 335x296
layer at (682,305) size 335x296
  RenderImage {IMG} at (0,297) size 335x296
layer at (1020,8) size 335x296
  RenderImage {IMG} at (338,0) size 335x296
