layer at (0,0) size 800x600
  RenderView at (0,0) size 800x600
layer at (0,0) size 800x600
  RenderBlock {HTML} at (0,0) size 800x600
    RenderBody {BODY} at (8,8) size 784x584
      RenderBlock {H3} at (0,0) size 784x17
        RenderText {#text} at (0,0) size 121x17
          text run at (0,0) width 121: "Default Appearance"
      RenderBlock (anonymous) at (0,31) size 784x47
        RenderText {#text} at (0,0) size 339x14
          text run at (0,0) width 339: "List color controls have different appearance if ENABLE(DATALIST)."
        RenderBR {BR} at (339,11) size 0x0
        RenderTextControl {INPUT} at (2,16) size 195x29 [color=#202020]
        RenderTextControl {INPUT} at (201,16) size 195x29 [color=#202020]
        RenderText {#text} at (0,0) size 0x0
      RenderBlock {H3} at (0,92) size 784x17
        RenderText {#text} at (0,0) size 121x17
          text run at (0,0) width 121: "Different Font Sizes"
      RenderBlock (anonymous) at (0,123) size 784x76
        RenderText {#text} at (0,0) size 434x14
          text run at (0,0) width 434: "List color controls have different sizes depending on font sizes. Normal color controls don't."
        RenderBR {BR} at (434,11) size 0x0
        RenderTextControl {INPUT} at (2,16) size 216x31 [color=#202020]
        RenderText {#text} at (220,28) size 3x14
          text run at (220,28) width 3: " "
        RenderTextControl {INPUT} at (225,23) size 133x23 [color=#202020]
        RenderText {#text} at (360,28) size 3x14
          text run at (360,28) width 3: " "
        RenderTextControl {INPUT} at (363,25) size 93x20 [color=#202020]
        RenderText {#text} at (456,28) size 3x14
          text run at (456,28) width 3: " "
        RenderTextControl {INPUT} at (461,16) size 216x31 [color=#202020]
        RenderText {#text} at (679,28) size 3x14
          text run at (679,28) width 3: " "
        RenderTextControl {INPUT} at (2,51) size 133x23 [color=#202020]
        RenderText {#text} at (137,56) size 3x14
          text run at (137,56) width 3: " "
        RenderTextControl {INPUT} at (140,53) size 93x20 [color=#202020]
        RenderText {#text} at (0,0) size 0x0
      RenderBlock {H3} at (0,213) size 784x17
        RenderText {#text} at (0,0) size 90x17
          text run at (0,0) width 90: "Various Colors"
      RenderBlock (anonymous) at (0,244) size 784x132
        RenderTextControl {INPUT} at (2,2) size 195x29 [color=#202020]
        RenderText {#text} at (199,12) size 3x14
          text run at (199,12) width 3: " "
        RenderTextControl {INPUT} at (204,2) size 195x29 [color=#202020]
        RenderText {#text} at (401,12) size 3x14
          text run at (401,12) width 3: " "
        RenderTextControl {INPUT} at (406,2) size 195x29 [color=#202020]
        RenderText {#text} at (603,12) size 3x14
          text run at (603,12) width 3: " "
        RenderTextControl {INPUT} at (2,35) size 195x29 [color=#202020]
        RenderText {#text} at (199,45) size 3x14
          text run at (199,45) width 3: " "
        RenderTextControl {INPUT} at (204,35) size 195x29 [color=#202020]
        RenderText {#text} at (401,45) size 3x14
          text run at (401,45) width 3: " "
        RenderTextControl {INPUT} at (406,35) size 195x29 [color=#202020]
        RenderText {#text} at (603,45) size 3x14
          text run at (603,45) width 3: " "
        RenderTextControl {INPUT} at (2,68) size 195x29 [color=#202020]
        RenderText {#text} at (199,78) size 3x14
          text run at (199,78) width 3: " "
        RenderTextControl {INPUT} at (204,68) size 195x29 [color=#202020]
        RenderText {#text} at (401,78) size 3x14
          text run at (401,78) width 3: " "
        RenderTextControl {INPUT} at (406,68) size 195x29 [color=#202020]
        RenderText {#text} at (603,78) size 3x14
          text run at (603,78) width 3: " "
        RenderTextControl {INPUT} at (2,101) size 195x29 [color=#202020]
        RenderText {#text} at (0,0) size 0x0
      RenderBlock {H3} at (0,390) size 784x17
        RenderText {#text} at (0,0) size 87x17
          text run at (0,0) width 87: "Arbitrary Size"
      RenderBlock (anonymous) at (0,421) size 784x30
        RenderTextControl {INPUT} at (0,0) size 100x30 [color=#202020]
layer at (14,61) size 188x19
  RenderBlock {DIV} at (4,6) size 188x19
layer at (213,61) size 188x19
  RenderBlock {DIV} at (4,6) size 188x19
layer at (14,153) size 209x21
  RenderBlock {DIV} at (4,6) size 209x21
    RenderText {#text} at (1,0) size 72x21
      text run at (1,0) width 72: "#00FF00"
layer at (237,160) size 126x13
  RenderBlock {DIV} at (4,6) size 126x13
    RenderText {#text} at (1,0) size 44x13
      text run at (1,0) width 44: "#00FF00"
layer at (375,162) size 86x10
  RenderBlock {DIV} at (4,6) size 86x10
    RenderText {#text} at (1,0) size 30x10
      text run at (1,0) width 30: "#00FF00"
layer at (473,153) size 209x21
  RenderBlock {DIV} at (4,6) size 209x21
    RenderText {#text} at (1,0) size 72x21
      text run at (1,0) width 72: "#00FF00"
layer at (14,188) size 126x13
  RenderBlock {DIV} at (4,6) size 126x13
    RenderText {#text} at (1,0) size 44x13
      text run at (1,0) width 44: "#00FF00"
layer at (152,190) size 86x10
  RenderBlock {DIV} at (4,6) size 86x10
    RenderText {#text} at (1,0) size 30x10
      text run at (1,0) width 30: "#00FF00"
layer at (14,260) size 188x19
  RenderBlock {DIV} at (4,6) size 188x19
    RenderText {#text} at (1,0) size 65x19
      text run at (1,0) width 65: "#FF0000"
layer at (216,260) size 188x19
  RenderBlock {DIV} at (4,6) size 188x19
    RenderText {#text} at (1,0) size 65x19
      text run at (1,0) width 65: "#00FF00"
layer at (418,260) size 188x19
  RenderBlock {DIV} at (4,6) size 188x19
    RenderText {#text} at (1,0) size 65x19
      text run at (1,0) width 65: "#0000FF"
layer at (14,293) size 188x19
  RenderBlock {DIV} at (4,6) size 188x19
    RenderText {#text} at (1,0) size 71x19
      text run at (1,0) width 71: "#EC008C"
layer at (216,293) size 188x19
  RenderBlock {DIV} at (4,6) size 188x19
    RenderText {#text} at (1,0) size 63x19
      text run at (1,0) width 63: "#40e0d0"
layer at (418,293) size 188x19
  RenderBlock {DIV} at (4,6) size 188x19
    RenderText {#text} at (1,0) size 65x19
      text run at (1,0) width 65: "#FF0000"
layer at (14,326) size 188x19
  RenderBlock {DIV} at (4,6) size 188x19
    RenderText {#text} at (1,0) size 65x19
      text run at (1,0) width 65: "#00FF00"
layer at (216,326) size 188x19
  RenderBlock {DIV} at (4,6) size 188x19
    RenderText {#text} at (1,0) size 65x19
      text run at (1,0) width 65: "#0000FF"
layer at (418,326) size 188x19
  RenderBlock {DIV} at (4,6) size 188x19
    RenderText {#text} at (1,0) size 71x19
      text run at (1,0) width 71: "#EC008C"
layer at (14,359) size 188x19
  RenderBlock {DIV} at (4,6) size 188x19
    RenderText {#text} at (1,0) size 63x19
      text run at (1,0) width 63: "#40e0d0"
layer at (12,436) size 93x19
  RenderBlock {DIV} at (4,7) size 93x19
    RenderText {#text} at (1,0) size 65x19
      text run at (1,0) width 65: "#FF0000"
