layer at (0,0) size 800x600
  RenderView at (0,0) size 800x600
layer at (0,0) size 800x600
  RenderBlock {HTML} at (0,0) size 800x600
    RenderBody {BODY} at (8,8) size 784x584
      RenderPartObject {IFRAME} at (0,0) size 304x154 [border: (2px inset #000000)]
        layer at (0,0) size 300x150
          RenderView at (0,0) size 300x150
        layer at (0,0) size 300x150
          RenderBlock {HTML} at (0,0) size 300x150
            RenderBody {BODY} at (8,8) size 284x134
              RenderText {#text} at (0,0) size 284x42
                text run at (0,0) width 284: "This frame will try to replace the contents of the frame to the"
                text run at (0,14) width 280: "right. If the bug still occurs, pop-up blocking will prevent it"
                text run at (0,28) width 70: "from doing so."
      RenderText {#text} at (304,143) size 3x14
        text run at (304,143) width 3: " "
      RenderPartObject {IFRAME} at (307,0) size 304x154 [border: (2px inset #000000)]
        layer at (0,0) size 300x150
          RenderView at (0,0) size 300x150
        layer at (0,0) size 300x150
          RenderBlock {HTML} at (0,0) size 300x150
            RenderBody {BODY} at (8,8) size 284x134
              RenderText {#text} at (0,0) size 282x28
                text run at (0,0) width 282: "This text successfully replaced the original text in the frame."
                text run at (0,14) width 75: "Test succeeded!"
      RenderText {#text} at (0,0) size 0x0
