layer at (0,0) size 980x735
  RenderView at (0,0) size 980x735
layer at (0,0) size 980x735
  RenderBlock {HTML} at (0,0) size 980x735
    RenderBody {BODY} at (7,7) size 966x721
      RenderBlock {P} at (0,0) size 966x32
        RenderText {#text} at (0,0) size 379x16
          text run at (0,0) width 379: "Tests that these functions account for full page zoom."
        RenderBR {BR} at (379,13) size 0x0
        RenderText {#text} at (0,16) size 218x16
          text run at (0,16) width 218: "There should be no red visible."
      RenderTable {TABLE} at (0,46) size 966x18
        RenderTableSection {TBODY} at (0,0) size 966x18
          RenderTableRow {TR} at (0,1) size 966x16
            RenderTableCell {TD} at (1,1) size 180x16 [r=0 c=0 rs=1 cs=1]
              RenderText {#text} at (0,0) size 179x16
                text run at (0,0) width 179: "getClientBoundingRect():"
              RenderText {#text} at (0,0) size 0x0
              RenderText {#text} at (0,0) size 0x0
              RenderText {#text} at (0,0) size 0x0
            RenderTableCell {TD} at (182,1) size 783x16 [r=0 c=1 rs=1 cs=1]
              RenderText {#text} at (0,0) size 118x16
                text run at (0,0) width 118: "getClientRects():"
              RenderText {#text} at (0,0) size 0x0
              RenderText {#text} at (0,0) size 0x0
              RenderText {#text} at (0,0) size 0x0
layer at (90,90) size 90x90
  RenderBlock (positioned) {DIV} at (90,90) size 90x90 [bgcolor=#FF0000]
layer at (90,90) size 90x90
  RenderBlock (positioned) {DIV} at (90,90) size 90x90 [bgcolor=#008000]
layer at (9,198) size 41x16
  RenderBlock (positioned) {DIV} at (9,198) size 41x16
    RenderInline {SPAN} at (0,0) size 41x16 [color=#008000]
      RenderInline {B} at (0,0) size 41x16
        RenderText {#text} at (0,0) size 41x16
          text run at (0,0) width 41: "PASS"
layer at (270,90) size 90x90
  RenderBlock (positioned) {DIV} at (270,90) size 90x90 [bgcolor=#FF0000]
layer at (270,90) size 90x90
  RenderBlock (positioned) {DIV} at (270,90) size 90x90 [bgcolor=#008000]
layer at (198,198) size 41x16
  RenderBlock (positioned) {DIV} at (198,198) size 41x16
    RenderInline {SPAN} at (0,0) size 41x16 [color=#008000]
      RenderInline {B} at (0,0) size 41x16
        RenderText {#text} at (0,0) size 41x16
          text run at (0,0) width 41: "PASS"
