layer at (0,0) size 980x735
  RenderView at (0,0) size 980x735
layer at (0,0) size 980x51
  RenderBlock {HTML} at (0,0) size 980x51
    RenderBody {BODY} at (8,16) size 964x19
      RenderBlock {P} at (0,0) size 964x19
        RenderText {#text} at (0,0) size 388x19
          text run at (0,0) width 388: "Gray div should be clipped by overflow: scroll div"
layer at (8,51) size 202x202 clip at (9,52) size 200x200 scrollHeight 516
  RenderBlock (positioned) {DIV} at (8,51) size 202x202 [border: (1px solid #000000)]
layer at (9,68) size 200x500 backgroundClip at (9,52) size 200x200 clip at (9,52) size 200x200 outlineClip at (9,52) size 200x200
  RenderBlock (relative positioned) {DIV} at (1,17) size 200x500 [bgcolor=#808080]
    RenderBlock {P} at (0,0) size 200x133
      RenderText {#text} at (0,0) size 199x133
        text run at (0,0) width 186: "ihasdkas sdkha sjdkahk"
        text run at (0,19) width 199: "dahsd jashd kashd kasdh"
        text run at (0,38) width 156: "aksd haskdh aksd h"
        text run at (0,57) width 176: "asfadjaskdh akdhaskd"
        text run at (0,76) width 151: "haskd haskd haskd"
        text run at (0,95) width 188: "haskdhka shdkasdh kas"
        text run at (0,114) width 34: "hdk "
        text run at (34,114) width 160: "asd asd asdas das d"
    RenderBlock {P} at (0,149) size 200x133
      RenderText {#text} at (0,0) size 199x133
        text run at (0,0) width 186: "ihasdkas sdkha sjdkahk"
        text run at (0,19) width 199: "dahsd jashd kashd kasdh"
        text run at (0,38) width 156: "aksd haskdh aksd h"
        text run at (0,57) width 176: "asfadjaskdh akdhaskd"
        text run at (0,76) width 151: "haskd haskd haskd"
        text run at (0,95) width 188: "haskdhka shdkasdh kas"
        text run at (0,114) width 34: "hdk "
        text run at (34,114) width 160: "asd asd asdas das d"
    RenderBlock {P} at (0,298) size 200x133
      RenderText {#text} at (0,0) size 199x133
        text run at (0,0) width 186: "ihasdkas sdkha sjdkahk"
        text run at (0,19) width 199: "dahsd jashd kashd kasdh"
        text run at (0,38) width 156: "aksd haskdh aksd h"
        text run at (0,57) width 176: "asfadjaskdh akdhaskd"
        text run at (0,76) width 151: "haskd haskd haskd"
        text run at (0,95) width 188: "haskdhka shdkasdh kas"
        text run at (0,114) width 34: "hdk "
        text run at (34,114) width 160: "asd asd asdas das d"
