layer at (0,0) size 980x735
  RenderView at (0,0) size 980x735
layer at (0,0) size 980x735
  RenderBlock {HTML} at (0,0) size 980x735
    RenderBody {BODY} at (8,8) size 964x627
      RenderBlock (anonymous) at (0,0) size 964x19
        RenderText {#text} at (0,0) size 624x19
          text run at (0,0) width 624: "In the example below you should a y-skewed block (45 degree angle of skew)."
layer at (108,127) size 120x120
  RenderBlock {DIV} at (100,119) size 120x120 [bgcolor=#87CEEB] [border: (10px solid #000000)]
