layer at (0,0) size 980x735
  RenderView at (0,0) size 980x735
layer at (0,0) size 980x51
  RenderBlock {HTML} at (0,0) size 980x51
    RenderBody {BODY} at (8,16) size 964x19 [bgcolor=#808080]
      RenderBlock {P} at (0,0) size 964x19
        RenderText {#text} at (0,0) size 706x19
          text run at (0,0) width 706: "The portions of the view exposed by the transformed document should be painted white"
