layer at (0,0) size 980x735
  RenderView at (0,0) size 980x735
layer at (0,0) size 980x735
  RenderBlock {HTML} at (0,0) size 980x735
    RenderBody {BODY} at (0,0) size 980x719
      RenderBlock {P} at (0,216) size 980x19
        RenderText {#text} at (0,0) size 321x19
          text run at (0,0) width 321: "You should see one green square above"
layer at (50,50) size 100x100
  RenderBlock (positioned) {DIV} at (50,50) size 100x100 [bgcolor=#FF0000]
layer at (0,0) size 200x200
  RenderBlock {DIV} at (0,0) size 200x200 [bgcolor=#008000]
