EDITING DELEGATE: shouldBeginEditingInDOMRange:range from 0 of DIV > BODY > HTML > #document to 3 of DIV > BODY > HTML > #document
EDITING DELEGATE: webViewDidBeginEditing:WebViewDidBeginEditingNotification
EDITING DELEGATE: webViewDidChangeSelection:WebViewDidChangeSelectionNotification
EDITING DELEGATE: webViewDidChangeSelection:WebViewDidChangeSelectionNotification
EDITING DELEGATE: webViewDidChangeSelection:WebViewDidChangeSelectionNotification
EDITING DELEGATE: webViewDidChangeSelection:WebViewDidChangeSelectionNotification
EDITING DELEGATE: shouldChangeSelectedDOMRange:range from 28 of #text > B > DIV > DIV > BODY > HTML > #document to 28 of #text > B > DIV > DIV > BODY > HTML > #document toDOMRange:range from 0 of #text > B > DIV > DIV > BODY > HTML > #document to 28 of #text > B > DIV > DIV > BODY > HTML > #document affinity:NSSelectionAffinityDownstream stillSelecting:FALSE
EDITING DELEGATE: webViewDidChangeSelection:WebViewDidChangeSelectionNotification
EDITING DELEGATE: webViewDidChange:WebViewDidChangeNotification
EDITING DELEGATE: webViewDidChangeSelection:WebViewDidChangeSelectionNotification
EDITING DELEGATE: webViewDidChangeSelection:WebViewDidChangeSelectionNotification
EDITING DELEGATE: webViewDidChangeSelection:WebViewDidChangeSelectionNotification
EDITING DELEGATE: webViewDidChange:WebViewDidChangeNotification
EDITING DELEGATE: webViewDidChangeSelection:WebViewDidChangeSelectionNotification
EDITING DELEGATE: webViewDidChangeSelection:WebViewDidChangeSelectionNotification
EDITING DELEGATE: shouldInsertText:this text should end up bold replacingDOMRange:range from 0 of DIV > DIV > BODY > HTML > #document to 0 of DIV > DIV > BODY > HTML > #document givenAction:WebViewInsertActionPasted
EDITING DELEGATE: webViewDidChangeSelection:WebViewDidChangeSelectionNotification
EDITING DELEGATE: shouldChangeSelectedDOMRange:range from 28 of #text > B > DIV > DIV > BODY > HTML > #document to 28 of #text > B > DIV > DIV > BODY > HTML > #document toDOMRange:range from 28 of #text > B > DIV > DIV > BODY > HTML > #document to 28 of #text > B > DIV > DIV > BODY > HTML > #document affinity:NSSelectionAffinityDownstream stillSelecting:FALSE
EDITING DELEGATE: webViewDidChangeSelection:WebViewDidChangeSelectionNotification
EDITING DELEGATE: webViewDidChange:WebViewDidChangeNotification
EDITING DELEGATE: webViewDidChangeSelection:WebViewDidChangeSelectionNotification
layer at (0,0) size 980x735
  RenderView at (0,0) size 980x735
layer at (0,0) size 980x735
  RenderBlock {HTML} at (0,0) size 980x735
    RenderBody {BODY} at (8,8) size 964x719
      RenderBlock {P} at (0,0) size 964x19
        RenderText {#text} at (0,0) size 491x19
          text run at (0,0) width 491: "This tests paste and match style on an empty (but styled) line"
      RenderBlock {P} at (0,35) size 964x38
        RenderText {#text} at (0,0) size 962x38
          text run at (0,0) width 962: "The first line is copied (unstyled), then it's bolded, then a paragraph separator is inserted and the original unstyled line is"
          text run at (0,19) width 231: "pasted (with style matching)."
      RenderBlock {HR} at (0,89) size 964x2 [border: (1px inset #000000)]
      RenderBlock {DIV} at (0,99) size 964x42
        RenderBlock {DIV} at (0,0) size 964x21 [border: (1px solid #FF0000)]
          RenderInline {B} at (0,0) size 253x19
            RenderText {#text} at (1,1) size 253x19
              text run at (1,1) width 253: "this text should end up bold"
        RenderBlock {DIV} at (0,21) size 964x21 [border: (1px solid #FF0000)]
          RenderInline {B} at (0,0) size 253x19
            RenderText {#text} at (1,1) size 253x19
              text run at (1,1) width 253: "this text should end up bold"
caret: position 28 of child 0 {#text} of child 0 {B} of child 1 {DIV} of child 7 {DIV} of body
