EDITING DELEGATE: shouldBeginEditingInDOMRange:range from 0 of DIV > BODY > HTML > #document to 2 of DIV > BODY > HTML > #document
EDITING DELEGATE: webViewDidBeginEditing:WebViewDidBeginEditingNotification
EDITING DELEGATE: webViewDidChangeSelection:WebViewDidChangeSelectionNotification
EDITING DELEGATE: shouldChangeSelectedDOMRange:range from 0 of DIV > DIV > BODY > HTML > #document to 0 of DIV > DIV > BODY > HTML > #document toDOMRange:range from 0 of #text > DIV > DIV > BODY > HTML > #document to 3 of #text > DIV > BODY > HTML > #document affinity:NSSelectionAffinityDownstream stillSelecting:FALSE
EDITING DELEGATE: webViewDidChangeSelection:WebViewDidChangeSelectionNotification
EDITING DELEGATE: webViewDidChangeSelection:WebViewDidChangeSelectionNotification
EDITING DELEGATE: webViewDidChangeSelection:WebViewDidChangeSelectionNotification
EDITING DELEGATE: shouldEndEditingInDOMRange:range from 0 of DIV > BODY > HTML > #document to 2 of DIV > BODY > HTML > #document
EDITING DELEGATE: webViewDidEndEditing:WebViewDidEndEditingNotification
EDITING DELEGATE: shouldBeginEditingInDOMRange:range from 0 of DIV > BODY > HTML > #document to 0 of DIV > BODY > HTML > #document
EDITING DELEGATE: webViewDidBeginEditing:WebViewDidBeginEditingNotification
EDITING DELEGATE: webViewDidChangeSelection:WebViewDidChangeSelectionNotification
EDITING DELEGATE: shouldInsertNode:#document-fragment replacingDOMRange:range from 0 of DIV > BODY > HTML > #document to 0 of DIV > BODY > HTML > #document givenAction:WebViewInsertActionPasted
EDITING DELEGATE: shouldChangeSelectedDOMRange:range from 0 of DIV > BODY > HTML > #document to 0 of DIV > BODY > HTML > #document toDOMRange:range from 1 of DIV > BODY > HTML > #document to 1 of DIV > BODY > HTML > #document affinity:NSSelectionAffinityDownstream stillSelecting:FALSE
EDITING DELEGATE: webViewDidChangeSelection:WebViewDidChangeSelectionNotification
EDITING DELEGATE: webViewDidChange:WebViewDidChangeNotification
EDITING DELEGATE: webViewDidChangeSelection:WebViewDidChangeSelectionNotification
layer at (0,0) size 980x1461
  RenderView at (0,0) size 980x735
layer at (0,0) size 980x1461
  RenderBlock {HTML} at (0,0) size 980x1461
    RenderBody {BODY} at (8,8) size 964x1445
      RenderBlock {P} at (0,0) size 964x38
        RenderText {#text} at (0,0) size 907x38
          text run at (0,0) width 907: "This tests for a bug in createMarkup (markup for ancestors of the start of the selection wasn't being added to the"
          text run at (0,19) width 107: "pasteboard). "
          text run at (107,19) width 426: "You should see the same thing in both regions below."
      RenderBlock {P} at (0,54) size 964x19
        RenderInline {B} at (0,0) size 594x19
          RenderText {#text} at (0,0) size 594x19
            text run at (0,0) width 594: "This demonstrates a bug: 'foo' is pulled out of its bordered block."
      RenderBlock {DIV} at (0,89) size 964x76
        RenderBlock {DIV} at (5,0) size 954x52 [border: (1px solid #FF0000)]
          RenderBlock (anonymous) at (1,1) size 952x19
            RenderText {#text} at (0,0) size 26x19
              text run at (0,0) width 26: "foo"
          RenderBlock {DIV} at (6,25) size 942x21 [border: (1px solid #0000FF)]
            RenderText {#text} at (1,1) size 27x19
              text run at (1,1) width 27: "bar"
        RenderBlock (anonymous) at (0,57) size 964x19
          RenderText {#text} at (0,0) size 28x19
            text run at (0,0) width 28: "baz"
      RenderBlock {DIV} at (0,165) size 964x1280
        RenderImage {IMG} at (0,0) size 720x1280
caret: position 1 of child 0 {IMG} of child 6 {DIV} of body
