EDITING DELEGATE: webViewDidChangeSelection:WebViewDidChangeSelectionNotification
EDITING DELEGATE: webViewDidChangeSelection:WebViewDidChangeSelectionNotification
EDITING DELEGATE: shouldBeginEditingInDOMRange:range from 0 of DIV > BODY > HTML > #document to 0 of DIV > BODY > HTML > #document
EDITING DELEGATE: webViewDidBeginEditing:WebViewDidBeginEditingNotification
EDITING DELEGATE: webViewDidChangeSelection:WebViewDidChangeSelectionNotification
EDITING DELEGATE: shouldInsertNode:#document-fragment replacingDOMRange:range from 0 of DIV > BODY > HTML > #document to 0 of DIV > BODY > HTML > #document givenAction:WebViewInsertActionPasted
EDITING DELEGATE: shouldChangeSelectedDOMRange:range from 0 of DIV > BODY > HTML > #document to 0 of DIV > BODY > HTML > #document toDOMRange:range from 1 of DIV > BODY > HTML > #document to 1 of DIV > BODY > HTML > #document affinity:NSSelectionAffinityDownstream stillSelecting:FALSE
EDITING DELEGATE: webViewDidChangeSelection:WebViewDidChangeSelectionNotification
EDITING DELEGATE: webViewDidChange:WebViewDidChangeNotification
EDITING DELEGATE: webViewDidChangeSelection:WebViewDidChangeSelectionNotification
layer at (0,0) size 980x735
  RenderView at (0,0) size 980x735
layer at (0,0) size 980x735
  RenderBlock {HTML} at (0,0) size 980x735
    RenderBody {BODY} at (8,8) size 964x719
      RenderBlock {P} at (0,0) size 964x38
        RenderText {#text} at (0,0) size 935x38
          text run at (0,0) width 848: "This tests for a bug when creating markup for a selection that contained unrendered nodes with children. "
          text run at (848,0) width 87: "You should"
          text run at (0,19) width 362: "see a picture of abe followed by a select box."
      RenderBlock {DIV} at (0,54) size 964x0
        RenderImage {IMG} at (0,0) size 0x0
      RenderBlock (anonymous) at (0,54) size 964x113
        RenderImage {IMG} at (0,0) size 76x103
        RenderText {#text} at (76,88) size 5x19
          text run at (76,88) width 5: " "
        RenderMenuList {SELECT} at (83,86) size 52x25 [bgcolor=#FFFFFF]
          RenderBlock (anonymous) at (6,5) size 24x15
            RenderText at (0,0) size 8x15
              text run at (0,0) width 8: "1"
        RenderText {#text} at (0,0) size 0x0
        RenderText {#text} at (0,0) size 0x0
caret: position 1 of child 0 {IMG} of child 2 {DIV} of body
