layer at (0,0) size 980x735
  RenderView at (0,0) size 980x735
layer at (0,0) size 980x735
  RenderBlock {HTML} at (0,0) size 980x735
    RenderBody {BODY} at (8,8) size 964x719
      RenderBlock {P} at (0,0) size 964x19
        RenderText {#text} at (0,0) size 683x19
          text run at (0,0) width 310: "This tests for an infinite loop on Paste. "
          text run at (310,0) width 373: "You should see 'Hello: ' and then an input field."
      RenderBlock {DIV} at (0,35) size 964x25
        RenderText {#text} at (0,2) size 40x19
          text run at (0,2) width 40: "Hello"
        RenderTextControl {INPUT} at (42,2) size 170x21 [bgcolor=#FFFFFF] [border: (2px inset #000000)]
        RenderText {#text} at (214,2) size 5x19
          text run at (214,2) width 5: ":"
layer at (53,48) size 164x15
  RenderBlock {DIV} at (3,3) size 164x15
caret: position 1 of child 1 {INPUT} of child 2 {DIV} of body
