layer at (0,0) size 980x735
  RenderView at (0,0) size 980x735
layer at (0,0) size 980x735
  RenderBlock {HTML} at (0,0) size 980x735
    RenderBody {BODY} at (8,8) size 964x719
      RenderBlock {P} at (0,0) size 964x19
        RenderText {#text} at (0,0) size 770x19
          text run at (0,0) width 543: "This tests copying/pasting less than a paragraph of quoted content. "
          text run at (543,0) width 227: "It should not appear quoted."
      RenderBlock {DIV} at (0,35) size 964x95
        RenderBlock (anonymous) at (0,0) size 964x38
          RenderText {#text} at (0,0) size 23x19
            text run at (0,0) width 23: "On"
          RenderBR {BR} at (23,15) size 0x0
          RenderBR {BR} at (0,19) size 0x19
        RenderBlock {BLOCKQUOTE} at (0,38) size 964x19 [color=#0000FF] [border: none (2px solid #0000FF)]
          RenderText {#text} at (12,0) size 202x19
            text run at (12,0) width 202: "On Tuesday, Dave wrote:"
        RenderBlock {BLOCKQUOTE} at (0,57) size 964x19 [color=#0000FF] [border: none (2px solid #0000FF)]
          RenderBR {BR} at (12,0) size 0x19
        RenderBlock {BLOCKQUOTE} at (0,76) size 964x19 [color=#0000FF] [border: none (2px solid #0000FF)]
          RenderText {#text} at (12,0) size 97x19
            text run at (12,0) width 97: "Hello World."
caret: position 2 of child 1 {#text} of child 2 {DIV} of body
