layer at (0,0) size 980x1325
  RenderView at (0,0) size 980x735
layer at (0,0) size 980x1325
  RenderBlock {HTML} at (0,0) size 980x1325
    RenderBody {BODY} at (8,8) size 964x1309
      RenderText {#text} at (0,0) size 528x29
        text run at (0,0) width 520: "All the text here should be the same size."
        text run at (520,0) width 8: " "
      RenderImage {IMG} at (0,29) size 720x1280
      RenderText {#text} at (0,0) size 0x0
caret: position 1 of child 1 {IMG} of body
