layer at (0,0) size 980x735
  RenderView at (0,0) size 980x735
layer at (0,0) size 980x735
  RenderBlock {HTML} at (0,0) size 980x735
    RenderBody {BODY} at (8,8) size 964x719
      RenderBlock {P} at (0,0) size 964x38
        RenderText {#text} at (0,0) size 927x38
          text run at (0,0) width 897: "This tests for a bug where content pasted at the end of a paragraph would be inserted into the next paragraph. "
          text run at (897,0) width 30: "You"
          text run at (0,19) width 237: "should see 'helloworld' below."
      RenderBlock {DIV} at (0,54) size 964x19
        RenderText {#text} at (0,0) size 38x19
          text run at (0,0) width 38: "hello"
        RenderText {#text} at (38,0) size 44x19
          text run at (38,0) width 44: "world"
caret: position 5 of child 1 {#text} of child 2 {DIV} of body
