layer at (0,0) size 980x1350
  RenderView at (0,0) size 980x735
layer at (0,0) size 980x1350
  RenderBlock {HTML} at (0,0) size 980x1350
    RenderBody {BODY} at (8,8) size 964x1334
      RenderBlock {P} at (0,0) size 964x19
        RenderText {#text} at (0,0) size 746x19
          text run at (0,0) width 746: "This tests for a bug where links that weren't fully selected would be copy/pasted as plain text."
      RenderBlock {DIV} at (0,35) size 964x19
        RenderText {#text} at (0,0) size 203x19
          text run at (0,0) width 203: "This should be plain text. "
        RenderInline {A} at (0,0) size 166x19 [color=#0000EE]
          RenderText {#text} at (203,0) size 166x19
            text run at (203,0) width 166: "This should be a link."
        RenderText {#text} at (369,0) size 203x19
          text run at (369,0) width 203: " This should be plain text."
      RenderBlock {DIV} at (0,54) size 964x1280
        RenderImage {IMG} at (0,0) size 720x1280
caret: position 1 of child 0 {IMG} of child 4 {DIV} of body
