layer at (0,0) size 980x1369
  RenderView at (0,0) size 980x735
layer at (0,0) size 980x1369
  RenderBlock {HTML} at (0,0) size 980x1369
    RenderBody {BODY} at (8,8) size 964x1353
      RenderBlock {P} at (0,0) size 964x38
        RenderText {#text} at (0,0) size 930x38
          text run at (0,0) width 930: "This tests for a bug where newlines would not be preserved during copy/paste. Below you should see two paragaphs"
          text run at (0,19) width 602: "containing \"Hello World!\" and an empty third paragraph with the caret in it."
      RenderBlock {DIV} at (0,54) size 964x1299
        RenderBlock (anonymous) at (0,0) size 964x19
          RenderText {#text} at (0,0) size 98x19
            text run at (0,0) width 98: "Hello World!"
        RenderBlock {DIV} at (0,19) size 964x1280
          RenderImage {IMG} at (0,0) size 720x1280
caret: position 1 of child 0 {IMG} of child 1 {DIV} of child 2 {DIV} of body
