layer at (0,0) size 980x1373
  RenderView at (0,0) size 980x735
layer at (0,0) size 980x1373
  RenderBlock {HTML} at (0,0) size 980x1373
    RenderBody {BODY} at (8,8) size 964x1357
      RenderBlock {P} at (0,0) size 964x19
        RenderText {#text} at (0,0) size 661x19
          text run at (0,0) width 661: "This tests that inherited block properties do not propigate to the editing style span."
      RenderBlock {DIV} at (50,35) size 914x19
        RenderText {#text} at (327,0) size 210x19
          text run at (327,0) width 210: "Some text that is bold."
      RenderBlock {DIV} at (0,54) size 964x1303
        RenderBlock (anonymous) at (0,0) size 964x1284
          RenderText {#text} at (0,1265) size 141x19
            text run at (0,1265) width 141: "Some text that is "
          RenderImage {IMG} at (141,0) size 720x1280
        RenderBlock {DIV} at (0,1284) size 964x19
          RenderText {#text} at (0,0) size 456x19
            text run at (0,0) width 456: "This text should bold and left justified with \"Some text...\"."
caret: position 61 of child 0 {#text} of child 2 {DIV} of child 4 {DIV} of body
