EDITING DELEGATE: shouldBeginEditingInDOMRange:range from 0 of DIV > BODY > HTML > #document to 5 of DIV > BODY > HTML > #document
EDITING DELEGATE: webViewDidBeginEditing:WebViewDidBeginEditingNotification
EDITING DELEGATE: webViewDidChangeSelection:WebViewDidChangeSelectionNotification
EDITING DELEGATE: webViewDidChangeSelection:WebViewDidChangeSelectionNotification
EDITING DELEGATE: webViewDidChangeSelection:WebViewDidChangeSelectionNotification
EDITING DELEGATE: shouldChangeSelectedDOMRange:range from 3 of #text > DIV > BODY > HTML > #document to 3 of #text > DIV > BODY > HTML > #document toDOMRange:range from 3 of #text > DIV > BODY > HTML > #document to 3 of #text > DIV > BODY > HTML > #document affinity:NSSelectionAffinityDownstream stillSelecting:FALSE
EDITING DELEGATE: webViewDidChangeSelection:WebViewDidChangeSelectionNotification
EDITING DELEGATE: webViewDidChange:WebViewDidChangeNotification
EDITING DELEGATE: webViewDidChangeSelection:WebViewDidChangeSelectionNotification
layer at (0,0) size 980x735
  RenderView at (0,0) size 980x735
layer at (0,0) size 980x735
  RenderBlock {HTML} at (0,0) size 980x735
    RenderBody {BODY} at (8,8) size 964x719
      RenderBlock {P} at (0,0) size 964x57
        RenderText {#text} at (0,0) size 934x57
          text run at (0,0) width 381: "This tests a change made with the fix for 8145. "
          text run at (381,0) width 553: "The paragraph separator inserted to prevent nesting blocks from the"
          text run at (0,19) width 925: "fragment to paste inside the block where the paste occured was incorrectly inserted when the paste occured at the"
          text run at (0,38) width 167: "start of a paragraph."
      RenderBlock {DIV} at (0,73) size 964x78 [border: (1px solid #000000)]
        RenderBlock (anonymous) at (1,1) size 962x19
          RenderText {#text} at (0,0) size 26x19
            text run at (0,0) width 26: "foo"
          RenderBR {BR} at (26,15) size 0x0
        RenderBlock {DIV} at (1,20) size 962x19
          RenderText {#text} at (0,0) size 26x19
            text run at (0,0) width 26: "foo"
        RenderBlock (anonymous) at (1,39) size 962x38
          RenderText {#text} at (0,0) size 27x19
            text run at (0,0) width 27: "bar"
          RenderText {#text} at (27,0) size 27x19
            text run at (27,0) width 27: "bar"
          RenderBR {BR} at (54,15) size 0x0
          RenderText {#text} at (0,19) size 28x19
            text run at (0,19) width 28: "baz"
caret: position 3 of child 3 {#text} of child 2 {DIV} of body
