EDITING DELEGATE: shouldBeginEditingInDOMRange:range from 0 of DIV > BODY > HTML > #document to 3 of DIV > BODY > HTML > #document
EDITING DELEGATE: webViewDidBeginEditing:WebViewDidBeginEditingNotification
EDITING DELEGATE: webViewDidChangeSelection:WebViewDidChangeSelectionNotification
EDITING DELEGATE: webViewDidChangeSelection:WebViewDidChangeSelectionNotification
EDITING DELEGATE: webViewDidChangeSelection:WebViewDidChangeSelectionNotification
EDITING DELEGATE: shouldChangeSelectedDOMRange:range from 16 of #text > DIV > BODY > HTML > #document to 16 of #text > DIV > BODY > HTML > #document toDOMRange:range from 16 of #text > DIV > BODY > HTML > #document to 16 of #text > DIV > BODY > HTML > #document affinity:NSSelectionAffinityDownstream stillSelecting:FALSE
EDITING DELEGATE: webViewDidChange:WebViewDidChangeNotification
EDITING DELEGATE: webViewDidChangeSelection:WebViewDidChangeSelectionNotification
layer at (0,0) size 980x735
  RenderView at (0,0) size 980x735
layer at (0,0) size 980x735
  RenderBlock {HTML} at (0,0) size 980x735
    RenderBody {BODY} at (8,8) size 964x719
      RenderBlock {P} at (0,0) size 964x38
        RenderText {#text} at (0,0) size 963x38
          text run at (0,0) width 963: "This is a test to make sure that a placeholder, even one without our special class on it, is removed only when it has been"
          text run at (0,19) width 519: "collapsed away or when it has been displaced by pasted content."
      RenderBlock {P} at (0,54) size 964x57
        RenderText {#text} at (0,0) size 932x57
          text run at (0,0) width 890: "Placeholders with our special class can, through bugs in deletion, be inserted into the document unnecessarily. "
          text run at (890,0) width 42: "Once"
          text run at (0,19) width 911: "that happens, we don't want to make matters worse by removing them if they are acting as line breaks instead of"
          text run at (0,38) width 107: "placeholders."
      RenderBlock {DIV} at (0,127) size 964x38
        RenderText {#text} at (0,0) size 128x19
          text run at (0,0) width 128: "First paragraph."
        RenderBR {BR} at (128,15) size 0x0
        RenderText {#text} at (0,19) size 153x19
          text run at (0,19) width 153: "Second paragraph."
caret: position 16 of child 0 {#text} of child 4 {DIV} of body
