EDITING DELEGATE: shouldBeginEditingInDOMRange:range from 0 of DIV > BODY > HTML > #document to 1 of DIV > BODY > HTML > #document
EDITING DELEGATE: webViewDidBeginEditing:WebViewDidBeginEditingNotification
EDITING DELEGATE: webViewDidChangeSelection:WebViewDidChangeSelectionNotification
EDITING DELEGATE: webViewDidChangeSelection:WebViewDidChangeSelectionNotification
EDITING DELEGATE: shouldChangeSelectedDOMRange:range from 2 of DIV > BODY > HTML > #document to 2 of DIV > BODY > HTML > #document toDOMRange:range from 17 of #text > DIV > DIV > BODY > HTML > #document to 17 of #text > DIV > DIV > BODY > HTML > #document affinity:NSSelectionAffinityDownstream stillSelecting:FALSE
EDITING DELEGATE: webViewDidChangeSelection:WebViewDidChangeSelectionNotification
EDITING DELEGATE: webViewDidChange:WebViewDidChangeNotification
EDITING DELEGATE: webViewDidChangeSelection:WebViewDidChangeSelectionNotification
layer at (0,0) size 980x735
  RenderView at (0,0) size 980x735
layer at (0,0) size 980x735
  RenderBlock {HTML} at (0,0) size 980x735
    RenderBody {BODY} at (8,8) size 964x719
      RenderBlock {P} at (0,0) size 964x19
        RenderText {#text} at (0,0) size 769x19
          text run at (0,0) width 769: "This is a test to make sure that a placeholder is removed when it is displaced by pasted content."
      RenderBlock {DIV} at (0,35) size 964x38
        RenderBlock (anonymous) at (0,0) size 964x19
          RenderText {#text} at (0,0) size 128x19
            text run at (0,0) width 128: "First paragraph."
        RenderBlock {DIV} at (0,19) size 964x19
          RenderText {#text} at (0,0) size 153x19
            text run at (0,0) width 153: "Second paragraph."
        RenderBlock (anonymous) at (0,38) size 964x0
caret: position 17 of child 0 {#text} of child 1 {DIV} of child 2 {DIV} of body
