EDITING DELEGATE: webViewDidChangeSelection:WebViewDidChangeSelectionNotification
EDITING DELEGATE: webViewDidChangeSelection:WebViewDidChangeSelectionNotification
layer at (0,0) size 980x735
  RenderView at (0,0) size 980x735
layer at (0,0) size 980x735
  RenderBlock {HTML} at (0,0) size 980x735
    RenderBody {BODY} at (0,0) size 980x719
      RenderBlock {DIV} at (0,0) size 302x122 [border: (1px solid #000000)]
      RenderBlock (anonymous) at (0,122) size 980x103
        RenderImage {IMG} at (0,0) size 76x103
        RenderText {#text} at (0,0) size 0x0
      RenderBlock {UL} at (0,241) size 980x19
        RenderListItem {LI} at (40,0) size 940x19
          RenderListMarker at (-18,0) size 7x19: bullet
          RenderText {#text} at (0,0) size 518x19
            text run at (0,0) width 518: "Abe should appear twice, once inside the div and once outside it."
selection start: position 0 of child 3 {IMG} of body
selection end:   position 1 of child 3 {IMG} of body
