EDITING DELEGATE: shouldBeginEditingInDOMRange:range from 0 of DIV > BODY > HTML > #document to 3 of DIV > BODY > HTML > #document
EDITING DELEGATE: webViewDidBeginEditing:WebViewDidBeginEditingNotification
EDITING DELEGATE: webViewDidChangeSelection:WebViewDidChangeSelectionNotification
EDITING DELEGATE: webViewDidChangeSelection:WebViewDidChangeSelectionNotification
EDITING DELEGATE: webViewDidChangeSelection:WebViewDidChangeSelectionNotification
EDITING DELEGATE: webViewDidChangeSelection:WebViewDidChangeSelectionNotification
layer at (0,0) size 980x735
  RenderView at (0,0) size 980x735
layer at (0,0) size 980x735
  RenderBlock {HTML} at (0,0) size 980x735
    RenderBody {BODY} at (8,8) size 964x719
      RenderBlock {DIV} at (0,0) size 964x184 [border: (2px solid #0000FF)]
        RenderBlock {DIV} at (14,14) size 936x56
          RenderText {#text} at (0,0) size 89x28
            text run at (0,0) width 89: "Tests: "
          RenderBR {BR} at (0,0) size 0x0
          RenderText {#text} at (0,28) size 272x28
            text run at (0,28) width 272: "ctrl-a, ctrl-k, and ctrl-y"
        RenderBlock {DIV} at (14,86) size 936x84
          RenderText {#text} at (0,0) size 246x28
            text run at (0,0) width 246: "Expected Results: "
          RenderBR {BR} at (246,22) size 0x0
          RenderBR {BR} at (0,28) size 0x28
          RenderText {#text} at (0,56) size 277x28
            text run at (0,56) width 277: "one two three four five"
      RenderBlock {DIV} at (0,208) size 964x32
        RenderBlock {DIV} at (0,0) size 964x32 [border: (2px solid #FF0000)]
          RenderText {#text} at (2,2) size 277x28
            text run at (2,2) width 277: "one five two three four"
caret: position 12 of child 0 {#text} of child 1 {DIV} of child 3 {DIV} of body
