EDITING DELEGATE: shouldBeginEditingInDOMRange:range from 0 of DIV > BODY > HTML > #document to 0 of DIV > BODY > HTML > #document
EDITING DELEGATE: webViewDidBeginEditing:WebViewDidBeginEditingNotification
EDITING DELEGATE: webViewDidChangeSelection:WebViewDidChangeSelectionNotification
EDITING DELEGATE: shouldChangeSelectedDOMRange:range from 0 of DIV > BODY > HTML > #document to 0 of DIV > BODY > HTML > #document toDOMRange:range from 3 of #text > BLOCKQUOTE > DIV > BODY > HTML > #document to 3 of #text > BLOCKQUOTE > DIV > BODY > HTML > #document affinity:NSSelectionAffinityDownstream stillSelecting:FALSE
EDITING DELEGATE: webViewDidChangeSelection:WebViewDidChangeSelectionNotification
EDITING DELEGATE: webViewDidChange:WebViewDidChangeNotification
EDITING DELEGATE: webViewDidChangeSelection:WebViewDidChangeSelectionNotification
layer at (0,0) size 980x735
  RenderView at (0,0) size 980x735
layer at (0,0) size 980x735
  RenderBlock {HTML} at (0,0) size 980x735
    RenderBody {BODY} at (8,8) size 964x711
      RenderBlock {P} at (0,0) size 964x38
        RenderText {#text} at (0,0) size 932x38
          text run at (0,0) width 932: "This test makes sure that content inside a Mail blockquote in an incoming fragment isn't pulled out of the blockquote"
          text run at (0,19) width 105: "during paste."
      RenderBlock {P} at (0,54) size 964x19
        RenderInline {B} at (0,0) size 761x19
          RenderText {#text} at (0,0) size 761x19
            text run at (0,0) width 761: "You should see 'bar' inside a blockquote (it will have a blue border around it if it is)."
      RenderBlock {DIV} at (0,89) size 964x21
        RenderBlock {BLOCKQUOTE} at (40,0) size 884x21 [border: (1px solid #0000FF)]
          RenderText {#text} at (1,1) size 27x19
            text run at (1,1) width 27: "bar"
caret: position 3 of child 0 {#text} of child 0 {BLOCKQUOTE} of child 4 {DIV} of body
