EDITING DELEGATE: shouldBeginEditingInDOMRange:range from 0 of DIV > BODY > HTML > #document to 2 of DIV > BODY > HTML > #document
EDITING DELEGATE: webViewDidBeginEditing:WebViewDidBeginEditingNotification
EDITING DELEGATE: webViewDidChangeSelection:WebViewDidChangeSelectionNotification
EDITING DELEGATE: webViewDidChangeSelection:WebViewDidChangeSelectionNotification
EDITING DELEGATE: webViewDidChangeSelection:WebViewDidChangeSelectionNotification
EDITING DELEGATE: webViewDidChangeSelection:WebViewDidChangeSelectionNotification
EDITING DELEGATE: webViewDidChangeSelection:WebViewDidChangeSelectionNotification
EDITING DELEGATE: webViewDidChangeSelection:WebViewDidChangeSelectionNotification
EDITING DELEGATE: webViewDidChangeSelection:WebViewDidChangeSelectionNotification
EDITING DELEGATE: webViewDidChangeSelection:WebViewDidChangeSelectionNotification
EDITING DELEGATE: shouldChangeSelectedDOMRange:range from 0 of #text > DIV > BODY > HTML > #document to 1 of #text > DIV > DIV > BODY > HTML > #document toDOMRange:range from 4 of #text > DIV > DIV > BODY > HTML > #document to 4 of #text > DIV > DIV > BODY > HTML > #document affinity:NSSelectionAffinityDownstream stillSelecting:FALSE
EDITING DELEGATE: webViewDidChangeSelection:WebViewDidChangeSelectionNotification
EDITING DELEGATE: webViewDidChange:WebViewDidChangeNotification
EDITING DELEGATE: webViewDidChangeSelection:WebViewDidChangeSelectionNotification
layer at (0,0) size 980x735
  RenderView at (0,0) size 980x735
layer at (0,0) size 980x735
  RenderBlock {HTML} at (0,0) size 980x735
    RenderBody {BODY} at (8,8) size 964x719
      RenderBlock {P} at (0,0) size 964x57
        RenderText {#text} at (0,0) size 964x57
          text run at (0,0) width 964: "This is a test for the merge that paste does of the last paragraph of the incoming fragment with content after the end of"
          text run at (0,19) width 255: "the selection being pasted into. "
          text run at (255,19) width 677: "A fragment that ends in with paragraph surrounded by a blue border is pasted into a"
          text run at (0,38) width 490: "selection ending in a paragraph surrounded by a red border. "
          text run at (490,38) width 215: "The red border should win."
      RenderBlock {P} at (0,73) size 964x19
        RenderInline {B} at (0,0) size 789x19
          RenderText {#text} at (0,0) size 789x19
            text run at (0,0) width 789: "The second paragraph should be surrounded by a red border before and after the test."
      RenderBlock {DIV} at (0,108) size 964x40
        RenderBlock (anonymous) at (0,0) size 964x19
          RenderText {#text} at (0,0) size 39x19
            text run at (0,0) width 39: "First "
          RenderText {#text} at (39,0) size 84x19
            text run at (39,0) width 84: "paragraph"
        RenderBlock {DIV} at (0,19) size 964x21 [border: (1px solid #FF0000)]
          RenderText {#text} at (1,1) size 32x19
            text run at (1,1) width 32: "This"
          RenderText {#text} at (33,1) size 350x19
            text run at (33,1) width 350: " text should be surrounded by a red border."
caret: position 4 of child 0 {#text} of child 2 {DIV} of child 3 {DIV} of body
