EDITING DELEGATE: shouldBeginEditingInDOMRange:range from 0 of DIV > BODY > HTML > #document to 3 of DIV > BODY > HTML > #document
EDITING DELEGATE: webViewDidBeginEditing:WebViewDidBeginEditingNotification
EDITING DELEGATE: webViewDidChangeSelection:WebViewDidChangeSelectionNotification
EDITING DELEGATE: webViewDidChangeSelection:WebViewDidChangeSelectionNotification
EDITING DELEGATE: webViewDidChangeSelection:WebViewDidChangeSelectionNotification
EDITING DELEGATE: webViewDidChangeSelection:WebViewDidChangeSelectionNotification
EDITING DELEGATE: webViewDidChangeSelection:WebViewDidChangeSelectionNotification
EDITING DELEGATE: webViewDidChangeSelection:WebViewDidChangeSelectionNotification
EDITING DELEGATE: shouldInsertNode:#document-fragment replacingDOMRange:range from 3 of #text > DIV > DIV > DIV > BODY > HTML > #document to 0 of DIV > DIV > DIV > BODY > HTML > #document givenAction:WebViewInsertActionPasted
EDITING DELEGATE: webViewDidChangeSelection:WebViewDidChangeSelectionNotification
EDITING DELEGATE: shouldChangeSelectedDOMRange:range from 1 of DIV > DIV > DIV > BODY > HTML > #document to 2 of DIV > DIV > BODY > HTML > #document toDOMRange:range from 2 of DIV > DIV > DIV > BODY > HTML > #document to 2 of DIV > DIV > DIV > BODY > HTML > #document affinity:NSSelectionAffinityDownstream stillSelecting:FALSE
EDITING DELEGATE: webViewDidChangeSelection:WebViewDidChangeSelectionNotification
EDITING DELEGATE: webViewDidChange:WebViewDidChangeNotification
EDITING DELEGATE: webViewDidChangeSelection:WebViewDidChangeSelectionNotification
layer at (0,0) size 980x1598
  RenderView at (0,0) size 980x735
layer at (0,0) size 980x1598
  RenderBlock {HTML} at (0,0) size 980x1598
    RenderBody {BODY} at (8,8) size 964x1582
      RenderBlock {DIV} at (0,0) size 964x268 [border: (2px solid #0000FF)]
        RenderBlock {DIV} at (14,14) size 936x84
          RenderText {#text} at (0,0) size 89x28
            text run at (0,0) width 89: "Tests: "
          RenderBR {BR} at (0,0) size 0x0
          RenderText {#text} at (0,28) size 132x28
            text run at (0,28) width 132: "Bug fix for "
          RenderInline {A} at (0,0) size 327x28 [color=#0000EE]
            RenderText {#text} at (132,28) size 327x28
              text run at (132,28) width 327: "<rdar://problem/4038267>"
          RenderText {#text} at (459,28) size 888x56
            text run at (459,28) width 429: " REGRESSION (Mail): Crash copying"
            text run at (0,56) width 367: "and pasting end of paragraph."
        RenderBlock {DIV} at (14,114) size 936x140
          RenderBlock (anonymous) at (0,0) size 936x84
            RenderText {#text} at (0,0) size 246x28
              text run at (0,0) width 246: "Expected Results: "
            RenderBR {BR} at (246,22) size 0x0
            RenderText {#text} at (0,28) size 924x56
              text run at (0,28) width 924: "Should see this content in the red box below (insertion point must be on the"
              text run at (0,56) width 383: "second line, right before \"bar\"):"
          RenderBlock {DIV} at (0,84) size 936x28
            RenderText {#text} at (0,0) size 38x28
              text run at (0,0) width 38: "foo"
          RenderBlock {DIV} at (0,112) size 936x28
            RenderText {#text} at (0,0) size 40x28
              text run at (0,0) width 40: "bar"
      RenderBlock {DIV} at (0,292) size 964x1290
        RenderBlock {DIV} at (0,0) size 964x1290 [border: (2px solid #FF0000)]
          RenderBlock {DIV} at (2,2) size 960x1286
            RenderText {#text} at (0,1258) size 38x28
              text run at (0,1258) width 38: "foo"
            RenderImage {IMG} at (38,0) size 720x1280
            RenderText {#text} at (758,1258) size 40x28
              text run at (758,1258) width 40: "bar"
          RenderBlock (anonymous) at (2,1288) size 960x0
caret: position 1 of child 1 {IMG} of child 1 {DIV} of child 1 {DIV} of child 3 {DIV} of body
