EDITING DELEGATE: shouldBeginEditingInDOMRange:range from 0 of BODY > HTML > #document to 8 of BODY > HTML > #document
EDITING DELEGATE: webViewDidBeginEditing:WebViewDidBeginEditingNotification
EDITING DELEGATE: webViewDidChangeSelection:WebViewDidChangeSelectionNotification
EDITING DELEGATE: webViewDidChangeSelection:WebViewDidChangeSelectionNotification
EDITING DELEGATE: webViewDidChangeSelection:WebViewDidChangeSelectionNotification
EDITING DELEGATE: webViewDidChangeSelection:WebViewDidChangeSelectionNotification
EDITING DELEGATE: shouldInsertNode:#document-fragment replacingDOMRange:range from 0 of #text > DIV > BODY > HTML > #document to 9 of #text > DIV > BODY > HTML > #document givenAction:WebViewInsertActionPasted
EDITING DELEGATE: webViewDidChangeSelection:WebViewDidChangeSelectionNotification
EDITING DELEGATE: webViewDidChangeSelection:WebViewDidChangeSelectionNotification
EDITING DELEGATE: shouldChangeSelectedDOMRange:range from 0 of DIV > BODY > HTML > #document to 0 of DIV > BODY > HTML > #document toDOMRange:range from 1 of DIV > BODY > HTML > #document to 1 of DIV > BODY > HTML > #document affinity:NSSelectionAffinityDownstream stillSelecting:FALSE
EDITING DELEGATE: webViewDidChangeSelection:WebViewDidChangeSelectionNotification
EDITING DELEGATE: webViewDidChange:WebViewDidChangeNotification
EDITING DELEGATE: webViewDidChangeSelection:WebViewDidChangeSelectionNotification
layer at (0,0) size 980x1432
  RenderView at (0,0) size 980x735
layer at (0,0) size 980x1432
  RenderBlock {HTML} at (0,0) size 980x1432
    RenderBody {BODY} at (8,8) size 964x1416
      RenderBlock {P} at (0,0) size 964x95
        RenderText {#text} at (0,0) size 379x19
          text run at (0,0) width 379: "This tests pasting a table to replace some text. "
        RenderInline {B} at (0,0) size 964x95
          RenderText {#text} at (379,0) size 964x95
            text run at (379,0) width 540: "It demonstrates two bugs: 1) selecting a table without also"
            text run at (919,0) width 6: " "
            text run at (0,19) width 932: "selecting the line break after programmatically is impossible when its followed by a div because of the"
            text run at (932,19) width 6: " "
            text run at (0,38) width 924: "way DOM positions are mapped to visible positions, 2) pasting content that ends in a table places the"
            text run at (924,38) width 6: " "
            text run at (0,57) width 961: "caret in the last table cell instead of after the table, so the interchange newline is placed in the last table"
            text run at (961,57) width 3: " "
            text run at (0,76) width 250: "cell and not after the table."
      RenderTable {TABLE} at (0,111) size 69x25
        RenderTableSection {TBODY} at (0,0) size 69x25
          RenderTableRow {TR} at (0,2) size 69x21
            RenderTableCell {TD} at (2,2) size 32x21 [r=0 c=0 rs=1 cs=1]
              RenderText {#text} at (1,1) size 30x19
                text run at (1,1) width 30: "one"
            RenderTableCell {TD} at (36,2) size 31x21 [r=0 c=1 rs=1 cs=1]
              RenderText {#text} at (1,1) size 29x19
                text run at (1,1) width 29: "two"
      RenderBlock {DIV} at (0,136) size 964x1280
        RenderImage {IMG} at (0,0) size 720x1280
caret: position 1 of child 0 {IMG} of child 5 {DIV} of body
