EDITING DELEGATE: shouldBeginEditingInDOMRange:range from 0 of DIV > BODY > HTML > #document to 3 of DIV > BODY > HTML > #document
EDITING DELEGATE: webViewDidBeginEditing:WebViewDidBeginEditingNotification
EDITING DELEGATE: webViewDidChangeSelection:WebViewDidChangeSelectionNotification
EDITING DELEGATE: webViewDidChangeSelection:WebViewDidChangeSelectionNotification
EDITING DELEGATE: webViewDidChangeSelection:WebViewDidChangeSelectionNotification
EDITING DELEGATE: webViewDidChangeSelection:WebViewDidChangeSelectionNotification
EDITING DELEGATE: webViewDidChangeSelection:WebViewDidChangeSelectionNotification
EDITING DELEGATE: webViewDidChangeSelection:WebViewDidChangeSelectionNotification
EDITING DELEGATE: webViewDidChangeSelection:WebViewDidChangeSelectionNotification
EDITING DELEGATE: webViewDidChangeSelection:WebViewDidChangeSelectionNotification
EDITING DELEGATE: webViewDidChangeSelection:WebViewDidChangeSelectionNotification
EDITING DELEGATE: webViewDidChangeSelection:WebViewDidChangeSelectionNotification
EDITING DELEGATE: webViewDidChangeSelection:WebViewDidChangeSelectionNotification
EDITING DELEGATE: shouldInsertNode:#document-fragment replacingDOMRange:range from 8 of #text > DIV > DIV > DIV > DIV > BODY > HTML > #document to 0 of #text > DIV > DIV > DIV > BODY > HTML > #document givenAction:WebViewInsertActionPasted
EDITING DELEGATE: shouldChangeSelectedDOMRange:range from 1 of DIV > DIV > DIV > DIV > BODY > HTML > #document to 0 of #text > DIV > DIV > DIV > BODY > HTML > #document toDOMRange:range from 2 of DIV > DIV > DIV > DIV > BODY > HTML > #document to 2 of DIV > DIV > DIV > DIV > BODY > HTML > #document affinity:NSSelectionAffinityDownstream stillSelecting:FALSE
EDITING DELEGATE: webViewDidChangeSelection:WebViewDidChangeSelectionNotification
EDITING DELEGATE: webViewDidChange:WebViewDidChangeNotification
EDITING DELEGATE: webViewDidChangeSelection:WebViewDidChangeSelectionNotification
layer at (0,0) size 980x1570
  RenderView at (0,0) size 980x735
layer at (0,0) size 980x1570
  RenderBlock {HTML} at (0,0) size 980x1570
    RenderBody {BODY} at (8,8) size 964x1554
      RenderBlock {DIV} at (0,0) size 964x212 [border: (2px solid #0000FF)]
        RenderBlock {DIV} at (14,14) size 936x84
          RenderText {#text} at (0,0) size 89x28
            text run at (0,0) width 89: "Tests: "
          RenderBR {BR} at (0,0) size 0x0
          RenderText {#text} at (0,28) size 197x28
            text run at (0,28) width 197: "Fix for this bug: "
          RenderInline {A} at (0,0) size 327x28 [color=#0000EE]
            RenderText {#text} at (197,28) size 327x28
              text run at (197,28) width 327: "<rdar://problem/4045511>"
          RenderText {#text} at (524,28) size 874x56
            text run at (524,28) width 350: " Copying and pasting end-of-"
            text run at (0,56) width 671: "paragraph selection puts insertion point in wrong place"
        RenderBlock {DIV} at (14,114) size 936x84
          RenderText {#text} at (0,0) size 246x28
            text run at (0,0) width 246: "Expected Results: "
          RenderBR {BR} at (246,22) size 0x0
          RenderText {#text} at (0,28) size 893x56
            text run at (0,28) width 887: "Should see two lines of text below, self-documenting themselves as \"line"
            text run at (0,56) width 893: "one\" and \"line two\". The insertion point must be at the start of \"line two\"."
      RenderBlock {DIV} at (0,236) size 964x1318
        RenderBlock {DIV} at (0,0) size 964x1318 [border: (2px solid #FF0000)]
          RenderBlock {DIV} at (2,2) size 960x1314
            RenderBlock {DIV} at (0,0) size 960x1286
              RenderText {#text} at (0,1258) size 97x28
                text run at (0,1258) width 97: "line one"
              RenderImage {IMG} at (97,0) size 720x1280
            RenderBlock (anonymous) at (0,1286) size 960x28
              RenderText {#text} at (0,0) size 96x28
                text run at (0,0) width 96: "line two"
caret: position 1 of child 1 {IMG} of child 0 {DIV} of child 1 {DIV} of child 1 {DIV} of child 3 {DIV} of body
