EDITING DELEGATE: shouldBeginEditingInDOMRange:range from 0 of DIV > BODY > HTML > #document to 3 of DIV > BODY > HTML > #document
EDITING DELEGATE: webViewDidBeginEditing:WebViewDidBeginEditingNotification
EDITING DELEGATE: webViewDidChangeSelection:WebViewDidChangeSelectionNotification
layer at (0,0) size 980x735
  RenderView at (0,0) size 980x735
layer at (0,0) size 980x735
  RenderBlock {HTML} at (0,0) size 980x735
    RenderBody {BODY} at (8,8) size 964x711
      RenderBlock {DIV} at (0,0) size 964x28 [border: (2px solid #FF0000)]
        RenderBlock {DIV} at (14,14) size 936x0
      RenderBlock {DIV} at (0,44) size 964x19
        RenderBlock {P} at (0,0) size 964x19
          RenderText {#text} at (0,0) size 158x19
            text run at (0,0) width 158: "FAIL - no objCPlugin"
caret: position 0 of child 1 {DIV} of body
