EDITING DELEGATE: shouldBeginEditingInDOMRange:range from 0 of DIV > BODY > HTML > #document to 1 of DIV > BODY > HTML > #document
EDITING DELEGATE: webViewDidBeginEditing:WebViewDidBeginEditingNotification
EDITING DELEGATE: webViewDidChangeSelection:WebViewDidChangeSelectionNotification
EDITING DELEGATE: webViewDidChangeSelection:WebViewDidChangeSelectionNotification
EDITING DELEGATE: shouldChangeSelectedDOMRange:range from 61 of #text > DIV > DIV > BODY > HTML > #document to 61 of #text > DIV > DIV > BODY > HTML > #document toDOMRange:range from 1 of DIV > BODY > HTML > #document to 1 of DIV > BODY > HTML > #document affinity:NSSelectionAffinityDownstream stillSelecting:FALSE
EDITING DELEGATE: webViewDidChangeSelection:WebViewDidChangeSelectionNotification
EDITING DELEGATE: webViewDidChange:WebViewDidChangeNotification
EDITING DELEGATE: webViewDidChangeSelection:WebViewDidChangeSelectionNotification
layer at (0,0) size 980x735
  RenderView at (0,0) size 980x735
layer at (0,0) size 980x735
  RenderBlock {HTML} at (0,0) size 980x735
    RenderBody {BODY} at (8,8) size 964x719
      RenderBlock {P} at (0,0) size 964x38
        RenderText {#text} at (0,0) size 957x38
          text run at (0,0) width 957: "This is a test to make sure that the final <br> in an incoming fragment is interpretted strictly in quirks mode (where brs"
          text run at (0,19) width 286: "at the end of blocks are collapsed). "
          text run at (286,19) width 660: "This test used to fail because of unrendered content to the left of the collapsed br."
      RenderBlock {DIV} at (0,54) size 964x38
        RenderBlock {DIV} at (0,0) size 964x19
          RenderText {#text} at (0,0) size 475x19
            text run at (0,0) width 475: "The test should add a single blank line after this paragraph."
          RenderInline {SPAN} at (0,0) size 0x19
          RenderBR {BR} at (475,15) size 0x0
        RenderBlock (anonymous) at (0,19) size 964x19
          RenderBR {BR} at (0,0) size 0x19
caret: position 0 of child 1 {BR} of child 2 {DIV} of body
