EDITING DELEGATE: shouldBeginEditingInDOMRange:range from 0 of DIV > BODY > HTML > #document to 2 of DIV > BODY > HTML > #document
EDITING DELEGATE: webViewDidBeginEditing:WebViewDidBeginEditingNotification
EDITING DELEGATE: webViewDidChangeSelection:WebViewDidChangeSelectionNotification
EDITING DELEGATE: webViewDidChangeSelection:WebViewDidChangeSelectionNotification
EDITING DELEGATE: shouldChangeSelectedDOMRange:range from 0 of DIV > BODY > HTML > #document to 0 of DIV > BODY > HTML > #document toDOMRange:range from 0 of #text > SPAN > DIV > BODY > HTML > #document to 5 of #text > SPAN > DIV > BODY > HTML > #document affinity:NSSelectionAffinityDownstream stillSelecting:FALSE
EDITING DELEGATE: webViewDidChangeSelection:WebViewDidChangeSelectionNotification
EDITING DELEGATE: webViewDidChangeSelection:WebViewDidChangeSelectionNotification
EDITING DELEGATE: webViewDidChangeSelection:WebViewDidChangeSelectionNotification
EDITING DELEGATE: shouldChangeSelectedDOMRange:range from 0 of #text > SPAN > DIV > BODY > HTML > #document to 5 of #text > SPAN > DIV > BODY > HTML > #document toDOMRange:range from 6 of #text > DIV > BODY > HTML > #document to 6 of #text > DIV > BODY > HTML > #document affinity:NSSelectionAffinityDownstream stillSelecting:FALSE
EDITING DELEGATE: webViewDidChangeSelection:WebViewDidChangeSelectionNotification
layer at (0,0) size 980x735
  RenderView at (0,0) size 980x735
layer at (0,0) size 980x735
  RenderBlock {HTML} at (0,0) size 980x735
    RenderBody {BODY} at (8,8) size 964x719
      RenderBlock {P} at (0,0) size 964x38
        RenderText {#text} at (0,0) size 958x38
          text run at (0,0) width 958: "Tests that drag/drop after double-click does a smart drag. Specifically the end result should have a space: \"world hello\"."
          text run at (0,19) width 570: "To test manually double click on the \"hello\" and drag it to after \"world\"."
      RenderBlock {DIV} at (0,54) size 964x19
        RenderInline {SPAN} at (0,0) size 38x19
          RenderText {#text} at (0,0) size 38x19
            text run at (0,0) width 38: "hello"
        RenderText {#text} at (38,0) size 49x19
          text run at (38,0) width 49: " world"
caret: position 6 of child 1 {#text} of child 3 {DIV} of body
