EDITING DELEGATE: shouldBeginEditingInDOMRange:range from 0 of DIV > BODY > HTML > #document to 1 of DIV > BODY > HTML > #document
EDITING DELEGATE: webViewDidBeginEditing:WebViewDidBeginEditingNotification
EDITING DELEGATE: webViewDidChangeSelection:WebViewDidChangeSelectionNotification
EDITING DELEGATE: shouldChangeSelectedDOMRange:range from 0 of CENTER > DIV > BODY > HTML > #document to 0 of CENTER > DIV > BODY > HTML > #document toDOMRange:range from 0 of CENTER > DIV > BODY > HTML > #document to 1 of CENTER > DIV > BODY > HTML > #document affinity:NSSelectionAffinityDownstream stillSelecting:FALSE
EDITING DELEGATE: webViewDidChangeSelection:WebViewDidChangeSelectionNotification
EDITING DELEGATE: webViewDidChangeSelection:WebViewDidChangeSelectionNotification
EDITING DELEGATE: webViewDidChangeSelection:WebViewDidChangeSelectionNotification
EDITING DELEGATE: shouldEndEditingInDOMRange:range from 0 of DIV > BODY > HTML > #document to 1 of DIV > BODY > HTML > #document
EDITING DELEGATE: webViewDidEndEditing:WebViewDidEndEditingNotification
EDITING DELEGATE: shouldBeginEditingInDOMRange:range from 0 of DIV > BODY > HTML > #document to 0 of DIV > BODY > HTML > #document
EDITING DELEGATE: webViewDidBeginEditing:WebViewDidBeginEditingNotification
EDITING DELEGATE: webViewDidChangeSelection:WebViewDidChangeSelectionNotification
EDITING DELEGATE: shouldInsertNode:#document-fragment replacingDOMRange:range from 0 of DIV > BODY > HTML > #document to 0 of DIV > BODY > HTML > #document givenAction:WebViewInsertActionPasted
EDITING DELEGATE: shouldChangeSelectedDOMRange:range from 0 of DIV > BODY > HTML > #document to 0 of DIV > BODY > HTML > #document toDOMRange:range from 1 of DIV > BODY > HTML > #document to 1 of DIV > BODY > HTML > #document affinity:NSSelectionAffinityDownstream stillSelecting:FALSE
EDITING DELEGATE: webViewDidChangeSelection:WebViewDidChangeSelectionNotification
EDITING DELEGATE: webViewDidChange:WebViewDidChangeNotification
EDITING DELEGATE: webViewDidChangeSelection:WebViewDidChangeSelectionNotification
layer at (0,0) size 980x1507
  RenderView at (0,0) size 980x735
layer at (0,0) size 980x1507
  RenderBlock {HTML} at (0,0) size 980x1507
    RenderBody {BODY} at (8,8) size 964x1491
      RenderBlock {P} at (0,0) size 964x38
        RenderText {#text} at (0,0) size 956x38
          text run at (0,0) width 429: "This tests copy/paste of styled elements, like images. "
          text run at (429,0) width 527: "The image in the region below should be centered after its copied"
          text run at (0,19) width 94: "and pasted."
      RenderBlock {P} at (0,54) size 964x38
        RenderInline {B} at (0,0) size 948x38
          RenderText {#text} at (0,0) size 948x38
            text run at (0,0) width 948: "This demonstrates a bug: createMarkup puts the text-align property on the image, which doesn't center"
            text run at (0,19) width 274: "it, so its left aligned on paste."
      RenderBlock {DIV} at (0,108) size 964x103
        RenderBlock {CENTER} at (0,0) size 964x103
          RenderImage {IMG} at (444,0) size 76x103
      RenderBlock {DIV} at (0,211) size 964x1280
        RenderImage {IMG} at (0,0) size 720x1280
caret: position 1 of child 0 {IMG} of child 6 {DIV} of body
