EDITING DELEGATE: shouldBeginEditingInDOMRange:range from 0 of DIV > BODY > HTML > #document to 2 of DIV > BODY > HTML > #document
EDITING DELEGATE: webViewDidBeginEditing:WebViewDidBeginEditingNotification
EDITING DELEGATE: webViewDidChangeSelection:WebViewDidChangeSelectionNotification
EDITING DELEGATE: webViewDidChangeSelection:WebViewDidChangeSelectionNotification
EDITING DELEGATE: shouldChangeSelectedDOMRange:range from 6 of #text > DIV > BODY > HTML > #document to 6 of #text > DIV > BODY > HTML > #document toDOMRange:range from 17 of #text > DIV > DIV > BODY > HTML > #document to 17 of #text > DIV > DIV > BODY > HTML > #document affinity:NSSelectionAffinityDownstream stillSelecting:FALSE
EDITING DELEGATE: webViewDidChangeSelection:WebViewDidChangeSelectionNotification
EDITING DELEGATE: webViewDidChange:WebViewDidChangeNotification
EDITING DELEGATE: webViewDidChangeSelection:WebViewDidChangeSelectionNotification
layer at (0,0) size 980x735
  RenderView at (0,0) size 980x735
layer at (0,0) size 980x735
  RenderBlock {HTML} at (0,0) size 980x735
    RenderBody {BODY} at (8,8) size 964x719
      RenderBlock {P} at (0,0) size 964x38
        RenderText {#text} at (0,0) size 963x38
          text run at (0,0) width 963: "This is a test to make sure that an unrendered br at the end of the selection being pasted into doesn't become rendered"
          text run at (0,19) width 189: "as a result of the paste."
      RenderBlock {DIV} at (0,54) size 964x38
        RenderBlock (anonymous) at (0,0) size 964x19
          RenderText {#text} at (0,0) size 39x19
            text run at (0,0) width 39: "First "
          RenderText {#text} at (39,0) size 89x19
            text run at (39,0) width 89: "paragraph."
        RenderBlock {DIV} at (0,19) size 964x19
          RenderText {#text} at (0,0) size 153x19
            text run at (0,0) width 153: "Second paragraph."
        RenderBlock (anonymous) at (0,38) size 964x0
caret: position 17 of child 0 {#text} of child 2 {DIV} of child 2 {DIV} of body
