layer at (0,0) size 800x728
  RenderView at (0,0) size 800x600
layer at (0,0) size 800x728
  RenderBlock {HTML} at (0,0) size 800x728
    RenderBody {BODY} at (8,8) size 784x712 [bgcolor=#CCCCCC]
      RenderBlock {P} at (0,0) size 784x14
        RenderText {#text} at (0,0) size 264x14
          text run at (0,0) width 264: "The style declarations which apply to the text below are:"
      RenderBlock {PRE} at (0,26) size 784x110
        RenderText {#text} at (0,0) size 546x110
          text run at (0,0) width 468: "<LINK rel=\"stylesheet\" type=\"text/css\" href=\"linktest.css\" title=\"Default SS\">"
          text run at (468,0) width 0: " "
          text run at (0,11) width 546: "<LINK rel=\"alternate stylesheet\" type=\"text/css\" href=\"linktest2.css\" title=\"Alternate SS\">"
          text run at (546,11) width 0: " "
          text run at (0,22) width 156: "@import url(imptest1.css);"
          text run at (156,22) width 0: " "
          text run at (0,33) width 144: "@import \"imptest1a.css\";"
          text run at (144,33) width 0: " "
          text run at (0,44) width 96: "UL {color: red;}"
          text run at (96,44) width 0: " "
          text run at (0,55) width 132: ".four {color: purple;}"
          text run at (132,55) width 0: " "
          text run at (0,66) width 156: "@import url(imptest2.css);"
          text run at (156,66) width 0: " "
          text run at (0,77) width 24: "<!--"
          text run at (24,77) width 0: " "
          text run at (0,88) width 126: "P.six {color: green;}"
          text run at (126,88) width 0: " "
          text run at (0,99) width 18: "-->"
          text run at (18,99) width 0: " "
      RenderBlock {HR} at (0,146) size 784x2 [border: (1px inset #000000)]
      RenderBlock {P} at (0,160) size 784x14
        RenderText {#text} at (0,0) size 302x14
          text run at (0,0) width 302: "This sentence should be underlined due to the linked style sheet "
        RenderInline {CODE} at (0,0) size 72x11
          RenderText {#text} at (302,3) size 72x11
            text run at (302,3) width 72: "linktest.css"
        RenderText {#text} at (374,0) size 190x14
          text run at (374,0) width 190: ", the reference to which is shown above."
      RenderBlock {P} at (0,186) size 784x28
        RenderText {#text} at (0,0) size 330x14
          text run at (0,0) width 330: "This sentence should NOT be underlined due to the linked style sheet "
        RenderInline {CODE} at (0,0) size 78x11
          RenderText {#text} at (330,3) size 78x11
            text run at (330,3) width 78: "linktest2.css"
        RenderText {#text} at (408,0) size 6x14
          text run at (408,0) width 6: ", "
        RenderInline {STRONG} at (0,0) size 32x14
          RenderText {#text} at (414,0) size 32x14
            text run at (414,0) width 32: "unless"
        RenderText {#text} at (446,0) size 769x28
          text run at (446,0) width 323: " the external style sheet \"Alternate SS\" has been selected via the user"
          text run at (0,14) width 28: "agent."
      RenderBlock {UL} at (0,226) size 784x42 [color=#FF0000]
        RenderListItem {LI} at (40,0) size 744x14 [color=#008000]
          RenderListMarker at (-15,0) size 6x14: bullet
          RenderText {#text} at (0,0) size 292x14
            text run at (0,0) width 292: "This sentence should be green due to an imported style sheet ["
          RenderInline {CODE} at (0,0) size 156x11
            RenderText {#text} at (292,3) size 156x11
              text run at (292,3) width 156: "@import url(imptest1.css);"
          RenderText {#text} at (448,0) size 7x14
            text run at (448,0) width 7: "]."
        RenderListItem {LI} at (40,14) size 744x14 [color=#800080]
          RenderListMarker at (-15,0) size 6x14: bullet
          RenderText {#text} at (0,0) size 296x14
            text run at (0,0) width 296: "This sentence should be purple due to an imported style sheet ["
          RenderInline {CODE} at (0,0) size 138x11
            RenderText {#text} at (296,3) size 138x11
              text run at (296,3) width 138: "@import \"imptest1a.css\""
          RenderText {#text} at (434,0) size 7x14
            text run at (434,0) width 7: "]."
        RenderListItem {LI} at (40,28) size 744x14 [color=#008000]
          RenderListMarker at (-15,0) size 6x14: bullet
          RenderText {#text} at (0,0) size 293x14
            text run at (0,0) width 293: "This sentence should be green thanks to the STYLE attribute ["
          RenderInline {CODE} at (0,0) size 126x11
            RenderText {#text} at (293,3) size 126x11
              text run at (293,3) width 126: "STYLE=\"color: green;\""
          RenderText {#text} at (419,0) size 7x14
            text run at (419,0) width 7: "]."
      RenderBlock {P} at (0,280) size 784x14 [color=#800080]
        RenderText {#text} at (0,0) size 373x14
          text run at (0,0) width 373: "This sentence should be purple, and it doesn't have a terminating paragraph tag."
      RenderBlock {OL} at (0,306) size 784x42
        RenderListItem {LI} at (40,0) size 744x14
          RenderListMarker at (-15,0) size 12x14: "1"
          RenderText {#text} at (0,0) size 151x14
            text run at (0,0) width 151: "This list should NOT be purple."
        RenderListItem {LI} at (40,14) size 744x14
          RenderListMarker at (-15,0) size 12x14: "2"
          RenderText {#text} at (0,0) size 129x14
            text run at (0,0) width 129: "It should, instead, be black."
        RenderListItem {LI} at (40,28) size 744x14
          RenderListMarker at (-15,0) size 12x14: "3"
          RenderText {#text} at (0,0) size 376x14
            text run at (0,0) width 376: "If it IS purple, then the browser hasn't correctly parsed the preceding paragraph."
      RenderBlock {P} at (0,360) size 784x28
        RenderText {#text} at (0,0) size 527x14
          text run at (0,0) width 147: "This sentence should be black. "
          text run at (147,0) width 380: "If it is red, then the browser has inappropriately imported the styles from the file "
        RenderInline {TT} at (0,0) size 72x11
          RenderText {#text} at (527,3) size 72x11
            text run at (527,3) width 72: "imptest2.css"
        RenderText {#text} at (599,0) size 25x14
          text run at (599,0) width 25: " (see "
        RenderInline {A} at (0,0) size 51x14 [color=#0000FF]
          RenderText {#text} at (624,0) size 51x14
            text run at (624,0) width 51: "section 3.0"
        RenderText {#text} at (675,0) size 736x28
          text run at (675,0) width 61: " of the CSS1"
          text run at (0,14) width 143: "specification for more details)."
      RenderBlock {P} at (0,400) size 784x14 [color=#008000]
        RenderText {#text} at (0,0) size 152x14
          text run at (0,0) width 152: "This paragraph should be green."
      RenderTable {TABLE} at (0,426) size 784x286 [border: (1px outset #808080)]
        RenderTableSection {TBODY} at (1,1) size 782x284
          RenderTableRow {TR} at (0,0) size 782x22
            RenderTableCell {TD} at (0,0) size 782x22 [bgcolor=#C0C0C0] [border: (1px inset #808080)] [r=0 c=0 rs=1 cs=2]
              RenderInline {STRONG} at (0,0) size 122x14
                RenderText {#text} at (4,4) size 122x14
                  text run at (4,4) width 122: "TABLE Testing Section"
          RenderTableRow {TR} at (0,22) size 782x262
            RenderTableCell {TD} at (0,142) size 11x22 [bgcolor=#C0C0C0] [border: (1px inset #808080)] [r=1 c=0 rs=1 cs=1]
              RenderText {#text} at (4,4) size 3x14
                text run at (4,4) width 3: " "
            RenderTableCell {TD} at (11,22) size 771x262 [border: (1px inset #808080)] [r=1 c=1 rs=1 cs=1]
              RenderBlock {P} at (4,4) size 763x14
                RenderText {#text} at (0,0) size 302x14
                  text run at (0,0) width 302: "This sentence should be underlined due to the linked style sheet "
                RenderInline {CODE} at (0,0) size 72x11
                  RenderText {#text} at (302,3) size 72x11
                    text run at (302,3) width 72: "linktest.css"
                RenderText {#text} at (374,0) size 190x14
                  text run at (374,0) width 190: ", the reference to which is shown above."
              RenderBlock {P} at (4,30) size 763x28
                RenderText {#text} at (0,0) size 330x14
                  text run at (0,0) width 330: "This sentence should NOT be underlined due to the linked style sheet "
                RenderInline {CODE} at (0,0) size 78x11
                  RenderText {#text} at (330,3) size 78x11
                    text run at (330,3) width 78: "linktest2.css"
                RenderText {#text} at (408,0) size 6x14
                  text run at (408,0) width 6: ", "
                RenderInline {STRONG} at (0,0) size 32x14
                  RenderText {#text} at (414,0) size 32x14
                    text run at (414,0) width 32: "unless"
                RenderText {#text} at (446,0) size 746x28
                  text run at (446,0) width 300: " the external style sheet \"Alternate SS\" has been selected via the"
                  text run at (0,14) width 51: "user agent."
              RenderBlock {UL} at (4,70) size 763x42 [color=#FF0000]
                RenderListItem {LI} at (40,0) size 723x14 [color=#008000]
                  RenderListMarker at (-15,0) size 6x14: bullet
                  RenderText {#text} at (0,0) size 292x14
                    text run at (0,0) width 292: "This sentence should be green due to an imported style sheet ["
                  RenderInline {CODE} at (0,0) size 156x11
                    RenderText {#text} at (292,3) size 156x11
                      text run at (292,3) width 156: "@import url(imptest1.css);"
                  RenderText {#text} at (448,0) size 7x14
                    text run at (448,0) width 7: "]."
                RenderListItem {LI} at (40,14) size 723x14 [color=#800080]
                  RenderListMarker at (-15,0) size 6x14: bullet
                  RenderText {#text} at (0,0) size 296x14
                    text run at (0,0) width 296: "This sentence should be purple due to an imported style sheet ["
                  RenderInline {CODE} at (0,0) size 138x11
                    RenderText {#text} at (296,3) size 138x11
                      text run at (296,3) width 138: "@import \"imptest1a.css\""
                  RenderText {#text} at (434,0) size 7x14
                    text run at (434,0) width 7: "]."
                RenderListItem {LI} at (40,28) size 723x14 [color=#008000]
                  RenderListMarker at (-15,0) size 6x14: bullet
                  RenderText {#text} at (0,0) size 293x14
                    text run at (0,0) width 293: "This sentence should be green thanks to the STYLE attribute ["
                  RenderInline {CODE} at (0,0) size 126x11
                    RenderText {#text} at (293,3) size 126x11
                      text run at (293,3) width 126: "STYLE=\"color: green;\""
                  RenderText {#text} at (419,0) size 7x14
                    text run at (419,0) width 7: "]."
              RenderBlock {P} at (4,124) size 763x14 [color=#800080]
                RenderText {#text} at (0,0) size 373x14
                  text run at (0,0) width 373: "This sentence should be purple, and it doesn't have a terminating paragraph tag."
              RenderBlock {OL} at (4,150) size 763x42
                RenderListItem {LI} at (40,0) size 723x14
                  RenderListMarker at (-15,0) size 12x14: "1"
                  RenderText {#text} at (0,0) size 151x14
                    text run at (0,0) width 151: "This list should NOT be purple."
                RenderListItem {LI} at (40,14) size 723x14
                  RenderListMarker at (-15,0) size 12x14: "2"
                  RenderText {#text} at (0,0) size 129x14
                    text run at (0,0) width 129: "It should, instead, be black."
                RenderListItem {LI} at (40,28) size 723x14
                  RenderListMarker at (-15,0) size 12x14: "3"
                  RenderText {#text} at (0,0) size 376x14
                    text run at (0,0) width 376: "If it IS purple, then the browser hasn't correctly parsed the preceding paragraph."
              RenderBlock {P} at (4,204) size 763x28
                RenderText {#text} at (0,0) size 527x14
                  text run at (0,0) width 147: "This sentence should be black. "
                  text run at (147,0) width 380: "If it is red, then the browser has inappropriately imported the styles from the file "
                RenderInline {TT} at (0,0) size 72x11
                  RenderText {#text} at (527,3) size 72x11
                    text run at (527,3) width 72: "imptest2.css"
                RenderText {#text} at (599,0) size 25x14
                  text run at (599,0) width 25: " (see "
                RenderInline {A} at (0,0) size 51x14 [color=#0000FF]
                  RenderText {#text} at (624,0) size 51x14
                    text run at (624,0) width 51: "section 3.0"
                RenderText {#text} at (675,0) size 736x28
                  text run at (675,0) width 61: " of the CSS1"
                  text run at (0,14) width 143: "specification for more details)."
              RenderBlock {P} at (4,244) size 763x14 [color=#008000]
                RenderText {#text} at (0,0) size 152x14
                  text run at (0,0) width 152: "This paragraph should be green."
