layer at (0,0) size 800x600
  RenderView at (0,0) size 800x600
layer at (0,0) size 800x600
  RenderBlock {HTML} at (0,0) size 800x600
    RenderBody {BODY} at (8,8) size 784x584 [bgcolor=#CCCCCC]
      RenderBlock {P} at (0,0) size 784x14
        RenderText {#text} at (0,0) size 264x14
          text run at (0,0) width 264: "The style declarations which apply to the text below are:"
      RenderBlock {PRE} at (0,26) size 784x22
        RenderText {#text} at (0,0) size 204x22
          text run at (0,0) width 204: ".one, .two, .three {color: green;}"
          text run at (204,0) width 0: " "
          text run at (0,11) width 0: " "
      RenderBlock {HR} at (0,58) size 784x2 [border: (1px inset #000000)]
      RenderBlock {P} at (0,72) size 784x14 [color=#008000]
        RenderText {#text} at (0,0) size 145x14
          text run at (0,0) width 145: "This sentence should be green."
      RenderBlock {P} at (0,98) size 784x14 [color=#008000]
        RenderText {#text} at (0,0) size 145x14
          text run at (0,0) width 145: "This sentence should be green."
      RenderBlock {P} at (0,124) size 784x14 [color=#008000]
        RenderText {#text} at (0,0) size 145x14
          text run at (0,0) width 145: "This sentence should be green."
      RenderTable {TABLE} at (0,150) size 166x98 [border: (1px outset #808080)]
        RenderTableSection {TBODY} at (1,1) size 164x96
          RenderTableRow {TR} at (0,0) size 164x22
            RenderTableCell {TD} at (0,0) size 164x22 [bgcolor=#C0C0C0] [border: (1px inset #808080)] [r=0 c=0 rs=1 cs=2]
              RenderInline {STRONG} at (0,0) size 122x14
                RenderText {#text} at (4,4) size 122x14
                  text run at (4,4) width 122: "TABLE Testing Section"
          RenderTableRow {TR} at (0,22) size 164x74
            RenderTableCell {TD} at (0,48) size 11x22 [bgcolor=#C0C0C0] [border: (1px inset #808080)] [r=1 c=0 rs=1 cs=1]
              RenderText {#text} at (4,4) size 3x14
                text run at (4,4) width 3: " "
            RenderTableCell {TD} at (11,22) size 153x74 [border: (1px inset #808080)] [r=1 c=1 rs=1 cs=1]
              RenderBlock {P} at (4,4) size 145x14 [color=#008000]
                RenderText {#text} at (0,0) size 145x14
                  text run at (0,0) width 145: "This sentence should be green."
              RenderBlock {P} at (4,30) size 145x14 [color=#008000]
                RenderText {#text} at (0,0) size 145x14
                  text run at (0,0) width 145: "This sentence should be green."
              RenderBlock {P} at (4,56) size 145x14 [color=#008000]
                RenderText {#text} at (0,0) size 145x14
                  text run at (0,0) width 145: "This sentence should be green."
