layer at (0,0) size 980x735
  RenderView at (0,0) size 980x735
layer at (0,0) size 980x735
  RenderBlock {HTML} at (0,0) size 980x735
    RenderBody {BODY} at (8,8) size 964x711
      RenderBlock (anonymous) at (0,0) size 964x150
        RenderInline {SPAN} at (0,0) size 332x129 [border: (5px solid #000000)]
          RenderText {#text} at (5,15) size 68x19
            text run at (5,15) width 68: "This text"
          RenderBR {BR} at (73,30) size 0x0
          RenderText {#text} at (0,65) size 96x19
            text run at (0,65) width 96: "should have"
          RenderBR {BR} at (96,80) size 0x0
          RenderText {#text} at (0,115) size 327x19
            text run at (0,115) width 327: "a multi-line shadow with a border-radius."
        RenderText {#text} at (0,0) size 0x0
      RenderBlock {DIV} at (0,150) size 120x120 [border: (10px solid #000000)]
        RenderText {#text} at (10,10) size 94x76
          text run at (10,10) width 35: "50%"
          text run at (10,29) width 94: "transparent"
          text run at (10,48) width 42: "black"
          text run at (10,67) width 61: "shadow"
      RenderTable {TABLE} at (0,270) size 193x265
        RenderTableSection {TBODY} at (0,0) size 193x265
          RenderTableRow {TR} at (0,10) size 193x41
            RenderTableCell {TD} at (10,10) size 51x41 [border: (1px solid #000000)] [r=0 c=0 rs=1 cs=1]
              RenderText {#text} at (11,11) size 29x19
                text run at (11,11) width 29: "Cell"
            RenderTableCell {TD} at (71,10) size 51x41 [border: (1px solid #000000)] [r=0 c=1 rs=1 cs=1]
              RenderText {#text} at (11,11) size 29x19
                text run at (11,11) width 29: "Cell"
            RenderTableCell {TD} at (132,10) size 51x41 [border: (1px solid #000000)] [r=0 c=2 rs=1 cs=1]
              RenderText {#text} at (11,11) size 29x19
                text run at (11,11) width 29: "Cell"
          RenderTableRow {TR} at (0,61) size 193x41
            RenderTableCell {TD} at (10,61) size 51x41 [border: (1px solid #000000)] [r=1 c=0 rs=1 cs=1]
              RenderText {#text} at (11,11) size 29x19
                text run at (11,11) width 29: "Cell"
            RenderTableCell {TD} at (71,61) size 51x41 [border: (1px solid #000000)] [r=1 c=1 rs=1 cs=1]
              RenderText {#text} at (11,11) size 29x19
                text run at (11,11) width 29: "Cell"
            RenderTableCell {TD} at (132,61) size 51x41 [border: (1px solid #000000)] [r=1 c=2 rs=1 cs=1]
              RenderText {#text} at (11,11) size 29x19
                text run at (11,11) width 29: "Cell"
          RenderTableRow {TR} at (0,112) size 193x41
            RenderTableCell {TD} at (10,112) size 51x41 [border: (1px solid #000000)] [r=2 c=0 rs=1 cs=1]
              RenderText {#text} at (11,11) size 29x19
                text run at (11,11) width 29: "Cell"
            RenderTableCell {TD} at (71,112) size 51x41 [border: (1px solid #000000)] [r=2 c=1 rs=1 cs=1]
              RenderText {#text} at (11,11) size 29x19
                text run at (11,11) width 29: "Cell"
            RenderTableCell {TD} at (132,112) size 51x41 [border: (1px solid #000000)] [r=2 c=2 rs=1 cs=1]
              RenderText {#text} at (11,11) size 29x19
                text run at (11,11) width 29: "Cell"
          RenderTableRow {TR} at (0,163) size 193x41
            RenderTableCell {TD} at (10,163) size 51x41 [border: (1px solid #000000)] [r=3 c=0 rs=1 cs=1]
              RenderText {#text} at (11,11) size 29x19
                text run at (11,11) width 29: "Cell"
            RenderTableCell {TD} at (71,163) size 51x41 [border: (1px solid #000000)] [r=3 c=1 rs=1 cs=1]
              RenderText {#text} at (11,11) size 29x19
                text run at (11,11) width 29: "Cell"
            RenderTableCell {TD} at (132,163) size 51x41 [border: (1px solid #000000)] [r=3 c=2 rs=1 cs=1]
              RenderText {#text} at (11,11) size 29x19
                text run at (11,11) width 29: "Cell"
          RenderTableRow {TR} at (0,214) size 193x41
            RenderTableCell {TD} at (10,214) size 51x41 [border: (1px solid #000000)] [r=4 c=0 rs=1 cs=1]
              RenderText {#text} at (11,11) size 29x19
                text run at (11,11) width 29: "Cell"
            RenderTableCell {TD} at (71,214) size 51x41 [border: (1px solid #000000)] [r=4 c=1 rs=1 cs=1]
              RenderText {#text} at (11,11) size 29x19
                text run at (11,11) width 29: "Cell"
            RenderTableCell {TD} at (132,214) size 51x41 [border: (1px solid #000000)] [r=4 c=2 rs=1 cs=1]
              RenderText {#text} at (11,11) size 29x19
                text run at (11,11) width 29: "Cell"
      RenderBlock {P} at (0,551) size 964x38
        RenderText {#text} at (0,0) size 443x19
          text run at (0,0) width 443: "The first line of this div should have a box-shadow on it."
        RenderBR {BR} at (443,15) size 0x0
        RenderText {#text} at (0,19) size 220x19
          text run at (0,19) width 220: "This second line should not."
      RenderBlock {P} at (0,605) size 964x38
        RenderBlock (floating) at (0,0) size 39x66 [bgcolor=#EEEEEE] [border: (1px solid #000000)]
          RenderText {#text} at (5,5) size 29x56
            text run at (5,5) width 29: "T"
        RenderText {#text} at (43,0) size 633x19
          text run at (43,0) width 633: "he first letter of this paragraph should have a border and a nice shadow effect."
        RenderBR {BR} at (676,15) size 0x0
        RenderText {#text} at (43,19) size 202x19
          text run at (43,19) width 202: "It should look pretty cool."
