layer at (0,0) size 980x735
  RenderView at (0,0) size 980x735
layer at (0,0) size 980x589
  RenderBlock {HTML} at (0,0) size 980x589
    RenderBody {BODY} at (8,16) size 964x565
      RenderBlock {P} at (0,0) size 964x19
        RenderText {#text} at (0,0) size 524x19
          text run at (0,0) width 524: "The shadow should look identical relative to the box in each case."
      RenderBlock (anonymous) at (0,35) size 964x530
        RenderBlock {DIV} at (20,20) size 300x150
          RenderText {#text} at (0,0) size 0x0
        RenderText {#text} at (340,130) size 5x19
          text run at (340,130) width 5: " "
        RenderBlock {DIV} at (365,20) size 300x150
          RenderText {#text} at (0,0) size 0x0
        RenderText {#text} at (0,0) size 0x0
        RenderBlock {DIV} at (20,210) size 300x300
          RenderText {#text} at (0,0) size 0x0
        RenderText {#text} at (340,395) size 5x19
          text run at (340,395) width 5: " "
        RenderBlock {DIV} at (365,210) size 300x300
          RenderText {#text} at (0,0) size 0x0
        RenderText {#text} at (0,0) size 0x0
layer at (128,96) size 100x100
  RenderBlock (relative positioned) {DIV} at (100,25) size 100x100
layer at (473,96) size 100x100
  RenderBlock (relative positioned) {DIV} at (100,25) size 100x100
layer at (128,361) size 100x100
  RenderBlock (relative positioned) {DIV} at (100,100) size 100x100
layer at (473,361) size 100x100
  RenderBlock (relative positioned) {DIV} at (100,100) size 100x100
