layer at (0,0) size 980x735
  RenderView at (0,0) size 980x735
layer at (0,0) size 980x735
  RenderBlock {HTML} at (0,0) size 980x735
    RenderBody {BODY} at (8,8) size 964x719
      RenderBlock {DIV} at (0,0) size 964x124
        RenderBlock {DIV} at (10,10) size 100x100 [bgcolor=#FFFFE0] [border: (10px solid #008000)]
        RenderText {#text} at (120,105) size 5x19
          text run at (120,105) width 5: " "
        RenderBlock {DIV} at (135,10) size 100x100 [bgcolor=#FFFFE0] [border: (10px solid #008000)]
        RenderText {#text} at (245,105) size 5x19
          text run at (245,105) width 5: " "
        RenderBlock {DIV} at (260,10) size 100x100 [bgcolor=#FFFFE0] [border: (10px solid #008000)]
        RenderText {#text} at (370,105) size 5x19
          text run at (370,105) width 5: " "
        RenderBlock {DIV} at (385,10) size 100x100 [bgcolor=#FFFFE0] [border: (10px solid #008000)]
        RenderText {#text} at (495,105) size 5x19
          text run at (495,105) width 5: " "
        RenderBlock {DIV} at (510,10) size 100x100 [bgcolor=#FFFFE0] [border: (10px solid #008000)]
        RenderText {#text} at (0,0) size 0x0
      RenderBlock {DIV} at (0,124) size 964x124
        RenderBlock {DIV} at (10,10) size 100x100 [bgcolor=#FFFFE0] [border: (10px solid #008000)]
        RenderText {#text} at (120,105) size 5x19
          text run at (120,105) width 5: " "
        RenderBlock {DIV} at (135,10) size 100x100 [bgcolor=#FFFFE0] [border: (10px solid #008000)]
        RenderText {#text} at (245,105) size 5x19
          text run at (245,105) width 5: " "
        RenderBlock {DIV} at (260,10) size 100x100 [bgcolor=#FFFFE0] [border: (10px solid #008000)]
        RenderText {#text} at (370,105) size 5x19
          text run at (370,105) width 5: " "
        RenderBlock {DIV} at (385,10) size 100x100 [bgcolor=#FFFFE0] [border: (10px solid #008000)]
        RenderText {#text} at (495,105) size 5x19
          text run at (495,105) width 5: " "
        RenderBlock {DIV} at (510,10) size 100x100 [bgcolor=#FFFFE0] [border: (10px dashed #008000)]
        RenderText {#text} at (0,0) size 0x0
      RenderBlock {DIV} at (0,248) size 600x324
        RenderInline {SPAN} at (0,0) size 590x310 [bgcolor=#FFFFE0] [border: (5px solid #008000)]
          RenderText {#text} at (59,12) size 579x300
            text run at (59,12) width 502: "This sentence"
            text run at (16,120) width 568: "is too long to fit"
            text run at (5,228) width 570: "on a single line."
        RenderText {#text} at (0,0) size 0x0
