layer at (0,0) size 980x735
  RenderView at (0,0) size 980x735
layer at (0,0) size 980x574
  RenderBlock {HTML} at (0,0) size 980x574
    RenderBody {BODY} at (8,8) size 964x558
      RenderText {#text} at (222,167) size 5x19
        text run at (222,167) width 5: " "
      RenderText {#text} at (449,167) size 5x19
        text run at (449,167) width 5: " "
      RenderText {#text} at (676,167) size 5x19
        text run at (676,167) width 5: " "
      RenderBR {BR} at (0,0) size 0x0
      RenderText {#text} at (222,353) size 5x19
        text run at (222,353) width 5: " "
      RenderText {#text} at (449,353) size 5x19
        text run at (449,353) width 5: " "
      RenderText {#text} at (676,353) size 5x19
        text run at (676,353) width 5: " "
      RenderBR {BR} at (0,0) size 0x0
      RenderText {#text} at (222,539) size 5x19
        text run at (222,539) width 5: " "
      RenderText {#text} at (449,539) size 5x19
        text run at (449,539) width 5: " "
      RenderText {#text} at (0,0) size 0x0
layer at (18,18) size 202x162
  RenderBlock (relative positioned) {DIV} at (10,10) size 202x162 [border: (1px solid #000000)]
layer at (245,18) size 202x162
  RenderBlock (relative positioned) {DIV} at (237,10) size 202x162 [border: (1px solid #000000)]
layer at (472,18) size 202x162
  RenderBlock (relative positioned) {DIV} at (464,10) size 202x162 [border: (1px solid #000000)]
layer at (18,204) size 202x162
  RenderBlock (relative positioned) {DIV} at (10,196) size 202x162 [border: (1px solid #000000)]
layer at (245,204) size 202x162
  RenderBlock (relative positioned) {DIV} at (237,196) size 202x162 [border: (1px solid #000000)]
layer at (472,204) size 202x162
  RenderBlock (relative positioned) {DIV} at (464,196) size 202x162 [border: (1px solid #000000)]
layer at (18,390) size 202x162
  RenderBlock (relative positioned) {DIV} at (10,382) size 202x162 [border: (1px solid #000000)]
layer at (245,390) size 202x162
  RenderBlock (relative positioned) {DIV} at (237,382) size 202x162 [border: (1px solid #000000)]
layer at (472,390) size 202x162
  RenderBlock (relative positioned) {DIV} at (464,382) size 202x162 [border: (1px solid #000000)]
