layer at (0,0) size 980x735
  RenderView at (0,0) size 980x735
layer at (0,0) size 980x735
  RenderBlock {HTML} at (0,0) size 980x735
    RenderBody {BODY} at (8,8) size 964x719
      RenderBlock {P} at (0,0) size 964x19
        RenderText {#text} at (0,0) size 451x19
          text run at (0,0) width 451: "There should not be any non-white pixels inside this box:"
      RenderBlock {DIV} at (0,35) size 206x206 [border: (3px solid #000000)]
layer at (61,96) size 100x100
  RenderBlock {DIV} at (53,53) size 100x100
