layer at (0,0) size 980x735
  RenderView at (0,0) size 980x735
layer at (0,0) size 980x735
  RenderBlock {HTML} at (0,0) size 980x735
    RenderBody {BODY} at (8,8) size 964x719
      RenderBlock (anonymous) at (0,0) size 964x19
        RenderInline {FONT} at (0,0) size 109x19 [color=#FF0000]
          RenderInline {I} at (0,0) size 109x19
            RenderText {#text} at (0,0) size 109x19
              text run at (0,0) width 109: "Italic and Red"
        RenderInline {FONT} at (0,0) size 0x19 [color=#FF0000]
          RenderInline {I} at (0,0) size 0x19
        RenderInline {I} at (0,0) size 0x19
      RenderBlock (anonymous) at (0,35) size 964x19
        RenderBlock {P} at (0,0) size 964x19
          RenderInline {FONT} at (0,0) size 114x19 [color=#FF0000]
            RenderText {#text} at (0,0) size 114x19
              text run at (0,0) width 114: "Italic and Red "
          RenderText {#text} at (114,0) size 76x19
            text run at (114,0) width 76: "Just italic."
      RenderBlock (anonymous) at (0,70) size 964x19
        RenderInline {I} at (0,0) size 81x19
          RenderText {#text} at (0,0) size 81x19
            text run at (0,0) width 81: "Italic only."
        RenderText {#text} at (81,0) size 43x19
          text run at (81,0) width 43: " Plain"
      RenderBlock {P} at (0,105) size 964x19
        RenderText {#text} at (0,0) size 160x19
          text run at (0,0) width 160: "I should not be red. "
        RenderInline {FONT} at (0,0) size 151x19 [color=#FF0000]
          RenderText {#text} at (160,0) size 41x19
            text run at (160,0) width 41: "Red. "
          RenderInline {I} at (0,0) size 110x19
            RenderText {#text} at (201,0) size 110x19
              text run at (201,0) width 110: "Italic and red."
      RenderBlock (anonymous) at (0,140) size 964x0
        RenderInline {FONT} at (0,0) size 0x0 [color=#FF0000]
          RenderInline {I} at (0,0) size 0x0
            RenderText {#text} at (0,0) size 0x0
        RenderInline {FONT} at (0,0) size 0x0 [color=#FF0000]
          RenderInline {I} at (0,0) size 0x0
      RenderBlock {P} at (0,140) size 964x19
        RenderInline {FONT} at (0,0) size 151x19 [color=#FF0000]
          RenderInline {I} at (0,0) size 115x19
            RenderText {#text} at (0,0) size 115x19
              text run at (0,0) width 115: "Italic and red. "
          RenderText {#text} at (115,0) size 36x19
            text run at (115,0) width 36: "Red."
        RenderText {#text} at (151,0) size 160x19
          text run at (151,0) width 160: " I should not be red."
      RenderBlock (anonymous) at (0,175) size 964x19
        RenderText {#text} at (0,0) size 0x0
        RenderInline {B} at (0,0) size 172x19
          RenderText {#text} at (0,0) size 45x19
            text run at (0,0) width 45: "Bold "
          RenderInline {I} at (0,0) size 127x19
            RenderText {#text} at (45,0) size 127x19
              text run at (45,0) width 127: "Bold and italic"
        RenderInline {I} at (0,0) size 89x19
          RenderText {#text} at (172,0) size 89x19
            text run at (172,0) width 89: " Only Italic "
        RenderText {#text} at (261,0) size 38x19
          text run at (261,0) width 38: "Plain"
