layer at (0,0) size 980x735
  RenderView at (0,0) size 980x735
layer at (0,0) size 980x735
  RenderBlock {HTML} at (0,0) size 980x735
    RenderBody {BODY} at (8,8) size 964x719
      RenderBlock (anonymous) at (0,0) size 964x0
        RenderInline {LABEL} at (0,0) size 0x0
          RenderInline {A} at (0,0) size 0x0
        RenderInline {LABEL} at (0,0) size 0x0
          RenderInline {A} at (0,0) size 0x0
      RenderBlock (anonymous) at (0,0) size 964x38
        RenderBlock {DIV} at (0,0) size 964x38
          RenderBlock (anonymous) at (0,0) size 964x19
            RenderInline {A} at (0,0) size 40x19
              RenderText {#text} at (0,0) size 40x19
                text run at (0,0) width 40: "Hello"
          RenderBlock (anonymous) at (0,19) size 964x19
            RenderBlock {DIV} at (0,0) size 964x19
              RenderText {#text} at (0,0) size 47x19
                text run at (0,0) width 47: "World"
          RenderBlock (anonymous) at (0,38) size 964x0
            RenderInline {A} at (0,0) size 0x0
            RenderText {#text} at (0,0) size 0x0
      RenderBlock (anonymous) at (0,38) size 964x0
        RenderInline {LABEL} at (0,0) size 0x0
