layer at (0,0) size 980x735
  RenderView at (0,0) size 980x735
layer at (0,0) size 980x735
  RenderBlock {HTML} at (0,0) size 980x735
    RenderBody {BODY} at (8,8) size 964x712
      RenderBlock {P} at (0,0) size 964x17
        RenderText {#text} at (0,0) size 32x18
          text run at (0,0) width 32: "Test"
layer at (250,50) size 296x63
  RenderBlock (positioned) {DIV} at (250,50) size 296x63 [border: (2px solid #008000)]
    RenderText {#text} at (22,22) size 252x19
      text run at (22,22) width 252: "I should be absolute positioned."
