layer at (0,0) size 980x735
  RenderView at (0,0) size 980x735
layer at (0,0) size 980x735
  RenderBlock {HTML} at (0,0) size 980x735
    RenderBody {BODY} at (8,8) size 964x719 [color=#FFFFFF] [bgcolor=#008000]
      RenderText {#text} at (0,0) size 395x19
        text run at (0,0) width 395: "This text should be white on a green background."
