layer at (0,0) size 980x735
  RenderView at (0,0) size 980x735
layer at (0,0) size 980x735
  RenderBlock {HTML} at (0,0) size 980x735
    RenderBody {BODY} at (8,8) size 964x719
      RenderBlock (anonymous) at (0,0) size 964x19
        RenderText {#text} at (0,0) size 423x19
          text run at (0,0) width 423: "The style rule on this page should be totally ignored. "
        RenderInline {A} at (0,0) size 101x19
          RenderText {#text} at (423,0) size 101x19
            text run at (423,0) width 101: "here is a link"
        RenderText {#text} at (0,0) size 0x0
      RenderBlock {H1} at (0,40) size 964x37
        RenderText {#text} at (0,0) size 147x38
          text run at (0,0) width 147: "heading"
      RenderBlock (anonymous) at (0,98) size 964x95
        RenderInline {SPAN} at (0,0) size 40x19
          RenderText {#text} at (0,0) size 40x19
            text run at (0,0) width 40: "issue"
        RenderBR {BR} at (40,15) size 0x0
        RenderInline {SPAN} at (0,0) size 24x19
          RenderText {#text} at (0,19) size 24x19
            text run at (0,19) width 24: "fail"
        RenderBR {BR} at (24,34) size 0x0
        RenderInline {A} at (0,0) size 154x19
          RenderText {#text} at (0,38) size 154x19
            text run at (0,38) width 154: "here is another link"
        RenderBR {BR} at (154,53) size 0x0
        RenderInline {SPAN} at (0,0) size 25x19
          RenderText {#text} at (0,57) size 25x19
            text run at (0,57) width 25: "n/a"
        RenderBR {BR} at (25,72) size 0x0
        RenderInline {SPAN} at (0,0) size 36x19
          RenderText {#text} at (0,76) size 36x19
            text run at (0,76) width 36: "pass"
        RenderBR {BR} at (36,91) size 0x0
      RenderBlock {H1} at (0,214) size 964x37
        RenderText {#text} at (0,0) size 301x38
          text run at (0,0) width 301: "another heading"
      RenderBlock (anonymous) at (0,272) size 964x19
        RenderInline {SPAN} at (0,0) size 25x19
          RenderText {#text} at (0,0) size 25x19
            text run at (0,0) width 25: "n/a"
        RenderBR {BR} at (25,15) size 0x0
