layer at (0,0) size 980x735
  RenderView at (0,0) size 980x735
layer at (0,0) size 980x735
  RenderBlock {HTML} at (0,0) size 980x735
    RenderBody {BODY} at (8,8) size 964x711
      RenderBlock {P} at (0,0) size 964x19
        RenderText {#text} at (0,0) size 931x19
          text run at (0,0) width 562: "You should see two 100x100 green squares with black borders below. "
          text run at (562,0) width 369: "If you see only one square, the test has failed."
      RenderBlock {P} at (0,35) size 964x104
        RenderImage {IMG} at (0,0) size 104x104 [bgcolor=#008000] [border: (2px solid #000000)]
