layer at (0,0) size 980x735
  RenderView at (0,0) size 980x735
layer at (0,0) size 980x35
  RenderBlock {html} at (0,0) size 980x35
    RenderBody {body} at (8,8) size 964x19
      RenderBlock (anonymous) at (0,0) size 964x19
        RenderText {#text} at (0,0) size 35x19
          text run at (0,0) width 35: "Text"
      RenderTable {table} at (0,19) size 2x0
      RenderTable at (0,19) size 0x0
        RenderTableCol {colgroup} at (0,0) size 0x0
