layer at (0,0) size 980x735
  RenderView at (0,0) size 980x735
layer at (0,0) size 980x735
  RenderBlock {HTML} at (0,0) size 980x735
    RenderBody {BODY} at (8,8) size 964x719
      RenderBlock {P} at (0,0) size 964x19
        RenderText {#text} at (0,0) size 331x19
          text run at (0,0) width 331: "All the text below should be part of a link."
      RenderBlock (anonymous) at (0,35) size 964x38
        RenderInline {NOBR} at (0,0) size 34x19
          RenderInline {A} at (0,0) size 34x19 [color=#0000EE]
            RenderText {#text} at (0,0) size 34x19
              text run at (0,0) width 34: "Test"
        RenderInline {A} at (0,0) size 83x19 [color=#0000EE]
          RenderText {#text} at (34,0) size 83x19
            text run at (34,0) width 83: " more test"
        RenderBR {BR} at (117,15) size 0x0
        RenderWordBreak {WBR} at (0,0) size 0x0
        RenderInline {A} at (0,0) size 117x19 [color=#0000EE]
          RenderText {#text} at (0,19) size 117x19
            text run at (0,19) width 117: "Test more test"
        RenderBR {BR} at (117,34) size 0x0
