layer at (0,0) size 980x735
  RenderView at (0,0) size 980x735
layer at (0,0) size 980x735
  RenderBlock {HTML} at (0,0) size 980x735
    RenderBody {BODY} at (8,8) size 964x709
      RenderBlock (anonymous) at (0,0) size 964x19
        RenderText {#text} at (0,0) size 702x19
          text run at (0,0) width 702: "In this sample, the H3s should be nested. This matches Firefox, IE, and the HTML5 spec."
      RenderBlock {H3} at (0,37) size 964x295 [border: (2px solid #FF0000)]
        RenderBlock (anonymous) at (4,4) size 956x22
          RenderInline {I} at (0,0) size 43x22
            RenderText {#text} at (0,0) size 43x22
              text run at (0,0) width 43: "One"
        RenderBlock (anonymous) at (4,47) size 956x223
          RenderBlock {H3} at (0,0) size 956x223 [border: (2px solid #FF0000)]
            RenderBlock (anonymous) at (4,4) size 948x26
              RenderInline {I} at (0,0) size 50x25
                RenderText {#text} at (0,0) size 50x25
                  text run at (0,0) width 50: "Two"
            RenderBlock (anonymous) at (4,55) size 948x139
              RenderBlock {H3} at (0,0) size 948x139 [border: (2px solid #FF0000)]
                RenderBlock (anonymous) at (4,4) size 940x30
                  RenderInline {I} at (0,0) size 86x30
                    RenderText {#text} at (0,0) size 86x30
                      text run at (0,0) width 86: "Three"
                RenderBlock (anonymous) at (4,63) size 940x43
                  RenderBlock {H3} at (0,0) size 940x43 [border: (2px solid #FF0000)]
                    RenderInline {I} at (0,0) size 78x35
                      RenderText {#text} at (4,4) size 78x35
                        text run at (4,4) width 78: "Four"
                RenderBlock (anonymous) at (4,135) size 940x0
                  RenderInline {I} at (0,0) size 0x0
            RenderBlock (anonymous) at (4,219) size 948x0
              RenderInline {I} at (0,0) size 0x0
        RenderBlock (anonymous) at (4,291) size 956x0
          RenderInline {I} at (0,0) size 0x0
