layer at (0,0) size 980x735
  RenderView at (0,0) size 980x735
layer at (0,0) size 980x735
  RenderBlock {HTML} at (0,0) size 980x735
    RenderBody {BODY} at (8,8) size 964x719
      RenderBlock {P} at (0,0) size 964x19
        RenderText {#text} at (0,0) size 465x19
          text run at (0,0) width 465: "Images should redraw correctly when SVG animation runs"
      RenderBlock (anonymous) at (0,35) size 964x548
        RenderImage {IMG} at (10,10) size 354x254 [border: (2px solid #000000)]
        RenderBR {BR} at (374,274) size 0x0
        RenderImage {IMG} at (10,284) size 354x254 [border: (2px solid #000000)]
        RenderText {#text} at (0,0) size 0x0
