layer at (0,0) size 980x735
  RenderView at (0,0) size 980x735
layer at (0,0) size 980x735
  RenderBlock {HTML} at (0,0) size 980x735
    RenderBody {BODY} at (8,8) size 964x719
      RenderBlock {P} at (0,0) size 964x19
        RenderText {#text} at (0,0) size 442x19
          text run at (0,0) width 442: "This test passes if both of the circles have sharp edges."
      RenderBlock {P} at (0,35) size 964x19
        RenderText {#text} at (0,0) size 566x19
          text run at (0,0) width 566: "To run manually, use full-page zoom to increase the page scale factor."
      RenderBlock (anonymous) at (0,70) size 964x132
        RenderImage {IMG} at (0,0) size 128x128
        RenderText {#text} at (128,113) size 5x19
          text run at (128,113) width 5: " "
        RenderImage {IMG} at (133,0) size 128x128
        RenderText {#text} at (0,0) size 0x0
