layer at (0,0) size 800x600
  RenderView at (0,0) size 800x600
layer at (0,0) size 800x262
  RenderBlock {HTML} at (0,0) size 800x262
    RenderBody {BODY} at (8,12) size 784x242
      RenderBlock {P} at (0,0) size 784x28
        RenderInline {A} at (0,0) size 230x14 [color=#0000EE]
          RenderText {#text} at (0,0) size 230x14
            text run at (0,0) width 230: "https://bugs.webkit.org/show_bug.cgi?id=25829"
        RenderBR {BR} at (230,11) size 0x0
        RenderText {#text} at (0,14) size 430x14
          text run at (0,14) width 430: "You should see no areas of read below. (This paragraph is required for the test to be valid.)"
      RenderBlock {DIV} at (0,40) size 502x202 [color=#008000] [bgcolor=#FF0000] [border: (1px solid #000000)]
        RenderText {#text} at (1,2) size 431x145
          text run at (1,2) width 431: "This background"
          text run at (1,76) width 409: "clips to the text."
