layer at (0,0) size 980x735
  RenderView at (0,0) size 980x735
layer at (0,0) size 980x735
  RenderBlock {HTML} at (0,0) size 980x735
    RenderBody {BODY} at (8,8) size 964x719
      RenderBlock (floating) {DIV} at (0,0) size 238x108 [border: (2px solid #0000FF)]
        RenderInline {SPAN} at (0,0) size 234x19
          RenderText {#text} at (0,0) size 0x0
          RenderImage {IMG} at (2,2) size 100x100 [bgcolor=#008000]
          RenderText {#text} at (102,87) size 134x19
            text run at (102,87) width 134: "This is some text"
