layer at (0,0) size 980x735
  RenderView at (0,0) size 980x735
layer at (0,0) size 980x81
  RenderBlock {HTML} at (0,0) size 980x81
    RenderBody {BODY} at (8,8) size 964x65
layer at (8,8) size 314x65
  RenderBlock (relative positioned) {DIV} at (0,0) size 314x65 [bgcolor=#FF0000] [border: (2px solid #000000)]
layer at (10,10) size 310x61
  RenderImage {IMG} at (2,2) size 310x61
layer at (15,31) size 300x19
  RenderBlock (relative positioned) zI: 1 {P} at (7,23) size 300x19
    RenderText zI: 1 {#text} at (5,0) size 290x19
      text run at (5,0) width 290: "There should be no red on this page"
