layer at (0,0) size 980x735
  RenderView at (0,0) size 980x735
layer at (0,0) size 980x735
  RenderBlock {HTML} at (0,0) size 980x735
    RenderBody {BODY} at (8,8) size 964x717
      RenderBlock {P} at (0,0) size 964x38
        RenderText {#text} at (0,0) size 67x19
          text run at (0,0) width 67: "Test for "
        RenderInline {I} at (0,0) size 962x38
          RenderInline {A} at (0,0) size 372x19 [color=#0000EE]
            RenderText {#text} at (67,0) size 372x19
              text run at (67,0) width 372: "http://bugs.webkit.org/show_bug.cgi?id=14449"
          RenderText {#text} at (439,0) size 962x38
            text run at (439,0) width 5: " "
            text run at (444,0) width 518: "REGRESSION (r14345-r14375): Absolutely positioned image does"
            text run at (0,19) width 319: "not scale to containing element's height"
        RenderText {#text} at (319,19) size 5x19
          text run at (319,19) width 5: "."
layer at (18,62) size 944x200
  RenderBlock (relative positioned) {DIV} at (10,54) size 944x200
layer at (18,62) size 100x100
  RenderBlock (relative positioned) {DIV} at (0,0) size 100x100 [bgcolor=#808080]
    RenderBlock {DIV} at (0,0) size 100x100
layer at (18,62) size 50x100
  RenderImage {IMG} at (0,0) size 50x100 [bgcolor=#0000FF]
layer at (18,272) size 944x200
  RenderBlock (relative positioned) {DIV} at (10,264) size 944x200
    RenderText {#text} at (0,0) size 0x0
layer at (18,272) size 50x95
  RenderImage {IMG} at (0,0) size 50x95 [bgcolor=#0000FF]
