layer at (0,0) size 980x735
  RenderView at (0,0) size 980x735
layer at (0,0) size 980x735
  RenderBlock {HTML} at (0,0) size 980x735
    RenderBody {BODY} at (8,8) size 964x711
      RenderBlock (anonymous) at (0,0) size 964x128
        RenderImage {IMG} at (0,0) size 128x128
      RenderBlock {P} at (0,144) size 964x19
        RenderText {#text} at (0,0) size 82x19
          text run at (0,0) width 82: "not empty"
