layer at (0,0) size 980x735
  RenderView at (0,0) size 980x735
layer at (0,0) size 980x735
  RenderBlock {HTML} at (0,0) size 980x735
    RenderBody {BODY} at (8,8) size 964x719
      RenderBlock {P} at (0,0) size 964x19
        RenderText {#text} at (0,0) size 67x19
          text run at (0,0) width 67: "Test for "
        RenderInline {I} at (0,0) size 658x19
          RenderInline {A} at (0,0) size 362x19 [color=#0000EE]
            RenderText {#text} at (67,0) size 362x19
              text run at (67,0) width 362: "http://bugs.webkit.org/show_bug.cgi?id=9276"
          RenderText {#text} at (429,0) size 296x19
            text run at (429,0) width 5: " "
            text run at (434,0) width 291: "Quirksmode: Image swap resize bug"
        RenderText {#text} at (725,0) size 5x19
          text run at (725,0) width 5: "."
      RenderBlock {P} at (0,35) size 964x19
        RenderText {#text} at (0,0) size 361x19
          text run at (0,0) width 361: "This should be a blue 100\x{D7}100 pixels square."
      RenderBlock (anonymous) at (0,70) size 964x100
        RenderImage {IMG} at (0,0) size 100x100
        RenderText {#text} at (0,0) size 0x0
