layer at (0,0) size 980x735
  RenderView at (0,0) size 980x735
layer at (0,0) size 980x735
  RenderBlock {HTML} at (0,0) size 980x735
    RenderBody {BODY} at (8,8) size 964x719
      RenderBlock {P} at (0,0) size 964x19
        RenderText {#text} at (0,0) size 67x19
          text run at (0,0) width 67: "Test for "
        RenderInline {A} at (0,0) size 75x19 [color=#0000EE]
          RenderText {#text} at (67,0) size 75x19
            text run at (67,0) width 75: "bug 3438"
        RenderText {#text} at (142,0) size 250x19
          text run at (142,0) width 250: ": rendering of 1x1 PNG images."
      RenderBlock {P} at (0,35) size 964x19
        RenderText {#text} at (0,0) size 363x19
          text run at (0,0) width 363: "The two squares should have the same color:"
      RenderBlock (anonymous) at (0,70) size 964x54
        RenderImage {IMG} at (0,0) size 50x50
        RenderText {#text} at (50,35) size 5x19
          text run at (50,35) width 5: " "
        RenderImage {IMG} at (55,0) size 50x50
        RenderText {#text} at (0,0) size 0x0
