layer at (0,0) size 980x735
  RenderView at (0,0) size 980x735
layer at (0,0) size 980x217
  RenderBlock {HTML} at (0,0) size 980x217
    RenderBody {BODY} at (8,16) size 964x193
      RenderBlock {P} at (0,0) size 964x38
        RenderText {#text} at (0,0) size 67x19
          text run at (0,0) width 67: "Test for "
        RenderInline {I} at (0,0) size 959x38
          RenderInline {A} at (0,0) size 191x19 [color=#0000EE]
            RenderText {#text} at (67,0) size 191x19
              text run at (67,0) width 191: "rdar://problem/5862634"
          RenderText {#text} at (258,0) size 959x38
            text run at (258,0) width 5: " "
            text run at (263,0) width 696: "REGRESSION (3.1.1): In iChat, inline image not resizable past current size after another"
            text run at (0,19) width 110: "IM is received"
        RenderText {#text} at (110,19) size 5x19
          text run at (110,19) width 5: "."
      RenderBlock {P} at (0,54) size 964x19
        RenderText {#text} at (0,0) size 396x19
          text run at (0,0) width 396: "The blue square below should be 100\x{D7}100 pixels."
      RenderBlock {DIV} at (0,89) size 200x104
        RenderBlock {DIV} at (0,0) size 100x104
          RenderImage {IMG} at (0,0) size 100x100
          RenderText {#text} at (0,0) size 0x0
        RenderText {#text} at (0,0) size 0x0
