layer at (0,0) size 980x735
  RenderView at (0,0) size 980x735
layer at (0,0) size 980x735
  RenderBlock {HTML} at (0,0) size 980x735
    RenderBody {BODY} at (8,8) size 964x719
      RenderBlock {P} at (0,0) size 964x19
        RenderText {#text} at (0,0) size 586x19
          text run at (0,0) width 586: "In this test you should see two identical blue squares, each 50px by 50px."
      RenderBlock {DIV} at (0,35) size 100x50
        RenderImage {IMG} at (0,0) size 50x50
        RenderText {#text} at (0,0) size 0x0
      RenderBlock (anonymous) at (0,85) size 964x69
        RenderBR {BR} at (0,0) size 0x19
        RenderImage {IMG} at (0,19) size 50x50
        RenderText {#text} at (0,0) size 0x0
