layer at (0,0) size 980x735
  RenderView at (0,0) size 980x735
layer at (0,0) size 980x735
  RenderBlock {HTML} at (0,0) size 980x735
    RenderBody {BODY} at (8,8) size 964x719
      RenderBlock {P} at (0,0) size 964x19
        RenderText {#text} at (0,0) size 67x19
          text run at (0,0) width 67: "Test for "
        RenderInline {I} at (0,0) size 864x19
          RenderInline {A} at (0,0) size 380x19 [color=#0000EE]
            RenderText {#text} at (67,0) size 380x19
              text run at (67,0) width 380: "https://bugs.webkit.org/show_bug.cgi?id=23739"
          RenderText {#text} at (447,0) size 484x19
            text run at (447,0) width 5: " "
            text run at (452,0) width 479: "REGRESSION (r36513): iframe isn't sized properly upon load"
        RenderText {#text} at (931,0) size 5x19
          text run at (931,0) width 5: "."
      RenderTable {TABLE} at (0,35) size 304x400
        RenderTableSection {TBODY} at (0,0) size 304x400
          RenderTableRow {TR} at (0,2) size 304x396
            RenderTableCell {TD} at (2,2) size 300x396 [bgcolor=#FF0000] [r=0 c=0 rs=1 cs=1]
              RenderBlock {DIV} at (0,0) size 300x0
              RenderBlock (anonymous) at (0,0) size 300x396
                RenderPartObject {IFRAME} at (0,0) size 300x396 [bgcolor=#008000]
                  layer at (0,0) size 300x396
                    RenderView at (0,0) size 300x396
                  layer at (0,0) size 300x396
                    RenderBlock {HTML} at (0,0) size 300x396
                      RenderBody {BODY} at (8,8) size 284x380
                RenderText {#text} at (0,0) size 0x0
