layer at (0,0) size 980x735
  RenderView at (0,0) size 980x735
layer at (0,0) size 980x735
  RenderBlock {HTML} at (0,0) size 980x735
    RenderBody {BODY} at (8,8) size 964x719
      RenderBlock {DIV} at (0,0) size 32x518 [border: (1px solid #FF0000)]
        RenderTextControl {INPUT} at (3,3) size 171x25 [bgcolor=#FFFFFF]
        RenderTextControl {INPUT} at (3,32) size 171x25 [bgcolor=#FFFFFF]
        RenderText {#text} at (0,0) size 0x0
        RenderImage {IMG} at (1,59) size 27x27 [border: (1px solid #000000)]
        RenderImage {IMG} at (1,86) size 27x27 [border: (1px solid #000000)]
        RenderText {#text} at (0,0) size 0x0
        RenderButton {INPUT} at (3,115) size 41x23 [bgcolor=#C0C0C0] [border: (2px outset #C0C0C0)]
          RenderBlock (anonymous) at (5,5) size 33x15
            RenderText at (0,0) size 33x15
              text run at (0,0) width 33: "input"
        RenderButton {INPUT} at (3,142) size 41x23 [bgcolor=#C0C0C0] [border: (2px outset #C0C0C0)]
          RenderBlock (anonymous) at (5,5) size 33x15
            RenderText at (0,0) size 33x15
              text run at (0,0) width 33: "input"
        RenderText {#text} at (0,0) size 0x0
        RenderButton {BUTTON} at (3,169) size 50x23 [bgcolor=#C0C0C0] [border: (2px outset #C0C0C0)]
          RenderBlock (anonymous) at (5,5) size 42x15
            RenderText {#text} at (0,0) size 42x15
              text run at (0,0) width 42: "button"
        RenderButton {BUTTON} at (3,196) size 50x23 [bgcolor=#C0C0C0] [border: (2px outset #C0C0C0)]
          RenderBlock (anonymous) at (5,5) size 42x15
            RenderText {#text} at (0,0) size 42x15
              text run at (0,0) width 42: "button"
        RenderText {#text} at (0,0) size 0x0
        RenderMenuList {SELECT} at (3,223) size 67x25 [bgcolor=#FFFFFF]
          RenderBlock (anonymous) at (6,5) size 39x15
            RenderText at (0,0) size 39x15
              text run at (0,0) width 39: "select"
        RenderMenuList {SELECT} at (3,252) size 67x25 [bgcolor=#FFFFFF]
          RenderBlock (anonymous) at (6,5) size 39x15
            RenderText at (0,0) size 39x15
              text run at (0,0) width 39: "select"
        RenderText {#text} at (0,0) size 0x0
        RenderMenuList {SELECT} at (3,281) size 67x25 [bgcolor=#FFFFFF]
          RenderBlock (anonymous) at (6,5) size 39x15
            RenderBR at (0,0) size 0x15 [bgcolor=#FFFFFF]
        RenderMenuList {SELECT} at (3,310) size 67x25 [bgcolor=#FFFFFF]
          RenderBlock (anonymous) at (6,5) size 39x15
            RenderBR at (0,0) size 0x15 [bgcolor=#FFFFFF]
        RenderText {#text} at (0,0) size 0x0
        RenderBlock {INPUT} at (5,340) size 12x12
        RenderBlock {INPUT} at (5,358) size 12x12
        RenderText {#text} at (0,0) size 0x0
        RenderBlock {INPUT} at (5,376) size 12x12
        RenderBlock {INPUT} at (5,394) size 12x12
        RenderText {#text} at (0,0) size 0x0
        RenderPartObject {IFRAME} at (1,409) size 27x27 [border: (1px solid #000000)]
          layer at (0,0) size 25x25
            RenderView at (0,0) size 25x25
          layer at (0,0) size 25x25
            RenderBlock {HTML} at (0,0) size 25x25
              RenderBody {BODY} at (8,8) size 9x9
        RenderPartObject {IFRAME} at (1,436) size 27x27 [border: (1px solid #000000)]
          layer at (0,0) size 25x25
            RenderView at (0,0) size 25x25
          layer at (0,0) size 25x25
            RenderBlock {HTML} at (0,0) size 25x25
              RenderBody {BODY} at (8,8) size 9x9
        RenderText {#text} at (0,0) size 0x0
        RenderEmbeddedObject {EMBED} at (1,463) size 27x27 [border: (1px solid #000000)]
        RenderEmbeddedObject {EMBED} at (1,490) size 27x27 [border: (1px solid #000000)]
        RenderText {#text} at (0,0) size 0x0
layer at (15,17) size 164x15
  RenderBlock {DIV} at (4,6) size 164x15
layer at (15,46) size 164x15
  RenderBlock {DIV} at (4,6) size 164x15
