layer at (0,0) size 980x735
  RenderView at (0,0) size 980x735
layer at (0,0) size 980x735
  RenderBlock {HTML} at (0,0) size 980x735
    RenderBody {BODY} at (8,8) size 964x711
      RenderBlock {P} at (0,0) size 964x19
        RenderText {#text} at (0,0) size 540x19
          text run at (0,0) width 540: "The inner blue image should be 50% as tall as the outer yellow box."
layer at (8,30) size 304x675
  RenderBlock (positioned) {DIV} at (8,30) size 304x675 [bgcolor=#FFFF00] [border: (2px dashed #000000)]
    RenderImage {IMG} at (2,2) size 300x339 [bgcolor=#0000FF] [border: (2px dashed #000000)]
    RenderText {#text} at (0,0) size 0x0
