layer at (0,0) size 980x735
  RenderView at (0,0) size 980x735
layer at (0,0) size 980x735
  RenderBlock {HTML} at (0,0) size 980x735
    RenderBody {BODY} at (8,8) size 964x719
      RenderBlock (anonymous) at (0,0) size 964x19
        RenderText {#text} at (0,0) size 284x19
          text run at (0,0) width 284: "These textfields should not overlap."
      RenderTable {TABLE} at (0,19) size 964x33
        RenderTableSection {TBODY} at (0,0) size 964x33
          RenderTableRow {TR} at (0,1) size 964x31
            RenderTableCell {TD} at (1,1) size 173x31 [r=0 c=0 rs=1 cs=1]
              RenderTextControl {INPUT} at (1,3) size 171x25 [bgcolor=#FFFFFF]
            RenderTableCell {TD} at (175,1) size 9x31 [r=0 c=1 rs=1 cs=1]
              RenderTextControl {INPUT} at (1,3) size 7x25 [bgcolor=#FFFFFF]
            RenderTableCell {TD} at (185,1) size 9x31 [r=0 c=2 rs=1 cs=1]
              RenderTextControl {INPUT} at (1,3) size 7x25 [bgcolor=#FFFFFF]
            RenderTableCell {TD} at (195,6) size 768x21 [r=0 c=3 rs=1 cs=1]
              RenderText {#text} at (1,1) size 5x19
                text run at (1,1) width 5: " "
      RenderBlock (anonymous) at (0,52) size 964x38
        RenderBR {BR} at (0,0) size 0x19
        RenderBR {BR} at (0,19) size 0x19
      RenderTable {TABLE} at (0,90) size 964x33
        RenderTableSection {TBODY} at (0,0) size 964x33
          RenderTableRow {TR} at (0,1) size 964x31
            RenderTableCell {TD} at (1,1) size 813x31 [r=0 c=0 rs=1 cs=1]
              RenderTextControl {INPUT} at (1,3) size 811x25 [bgcolor=#FFFFFF]
            RenderTableCell {TD} at (815,1) size 9x31 [r=0 c=1 rs=1 cs=1]
              RenderTextControl {INPUT} at (1,3) size 7x25 [bgcolor=#FFFFFF]
            RenderTableCell {TD} at (825,1) size 9x31 [r=0 c=2 rs=1 cs=1]
              RenderTextControl {INPUT} at (1,3) size 7x25 [bgcolor=#FFFFFF]
            RenderTableCell {TD} at (835,6) size 128x21 [r=0 c=3 rs=1 cs=1]
              RenderText {#text} at (1,1) size 5x19
                text run at (1,1) width 5: " "
layer at (14,37) size 164x15
  RenderBlock {DIV} at (4,6) size 164x15
    RenderText {#text} at (0,0) size 60x15
      text run at (0,0) width 60: "New Mail"
layer at (14,108) size 804x15
  RenderBlock {DIV} at (4,6) size 804x15
    RenderText {#text} at (0,0) size 60x15
      text run at (0,0) width 60: "New Mail"
