layer at (0,0) size 980x735
  RenderView at (0,0) size 980x735
layer at (0,0) size 980x735
  RenderBlock {HTML} at (0,0) size 980x735
    RenderBody {BODY} at (8,8) size 964x719
      RenderBlock (anonymous) at (0,0) size 964x19
        RenderText {#text} at (0,0) size 387x19
          text run at (0,0) width 387: "The following sets of buttons should not overlap."
      RenderTable {TABLE} at (0,19) size 964x31
        RenderTableSection {TBODY} at (0,0) size 964x31
          RenderTableRow {TR} at (0,1) size 964x29
            RenderTableCell {TD} at (1,1) size 70x29 [r=0 c=0 rs=1 cs=1]
              RenderButton {INPUT} at (1,3) size 68x23 [bgcolor=#C0C0C0] [border: (2px outset #C0C0C0)]
                RenderBlock (anonymous) at (5,5) size 60x15
                  RenderText at (0,0) size 60x15
                    text run at (0,0) width 60: "New Mail"
            RenderTableCell {TD} at (72,1) size 47x29 [r=0 c=1 rs=1 cs=1]
              RenderButton {INPUT} at (1,3) size 45x23 [bgcolor=#C0C0C0] [border: (2px outset #C0C0C0)]
                RenderBlock (anonymous) at (5,5) size 37x15
                  RenderText at (0,0) size 37x15
                    text run at (0,0) width 37: "Reply"
            RenderTableCell {TD} at (120,1) size 68x29 [r=0 c=2 rs=1 cs=1]
              RenderButton {INPUT} at (1,3) size 66x23 [bgcolor=#C0C0C0] [border: (2px outset #C0C0C0)]
                RenderBlock (anonymous) at (5,5) size 58x15
                  RenderText at (0,0) size 58x15
                    text run at (0,0) width 58: "Reply All"
            RenderTableCell {TD} at (189,5) size 774x21 [r=0 c=3 rs=1 cs=1]
              RenderText {#text} at (1,1) size 5x19
                text run at (1,1) width 5: " "
      RenderBlock (anonymous) at (0,50) size 964x38
        RenderBR {BR} at (0,0) size 0x19
        RenderBR {BR} at (0,19) size 0x19
      RenderTable {TABLE} at (0,88) size 964x31
        RenderTableSection {TBODY} at (0,0) size 964x31
          RenderTableRow {TR} at (0,1) size 964x29
            RenderTableCell {TD} at (1,1) size 70x29 [r=0 c=0 rs=1 cs=1]
              RenderButton {INPUT} at (1,3) size 68x23 [bgcolor=#C0C0C0] [border: (2px outset #C0C0C0)]
                RenderBlock (anonymous) at (5,5) size 60x15
                  RenderText at (0,0) size 60x15
                    text run at (0,0) width 60: "New Mail"
            RenderTableCell {TD} at (72,1) size 47x29 [r=0 c=1 rs=1 cs=1]
              RenderButton {INPUT} at (1,3) size 45x23 [bgcolor=#C0C0C0] [border: (2px outset #C0C0C0)]
                RenderBlock (anonymous) at (5,5) size 37x15
                  RenderText at (0,0) size 37x15
                    text run at (0,0) width 37: "Reply"
            RenderTableCell {TD} at (120,1) size 68x29 [r=0 c=2 rs=1 cs=1]
              RenderButton {INPUT} at (1,3) size 66x23 [bgcolor=#C0C0C0] [border: (2px outset #C0C0C0)]
                RenderBlock (anonymous) at (5,5) size 58x15
                  RenderText at (0,0) size 58x15
                    text run at (0,0) width 58: "Reply All"
            RenderTableCell {TD} at (189,5) size 774x21 [r=0 c=3 rs=1 cs=1]
              RenderText {#text} at (1,1) size 5x19
                text run at (1,1) width 5: " "
