layer at (0,0) size 980x735
  RenderView at (0,0) size 980x735
layer at (0,0) size 980x735
  RenderBlock {HTML} at (0,0) size 980x735
    RenderBody {BODY} at (8,8) size 964x719
      RenderBlock (anonymous) at (0,0) size 964x19
        RenderText {#text} at (0,0) size 387x19
          text run at (0,0) width 387: "The following sets of buttons should not overlap."
      RenderTable {TABLE} at (0,19) size 964x23
        RenderTableSection {TBODY} at (0,0) size 964x23
          RenderTableRow {TR} at (0,1) size 964x21
            RenderTableCell {TD} at (1,1) size 10x20 [r=0 c=0 rs=1 cs=1]
              RenderBlock {INPUT} at (5,4) size 8x12
            RenderTableCell {TD} at (12,1) size 10x20 [r=0 c=1 rs=1 cs=1]
              RenderBlock {INPUT} at (5,4) size 8x12
            RenderTableCell {TD} at (23,1) size 10x20 [r=0 c=2 rs=1 cs=1]
              RenderBlock {INPUT} at (5,4) size 8x12
            RenderTableCell {TD} at (34,1) size 929x21 [r=0 c=3 rs=1 cs=1]
              RenderText {#text} at (1,1) size 5x19
                text run at (1,1) width 5: " "
