layer at (0,0) size 980x735
  RenderView at (0,0) size 980x735
layer at (0,0) size 980x735
  RenderBlock {HTML} at (0,0) size 980x735
    RenderBody {BODY} at (8,8) size 964x719
      RenderBlock (anonymous) at (0,0) size 964x19
        RenderText {#text} at (0,0) size 321x19
          text run at (0,0) width 321: "The textareas below should not overlap."
      RenderTable {TABLE} at (0,19) size 964x48
        RenderTableSection {TBODY} at (0,0) size 964x48
          RenderTableRow {TR} at (0,1) size 964x46
            RenderTableCell {TD} at (1,1) size 184x46 [r=0 c=0 rs=1 cs=1]
            RenderTableCell {TD} at (186,1) size 9x46 [r=0 c=1 rs=1 cs=1]
            RenderTableCell {TD} at (196,1) size 9x46 [r=0 c=2 rs=1 cs=1]
            RenderTableCell {TD} at (206,13) size 757x21 [r=0 c=3 rs=1 cs=1]
              RenderText {#text} at (1,1) size 5x19
                text run at (1,1) width 5: " "
      RenderBlock (anonymous) at (0,67) size 964x38
        RenderBR {BR} at (0,0) size 0x19
        RenderBR {BR} at (0,19) size 0x19
      RenderTable {TABLE} at (0,105) size 964x48
        RenderTableSection {TBODY} at (0,0) size 964x48
          RenderTableRow {TR} at (0,1) size 964x46
            RenderTableCell {TD} at (1,1) size 264x46 [r=0 c=0 rs=1 cs=1]
            RenderTableCell {TD} at (266,1) size 9x46 [r=0 c=1 rs=1 cs=1]
            RenderTableCell {TD} at (276,1) size 9x46 [r=0 c=2 rs=1 cs=1]
            RenderTableCell {TD} at (286,13) size 677x21 [r=0 c=3 rs=1 cs=1]
              RenderText {#text} at (1,1) size 5x19
                text run at (1,1) width 5: " "
layer at (10,31) size 182x40
  RenderTextControl {TEXTAREA} at (1,3) size 182x40 [bgcolor=#FFFFFF]
    RenderBlock {DIV} at (4,6) size 175x15
      RenderText {#text} at (0,0) size 24x15
        text run at (0,0) width 24: "one"
layer at (195,31) size 7x40 clip at (0,0) size 0x0 scrollWidth 15 scrollHeight 55
  RenderTextControl {TEXTAREA} at (1,3) size 7x40 [bgcolor=#FFFFFF]
    RenderBlock {DIV} at (4,6) size 0x45
      RenderText {#text} at (0,0) size 11x45
        text run at (0,0) width 5: "t"
        text run at (0,15) width 11: "w"
        text run at (0,30) width 8: "o"
layer at (205,31) size 7x40 clip at (0,0) size 0x0 scrollWidth 12 scrollHeight 85
  RenderTextControl {TEXTAREA} at (1,3) size 7x40 [bgcolor=#FFFFFF]
    RenderBlock {DIV} at (4,6) size 0x75
      RenderText {#text} at (0,0) size 8x75
        text run at (0,0) width 5: "t"
        text run at (0,15) width 8: "h"
        text run at (0,30) width 5: "r"
        text run at (0,45) width 8: "e"
        text run at (0,60) width 8: "e"
layer at (10,117) size 262x40
  RenderTextControl {TEXTAREA} at (1,3) size 262x40 [bgcolor=#FFFFFF]
    RenderBlock {DIV} at (4,6) size 255x15
      RenderText {#text} at (0,0) size 90x15
        text run at (0,0) width 90: "one two three"
layer at (275,117) size 7x40 clip at (0,0) size 0x0 scrollWidth 15 scrollHeight 55
  RenderTextControl {TEXTAREA} at (1,3) size 7x40 [bgcolor=#FFFFFF]
    RenderBlock {DIV} at (4,6) size 0x45
      RenderText {#text} at (0,0) size 11x45
        text run at (0,0) width 5: "t"
        text run at (0,15) width 11: "w"
        text run at (0,30) width 8: "o"
layer at (285,117) size 7x40 clip at (0,0) size 0x0 scrollWidth 12 scrollHeight 85
  RenderTextControl {TEXTAREA} at (1,3) size 7x40 [bgcolor=#FFFFFF]
    RenderBlock {DIV} at (4,6) size 0x75
      RenderText {#text} at (0,0) size 8x75
        text run at (0,0) width 5: "t"
        text run at (0,15) width 8: "h"
        text run at (0,30) width 5: "r"
        text run at (0,45) width 8: "e"
        text run at (0,60) width 8: "e"
