layer at (0,0) size 980x735
  RenderView at (0,0) size 980x735
layer at (0,0) size 980x178
  RenderBlock {HTML} at (0,0) size 980x178
    RenderBody {BODY} at (8,8) size 964x154
      RenderBlock {DIV} at (0,0) size 964x100
      RenderBlock (anonymous) at (0,100) size 964x19
        RenderText {#text} at (0,0) size 612x19
          text run at (0,0) width 384: "This file has a doc type with no public identifier. "
          text run at (384,0) width 228: "We should be in strict mode."
      RenderBlock {UL} at (0,135) size 964x19
        RenderListItem {LI} at (40,0) size 924x19
          RenderBlock {UL} at (0,0) size 924x19
            RenderListItem {LI} at (40,0) size 884x19
              RenderListMarker at (-58,0) size 7x19: bullet
              RenderListMarker at (-18,0) size 7x19: white bullet
              RenderText {#text} at (0,0) size 319x19
                text run at (0,0) width 319: "Both bullets should be on the same line."
layer at (8,8) size 80x80
  RenderBlock (positioned) {DIV} at (8,8) size 80x80 [bgcolor=#008000]
