layer at (0,0) size 980x735
  RenderView at (0,0) size 980x735
layer at (0,0) size 980x735
  RenderBlock {HTML} at (0,0) size 980x735
    RenderBody {BODY} at (8,8) size 964x719
      RenderBlock {P} at (0,0) size 964x38
        RenderText {#text} at (0,0) size 916x38
          text run at (0,0) width 916: "This tests for a bug where hitting return between two tables would add a new paragraph at the end of the editable"
          text run at (0,19) width 56: "region."
      RenderBlock {DIV} at (0,54) size 964x92
        RenderTable {TABLE} at (0,0) size 615x27 [border: (1px solid #AAAAAA)]
          RenderTableSection {TBODY} at (1,1) size 613x25
            RenderTableRow {TR} at (0,2) size 613x21
              RenderTableCell {TD} at (2,2) size 609x21 [r=0 c=0 rs=1 cs=1]
                RenderText {#text} at (1,1) size 607x19
                  text run at (1,1) width 607: "There should be two empty paragraphs after this table and before the next."
        RenderBlock (anonymous) at (0,27) size 964x38
          RenderBR {BR} at (0,0) size 0x19
          RenderBR {BR} at (0,19) size 0x19
        RenderTable {TABLE} at (0,65) size 351x27 [border: (1px solid #AAAAAA)]
          RenderTableSection {TBODY} at (1,1) size 349x25
            RenderTableRow {TR} at (0,2) size 349x21
              RenderTableCell {TD} at (2,2) size 345x21 [r=0 c=0 rs=1 cs=1]
                RenderText {#text} at (1,1) size 343x19
                  text run at (1,1) width 343: "And the caret should be in the second one."
caret: position 0 of child 2 {BR} of child 2 {DIV} of body
