layer at (0,0) size 980x735
  RenderView at (0,0) size 980x735
layer at (0,0) size 980x735
  RenderBlock {HTML} at (0,0) size 980x735
    RenderBody {BODY} at (8,8) size 964x714
      RenderBlock {P} at (0,0) size 964x38
        RenderText {#text} at (0,0) size 922x38
          text run at (0,0) width 824: "This tests that inserting a newline at the beginning of quoted content doesn't add an extra quoted line. "
          text run at (824,0) width 98: "The test has"
          text run at (0,19) width 590: "passed if there are no empty lines (quoted or unquoted) in the box below."
      RenderBlock {DIV} at (0,54) size 964x95
        RenderBlock (anonymous) at (0,0) size 964x19
          RenderText {#text} at (0,0) size 76x19
            text run at (0,0) width 76: "unquoted"
          RenderBR {BR} at (76,15) size 0x0
        RenderBlock {BLOCKQUOTE} at (0,19) size 964x19 [color=#0000FF] [border: none (2px solid #0000FF)]
          RenderBlock {DIV} at (12,0) size 952x19
            RenderText {#text} at (0,0) size 123x19
              text run at (0,0) width 123: "quote level one"
        RenderBlock {BLOCKQUOTE} at (0,38) size 964x19 [color=#0000FF] [border: none (2px solid #0000FF)]
          RenderBlock {DIV} at (12,0) size 952x19
            RenderText {#text} at (0,0) size 123x19
              text run at (0,0) width 123: "quote level one"
        RenderBlock (anonymous) at (0,57) size 964x19
          RenderText {#text} at (0,0) size 76x19
            text run at (0,0) width 76: "unquoted"
          RenderBR {BR} at (76,15) size 0x0
        RenderBlock {BLOCKQUOTE} at (0,76) size 964x19 [color=#0000FF] [border: none (2px solid #0000FF)]
          RenderBlock {DIV} at (12,0) size 952x19
            RenderBlock {BLOCKQUOTE} at (0,0) size 952x19 [border: none (2px solid #0000FF)]
              RenderBlock {DIV} at (12,0) size 940x19
                RenderText {#text} at (0,0) size 122x19
                  text run at (0,0) width 122: "quote level two"
      RenderBlock {PRE} at (0,162) size 964x0
caret: position 8 of child 6 {#text} of child 3 {DIV} of body
