layer at (0,0) size 980x735
  RenderView at (0,0) size 980x735
layer at (0,0) size 980x735
  RenderBlock {HTML} at (0,0) size 980x735
    RenderBody {BODY} at (8,8) size 964x719
      RenderBlock {P} at (0,0) size 964x38
        RenderText {#text} at (0,0) size 937x38
          text run at (0,0) width 455: "This tests inserting a line break at the end of a tab span. "
          text run at (455,0) width 482: "Below you should see 'foo' followed by an empty paragraph,"
          text run at (0,19) width 150: "with the caret in it."
      RenderBlock {DIV} at (0,54) size 964x38
        RenderText {#text} at (0,0) size 26x19
          text run at (0,0) width 26: "foo"
        RenderInline {SPAN} at (0,0) size 14x19
          RenderText {#text} at (26,0) size 14x19
            text run at (26,0) width 14: "\x{9}"
        RenderBR {BR} at (40,15) size 0x0
        RenderBR {BR} at (0,19) size 0x19
caret: position 0 of child 3 {BR} of child 2 {DIV} of body
