EDITING DELEGATE: shouldBeginEditingInDOMRange:range from 0 of DIV > BODY > HTML > #document to 7 of DIV > BODY > HTML > #document
EDITING DELEGATE: webViewDidBeginEditing:WebViewDidBeginEditingNotification
EDITING DELEGATE: webViewDidChangeSelection:WebViewDidChangeSelectionNotification
EDITING DELEGATE: webViewDidChangeSelection:WebViewDidChangeSelectionNotification
EDITING DELEGATE: webViewDidChangeSelection:WebViewDidChangeSelectionNotification
EDITING DELEGATE: webViewDidChangeSelection:WebViewDidChangeSelectionNotification
EDITING DELEGATE: shouldChangeSelectedDOMRange:range from 1 of #text > DIV > BODY > HTML > #document to 1 of #text > DIV > BODY > HTML > #document toDOMRange:range from 1 of #text > DIV > BODY > HTML > #document to 1 of #text > DIV > BODY > HTML > #document affinity:NSSelectionAffinityDownstream stillSelecting:FALSE
EDITING DELEGATE: webViewDidChangeSelection:WebViewDidChangeSelectionNotification
EDITING DELEGATE: webViewDidChange:WebViewDidChangeNotification
EDITING DELEGATE: webViewDidChangeSelection:WebViewDidChangeSelectionNotification
layer at (0,0) size 980x735
  RenderView at (0,0) size 980x735
layer at (0,0) size 980x735
  RenderBlock {HTML} at (0,0) size 980x735
    RenderBody {BODY} at (8,8) size 964x719
      RenderBlock {P} at (0,0) size 964x19
        RenderText {#text} at (0,0) size 477x19
          text run at (0,0) width 477: "This tests the visual position at the end of an editable block."
      RenderBlock {P} at (0,35) size 964x38
        RenderText {#text} at (0,0) size 912x38
          text run at (0,0) width 757: "When the document ended with a <br>, there were visual positions at both [br, 0] and [br, 1]. "
          text run at (757,0) width 155: "This would produce"
          text run at (0,19) width 491: "inconsistent behavior when editing at the end of a document."
      RenderBlock {DIV} at (0,89) size 964x69 [border: (2px solid #AAAAFF)]
        RenderBlock {DIV} at (2,2) size 960x23 [border: (2px solid #FFAAAA)]
          RenderText {#text} at (2,2) size 119x19
            text run at (2,2) width 119: "paragraph one"
        RenderBlock {DIV} at (2,25) size 960x23 [border: (2px solid #FFAAAA)]
          RenderText {#text} at (2,2) size 118x19
            text run at (2,2) width 118: "paragraph two"
        RenderBlock (anonymous) at (2,48) size 960x19
          RenderText {#text} at (0,0) size 9x19
            text run at (0,0) width 9: "x"
caret: position 1 of child 5 {#text} of child 5 {DIV} of body
