EDITING DELEGATE: shouldBeginEditingInDOMRange:range from 0 of BODY > HTML > #document to 6 of BODY > HTML > #document
EDITING DELEGATE: webViewDidBeginEditing:WebViewDidBeginEditingNotification
EDITING DELEGATE: webViewDidChangeSelection:WebViewDidChangeSelectionNotification
EDITING DELEGATE: webViewDidChangeSelection:WebViewDidChangeSelectionNotification
EDITING DELEGATE: shouldChangeSelectedDOMRange:range from 5 of #text > BODY > HTML > #document to 5 of #text > BODY > HTML > #document toDOMRange:range from 0 of DIV > BODY > HTML > #document to 0 of DIV > BODY > HTML > #document affinity:NSSelectionAffinityDownstream stillSelecting:FALSE
EDITING DELEGATE: webViewDidChangeSelection:WebViewDidChangeSelectionNotification
EDITING DELEGATE: webViewDidChange:WebViewDidChangeNotification
EDITING DELEGATE: webViewDidChangeSelection:WebViewDidChangeSelectionNotification
layer at (0,0) size 980x735
  RenderView at (0,0) size 980x735
layer at (0,0) size 980x735
  RenderBlock {HTML} at (0,0) size 980x735
    RenderBody {BODY} at (8,8) size 964x719
      RenderBlock (anonymous) at (0,0) size 964x28
        RenderText {#text} at (0,0) size 843x28
          text run at (0,0) width 843: "Test inserting paragraphs: should see an empty blue box below \"bar\""
      RenderBlock {DIV} at (0,28) size 964x36
      RenderBlock (anonymous) at (0,64) size 964x28
        RenderText {#text} at (0,0) size 40x28
          text run at (0,0) width 40: "bar"
      RenderBlock {DIV} at (0,92) size 964x112 [border: (2px solid #0000FF)]
        RenderBlock (anonymous) at (14,14) size 936x28
          RenderBR {BR} at (0,0) size 0x28
        RenderBlock {DIV} at (14,42) size 936x56 [border: (2px solid #FF0000)]
          RenderText {#text} at (14,14) size 43x28
            text run at (14,14) width 43: "baz"
caret: position 0 of child 0 {BR} of child 3 {DIV} of body
