EDITING DELEGATE: shouldBeginEditingInDOMRange:range from 0 of DIV > BODY > HTML > #document to 1 of DIV > BODY > HTML > #document
EDITING DELEGATE: webViewDidBeginEditing:WebViewDidBeginEditingNotification
EDITING DELEGATE: webViewDidChangeSelection:WebViewDidChangeSelectionNotification
EDITING DELEGATE: webViewDidChangeSelection:WebViewDidChangeSelectionNotification
EDITING DELEGATE: webViewDidChange:WebViewDidChangeNotification
EDITING DELEGATE: webViewDidChangeSelection:WebViewDidChangeSelectionNotification
layer at (0,0) size 980x735
  RenderView at (0,0) size 980x735
layer at (0,0) size 980x735
  RenderBlock {HTML} at (0,0) size 980x735
    RenderBody {BODY} at (8,8) size 964x719
      RenderBlock {P} at (0,0) size 964x38
        RenderText {#text} at (0,0) size 963x38
          text run at (0,0) width 464: "This tests inserting a paragraph separator before a table. "
          text run at (464,0) width 499: "There should be an empty paragraph before the table and the"
          text run at (0,19) width 296: "caret should be just before the table."
      RenderBlock {DIV} at (0,54) size 964x48
        RenderBlock (anonymous) at (0,0) size 964x19
          RenderBR {BR} at (0,0) size 0x19
        RenderTable {TABLE} at (0,19) size 36x29 [border: (1px outset #808080)]
          RenderTableSection {TBODY} at (1,1) size 34x27
            RenderTableRow {TR} at (0,2) size 34x23
              RenderTableCell {TD} at (2,2) size 30x23 [border: (1px inset #808080)] [r=0 c=0 rs=1 cs=1]
                RenderText {#text} at (2,2) size 26x19
                  text run at (2,2) width 26: "foo"
caret: position 0 of child 1 {TABLE} of child 2 {DIV} of body
