EDITING DELEGATE: shouldBeginEditingInDOMRange:range from 0 of BODY > HTML > #document to 16 of BODY > HTML > #document
EDITING DELEGATE: webViewDidBeginEditing:WebViewDidBeginEditingNotification
EDITING DELEGATE: webViewDidChangeSelection:WebViewDidChangeSelectionNotification
EDITING DELEGATE: webViewDidChangeSelection:WebViewDidChangeSelectionNotification
EDITING DELEGATE: webViewDidChangeSelection:WebViewDidChangeSelectionNotification
EDITING DELEGATE: webViewDidChangeSelection:WebViewDidChangeSelectionNotification
EDITING DELEGATE: webViewDidChangeSelection:WebViewDidChangeSelectionNotification
EDITING DELEGATE: webViewDidChangeSelection:WebViewDidChangeSelectionNotification
EDITING DELEGATE: webViewDidChangeSelection:WebViewDidChangeSelectionNotification
EDITING DELEGATE: webViewDidChangeSelection:WebViewDidChangeSelectionNotification
EDITING DELEGATE: webViewDidChangeSelection:WebViewDidChangeSelectionNotification
EDITING DELEGATE: webViewDidChangeSelection:WebViewDidChangeSelectionNotification
EDITING DELEGATE: webViewDidChangeSelection:WebViewDidChangeSelectionNotification
EDITING DELEGATE: webViewDidChangeSelection:WebViewDidChangeSelectionNotification
EDITING DELEGATE: webViewDidChangeSelection:WebViewDidChangeSelectionNotification
EDITING DELEGATE: webViewDidChangeSelection:WebViewDidChangeSelectionNotification
EDITING DELEGATE: webViewDidChangeSelection:WebViewDidChangeSelectionNotification
EDITING DELEGATE: shouldChangeSelectedDOMRange:range from 6 of #text > B > P > BODY > HTML > #document to 6 of #text > B > P > BODY > HTML > #document toDOMRange:range from 0 of P > BODY > HTML > #document to 0 of P > BODY > HTML > #document affinity:NSSelectionAffinityDownstream stillSelecting:FALSE
EDITING DELEGATE: webViewDidChangeSelection:WebViewDidChangeSelectionNotification
EDITING DELEGATE: webViewDidChange:WebViewDidChangeNotification
EDITING DELEGATE: webViewDidChangeSelection:WebViewDidChangeSelectionNotification
EDITING DELEGATE: shouldChangeSelectedDOMRange:range from 0 of P > BODY > HTML > #document to 0 of P > BODY > HTML > #document toDOMRange:range from 0 of P > BODY > HTML > #document to 0 of P > BODY > HTML > #document affinity:NSSelectionAffinityDownstream stillSelecting:FALSE
EDITING DELEGATE: webViewDidChangeSelection:WebViewDidChangeSelectionNotification
EDITING DELEGATE: webViewDidChange:WebViewDidChangeNotification
EDITING DELEGATE: webViewDidChangeSelection:WebViewDidChangeSelectionNotification
EDITING DELEGATE: webViewDidChangeSelection:WebViewDidChangeSelectionNotification
EDITING DELEGATE: shouldChangeSelectedDOMRange:range from 1 of #text > B > P > BODY > HTML > #document to 1 of #text > B > P > BODY > HTML > #document toDOMRange:range from 1 of #text > B > P > BODY > HTML > #document to 1 of #text > B > P > BODY > HTML > #document affinity:NSSelectionAffinityDownstream stillSelecting:FALSE
EDITING DELEGATE: webViewDidChangeSelection:WebViewDidChangeSelectionNotification
EDITING DELEGATE: webViewDidChange:WebViewDidChangeNotification
EDITING DELEGATE: webViewDidChangeSelection:WebViewDidChangeSelectionNotification
layer at (0,0) size 980x735
  RenderView at (0,0) size 980x735
layer at (0,0) size 980x735
  RenderBlock {HTML} at (0,0) size 980x735
    RenderBody {BODY} at (8,8) size 964x703
      RenderBlock (anonymous) at (0,0) size 964x84
        RenderText {#text} at (0,0) size 957x56
          text run at (0,0) width 949: "Test inserting paragraphs and managing typing style correctly: \"x\" under \"line"
          text run at (949,0) width 8: " "
          text run at (0,28) width 425: "2\" should be bold. Fix for this bug: "
        RenderInline {A} at (0,0) size 327x28 [color=#0000EE]
          RenderText {#text} at (425,28) size 327x28
            text run at (425,28) width 327: "<rdar://problem/3939523>"
        RenderText {#text} at (752,28) size 949x56
          text run at (752,28) width 189: " in some cases,"
          text run at (941,28) width 8: " "
          text run at (0,56) width 688: "text does not retain style info after pressing return twice"
      RenderBlock {DIV} at (0,84) size 964x12
      RenderBlock {P} at (0,120) size 964x56 [border: (2px solid #0000FF)]
        RenderText {#text} at (14,14) size 67x28
          text run at (14,14) width 67: "line 1"
      RenderBlock {P} at (0,200) size 964x56 [border: (2px solid #0000FF)]
        RenderBR {BR} at (14,14) size 0x28 [bgcolor=#008000]
      RenderBlock {P} at (0,280) size 964x56 [border: (2px solid #0000FF)]
        RenderInline {B} at (0,0) size 74x28
          RenderText {#text} at (14,14) size 74x28
            text run at (14,14) width 74: "line 2"
      RenderBlock {P} at (0,360) size 964x56 [border: (2px solid #0000FF)]
        RenderInline {B} at (0,0) size 0x28
          RenderBR {BR} at (14,14) size 0x28 [bgcolor=#008000]
      RenderBlock {P} at (0,440) size 964x56 [border: (2px solid #0000FF)]
        RenderInline {B} at (0,0) size 15x28
          RenderText {#text} at (14,14) size 15x28
            text run at (14,14) width 15: "x"
      RenderBlock {P} at (0,520) size 964x56 [border: (2px solid #0000FF)]
        RenderBR {BR} at (14,14) size 0x28 [bgcolor=#008000]
      RenderBlock {P} at (0,600) size 964x56 [border: (2px solid #0000FF)]
        RenderText {#text} at (14,14) size 67x28
          text run at (14,14) width 67: "line 3"
caret: position 1 of child 0 {#text} of child 0 {B} of child 11 {P} of body
