EDITING DELEGATE: shouldBeginEditingInDOMRange:range from 0 of DIV > BODY > HTML > #document to 1 of DIV > BODY > HTML > #document
EDITING DELEGATE: webViewDidBeginEditing:WebViewDidBeginEditingNotification
EDITING DELEGATE: webViewDidChangeSelection:WebViewDidChangeSelectionNotification
EDITING DELEGATE: webViewDidChangeSelection:WebViewDidChangeSelectionNotification
EDITING DELEGATE: webViewDidChangeSelection:WebViewDidChangeSelectionNotification
EDITING DELEGATE: webViewDidChangeSelection:WebViewDidChangeSelectionNotification
EDITING DELEGATE: webViewDidChange:WebViewDidChangeNotification
EDITING DELEGATE: webViewDidChangeSelection:WebViewDidChangeSelectionNotification
layer at (0,0) size 980x735
  RenderView at (0,0) size 980x735
layer at (0,0) size 980x735
  RenderBlock {HTML} at (0,0) size 980x735
    RenderBody {BODY} at (8,8) size 964x719
      RenderBlock {P} at (0,0) size 964x38
        RenderText {#text} at (0,0) size 954x38
          text run at (0,0) width 396: "This tests for a bug in InsertLineBreakCommand. "
          text run at (396,0) width 558: "Only one line break should be inserted and the caret should end up at"
          text run at (0,19) width 277: "the end of the bordered div below."
      RenderBlock {DIV} at (0,54) size 964x59 [border: (1px solid #000000)]
        RenderText {#text} at (1,1) size 94x19
          text run at (1,1) width 94: "Hello world."
          text run at (95,1) width 0: " "
        RenderText {#text} at (1,20) size 0x19
          text run at (1,20) width 0: " "
        RenderText {#text} at (1,39) size 0x19
          text run at (1,39) width 0: " "
caret: position 0 of child 2 {#text} of child 1 {DIV} of body
