EDITING DELEGATE: shouldBeginEditingInDOMRange:range from 0 of DIV > BODY > HTML > #document to 1 of DIV > BODY > HTML > #document
EDITING DELEGATE: webViewDidBeginEditing:WebViewDidBeginEditingNotification
EDITING DELEGATE: webViewDidChangeSelection:WebViewDidChangeSelectionNotification
EDITING DELEGATE: webViewDidChangeSelection:WebViewDidChangeSelectionNotification
EDITING DELEGATE: webViewDidChange:WebViewDidChangeNotification
EDITING DELEGATE: webViewDidChangeSelection:WebViewDidChangeSelectionNotification
layer at (0,0) size 980x735
  RenderView at (0,0) size 980x735
layer at (0,0) size 980x735
  RenderBlock {HTML} at (0,0) size 980x735
    RenderBody {BODY} at (8,8) size 964x719
      RenderBlock {P} at (0,0) size 964x19
        RenderText {#text} at (0,0) size 792x19
          text run at (0,0) width 792: "This tests inserting a paragraph separator before a special element at the start of an editable root."
      RenderBlock {P} at (0,35) size 964x19
        RenderText {#text} at (0,0) size 779x19
          text run at (0,0) width 779: "Visually, it should leave a blank line before the link, and the caret selection at the start of the link."
      RenderBlock {P} at (0,70) size 964x38
        RenderText {#text} at (0,0) size 928x38
          text run at (0,0) width 928: "Structurally, the empty paragraph element should go before the anchor element, rather than inside of it. See Radar"
          text run at (0,19) width 88: "#5452675."
      RenderBlock {DIV} at (0,124) size 964x38
        RenderBlock {DIV} at (0,0) size 964x19
          RenderBR {BR} at (0,0) size 0x19
        RenderBlock (anonymous) at (0,19) size 964x19
          RenderInline {A} at (0,0) size 72x19 [color=#0000EE]
            RenderText {#text} at (0,0) size 72x19
              text run at (0,0) width 72: "applesite"
caret: position 0 of child 0 {#text} of child 1 {A} of child 6 {DIV} of body
