EDITING DELEGATE: shouldBeginEditingInDOMRange:range from 0 of DIV > BODY > HTML > #document to 3 of DIV > BODY > HTML > #document
EDITING DELEGATE: webViewDidBeginEditing:WebViewDidBeginEditingNotification
EDITING DELEGATE: webViewDidChangeSelection:WebViewDidChangeSelectionNotification
EDITING DELEGATE: webViewDidChangeSelection:WebViewDidChangeSelectionNotification
EDITING DELEGATE: webViewDidChangeSelection:WebViewDidChangeSelectionNotification
EDITING DELEGATE: webViewDidChangeSelection:WebViewDidChangeSelectionNotification
EDITING DELEGATE: webViewDidChangeSelection:WebViewDidChangeSelectionNotification
EDITING DELEGATE: shouldChangeSelectedDOMRange:range from 0 of DIV > DIV > DIV > BLOCKQUOTE > DIV > DIV > BODY > HTML > #document to 0 of DIV > DIV > DIV > BLOCKQUOTE > DIV > DIV > BODY > HTML > #document toDOMRange:range from 2 of DIV > DIV > BODY > HTML > #document to 2 of DIV > DIV > BODY > HTML > #document affinity:NSSelectionAffinityDownstream stillSelecting:FALSE
EDITING DELEGATE: webViewDidChangeSelection:WebViewDidChangeSelectionNotification
EDITING DELEGATE: webViewDidChange:WebViewDidChangeNotification
EDITING DELEGATE: webViewDidChangeSelection:WebViewDidChangeSelectionNotification
layer at (0,0) size 980x735
  RenderView at (0,0) size 980x735
layer at (0,0) size 980x735
  RenderBlock {HTML} at (0,0) size 980x735
    RenderBody {BODY} at (8,8) size 964x719
      RenderBlock {DIV} at (0,0) size 964x113
        RenderBlock {DIV} at (0,0) size 964x28
          RenderText {#text} at (0,0) size 357x28
            text run at (0,0) width 357: "Splitting Mail blockquotes."
        RenderBlock {DIV} at (0,28) size 964x85
          RenderText {#text} at (0,0) size 246x28
            text run at (0,0) width 246: "Expected Results: "
          RenderBR {BR} at (246,22) size 0x0
          RenderText {#text} at (0,28) size 462x19
            text run at (0,28) width 462: "Two blockquotes, with an unquoted blank line in between."
          RenderBR {BR} at (462,43) size 0x0
          RenderText {#text} at (0,47) size 509x19
            text run at (0,47) width 509: "The first blockquote contains two lines, the second one is blank."
          RenderBR {BR} at (509,62) size 0x0
          RenderText {#text} at (0,66) size 390x19
            text run at (0,66) width 390: "The second blockquote is a single non-blank line."
      RenderBlock {DIV} at (0,113) size 964x224 [border: (2px solid #FF0000)]
        RenderBlock (anonymous) at (14,14) size 936x28
          RenderText {#text} at (0,0) size 141x28
            text run at (0,0) width 141: "My citation:"
        RenderBlock {DIV} at (14,66) size 936x144
          RenderBlock {BLOCKQUOTE} at (40,0) size 856x60 [border: (2px solid #0000FF)]
            RenderBlock {DIV} at (2,2) size 852x28
              RenderText {#text} at (0,0) size 45x28
                text run at (0,0) width 45: "one"
            RenderBlock {DIV} at (2,30) size 852x28
              RenderBlock {DIV} at (0,0) size 852x28
                RenderBlock {DIV} at (0,0) size 852x28
                  RenderBR {BR} at (0,0) size 0x28
          RenderBlock (anonymous) at (0,60) size 936x28
            RenderBR {BR} at (0,0) size 0x28
          RenderBlock {BLOCKQUOTE} at (40,112) size 856x32 [border: (2px solid #0000FF)]
            RenderBlock {DIV} at (2,2) size 852x28
              RenderText {#text} at (0,0) size 44x28
                text run at (0,0) width 44: "two"
caret: position 0 of child 2 {BR} of child 1 {DIV} of child 3 {DIV} of body
