EDITING DELEGATE: shouldBeginEditingInDOMRange:range from 0 of BODY > HTML > #document to 8 of BODY > HTML > #document
EDITING DELEGATE: webViewDidBeginEditing:WebViewDidBeginEditingNotification
EDITING DELEGATE: webViewDidChangeSelection:WebViewDidChangeSelectionNotification
EDITING DELEGATE: webViewDidChangeSelection:WebViewDidChangeSelectionNotification
EDITING DELEGATE: webViewDidChangeSelection:WebViewDidChangeSelectionNotification
EDITING DELEGATE: webViewDidChangeSelection:WebViewDidChangeSelectionNotification
EDITING DELEGATE: webViewDidChangeSelection:WebViewDidChangeSelectionNotification
EDITING DELEGATE: webViewDidChangeSelection:WebViewDidChangeSelectionNotification
EDITING DELEGATE: webViewDidChange:WebViewDidChangeNotification
EDITING DELEGATE: webViewDidChangeSelection:WebViewDidChangeSelectionNotification
layer at (0,0) size 980x735
  RenderView at (0,0) size 980x735
layer at (0,0) size 980x735
  RenderBlock {HTML} at (0,0) size 980x735
    RenderBody {BODY} at (8,8) size 964x703
      RenderBlock (anonymous) at (0,0) size 964x56
        RenderText {#text} at (0,0) size 957x56
          text run at (0,0) width 949: "Test inserting paragraphs: should see an empty blue box above an empty line"
          text run at (949,0) width 8: " "
          text run at (0,28) width 295: "between \"foo\" and \"bar\""
      RenderBlock {DIV} at (0,56) size 964x36
      RenderBlock {P} at (0,116) size 964x56 [border: (2px solid #FF0000)]
        RenderText {#text} at (14,14) size 38x28
          text run at (14,14) width 38: "foo"
      RenderBlock {DIV} at (0,196) size 964x56 [border: (2px solid #0000FF)]
        RenderBR {BR} at (14,14) size 0x28
      RenderBlock (anonymous) at (0,252) size 964x28
        RenderBR {BR} at (0,0) size 0x28
      RenderBlock {P} at (0,304) size 964x56 [border: (2px solid #FF0000)]
        RenderText {#text} at (14,14) size 40x28
          text run at (14,14) width 40: "bar"
caret: position 0 of child 5 {BR} of body
