EDITING DELEGATE: shouldBeginEditingInDOMRange:range from 0 of DIV > BODY > HTML > #document to 3 of DIV > BODY > HTML > #document
EDITING DELEGATE: webViewDidBeginEditing:WebViewDidBeginEditingNotification
EDITING DELEGATE: webViewDidChangeSelection:WebViewDidChangeSelectionNotification
EDITING DELEGATE: webViewDidChangeSelection:WebViewDidChangeSelectionNotification
EDITING DELEGATE: webViewDidChangeSelection:WebViewDidChangeSelectionNotification
EDITING DELEGATE: webViewDidChangeSelection:WebViewDidChangeSelectionNotification
EDITING DELEGATE: webViewDidChangeSelection:WebViewDidChangeSelectionNotification
EDITING DELEGATE: shouldChangeSelectedDOMRange:range from 3 of #text > SPAN > SPAN > DIV > BODY > HTML > #document to 3 of #text > SPAN > SPAN > DIV > BODY > HTML > #document toDOMRange:range from 3 of SPAN > DIV > BODY > HTML > #document to 3 of SPAN > DIV > BODY > HTML > #document affinity:NSSelectionAffinityDownstream stillSelecting:FALSE
EDITING DELEGATE: webViewDidChangeSelection:WebViewDidChangeSelectionNotification
EDITING DELEGATE: webViewDidChange:WebViewDidChangeNotification
EDITING DELEGATE: webViewDidChangeSelection:WebViewDidChangeSelectionNotification
EDITING DELEGATE: webViewDidChangeSelection:WebViewDidChangeSelectionNotification
EDITING DELEGATE: webViewDidChangeSelection:WebViewDidChangeSelectionNotification
EDITING DELEGATE: webViewDidChange:WebViewDidChangeNotification
EDITING DELEGATE: webViewDidChangeSelection:WebViewDidChangeSelectionNotification
layer at (0,0) size 980x735
  RenderView at (0,0) size 980x735
layer at (0,0) size 980x735
  RenderBlock {HTML} at (0,0) size 980x735
    RenderBody {BODY} at (8,8) size 964x719
      RenderBlock {DIV} at (0,0) size 964x84 [border: (2px solid #FF0000)]
        RenderInline {SPAN} at (0,0) size 192x56
          RenderText {#text} at (14,14) size 15x28
            text run at (14,14) width 15: "a"
          RenderInline {SPAN} at (0,0) size 177x28
            RenderText {#text} at (29,14) size 177x28
              text run at (29,14) width 177: "\x{9}\x{9}\x{9}"
          RenderBR {BR} at (206,36) size 0x0
          RenderText {#text} at (14,42) size 27x28
            text run at (14,42) width 27: "xz"
        RenderText {#text} at (0,0) size 0x0
caret: position 1 of child 3 {#text} of child 1 {SPAN} of child 1 {DIV} of body
