EDITING DELEGATE: shouldBeginEditingInDOMRange:range from 0 of DIV > BODY > HTML > #document to 3 of DIV > BODY > HTML > #document
EDITING DELEGATE: webViewDidBeginEditing:WebViewDidBeginEditingNotification
EDITING DELEGATE: webViewDidChangeSelection:WebViewDidChangeSelectionNotification
EDITING DELEGATE: webViewDidChangeSelection:WebViewDidChangeSelectionNotification
EDITING DELEGATE: webViewDidChangeSelection:WebViewDidChangeSelectionNotification
EDITING DELEGATE: webViewDidChangeSelection:WebViewDidChangeSelectionNotification
EDITING DELEGATE: webViewDidChange:WebViewDidChangeNotification
EDITING DELEGATE: webViewDidChangeSelection:WebViewDidChangeSelectionNotification
layer at (0,0) size 980x735
  RenderView at (0,0) size 980x735
layer at (0,0) size 980x735
  RenderBlock {HTML} at (0,0) size 980x735
    RenderBody {BODY} at (8,8) size 964x719
      RenderBlock {P} at (0,0) size 964x38
        RenderText {#text} at (0,0) size 937x38
          text run at (0,0) width 539: "This tests inserting a paragraph separator before a horizontal rule. "
          text run at (539,0) width 398: "You should see 'foo', empty paragraph, horizontal"
          text run at (0,19) width 523: "rule, 'bar', and the caret should be just before the horizontal rule."
      RenderBlock {DIV} at (0,54) size 964x75
        RenderBlock (anonymous) at (0,0) size 964x38
          RenderText {#text} at (0,0) size 26x19
            text run at (0,0) width 26: "foo"
          RenderBR {BR} at (26,15) size 0x0
          RenderBR {BR} at (0,19) size 0x19
        RenderBlock {HR} at (0,46) size 964x2 [border: (1px inset #000000)]
        RenderBlock (anonymous) at (0,56) size 964x19
          RenderText {#text} at (0,0) size 27x19
            text run at (0,0) width 27: "bar"
caret: position 0 of child 3 {HR} of child 2 {DIV} of body
