EDITING DELEGATE: shouldBeginEditingInDOMRange:range from 0 of DIV > BODY > HTML > #document to 2 of DIV > BODY > HTML > #document
EDITING DELEGATE: webViewDidBeginEditing:WebViewDidBeginEditingNotification
EDITING DELEGATE: webViewDidChangeSelection:WebViewDidChangeSelectionNotification
EDITING DELEGATE: webViewDidChangeSelection:WebViewDidChangeSelectionNotification
EDITING DELEGATE: webViewDidChangeSelection:WebViewDidChangeSelectionNotification
EDITING DELEGATE: webViewDidChangeSelection:WebViewDidChangeSelectionNotification
EDITING DELEGATE: shouldChangeSelectedDOMRange:range from 1 of #text > DIV > DIV > BODY > HTML > #document to 1 of DIV > BODY > HTML > #document toDOMRange:range from 0 of DIV > DIV > BODY > HTML > #document to 0 of DIV > DIV > BODY > HTML > #document affinity:NSSelectionAffinityDownstream stillSelecting:FALSE
EDITING DELEGATE: webViewDidChangeSelection:WebViewDidChangeSelectionNotification
EDITING DELEGATE: webViewDidChange:WebViewDidChangeNotification
EDITING DELEGATE: webViewDidChangeSelection:WebViewDidChangeSelectionNotification
layer at (0,0) size 980x735
  RenderView at (0,0) size 980x735
layer at (0,0) size 980x735
  RenderBlock {HTML} at (0,0) size 980x735
    RenderBody {BODY} at (8,8) size 964x719
      RenderBlock {P} at (0,0) size 964x38
        RenderText {#text} at (0,0) size 922x38
          text run at (0,0) width 726: "This tests inserting a paragraph separator into a selection that spans multiple paragraphs. "
          text run at (726,0) width 196: "'ar' should be on the line"
          text run at (0,19) width 403: "after 'f' and the caret should be just before the 'a'."
      RenderBlock {DIV} at (0,54) size 964x38
        RenderBlock {DIV} at (0,0) size 964x19
          RenderText {#text} at (0,0) size 6x19
            text run at (0,0) width 6: "f"
        RenderBlock {DIV} at (0,19) size 964x19
          RenderText {#text} at (0,0) size 27x19
            text run at (0,0) width 27: "bar"
caret: position 0 of child 0 {#text} of child 1 {DIV} of child 2 {DIV} of body
