layer at (0,0) size 800x600
  RenderView at (0,0) size 800x600
layer at (0,0) size 800x260
  RenderBlock {html} at (0,0) size 800x260
    RenderBody {body} at (8,130) size 122x122 [color=#000080] [border: (1px solid #000080)]
      RenderBlock {p} at (1,13) size 120x98
        RenderText {#text} at (0,0) size 116x98
          text run at (0,0) width 76: "There should be"
          text run at (0,14) width 80: "scrollbars for the"
          text run at (0,28) width 108: "viewport -- not for this"
          text run at (0,42) width 116: "box. (Additionally, there"
          text run at (0,56) width 106: "should be a box above"
          text run at (0,70) width 67: "that does have"
          text run at (0,84) width 53: "scrollbars.)"
      RenderBlock {p} at (1,123) size 120x14 [color=#808080]
        RenderText {#text} at (0,0) size 80x14
          text run at (0,0) width 80: "This is filler text."
      RenderBlock {p} at (1,149) size 120x14 [color=#808080]
        RenderText {#text} at (0,0) size 80x14
          text run at (0,0) width 80: "This is filler text."
      RenderBlock {p} at (1,175) size 120x14 [color=#808080]
        RenderText {#text} at (0,0) size 80x14
          text run at (0,0) width 80: "This is filler text."
      RenderBlock {p} at (1,201) size 120x14 [color=#808080]
        RenderText {#text} at (0,0) size 80x14
          text run at (0,0) width 80: "This is filler text."
layer at (0,0) size 122x122 clip at (1,1) size 120x120
  RenderBlock {body} at (0,0) size 122x122 [color=#000080] [border: (1px solid #000080)]
