layer at (0,0) size 800x600
  RenderView at (0,0) size 800x600
layer at (0,0) size 800x138
  RenderBlock {html} at (0,0) size 800x138
    RenderBlock (anonymous) at (0,0) size 800x0
      RenderInline {bogus} at (0,0) size 0x0
    RenderBlock (anonymous) at (0,8) size 800x122
    RenderBlock (anonymous) at (0,138) size 800x0
      RenderInline {bogus} at (0,0) size 0x0
layer at (8,8) size 122x122 clip at (9,9) size 120x120 scrollHeight 170
  RenderBody {body} at (8,0) size 122x122 [color=#000080] [border: (1px solid #000080)]
    RenderBlock {p} at (1,13) size 120x42
      RenderText {#text} at (0,0) size 115x42
        text run at (0,0) width 76: "There should be"
        text run at (0,14) width 115: "scrollbars for this box --"
        text run at (0,28) width 97: "not for the viewport."
    RenderBlock {p} at (1,67) size 120x14 [color=#808080]
      RenderText {#text} at (0,0) size 80x14
        text run at (0,0) width 80: "This is filler text."
    RenderBlock {p} at (1,93) size 120x14 [color=#808080]
      RenderText {#text} at (0,0) size 80x14
        text run at (0,0) width 80: "This is filler text."
    RenderBlock {p} at (1,119) size 120x14 [color=#808080]
      RenderText {#text} at (0,0) size 80x14
        text run at (0,0) width 80: "This is filler text."
    RenderBlock {p} at (1,145) size 120x14 [color=#808080]
      RenderText {#text} at (0,0) size 80x14
        text run at (0,0) width 80: "This is filler text."
