layer at (0,0) size 800x600
  RenderView at (0,0) size 800x600
layer at (0,0) size 800x600
  RenderBlock {HTML} at (0,0) size 800x600
    RenderBody {BODY} at (8,8) size 784x584
      RenderTable {TABLE} at (0,0) size 149x20
        RenderTableSection {TBODY} at (0,0) size 149x20
          RenderTableRow {TR} at (0,2) size 149x16
            RenderTableCell {TD} at (2,2) size 44x16 [bgcolor=#FFFFCC] [r=0 c=0 rs=1 cs=1]
              RenderText {#text} at (1,1) size 42x14
                text run at (1,1) width 42: "Cell One"
            RenderTableCell {TD} at (48,2) size 46x16 [bgcolor=#FFFFCC] [r=0 c=1 rs=1 cs=1]
              RenderText {#text} at (1,1) size 44x14
                text run at (1,1) width 44: "Cell Two"
            RenderTableCell {TD} at (96,2) size 51x16 [bgcolor=#FFFFCC] [r=0 c=2 rs=1 cs=1]
              RenderText {#text} at (1,1) size 49x14
                text run at (1,1) width 49: "Cell Three"
