layer at (0,0) size 800x600
  RenderView at (0,0) size 800x600
layer at (0,0) size 800x600
  RenderBlock {HTML} at (0,0) size 800x600
    RenderBody {BODY} at (8,8) size 784x584
      RenderBlock {P} at (0,0) size 784x14
        RenderText {#text} at (0,0) size 422x14
          text run at (0,0) width 422: "You should see three rows below labeled \"row 1\", \"row 2\", \"row 3\", from top to bottom."
      RenderTable {TABLE} at (0,26) size 34x56
        RenderTableSection {TBODY} at (0,0) size 34x56
          RenderTableRow {TR} at (0,2) size 34x16
            RenderTableCell {TD} at (2,2) size 30x16 [r=0 c=0 rs=1 cs=1]
              RenderText {#text} at (1,1) size 28x14
                text run at (1,1) width 28: "row 1"
          RenderTableRow {TR} at (0,20) size 34x16
            RenderTableCell {TD} at (2,20) size 30x16 [r=1 c=0 rs=1 cs=1]
              RenderText {#text} at (1,1) size 28x14
                text run at (1,1) width 28: "row 2"
          RenderTableRow {TR} at (0,38) size 34x16
            RenderTableCell {TD} at (2,38) size 30x16 [r=2 c=0 rs=1 cs=1]
              RenderText {#text} at (1,1) size 28x14
                text run at (1,1) width 28: "row 3"
