layer at (0,0) size 800x2048
  RenderView at (0,0) size 800x600
layer at (0,0) size 800x2048
  RenderBlock {HTML} at (0,0) size 800x2048
    RenderBody {BODY} at (8,8) size 784x2032
      RenderBlock {H1} at (0,0) size 784x28
        RenderText {#text} at (0,1) size 135x26
          text run at (0,1) width 135: "Anchor Lock"
      RenderBlock {P} at (0,44) size 784x28
        RenderText {#text} at (0,0) size 777x28
          text run at (0,0) width 777: "This tests WebKit's ability to lock to an anchor and maintain focus on it as images are loaded above and below it. The Anchor text should be visible and this message"
          text run at (0,14) width 53: "should not."
      RenderBlock {P} at (0,84) size 784x200
        RenderImage {IMG} at (0,0) size 200x200
      RenderBlock {P} at (0,296) size 784x200
        RenderImage {IMG} at (0,0) size 200x200
      RenderBlock {P} at (0,508) size 784x200
        RenderImage {IMG} at (0,0) size 200x200
      RenderBlock {P} at (0,720) size 784x200
        RenderImage {IMG} at (0,0) size 200x200
      RenderBlock (anonymous) at (0,932) size 784x14
        RenderInline {A} at (0,0) size 230x14
          RenderText {#text} at (0,0) size 230x14
            text run at (0,0) width 230: "Anchor text - this should be the only visible text."
        RenderText {#text} at (0,0) size 0x0
      RenderBlock {P} at (0,958) size 784x200
        RenderImage {IMG} at (0,0) size 200x200
      RenderBlock {P} at (0,1170) size 784x200
        RenderImage {IMG} at (0,0) size 200x200
      RenderBlock {P} at (0,1382) size 784x200
        RenderImage {IMG} at (0,0) size 200x200
      RenderBlock {P} at (0,1594) size 784x200
        RenderImage {IMG} at (0,0) size 200x200
      RenderBlock {P} at (0,1806) size 784x200
        RenderImage {IMG} at (0,0) size 200x200
      RenderBlock (anonymous) at (0,2018) size 784x14
        RenderText {#text} at (0,0) size 44x14
          text run at (0,0) width 44: "#anchor1"
