layer at (0,0) size 800x600
  RenderView at (0,0) size 800x600
layer at (0,0) size 800x600
  RenderBlock {HTML} at (0,0) size 800x600
    RenderBody {BODY} at (8,8) size 784x584
      RenderBlock {P} at (0,0) size 784x14
        RenderText {#text} at (0,0) size 131x14
          text run at (0,0) width 131: "This is a regression test for "
        RenderInline {I} at (0,0) size 555x14
          RenderInline {A} at (0,0) size 226x14 [color=#0000EE]
            RenderText {#text} at (131,0) size 226x14
              text run at (131,0) width 226: "http://bugs.webkit.org/show_bug.cgi?id=11672"
          RenderText {#text} at (357,0) size 329x14
            text run at (357,0) width 3: " "
            text run at (360,0) width 326: "REGRESSION (r17068): Repro crash due to painting without layout"
        RenderText {#text} at (686,0) size 97x14
          text run at (686,0) width 97: ". It should not crash."
layer at (8,34) size 6x6
  RenderTable {TABLE} at (0,26) size 6x6
    RenderTableSection {TBODY} at (0,0) size 6x6
      RenderTableRow {TR} at (0,2) size 6x2
        RenderTableCell {TD} at (2,2) size 2x2 [r=0 c=0 rs=1 cs=1]
layer at (11,37) size 31x28
  RenderBlock (positioned) {DIV} at (3,3) size 31x28
    RenderText {#text} at (0,0) size 31x28
      text run at (0,0) width 31: "Lorem"
      text run at (0,14) width 29: "ipsum"
