layer at (0,0) size 800x600
  RenderView at (0,0) size 800x600
layer at (0,0) size 800x600
  RenderBlock {HTML} at (0,0) size 800x600
    RenderBody {BODY} at (8,8) size 784x584
      RenderBlock {P} at (0,0) size 784x14
        RenderText {#text} at (0,0) size 40x14
          text run at (0,0) width 40: "Test for "
        RenderInline {I} at (0,0) size 592x14
          RenderInline {A} at (0,0) size 226x14 [color=#0000EE]
            RenderText {#text} at (40,0) size 226x14
              text run at (40,0) width 226: "http://bugs.webkit.org/show_bug.cgi?id=14134"
          RenderText {#text} at (266,0) size 366x14
            text run at (266,0) width 3: " "
            text run at (269,0) width 363: "REGRESSION (r25353): Whitespace nodes ignored between inline list items"
        RenderText {#text} at (632,0) size 3x14
          text run at (632,0) width 3: "."
      RenderBlock {P} at (0,26) size 784x14
        RenderText {#text} at (0,0) size 557x14
          text run at (0,0) width 350: "This tests that whitespace-only text nodes get renderers when they should "
          text run at (350,0) width 207: "even if initially they did not need a renderer."
      RenderBlock {P} at (0,52) size 784x14
        RenderText {#text} at (0,0) size 260x14
          text run at (0,0) width 260: "The left column should be identical to the right column."
      RenderTable {TABLE} at (0,78) size 173x82 [border: none]
        RenderTableSection {TBODY} at (0,0) size 172x81
          RenderTableRow {TR} at (0,0) size 172x23
            RenderTableCell {TD} at (0,0) size 86x23 [border: (1px solid #000000)] [r=0 c=0 rs=1 cs=1]
              RenderBlock {DIV} at (5,5) size 77x14
                RenderText {#text} at (0,0) size 17x14
                  text run at (0,0) width 17: "wet"
                RenderText {#text} at (17,0) size 3x14
                  text run at (17,0) width 3: " "
                RenderText {#text} at (20,0) size 17x14
                  text run at (20,0) width 17: "suit"
            RenderTableCell {TD} at (86,0) size 86x23 [border: (1px solid #000000)] [r=0 c=1 rs=1 cs=1]
              RenderBlock {DIV} at (5,5) size 77x14
                RenderText {#text} at (0,0) size 37x14
                  text run at (0,0) width 37: "wet suit"
          RenderTableRow {TR} at (0,23) size 172x35
            RenderTableCell {TD} at (0,23) size 86x35 [border: (1px solid #000000)] [r=1 c=0 rs=1 cs=1]
              RenderBlock {UL} at (5,5) size 77x14
                RenderInline {LI} at (0,0) size 17x14
                  RenderText {#text} at (40,0) size 17x14
                    text run at (40,0) width 17: "wet"
                RenderText {#text} at (57,0) size 3x14
                  text run at (57,0) width 3: " "
                RenderInline {LI} at (0,0) size 17x14
                  RenderText {#text} at (60,0) size 17x14
                    text run at (60,0) width 17: "suit"
                RenderText {#text} at (0,0) size 0x0
            RenderTableCell {TD} at (86,23) size 86x35 [border: (1px solid #000000)] [r=1 c=1 rs=1 cs=1]
              RenderBlock {UL} at (5,5) size 77x14
                RenderInline {LI} at (0,0) size 17x14
                  RenderText {#text} at (40,0) size 17x14
                    text run at (40,0) width 17: "wet"
                RenderText {#text} at (57,0) size 3x14
                  text run at (57,0) width 3: " "
                RenderInline {LI} at (0,0) size 17x14
                  RenderText {#text} at (60,0) size 17x14
                    text run at (60,0) width 17: "suit"
                RenderText {#text} at (0,0) size 0x0
          RenderTableRow {TR} at (0,58) size 172x23
            RenderTableCell {TD} at (0,58) size 86x23 [border: (1px solid #000000)] [r=2 c=0 rs=1 cs=1]
              RenderBlock {DIV} at (5,5) size 77x14
                RenderInline {DIV} at (0,0) size 17x14
                  RenderText {#text} at (0,0) size 17x14
                    text run at (0,0) width 17: "wet"
                RenderText {#text} at (17,0) size 3x14
                  text run at (17,0) width 3: " "
                RenderInline {DIV} at (0,0) size 17x14
                  RenderText {#text} at (20,0) size 17x14
                    text run at (20,0) width 17: "suit"
                RenderText {#text} at (0,0) size 0x0
            RenderTableCell {TD} at (86,58) size 86x23 [border: (1px solid #000000)] [r=2 c=1 rs=1 cs=1]
              RenderBlock {DIV} at (5,5) size 77x14
                RenderInline {DIV} at (0,0) size 17x14
                  RenderText {#text} at (0,0) size 17x14
                    text run at (0,0) width 17: "wet"
                RenderText {#text} at (17,0) size 3x14
                  text run at (17,0) width 3: " "
                RenderInline {DIV} at (0,0) size 17x14
                  RenderText {#text} at (20,0) size 17x14
                    text run at (20,0) width 17: "suit"
                RenderText {#text} at (0,0) size 0x0
