layer at (0,0) size 800x600
  RenderView at (0,0) size 800x600
layer at (0,0) size 800x600
  RenderBlock {HTML} at (0,0) size 800x600
    RenderBody {BODY} at (8,8) size 784x584
      RenderBlock {DIV} at (0,0) size 784x12
        RenderInline (generated) at (0,0) size 12x12 [color=#0000FF]
          RenderText {#text} at (0,0) size 12x12
            text run at (0,0) width 12: "L"
        RenderText {#text} at (12,0) size 300x12
          text run at (12,0) width 300: "orem ipsum dolor sit amet"
