layer at (0,0) size 800x600
  RenderView at (0,0) size 800x600
layer at (0,0) size 800x600
  RenderBlock {HTML} at (0,0) size 800x600
    RenderBody {BODY} at (8,8) size 784x584
      RenderBlock {DIV} at (0,0) size 784x14
        RenderText {#text} at (0,0) size 564x14
          text run at (0,0) width 564: "Mousing over the yellow square below should not cause an assertion failure or crash. This tests for regressions against "
        RenderInline {A} at (0,0) size 24x14 [color=#0000EE]
          RenderText {#text} at (564,0) size 24x14
            text run at (564,0) width 24: "6931"
        RenderText {#text} at (588,0) size 3x14
          text run at (588,0) width 3: "."
layer at (50,50) size 200x200
  RenderBlock (positioned) zI: 1 {DIV} at (50,50) size 200x200 [bgcolor=#FFFF00]
caret: position 0 of child 1 {DIV} of child 3 {DIV} of body
