layer at (0,0) size 800x600
  RenderView at (0,0) size 800x600
layer at (0,0) size 800x600
  RenderBlock {HTML} at (0,0) size 800x600
    RenderBody {BODY} at (8,8) size 784x584
      RenderBlock {DIV} at (0,0) size 784x228
        RenderBlock (floating) {DIV} at (0,0) size 200x200
        RenderBlock {DIV} at (0,0) size 200x200 [bgcolor=#00FF00]
        RenderBlock (anonymous) at (0,200) size 784x28
          RenderText {#text} at (0,0) size 756x28
            text run at (0,0) width 251: "This text should be underneath a 200x200 lime float. "
            text run at (251,0) width 505: "We are making sure that the code that wraps inline children in anonymous blocks does the right thing when"
            text run at (0,14) width 240: "blocks are inserted in between a float and an inline."
