layer at (0,0) size 800x600
  RenderView at (0,0) size 800x600
layer at (0,0) size 800x600
  RenderBlock {HTML} at (0,0) size 800x600
    RenderBody {BODY} at (8,8) size 784x584
      RenderBlock {P} at (0,0) size 784x14
        RenderText {#text} at (0,0) size 36x14
          text run at (0,0) width 36: "test for "
        RenderInline {A} at (0,0) size 42x14 [color=#0000EE]
          RenderText {#text} at (36,0) size 42x14
            text run at (36,0) width 42: "4065447"
        RenderText {#text} at (78,0) size 194x14
          text run at (78,0) width 194: " (support outerHTML on IMG elements)"
      RenderBlock {P} at (0,26) size 784x14
        RenderText {#text} at (0,0) size 378x14
          text run at (0,0) width 378: "If the test fails, you'll see a Mozilla logo; if it succeeds, you'll see an Apple logo."
      RenderBlock (anonymous) at (0,52) size 784x64
        RenderImage {IMG} at (0,0) size 52x64
        RenderText {#text} at (0,0) size 0x0
        RenderText {#text} at (0,0) size 0x0
