layer at (0,0) size 980x735
  RenderView at (0,0) size 980x735
layer at (0,0) size 980x474
  RenderBlock {HTML} at (0,0) size 980x474
    RenderBody {BODY} at (8,8) size 964x458
      RenderEmbeddedObject {OBJECT} at (0,0) size 230x230 [border: (2px dashed #800000)]
        layer at (0,0) size 220x220
          RenderView at (0,0) size 220x220
        layer at (0,0) size 220x220
          RenderSVGRoot {svg} at (0,0) size 220x220
            RenderSVGEllipse {circle} at (0,0) size 220x220 [stroke={[type=SOLID] [color=#000000]}] [fill={[type=SOLID] [color=#D9BB7A] [fill rule=EVEN-ODD]}] [cx=110.00] [cy=110.00] [r=110.00]
      RenderText {#text} at (230,215) size 5x19
        text run at (230,215) width 5: " "
      RenderEmbeddedObject {OBJECT} at (235,0) size 230x230 [border: (2px dashed #800000)]
        layer at (0,0) size 220x220
          RenderView at (0,0) size 220x220
        layer at (0,0) size 220x220
          RenderSVGRoot {svg} at (0,0) size 220x220
            RenderSVGEllipse {circle} at (0,0) size 220x220 [stroke={[type=SOLID] [color=#000000]}] [fill={[type=SOLID] [color=#D9BB7A] [fill rule=EVEN-ODD]}] [cx=110.00] [cy=110.00] [r=110.00]
      RenderText {#text} at (465,215) size 5x19
        text run at (465,215) width 5: " "
      RenderEmbeddedObject {OBJECT} at (470,0) size 230x230 [border: (2px dashed #800000)]
        layer at (0,0) size 220x220
          RenderView at (0,0) size 220x220
        layer at (0,0) size 220x220
          RenderSVGRoot {svg} at (0,0) size 220x220
            RenderSVGEllipse {circle} at (0,0) size 220x220 [stroke={[type=SOLID] [color=#000000]}] [fill={[type=SOLID] [color=#D9BB7A] [fill rule=EVEN-ODD]}] [cx=110.00] [cy=110.00] [r=110.00]
      RenderText {#text} at (700,215) size 5x19
        text run at (700,215) width 5: " "
      RenderBR {BR} at (0,0) size 0x0
      RenderEmbeddedObject {OBJECT} at (0,234) size 220x220 [border: (2px dashed #800000)]
        layer at (0,0) size 210x210
          RenderView at (0,0) size 210x210
        layer at (0,0) size 210x210
          RenderSVGRoot {svg} at (0,0) size 210x210
            RenderSVGEllipse {circle} at (0,0) size 210x210 [stroke={[type=SOLID] [color=#000000]}] [fill={[type=SOLID] [color=#D9BB7A] [fill rule=EVEN-ODD]}] [cx=110.00] [cy=110.00] [r=110.00]
      RenderText {#text} at (0,0) size 0x0
