layer at (0,0) size 800x600
  RenderView at (0,0) size 800x600
layer at (0,0) size 800x600
  RenderBlock {HTML} at (0,0) size 800x600
    RenderBody {BODY} at (8,8) size 784x584
      RenderBlock {H1} at (0,0) size 784x28
        RenderText {#text} at (0,1) size 265x26
          text run at (0,1) width 265: "Radial Gradient Example"
      RenderBlock {DIV} at (0,44) size 784x168
        RenderBlock (generated) at (0,0) size 154x154 [border: (2px solid #000000)]
          RenderImage at (2,2) size 150x150
        RenderBlock (anonymous) at (0,154) size 784x14
          RenderText {#text} at (0,0) size 198x14
            text run at (0,0) width 198: "There's some generated content above me."
      RenderBlock {H1} at (0,228) size 784x28
        RenderText {#text} at (0,1) size 267x26
          text run at (0,1) width 267: "Linear Gradient Example"
      RenderBlock {DIV} at (0,272) size 784x148
        RenderBlock (anonymous) at (0,0) size 784x14
          RenderText {#text} at (0,0) size 199x14
            text run at (0,0) width 199: "There's some generated content below me."
        RenderBlock (generated) at (0,14) size 134x134 [border: (2px solid #000000)]
          RenderImage at (2,2) size 130x130
