layer at (0,0) size 800x600
  RenderView at (0,0) size 800x600
layer at (0,0) size 800x600
  RenderBlock {HTML} at (0,0) size 800x600
    RenderBody {BODY} at (8,8) size 784x580
      RenderBlock {UL} at (0,0) size 784x42
        RenderListItem {LI} at (40,0) size 744x14
          RenderListMarker at (-12,6) size 5x5
          RenderText {#text} at (0,0) size 44x14
            text run at (0,0) width 44: "Item One"
        RenderListItem {LI} at (40,14) size 744x14
          RenderListMarker at (-12,6) size 5x5
          RenderText {#text} at (0,0) size 46x14
            text run at (0,0) width 46: "Item Two"
        RenderListItem {LI} at (40,28) size 744x14
          RenderListMarker at (-12,6) size 5x5
          RenderText {#text} at (0,0) size 51x14
            text run at (0,0) width 51: "Item Three"
