layer at (0,0) size 800x600
  RenderView at (0,0) size 800x600
layer at (0,0) size 800x600
  RenderBlock {HTML} at (0,0) size 800x600
    RenderBody {BODY} at (8,8) size 784x584
      RenderBlock (anonymous) at (0,0) size 784x14
        RenderText {#text} at (0,0) size 472x14
          text run at (0,0) width 472: "The test passes if all four boxes have a radial gradient that's green in the center and black at the edge."
      RenderBlock {H1} at (0,30) size 784x28
        RenderText {#text} at (0,1) size 545x26
          text run at (0,1) width 545: "Radial Gradients With One Center, Inner Radius > 0"
      RenderBlock (anonymous) at (0,74) size 784x153
        RenderBlock {DIV} at (0,0) size 150x150
        RenderText {#text} at (150,139) size 3x14
          text run at (150,139) width 3: " "
        RenderBlock {DIV} at (153,0) size 150x150
        RenderText {#text} at (0,0) size 0x0
      RenderBlock {H1} at (0,243) size 784x28
        RenderText {#text} at (0,1) size 482x26
          text run at (0,1) width 482: "Radial Gradients With One, Inner Radius == 0"
      RenderBlock (anonymous) at (0,287) size 784x153
        RenderBlock {DIV} at (0,0) size 150x150
        RenderText {#text} at (150,139) size 3x14
          text run at (150,139) width 3: " "
        RenderBlock {DIV} at (153,0) size 150x150
        RenderText {#text} at (0,0) size 0x0
