layer at (0,0) size 800x600
  RenderView at (0,0) size 800x600
layer at (0,0) size 800x90
  RenderBlock {html} at (0,0) size 800x90
    RenderBody {body} at (8,12) size 784x66
      RenderBlock {p} at (0,0) size 784x14
        RenderInline {t} at (0,0) size 223x14 [bgcolor=#00FF00]
          RenderText {#text} at (0,0) size 223x14
            text run at (0,0) width 223: "This sentence should have a green background."
      RenderBlock {p} at (0,26) size 784x14
        RenderInline {t2} at (0,0) size 223x14 [bgcolor=#00FF00]
          RenderText {#text} at (0,0) size 223x14
            text run at (0,0) width 223: "This sentence should have a green background."
      RenderBlock {p} at (0,52) size 784x14
        RenderInline {t3} at (0,0) size 223x14 [bgcolor=#00FF00]
          RenderText {#text} at (0,0) size 223x14
            text run at (0,0) width 223: "This sentence should have a green background."
