layer at (0,0) size 800x600
  RenderView at (0,0) size 800x600
layer at (0,0) size 800x28
  RenderBlock {root} at (0,0) size 800x28
    RenderBlock {t} at (0,0) size 800x14 [bgcolor=#00FF00]
      RenderText {#text} at (0,0) size 223x14
        text run at (0,0) width 223: "This sentence should have a green background."
    RenderBlock {t} at (0,14) size 800x14 [bgcolor=#00FF00]
      RenderText {#text} at (0,0) size 223x14
        text run at (0,0) width 223: "This sentence should have a green background."
