layer at (0,0) size 800x600
  RenderView at (0,0) size 800x600
layer at (0,0) size 800x147
  RenderBlock {HTML} at (0,0) size 800x147
    RenderBody {BODY} at (8,8) size 784x131
      RenderBlock (anonymous) at (0,0) size 784x103
        RenderSVGRoot {svg} at (8,12) size 307x75
          RenderSVGText {text} at (10,14) size 277x45 contains 1 chunk(s)
            RenderSVGInlineText {#text} at (0,0) size 277x45
              chunk 1 text run 1 at (10.00,50.00) startOffset 0 endOffset 15 width 277.00: "Shadow on texts"
        RenderText {#text} at (0,0) size 0x0
      RenderBlock {DIV} at (0,103) size 784x28
        RenderText {#text} at (0,0) size 434x14
          text run at (0,0) width 434: "PASS - \"text-shadow\" property for \"text\" element at 0s saw something close to: -25,-5,0,15"
        RenderBR {BR} at (434,0) size 0x14
        RenderText {#text} at (0,14) size 420x14
          text run at (0,14) width 420: "PASS - \"text-shadow\" property for \"text\" element at 1s saw something close to: 5,5,0,15"
        RenderBR {BR} at (420,14) size 0x14
