layer at (0,0) size 800x600
  RenderView at (0,0) size 800x600
layer at (0,0) size 800x14
  RenderBlock {P} at (0,0) size 800x14
    RenderText {#text} at (0,0) size 107x14
      text run at (0,0) width 107: "Hello World, Success!"
