layer at (0,0) size 800x600
  RenderView at (0,0) size 800x600
layer at (0,0) size 800x600
  RenderBlock {HTML} at (0,0) size 800x600
    RenderBody {BODY} at (8,8) size 784x580
      RenderBlock {P} at (0,0) size 784x14
        RenderText {#text} at (0,0) size 382x14
          text run at (0,0) width 382: "Here is an attempt to extract the string \"Hello, Webkit!\" from the file findme.xml:"
      RenderBlock {P} at (0,26) size 784x14
        RenderText {#text} at (0,0) size 283x14
          text run at (0,0) width 213: "using document('file:resources/findme.xml'): "
          text run at (213,0) width 70: "Hello, Webkit!"
      RenderBlock {P} at (0,52) size 784x14
        RenderText {#text} at (0,0) size 265x14
          text run at (0,0) width 195: "using document('resources/findme.xml'): "
          text run at (195,0) width 70: "Hello, Webkit!"
