layer at (0,0) size 800x600
  RenderView at (0,0) size 800x600
layer at (0,0) size 800x600
  RenderBlock {HTML} at (0,0) size 800x600
    RenderBody {BODY} at (8,8) size 784x580
      RenderBlock {P} at (0,0) size 784x14
        RenderText {#text} at (0,0) size 43x14
          text run at (0,0) width 43: "This is a "
        RenderInline {I} at (0,0) size 42x14
          RenderText {#text} at (43,0) size 42x14
            text run at (43,0) width 42: "test page"
        RenderText {#text} at (85,0) size 3x14
          text run at (85,0) width 3: "."
