layer at (0,0) size 980x735
  RenderView at (0,0) size 980x735
layer at (0,0) size 980x272
  RenderBlock {HTML} at (0,0) size 980x272
    RenderBody {BODY} at (8,8) size 964x248
      RenderBlock (anonymous) at (0,0) size 964x19
        RenderText {#text} at (0,0) size 822x19
          text run at (0,0) width 330: "You should see a green rectangle below. "
          text run at (330,0) width 492: "If you see any red other than anti-aliasing, the test has failed."
      RenderBlock {P} at (0,227) size 964x21 [border: (1px solid #000000)]
        RenderText {#text} at (1,1) size 227x19
          text run at (1,1) width 227: "This line should look normal."
layer at (8,27) size 384x192 scrollHeight 205
  RenderBlock {DIV} at (0,19) size 384x192 [bgcolor=#FF0000]
    RenderInline {SPAN} at (0,0) size 320x64 [color=#008000]
      RenderText {#text} at (0,0) size 320x64
        text run at (0,0) width 320: "xxxxx"
    RenderInline {SPAN} at (0,0) size 64x128 [bgcolor=#008000]
    RenderBR {BR} at (384,0) size 0x64
    RenderInline {SPAN} at (0,0) size 320x128 [color=#008000]
      RenderText {#text} at (0,77) size 320x128
        text run at (0,77) width 320: "xxxxx"
    RenderBlock {DIV} at (320,64) size 64x128 [bgcolor=#008000]
    RenderText {#text} at (0,0) size 0x0
