layer at (0,0) size 980x735
  RenderView at (0,0) size 980x735
layer at (0,0) size 227x735
  RenderBlock {HTML} at (0,0) size 227x735
    RenderBody {BODY} at (8,8) size 211x719
      RenderBlock (anonymous) at (0,0) size 19x719
        RenderText {#text} at (0,0) size 19x632
          text run at (0,0) width 330: "You should see a green rectangle below. "
          text run at (0,330) width 302: "If you see any red, the test has failed."
      RenderBlock {DIV} at (19,0) size 192x384 [bgcolor=#FF0000]
        RenderInline {SPAN} at (0,0) size 96x384 [bgcolor=#008000]
        RenderBR {BR} at (0,384) size 64x0
        RenderBlock {DIV} at (64,0) size 128x384 [bgcolor=#008000]
