layer at (0,0) size 980x735
  RenderView at (0,0) size 980x735
layer at (0,0) size 980x99
  RenderBlock {HTML} at (0,0) size 980x99
    RenderBody {BODY} at (8,8) size 964x83
      RenderBlock (anonymous) at (0,0) size 964x19
        RenderText {#text} at (0,0) size 584x19
          text run at (0,0) width 282: "You should see a green line below. "
          text run at (282,0) width 302: "If you see any red, the test has failed."
      RenderBlock {DIV} at (0,83) size 964x0 [bgcolor=#FF0000]
        RenderInline {SPAN} at (0,0) size 320x64 [color=#FF0000]
          RenderText {#text} at (0,-51) size 320x64
            text run at (0,-51) width 320: "xxxxx"
        RenderBR {BR} at (320,-51) size 0x64
        RenderInline {SPAN} at (0,0) size 320x64 [color=#FF0000]
          RenderText {#text} at (0,-51) size 320x64
            text run at (0,-51) width 320: "xxxxx"
        RenderBR {BR} at (320,-51) size 0x64
        RenderInline {SPAN} at (0,0) size 320x64 [color=#FF0000]
          RenderText {#text} at (0,-51) size 320x64
            text run at (0,-51) width 320: "xxxxx"
        RenderBR {BR} at (320,-51) size 0x64
        RenderInline {SPAN} at (0,0) size 320x64 [color=#FF0000]
          RenderText {#text} at (0,-51) size 320x64
            text run at (0,-51) width 320: "xxxxx"
        RenderBR {BR} at (320,-51) size 0x64
        RenderInline {SPAN} at (0,0) size 320x64 [color=#008000]
          RenderText {#text} at (0,-51) size 320x64
            text run at (0,-51) width 320: "xxxxx"
        RenderText {#text} at (0,0) size 0x0
