layer at (0,0) size 980x735
  RenderView at (0,0) size 980x735
layer at (0,0) size 980x735
  RenderBlock {HTML} at (0,0) size 980x735
    RenderBody {BODY} at (8,8) size 964x711
      RenderBlock {H2} at (0,0) size 964x28 [bgcolor=#EEEEEE]
        RenderText {#text} at (0,0) size 71x28
          text run at (0,0) width 71: "PASS"
layer at (8,55) size 760x233
  RenderBlock {DIV} at (0,47) size 760x233 [border: (5px solid #800000)]
    RenderBlock (anonymous multi-column span) at (5,13) size 750x66
      RenderBlock {H2} at (0,19) size 750x28 [bgcolor=#EEEEEE]
        RenderText {#text} at (0,0) size 71x28
          text run at (0,0) width 71: "PASS"
layer at (13,60) size 750x8
  RenderBlock (anonymous multi-column) at (5,5) size 750x8
    RenderBlock {SPAN} at (0,8) size 367x0
layer at (13,134) size 750x149
  RenderBlock (anonymous multi-column) at (5,79) size 750x149
    RenderBlock {SPAN} at (0,16) size 367x266
      RenderBlock (anonymous) at (0,0) size 367x266
        RenderText {#text} at (0,0) size 364x266
          text run at (0,0) width 336: "Lorem ipsum dolor sit amet, consectetuer"
          text run at (0,19) width 310: "adipiscing elit. Nulla varius enim ac mi."
          text run at (0,38) width 364: "Curabitur sollicitudin felis quis lectus. Quisque"
          text run at (0,57) width 336: "adipiscing rhoncus sem. Proin nulla purus,"
          text run at (0,76) width 357: "vulputate vel, varius ut, euismod et, nisi. Sed"
          text run at (0,95) width 315: "vitae felis vel orci sagittis aliquam. Cras"
          text run at (0,114) width 325: "convallis adipiscing sem. Nam nonummy"
          text run at (0,133) width 315: "enim. Nullam bibendum lobortis neque."
          text run at (0,152) width 310: "Vestibulum velit orci, tempus euismod,"
          text run at (0,171) width 359: "pretium quis, interdum vitae, nulla. Phasellus"
          text run at (0,190) width 362: "eget ante et tortor condimentum vestibulum."
          text run at (0,209) width 339: "Suspendisse hendrerit quam nec felis. Sed"
          text run at (0,228) width 348: "varius turpis vitae pede. Lorem ipsum dolor"
          text run at (0,247) width 298: "sit amet, consectetuer adipiscing elit."
      RenderBlock {DL} at (0,282) size 367x0
