layer at (0,0) size 980x735
  RenderView at (0,0) size 980x735
layer at (0,0) size 980x52
  RenderBlock {HTML} at (0,0) size 980x52
    RenderBody {BODY} at (16,16) size 948x20
layer at (16,16) size 948x20
  RenderBlock {DIV} at (0,0) size 948x20
    RenderBlock (anonymous multi-column span) at (0,0) size 948x0
      RenderBlock {DIV} at (0,0) size 948x0
layer at (16,16) size 948x20
  RenderBlock (anonymous multi-column) at (0,0) size 948x20
    RenderBlock {DIV} at (0,0) size 464x20
      RenderText {#text} at (0,0) size 20x20
        text run at (0,0) width 20: "3"
    RenderTable at (0,20) size 20x20
      RenderTableSection {DIV} at (0,0) size 20x20
        RenderTableRow (anonymous) at (0,0) size 20x20
          RenderTableCell (anonymous) at (0,0) size 20x20 [r=0 c=0 rs=1 cs=1]
            RenderText {#text} at (0,0) size 20x20
              text run at (0,0) width 20: "4"
