layer at (0,0) size 980x735
  RenderView at (0,0) size 980x735
layer at (0,0) size 980x96
  RenderBlock {HTML} at (0,0) size 980x96
    RenderBody {BODY} at (16,16) size 948x64
layer at (16,16) size 948x64
  RenderBlock {DIV} at (0,0) size 948x64
    RenderBlock (anonymous) at (0,0) size 458x32
      RenderText {#text} at (0,0) size 32x32
        text run at (0,0) width 32: "A"
    RenderBlock {SPAN} at (0,32) size 458x64 [color=#0000FF]
      RenderBlock (anonymous) at (0,0) size 458x32
        RenderText {#text} at (0,0) size 32x32
          text run at (0,0) width 32: "B"
      RenderBlock (generated) at (0,32) size 458x32 [color=#008000]
        RenderCounter at (0,0) size 32x32
          text run at (0,0) width 32: "0"
    RenderBlock (anonymous) at (0,96) size 458x32
      RenderText {#text} at (0,0) size 32x32
        text run at (0,0) width 32: "C"
