layer at (0,0) size 980x3025
  RenderView at (0,0) size 980x735
layer at (0,0) size 980x3025
  RenderBlock {HTML} at (0,0) size 980x3025
    RenderBody {BODY} at (8,8) size 964x3001
      RenderBlock (anonymous) at (0,0) size 964x38
        RenderText {#text} at (0,0) size 909x38
          text run at (0,0) width 909: "In this test, all of the spanning elements have their spans turned off dynamically, and so they should just be in the"
          text run at (0,19) width 102: "column flow."
        RenderText {#text} at (0,0) size 0x0
layer at (8,62) size 760x471
  RenderBlock {DIV} at (0,54) size 760x471 [border: (5px solid #800000)]
    RenderBlock {H2} at (5,24) size 367x28 [bgcolor=#EEEEEE]
      RenderText {#text} at (0,0) size 366x28
        text run at (0,0) width 366: "This is a spanning element."
    RenderBlock (anonymous) at (5,71) size 367x851
      RenderText {#text} at (0,0) size 364x851
        text run at (0,0) width 336: "Lorem ipsum dolor sit amet, consectetuer"
        text run at (0,19) width 310: "adipiscing elit. Nulla varius enim ac mi."
        text run at (0,38) width 364: "Curabitur sollicitudin felis quis lectus. Quisque"
        text run at (0,57) width 336: "adipiscing rhoncus sem. Proin nulla purus,"
        text run at (0,76) width 357: "vulputate vel, varius ut, euismod et, nisi. Sed"
        text run at (0,95) width 315: "vitae felis vel orci sagittis aliquam. Cras"
        text run at (0,114) width 325: "convallis adipiscing sem. Nam nonummy"
        text run at (0,133) width 315: "enim. Nullam bibendum lobortis neque."
        text run at (0,152) width 310: "Vestibulum velit orci, tempus euismod,"
        text run at (0,171) width 359: "pretium quis, interdum vitae, nulla. Phasellus"
        text run at (0,190) width 362: "eget ante et tortor condimentum vestibulum."
        text run at (0,209) width 339: "Suspendisse hendrerit quam nec felis. Sed"
        text run at (0,228) width 348: "varius turpis vitae pede. Lorem ipsum dolor"
        text run at (0,247) width 303: "sit amet, consectetuer adipiscing elit. "
        text run at (303,247) width 52: "Lorem"
        text run at (0,266) width 363: "ipsum dolor sit amet, consectetuer adipiscing"
        text run at (0,285) width 306: "elit. Nulla varius enim ac mi. Curabitur"
        text run at (0,304) width 284: "sollicitudin felis quis lectus. Quisque"
        text run at (0,323) width 336: "adipiscing rhoncus sem. Proin nulla purus,"
        text run at (0,342) width 357: "vulputate vel, varius ut, euismod et, nisi. Sed"
        text run at (0,361) width 315: "vitae felis vel orci sagittis aliquam. Cras"
        text run at (0,395) width 325: "convallis adipiscing sem. Nam nonummy"
        text run at (0,414) width 315: "enim. Nullam bibendum lobortis neque."
        text run at (0,433) width 310: "Vestibulum velit orci, tempus euismod,"
        text run at (0,452) width 359: "pretium quis, interdum vitae, nulla. Phasellus"
        text run at (0,471) width 362: "eget ante et tortor condimentum vestibulum."
        text run at (0,490) width 339: "Suspendisse hendrerit quam nec felis. Sed"
        text run at (0,509) width 348: "varius turpis vitae pede. Lorem ipsum dolor"
        text run at (0,528) width 303: "sit amet, consectetuer adipiscing elit. "
        text run at (303,528) width 52: "Lorem"
        text run at (0,547) width 363: "ipsum dolor sit amet, consectetuer adipiscing"
        text run at (0,566) width 306: "elit. Nulla varius enim ac mi. Curabitur"
        text run at (0,585) width 284: "sollicitudin felis quis lectus. Quisque"
        text run at (0,604) width 336: "adipiscing rhoncus sem. Proin nulla purus,"
        text run at (0,623) width 357: "vulputate vel, varius ut, euismod et, nisi. Sed"
        text run at (0,642) width 315: "vitae felis vel orci sagittis aliquam. Cras"
        text run at (0,661) width 325: "convallis adipiscing sem. Nam nonummy"
        text run at (0,680) width 315: "enim. Nullam bibendum lobortis neque."
        text run at (0,699) width 310: "Vestibulum velit orci, tempus euismod,"
        text run at (0,718) width 359: "pretium quis, interdum vitae, nulla. Phasellus"
        text run at (0,737) width 362: "eget ante et tortor condimentum vestibulum."
        text run at (0,756) width 339: "Suspendisse hendrerit quam nec felis. Sed"
        text run at (0,775) width 348: "varius turpis vitae pede. Lorem ipsum dolor"
        text run at (0,794) width 303: "sit amet, consectetuer adipiscing elit. "
        text run at (303,794) width 52: "Lorem"
        text run at (0,813) width 363: "ipsum dolor sit amet, consectetuer adipiscing"
        text run at (0,832) width 226: "elit. Nulla varius enim ac mi."
layer at (8,549) size 760x468
  RenderBlock {DIV} at (0,541) size 760x468 [border: (5px solid #800000)]
    RenderBlock (anonymous) at (5,5) size 367x838
      RenderText {#text} at (0,0) size 364x838
        text run at (0,0) width 336: "Lorem ipsum dolor sit amet, consectetuer"
        text run at (0,19) width 310: "adipiscing elit. Nulla varius enim ac mi."
        text run at (0,38) width 364: "Curabitur sollicitudin felis quis lectus. Quisque"
        text run at (0,57) width 336: "adipiscing rhoncus sem. Proin nulla purus,"
        text run at (0,76) width 357: "vulputate vel, varius ut, euismod et, nisi. Sed"
        text run at (0,95) width 315: "vitae felis vel orci sagittis aliquam. Cras"
        text run at (0,114) width 325: "convallis adipiscing sem. Nam nonummy"
        text run at (0,133) width 315: "enim. Nullam bibendum lobortis neque."
        text run at (0,152) width 310: "Vestibulum velit orci, tempus euismod,"
        text run at (0,171) width 359: "pretium quis, interdum vitae, nulla. Phasellus"
        text run at (0,190) width 362: "eget ante et tortor condimentum vestibulum."
        text run at (0,209) width 339: "Suspendisse hendrerit quam nec felis. Sed"
        text run at (0,228) width 348: "varius turpis vitae pede. Lorem ipsum dolor"
        text run at (0,247) width 303: "sit amet, consectetuer adipiscing elit. "
        text run at (303,247) width 52: "Lorem"
        text run at (0,266) width 363: "ipsum dolor sit amet, consectetuer adipiscing"
        text run at (0,285) width 306: "elit. Nulla varius enim ac mi. Curabitur"
        text run at (0,304) width 284: "sollicitudin felis quis lectus. Quisque"
        text run at (0,323) width 336: "adipiscing rhoncus sem. Proin nulla purus,"
        text run at (0,342) width 357: "vulputate vel, varius ut, euismod et, nisi. Sed"
        text run at (0,361) width 315: "vitae felis vel orci sagittis aliquam. Cras"
        text run at (0,380) width 325: "convallis adipiscing sem. Nam nonummy"
        text run at (0,399) width 315: "enim. Nullam bibendum lobortis neque."
        text run at (0,418) width 310: "Vestibulum velit orci, tempus euismod,"
        text run at (0,437) width 359: "pretium quis, interdum vitae, nulla. Phasellus"
        text run at (0,458) width 362: "eget ante et tortor condimentum vestibulum."
        text run at (0,477) width 339: "Suspendisse hendrerit quam nec felis. Sed"
        text run at (0,496) width 348: "varius turpis vitae pede. Lorem ipsum dolor"
        text run at (0,515) width 303: "sit amet, consectetuer adipiscing elit. "
        text run at (303,515) width 52: "Lorem"
        text run at (0,534) width 363: "ipsum dolor sit amet, consectetuer adipiscing"
        text run at (0,553) width 306: "elit. Nulla varius enim ac mi. Curabitur"
        text run at (0,572) width 284: "sollicitudin felis quis lectus. Quisque"
        text run at (0,591) width 336: "adipiscing rhoncus sem. Proin nulla purus,"
        text run at (0,610) width 357: "vulputate vel, varius ut, euismod et, nisi. Sed"
        text run at (0,629) width 315: "vitae felis vel orci sagittis aliquam. Cras"
        text run at (0,648) width 325: "convallis adipiscing sem. Nam nonummy"
        text run at (0,667) width 315: "enim. Nullam bibendum lobortis neque."
        text run at (0,686) width 310: "Vestibulum velit orci, tempus euismod,"
        text run at (0,705) width 359: "pretium quis, interdum vitae, nulla. Phasellus"
        text run at (0,724) width 362: "eget ante et tortor condimentum vestibulum."
        text run at (0,743) width 339: "Suspendisse hendrerit quam nec felis. Sed"
        text run at (0,762) width 348: "varius turpis vitae pede. Lorem ipsum dolor"
        text run at (0,781) width 303: "sit amet, consectetuer adipiscing elit. "
        text run at (303,781) width 52: "Lorem"
        text run at (0,800) width 363: "ipsum dolor sit amet, consectetuer adipiscing"
        text run at (0,819) width 226: "elit. Nulla varius enim ac mi."
    RenderBlock {H2} at (5,862) size 367x28 [bgcolor=#EEEEEE]
      RenderText {#text} at (0,0) size 366x28
        text run at (0,0) width 366: "This is a spanning element."
layer at (8,1033) size 760x482
  RenderBlock {DIV} at (0,1025) size 760x482 [border: (5px solid #800000)]
    RenderBlock {P} at (5,21) size 367x304
      RenderText {#text} at (0,0) size 364x304
        text run at (0,0) width 336: "Lorem ipsum dolor sit amet, consectetuer"
        text run at (0,19) width 310: "adipiscing elit. Nulla varius enim ac mi."
        text run at (0,38) width 364: "Curabitur sollicitudin felis quis lectus. Quisque"
        text run at (0,57) width 336: "adipiscing rhoncus sem. Proin nulla purus,"
        text run at (0,76) width 357: "vulputate vel, varius ut, euismod et, nisi. Sed"
        text run at (0,95) width 315: "vitae felis vel orci sagittis aliquam. Cras"
        text run at (0,114) width 325: "convallis adipiscing sem. Nam nonummy"
        text run at (0,133) width 315: "enim. Nullam bibendum lobortis neque."
        text run at (0,152) width 310: "Vestibulum velit orci, tempus euismod,"
        text run at (0,171) width 359: "pretium quis, interdum vitae, nulla. Phasellus"
        text run at (0,190) width 362: "eget ante et tortor condimentum vestibulum."
        text run at (0,209) width 339: "Suspendisse hendrerit quam nec felis. Sed"
        text run at (0,228) width 348: "varius turpis vitae pede. Lorem ipsum dolor"
        text run at (0,247) width 303: "sit amet, consectetuer adipiscing elit. "
        text run at (303,247) width 52: "Lorem"
        text run at (0,266) width 363: "ipsum dolor sit amet, consectetuer adipiscing"
        text run at (0,285) width 226: "elit. Nulla varius enim ac mi."
    RenderBlock {H2} at (5,344) size 367x28 [bgcolor=#EEEEEE]
      RenderText {#text} at (0,0) size 366x28
        text run at (0,0) width 366: "This is a spanning element."
    RenderBlock {P} at (5,391) size 367x542
      RenderText {#text} at (0,0) size 364x542
        text run at (0,0) width 336: "Lorem ipsum dolor sit amet, consectetuer"
        text run at (0,19) width 310: "adipiscing elit. Nulla varius enim ac mi."
        text run at (0,38) width 364: "Curabitur sollicitudin felis quis lectus. Quisque"
        text run at (0,57) width 336: "adipiscing rhoncus sem. Proin nulla purus,"
        text run at (0,86) width 357: "vulputate vel, varius ut, euismod et, nisi. Sed"
        text run at (0,105) width 315: "vitae felis vel orci sagittis aliquam. Cras"
        text run at (0,124) width 325: "convallis adipiscing sem. Nam nonummy"
        text run at (0,143) width 315: "enim. Nullam bibendum lobortis neque."
        text run at (0,162) width 310: "Vestibulum velit orci, tempus euismod,"
        text run at (0,181) width 359: "pretium quis, interdum vitae, nulla. Phasellus"
        text run at (0,200) width 362: "eget ante et tortor condimentum vestibulum."
        text run at (0,219) width 339: "Suspendisse hendrerit quam nec felis. Sed"
        text run at (0,238) width 348: "varius turpis vitae pede. Lorem ipsum dolor"
        text run at (0,257) width 303: "sit amet, consectetuer adipiscing elit. "
        text run at (303,257) width 52: "Lorem"
        text run at (0,276) width 363: "ipsum dolor sit amet, consectetuer adipiscing"
        text run at (0,295) width 306: "elit. Nulla varius enim ac mi. Curabitur"
        text run at (0,314) width 284: "sollicitudin felis quis lectus. Quisque"
        text run at (0,333) width 336: "adipiscing rhoncus sem. Proin nulla purus,"
        text run at (0,352) width 357: "vulputate vel, varius ut, euismod et, nisi. Sed"
        text run at (0,371) width 315: "vitae felis vel orci sagittis aliquam. Cras"
        text run at (0,390) width 325: "convallis adipiscing sem. Nam nonummy"
        text run at (0,409) width 315: "enim. Nullam bibendum lobortis neque."
        text run at (0,428) width 310: "Vestibulum velit orci, tempus euismod,"
        text run at (0,447) width 359: "pretium quis, interdum vitae, nulla. Phasellus"
        text run at (0,466) width 362: "eget ante et tortor condimentum vestibulum."
        text run at (0,485) width 339: "Suspendisse hendrerit quam nec felis. Sed"
        text run at (0,504) width 348: "varius turpis vitae pede. Lorem ipsum dolor"
        text run at (0,523) width 298: "sit amet, consectetuer adipiscing elit."
layer at (8,1531) size 760x479
  RenderBlock {DIV} at (0,1523) size 760x479 [border: (5px solid #800000)]
    RenderBlock (anonymous) at (5,5) size 367x304
      RenderText {#text} at (0,0) size 364x304
        text run at (0,0) width 336: "Lorem ipsum dolor sit amet, consectetuer"
        text run at (0,19) width 310: "adipiscing elit. Nulla varius enim ac mi."
        text run at (0,38) width 364: "Curabitur sollicitudin felis quis lectus. Quisque"
        text run at (0,57) width 336: "adipiscing rhoncus sem. Proin nulla purus,"
        text run at (0,76) width 357: "vulputate vel, varius ut, euismod et, nisi. Sed"
        text run at (0,95) width 315: "vitae felis vel orci sagittis aliquam. Cras"
        text run at (0,114) width 325: "convallis adipiscing sem. Nam nonummy"
        text run at (0,133) width 315: "enim. Nullam bibendum lobortis neque."
        text run at (0,152) width 310: "Vestibulum velit orci, tempus euismod,"
        text run at (0,171) width 359: "pretium quis, interdum vitae, nulla. Phasellus"
        text run at (0,190) width 362: "eget ante et tortor condimentum vestibulum."
        text run at (0,209) width 339: "Suspendisse hendrerit quam nec felis. Sed"
        text run at (0,228) width 348: "varius turpis vitae pede. Lorem ipsum dolor"
        text run at (0,247) width 303: "sit amet, consectetuer adipiscing elit. "
        text run at (303,247) width 52: "Lorem"
        text run at (0,266) width 363: "ipsum dolor sit amet, consectetuer adipiscing"
        text run at (0,285) width 226: "elit. Nulla varius enim ac mi."
    RenderBlock {H2} at (5,328) size 367x28 [bgcolor=#EEEEEE]
      RenderText {#text} at (0,0) size 366x28
        text run at (0,0) width 366: "This is a spanning element."
    RenderBlock (anonymous) at (5,375) size 367x270
      RenderInline {SPAN} at (0,0) size 52x19
        RenderText {#text} at (0,0) size 52x19
          text run at (0,0) width 52: "Lorem"
      RenderText {#text} at (52,0) size 364x270
        text run at (52,0) width 284: " ipsum dolor sit amet, consectetuer"
        text run at (0,19) width 310: "adipiscing elit. Nulla varius enim ac mi."
        text run at (0,38) width 364: "Curabitur sollicitudin felis quis lectus. Quisque"
        text run at (0,57) width 336: "adipiscing rhoncus sem. Proin nulla purus,"
        text run at (0,76) width 357: "vulputate vel, varius ut, euismod et, nisi. Sed"
        text run at (0,99) width 315: "vitae felis vel orci sagittis aliquam. Cras"
        text run at (0,118) width 325: "convallis adipiscing sem. Nam nonummy"
        text run at (0,137) width 315: "enim. Nullam bibendum lobortis neque."
        text run at (0,156) width 310: "Vestibulum velit orci, tempus euismod,"
        text run at (0,175) width 359: "pretium quis, interdum vitae, nulla. Phasellus"
        text run at (0,194) width 362: "eget ante et tortor condimentum vestibulum."
        text run at (0,213) width 339: "Suspendisse hendrerit quam nec felis. Sed"
        text run at (0,232) width 348: "varius turpis vitae pede. Lorem ipsum dolor"
        text run at (0,251) width 298: "sit amet, consectetuer adipiscing elit."
    RenderBlock {P} at (5,661) size 367x266
      RenderText {#text} at (0,0) size 364x266
        text run at (0,0) width 336: "Lorem ipsum dolor sit amet, consectetuer"
        text run at (0,19) width 310: "adipiscing elit. Nulla varius enim ac mi."
        text run at (0,38) width 364: "Curabitur sollicitudin felis quis lectus. Quisque"
        text run at (0,57) width 336: "adipiscing rhoncus sem. Proin nulla purus,"
        text run at (0,76) width 357: "vulputate vel, varius ut, euismod et, nisi. Sed"
        text run at (0,95) width 315: "vitae felis vel orci sagittis aliquam. Cras"
        text run at (0,114) width 325: "convallis adipiscing sem. Nam nonummy"
        text run at (0,133) width 315: "enim. Nullam bibendum lobortis neque."
        text run at (0,152) width 310: "Vestibulum velit orci, tempus euismod,"
        text run at (0,171) width 359: "pretium quis, interdum vitae, nulla. Phasellus"
        text run at (0,190) width 362: "eget ante et tortor condimentum vestibulum."
        text run at (0,209) width 339: "Suspendisse hendrerit quam nec felis. Sed"
        text run at (0,228) width 348: "varius turpis vitae pede. Lorem ipsum dolor"
        text run at (0,247) width 298: "sit amet, consectetuer adipiscing elit."
layer at (8,2026) size 760x472
  RenderBlock {DIV} at (0,2018) size 760x472 [border: (5px solid #800000)]
    RenderBlock (anonymous) at (5,5) size 367x266
      RenderInline {SPAN} at (0,0) size 364x266
        RenderText {#text} at (0,0) size 364x266
          text run at (0,0) width 336: "Lorem ipsum dolor sit amet, consectetuer"
          text run at (0,19) width 310: "adipiscing elit. Nulla varius enim ac mi."
          text run at (0,38) width 364: "Curabitur sollicitudin felis quis lectus. Quisque"
          text run at (0,57) width 336: "adipiscing rhoncus sem. Proin nulla purus,"
          text run at (0,76) width 357: "vulputate vel, varius ut, euismod et, nisi. Sed"
          text run at (0,95) width 315: "vitae felis vel orci sagittis aliquam. Cras"
          text run at (0,114) width 325: "convallis adipiscing sem. Nam nonummy"
          text run at (0,133) width 315: "enim. Nullam bibendum lobortis neque."
          text run at (0,152) width 310: "Vestibulum velit orci, tempus euismod,"
          text run at (0,171) width 359: "pretium quis, interdum vitae, nulla. Phasellus"
          text run at (0,190) width 362: "eget ante et tortor condimentum vestibulum."
          text run at (0,209) width 339: "Suspendisse hendrerit quam nec felis. Sed"
          text run at (0,228) width 348: "varius turpis vitae pede. Lorem ipsum dolor"
          text run at (0,247) width 298: "sit amet, consectetuer adipiscing elit."
    RenderBlock (anonymous) at (5,271) size 367x38
      RenderBlock {SPAN} at (0,0) size 367x38
        RenderText {#text} at (0,0) size 336x38
          text run at (0,0) width 336: "Lorem ipsum dolor sit amet, consectetuer"
          text run at (0,19) width 310: "adipiscing elit. Nulla varius enim ac mi."
    RenderBlock (anonymous) at (5,309) size 367x272
      RenderInline {SPAN} at (0,0) size 52x19
        RenderText {#text} at (0,0) size 52x19
          text run at (0,0) width 52: "Lorem"
      RenderText {#text} at (52,0) size 364x272
        text run at (52,0) width 284: " ipsum dolor sit amet, consectetuer"
        text run at (0,19) width 310: "adipiscing elit. Nulla varius enim ac mi."
        text run at (0,38) width 364: "Curabitur sollicitudin felis quis lectus. Quisque"
        text run at (0,57) width 336: "adipiscing rhoncus sem. Proin nulla purus,"
        text run at (0,76) width 357: "vulputate vel, varius ut, euismod et, nisi. Sed"
        text run at (0,95) width 315: "vitae felis vel orci sagittis aliquam. Cras"
        text run at (0,114) width 325: "convallis adipiscing sem. Nam nonummy"
        text run at (0,133) width 315: "enim. Nullam bibendum lobortis neque."
        text run at (0,158) width 310: "Vestibulum velit orci, tempus euismod,"
        text run at (0,177) width 359: "pretium quis, interdum vitae, nulla. Phasellus"
        text run at (0,196) width 362: "eget ante et tortor condimentum vestibulum."
        text run at (0,215) width 339: "Suspendisse hendrerit quam nec felis. Sed"
        text run at (0,234) width 348: "varius turpis vitae pede. Lorem ipsum dolor"
        text run at (0,253) width 298: "sit amet, consectetuer adipiscing elit."
    RenderBlock {H2} at (5,600) size 367x28 [bgcolor=#EEEEEE]
      RenderText {#text} at (0,0) size 366x28
        text run at (0,0) width 366: "This is a spanning element."
    RenderBlock {P} at (5,647) size 367x266
      RenderText {#text} at (0,0) size 364x266
        text run at (0,0) width 336: "Lorem ipsum dolor sit amet, consectetuer"
        text run at (0,19) width 310: "adipiscing elit. Nulla varius enim ac mi."
        text run at (0,38) width 364: "Curabitur sollicitudin felis quis lectus. Quisque"
        text run at (0,57) width 336: "adipiscing rhoncus sem. Proin nulla purus,"
        text run at (0,76) width 357: "vulputate vel, varius ut, euismod et, nisi. Sed"
        text run at (0,95) width 315: "vitae felis vel orci sagittis aliquam. Cras"
        text run at (0,114) width 325: "convallis adipiscing sem. Nam nonummy"
        text run at (0,133) width 315: "enim. Nullam bibendum lobortis neque."
        text run at (0,152) width 310: "Vestibulum velit orci, tempus euismod,"
        text run at (0,171) width 359: "pretium quis, interdum vitae, nulla. Phasellus"
        text run at (0,190) width 362: "eget ante et tortor condimentum vestibulum."
        text run at (0,209) width 339: "Suspendisse hendrerit quam nec felis. Sed"
        text run at (0,228) width 348: "varius turpis vitae pede. Lorem ipsum dolor"
        text run at (0,247) width 298: "sit amet, consectetuer adipiscing elit."
layer at (8,2514) size 760x495
  RenderBlock {DIV} at (0,2506) size 760x495 [border: (5px solid #800000)]
    RenderBlock {P} at (5,21) size 367x266
      RenderText {#text} at (0,0) size 364x266
        text run at (0,0) width 336: "Lorem ipsum dolor sit amet, consectetuer"
        text run at (0,19) width 310: "adipiscing elit. Nulla varius enim ac mi."
        text run at (0,38) width 364: "Curabitur sollicitudin felis quis lectus. Quisque"
        text run at (0,57) width 336: "adipiscing rhoncus sem. Proin nulla purus,"
        text run at (0,76) width 357: "vulputate vel, varius ut, euismod et, nisi. Sed"
        text run at (0,95) width 315: "vitae felis vel orci sagittis aliquam. Cras"
        text run at (0,114) width 325: "convallis adipiscing sem. Nam nonummy"
        text run at (0,133) width 315: "enim. Nullam bibendum lobortis neque."
        text run at (0,152) width 310: "Vestibulum velit orci, tempus euismod,"
        text run at (0,171) width 359: "pretium quis, interdum vitae, nulla. Phasellus"
        text run at (0,190) width 362: "eget ante et tortor condimentum vestibulum."
        text run at (0,209) width 339: "Suspendisse hendrerit quam nec felis. Sed"
        text run at (0,228) width 348: "varius turpis vitae pede. Lorem ipsum dolor"
        text run at (0,247) width 298: "sit amet, consectetuer adipiscing elit."
    RenderBlock {P} at (5,303) size 367x38
      RenderText {#text} at (0,0) size 336x38
        text run at (0,0) width 336: "Lorem ipsum dolor sit amet, consectetuer"
        text run at (0,19) width 310: "adipiscing elit. Nulla varius enim ac mi."
    RenderBlock {P} at (5,357) size 367x266
      RenderText {#text} at (0,0) size 364x266
        text run at (0,0) width 336: "Lorem ipsum dolor sit amet, consectetuer"
        text run at (0,19) width 310: "adipiscing elit. Nulla varius enim ac mi."
        text run at (0,38) width 364: "Curabitur sollicitudin felis quis lectus. Quisque"
        text run at (0,57) width 336: "adipiscing rhoncus sem. Proin nulla purus,"
        text run at (0,76) width 357: "vulputate vel, varius ut, euismod et, nisi. Sed"
        text run at (0,95) width 315: "vitae felis vel orci sagittis aliquam. Cras"
        text run at (0,114) width 325: "convallis adipiscing sem. Nam nonummy"
        text run at (0,133) width 315: "enim. Nullam bibendum lobortis neque."
        text run at (0,152) width 310: "Vestibulum velit orci, tempus euismod,"
        text run at (0,171) width 359: "pretium quis, interdum vitae, nulla. Phasellus"
        text run at (0,190) width 362: "eget ante et tortor condimentum vestibulum."
        text run at (0,209) width 339: "Suspendisse hendrerit quam nec felis. Sed"
        text run at (0,228) width 348: "varius turpis vitae pede. Lorem ipsum dolor"
        text run at (0,247) width 298: "sit amet, consectetuer adipiscing elit."
    RenderBlock {H2} at (5,642) size 367x28 [bgcolor=#EEEEEE]
      RenderText {#text} at (0,0) size 366x28
        text run at (0,0) width 366: "This is a spanning element."
    RenderBlock (anonymous) at (5,689) size 367x38
      RenderInline {SPAN} at (0,0) size 336x38
        RenderText {#text} at (0,0) size 336x38
          text run at (0,0) width 336: "Lorem ipsum dolor sit amet, consectetuer"
          text run at (0,19) width 113: "adipiscing elit."
    RenderBlock (anonymous) at (5,727) size 367x19
      RenderBlock {SPAN} at (0,0) size 367x19
        RenderText {#text} at (0,0) size 192x19
          text run at (0,0) width 192: "Nulla varius enim ac mi."
    RenderBlock (anonymous) at (5,746) size 367x228
      RenderInline {SPAN} at (0,0) size 364x228
        RenderText {#text} at (0,0) size 364x228
          text run at (0,0) width 364: "Curabitur sollicitudin felis quis lectus. Quisque"
          text run at (0,19) width 336: "adipiscing rhoncus sem. Proin nulla purus,"
          text run at (0,38) width 357: "vulputate vel, varius ut, euismod et, nisi. Sed"
          text run at (0,57) width 315: "vitae felis vel orci sagittis aliquam. Cras"
          text run at (0,76) width 325: "convallis adipiscing sem. Nam nonummy"
          text run at (0,95) width 315: "enim. Nullam bibendum lobortis neque."
          text run at (0,114) width 310: "Vestibulum velit orci, tempus euismod,"
          text run at (0,133) width 359: "pretium quis, interdum vitae, nulla. Phasellus"
          text run at (0,152) width 362: "eget ante et tortor condimentum vestibulum."
          text run at (0,171) width 339: "Suspendisse hendrerit quam nec felis. Sed"
          text run at (0,190) width 348: "varius turpis vitae pede. Lorem ipsum dolor"
          text run at (0,209) width 298: "sit amet, consectetuer adipiscing elit."
      RenderText {#text} at (0,0) size 0x0
