layer at (0,0) size 980x1811
  RenderView at (0,0) size 980x735
layer at (0,0) size 980x1811
  RenderBlock {HTML} at (0,0) size 980x1811
    RenderBody {BODY} at (8,16) size 964x1779
layer at (8,16) size 760x579
  RenderBlock {DIV} at (0,0) size 760x579 [border: (5px solid #800000)]
    RenderBlock (anonymous multi-column span) at (5,271) size 750x66
      RenderBlock {H2} at (0,19) size 750x28 [bgcolor=#EEEEEE]
        RenderText {#text} at (0,0) size 253x28
          text run at (0,0) width 253: "This is a first span."
    RenderBlock (anonymous multi-column span) at (5,356) size 750x66
      RenderBlock {H2} at (0,19) size 750x28 [bgcolor=#EEEEEE]
        RenderText {#text} at (0,0) size 292x28
          text run at (0,0) width 292: "This is a second span."
layer at (13,21) size 750x266
  RenderBlock (anonymous multi-column) at (5,5) size 750x266
    RenderText {#text} at (0,0) size 364x532
      text run at (0,0) width 336: "Lorem ipsum dolor sit amet, consectetuer"
      text run at (0,19) width 310: "adipiscing elit. Nulla varius enim ac mi."
      text run at (0,38) width 364: "Curabitur sollicitudin felis quis lectus. Quisque"
      text run at (0,57) width 336: "adipiscing rhoncus sem. Proin nulla purus,"
      text run at (0,76) width 357: "vulputate vel, varius ut, euismod et, nisi. Sed"
      text run at (0,95) width 315: "vitae felis vel orci sagittis aliquam. Cras"
      text run at (0,114) width 325: "convallis adipiscing sem. Nam nonummy"
      text run at (0,133) width 315: "enim. Nullam bibendum lobortis neque."
      text run at (0,152) width 310: "Vestibulum velit orci, tempus euismod,"
      text run at (0,171) width 359: "pretium quis, interdum vitae, nulla. Phasellus"
      text run at (0,190) width 362: "eget ante et tortor condimentum vestibulum."
      text run at (0,209) width 339: "Suspendisse hendrerit quam nec felis. Sed"
      text run at (0,228) width 348: "varius turpis vitae pede. Lorem ipsum dolor"
      text run at (0,247) width 303: "sit amet, consectetuer adipiscing elit. "
      text run at (303,247) width 52: "Lorem"
      text run at (0,266) width 363: "ipsum dolor sit amet, consectetuer adipiscing"
      text run at (0,285) width 306: "elit. Nulla varius enim ac mi. Curabitur"
      text run at (0,304) width 284: "sollicitudin felis quis lectus. Quisque"
      text run at (0,323) width 336: "adipiscing rhoncus sem. Proin nulla purus,"
      text run at (0,342) width 357: "vulputate vel, varius ut, euismod et, nisi. Sed"
      text run at (0,361) width 315: "vitae felis vel orci sagittis aliquam. Cras"
      text run at (0,380) width 325: "convallis adipiscing sem. Nam nonummy"
      text run at (0,399) width 315: "enim. Nullam bibendum lobortis neque."
      text run at (0,418) width 310: "Vestibulum velit orci, tempus euismod,"
      text run at (0,437) width 359: "pretium quis, interdum vitae, nulla. Phasellus"
      text run at (0,456) width 362: "eget ante et tortor condimentum vestibulum."
      text run at (0,475) width 339: "Suspendisse hendrerit quam nec felis. Sed"
      text run at (0,494) width 348: "varius turpis vitae pede. Lorem ipsum dolor"
      text run at (0,513) width 298: "sit amet, consectetuer adipiscing elit."
layer at (13,353) size 750x19
  RenderBlock (anonymous multi-column) at (5,337) size 750x19
    RenderText {#text} at (0,0) size 311x38
      text run at (0,0) width 311: "This text should be sitting between two"
      text run at (0,19) width 156: "spanning elements."
layer at (13,438) size 750x152
  RenderBlock (anonymous multi-column) at (5,422) size 750x152
    RenderText {#text} at (0,0) size 364x304
      text run at (0,0) width 336: "Lorem ipsum dolor sit amet, consectetuer"
      text run at (0,19) width 310: "adipiscing elit. Nulla varius enim ac mi."
      text run at (0,38) width 364: "Curabitur sollicitudin felis quis lectus. Quisque"
      text run at (0,57) width 336: "adipiscing rhoncus sem. Proin nulla purus,"
      text run at (0,76) width 357: "vulputate vel, varius ut, euismod et, nisi. Sed"
      text run at (0,95) width 315: "vitae felis vel orci sagittis aliquam. Cras"
      text run at (0,114) width 325: "convallis adipiscing sem. Nam nonummy"
      text run at (0,133) width 315: "enim. Nullam bibendum lobortis neque."
      text run at (0,152) width 310: "Vestibulum velit orci, tempus euismod,"
      text run at (0,171) width 359: "pretium quis, interdum vitae, nulla. Phasellus"
      text run at (0,190) width 362: "eget ante et tortor condimentum vestibulum."
      text run at (0,209) width 339: "Suspendisse hendrerit quam nec felis. Sed"
      text run at (0,228) width 348: "varius turpis vitae pede. Lorem ipsum dolor"
      text run at (0,247) width 303: "sit amet, consectetuer adipiscing elit. "
      text run at (303,247) width 52: "Lorem"
      text run at (0,266) width 363: "ipsum dolor sit amet, consectetuer adipiscing"
      text run at (0,285) width 226: "elit. Nulla varius enim ac mi."
layer at (8,611) size 760x592
  RenderBlock {DIV} at (0,595) size 760x592 [border: (5px solid #800000)]
    RenderBlock (anonymous multi-column span) at (5,154) size 750x66
      RenderBlock {H2} at (0,19) size 750x28 [bgcolor=#EEEEEE]
        RenderText {#text} at (0,0) size 253x28
          text run at (0,0) width 253: "This is a first span."
    RenderBlock (anonymous multi-column span) at (5,369) size 750x66
      RenderBlock {H2} at (0,19) size 750x28 [bgcolor=#EEEEEE]
        RenderText {#text} at (0,0) size 292x28
          text run at (0,0) width 292: "This is a second span."
layer at (13,616) size 750x149
  RenderBlock (anonymous multi-column) at (5,5) size 750x149
    RenderBlock {P} at (0,16) size 367x266
      RenderText {#text} at (0,0) size 364x266
        text run at (0,0) width 336: "Lorem ipsum dolor sit amet, consectetuer"
        text run at (0,19) width 310: "adipiscing elit. Nulla varius enim ac mi."
        text run at (0,38) width 364: "Curabitur sollicitudin felis quis lectus. Quisque"
        text run at (0,57) width 336: "adipiscing rhoncus sem. Proin nulla purus,"
        text run at (0,76) width 357: "vulputate vel, varius ut, euismod et, nisi. Sed"
        text run at (0,95) width 315: "vitae felis vel orci sagittis aliquam. Cras"
        text run at (0,114) width 325: "convallis adipiscing sem. Nam nonummy"
        text run at (0,133) width 315: "enim. Nullam bibendum lobortis neque."
        text run at (0,152) width 310: "Vestibulum velit orci, tempus euismod,"
        text run at (0,171) width 359: "pretium quis, interdum vitae, nulla. Phasellus"
        text run at (0,190) width 362: "eget ante et tortor condimentum vestibulum."
        text run at (0,209) width 339: "Suspendisse hendrerit quam nec felis. Sed"
        text run at (0,228) width 348: "varius turpis vitae pede. Lorem ipsum dolor"
        text run at (0,247) width 298: "sit amet, consectetuer adipiscing elit."
layer at (13,831) size 750x149
  RenderBlock (anonymous multi-column) at (5,220) size 750x149
    RenderBlock {P} at (0,16) size 367x266
      RenderText {#text} at (0,0) size 364x266
        text run at (0,0) width 336: "Lorem ipsum dolor sit amet, consectetuer"
        text run at (0,19) width 310: "adipiscing elit. Nulla varius enim ac mi."
        text run at (0,38) width 364: "Curabitur sollicitudin felis quis lectus. Quisque"
        text run at (0,57) width 336: "adipiscing rhoncus sem. Proin nulla purus,"
        text run at (0,76) width 357: "vulputate vel, varius ut, euismod et, nisi. Sed"
        text run at (0,95) width 315: "vitae felis vel orci sagittis aliquam. Cras"
        text run at (0,114) width 325: "convallis adipiscing sem. Nam nonummy"
        text run at (0,133) width 315: "enim. Nullam bibendum lobortis neque."
        text run at (0,152) width 310: "Vestibulum velit orci, tempus euismod,"
        text run at (0,171) width 359: "pretium quis, interdum vitae, nulla. Phasellus"
        text run at (0,190) width 362: "eget ante et tortor condimentum vestibulum."
        text run at (0,209) width 339: "Suspendisse hendrerit quam nec felis. Sed"
        text run at (0,228) width 348: "varius turpis vitae pede. Lorem ipsum dolor"
        text run at (0,247) width 298: "sit amet, consectetuer adipiscing elit."
layer at (13,1046) size 750x152
  RenderBlock (anonymous multi-column) at (5,435) size 750x152
    RenderText {#text} at (0,0) size 364x304
      text run at (0,0) width 336: "Lorem ipsum dolor sit amet, consectetuer"
      text run at (0,19) width 310: "adipiscing elit. Nulla varius enim ac mi."
      text run at (0,38) width 364: "Curabitur sollicitudin felis quis lectus. Quisque"
      text run at (0,57) width 336: "adipiscing rhoncus sem. Proin nulla purus,"
      text run at (0,76) width 357: "vulputate vel, varius ut, euismod et, nisi. Sed"
      text run at (0,95) width 315: "vitae felis vel orci sagittis aliquam. Cras"
      text run at (0,114) width 325: "convallis adipiscing sem. Nam nonummy"
      text run at (0,133) width 315: "enim. Nullam bibendum lobortis neque."
      text run at (0,152) width 310: "Vestibulum velit orci, tempus euismod,"
      text run at (0,171) width 359: "pretium quis, interdum vitae, nulla. Phasellus"
      text run at (0,190) width 362: "eget ante et tortor condimentum vestibulum."
      text run at (0,209) width 339: "Suspendisse hendrerit quam nec felis. Sed"
      text run at (0,228) width 348: "varius turpis vitae pede. Lorem ipsum dolor"
      text run at (0,247) width 303: "sit amet, consectetuer adipiscing elit. "
      text run at (303,247) width 52: "Lorem"
      text run at (0,266) width 363: "ipsum dolor sit amet, consectetuer adipiscing"
      text run at (0,285) width 226: "elit. Nulla varius enim ac mi."
layer at (8,1219) size 760x576
  RenderBlock {DIV} at (0,1203) size 760x576 [border: (5px solid #800000)]
    RenderBlock (anonymous multi-column span) at (5,138) size 750x66
      RenderBlock {H2} at (0,19) size 750x28 [bgcolor=#EEEEEE]
        RenderText {#text} at (0,0) size 253x28
          text run at (0,0) width 253: "This is a first span."
    RenderBlock (anonymous multi-column span) at (5,353) size 750x66
      RenderBlock {H2} at (0,19) size 750x28 [bgcolor=#EEEEEE]
        RenderText {#text} at (0,0) size 292x28
          text run at (0,0) width 292: "This is a second span."
layer at (13,1224) size 750x133
  RenderBlock (anonymous multi-column) at (5,5) size 750x133
    RenderBlock (anonymous) at (0,0) size 367x0
      RenderInline {SPAN} at (0,0) size 0x0
        RenderText {#text} at (0,0) size 0x0
    RenderBlock (anonymous) at (0,0) size 367x266
      RenderBlock {SPAN} at (0,0) size 367x266
        RenderText {#text} at (0,0) size 364x266
          text run at (0,0) width 336: "Lorem ipsum dolor sit amet, consectetuer"
          text run at (0,19) width 310: "adipiscing elit. Nulla varius enim ac mi."
          text run at (0,38) width 364: "Curabitur sollicitudin felis quis lectus. Quisque"
          text run at (0,57) width 336: "adipiscing rhoncus sem. Proin nulla purus,"
          text run at (0,76) width 357: "vulputate vel, varius ut, euismod et, nisi. Sed"
          text run at (0,95) width 315: "vitae felis vel orci sagittis aliquam. Cras"
          text run at (0,114) width 325: "convallis adipiscing sem. Nam nonummy"
          text run at (0,133) width 315: "enim. Nullam bibendum lobortis neque."
          text run at (0,152) width 310: "Vestibulum velit orci, tempus euismod,"
          text run at (0,171) width 359: "pretium quis, interdum vitae, nulla. Phasellus"
          text run at (0,190) width 362: "eget ante et tortor condimentum vestibulum."
          text run at (0,209) width 339: "Suspendisse hendrerit quam nec felis. Sed"
          text run at (0,228) width 348: "varius turpis vitae pede. Lorem ipsum dolor"
          text run at (0,247) width 298: "sit amet, consectetuer adipiscing elit."
    RenderBlock (anonymous) at (0,266) size 367x0
      RenderInline {SPAN} at (0,0) size 0x0
      RenderText {#text} at (0,0) size 0x0
layer at (13,1423) size 750x149
  RenderBlock (anonymous multi-column) at (5,204) size 750x149
    RenderBlock {P} at (0,16) size 367x266
      RenderText {#text} at (0,0) size 364x266
        text run at (0,0) width 336: "Lorem ipsum dolor sit amet, consectetuer"
        text run at (0,19) width 310: "adipiscing elit. Nulla varius enim ac mi."
        text run at (0,38) width 364: "Curabitur sollicitudin felis quis lectus. Quisque"
        text run at (0,57) width 336: "adipiscing rhoncus sem. Proin nulla purus,"
        text run at (0,76) width 357: "vulputate vel, varius ut, euismod et, nisi. Sed"
        text run at (0,95) width 315: "vitae felis vel orci sagittis aliquam. Cras"
        text run at (0,114) width 325: "convallis adipiscing sem. Nam nonummy"
        text run at (0,133) width 315: "enim. Nullam bibendum lobortis neque."
        text run at (0,152) width 310: "Vestibulum velit orci, tempus euismod,"
        text run at (0,171) width 359: "pretium quis, interdum vitae, nulla. Phasellus"
        text run at (0,190) width 362: "eget ante et tortor condimentum vestibulum."
        text run at (0,209) width 339: "Suspendisse hendrerit quam nec felis. Sed"
        text run at (0,228) width 348: "varius turpis vitae pede. Lorem ipsum dolor"
        text run at (0,247) width 298: "sit amet, consectetuer adipiscing elit."
layer at (13,1638) size 750x152
  RenderBlock (anonymous multi-column) at (5,419) size 750x152
    RenderText {#text} at (0,0) size 364x304
      text run at (0,0) width 336: "Lorem ipsum dolor sit amet, consectetuer"
      text run at (0,19) width 310: "adipiscing elit. Nulla varius enim ac mi."
      text run at (0,38) width 364: "Curabitur sollicitudin felis quis lectus. Quisque"
      text run at (0,57) width 336: "adipiscing rhoncus sem. Proin nulla purus,"
      text run at (0,76) width 357: "vulputate vel, varius ut, euismod et, nisi. Sed"
      text run at (0,95) width 315: "vitae felis vel orci sagittis aliquam. Cras"
      text run at (0,114) width 325: "convallis adipiscing sem. Nam nonummy"
      text run at (0,133) width 315: "enim. Nullam bibendum lobortis neque."
      text run at (0,152) width 310: "Vestibulum velit orci, tempus euismod,"
      text run at (0,171) width 359: "pretium quis, interdum vitae, nulla. Phasellus"
      text run at (0,190) width 362: "eget ante et tortor condimentum vestibulum."
      text run at (0,209) width 339: "Suspendisse hendrerit quam nec felis. Sed"
      text run at (0,228) width 348: "varius turpis vitae pede. Lorem ipsum dolor"
      text run at (0,247) width 303: "sit amet, consectetuer adipiscing elit. "
      text run at (303,247) width 52: "Lorem"
      text run at (0,266) width 363: "ipsum dolor sit amet, consectetuer adipiscing"
      text run at (0,285) width 226: "elit. Nulla varius enim ac mi."
