layer at (0,0) size 980x3408
  RenderView at (0,0) size 980x735
layer at (0,0) size 980x3408
  RenderBlock {HTML} at (0,0) size 980x3408
    RenderBody {BODY} at (8,16) size 964x3376
layer at (8,16) size 760x533
  RenderBlock {DIV} at (0,0) size 760x533 [border: (5px solid #800000)]
    RenderBlock (anonymous multi-column span) at (5,24) size 750x66
      RenderBlock {H2} at (0,19) size 750x28 [bgcolor=#EEEEEE]
        RenderText {#text} at (0,0) size 366x28
          text run at (0,0) width 366: "This is a spanning element."
layer at (13,21) size 750x19
  RenderBlock (anonymous multi-column) at (5,5) size 750x19
    RenderBlock (generated) at (0,0) size 367x19 [bgcolor=#FFFF00]
      RenderText at (0,0) size 212x19
        text run at (0,0) width 212: "Before Generated Content"
layer at (13,106) size 750x438
  RenderBlock (anonymous multi-column) at (5,90) size 750x438
    RenderBlock (anonymous) at (0,0) size 367x837
      RenderText {#text} at (0,0) size 364x837
        text run at (0,0) width 336: "Lorem ipsum dolor sit amet, consectetuer"
        text run at (0,19) width 310: "adipiscing elit. Nulla varius enim ac mi."
        text run at (0,38) width 364: "Curabitur sollicitudin felis quis lectus. Quisque"
        text run at (0,57) width 336: "adipiscing rhoncus sem. Proin nulla purus,"
        text run at (0,76) width 357: "vulputate vel, varius ut, euismod et, nisi. Sed"
        text run at (0,95) width 315: "vitae felis vel orci sagittis aliquam. Cras"
        text run at (0,114) width 325: "convallis adipiscing sem. Nam nonummy"
        text run at (0,133) width 315: "enim. Nullam bibendum lobortis neque."
        text run at (0,152) width 310: "Vestibulum velit orci, tempus euismod,"
        text run at (0,171) width 359: "pretium quis, interdum vitae, nulla. Phasellus"
        text run at (0,190) width 362: "eget ante et tortor condimentum vestibulum."
        text run at (0,209) width 339: "Suspendisse hendrerit quam nec felis. Sed"
        text run at (0,228) width 348: "varius turpis vitae pede. Lorem ipsum dolor"
        text run at (0,247) width 303: "sit amet, consectetuer adipiscing elit. "
        text run at (303,247) width 52: "Lorem"
        text run at (0,266) width 363: "ipsum dolor sit amet, consectetuer adipiscing"
        text run at (0,285) width 306: "elit. Nulla varius enim ac mi. Curabitur"
        text run at (0,304) width 284: "sollicitudin felis quis lectus. Quisque"
        text run at (0,323) width 336: "adipiscing rhoncus sem. Proin nulla purus,"
        text run at (0,342) width 357: "vulputate vel, varius ut, euismod et, nisi. Sed"
        text run at (0,361) width 315: "vitae felis vel orci sagittis aliquam. Cras"
        text run at (0,380) width 325: "convallis adipiscing sem. Nam nonummy"
        text run at (0,399) width 315: "enim. Nullam bibendum lobortis neque."
        text run at (0,418) width 310: "Vestibulum velit orci, tempus euismod,"
        text run at (0,438) width 359: "pretium quis, interdum vitae, nulla. Phasellus"
        text run at (0,457) width 362: "eget ante et tortor condimentum vestibulum."
        text run at (0,476) width 339: "Suspendisse hendrerit quam nec felis. Sed"
        text run at (0,495) width 348: "varius turpis vitae pede. Lorem ipsum dolor"
        text run at (0,514) width 303: "sit amet, consectetuer adipiscing elit. "
        text run at (303,514) width 52: "Lorem"
        text run at (0,533) width 363: "ipsum dolor sit amet, consectetuer adipiscing"
        text run at (0,552) width 306: "elit. Nulla varius enim ac mi. Curabitur"
        text run at (0,571) width 284: "sollicitudin felis quis lectus. Quisque"
        text run at (0,590) width 336: "adipiscing rhoncus sem. Proin nulla purus,"
        text run at (0,609) width 357: "vulputate vel, varius ut, euismod et, nisi. Sed"
        text run at (0,628) width 315: "vitae felis vel orci sagittis aliquam. Cras"
        text run at (0,647) width 325: "convallis adipiscing sem. Nam nonummy"
        text run at (0,666) width 315: "enim. Nullam bibendum lobortis neque."
        text run at (0,685) width 310: "Vestibulum velit orci, tempus euismod,"
        text run at (0,704) width 359: "pretium quis, interdum vitae, nulla. Phasellus"
        text run at (0,723) width 362: "eget ante et tortor condimentum vestibulum."
        text run at (0,742) width 339: "Suspendisse hendrerit quam nec felis. Sed"
        text run at (0,761) width 348: "varius turpis vitae pede. Lorem ipsum dolor"
        text run at (0,780) width 303: "sit amet, consectetuer adipiscing elit. "
        text run at (303,780) width 52: "Lorem"
        text run at (0,799) width 363: "ipsum dolor sit amet, consectetuer adipiscing"
        text run at (0,818) width 226: "elit. Nulla varius enim ac mi."
    RenderBlock (generated) at (0,837) size 367x20 [bgcolor=#FFFF00]
      RenderText at (0,0) size 198x19
        text run at (0,0) width 198: "After Generated Content"
layer at (8,565) size 760x533
  RenderBlock {DIV} at (0,549) size 760x533 [border: (5px solid #800000)]
    RenderBlock (anonymous multi-column span) at (5,443) size 750x66
      RenderBlock {H2} at (0,19) size 750x28 [bgcolor=#EEEEEE]
        RenderText {#text} at (0,0) size 366x28
          text run at (0,0) width 366: "This is a spanning element."
layer at (13,570) size 750x438
  RenderBlock (anonymous multi-column) at (5,5) size 750x438
    RenderBlock (generated) at (0,0) size 367x19 [bgcolor=#FFFF00]
      RenderText at (0,0) size 212x19
        text run at (0,0) width 212: "Before Generated Content"
    RenderBlock (anonymous) at (0,19) size 367x837
      RenderText {#text} at (0,0) size 364x837
        text run at (0,0) width 336: "Lorem ipsum dolor sit amet, consectetuer"
        text run at (0,19) width 310: "adipiscing elit. Nulla varius enim ac mi."
        text run at (0,38) width 364: "Curabitur sollicitudin felis quis lectus. Quisque"
        text run at (0,57) width 336: "adipiscing rhoncus sem. Proin nulla purus,"
        text run at (0,76) width 357: "vulputate vel, varius ut, euismod et, nisi. Sed"
        text run at (0,95) width 315: "vitae felis vel orci sagittis aliquam. Cras"
        text run at (0,114) width 325: "convallis adipiscing sem. Nam nonummy"
        text run at (0,133) width 315: "enim. Nullam bibendum lobortis neque."
        text run at (0,152) width 310: "Vestibulum velit orci, tempus euismod,"
        text run at (0,171) width 359: "pretium quis, interdum vitae, nulla. Phasellus"
        text run at (0,190) width 362: "eget ante et tortor condimentum vestibulum."
        text run at (0,209) width 339: "Suspendisse hendrerit quam nec felis. Sed"
        text run at (0,228) width 348: "varius turpis vitae pede. Lorem ipsum dolor"
        text run at (0,247) width 303: "sit amet, consectetuer adipiscing elit. "
        text run at (303,247) width 52: "Lorem"
        text run at (0,266) width 363: "ipsum dolor sit amet, consectetuer adipiscing"
        text run at (0,285) width 306: "elit. Nulla varius enim ac mi. Curabitur"
        text run at (0,304) width 284: "sollicitudin felis quis lectus. Quisque"
        text run at (0,323) width 336: "adipiscing rhoncus sem. Proin nulla purus,"
        text run at (0,342) width 357: "vulputate vel, varius ut, euismod et, nisi. Sed"
        text run at (0,361) width 315: "vitae felis vel orci sagittis aliquam. Cras"
        text run at (0,380) width 325: "convallis adipiscing sem. Nam nonummy"
        text run at (0,399) width 315: "enim. Nullam bibendum lobortis neque."
        text run at (0,419) width 310: "Vestibulum velit orci, tempus euismod,"
        text run at (0,438) width 359: "pretium quis, interdum vitae, nulla. Phasellus"
        text run at (0,457) width 362: "eget ante et tortor condimentum vestibulum."
        text run at (0,476) width 339: "Suspendisse hendrerit quam nec felis. Sed"
        text run at (0,495) width 348: "varius turpis vitae pede. Lorem ipsum dolor"
        text run at (0,514) width 303: "sit amet, consectetuer adipiscing elit. "
        text run at (303,514) width 52: "Lorem"
        text run at (0,533) width 363: "ipsum dolor sit amet, consectetuer adipiscing"
        text run at (0,552) width 306: "elit. Nulla varius enim ac mi. Curabitur"
        text run at (0,571) width 284: "sollicitudin felis quis lectus. Quisque"
        text run at (0,590) width 336: "adipiscing rhoncus sem. Proin nulla purus,"
        text run at (0,609) width 357: "vulputate vel, varius ut, euismod et, nisi. Sed"
        text run at (0,628) width 315: "vitae felis vel orci sagittis aliquam. Cras"
        text run at (0,647) width 325: "convallis adipiscing sem. Nam nonummy"
        text run at (0,666) width 315: "enim. Nullam bibendum lobortis neque."
        text run at (0,685) width 310: "Vestibulum velit orci, tempus euismod,"
        text run at (0,704) width 359: "pretium quis, interdum vitae, nulla. Phasellus"
        text run at (0,723) width 362: "eget ante et tortor condimentum vestibulum."
        text run at (0,742) width 339: "Suspendisse hendrerit quam nec felis. Sed"
        text run at (0,761) width 348: "varius turpis vitae pede. Lorem ipsum dolor"
        text run at (0,780) width 303: "sit amet, consectetuer adipiscing elit. "
        text run at (303,780) width 52: "Lorem"
        text run at (0,799) width 363: "ipsum dolor sit amet, consectetuer adipiscing"
        text run at (0,818) width 226: "elit. Nulla varius enim ac mi."
layer at (13,1074) size 750x19
  RenderBlock (anonymous multi-column) at (5,509) size 750x19
    RenderBlock (generated) at (0,0) size 367x20 [bgcolor=#FFFF00]
      RenderText at (0,0) size 198x19
        text run at (0,0) width 198: "After Generated Content"
layer at (8,1114) size 760x565
  RenderBlock {DIV} at (0,1098) size 760x565 [border: (5px solid #800000)]
    RenderBlock (anonymous multi-column span) at (5,192) size 750x66
      RenderBlock {H2} at (0,19) size 750x28 [bgcolor=#EEEEEE]
        RenderText {#text} at (0,0) size 366x28
          text run at (0,0) width 366: "This is a spanning element."
layer at (13,1119) size 750x187
  RenderBlock (anonymous multi-column) at (5,5) size 750x187
    RenderBlock (generated) at (0,0) size 367x19 [bgcolor=#FFFF00]
      RenderText at (0,0) size 212x19
        text run at (0,0) width 212: "Before Generated Content"
    RenderBlock {P} at (0,35) size 367x304
      RenderText {#text} at (0,0) size 364x304
        text run at (0,0) width 336: "Lorem ipsum dolor sit amet, consectetuer"
        text run at (0,19) width 310: "adipiscing elit. Nulla varius enim ac mi."
        text run at (0,38) width 364: "Curabitur sollicitudin felis quis lectus. Quisque"
        text run at (0,57) width 336: "adipiscing rhoncus sem. Proin nulla purus,"
        text run at (0,76) width 357: "vulputate vel, varius ut, euismod et, nisi. Sed"
        text run at (0,95) width 315: "vitae felis vel orci sagittis aliquam. Cras"
        text run at (0,114) width 325: "convallis adipiscing sem. Nam nonummy"
        text run at (0,133) width 315: "enim. Nullam bibendum lobortis neque."
        text run at (0,152) width 310: "Vestibulum velit orci, tempus euismod,"
        text run at (0,171) width 359: "pretium quis, interdum vitae, nulla. Phasellus"
        text run at (0,190) width 362: "eget ante et tortor condimentum vestibulum."
        text run at (0,209) width 339: "Suspendisse hendrerit quam nec felis. Sed"
        text run at (0,228) width 348: "varius turpis vitae pede. Lorem ipsum dolor"
        text run at (0,247) width 303: "sit amet, consectetuer adipiscing elit. "
        text run at (303,247) width 52: "Lorem"
        text run at (0,266) width 363: "ipsum dolor sit amet, consectetuer adipiscing"
        text run at (0,285) width 226: "elit. Nulla varius enim ac mi."
layer at (13,1372) size 750x302
  RenderBlock (anonymous multi-column) at (5,258) size 750x302
    RenderBlock {P} at (0,16) size 367x533
      RenderText {#text} at (0,0) size 364x533
        text run at (0,0) width 336: "Lorem ipsum dolor sit amet, consectetuer"
        text run at (0,19) width 310: "adipiscing elit. Nulla varius enim ac mi."
        text run at (0,38) width 364: "Curabitur sollicitudin felis quis lectus. Quisque"
        text run at (0,57) width 336: "adipiscing rhoncus sem. Proin nulla purus,"
        text run at (0,76) width 357: "vulputate vel, varius ut, euismod et, nisi. Sed"
        text run at (0,95) width 315: "vitae felis vel orci sagittis aliquam. Cras"
        text run at (0,114) width 325: "convallis adipiscing sem. Nam nonummy"
        text run at (0,133) width 315: "enim. Nullam bibendum lobortis neque."
        text run at (0,152) width 310: "Vestibulum velit orci, tempus euismod,"
        text run at (0,171) width 359: "pretium quis, interdum vitae, nulla. Phasellus"
        text run at (0,190) width 362: "eget ante et tortor condimentum vestibulum."
        text run at (0,209) width 339: "Suspendisse hendrerit quam nec felis. Sed"
        text run at (0,228) width 348: "varius turpis vitae pede. Lorem ipsum dolor"
        text run at (0,247) width 303: "sit amet, consectetuer adipiscing elit. "
        text run at (303,247) width 52: "Lorem"
        text run at (0,266) width 363: "ipsum dolor sit amet, consectetuer adipiscing"
        text run at (0,286) width 306: "elit. Nulla varius enim ac mi. Curabitur"
        text run at (0,305) width 284: "sollicitudin felis quis lectus. Quisque"
        text run at (0,324) width 336: "adipiscing rhoncus sem. Proin nulla purus,"
        text run at (0,343) width 357: "vulputate vel, varius ut, euismod et, nisi. Sed"
        text run at (0,362) width 315: "vitae felis vel orci sagittis aliquam. Cras"
        text run at (0,381) width 325: "convallis adipiscing sem. Nam nonummy"
        text run at (0,400) width 315: "enim. Nullam bibendum lobortis neque."
        text run at (0,419) width 310: "Vestibulum velit orci, tempus euismod,"
        text run at (0,438) width 359: "pretium quis, interdum vitae, nulla. Phasellus"
        text run at (0,457) width 362: "eget ante et tortor condimentum vestibulum."
        text run at (0,476) width 339: "Suspendisse hendrerit quam nec felis. Sed"
        text run at (0,495) width 348: "varius turpis vitae pede. Lorem ipsum dolor"
        text run at (0,514) width 298: "sit amet, consectetuer adipiscing elit."
    RenderBlock (generated) at (0,565) size 367x20 [bgcolor=#FFFF00]
      RenderText at (0,0) size 198x19
        text run at (0,0) width 198: "After Generated Content"
layer at (8,1695) size 760x550
  RenderBlock {DIV} at (0,1679) size 760x550 [border: (5px solid #800000)]
    RenderBlock (anonymous multi-column span) at (5,177) size 750x66
      RenderBlock {H2} at (0,19) size 750x28 [bgcolor=#EEEEEE]
        RenderText {#text} at (0,0) size 366x28
          text run at (0,0) width 366: "This is a spanning element."
layer at (13,1700) size 750x172
  RenderBlock (anonymous multi-column) at (5,5) size 750x172
    RenderBlock (generated) at (0,0) size 367x19 [bgcolor=#FFFF00]
      RenderText at (0,0) size 212x19
        text run at (0,0) width 212: "Before Generated Content"
    RenderBlock (anonymous) at (0,19) size 367x305
      RenderText {#text} at (0,0) size 364x305
        text run at (0,0) width 336: "Lorem ipsum dolor sit amet, consectetuer"
        text run at (0,19) width 310: "adipiscing elit. Nulla varius enim ac mi."
        text run at (0,38) width 364: "Curabitur sollicitudin felis quis lectus. Quisque"
        text run at (0,57) width 336: "adipiscing rhoncus sem. Proin nulla purus,"
        text run at (0,76) width 357: "vulputate vel, varius ut, euismod et, nisi. Sed"
        text run at (0,95) width 315: "vitae felis vel orci sagittis aliquam. Cras"
        text run at (0,114) width 325: "convallis adipiscing sem. Nam nonummy"
        text run at (0,133) width 315: "enim. Nullam bibendum lobortis neque."
        text run at (0,153) width 310: "Vestibulum velit orci, tempus euismod,"
        text run at (0,172) width 359: "pretium quis, interdum vitae, nulla. Phasellus"
        text run at (0,191) width 362: "eget ante et tortor condimentum vestibulum."
        text run at (0,210) width 339: "Suspendisse hendrerit quam nec felis. Sed"
        text run at (0,229) width 348: "varius turpis vitae pede. Lorem ipsum dolor"
        text run at (0,248) width 303: "sit amet, consectetuer adipiscing elit. "
        text run at (303,248) width 52: "Lorem"
        text run at (0,267) width 363: "ipsum dolor sit amet, consectetuer adipiscing"
        text run at (0,286) width 226: "elit. Nulla varius enim ac mi."
layer at (13,1938) size 750x302
  RenderBlock (anonymous multi-column) at (5,243) size 750x302
    RenderBlock (anonymous) at (0,0) size 367x266
      RenderInline {SPAN} at (0,0) size 52x19
        RenderText {#text} at (0,0) size 52x19
          text run at (0,0) width 52: "Lorem"
      RenderText {#text} at (52,0) size 364x266
        text run at (52,0) width 284: " ipsum dolor sit amet, consectetuer"
        text run at (0,19) width 310: "adipiscing elit. Nulla varius enim ac mi."
        text run at (0,38) width 364: "Curabitur sollicitudin felis quis lectus. Quisque"
        text run at (0,57) width 336: "adipiscing rhoncus sem. Proin nulla purus,"
        text run at (0,76) width 357: "vulputate vel, varius ut, euismod et, nisi. Sed"
        text run at (0,95) width 315: "vitae felis vel orci sagittis aliquam. Cras"
        text run at (0,114) width 325: "convallis adipiscing sem. Nam nonummy"
        text run at (0,133) width 315: "enim. Nullam bibendum lobortis neque."
        text run at (0,152) width 310: "Vestibulum velit orci, tempus euismod,"
        text run at (0,171) width 359: "pretium quis, interdum vitae, nulla. Phasellus"
        text run at (0,190) width 362: "eget ante et tortor condimentum vestibulum."
        text run at (0,209) width 339: "Suspendisse hendrerit quam nec felis. Sed"
        text run at (0,228) width 348: "varius turpis vitae pede. Lorem ipsum dolor"
        text run at (0,247) width 298: "sit amet, consectetuer adipiscing elit."
    RenderBlock {P} at (0,282) size 367x267
      RenderText {#text} at (0,0) size 364x267
        text run at (0,0) width 336: "Lorem ipsum dolor sit amet, consectetuer"
        text run at (0,20) width 310: "adipiscing elit. Nulla varius enim ac mi."
        text run at (0,39) width 364: "Curabitur sollicitudin felis quis lectus. Quisque"
        text run at (0,58) width 336: "adipiscing rhoncus sem. Proin nulla purus,"
        text run at (0,77) width 357: "vulputate vel, varius ut, euismod et, nisi. Sed"
        text run at (0,96) width 315: "vitae felis vel orci sagittis aliquam. Cras"
        text run at (0,115) width 325: "convallis adipiscing sem. Nam nonummy"
        text run at (0,134) width 315: "enim. Nullam bibendum lobortis neque."
        text run at (0,153) width 310: "Vestibulum velit orci, tempus euismod,"
        text run at (0,172) width 359: "pretium quis, interdum vitae, nulla. Phasellus"
        text run at (0,191) width 362: "eget ante et tortor condimentum vestibulum."
        text run at (0,210) width 339: "Suspendisse hendrerit quam nec felis. Sed"
        text run at (0,229) width 348: "varius turpis vitae pede. Lorem ipsum dolor"
        text run at (0,248) width 298: "sit amet, consectetuer adipiscing elit."
    RenderBlock (generated) at (0,565) size 367x20 [bgcolor=#FFFF00]
      RenderText at (0,0) size 198x19
        text run at (0,0) width 198: "After Generated Content"
layer at (8,2261) size 760x550
  RenderBlock {DIV} at (0,2245) size 760x550 [border: (5px solid #800000)]
    RenderBlock (anonymous multi-column span) at (5,310) size 750x66
      RenderBlock {H2} at (0,19) size 750x28 [bgcolor=#EEEEEE]
        RenderText {#text} at (0,0) size 366x28
          text run at (0,0) width 366: "This is a spanning element."
layer at (13,2266) size 750x305
  RenderBlock (anonymous multi-column) at (5,5) size 750x305
    RenderBlock (generated) at (0,0) size 367x19 [bgcolor=#FFFF00]
      RenderText at (0,0) size 212x19
        text run at (0,0) width 212: "Before Generated Content"
    RenderBlock (anonymous) at (0,19) size 367x266
      RenderInline {SPAN} at (0,0) size 364x266
        RenderText {#text} at (0,0) size 364x266
          text run at (0,0) width 336: "Lorem ipsum dolor sit amet, consectetuer"
          text run at (0,19) width 310: "adipiscing elit. Nulla varius enim ac mi."
          text run at (0,38) width 364: "Curabitur sollicitudin felis quis lectus. Quisque"
          text run at (0,57) width 336: "adipiscing rhoncus sem. Proin nulla purus,"
          text run at (0,76) width 357: "vulputate vel, varius ut, euismod et, nisi. Sed"
          text run at (0,95) width 315: "vitae felis vel orci sagittis aliquam. Cras"
          text run at (0,114) width 325: "convallis adipiscing sem. Nam nonummy"
          text run at (0,133) width 315: "enim. Nullam bibendum lobortis neque."
          text run at (0,152) width 310: "Vestibulum velit orci, tempus euismod,"
          text run at (0,171) width 359: "pretium quis, interdum vitae, nulla. Phasellus"
          text run at (0,190) width 362: "eget ante et tortor condimentum vestibulum."
          text run at (0,209) width 339: "Suspendisse hendrerit quam nec felis. Sed"
          text run at (0,228) width 348: "varius turpis vitae pede. Lorem ipsum dolor"
          text run at (0,247) width 298: "sit amet, consectetuer adipiscing elit."
    RenderBlock (anonymous) at (0,285) size 367x39
      RenderBlock {SPAN} at (0,0) size 367x39
        RenderText {#text} at (0,0) size 336x39
          text run at (0,0) width 336: "Lorem ipsum dolor sit amet, consectetuer"
          text run at (0,20) width 310: "adipiscing elit. Nulla varius enim ac mi."
    RenderBlock (anonymous) at (0,324) size 367x266
      RenderInline {SPAN} at (0,0) size 52x19
        RenderText {#text} at (0,0) size 52x19
          text run at (0,0) width 52: "Lorem"
      RenderText {#text} at (52,0) size 364x266
        text run at (52,0) width 284: " ipsum dolor sit amet, consectetuer"
        text run at (0,19) width 310: "adipiscing elit. Nulla varius enim ac mi."
        text run at (0,38) width 364: "Curabitur sollicitudin felis quis lectus. Quisque"
        text run at (0,57) width 336: "adipiscing rhoncus sem. Proin nulla purus,"
        text run at (0,76) width 357: "vulputate vel, varius ut, euismod et, nisi. Sed"
        text run at (0,95) width 315: "vitae felis vel orci sagittis aliquam. Cras"
        text run at (0,114) width 325: "convallis adipiscing sem. Nam nonummy"
        text run at (0,133) width 315: "enim. Nullam bibendum lobortis neque."
        text run at (0,152) width 310: "Vestibulum velit orci, tempus euismod,"
        text run at (0,171) width 359: "pretium quis, interdum vitae, nulla. Phasellus"
        text run at (0,190) width 362: "eget ante et tortor condimentum vestibulum."
        text run at (0,209) width 339: "Suspendisse hendrerit quam nec felis. Sed"
        text run at (0,228) width 348: "varius turpis vitae pede. Lorem ipsum dolor"
        text run at (0,247) width 298: "sit amet, consectetuer adipiscing elit."
layer at (13,2637) size 750x169
  RenderBlock (anonymous multi-column) at (5,376) size 750x169
    RenderBlock {P} at (0,16) size 367x267
      RenderText {#text} at (0,0) size 364x267
        text run at (0,0) width 336: "Lorem ipsum dolor sit amet, consectetuer"
        text run at (0,19) width 310: "adipiscing elit. Nulla varius enim ac mi."
        text run at (0,38) width 364: "Curabitur sollicitudin felis quis lectus. Quisque"
        text run at (0,57) width 336: "adipiscing rhoncus sem. Proin nulla purus,"
        text run at (0,76) width 357: "vulputate vel, varius ut, euismod et, nisi. Sed"
        text run at (0,95) width 315: "vitae felis vel orci sagittis aliquam. Cras"
        text run at (0,114) width 325: "convallis adipiscing sem. Nam nonummy"
        text run at (0,133) width 315: "enim. Nullam bibendum lobortis neque."
        text run at (0,153) width 310: "Vestibulum velit orci, tempus euismod,"
        text run at (0,172) width 359: "pretium quis, interdum vitae, nulla. Phasellus"
        text run at (0,191) width 362: "eget ante et tortor condimentum vestibulum."
        text run at (0,210) width 339: "Suspendisse hendrerit quam nec felis. Sed"
        text run at (0,229) width 348: "varius turpis vitae pede. Lorem ipsum dolor"
        text run at (0,248) width 298: "sit amet, consectetuer adipiscing elit."
    RenderBlock (generated) at (0,299) size 367x20 [bgcolor=#FFFF00]
      RenderText at (0,0) size 198x19
        text run at (0,0) width 198: "After Generated Content"
layer at (8,2827) size 760x565
  RenderBlock {DIV} at (0,2811) size 760x565 [border: (5px solid #800000)]
    RenderBlock (anonymous multi-column span) at (5,341) size 750x66
      RenderBlock {H2} at (0,19) size 750x28 [bgcolor=#EEEEEE]
        RenderText {#text} at (0,0) size 366x28
          text run at (0,0) width 366: "This is a spanning element."
layer at (13,2832) size 750x336
  RenderBlock (anonymous multi-column) at (5,5) size 750x336
    RenderBlock (generated) at (0,0) size 367x19 [bgcolor=#FFFF00]
      RenderText at (0,0) size 212x19
        text run at (0,0) width 212: "Before Generated Content"
    RenderBlock {P} at (0,35) size 367x266
      RenderText {#text} at (0,0) size 364x266
        text run at (0,0) width 336: "Lorem ipsum dolor sit amet, consectetuer"
        text run at (0,19) width 310: "adipiscing elit. Nulla varius enim ac mi."
        text run at (0,38) width 364: "Curabitur sollicitudin felis quis lectus. Quisque"
        text run at (0,57) width 336: "adipiscing rhoncus sem. Proin nulla purus,"
        text run at (0,76) width 357: "vulputate vel, varius ut, euismod et, nisi. Sed"
        text run at (0,95) width 315: "vitae felis vel orci sagittis aliquam. Cras"
        text run at (0,114) width 325: "convallis adipiscing sem. Nam nonummy"
        text run at (0,133) width 315: "enim. Nullam bibendum lobortis neque."
        text run at (0,152) width 310: "Vestibulum velit orci, tempus euismod,"
        text run at (0,171) width 359: "pretium quis, interdum vitae, nulla. Phasellus"
        text run at (0,190) width 362: "eget ante et tortor condimentum vestibulum."
        text run at (0,209) width 339: "Suspendisse hendrerit quam nec felis. Sed"
        text run at (0,228) width 348: "varius turpis vitae pede. Lorem ipsum dolor"
        text run at (0,247) width 298: "sit amet, consectetuer adipiscing elit."
    RenderBlock {P} at (0,317) size 367x38
      RenderText {#text} at (0,0) size 336x38
        text run at (0,0) width 336: "Lorem ipsum dolor sit amet, consectetuer"
        text run at (0,19) width 310: "adipiscing elit. Nulla varius enim ac mi."
    RenderBlock {P} at (0,371) size 367x266
      RenderText {#text} at (0,0) size 364x266
        text run at (0,0) width 336: "Lorem ipsum dolor sit amet, consectetuer"
        text run at (0,19) width 310: "adipiscing elit. Nulla varius enim ac mi."
        text run at (0,38) width 364: "Curabitur sollicitudin felis quis lectus. Quisque"
        text run at (0,57) width 336: "adipiscing rhoncus sem. Proin nulla purus,"
        text run at (0,76) width 357: "vulputate vel, varius ut, euismod et, nisi. Sed"
        text run at (0,95) width 315: "vitae felis vel orci sagittis aliquam. Cras"
        text run at (0,114) width 325: "convallis adipiscing sem. Nam nonummy"
        text run at (0,133) width 315: "enim. Nullam bibendum lobortis neque."
        text run at (0,152) width 310: "Vestibulum velit orci, tempus euismod,"
        text run at (0,171) width 359: "pretium quis, interdum vitae, nulla. Phasellus"
        text run at (0,190) width 362: "eget ante et tortor condimentum vestibulum."
        text run at (0,209) width 339: "Suspendisse hendrerit quam nec felis. Sed"
        text run at (0,228) width 348: "varius turpis vitae pede. Lorem ipsum dolor"
        text run at (0,247) width 298: "sit amet, consectetuer adipiscing elit."
layer at (13,3234) size 750x153
  RenderBlock (anonymous multi-column) at (5,407) size 750x153
    RenderBlock (anonymous) at (0,0) size 367x38
      RenderInline {SPAN} at (0,0) size 336x38
        RenderText {#text} at (0,0) size 336x38
          text run at (0,0) width 336: "Lorem ipsum dolor sit amet, consectetuer"
          text run at (0,19) width 113: "adipiscing elit."
    RenderBlock (anonymous) at (0,38) size 367x19
      RenderBlock {SPAN} at (0,0) size 367x19
        RenderText {#text} at (0,0) size 192x19
          text run at (0,0) width 192: "Nulla varius enim ac mi."
    RenderBlock (anonymous) at (0,57) size 367x229
      RenderInline {SPAN} at (0,0) size 364x229
        RenderText {#text} at (0,0) size 364x229
          text run at (0,0) width 364: "Curabitur sollicitudin felis quis lectus. Quisque"
          text run at (0,19) width 336: "adipiscing rhoncus sem. Proin nulla purus,"
          text run at (0,38) width 357: "vulputate vel, varius ut, euismod et, nisi. Sed"
          text run at (0,57) width 315: "vitae felis vel orci sagittis aliquam. Cras"
          text run at (0,76) width 325: "convallis adipiscing sem. Nam nonummy"
          text run at (0,96) width 315: "enim. Nullam bibendum lobortis neque."
          text run at (0,115) width 310: "Vestibulum velit orci, tempus euismod,"
          text run at (0,134) width 359: "pretium quis, interdum vitae, nulla. Phasellus"
          text run at (0,153) width 362: "eget ante et tortor condimentum vestibulum."
          text run at (0,172) width 339: "Suspendisse hendrerit quam nec felis. Sed"
          text run at (0,191) width 348: "varius turpis vitae pede. Lorem ipsum dolor"
          text run at (0,210) width 298: "sit amet, consectetuer adipiscing elit."
      RenderText {#text} at (0,0) size 0x0
    RenderBlock (generated) at (0,286) size 367x20 [bgcolor=#FFFF00]
      RenderText at (0,0) size 198x19
        text run at (0,0) width 198: "After Generated Content"
