layer at (0,0) size 980x4316
  RenderView at (0,0) size 980x735
layer at (0,0) size 980x4316
  RenderBlock {HTML} at (0,0) size 980x4316
    RenderBody {BODY} at (8,16) size 964x4284
layer at (8,16) size 760x522
  RenderBlock {DIV} at (0,0) size 760x522 [border: (5px solid #800000)]
    RenderBlock (anonymous multi-column span) at (5,5) size 750x94
      RenderBlock {H2} at (0,19) size 750x56 [bgcolor=#EEEEEE]
        RenderText {#text} at (0,0) size 672x56
          text run at (0,0) width 672: "This is a spanning element at the beginning of the"
          text run at (0,28) width 199: "columns block."
layer at (13,115) size 750x418
  RenderBlock (anonymous multi-column) at (5,99) size 750x418
    RenderText {#text} at (0,0) size 364x836
      text run at (0,0) width 336: "Lorem ipsum dolor sit amet, consectetuer"
      text run at (0,19) width 310: "adipiscing elit. Nulla varius enim ac mi."
      text run at (0,38) width 364: "Curabitur sollicitudin felis quis lectus. Quisque"
      text run at (0,57) width 336: "adipiscing rhoncus sem. Proin nulla purus,"
      text run at (0,76) width 357: "vulputate vel, varius ut, euismod et, nisi. Sed"
      text run at (0,95) width 315: "vitae felis vel orci sagittis aliquam. Cras"
      text run at (0,114) width 325: "convallis adipiscing sem. Nam nonummy"
      text run at (0,133) width 315: "enim. Nullam bibendum lobortis neque."
      text run at (0,152) width 310: "Vestibulum velit orci, tempus euismod,"
      text run at (0,171) width 359: "pretium quis, interdum vitae, nulla. Phasellus"
      text run at (0,190) width 362: "eget ante et tortor condimentum vestibulum."
      text run at (0,209) width 339: "Suspendisse hendrerit quam nec felis. Sed"
      text run at (0,228) width 348: "varius turpis vitae pede. Lorem ipsum dolor"
      text run at (0,247) width 303: "sit amet, consectetuer adipiscing elit. "
      text run at (303,247) width 52: "Lorem"
      text run at (0,266) width 363: "ipsum dolor sit amet, consectetuer adipiscing"
      text run at (0,285) width 306: "elit. Nulla varius enim ac mi. Curabitur"
      text run at (0,304) width 284: "sollicitudin felis quis lectus. Quisque"
      text run at (0,323) width 336: "adipiscing rhoncus sem. Proin nulla purus,"
      text run at (0,342) width 357: "vulputate vel, varius ut, euismod et, nisi. Sed"
      text run at (0,361) width 315: "vitae felis vel orci sagittis aliquam. Cras"
      text run at (0,380) width 325: "convallis adipiscing sem. Nam nonummy"
      text run at (0,399) width 315: "enim. Nullam bibendum lobortis neque."
      text run at (0,418) width 310: "Vestibulum velit orci, tempus euismod,"
      text run at (0,437) width 359: "pretium quis, interdum vitae, nulla. Phasellus"
      text run at (0,456) width 362: "eget ante et tortor condimentum vestibulum."
      text run at (0,475) width 339: "Suspendisse hendrerit quam nec felis. Sed"
      text run at (0,494) width 348: "varius turpis vitae pede. Lorem ipsum dolor"
      text run at (0,513) width 303: "sit amet, consectetuer adipiscing elit. "
      text run at (303,513) width 52: "Lorem"
      text run at (0,532) width 363: "ipsum dolor sit amet, consectetuer adipiscing"
      text run at (0,551) width 306: "elit. Nulla varius enim ac mi. Curabitur"
      text run at (0,570) width 284: "sollicitudin felis quis lectus. Quisque"
      text run at (0,589) width 336: "adipiscing rhoncus sem. Proin nulla purus,"
      text run at (0,608) width 357: "vulputate vel, varius ut, euismod et, nisi. Sed"
      text run at (0,627) width 315: "vitae felis vel orci sagittis aliquam. Cras"
      text run at (0,646) width 325: "convallis adipiscing sem. Nam nonummy"
      text run at (0,665) width 315: "enim. Nullam bibendum lobortis neque."
      text run at (0,684) width 310: "Vestibulum velit orci, tempus euismod,"
      text run at (0,703) width 359: "pretium quis, interdum vitae, nulla. Phasellus"
      text run at (0,722) width 362: "eget ante et tortor condimentum vestibulum."
      text run at (0,741) width 339: "Suspendisse hendrerit quam nec felis. Sed"
      text run at (0,760) width 348: "varius turpis vitae pede. Lorem ipsum dolor"
      text run at (0,779) width 303: "sit amet, consectetuer adipiscing elit. "
      text run at (303,779) width 52: "Lorem"
      text run at (0,798) width 363: "ipsum dolor sit amet, consectetuer adipiscing"
      text run at (0,817) width 226: "elit. Nulla varius enim ac mi."
layer at (8,554) size 760x522
  RenderBlock {DIV} at (0,538) size 760x522 [border: (5px solid #800000)]
    RenderBlock (anonymous multi-column span) at (5,423) size 750x94
      RenderBlock {H2} at (0,19) size 750x56 [bgcolor=#EEEEEE]
        RenderText {#text} at (0,0) size 707x56
          text run at (0,0) width 707: "This is a spanning element at the end of the columns"
          text run at (0,28) width 80: "block."
layer at (13,559) size 750x418
  RenderBlock (anonymous multi-column) at (5,5) size 750x418
    RenderText {#text} at (0,0) size 364x836
      text run at (0,0) width 336: "Lorem ipsum dolor sit amet, consectetuer"
      text run at (0,19) width 310: "adipiscing elit. Nulla varius enim ac mi."
      text run at (0,38) width 364: "Curabitur sollicitudin felis quis lectus. Quisque"
      text run at (0,57) width 336: "adipiscing rhoncus sem. Proin nulla purus,"
      text run at (0,76) width 357: "vulputate vel, varius ut, euismod et, nisi. Sed"
      text run at (0,95) width 315: "vitae felis vel orci sagittis aliquam. Cras"
      text run at (0,114) width 325: "convallis adipiscing sem. Nam nonummy"
      text run at (0,133) width 315: "enim. Nullam bibendum lobortis neque."
      text run at (0,152) width 310: "Vestibulum velit orci, tempus euismod,"
      text run at (0,171) width 359: "pretium quis, interdum vitae, nulla. Phasellus"
      text run at (0,190) width 362: "eget ante et tortor condimentum vestibulum."
      text run at (0,209) width 339: "Suspendisse hendrerit quam nec felis. Sed"
      text run at (0,228) width 348: "varius turpis vitae pede. Lorem ipsum dolor"
      text run at (0,247) width 303: "sit amet, consectetuer adipiscing elit. "
      text run at (303,247) width 52: "Lorem"
      text run at (0,266) width 363: "ipsum dolor sit amet, consectetuer adipiscing"
      text run at (0,285) width 306: "elit. Nulla varius enim ac mi. Curabitur"
      text run at (0,304) width 284: "sollicitudin felis quis lectus. Quisque"
      text run at (0,323) width 336: "adipiscing rhoncus sem. Proin nulla purus,"
      text run at (0,342) width 357: "vulputate vel, varius ut, euismod et, nisi. Sed"
      text run at (0,361) width 315: "vitae felis vel orci sagittis aliquam. Cras"
      text run at (0,380) width 325: "convallis adipiscing sem. Nam nonummy"
      text run at (0,399) width 315: "enim. Nullam bibendum lobortis neque."
      text run at (0,418) width 310: "Vestibulum velit orci, tempus euismod,"
      text run at (0,437) width 359: "pretium quis, interdum vitae, nulla. Phasellus"
      text run at (0,456) width 362: "eget ante et tortor condimentum vestibulum."
      text run at (0,475) width 339: "Suspendisse hendrerit quam nec felis. Sed"
      text run at (0,494) width 348: "varius turpis vitae pede. Lorem ipsum dolor"
      text run at (0,513) width 303: "sit amet, consectetuer adipiscing elit. "
      text run at (303,513) width 52: "Lorem"
      text run at (0,532) width 363: "ipsum dolor sit amet, consectetuer adipiscing"
      text run at (0,551) width 306: "elit. Nulla varius enim ac mi. Curabitur"
      text run at (0,570) width 284: "sollicitudin felis quis lectus. Quisque"
      text run at (0,589) width 336: "adipiscing rhoncus sem. Proin nulla purus,"
      text run at (0,608) width 357: "vulputate vel, varius ut, euismod et, nisi. Sed"
      text run at (0,627) width 315: "vitae felis vel orci sagittis aliquam. Cras"
      text run at (0,646) width 325: "convallis adipiscing sem. Nam nonummy"
      text run at (0,665) width 315: "enim. Nullam bibendum lobortis neque."
      text run at (0,684) width 310: "Vestibulum velit orci, tempus euismod,"
      text run at (0,703) width 359: "pretium quis, interdum vitae, nulla. Phasellus"
      text run at (0,722) width 362: "eget ante et tortor condimentum vestibulum."
      text run at (0,741) width 339: "Suspendisse hendrerit quam nec felis. Sed"
      text run at (0,760) width 348: "varius turpis vitae pede. Lorem ipsum dolor"
      text run at (0,779) width 303: "sit amet, consectetuer adipiscing elit. "
      text run at (303,779) width 52: "Lorem"
      text run at (0,798) width 363: "ipsum dolor sit amet, consectetuer adipiscing"
      text run at (0,817) width 226: "elit. Nulla varius enim ac mi."
layer at (8,1092) size 760x522
  RenderBlock {DIV} at (0,1076) size 760x522 [border: (5px solid #800000)]
    RenderBlock (anonymous multi-column span) at (5,157) size 750x94
      RenderBlock {H2} at (0,19) size 750x56 [bgcolor=#EEEEEE]
        RenderText {#text} at (0,0) size 746x56
          text run at (0,0) width 746: "This is a spanning element in the middle of the columns"
          text run at (0,28) width 80: "block."
layer at (13,1097) size 750x152
  RenderBlock (anonymous multi-column) at (5,5) size 750x152
    RenderText {#text} at (0,0) size 364x304
      text run at (0,0) width 336: "Lorem ipsum dolor sit amet, consectetuer"
      text run at (0,19) width 310: "adipiscing elit. Nulla varius enim ac mi."
      text run at (0,38) width 364: "Curabitur sollicitudin felis quis lectus. Quisque"
      text run at (0,57) width 336: "adipiscing rhoncus sem. Proin nulla purus,"
      text run at (0,76) width 357: "vulputate vel, varius ut, euismod et, nisi. Sed"
      text run at (0,95) width 315: "vitae felis vel orci sagittis aliquam. Cras"
      text run at (0,114) width 325: "convallis adipiscing sem. Nam nonummy"
      text run at (0,133) width 315: "enim. Nullam bibendum lobortis neque."
      text run at (0,152) width 310: "Vestibulum velit orci, tempus euismod,"
      text run at (0,171) width 359: "pretium quis, interdum vitae, nulla. Phasellus"
      text run at (0,190) width 362: "eget ante et tortor condimentum vestibulum."
      text run at (0,209) width 339: "Suspendisse hendrerit quam nec felis. Sed"
      text run at (0,228) width 348: "varius turpis vitae pede. Lorem ipsum dolor"
      text run at (0,247) width 303: "sit amet, consectetuer adipiscing elit. "
      text run at (303,247) width 52: "Lorem"
      text run at (0,266) width 363: "ipsum dolor sit amet, consectetuer adipiscing"
      text run at (0,285) width 226: "elit. Nulla varius enim ac mi."
layer at (13,1343) size 750x266
  RenderBlock (anonymous multi-column) at (5,251) size 750x266
    RenderText {#text} at (0,0) size 364x532
      text run at (0,0) width 336: "Lorem ipsum dolor sit amet, consectetuer"
      text run at (0,19) width 310: "adipiscing elit. Nulla varius enim ac mi."
      text run at (0,38) width 364: "Curabitur sollicitudin felis quis lectus. Quisque"
      text run at (0,57) width 336: "adipiscing rhoncus sem. Proin nulla purus,"
      text run at (0,76) width 357: "vulputate vel, varius ut, euismod et, nisi. Sed"
      text run at (0,95) width 315: "vitae felis vel orci sagittis aliquam. Cras"
      text run at (0,114) width 325: "convallis adipiscing sem. Nam nonummy"
      text run at (0,133) width 315: "enim. Nullam bibendum lobortis neque."
      text run at (0,152) width 310: "Vestibulum velit orci, tempus euismod,"
      text run at (0,171) width 359: "pretium quis, interdum vitae, nulla. Phasellus"
      text run at (0,190) width 362: "eget ante et tortor condimentum vestibulum."
      text run at (0,209) width 339: "Suspendisse hendrerit quam nec felis. Sed"
      text run at (0,228) width 348: "varius turpis vitae pede. Lorem ipsum dolor"
      text run at (0,247) width 303: "sit amet, consectetuer adipiscing elit. "
      text run at (303,247) width 52: "Lorem"
      text run at (0,266) width 363: "ipsum dolor sit amet, consectetuer adipiscing"
      text run at (0,285) width 306: "elit. Nulla varius enim ac mi. Curabitur"
      text run at (0,304) width 284: "sollicitudin felis quis lectus. Quisque"
      text run at (0,323) width 336: "adipiscing rhoncus sem. Proin nulla purus,"
      text run at (0,342) width 357: "vulputate vel, varius ut, euismod et, nisi. Sed"
      text run at (0,361) width 315: "vitae felis vel orci sagittis aliquam. Cras"
      text run at (0,380) width 325: "convallis adipiscing sem. Nam nonummy"
      text run at (0,399) width 315: "enim. Nullam bibendum lobortis neque."
      text run at (0,418) width 310: "Vestibulum velit orci, tempus euismod,"
      text run at (0,437) width 359: "pretium quis, interdum vitae, nulla. Phasellus"
      text run at (0,456) width 362: "eget ante et tortor condimentum vestibulum."
      text run at (0,475) width 339: "Suspendisse hendrerit quam nec felis. Sed"
      text run at (0,494) width 348: "varius turpis vitae pede. Lorem ipsum dolor"
      text run at (0,513) width 298: "sit amet, consectetuer adipiscing elit."
layer at (8,1630) size 760x489
  RenderBlock {DIV} at (0,1614) size 760x489 [border: (5px solid #800000)]
    RenderText {#text} at (5,5) size 364x311
      text run at (5,5) width 336: "Lorem ipsum dolor sit amet, consectetuer"
      text run at (5,24) width 310: "adipiscing elit. Nulla varius enim ac mi."
      text run at (5,43) width 364: "Curabitur sollicitudin felis quis lectus. Quisque"
      text run at (5,62) width 336: "adipiscing rhoncus sem. Proin nulla purus,"
      text run at (5,81) width 357: "vulputate vel, varius ut, euismod et, nisi. Sed"
      text run at (5,100) width 315: "vitae felis vel orci sagittis aliquam. Cras"
      text run at (5,119) width 325: "convallis adipiscing sem. Nam nonummy"
      text run at (5,138) width 315: "enim. Nullam bibendum lobortis neque."
      text run at (5,157) width 310: "Vestibulum velit orci, tempus euismod,"
      text run at (5,176) width 359: "pretium quis, interdum vitae, nulla. Phasellus"
      text run at (5,195) width 362: "eget ante et tortor condimentum vestibulum."
      text run at (5,214) width 339: "Suspendisse hendrerit quam nec felis. Sed"
      text run at (5,233) width 348: "varius turpis vitae pede. Lorem ipsum dolor"
      text run at (5,252) width 303: "sit amet, consectetuer adipiscing elit. "
      text run at (308,252) width 52: "Lorem"
      text run at (5,271) width 363: "ipsum dolor sit amet, consectetuer adipiscing"
      text run at (5,297) width 231: "elit. Nulla varius enim ac mi. "
    RenderInline {H2} at (0,0) size 355x140 [bgcolor=#EEEEEE]
      RenderText {#text} at (236,290) size 355x140
        text run at (236,290) width 109: "This is a"
        text run at (5,318) width 347: "spanning element with an"
        text run at (5,346) width 355: "original display of inline in"
        text run at (5,374) width 348: "the middle of the columns"
        text run at (5,402) width 80: "block."
    RenderText {#text} at (85,409) size 366x550
      text run at (85,409) width 231: " Lorem ipsum dolor sit amet,"
      text run at (5,430) width 366: "consectetuer adipiscing elit. Nulla varius enim"
      text run at (5,449) width 348: "ac mi. Curabitur sollicitudin felis quis lectus."
      text run at (5,484) width 351: "Quisque adipiscing rhoncus sem. Proin nulla"
      text run at (5,503) width 341: "purus, vulputate vel, varius ut, euismod et,"
      text run at (5,522) width 345: "nisi. Sed vitae felis vel orci sagittis aliquam."
      text run at (5,541) width 366: "Cras convallis adipiscing sem. Nam nonummy"
      text run at (5,560) width 315: "enim. Nullam bibendum lobortis neque."
      text run at (5,579) width 310: "Vestibulum velit orci, tempus euismod,"
      text run at (5,598) width 359: "pretium quis, interdum vitae, nulla. Phasellus"
      text run at (5,617) width 362: "eget ante et tortor condimentum vestibulum."
      text run at (5,636) width 339: "Suspendisse hendrerit quam nec felis. Sed"
      text run at (5,655) width 348: "varius turpis vitae pede. Lorem ipsum dolor"
      text run at (5,674) width 303: "sit amet, consectetuer adipiscing elit. "
      text run at (308,674) width 52: "Lorem"
      text run at (5,693) width 363: "ipsum dolor sit amet, consectetuer adipiscing"
      text run at (5,712) width 306: "elit. Nulla varius enim ac mi. Curabitur"
      text run at (5,731) width 284: "sollicitudin felis quis lectus. Quisque"
      text run at (5,750) width 336: "adipiscing rhoncus sem. Proin nulla purus,"
      text run at (5,769) width 357: "vulputate vel, varius ut, euismod et, nisi. Sed"
      text run at (5,788) width 315: "vitae felis vel orci sagittis aliquam. Cras"
      text run at (5,807) width 325: "convallis adipiscing sem. Nam nonummy"
      text run at (5,826) width 315: "enim. Nullam bibendum lobortis neque."
      text run at (5,845) width 310: "Vestibulum velit orci, tempus euismod,"
      text run at (5,864) width 359: "pretium quis, interdum vitae, nulla. Phasellus"
      text run at (5,883) width 362: "eget ante et tortor condimentum vestibulum."
      text run at (5,902) width 339: "Suspendisse hendrerit quam nec felis. Sed"
      text run at (5,921) width 348: "varius turpis vitae pede. Lorem ipsum dolor"
      text run at (5,940) width 298: "sit amet, consectetuer adipiscing elit."
layer at (8,2135) size 760x504
  RenderBlock {DIV} at (0,2119) size 760x504 [border: (5px solid #800000)]
    RenderText {#text} at (5,5) size 364x304
      text run at (5,5) width 336: "Lorem ipsum dolor sit amet, consectetuer"
      text run at (5,24) width 310: "adipiscing elit. Nulla varius enim ac mi."
      text run at (5,43) width 364: "Curabitur sollicitudin felis quis lectus. Quisque"
      text run at (5,62) width 336: "adipiscing rhoncus sem. Proin nulla purus,"
      text run at (5,81) width 357: "vulputate vel, varius ut, euismod et, nisi. Sed"
      text run at (5,100) width 315: "vitae felis vel orci sagittis aliquam. Cras"
      text run at (5,119) width 325: "convallis adipiscing sem. Nam nonummy"
      text run at (5,138) width 315: "enim. Nullam bibendum lobortis neque."
      text run at (5,157) width 310: "Vestibulum velit orci, tempus euismod,"
      text run at (5,176) width 359: "pretium quis, interdum vitae, nulla. Phasellus"
      text run at (5,195) width 362: "eget ante et tortor condimentum vestibulum."
      text run at (5,214) width 339: "Suspendisse hendrerit quam nec felis. Sed"
      text run at (5,233) width 348: "varius turpis vitae pede. Lorem ipsum dolor"
      text run at (5,252) width 303: "sit amet, consectetuer adipiscing elit. "
      text run at (308,252) width 52: "Lorem"
      text run at (5,271) width 363: "ipsum dolor sit amet, consectetuer adipiscing"
      text run at (5,290) width 231: "elit. Nulla varius enim ac mi. "
    RenderBlock (floating) {H2} at (5,328) size 367x112 [bgcolor=#EEEEEE]
      RenderText {#text} at (0,0) size 350x112
        text run at (0,0) width 321: "This element specifies a"
        text run at (0,28) width 350: "column span, but it is also"
        text run at (0,56) width 317: "floating, so the column-"
        text run at (0,84) width 322: "span should be ignored."
    RenderText {#text} at (236,290) size 366x684
      text run at (236,290) width 105: "Lorem ipsum"
      text run at (5,459) width 344: "dolor sit amet, consectetuer adipiscing elit."
      text run at (5,478) width 360: "Nulla varius enim ac mi. Curabitur sollicitudin"
      text run at (5,499) width 349: "felis quis lectus. Quisque adipiscing rhoncus"
      text run at (5,518) width 349: "sem. Proin nulla purus, vulputate vel, varius"
      text run at (5,537) width 335: "ut, euismod et, nisi. Sed vitae felis vel orci"
      text run at (5,556) width 328: "sagittis aliquam. Cras convallis adipiscing"
      text run at (5,575) width 364: "sem. Nam nonummy enim. Nullam bibendum"
      text run at (5,594) width 356: "lobortis neque. Vestibulum velit orci, tempus"
      text run at (5,613) width 358: "euismod, pretium quis, interdum vitae, nulla."
      text run at (5,632) width 344: "Phasellus eget ante et tortor condimentum"
      text run at (5,651) width 359: "vestibulum. Suspendisse hendrerit quam nec"
      text run at (5,670) width 326: "felis. Sed varius turpis vitae pede. Lorem"
      text run at (5,689) width 363: "ipsum dolor sit amet, consectetuer adipiscing"
      text run at (5,708) width 34: "elit. "
      text run at (39,708) width 226: "Lorem ipsum dolor sit amet,"
      text run at (5,727) width 366: "consectetuer adipiscing elit. Nulla varius enim"
      text run at (5,746) width 348: "ac mi. Curabitur sollicitudin felis quis lectus."
      text run at (5,765) width 351: "Quisque adipiscing rhoncus sem. Proin nulla"
      text run at (5,784) width 341: "purus, vulputate vel, varius ut, euismod et,"
      text run at (5,803) width 345: "nisi. Sed vitae felis vel orci sagittis aliquam."
      text run at (5,822) width 366: "Cras convallis adipiscing sem. Nam nonummy"
      text run at (5,841) width 315: "enim. Nullam bibendum lobortis neque."
      text run at (5,860) width 310: "Vestibulum velit orci, tempus euismod,"
      text run at (5,879) width 359: "pretium quis, interdum vitae, nulla. Phasellus"
      text run at (5,898) width 362: "eget ante et tortor condimentum vestibulum."
      text run at (5,917) width 339: "Suspendisse hendrerit quam nec felis. Sed"
      text run at (5,936) width 348: "varius turpis vitae pede. Lorem ipsum dolor"
      text run at (5,955) width 298: "sit amet, consectetuer adipiscing elit."
layer at (8,2655) size 760x535
  RenderBlock {DIV} at (0,2639) size 760x535 [border: (5px solid #800000)]
    RenderBlock (anonymous multi-column span) at (5,5) size 750x94
      RenderBlock {H2} at (0,19) size 750x56 [bgcolor=#EEEEEE]
        RenderText {#text} at (0,0) size 672x56
          text run at (0,0) width 672: "This is a spanning element at the beginning of the"
          text run at (0,28) width 455: "columns block with block siblings."
layer at (13,2754) size 750x431
  RenderBlock (anonymous multi-column) at (5,99) size 750x431
    RenderBlock {P} at (0,16) size 367x266
      RenderText {#text} at (0,0) size 364x266
        text run at (0,0) width 336: "Lorem ipsum dolor sit amet, consectetuer"
        text run at (0,19) width 310: "adipiscing elit. Nulla varius enim ac mi."
        text run at (0,38) width 364: "Curabitur sollicitudin felis quis lectus. Quisque"
        text run at (0,57) width 336: "adipiscing rhoncus sem. Proin nulla purus,"
        text run at (0,76) width 357: "vulputate vel, varius ut, euismod et, nisi. Sed"
        text run at (0,95) width 315: "vitae felis vel orci sagittis aliquam. Cras"
        text run at (0,114) width 325: "convallis adipiscing sem. Nam nonummy"
        text run at (0,133) width 315: "enim. Nullam bibendum lobortis neque."
        text run at (0,152) width 310: "Vestibulum velit orci, tempus euismod,"
        text run at (0,171) width 359: "pretium quis, interdum vitae, nulla. Phasellus"
        text run at (0,190) width 362: "eget ante et tortor condimentum vestibulum."
        text run at (0,209) width 339: "Suspendisse hendrerit quam nec felis. Sed"
        text run at (0,228) width 348: "varius turpis vitae pede. Lorem ipsum dolor"
        text run at (0,247) width 298: "sit amet, consectetuer adipiscing elit."
    RenderBlock {P} at (0,298) size 367x266
      RenderText {#text} at (0,0) size 364x266
        text run at (0,0) width 336: "Lorem ipsum dolor sit amet, consectetuer"
        text run at (0,19) width 310: "adipiscing elit. Nulla varius enim ac mi."
        text run at (0,38) width 364: "Curabitur sollicitudin felis quis lectus. Quisque"
        text run at (0,57) width 336: "adipiscing rhoncus sem. Proin nulla purus,"
        text run at (0,76) width 357: "vulputate vel, varius ut, euismod et, nisi. Sed"
        text run at (0,95) width 315: "vitae felis vel orci sagittis aliquam. Cras"
        text run at (0,114) width 325: "convallis adipiscing sem. Nam nonummy"
        text run at (0,133) width 315: "enim. Nullam bibendum lobortis neque."
        text run at (0,152) width 310: "Vestibulum velit orci, tempus euismod,"
        text run at (0,171) width 359: "pretium quis, interdum vitae, nulla. Phasellus"
        text run at (0,190) width 362: "eget ante et tortor condimentum vestibulum."
        text run at (0,209) width 339: "Suspendisse hendrerit quam nec felis. Sed"
        text run at (0,228) width 348: "varius turpis vitae pede. Lorem ipsum dolor"
        text run at (0,247) width 298: "sit amet, consectetuer adipiscing elit."
    RenderBlock {P} at (0,580) size 367x266
      RenderText {#text} at (0,0) size 364x266
        text run at (0,0) width 336: "Lorem ipsum dolor sit amet, consectetuer"
        text run at (0,19) width 310: "adipiscing elit. Nulla varius enim ac mi."
        text run at (0,38) width 364: "Curabitur sollicitudin felis quis lectus. Quisque"
        text run at (0,57) width 336: "adipiscing rhoncus sem. Proin nulla purus,"
        text run at (0,76) width 357: "vulputate vel, varius ut, euismod et, nisi. Sed"
        text run at (0,95) width 315: "vitae felis vel orci sagittis aliquam. Cras"
        text run at (0,114) width 325: "convallis adipiscing sem. Nam nonummy"
        text run at (0,133) width 315: "enim. Nullam bibendum lobortis neque."
        text run at (0,152) width 310: "Vestibulum velit orci, tempus euismod,"
        text run at (0,171) width 359: "pretium quis, interdum vitae, nulla. Phasellus"
        text run at (0,190) width 362: "eget ante et tortor condimentum vestibulum."
        text run at (0,209) width 339: "Suspendisse hendrerit quam nec felis. Sed"
        text run at (0,228) width 348: "varius turpis vitae pede. Lorem ipsum dolor"
        text run at (0,247) width 298: "sit amet, consectetuer adipiscing elit."
layer at (8,3206) size 760x535
  RenderBlock {DIV} at (0,3190) size 760x535 [border: (5px solid #800000)]
    RenderBlock (anonymous multi-column span) at (5,436) size 750x94
      RenderBlock {H2} at (0,19) size 750x56 [bgcolor=#EEEEEE]
        RenderText {#text} at (0,0) size 707x56
          text run at (0,0) width 707: "This is a spanning element at the end of the columns"
          text run at (0,28) width 336: "block with block siblings."
layer at (13,3211) size 750x431
  RenderBlock (anonymous multi-column) at (5,5) size 750x431
    RenderBlock {P} at (0,16) size 367x266
      RenderText {#text} at (0,0) size 364x266
        text run at (0,0) width 336: "Lorem ipsum dolor sit amet, consectetuer"
        text run at (0,19) width 310: "adipiscing elit. Nulla varius enim ac mi."
        text run at (0,38) width 364: "Curabitur sollicitudin felis quis lectus. Quisque"
        text run at (0,57) width 336: "adipiscing rhoncus sem. Proin nulla purus,"
        text run at (0,76) width 357: "vulputate vel, varius ut, euismod et, nisi. Sed"
        text run at (0,95) width 315: "vitae felis vel orci sagittis aliquam. Cras"
        text run at (0,114) width 325: "convallis adipiscing sem. Nam nonummy"
        text run at (0,133) width 315: "enim. Nullam bibendum lobortis neque."
        text run at (0,152) width 310: "Vestibulum velit orci, tempus euismod,"
        text run at (0,171) width 359: "pretium quis, interdum vitae, nulla. Phasellus"
        text run at (0,190) width 362: "eget ante et tortor condimentum vestibulum."
        text run at (0,209) width 339: "Suspendisse hendrerit quam nec felis. Sed"
        text run at (0,228) width 348: "varius turpis vitae pede. Lorem ipsum dolor"
        text run at (0,247) width 298: "sit amet, consectetuer adipiscing elit."
    RenderBlock {P} at (0,298) size 367x266
      RenderText {#text} at (0,0) size 364x266
        text run at (0,0) width 336: "Lorem ipsum dolor sit amet, consectetuer"
        text run at (0,19) width 310: "adipiscing elit. Nulla varius enim ac mi."
        text run at (0,38) width 364: "Curabitur sollicitudin felis quis lectus. Quisque"
        text run at (0,57) width 336: "adipiscing rhoncus sem. Proin nulla purus,"
        text run at (0,76) width 357: "vulputate vel, varius ut, euismod et, nisi. Sed"
        text run at (0,95) width 315: "vitae felis vel orci sagittis aliquam. Cras"
        text run at (0,114) width 325: "convallis adipiscing sem. Nam nonummy"
        text run at (0,133) width 315: "enim. Nullam bibendum lobortis neque."
        text run at (0,152) width 310: "Vestibulum velit orci, tempus euismod,"
        text run at (0,171) width 359: "pretium quis, interdum vitae, nulla. Phasellus"
        text run at (0,190) width 362: "eget ante et tortor condimentum vestibulum."
        text run at (0,209) width 339: "Suspendisse hendrerit quam nec felis. Sed"
        text run at (0,228) width 348: "varius turpis vitae pede. Lorem ipsum dolor"
        text run at (0,247) width 298: "sit amet, consectetuer adipiscing elit."
    RenderBlock {P} at (0,580) size 367x266
      RenderText {#text} at (0,0) size 364x266
        text run at (0,0) width 336: "Lorem ipsum dolor sit amet, consectetuer"
        text run at (0,19) width 310: "adipiscing elit. Nulla varius enim ac mi."
        text run at (0,38) width 364: "Curabitur sollicitudin felis quis lectus. Quisque"
        text run at (0,57) width 336: "adipiscing rhoncus sem. Proin nulla purus,"
        text run at (0,76) width 357: "vulputate vel, varius ut, euismod et, nisi. Sed"
        text run at (0,95) width 315: "vitae felis vel orci sagittis aliquam. Cras"
        text run at (0,114) width 325: "convallis adipiscing sem. Nam nonummy"
        text run at (0,133) width 315: "enim. Nullam bibendum lobortis neque."
        text run at (0,152) width 310: "Vestibulum velit orci, tempus euismod,"
        text run at (0,171) width 359: "pretium quis, interdum vitae, nulla. Phasellus"
        text run at (0,190) width 362: "eget ante et tortor condimentum vestibulum."
        text run at (0,209) width 339: "Suspendisse hendrerit quam nec felis. Sed"
        text run at (0,228) width 348: "varius turpis vitae pede. Lorem ipsum dolor"
        text run at (0,247) width 298: "sit amet, consectetuer adipiscing elit."
layer at (8,3757) size 760x543
  RenderBlock {DIV} at (0,3741) size 760x543 [border: (5px solid #800000)]
    RenderBlock (anonymous multi-column span) at (5,295) size 750x94
      RenderBlock {H2} at (0,19) size 750x56 [bgcolor=#EEEEEE]
        RenderText {#text} at (0,0) size 746x56
          text run at (0,0) width 746: "This is a spanning element in the middle of the columns"
          text run at (0,28) width 336: "block with block siblings."
layer at (13,3762) size 750x290
  RenderBlock (anonymous multi-column) at (5,5) size 750x290
    RenderBlock {P} at (0,16) size 367x266
      RenderText {#text} at (0,0) size 364x266
        text run at (0,0) width 336: "Lorem ipsum dolor sit amet, consectetuer"
        text run at (0,19) width 310: "adipiscing elit. Nulla varius enim ac mi."
        text run at (0,38) width 364: "Curabitur sollicitudin felis quis lectus. Quisque"
        text run at (0,57) width 336: "adipiscing rhoncus sem. Proin nulla purus,"
        text run at (0,76) width 357: "vulputate vel, varius ut, euismod et, nisi. Sed"
        text run at (0,95) width 315: "vitae felis vel orci sagittis aliquam. Cras"
        text run at (0,114) width 325: "convallis adipiscing sem. Nam nonummy"
        text run at (0,133) width 315: "enim. Nullam bibendum lobortis neque."
        text run at (0,152) width 310: "Vestibulum velit orci, tempus euismod,"
        text run at (0,171) width 359: "pretium quis, interdum vitae, nulla. Phasellus"
        text run at (0,190) width 362: "eget ante et tortor condimentum vestibulum."
        text run at (0,209) width 339: "Suspendisse hendrerit quam nec felis. Sed"
        text run at (0,228) width 348: "varius turpis vitae pede. Lorem ipsum dolor"
        text run at (0,247) width 298: "sit amet, consectetuer adipiscing elit."
    RenderBlock {P} at (0,290) size 367x266
      RenderText {#text} at (0,0) size 364x266
        text run at (0,0) width 336: "Lorem ipsum dolor sit amet, consectetuer"
        text run at (0,19) width 310: "adipiscing elit. Nulla varius enim ac mi."
        text run at (0,38) width 364: "Curabitur sollicitudin felis quis lectus. Quisque"
        text run at (0,57) width 336: "adipiscing rhoncus sem. Proin nulla purus,"
        text run at (0,76) width 357: "vulputate vel, varius ut, euismod et, nisi. Sed"
        text run at (0,95) width 315: "vitae felis vel orci sagittis aliquam. Cras"
        text run at (0,114) width 325: "convallis adipiscing sem. Nam nonummy"
        text run at (0,133) width 315: "enim. Nullam bibendum lobortis neque."
        text run at (0,152) width 310: "Vestibulum velit orci, tempus euismod,"
        text run at (0,171) width 359: "pretium quis, interdum vitae, nulla. Phasellus"
        text run at (0,190) width 362: "eget ante et tortor condimentum vestibulum."
        text run at (0,209) width 339: "Suspendisse hendrerit quam nec felis. Sed"
        text run at (0,228) width 348: "varius turpis vitae pede. Lorem ipsum dolor"
        text run at (0,247) width 298: "sit amet, consectetuer adipiscing elit."
layer at (13,4146) size 750x149
  RenderBlock (anonymous multi-column) at (5,389) size 750x149
    RenderBlock {P} at (0,16) size 367x266
      RenderText {#text} at (0,0) size 364x266
        text run at (0,0) width 336: "Lorem ipsum dolor sit amet, consectetuer"
        text run at (0,19) width 310: "adipiscing elit. Nulla varius enim ac mi."
        text run at (0,38) width 364: "Curabitur sollicitudin felis quis lectus. Quisque"
        text run at (0,57) width 336: "adipiscing rhoncus sem. Proin nulla purus,"
        text run at (0,76) width 357: "vulputate vel, varius ut, euismod et, nisi. Sed"
        text run at (0,95) width 315: "vitae felis vel orci sagittis aliquam. Cras"
        text run at (0,114) width 325: "convallis adipiscing sem. Nam nonummy"
        text run at (0,133) width 315: "enim. Nullam bibendum lobortis neque."
        text run at (0,152) width 310: "Vestibulum velit orci, tempus euismod,"
        text run at (0,171) width 359: "pretium quis, interdum vitae, nulla. Phasellus"
        text run at (0,190) width 362: "eget ante et tortor condimentum vestibulum."
        text run at (0,209) width 339: "Suspendisse hendrerit quam nec felis. Sed"
        text run at (0,228) width 348: "varius turpis vitae pede. Lorem ipsum dolor"
        text run at (0,247) width 298: "sit amet, consectetuer adipiscing elit."
