layer at (0,0) size 980x2457
  RenderView at (0,0) size 980x735
layer at (0,0) size 980x2457
  RenderBlock {HTML} at (0,0) size 980x2457
    RenderBody {BODY} at (8,16) size 964x2425
layer at (8,16) size 750x540
  RenderBlock {DIV} at (0,0) size 750x540 [bgcolor=#EEEEEE]
    RenderBlock (anonymous multi-column span) at (0,0) size 750x122
      RenderBlock {H2} at (0,19) size 750x84 [bgcolor=#CCCCCC]
        RenderText {#text} at (0,0) size 717x84
          text run at (0,0) width 672: "This is a spanning element at the beginning of the"
          text run at (0,28) width 207: "columns block. "
          text run at (207,28) width 510: "It should collapse its margins with the"
          text run at (0,56) width 213: "top of the page."
layer at (8,138) size 750x418
  RenderBlock (anonymous multi-column) at (0,122) size 750x418
    RenderText {#text} at (0,0) size 364x836
      text run at (0,0) width 336: "Lorem ipsum dolor sit amet, consectetuer"
      text run at (0,19) width 310: "adipiscing elit. Nulla varius enim ac mi."
      text run at (0,38) width 364: "Curabitur sollicitudin felis quis lectus. Quisque"
      text run at (0,57) width 336: "adipiscing rhoncus sem. Proin nulla purus,"
      text run at (0,76) width 357: "vulputate vel, varius ut, euismod et, nisi. Sed"
      text run at (0,95) width 315: "vitae felis vel orci sagittis aliquam. Cras"
      text run at (0,114) width 325: "convallis adipiscing sem. Nam nonummy"
      text run at (0,133) width 315: "enim. Nullam bibendum lobortis neque."
      text run at (0,152) width 310: "Vestibulum velit orci, tempus euismod,"
      text run at (0,171) width 359: "pretium quis, interdum vitae, nulla. Phasellus"
      text run at (0,190) width 362: "eget ante et tortor condimentum vestibulum."
      text run at (0,209) width 339: "Suspendisse hendrerit quam nec felis. Sed"
      text run at (0,228) width 348: "varius turpis vitae pede. Lorem ipsum dolor"
      text run at (0,247) width 303: "sit amet, consectetuer adipiscing elit. "
      text run at (303,247) width 52: "Lorem"
      text run at (0,266) width 363: "ipsum dolor sit amet, consectetuer adipiscing"
      text run at (0,285) width 306: "elit. Nulla varius enim ac mi. Curabitur"
      text run at (0,304) width 284: "sollicitudin felis quis lectus. Quisque"
      text run at (0,323) width 336: "adipiscing rhoncus sem. Proin nulla purus,"
      text run at (0,342) width 357: "vulputate vel, varius ut, euismod et, nisi. Sed"
      text run at (0,361) width 315: "vitae felis vel orci sagittis aliquam. Cras"
      text run at (0,380) width 325: "convallis adipiscing sem. Nam nonummy"
      text run at (0,399) width 315: "enim. Nullam bibendum lobortis neque."
      text run at (0,418) width 310: "Vestibulum velit orci, tempus euismod,"
      text run at (0,437) width 359: "pretium quis, interdum vitae, nulla. Phasellus"
      text run at (0,456) width 362: "eget ante et tortor condimentum vestibulum."
      text run at (0,475) width 339: "Suspendisse hendrerit quam nec felis. Sed"
      text run at (0,494) width 348: "varius turpis vitae pede. Lorem ipsum dolor"
      text run at (0,513) width 303: "sit amet, consectetuer adipiscing elit. "
      text run at (303,513) width 52: "Lorem"
      text run at (0,532) width 363: "ipsum dolor sit amet, consectetuer adipiscing"
      text run at (0,551) width 306: "elit. Nulla varius enim ac mi. Curabitur"
      text run at (0,570) width 284: "sollicitudin felis quis lectus. Quisque"
      text run at (0,589) width 336: "adipiscing rhoncus sem. Proin nulla purus,"
      text run at (0,608) width 357: "vulputate vel, varius ut, euismod et, nisi. Sed"
      text run at (0,627) width 315: "vitae felis vel orci sagittis aliquam. Cras"
      text run at (0,646) width 325: "convallis adipiscing sem. Nam nonummy"
      text run at (0,665) width 315: "enim. Nullam bibendum lobortis neque."
      text run at (0,684) width 310: "Vestibulum velit orci, tempus euismod,"
      text run at (0,703) width 359: "pretium quis, interdum vitae, nulla. Phasellus"
      text run at (0,722) width 362: "eget ante et tortor condimentum vestibulum."
      text run at (0,741) width 339: "Suspendisse hendrerit quam nec felis. Sed"
      text run at (0,760) width 348: "varius turpis vitae pede. Lorem ipsum dolor"
      text run at (0,779) width 303: "sit amet, consectetuer adipiscing elit. "
      text run at (303,779) width 52: "Lorem"
      text run at (0,798) width 363: "ipsum dolor sit amet, consectetuer adipiscing"
      text run at (0,817) width 226: "elit. Nulla varius enim ac mi."
layer at (8,572) size 750x540
  RenderBlock {DIV} at (0,556) size 750x540 [bgcolor=#EEEEEE]
    RenderBlock (anonymous multi-column span) at (0,418) size 750x122
      RenderBlock {H2} at (0,19) size 750x84 [bgcolor=#CCCCCC]
        RenderText {#text} at (0,0) size 725x84
          text run at (0,0) width 707: "This is a spanning element at the end of the columns"
          text run at (0,28) width 88: "block. "
          text run at (88,28) width 637: "It should collapse its margins with the h2 in the"
          text run at (0,56) width 147: "next block."
layer at (8,572) size 750x418
  RenderBlock (anonymous multi-column) at (0,0) size 750x418
    RenderText {#text} at (0,0) size 364x836
      text run at (0,0) width 336: "Lorem ipsum dolor sit amet, consectetuer"
      text run at (0,19) width 310: "adipiscing elit. Nulla varius enim ac mi."
      text run at (0,38) width 364: "Curabitur sollicitudin felis quis lectus. Quisque"
      text run at (0,57) width 336: "adipiscing rhoncus sem. Proin nulla purus,"
      text run at (0,76) width 357: "vulputate vel, varius ut, euismod et, nisi. Sed"
      text run at (0,95) width 315: "vitae felis vel orci sagittis aliquam. Cras"
      text run at (0,114) width 325: "convallis adipiscing sem. Nam nonummy"
      text run at (0,133) width 315: "enim. Nullam bibendum lobortis neque."
      text run at (0,152) width 310: "Vestibulum velit orci, tempus euismod,"
      text run at (0,171) width 359: "pretium quis, interdum vitae, nulla. Phasellus"
      text run at (0,190) width 362: "eget ante et tortor condimentum vestibulum."
      text run at (0,209) width 339: "Suspendisse hendrerit quam nec felis. Sed"
      text run at (0,228) width 348: "varius turpis vitae pede. Lorem ipsum dolor"
      text run at (0,247) width 303: "sit amet, consectetuer adipiscing elit. "
      text run at (303,247) width 52: "Lorem"
      text run at (0,266) width 363: "ipsum dolor sit amet, consectetuer adipiscing"
      text run at (0,285) width 306: "elit. Nulla varius enim ac mi. Curabitur"
      text run at (0,304) width 284: "sollicitudin felis quis lectus. Quisque"
      text run at (0,323) width 336: "adipiscing rhoncus sem. Proin nulla purus,"
      text run at (0,342) width 357: "vulputate vel, varius ut, euismod et, nisi. Sed"
      text run at (0,361) width 315: "vitae felis vel orci sagittis aliquam. Cras"
      text run at (0,380) width 325: "convallis adipiscing sem. Nam nonummy"
      text run at (0,399) width 315: "enim. Nullam bibendum lobortis neque."
      text run at (0,418) width 310: "Vestibulum velit orci, tempus euismod,"
      text run at (0,437) width 359: "pretium quis, interdum vitae, nulla. Phasellus"
      text run at (0,456) width 362: "eget ante et tortor condimentum vestibulum."
      text run at (0,475) width 339: "Suspendisse hendrerit quam nec felis. Sed"
      text run at (0,494) width 348: "varius turpis vitae pede. Lorem ipsum dolor"
      text run at (0,513) width 303: "sit amet, consectetuer adipiscing elit. "
      text run at (303,513) width 52: "Lorem"
      text run at (0,532) width 363: "ipsum dolor sit amet, consectetuer adipiscing"
      text run at (0,551) width 306: "elit. Nulla varius enim ac mi. Curabitur"
      text run at (0,570) width 284: "sollicitudin felis quis lectus. Quisque"
      text run at (0,589) width 336: "adipiscing rhoncus sem. Proin nulla purus,"
      text run at (0,608) width 357: "vulputate vel, varius ut, euismod et, nisi. Sed"
      text run at (0,627) width 315: "vitae felis vel orci sagittis aliquam. Cras"
      text run at (0,646) width 325: "convallis adipiscing sem. Nam nonummy"
      text run at (0,665) width 315: "enim. Nullam bibendum lobortis neque."
      text run at (0,684) width 310: "Vestibulum velit orci, tempus euismod,"
      text run at (0,703) width 359: "pretium quis, interdum vitae, nulla. Phasellus"
      text run at (0,722) width 362: "eget ante et tortor condimentum vestibulum."
      text run at (0,741) width 339: "Suspendisse hendrerit quam nec felis. Sed"
      text run at (0,760) width 348: "varius turpis vitae pede. Lorem ipsum dolor"
      text run at (0,779) width 303: "sit amet, consectetuer adipiscing elit. "
      text run at (303,779) width 52: "Lorem"
      text run at (0,798) width 363: "ipsum dolor sit amet, consectetuer adipiscing"
      text run at (0,817) width 226: "elit. Nulla varius enim ac mi."
layer at (8,1128) size 750x540
  RenderBlock {DIV} at (0,1112) size 750x540 [bgcolor=#EEEEEE]
    RenderBlock (anonymous multi-column span) at (0,0) size 750x122
      RenderBlock {H2} at (0,19) size 750x84 [bgcolor=#CCCCCC]
        RenderText {#text} at (0,0) size 717x84
          text run at (0,0) width 672: "This is a spanning element at the beginning of the"
          text run at (0,28) width 207: "columns block. "
          text run at (207,28) width 510: "It should collapse its margins with the"
          text run at (0,56) width 331: "h2 in the previous block."
layer at (8,1250) size 750x418
  RenderBlock (anonymous multi-column) at (0,122) size 750x418
    RenderText {#text} at (0,0) size 364x836
      text run at (0,0) width 336: "Lorem ipsum dolor sit amet, consectetuer"
      text run at (0,19) width 310: "adipiscing elit. Nulla varius enim ac mi."
      text run at (0,38) width 364: "Curabitur sollicitudin felis quis lectus. Quisque"
      text run at (0,57) width 336: "adipiscing rhoncus sem. Proin nulla purus,"
      text run at (0,76) width 357: "vulputate vel, varius ut, euismod et, nisi. Sed"
      text run at (0,95) width 315: "vitae felis vel orci sagittis aliquam. Cras"
      text run at (0,114) width 325: "convallis adipiscing sem. Nam nonummy"
      text run at (0,133) width 315: "enim. Nullam bibendum lobortis neque."
      text run at (0,152) width 310: "Vestibulum velit orci, tempus euismod,"
      text run at (0,171) width 359: "pretium quis, interdum vitae, nulla. Phasellus"
      text run at (0,190) width 362: "eget ante et tortor condimentum vestibulum."
      text run at (0,209) width 339: "Suspendisse hendrerit quam nec felis. Sed"
      text run at (0,228) width 348: "varius turpis vitae pede. Lorem ipsum dolor"
      text run at (0,247) width 303: "sit amet, consectetuer adipiscing elit. "
      text run at (303,247) width 52: "Lorem"
      text run at (0,266) width 363: "ipsum dolor sit amet, consectetuer adipiscing"
      text run at (0,285) width 306: "elit. Nulla varius enim ac mi. Curabitur"
      text run at (0,304) width 284: "sollicitudin felis quis lectus. Quisque"
      text run at (0,323) width 336: "adipiscing rhoncus sem. Proin nulla purus,"
      text run at (0,342) width 357: "vulputate vel, varius ut, euismod et, nisi. Sed"
      text run at (0,361) width 315: "vitae felis vel orci sagittis aliquam. Cras"
      text run at (0,380) width 325: "convallis adipiscing sem. Nam nonummy"
      text run at (0,399) width 315: "enim. Nullam bibendum lobortis neque."
      text run at (0,418) width 310: "Vestibulum velit orci, tempus euismod,"
      text run at (0,437) width 359: "pretium quis, interdum vitae, nulla. Phasellus"
      text run at (0,456) width 362: "eget ante et tortor condimentum vestibulum."
      text run at (0,475) width 339: "Suspendisse hendrerit quam nec felis. Sed"
      text run at (0,494) width 348: "varius turpis vitae pede. Lorem ipsum dolor"
      text run at (0,513) width 303: "sit amet, consectetuer adipiscing elit. "
      text run at (303,513) width 52: "Lorem"
      text run at (0,532) width 363: "ipsum dolor sit amet, consectetuer adipiscing"
      text run at (0,551) width 306: "elit. Nulla varius enim ac mi. Curabitur"
      text run at (0,570) width 284: "sollicitudin felis quis lectus. Quisque"
      text run at (0,589) width 336: "adipiscing rhoncus sem. Proin nulla purus,"
      text run at (0,608) width 357: "vulputate vel, varius ut, euismod et, nisi. Sed"
      text run at (0,627) width 315: "vitae felis vel orci sagittis aliquam. Cras"
      text run at (0,646) width 325: "convallis adipiscing sem. Nam nonummy"
      text run at (0,665) width 315: "enim. Nullam bibendum lobortis neque."
      text run at (0,684) width 310: "Vestibulum velit orci, tempus euismod,"
      text run at (0,703) width 359: "pretium quis, interdum vitae, nulla. Phasellus"
      text run at (0,722) width 362: "eget ante et tortor condimentum vestibulum."
      text run at (0,741) width 339: "Suspendisse hendrerit quam nec felis. Sed"
      text run at (0,760) width 348: "varius turpis vitae pede. Lorem ipsum dolor"
      text run at (0,779) width 303: "sit amet, consectetuer adipiscing elit. "
      text run at (303,779) width 52: "Lorem"
      text run at (0,798) width 363: "ipsum dolor sit amet, consectetuer adipiscing"
      text run at (0,817) width 226: "elit. Nulla varius enim ac mi."
layer at (8,1684) size 750x757
  RenderBlock {DIV} at (0,1668) size 750x757 [bgcolor=#EEEEEE]
    RenderBlock (anonymous multi-column span) at (0,266) size 750x225
      RenderBlock {H2} at (0,19) size 750x84 [bgcolor=#CCCCCC]
        RenderText {#text} at (0,0) size 746x84
          text run at (0,0) width 746: "This is a spanning element in the middle of the columns"
          text run at (0,28) width 88: "block. "
          text run at (88,28) width 641: "It should collapse its margins with the spanning"
          text run at (0,56) width 232: "element below it."
      RenderBlock {H2} at (0,122) size 750x84 [bgcolor=#CCCCCC]
        RenderText {#text} at (0,0) size 746x84
          text run at (0,0) width 746: "This is a spanning element in the middle of the columns"
          text run at (0,28) width 88: "block. "
          text run at (88,28) width 641: "It should collapse its margins with the spanning"
          text run at (0,56) width 234: "element above it."
layer at (8,1684) size 750x266
  RenderBlock (anonymous multi-column) at (0,0) size 750x266
    RenderText {#text} at (0,0) size 364x532
      text run at (0,0) width 336: "Lorem ipsum dolor sit amet, consectetuer"
      text run at (0,19) width 310: "adipiscing elit. Nulla varius enim ac mi."
      text run at (0,38) width 364: "Curabitur sollicitudin felis quis lectus. Quisque"
      text run at (0,57) width 336: "adipiscing rhoncus sem. Proin nulla purus,"
      text run at (0,76) width 357: "vulputate vel, varius ut, euismod et, nisi. Sed"
      text run at (0,95) width 315: "vitae felis vel orci sagittis aliquam. Cras"
      text run at (0,114) width 325: "convallis adipiscing sem. Nam nonummy"
      text run at (0,133) width 315: "enim. Nullam bibendum lobortis neque."
      text run at (0,152) width 310: "Vestibulum velit orci, tempus euismod,"
      text run at (0,171) width 359: "pretium quis, interdum vitae, nulla. Phasellus"
      text run at (0,190) width 362: "eget ante et tortor condimentum vestibulum."
      text run at (0,209) width 339: "Suspendisse hendrerit quam nec felis. Sed"
      text run at (0,228) width 348: "varius turpis vitae pede. Lorem ipsum dolor"
      text run at (0,247) width 303: "sit amet, consectetuer adipiscing elit. "
      text run at (303,247) width 52: "Lorem"
      text run at (0,266) width 363: "ipsum dolor sit amet, consectetuer adipiscing"
      text run at (0,285) width 306: "elit. Nulla varius enim ac mi. Curabitur"
      text run at (0,304) width 284: "sollicitudin felis quis lectus. Quisque"
      text run at (0,323) width 336: "adipiscing rhoncus sem. Proin nulla purus,"
      text run at (0,342) width 357: "vulputate vel, varius ut, euismod et, nisi. Sed"
      text run at (0,361) width 315: "vitae felis vel orci sagittis aliquam. Cras"
      text run at (0,380) width 325: "convallis adipiscing sem. Nam nonummy"
      text run at (0,399) width 315: "enim. Nullam bibendum lobortis neque."
      text run at (0,418) width 310: "Vestibulum velit orci, tempus euismod,"
      text run at (0,437) width 359: "pretium quis, interdum vitae, nulla. Phasellus"
      text run at (0,456) width 362: "eget ante et tortor condimentum vestibulum."
      text run at (0,475) width 339: "Suspendisse hendrerit quam nec felis. Sed"
      text run at (0,494) width 348: "varius turpis vitae pede. Lorem ipsum dolor"
      text run at (0,513) width 298: "sit amet, consectetuer adipiscing elit."
layer at (8,2175) size 750x266
  RenderBlock (anonymous multi-column) at (0,491) size 750x266
    RenderText {#text} at (0,0) size 364x532
      text run at (0,0) width 336: "Lorem ipsum dolor sit amet, consectetuer"
      text run at (0,19) width 310: "adipiscing elit. Nulla varius enim ac mi."
      text run at (0,38) width 364: "Curabitur sollicitudin felis quis lectus. Quisque"
      text run at (0,57) width 336: "adipiscing rhoncus sem. Proin nulla purus,"
      text run at (0,76) width 357: "vulputate vel, varius ut, euismod et, nisi. Sed"
      text run at (0,95) width 315: "vitae felis vel orci sagittis aliquam. Cras"
      text run at (0,114) width 325: "convallis adipiscing sem. Nam nonummy"
      text run at (0,133) width 315: "enim. Nullam bibendum lobortis neque."
      text run at (0,152) width 310: "Vestibulum velit orci, tempus euismod,"
      text run at (0,171) width 359: "pretium quis, interdum vitae, nulla. Phasellus"
      text run at (0,190) width 362: "eget ante et tortor condimentum vestibulum."
      text run at (0,209) width 339: "Suspendisse hendrerit quam nec felis. Sed"
      text run at (0,228) width 348: "varius turpis vitae pede. Lorem ipsum dolor"
      text run at (0,247) width 303: "sit amet, consectetuer adipiscing elit. "
      text run at (303,247) width 52: "Lorem"
      text run at (0,266) width 363: "ipsum dolor sit amet, consectetuer adipiscing"
      text run at (0,285) width 306: "elit. Nulla varius enim ac mi. Curabitur"
      text run at (0,304) width 284: "sollicitudin felis quis lectus. Quisque"
      text run at (0,323) width 336: "adipiscing rhoncus sem. Proin nulla purus,"
      text run at (0,342) width 357: "vulputate vel, varius ut, euismod et, nisi. Sed"
      text run at (0,361) width 315: "vitae felis vel orci sagittis aliquam. Cras"
      text run at (0,380) width 325: "convallis adipiscing sem. Nam nonummy"
      text run at (0,399) width 315: "enim. Nullam bibendum lobortis neque."
      text run at (0,418) width 310: "Vestibulum velit orci, tempus euismod,"
      text run at (0,437) width 359: "pretium quis, interdum vitae, nulla. Phasellus"
      text run at (0,456) width 362: "eget ante et tortor condimentum vestibulum."
      text run at (0,475) width 339: "Suspendisse hendrerit quam nec felis. Sed"
      text run at (0,494) width 348: "varius turpis vitae pede. Lorem ipsum dolor"
      text run at (0,513) width 298: "sit amet, consectetuer adipiscing elit."
