layer at (0,0) size 980x735
  RenderView at (0,0) size 980x735
layer at (0,0) size 980x735
  RenderBlock {HTML} at (0,0) size 980x735
    RenderBody {BODY} at (8,8) size 964x719
      RenderBlock {P} at (0,0) size 964x19
        RenderText {#text} at (0,0) size 457x19
          text run at (0,0) width 457: "Making sure the controller looks ok after a second load()."
      RenderBlock (anonymous) at (0,35) size 964x240
        RenderText {#text} at (0,0) size 0x0
layer at (8,43) size 320x240
  RenderVideo {VIDEO} at (0,0) size 320x240 [bgcolor=#000000]
layer at (8,43) size 320x240
  RenderDeprecatedFlexibleBox (relative positioned) {DIV} at (0,0) size 320x240
layer at (8,43) size 320x240
  RenderDeprecatedFlexibleBox (positioned) {DIV} at (0,0) size 320x240
layer at (8,240) size 320x40
  RenderDeprecatedFlexibleBox (relative positioned) {DIV} at (0,200) size 320x40
    RenderBlock {DIV} at (0,20) size 0x0
layer at (13,240) size 40x40
  RenderButton {INPUT} at (5,0) size 40x40
layer at (58,240) size 220x40
  RenderDeprecatedFlexibleBox (positioned) {DIV} at (50,0) size 220x40
    RenderSlider {INPUT} at (0,18) size 220x4
      RenderDeprecatedFlexibleBox {DIV} at (2,0) size 216x4
        RenderBlock {DIV} at (0,0) size 202x14
        RenderBlock {DIV} at (202,0) size 14x14
layer at (60,253) size 14x14
  RenderBlock (relative positioned) {DIV} at (0,-5) size 14x14
layer at (283,240) size 40x40
  RenderButton {INPUT} at (275,0) size 40x40
