layer at (0,0) size 980x735
  RenderView at (0,0) size 980x735
layer at (0,0) size 980x407
  RenderBlock {html} at (0,0) size 980x407
    RenderBody {body} at (8,16) size 964x375
      RenderBlock {p} at (0,0) size 964x19
        RenderText {#text} at (0,0) size 546x19
          text run at (0,0) width 546: "There should be two identical blue squares below, and no scrollbars."
      RenderBlock {div} at (0,35) size 160x160 [bgcolor=#000080]
      RenderBlock {p} at (0,211) size 964x164
        RenderPartObject {iframe} at (0,0) size 160x160 [bgcolor=#FF0000]
          layer at (0,0) size 160x160
            RenderView at (0,0) size 160x160
          layer at (0,0) size 160x160
            RenderSVGRoot {svg} at (0,0) size 160x160
              RenderSVGRect {rect} at (0,0) size 160x160 [fill={[type=SOLID] [color=#000080]}] [x=0.00] [y=0.00] [width=160.00] [height=160.00]
