layer at (0,0) size 800x600
  RenderView at (0,0) size 800x600
layer at (0,0) size 800x600
  RenderBlock {HTML} at (0,0) size 800x600
    RenderBody {BODY} at (8,8) size 784x584 [bgcolor=#FFFFFF]
      RenderTable {TABLE} at (0,0) size 38x110
        RenderTableSection {TBODY} at (0,0) size 38x110
          RenderTableRow {TR} at (0,2) size 38x16
            RenderTableCell {TD} at (2,2) size 34x16 [r=0 c=0 rs=1 cs=1]
              RenderText {#text} at (1,1) size 32x14
                text run at (1,1) width 32: "Row 0"
          RenderTableRow {TR} at (0,20) size 38x16
            RenderTableCell {TD} at (2,20) size 34x16 [r=1 c=0 rs=1 cs=1]
              RenderText {#text} at (1,1) size 32x14
                text run at (1,1) width 32: "Row 1"
          RenderTableRow {TR} at (0,38) size 38x16
            RenderTableCell {TD} at (2,38) size 34x16 [r=2 c=0 rs=1 cs=1]
              RenderText {#text} at (1,1) size 32x14
                text run at (1,1) width 32: "Row 2"
          RenderTableRow {TR} at (0,56) size 38x16
            RenderTableCell {TD} at (2,56) size 34x16 [r=3 c=0 rs=1 cs=1]
              RenderText {#text} at (1,1) size 32x14
                text run at (1,1) width 32: "Row 3"
          RenderTableRow {TR} at (0,74) size 38x16
            RenderTableCell {TD} at (2,74) size 34x16 [r=4 c=0 rs=1 cs=1]
              RenderText {#text} at (1,1) size 32x14
                text run at (1,1) width 32: "Row 4"
          RenderTableRow {TR} at (0,92) size 38x16
            RenderTableCell {TD} at (2,92) size 34x16 [r=5 c=0 rs=1 cs=1]
              RenderText {#text} at (1,1) size 32x14
                text run at (1,1) width 32: "Row 5"
      RenderBlock (anonymous) at (0,110) size 784x40
        RenderTextControl {INPUT} at (2,4) size 23x28 [color=#202020]
        RenderText {#text} at (27,13) size 3x14
          text run at (27,13) width 3: " "
        RenderTextControl {INPUT} at (32,4) size 23x28 [color=#202020]
        RenderText {#text} at (57,13) size 3x14
          text run at (57,13) width 3: " "
        RenderButton {INPUT} at (62,2) size 48x36 [color=#202020]
          RenderBlock (anonymous) at (15,8) size 18x18
            RenderText at (0,0) size 18x17
              text run at (0,0) width 18: "go"
        RenderText {#text} at (0,0) size 0x0
layer at (14,128) size 16x18
  RenderBlock {DIV} at (4,6) size 16x18
    RenderText {#text} at (1,0) size 9x17
      text run at (1,0) width 9: "2"
layer at (44,128) size 16x18
  RenderBlock {DIV} at (4,6) size 16x18
    RenderText {#text} at (1,0) size 9x17
      text run at (1,0) width 9: "4"
