layer at (0,0) size 800x682
  RenderView at (0,0) size 800x600
layer at (0,0) size 800x682
  RenderBlock {HTML} at (0,0) size 800x682
    RenderBody {BODY} at (8,8) size 784x666
      RenderBlock (anonymous) at (0,0) size 784x14
        RenderText {#text} at (0,0) size 3x14
          text run at (0,0) width 3: " "
      RenderTable {TABLE} at (0,14) size 784x608 [bgcolor=#FFFFCC] [border: (1px outset #808080)]
        RenderTableSection {TBODY} at (1,1) size 782x606
          RenderTableRow {TR} at (0,2) size 782x18
            RenderTableCell {TD} at (2,2) size 642x18 [border: (1px inset #808080)] [r=0 c=0 rs=1 cs=1]
              RenderText {#text} at (2,2) size 39x14
                text run at (2,2) width 39: "Cell one"
            RenderTableCell {TD} at (646,2) size 66x18 [border: (1px inset #808080)] [r=0 c=1 rs=1 cs=1]
              RenderText {#text} at (2,2) size 25x14
                text run at (2,2) width 25: "Cell2"
            RenderTableCell {TD} at (714,2) size 66x18 [border: (1px inset #808080)] [r=0 c=2 rs=1 cs=1]
              RenderText {#text} at (2,2) size 28x14
                text run at (2,2) width 28: "Cell 3"
          RenderTableRow {TR} at (0,22) size 782x18
            RenderTableCell {TD} at (2,22) size 642x18 [border: (1px inset #808080)] [r=1 c=0 rs=1 cs=1]
              RenderText {#text} at (2,2) size 28x14
                text run at (2,2) width 28: "Cell 4"
            RenderTableCell {TD} at (646,22) size 66x18 [border: (1px inset #808080)] [r=1 c=1 rs=1 cs=1]
              RenderText {#text} at (2,2) size 28x14
                text run at (2,2) width 28: "Cell 5"
            RenderTableCell {TD} at (714,22) size 66x18 [border: (1px inset #808080)] [r=1 c=2 rs=1 cs=1]
              RenderText {#text} at (2,2) size 28x14
                text run at (2,2) width 28: "Cell 6"
          RenderTableRow {TR} at (0,42) size 782x562
            RenderTableCell {TD} at (2,42) size 642x562 [border: (1px inset #808080)] [r=2 c=0 rs=1 cs=1]
              RenderTable {TABLE} at (2,2) size 638x544 [bgcolor=#DDDDDD] [border: (1px outset #808080)]
                RenderTableSection {TBODY} at (1,1) size 636x542
                  RenderTableRow {TR} at (0,2) size 636x18
                    RenderTableCell {TD} at (2,2) size 21x18 [border: (1px inset #808080)] [r=0 c=0 rs=1 cs=1]
                      RenderText {#text} at (2,2) size 6x14
                        text run at (2,2) width 6: "1"
                    RenderTableCell {TD} at (25,2) size 585x18 [border: (1px inset #808080)] [r=0 c=1 rs=1 cs=1]
                      RenderText {#text} at (2,2) size 6x14
                        text run at (2,2) width 6: "2"
                    RenderTableCell {TD} at (612,2) size 22x18 [border: (1px inset #808080)] [r=0 c=2 rs=1 cs=1]
                      RenderText {#text} at (2,2) size 6x14
                        text run at (2,2) width 6: "3"
                  RenderTableRow {TR} at (0,22) size 636x498
                    RenderTableCell {TD} at (2,262) size 21x18 [border: (1px inset #808080)] [r=1 c=0 rs=1 cs=1]
                      RenderText {#text} at (2,2) size 6x14
                        text run at (2,2) width 6: "4"
                    RenderTableCell {TD} at (25,22) size 585x498 [border: (1px inset #808080)] [r=1 c=1 rs=1 cs=1]
                      RenderTable {TABLE} at (2,2) size 581x480 [bgcolor=#66FFFF] [border: (1px outset #808080)]
                        RenderTableSection {TBODY} at (1,1) size 579x478
                          RenderTableRow {TR} at (0,2) size 579x434
                            RenderTableCell {TD} at (2,210) size 21x18 [border: (1px inset #808080)] [r=0 c=0 rs=1 cs=1]
                              RenderText {#text} at (2,2) size 6x14
                                text run at (2,2) width 6: "1"
                            RenderTableCell {TD} at (25,2) size 528x434 [border: (1px inset #808080)] [r=0 c=1 rs=1 cs=1]
                              RenderTable {TABLE} at (2,2) size 524x416 [bgcolor=#FF0000] [border: (1px outset #808080)]
                                RenderTableSection {TBODY} at (1,1) size 522x414
                                  RenderTableRow {TR} at (0,2) size 522x18
                                    RenderTableCell {TD} at (2,2) size 22x18 [border: (1px inset #808080)] [r=0 c=0 rs=1 cs=1]
                                      RenderText {#text} at (2,2) size 6x14
                                        text run at (2,2) width 6: "1"
                                    RenderTableCell {TD} at (26,2) size 22x18 [border: (1px inset #808080)] [r=0 c=1 rs=1 cs=1]
                                      RenderText {#text} at (2,2) size 6x14
                                        text run at (2,2) width 6: "2"
                                    RenderTableCell {TD} at (50,2) size 420x18 [border: (1px inset #808080)] [r=0 c=2 rs=1 cs=1]
                                      RenderText {#text} at (2,2) size 6x14
                                        text run at (2,2) width 6: "3"
                                    RenderTableCell {TD} at (472,2) size 23x18 [border: (1px inset #808080)] [r=0 c=3 rs=1 cs=1]
                                      RenderText {#text} at (2,2) size 6x14
                                        text run at (2,2) width 6: "4"
                                    RenderTableCell {TD} at (497,2) size 23x18 [border: (1px inset #808080)] [r=0 c=4 rs=1 cs=1]
                                      RenderText {#text} at (2,2) size 6x14
                                        text run at (2,2) width 6: "5"
                                  RenderTableRow {TR} at (0,22) size 522x330
                                    RenderTableCell {TD} at (2,178) size 22x18 [border: (1px inset #808080)] [r=1 c=0 rs=1 cs=1]
                                      RenderText {#text} at (2,2) size 6x14
                                        text run at (2,2) width 6: "6"
                                    RenderTableCell {TD} at (26,178) size 22x18 [border: (1px inset #808080)] [r=1 c=1 rs=1 cs=1]
                                      RenderText {#text} at (2,2) size 6x14
                                        text run at (2,2) width 6: "7"
                                    RenderTableCell {TD} at (50,22) size 420x330 [border: (1px inset #808080)] [r=1 c=2 rs=1 cs=1]
                                      RenderTable {TABLE} at (2,2) size 416x312 [bgcolor=#66FF99] [border: (1px outset #808080)]
                                        RenderTableSection {TBODY} at (1,1) size 414x310
                                          RenderTableRow {TR} at (0,2) size 414x18
                                            RenderTableCell {TD} at (2,2) size 23x18 [border: (1px inset #808080)] [r=0 c=0 rs=1 cs=1]
                                              RenderText {#text} at (2,2) size 5x14
                                                text run at (2,2) width 5: "a"
                                            RenderTableCell {TD} at (27,2) size 23x18 [border: (1px inset #808080)] [r=0 c=1 rs=1 cs=1]
                                              RenderText {#text} at (2,2) size 6x14
                                                text run at (2,2) width 6: "b"
                                            RenderTableCell {TD} at (52,2) size 308x18 [border: (1px inset #808080)] [r=0 c=2 rs=1 cs=1]
                                              RenderText {#text} at (2,2) size 5x14
                                                text run at (2,2) width 5: "c"
                                            RenderTableCell {TD} at (362,2) size 24x18 [border: (1px inset #808080)] [r=0 c=3 rs=1 cs=1]
                                              RenderText {#text} at (2,2) size 6x14
                                                text run at (2,2) width 6: "d"
                                            RenderTableCell {TD} at (388,2) size 24x18 [border: (1px inset #808080)] [r=0 c=4 rs=1 cs=1]
                                              RenderText {#text} at (2,2) size 5x14
                                                text run at (2,2) width 5: "e"
                                          RenderTableRow {TR} at (0,22) size 414x18
                                            RenderTableCell {TD} at (2,22) size 23x18 [border: (1px inset #808080)] [r=1 c=0 rs=1 cs=1]
                                              RenderText {#text} at (2,2) size 4x14
                                                text run at (2,2) width 4: "f"
                                            RenderTableCell {TD} at (27,22) size 23x18 [border: (1px inset #808080)] [r=1 c=1 rs=1 cs=1]
                                              RenderText {#text} at (2,2) size 6x14
                                                text run at (2,2) width 6: "g"
                                            RenderTableCell {TD} at (52,22) size 308x18 [border: (1px inset #808080)] [r=1 c=2 rs=1 cs=1]
                                              RenderText {#text} at (2,2) size 6x14
                                                text run at (2,2) width 6: "h"
                                            RenderTableCell {TD} at (362,22) size 24x18 [border: (1px inset #808080)] [r=1 c=3 rs=1 cs=1]
                                              RenderText {#text} at (2,2) size 3x14
                                                text run at (2,2) width 3: "i"
                                            RenderTableCell {TD} at (388,22) size 24x18 [border: (1px inset #808080)] [r=1 c=4 rs=1 cs=1]
                                              RenderText {#text} at (2,2) size 3x14
                                                text run at (2,2) width 3: "j"
                                          RenderTableRow {TR} at (0,42) size 414x226
                                            RenderTableCell {TD} at (2,146) size 23x18 [border: (1px inset #808080)] [r=2 c=0 rs=1 cs=1]
                                              RenderText {#text} at (2,2) size 6x14
                                                text run at (2,2) width 6: "k"
                                            RenderTableCell {TD} at (27,146) size 23x18 [border: (1px inset #808080)] [r=2 c=1 rs=1 cs=1]
                                              RenderText {#text} at (2,2) size 3x14
                                                text run at (2,2) width 3: "l"
                                            RenderTableCell {TD} at (52,42) size 308x226 [border: (1px inset #808080)] [r=2 c=2 rs=1 cs=1]
                                              RenderTable {TABLE} at (2,2) size 304x208 [bgcolor=#FF99FF] [border: (1px outset #808080)]
                                                RenderTableSection {TBODY} at (1,1) size 302x206
                                                  RenderTableRow {TR} at (0,2) size 302x18
                                                    RenderTableCell {TD} at (2,2) size 26x18 [border: (1px inset #808080)] [r=0 c=0 rs=1 cs=1]
                                                      RenderText {#text} at (2,2) size 5x14
                                                        text run at (2,2) width 5: "a"
                                                    RenderTableCell {TD} at (30,2) size 26x18 [border: (1px inset #808080)] [r=0 c=1 rs=1 cs=1]
                                                      RenderText {#text} at (2,2) size 6x14
                                                        text run at (2,2) width 6: "b"
                                                    RenderTableCell {TD} at (58,2) size 185x18 [border: (1px inset #808080)] [r=0 c=2 rs=1 cs=1]
                                                      RenderText {#text} at (2,2) size 5x14
                                                        text run at (2,2) width 5: "c"
                                                    RenderTableCell {TD} at (245,2) size 26x18 [border: (1px inset #808080)] [r=0 c=3 rs=1 cs=1]
                                                      RenderText {#text} at (2,2) size 6x14
                                                        text run at (2,2) width 6: "d"
                                                    RenderTableCell {TD} at (273,2) size 27x18 [border: (1px inset #808080)] [r=0 c=4 rs=1 cs=1]
                                                      RenderText {#text} at (2,2) size 5x14
                                                        text run at (2,2) width 5: "e"
                                                  RenderTableRow {TR} at (0,22) size 302x18
                                                    RenderTableCell {TD} at (2,22) size 26x18 [border: (1px inset #808080)] [r=1 c=0 rs=1 cs=1]
                                                      RenderText {#text} at (2,2) size 4x14
                                                        text run at (2,2) width 4: "f"
                                                    RenderTableCell {TD} at (30,22) size 26x18 [border: (1px inset #808080)] [r=1 c=1 rs=1 cs=1]
                                                      RenderText {#text} at (2,2) size 6x14
                                                        text run at (2,2) width 6: "g"
                                                    RenderTableCell {TD} at (58,22) size 185x18 [border: (1px inset #808080)] [r=1 c=2 rs=1 cs=1]
                                                      RenderText {#text} at (2,2) size 6x14
                                                        text run at (2,2) width 6: "h"
                                                    RenderTableCell {TD} at (245,22) size 26x18 [border: (1px inset #808080)] [r=1 c=3 rs=1 cs=1]
                                                      RenderText {#text} at (2,2) size 3x14
                                                        text run at (2,2) width 3: "i"
                                                    RenderTableCell {TD} at (273,22) size 27x18 [border: (1px inset #808080)] [r=1 c=4 rs=1 cs=1]
                                                      RenderText {#text} at (2,2) size 3x14
                                                        text run at (2,2) width 3: "j"
                                                  RenderTableRow {TR} at (0,42) size 302x122
                                                    RenderTableCell {TD} at (2,94) size 26x18 [border: (1px inset #808080)] [r=2 c=0 rs=1 cs=1]
                                                      RenderText {#text} at (2,2) size 6x14
                                                        text run at (2,2) width 6: "k"
                                                    RenderTableCell {TD} at (30,94) size 26x18 [border: (1px inset #808080)] [r=2 c=1 rs=1 cs=1]
                                                      RenderText {#text} at (2,2) size 3x14
                                                        text run at (2,2) width 3: "l"
                                                    RenderTableCell {TD} at (58,42) size 185x122 [border: (1px inset #808080)] [r=2 c=2 rs=1 cs=1]
                                                      RenderTable {TABLE} at (2,2) size 181x104 [bgcolor=#FF9900] [border: (1px outset #808080)]
                                                        RenderTableSection {TBODY} at (1,1) size 179x102
                                                          RenderTableRow {TR} at (0,2) size 179x18
                                                            RenderTableCell {TD} at (2,2) size 31x18 [border: (1px inset #808080)] [r=0 c=0 rs=1 cs=1]
                                                              RenderText {#text} at (2,2) size 5x14
                                                                text run at (2,2) width 5: "a"
                                                            RenderTableCell {TD} at (35,2) size 31x18 [border: (1px inset #808080)] [r=0 c=1 rs=1 cs=1]
                                                              RenderText {#text} at (2,2) size 6x14
                                                                text run at (2,2) width 6: "b"
                                                            RenderTableCell {TD} at (68,2) size 41x18 [border: (1px inset #808080)] [r=0 c=2 rs=1 cs=1]
                                                              RenderText {#text} at (2,2) size 5x14
                                                                text run at (2,2) width 5: "c"
                                                            RenderTableCell {TD} at (111,2) size 32x18 [border: (1px inset #808080)] [r=0 c=3 rs=1 cs=1]
                                                              RenderText {#text} at (2,2) size 6x14
                                                                text run at (2,2) width 6: "d"
                                                            RenderTableCell {TD} at (145,2) size 32x18 [border: (1px inset #808080)] [r=0 c=4 rs=1 cs=1]
                                                              RenderText {#text} at (2,2) size 5x14
                                                                text run at (2,2) width 5: "e"
                                                          RenderTableRow {TR} at (0,22) size 179x18
                                                            RenderTableCell {TD} at (2,22) size 31x18 [border: (1px inset #808080)] [r=1 c=0 rs=1 cs=1]
                                                              RenderText {#text} at (2,2) size 4x14
                                                                text run at (2,2) width 4: "f"
                                                            RenderTableCell {TD} at (35,22) size 31x18 [border: (1px inset #808080)] [r=1 c=1 rs=1 cs=1]
                                                              RenderText {#text} at (2,2) size 6x14
                                                                text run at (2,2) width 6: "g"
                                                            RenderTableCell {TD} at (68,22) size 41x18 [border: (1px inset #808080)] [r=1 c=2 rs=1 cs=1]
                                                              RenderText {#text} at (2,2) size 6x14
                                                                text run at (2,2) width 6: "h"
                                                            RenderTableCell {TD} at (111,22) size 32x18 [border: (1px inset #808080)] [r=1 c=3 rs=1 cs=1]
                                                              RenderText {#text} at (2,2) size 3x14
                                                                text run at (2,2) width 3: "i"
                                                            RenderTableCell {TD} at (145,22) size 32x18 [border: (1px inset #808080)] [r=1 c=4 rs=1 cs=1]
                                                              RenderText {#text} at (2,2) size 3x14
                                                                text run at (2,2) width 3: "j"
                                                          RenderTableRow {TR} at (0,42) size 179x18
                                                            RenderTableCell {TD} at (2,42) size 31x18 [border: (1px inset #808080)] [r=2 c=0 rs=1 cs=1]
                                                              RenderText {#text} at (2,2) size 6x14
                                                                text run at (2,2) width 6: "k"
                                                            RenderTableCell {TD} at (35,42) size 31x18 [border: (1px inset #808080)] [r=2 c=1 rs=1 cs=1]
                                                              RenderText {#text} at (2,2) size 3x14
                                                                text run at (2,2) width 3: "l"
                                                            RenderTableCell {TD} at (68,42) size 41x18 [border: (1px inset #808080)] [r=2 c=2 rs=1 cs=1]
                                                              RenderText {#text} at (2,2) size 9x14
                                                                text run at (2,2) width 9: "m"
                                                            RenderTableCell {TD} at (111,42) size 32x18 [border: (1px inset #808080)] [r=2 c=3 rs=1 cs=1]
                                                              RenderText {#text} at (2,2) size 6x14
                                                                text run at (2,2) width 6: "n"
                                                            RenderTableCell {TD} at (145,42) size 32x18 [border: (1px inset #808080)] [r=2 c=4 rs=1 cs=1]
                                                              RenderText {#text} at (2,2) size 6x14
                                                                text run at (2,2) width 6: "o"
                                                          RenderTableRow {TR} at (0,62) size 179x18
                                                            RenderTableCell {TD} at (2,62) size 31x18 [border: (1px inset #808080)] [r=3 c=0 rs=1 cs=1]
                                                              RenderText {#text} at (2,2) size 6x14
                                                                text run at (2,2) width 6: "p"
                                                            RenderTableCell {TD} at (35,62) size 31x18 [border: (1px inset #808080)] [r=3 c=1 rs=1 cs=1]
                                                              RenderText {#text} at (2,2) size 6x14
                                                                text run at (2,2) width 6: "q"
                                                            RenderTableCell {TD} at (68,62) size 41x18 [border: (1px inset #808080)] [r=3 c=2 rs=1 cs=1]
                                                              RenderText {#text} at (2,2) size 4x14
                                                                text run at (2,2) width 4: "r"
                                                            RenderTableCell {TD} at (111,62) size 32x18 [border: (1px inset #808080)] [r=3 c=3 rs=1 cs=1]
                                                              RenderText {#text} at (2,2) size 5x14
                                                                text run at (2,2) width 5: "s"
                                                            RenderTableCell {TD} at (145,62) size 32x18 [border: (1px inset #808080)] [r=3 c=4 rs=1 cs=1]
                                                              RenderText {#text} at (2,2) size 3x14
                                                                text run at (2,2) width 3: "t"
                                                          RenderTableRow {TR} at (0,82) size 179x18
                                                            RenderTableCell {TD} at (2,82) size 31x18 [border: (1px inset #808080)] [r=4 c=0 rs=1 cs=1]
                                                              RenderText {#text} at (2,2) size 6x14
                                                                text run at (2,2) width 6: "u"
                                                            RenderTableCell {TD} at (35,82) size 31x18 [border: (1px inset #808080)] [r=4 c=1 rs=1 cs=1]
                                                              RenderText {#text} at (2,2) size 6x14
                                                                text run at (2,2) width 6: "v"
                                                            RenderTableCell {TD} at (68,82) size 41x18 [border: (1px inset #808080)] [r=4 c=2 rs=1 cs=1]
                                                              RenderText {#text} at (2,2) size 9x14
                                                                text run at (2,2) width 9: "w"
                                                            RenderTableCell {TD} at (111,82) size 32x18 [border: (1px inset #808080)] [r=4 c=3 rs=1 cs=1]
                                                              RenderText {#text} at (2,2) size 6x14
                                                                text run at (2,2) width 6: "x"
                                                            RenderTableCell {TD} at (145,82) size 32x18 [border: (1px inset #808080)] [r=4 c=4 rs=1 cs=1]
                                                              RenderText {#text} at (2,2) size 6x14
                                                                text run at (2,2) width 6: "y"
                                                      RenderBlock (anonymous) at (2,106) size 181x14
                                                        RenderText {#text} at (0,0) size 3x14
                                                          text run at (0,0) width 3: " "
                                                    RenderTableCell {TD} at (245,94) size 26x18 [border: (1px inset #808080)] [r=2 c=3 rs=1 cs=1]
                                                      RenderText {#text} at (2,2) size 6x14
                                                        text run at (2,2) width 6: "n"
                                                    RenderTableCell {TD} at (273,94) size 27x18 [border: (1px inset #808080)] [r=2 c=4 rs=1 cs=1]
                                                      RenderText {#text} at (2,2) size 6x14
                                                        text run at (2,2) width 6: "o"
                                                  RenderTableRow {TR} at (0,166) size 302x18
                                                    RenderTableCell {TD} at (2,166) size 26x18 [border: (1px inset #808080)] [r=3 c=0 rs=1 cs=1]
                                                      RenderText {#text} at (2,2) size 6x14
                                                        text run at (2,2) width 6: "p"
                                                    RenderTableCell {TD} at (30,166) size 26x18 [border: (1px inset #808080)] [r=3 c=1 rs=1 cs=1]
                                                      RenderText {#text} at (2,2) size 6x14
                                                        text run at (2,2) width 6: "q"
                                                    RenderTableCell {TD} at (58,166) size 185x18 [border: (1px inset #808080)] [r=3 c=2 rs=1 cs=1]
                                                      RenderText {#text} at (2,2) size 4x14
                                                        text run at (2,2) width 4: "r"
                                                    RenderTableCell {TD} at (245,166) size 26x18 [border: (1px inset #808080)] [r=3 c=3 rs=1 cs=1]
                                                      RenderText {#text} at (2,2) size 5x14
                                                        text run at (2,2) width 5: "s"
                                                    RenderTableCell {TD} at (273,166) size 27x18 [border: (1px inset #808080)] [r=3 c=4 rs=1 cs=1]
                                                      RenderText {#text} at (2,2) size 3x14
                                                        text run at (2,2) width 3: "t"
                                                  RenderTableRow {TR} at (0,186) size 302x18
                                                    RenderTableCell {TD} at (2,186) size 26x18 [border: (1px inset #808080)] [r=4 c=0 rs=1 cs=1]
                                                      RenderText {#text} at (2,2) size 6x14
                                                        text run at (2,2) width 6: "u"
                                                    RenderTableCell {TD} at (30,186) size 26x18 [border: (1px inset #808080)] [r=4 c=1 rs=1 cs=1]
                                                      RenderText {#text} at (2,2) size 6x14
                                                        text run at (2,2) width 6: "v"
                                                    RenderTableCell {TD} at (58,186) size 185x18 [border: (1px inset #808080)] [r=4 c=2 rs=1 cs=1]
                                                      RenderText {#text} at (2,2) size 9x14
                                                        text run at (2,2) width 9: "w"
                                                    RenderTableCell {TD} at (245,186) size 26x18 [border: (1px inset #808080)] [r=4 c=3 rs=1 cs=1]
                                                      RenderText {#text} at (2,2) size 6x14
                                                        text run at (2,2) width 6: "x"
                                                    RenderTableCell {TD} at (273,186) size 27x18 [border: (1px inset #808080)] [r=4 c=4 rs=1 cs=1]
                                                      RenderText {#text} at (2,2) size 6x14
                                                        text run at (2,2) width 6: "y"
                                              RenderBlock (anonymous) at (2,210) size 304x14
                                                RenderText {#text} at (0,0) size 3x14
                                                  text run at (0,0) width 3: " "
                                            RenderTableCell {TD} at (362,146) size 24x18 [border: (1px inset #808080)] [r=2 c=3 rs=1 cs=1]
                                              RenderText {#text} at (2,2) size 6x14
                                                text run at (2,2) width 6: "n"
                                            RenderTableCell {TD} at (388,146) size 24x18 [border: (1px inset #808080)] [r=2 c=4 rs=1 cs=1]
                                              RenderText {#text} at (2,2) size 6x14
                                                text run at (2,2) width 6: "o"
                                          RenderTableRow {TR} at (0,270) size 414x18
                                            RenderTableCell {TD} at (2,270) size 23x18 [border: (1px inset #808080)] [r=3 c=0 rs=1 cs=1]
                                              RenderText {#text} at (2,2) size 6x14
                                                text run at (2,2) width 6: "p"
                                            RenderTableCell {TD} at (27,270) size 23x18 [border: (1px inset #808080)] [r=3 c=1 rs=1 cs=1]
                                              RenderText {#text} at (2,2) size 6x14
                                                text run at (2,2) width 6: "q"
                                            RenderTableCell {TD} at (52,270) size 308x18 [border: (1px inset #808080)] [r=3 c=2 rs=1 cs=1]
                                              RenderText {#text} at (2,2) size 4x14
                                                text run at (2,2) width 4: "r"
                                            RenderTableCell {TD} at (362,270) size 24x18 [border: (1px inset #808080)] [r=3 c=3 rs=1 cs=1]
                                              RenderText {#text} at (2,2) size 5x14
                                                text run at (2,2) width 5: "s"
                                            RenderTableCell {TD} at (388,270) size 24x18 [border: (1px inset #808080)] [r=3 c=4 rs=1 cs=1]
                                              RenderText {#text} at (2,2) size 3x14
                                                text run at (2,2) width 3: "t"
                                          RenderTableRow {TR} at (0,290) size 414x18
                                            RenderTableCell {TD} at (2,290) size 23x18 [border: (1px inset #808080)] [r=4 c=0 rs=1 cs=1]
                                              RenderText {#text} at (2,2) size 6x14
                                                text run at (2,2) width 6: "u"
                                            RenderTableCell {TD} at (27,290) size 23x18 [border: (1px inset #808080)] [r=4 c=1 rs=1 cs=1]
                                              RenderText {#text} at (2,2) size 6x14
                                                text run at (2,2) width 6: "v"
                                            RenderTableCell {TD} at (52,290) size 308x18 [border: (1px inset #808080)] [r=4 c=2 rs=1 cs=1]
                                              RenderText {#text} at (2,2) size 9x14
                                                text run at (2,2) width 9: "w"
                                            RenderTableCell {TD} at (362,290) size 24x18 [border: (1px inset #808080)] [r=4 c=3 rs=1 cs=1]
                                              RenderText {#text} at (2,2) size 6x14
                                                text run at (2,2) width 6: "x"
                                            RenderTableCell {TD} at (388,290) size 24x18 [border: (1px inset #808080)] [r=4 c=4 rs=1 cs=1]
                                              RenderText {#text} at (2,2) size 6x14
                                                text run at (2,2) width 6: "y"
                                      RenderBlock (anonymous) at (2,314) size 416x14
                                        RenderText {#text} at (0,0) size 3x14
                                          text run at (0,0) width 3: " "
                                    RenderTableCell {TD} at (472,178) size 23x18 [border: (1px inset #808080)] [r=1 c=3 rs=1 cs=1]
                                      RenderText {#text} at (2,2) size 6x14
                                        text run at (2,2) width 6: "9"
                                    RenderTableCell {TD} at (497,178) size 23x18 [border: (1px inset #808080)] [r=1 c=4 rs=1 cs=1]
                                      RenderText {#text} at (2,2) size 6x14
                                        text run at (2,2) width 6: "0"
                                  RenderTableRow {TR} at (0,354) size 522x18
                                    RenderTableCell {TD} at (2,354) size 22x18 [border: (1px inset #808080)] [r=2 c=0 rs=1 cs=1]
                                      RenderText {#text} at (2,2) size 5x14
                                        text run at (2,2) width 5: "a"
                                    RenderTableCell {TD} at (26,354) size 22x18 [border: (1px inset #808080)] [r=2 c=1 rs=1 cs=1]
                                      RenderText {#text} at (2,2) size 6x14
                                        text run at (2,2) width 6: "b"
                                    RenderTableCell {TD} at (50,354) size 420x18 [border: (1px inset #808080)] [r=2 c=2 rs=1 cs=1]
                                      RenderText {#text} at (2,2) size 5x14
                                        text run at (2,2) width 5: "c"
                                    RenderTableCell {TD} at (472,354) size 23x18 [border: (1px inset #808080)] [r=2 c=3 rs=1 cs=1]
                                      RenderText {#text} at (2,2) size 6x14
                                        text run at (2,2) width 6: "d"
                                    RenderTableCell {TD} at (497,354) size 23x18 [border: (1px inset #808080)] [r=2 c=4 rs=1 cs=1]
                                      RenderText {#text} at (2,2) size 5x14
                                        text run at (2,2) width 5: "e"
                                  RenderTableRow {TR} at (0,374) size 522x18
                                    RenderTableCell {TD} at (2,374) size 22x18 [border: (1px inset #808080)] [r=3 c=0 rs=1 cs=1]
                                      RenderText {#text} at (2,2) size 4x14
                                        text run at (2,2) width 4: "f"
                                    RenderTableCell {TD} at (26,374) size 22x18 [border: (1px inset #808080)] [r=3 c=1 rs=1 cs=1]
                                      RenderText {#text} at (2,2) size 6x14
                                        text run at (2,2) width 6: "g"
                                    RenderTableCell {TD} at (50,374) size 420x18 [border: (1px inset #808080)] [r=3 c=2 rs=1 cs=1]
                                      RenderText {#text} at (2,2) size 6x14
                                        text run at (2,2) width 6: "h"
                                    RenderTableCell {TD} at (472,374) size 23x18 [border: (1px inset #808080)] [r=3 c=3 rs=1 cs=1]
                                      RenderText {#text} at (2,2) size 3x14
                                        text run at (2,2) width 3: "i"
                                    RenderTableCell {TD} at (497,374) size 23x18 [border: (1px inset #808080)] [r=3 c=4 rs=1 cs=1]
                                      RenderText {#text} at (2,2) size 3x14
                                        text run at (2,2) width 3: "j"
                                  RenderTableRow {TR} at (0,394) size 522x18
                                    RenderTableCell {TD} at (2,394) size 22x18 [border: (1px inset #808080)] [r=4 c=0 rs=1 cs=1]
                                      RenderText {#text} at (2,2) size 6x14
                                        text run at (2,2) width 6: "k"
                                    RenderTableCell {TD} at (26,394) size 22x18 [border: (1px inset #808080)] [r=4 c=1 rs=1 cs=1]
                                      RenderText {#text} at (2,2) size 3x14
                                        text run at (2,2) width 3: "l"
                                    RenderTableCell {TD} at (50,394) size 420x18 [border: (1px inset #808080)] [r=4 c=2 rs=1 cs=1]
                                      RenderText {#text} at (2,2) size 9x14
                                        text run at (2,2) width 9: "m"
                                    RenderTableCell {TD} at (472,394) size 23x18 [border: (1px inset #808080)] [r=4 c=3 rs=1 cs=1]
                                      RenderText {#text} at (2,2) size 6x14
                                        text run at (2,2) width 6: "n"
                                    RenderTableCell {TD} at (497,394) size 23x18 [border: (1px inset #808080)] [r=4 c=4 rs=1 cs=1]
                                      RenderText {#text} at (2,2) size 6x14
                                        text run at (2,2) width 6: "o"
                              RenderBlock (anonymous) at (2,418) size 524x14
                                RenderText {#text} at (0,0) size 3x14
                                  text run at (0,0) width 3: " "
                            RenderTableCell {TD} at (555,210) size 22x18 [border: (1px inset #808080)] [r=0 c=2 rs=1 cs=1]
                              RenderText {#text} at (2,2) size 6x14
                                text run at (2,2) width 6: "3"
                          RenderTableRow {TR} at (0,438) size 579x18
                            RenderTableCell {TD} at (2,438) size 21x18 [border: (1px inset #808080)] [r=1 c=0 rs=1 cs=1]
                              RenderText {#text} at (2,2) size 6x14
                                text run at (2,2) width 6: "4"
                            RenderTableCell {TD} at (25,438) size 528x18 [border: (1px inset #808080)] [r=1 c=1 rs=1 cs=1]
                              RenderText {#text} at (2,2) size 6x14
                                text run at (2,2) width 6: "5"
                            RenderTableCell {TD} at (555,438) size 22x18 [border: (1px inset #808080)] [r=1 c=2 rs=1 cs=1]
                              RenderText {#text} at (2,2) size 6x14
                                text run at (2,2) width 6: "6"
                          RenderTableRow {TR} at (0,458) size 579x18
                            RenderTableCell {TD} at (2,458) size 21x18 [border: (1px inset #808080)] [r=2 c=0 rs=1 cs=1]
                              RenderText {#text} at (2,2) size 6x14
                                text run at (2,2) width 6: "7"
                            RenderTableCell {TD} at (25,458) size 528x18 [border: (1px inset #808080)] [r=2 c=1 rs=1 cs=1]
                              RenderText {#text} at (2,2) size 6x14
                                text run at (2,2) width 6: "8"
                            RenderTableCell {TD} at (555,458) size 22x18 [border: (1px inset #808080)] [r=2 c=2 rs=1 cs=1]
                              RenderText {#text} at (2,2) size 6x14
                                text run at (2,2) width 6: "9"
                      RenderBlock (anonymous) at (2,482) size 581x14
                        RenderText {#text} at (0,0) size 3x14
                          text run at (0,0) width 3: " "
                    RenderTableCell {TD} at (612,262) size 22x18 [border: (1px inset #808080)] [r=1 c=2 rs=1 cs=1]
                      RenderText {#text} at (2,2) size 6x14
                        text run at (2,2) width 6: "6"
                  RenderTableRow {TR} at (0,522) size 636x18
                    RenderTableCell {TD} at (2,522) size 21x18 [border: (1px inset #808080)] [r=2 c=0 rs=1 cs=1]
                      RenderText {#text} at (2,2) size 6x14
                        text run at (2,2) width 6: "7"
                    RenderTableCell {TD} at (25,522) size 585x18 [border: (1px inset #808080)] [r=2 c=1 rs=1 cs=1]
                      RenderText {#text} at (2,2) size 6x14
                        text run at (2,2) width 6: "8"
                    RenderTableCell {TD} at (612,522) size 22x18 [border: (1px inset #808080)] [r=2 c=2 rs=1 cs=1]
                      RenderText {#text} at (2,2) size 6x14
                        text run at (2,2) width 6: "9"
              RenderBlock (anonymous) at (2,546) size 638x14
                RenderText {#text} at (0,0) size 3x14
                  text run at (0,0) width 3: " "
            RenderTableCell {TD} at (646,314) size 66x18 [border: (1px inset #808080)] [r=2 c=1 rs=1 cs=1]
              RenderText {#text} at (2,2) size 6x14
                text run at (2,2) width 6: "8"
            RenderTableCell {TD} at (714,314) size 66x18 [border: (1px inset #808080)] [r=2 c=2 rs=1 cs=1]
              RenderText {#text} at (2,2) size 6x14
                text run at (2,2) width 6: "9"
      RenderBlock (anonymous) at (0,622) size 784x28
        RenderText {#text} at (0,0) size 6x14
          text run at (0,0) width 6: "  "
        RenderBR {BR} at (6,11) size 0x0
        RenderText {#text} at (0,14) size 210x14
          text run at (0,14) width 210: "the following text should display on one line"
      RenderTable {TABLE} at (0,650) size 207x16
        RenderTableSection {TBODY} at (0,0) size 207x16
          RenderTableRow {TR} at (0,0) size 207x16
            RenderTableCell {TD} at (0,0) size 207x16 [bgcolor=#B70000] [r=0 c=0 rs=1 cs=1]
              RenderTable {TABLE} at (0,0) size 207x16
                RenderTableSection {TBODY} at (0,0) size 207x16
                  RenderTableRow {TR} at (0,0) size 207x16
                    RenderTableCell {TD} at (0,0) size 13x16 [r=0 c=0 rs=1 cs=1]
                      RenderImage {IMG} at (0,0) size 13x16
                    RenderTableCell {TD} at (13,1) size 190x14 [r=0 c=1 rs=1 cs=1]
                      RenderText {#text} at (0,0) size 122x14
                        text run at (0,0) width 122: "AlphaLinux Distributions"
                    RenderTableCell {TD} at (203,0) size 4x4 [r=0 c=2 rs=1 cs=1]
                      RenderImage {IMG} at (0,0) size 4x4
