layer at (0,0) size 800x600
  RenderView at (0,0) size 800x600
layer at (0,0) size 800x600
  RenderBlock {HTML} at (0,0) size 800x600
    RenderBody {BODY} at (8,8) size 784x584
      RenderTable {TABLE} at (0,0) size 735x38 [border: (2px outset #808080)]
        RenderTableSection {TBODY} at (2,2) size 731x34
          RenderTableRow {TR} at (0,3) size 731x28
            RenderTableCell {TD} at (3,3) size 248x28 [bgcolor=#DDDDDD] [border: (1px inset #808080)] [r=0 c=0 rs=1 cs=1]
              RenderTable {TABLE} at (2,2) size 244x24 [border: (1px outset #808080)]
                RenderTableSection {TBODY} at (1,1) size 242x22
                  RenderTableRow {TR} at (0,3) size 242x16
                    RenderTableCell {TD} at (3,3) size 236x16 [border: (1px inset #808080)] [r=0 c=0 rs=1 cs=1]
                      RenderText {#text} at (1,1) size 234x14
                        text run at (1,1) width 234: "TheMozillaOrganization-TheMozillaOrganization"
            RenderTableCell {TD} at (254,8) size 474x18 [border: (1px inset #808080)] [r=0 c=1 rs=1 cs=1]
              RenderText {#text} at (2,2) size 470x14
                text run at (2,2) width 470: "Checkin Guidelines for the Seamonkey Tree xxxxxxxxxxxxxx xxxxxxxxxxxxxxxx xxxxxxxxxxxx"
