layer at (0,0) size 800x600
  RenderView at (0,0) size 800x600
layer at (0,0) size 800x600
  RenderBlock {HTML} at (0,0) size 800x600
    RenderBody {BODY} at (8,8) size 784x584
      RenderBlock (anonymous) at (0,0) size 784x14
        RenderText {#text} at (0,0) size 200x14
          text run at (0,0) width 200: "This table should have cell padding of 5px"
      RenderTable {TABLE} at (0,14) size 91x60 [border: (1px outset #808080)]
        RenderTableSection {TBODY} at (1,1) size 89x58
          RenderTableRow {TR} at (0,2) size 89x26
            RenderTableCell {TD} at (2,2) size 39x26 [border: (1px inset #808080)] [r=0 c=0 rs=1 cs=1]
              RenderText {#text} at (6,6) size 27x14
                text run at (6,6) width 27: "AAA"
            RenderTableCell {TD} at (43,2) size 44x26 [border: (1px inset #808080)] [r=0 c=1 rs=1 cs=1]
              RenderText {#text} at (6,6) size 32x14
                text run at (6,6) width 32: "BBBB"
          RenderTableRow {TR} at (0,30) size 89x26
            RenderTableCell {TD} at (2,30) size 39x26 [border: (1px inset #808080)] [r=1 c=0 rs=1 cs=1]
              RenderText {#text} at (6,6) size 27x14
                text run at (6,6) width 27: "AAA"
            RenderTableCell {TD} at (43,30) size 44x26 [border: (1px inset #808080)] [r=1 c=1 rs=1 cs=1]
              RenderText {#text} at (6,6) size 32x14
                text run at (6,6) width 32: "BBBB"
      RenderBlock (anonymous) at (0,74) size 784x28
        RenderBR {BR} at (0,0) size 0x14
        RenderText {#text} at (0,14) size 200x14
          text run at (0,14) width 200: "This table should have cell padding of 5px"
      RenderTable {TABLE} at (0,102) size 91x60 [border: (1px outset #808080)]
        RenderTableSection {TBODY} at (1,1) size 89x58
          RenderTableRow {TR} at (0,2) size 89x26
            RenderTableCell {TD} at (2,2) size 39x26 [border: (1px inset #808080)] [r=0 c=0 rs=1 cs=1]
              RenderText {#text} at (6,6) size 27x14
                text run at (6,6) width 27: "AAA"
            RenderTableCell {TD} at (43,2) size 44x26 [border: (1px inset #808080)] [r=0 c=1 rs=1 cs=1]
              RenderText {#text} at (6,6) size 32x14
                text run at (6,6) width 32: "BBBB"
          RenderTableRow {TR} at (0,30) size 89x26
            RenderTableCell {TD} at (2,30) size 39x26 [border: (1px inset #808080)] [r=1 c=0 rs=1 cs=1]
              RenderText {#text} at (6,6) size 27x14
                text run at (6,6) width 27: "AAA"
            RenderTableCell {TD} at (43,30) size 44x26 [border: (1px inset #808080)] [r=1 c=1 rs=1 cs=1]
              RenderText {#text} at (6,6) size 32x14
                text run at (6,6) width 32: "BBBB"
      RenderBlock (anonymous) at (0,162) size 784x28
        RenderBR {BR} at (0,0) size 0x14
        RenderText {#text} at (0,14) size 200x14
          text run at (0,14) width 200: "This table should have cell padding of 5px"
      RenderTable {TABLE} at (0,190) size 91x60 [border: (1px outset #808080)]
        RenderTableSection {TBODY} at (1,1) size 89x58
          RenderTableRow {TR} at (0,2) size 89x26
            RenderTableCell {TD} at (2,2) size 39x26 [border: (1px inset #808080)] [r=0 c=0 rs=1 cs=1]
              RenderText {#text} at (6,6) size 27x14
                text run at (6,6) width 27: "AAA"
            RenderTableCell {TD} at (43,2) size 44x26 [border: (1px inset #808080)] [r=0 c=1 rs=1 cs=1]
              RenderText {#text} at (6,6) size 32x14
                text run at (6,6) width 32: "BBBB"
          RenderTableRow {TR} at (0,30) size 89x26
            RenderTableCell {TD} at (2,30) size 39x26 [border: (1px inset #808080)] [r=1 c=0 rs=1 cs=1]
              RenderText {#text} at (6,6) size 27x14
                text run at (6,6) width 27: "AAA"
            RenderTableCell {TD} at (43,30) size 44x26 [border: (1px inset #808080)] [r=1 c=1 rs=1 cs=1]
              RenderText {#text} at (6,6) size 32x14
                text run at (6,6) width 32: "BBBB"
      RenderBlock (anonymous) at (0,250) size 784x28
        RenderBR {BR} at (0,0) size 0x14
        RenderText {#text} at (0,14) size 396x14
          text run at (0,14) width 396: "This table should have cell padding of 5px except the 1st cell's left padding will be 0"
      RenderTable {TABLE} at (0,278) size 91x60 [border: (1px outset #808080)]
        RenderTableSection {TBODY} at (1,1) size 89x58
          RenderTableRow {TR} at (0,2) size 89x26
            RenderTableCell {TD} at (2,2) size 39x26 [border: (1px inset #808080)] [r=0 c=0 rs=1 cs=1]
              RenderText {#text} at (1,6) size 27x14
                text run at (1,6) width 27: "AAA"
            RenderTableCell {TD} at (43,2) size 44x26 [border: (1px inset #808080)] [r=0 c=1 rs=1 cs=1]
              RenderText {#text} at (6,6) size 32x14
                text run at (6,6) width 32: "BBBB"
          RenderTableRow {TR} at (0,30) size 89x26
            RenderTableCell {TD} at (2,30) size 39x26 [border: (1px inset #808080)] [r=1 c=0 rs=1 cs=1]
              RenderText {#text} at (6,6) size 27x14
                text run at (6,6) width 27: "AAA"
            RenderTableCell {TD} at (43,30) size 44x26 [border: (1px inset #808080)] [r=1 c=1 rs=1 cs=1]
              RenderText {#text} at (6,6) size 32x14
                text run at (6,6) width 32: "BBBB"
      RenderBlock (anonymous) at (0,338) size 784x28
        RenderBR {BR} at (0,0) size 0x14
        RenderText {#text} at (0,14) size 404x14
          text run at (0,14) width 404: "This table should have cell padding of 5px except the last cell's left padding will be 30"
      RenderTable {TABLE} at (0,366) size 116x60 [border: (1px outset #808080)]
        RenderTableSection {TBODY} at (1,1) size 114x58
          RenderTableRow {TR} at (0,2) size 114x26
            RenderTableCell {TD} at (2,2) size 39x26 [border: (1px inset #808080)] [r=0 c=0 rs=1 cs=1]
              RenderText {#text} at (6,6) size 27x14
                text run at (6,6) width 27: "AAA"
            RenderTableCell {TD} at (43,2) size 69x26 [border: (1px inset #808080)] [r=0 c=1 rs=1 cs=1]
              RenderText {#text} at (6,6) size 32x14
                text run at (6,6) width 32: "BBBB"
          RenderTableRow {TR} at (0,30) size 114x26
            RenderTableCell {TD} at (2,30) size 39x26 [border: (1px inset #808080)] [r=1 c=0 rs=1 cs=1]
              RenderText {#text} at (6,6) size 27x14
                text run at (6,6) width 27: "AAA"
            RenderTableCell {TD} at (43,30) size 69x26 [border: (1px inset #808080)] [r=1 c=1 rs=1 cs=1]
              RenderText {#text} at (31,6) size 32x14
                text run at (31,6) width 32: "BBBB"
