layer at (0,0) size 800x600
  RenderView at (0,0) size 800x600
layer at (0,0) size 800x600
  RenderBlock {HTML} at (0,0) size 800x600
    RenderBody {BODY} at (8,8) size 784x584
      RenderTable {TABLE} at (0,0) size 784x340
        RenderTableSection {TBODY} at (0,0) size 784x340
          RenderTableRow {TR} at (0,0) size 784x10
            RenderTableCell {TD} at (0,0) size 7x10 [bgcolor=#FDFDFB] [r=0 c=0 rs=1 cs=1]
              RenderInline {FONT} at (0,0) size 2x10
                RenderText {#text} at (0,0) size 2x10
                  text run at (0,0) width 2: " "
            RenderTableCell {TD} at (7,0) size 7x10 [bgcolor=#FDFDFB] [r=0 c=1 rs=1 cs=1]
              RenderInline {FONT} at (0,0) size 2x10
                RenderText {#text} at (0,0) size 2x10
                  text run at (0,0) width 2: " "
            RenderTableCell {TD} at (14,0) size 7x10 [bgcolor=#FDFDFB] [r=0 c=2 rs=1 cs=1]
              RenderInline {FONT} at (0,0) size 2x10
                RenderText {#text} at (0,0) size 2x10
                  text run at (0,0) width 2: " "
            RenderTableCell {TD} at (21,0) size 7x10 [bgcolor=#FDFDFB] [r=0 c=3 rs=1 cs=1]
              RenderInline {FONT} at (0,0) size 2x10
                RenderText {#text} at (0,0) size 2x10
                  text run at (0,0) width 2: " "
            RenderTableCell {TD} at (28,0) size 7x10 [bgcolor=#FDFDFB] [r=0 c=4 rs=1 cs=1]
              RenderInline {FONT} at (0,0) size 2x10
                RenderText {#text} at (0,0) size 2x10
                  text run at (0,0) width 2: " "
            RenderTableCell {TD} at (35,0) size 7x10 [bgcolor=#FDFDFB] [r=0 c=5 rs=1 cs=1]
              RenderInline {FONT} at (0,0) size 2x10
                RenderText {#text} at (0,0) size 2x10
                  text run at (0,0) width 2: " "
            RenderTableCell {TD} at (42,0) size 7x10 [bgcolor=#FDFDFB] [r=0 c=6 rs=1 cs=1]
              RenderInline {FONT} at (0,0) size 2x10
                RenderText {#text} at (0,0) size 2x10
                  text run at (0,0) width 2: " "
            RenderTableCell {TD} at (49,0) size 7x10 [bgcolor=#FDFDFB] [r=0 c=7 rs=1 cs=1]
              RenderInline {FONT} at (0,0) size 2x10
                RenderText {#text} at (0,0) size 2x10
                  text run at (0,0) width 2: " "
            RenderTableCell {TD} at (56,0) size 7x10 [bgcolor=#FDFDFB] [r=0 c=8 rs=1 cs=1]
              RenderInline {FONT} at (0,0) size 2x10
                RenderText {#text} at (0,0) size 2x10
                  text run at (0,0) width 2: " "
            RenderTableCell {TD} at (63,0) size 7x10 [bgcolor=#FDFDFB] [r=0 c=9 rs=1 cs=1]
              RenderInline {FONT} at (0,0) size 2x10
                RenderText {#text} at (0,0) size 2x10
                  text run at (0,0) width 2: " "
            RenderTableCell {TD} at (70,0) size 7x10 [bgcolor=#CADEDD] [r=0 c=10 rs=1 cs=1]
              RenderInline {FONT} at (0,0) size 2x10
                RenderText {#text} at (0,0) size 2x10
                  text run at (0,0) width 2: " "
            RenderTableCell {TD} at (77,0) size 7x10 [bgcolor=#97C1C0] [r=0 c=11 rs=1 cs=1]
              RenderInline {FONT} at (0,0) size 2x10
                RenderText {#text} at (0,0) size 2x10
                  text run at (0,0) width 2: " "
            RenderTableCell {TD} at (84,0) size 7x10 [bgcolor=#5CADAE] [r=0 c=12 rs=1 cs=1]
              RenderInline {FONT} at (0,0) size 2x10
                RenderText {#text} at (0,0) size 2x10
                  text run at (0,0) width 2: " "
            RenderTableCell {TD} at (91,0) size 7x10 [bgcolor=#048485] [r=0 c=13 rs=1 cs=1]
              RenderInline {FONT} at (0,0) size 2x10
                RenderText {#text} at (0,0) size 2x10
                  text run at (0,0) width 2: " "
            RenderTableCell {TD} at (98,0) size 7x10 [bgcolor=#048485] [r=0 c=14 rs=1 cs=1]
              RenderInline {FONT} at (0,0) size 2x10
                RenderText {#text} at (0,0) size 2x10
                  text run at (0,0) width 2: " "
            RenderTableCell {TD} at (105,0) size 7x10 [bgcolor=#027777] [r=0 c=15 rs=1 cs=1]
              RenderInline {FONT} at (0,0) size 2x10
                RenderText {#text} at (0,0) size 2x10
                  text run at (0,0) width 2: " "
            RenderTableCell {TD} at (112,0) size 8x10 [bgcolor=#027777] [r=0 c=16 rs=1 cs=1]
              RenderInline {FONT} at (0,0) size 2x10
                RenderText {#text} at (0,0) size 2x10
                  text run at (0,0) width 2: " "
            RenderTableCell {TD} at (120,0) size 8x10 [bgcolor=#027777] [r=0 c=17 rs=1 cs=1]
              RenderInline {FONT} at (0,0) size 2x10
                RenderText {#text} at (0,0) size 2x10
                  text run at (0,0) width 2: " "
            RenderTableCell {TD} at (128,0) size 8x10 [bgcolor=#027777] [r=0 c=18 rs=1 cs=1]
              RenderInline {FONT} at (0,0) size 2x10
                RenderText {#text} at (0,0) size 2x10
                  text run at (0,0) width 2: " "
            RenderTableCell {TD} at (136,0) size 8x10 [bgcolor=#027777] [r=0 c=19 rs=1 cs=1]
              RenderInline {FONT} at (0,0) size 2x10
                RenderText {#text} at (0,0) size 2x10
                  text run at (0,0) width 2: " "
            RenderTableCell {TD} at (144,0) size 8x10 [bgcolor=#1B8685] [r=0 c=20 rs=1 cs=1]
              RenderInline {FONT} at (0,0) size 2x10
                RenderText {#text} at (0,0) size 2x10
                  text run at (0,0) width 2: " "
            RenderTableCell {TD} at (152,0) size 8x10 [bgcolor=#60A2A3] [r=0 c=21 rs=1 cs=1]
              RenderInline {FONT} at (0,0) size 2x10
                RenderText {#text} at (0,0) size 2x10
                  text run at (0,0) width 2: " "
            RenderTableCell {TD} at (160,0) size 8x10 [bgcolor=#8DB7B6] [r=0 c=22 rs=1 cs=1]
              RenderInline {FONT} at (0,0) size 2x10
                RenderText {#text} at (0,0) size 2x10
                  text run at (0,0) width 2: " "
            RenderTableCell {TD} at (168,0) size 8x10 [bgcolor=#CADEDD] [r=0 c=23 rs=1 cs=1]
              RenderInline {FONT} at (0,0) size 2x10
                RenderText {#text} at (0,0) size 2x10
                  text run at (0,0) width 2: " "
            RenderTableCell {TD} at (176,0) size 8x10 [bgcolor=#EDEEEF] [r=0 c=24 rs=1 cs=1]
              RenderInline {FONT} at (0,0) size 2x10
                RenderText {#text} at (0,0) size 2x10
                  text run at (0,0) width 2: " "
            RenderTableCell {TD} at (184,0) size 8x10 [bgcolor=#FDFDFB] [r=0 c=25 rs=1 cs=1]
              RenderInline {FONT} at (0,0) size 2x10
                RenderText {#text} at (0,0) size 2x10
                  text run at (0,0) width 2: " "
            RenderTableCell {TD} at (192,0) size 8x10 [bgcolor=#FDFDFB] [r=0 c=26 rs=1 cs=1]
              RenderInline {FONT} at (0,0) size 2x10
                RenderText {#text} at (0,0) size 2x10
                  text run at (0,0) width 2: " "
            RenderTableCell {TD} at (200,0) size 8x10 [bgcolor=#FDFDFB] [r=0 c=27 rs=1 cs=1]
              RenderInline {FONT} at (0,0) size 2x10
                RenderText {#text} at (0,0) size 2x10
                  text run at (0,0) width 2: " "
            RenderTableCell {TD} at (208,0) size 8x10 [bgcolor=#FDFDFB] [r=0 c=28 rs=1 cs=1]
              RenderInline {FONT} at (0,0) size 2x10
                RenderText {#text} at (0,0) size 2x10
                  text run at (0,0) width 2: " "
            RenderTableCell {TD} at (216,0) size 8x10 [bgcolor=#FDFDFB] [r=0 c=29 rs=1 cs=1]
              RenderInline {FONT} at (0,0) size 2x10
                RenderText {#text} at (0,0) size 2x10
                  text run at (0,0) width 2: " "
            RenderTableCell {TD} at (224,0) size 8x10 [bgcolor=#FDFDFB] [r=0 c=30 rs=1 cs=1]
              RenderInline {FONT} at (0,0) size 2x10
                RenderText {#text} at (0,0) size 2x10
                  text run at (0,0) width 2: " "
            RenderTableCell {TD} at (232,0) size 8x10 [bgcolor=#FDFDFB] [r=0 c=31 rs=1 cs=1]
              RenderInline {FONT} at (0,0) size 2x10
                RenderText {#text} at (0,0) size 2x10
                  text run at (0,0) width 2: " "
            RenderTableCell {TD} at (240,0) size 8x10 [bgcolor=#FDFDFB] [r=0 c=32 rs=1 cs=1]
              RenderInline {FONT} at (0,0) size 2x10
                RenderText {#text} at (0,0) size 2x10
                  text run at (0,0) width 2: " "
            RenderTableCell {TD} at (248,0) size 8x10 [bgcolor=#FDFDFB] [r=0 c=33 rs=1 cs=1]
              RenderInline {FONT} at (0,0) size 2x10
                RenderText {#text} at (0,0) size 2x10
                  text run at (0,0) width 2: " "
            RenderTableCell {TD} at (256,0) size 8x10 [bgcolor=#FDFDFB] [r=0 c=34 rs=1 cs=1]
              RenderInline {FONT} at (0,0) size 2x10
                RenderText {#text} at (0,0) size 2x10
                  text run at (0,0) width 2: " "
            RenderTableCell {TD} at (264,0) size 8x10 [bgcolor=#FDFDFB] [r=0 c=35 rs=1 cs=1]
              RenderInline {FONT} at (0,0) size 2x10
                RenderText {#text} at (0,0) size 2x10
                  text run at (0,0) width 2: " "
            RenderTableCell {TD} at (272,0) size 8x10 [bgcolor=#E0EAE9] [r=0 c=36 rs=1 cs=1]
              RenderInline {FONT} at (0,0) size 2x10
                RenderText {#text} at (0,0) size 2x10
                  text run at (0,0) width 2: " "
            RenderTableCell {TD} at (280,0) size 8x10 [bgcolor=#CADEDD] [r=0 c=37 rs=1 cs=1]
              RenderInline {FONT} at (0,0) size 2x10
                RenderText {#text} at (0,0) size 2x10
                  text run at (0,0) width 2: " "
            RenderTableCell {TD} at (288,0) size 8x10 [bgcolor=#CADEDD] [r=0 c=38 rs=1 cs=1]
              RenderInline {FONT} at (0,0) size 2x10
                RenderText {#text} at (0,0) size 2x10
                  text run at (0,0) width 2: " "
            RenderTableCell {TD} at (296,0) size 8x10 [bgcolor=#CADEDD] [r=0 c=39 rs=1 cs=1]
              RenderInline {FONT} at (0,0) size 2x10
                RenderText {#text} at (0,0) size 2x10
                  text run at (0,0) width 2: " "
            RenderTableCell {TD} at (304,0) size 8x10 [bgcolor=#CADEDD] [r=0 c=40 rs=1 cs=1]
              RenderInline {FONT} at (0,0) size 2x10
                RenderText {#text} at (0,0) size 2x10
                  text run at (0,0) width 2: " "
            RenderTableCell {TD} at (312,0) size 8x10 [bgcolor=#CADEDD] [r=0 c=41 rs=1 cs=1]
              RenderInline {FONT} at (0,0) size 2x10
                RenderText {#text} at (0,0) size 2x10
                  text run at (0,0) width 2: " "
            RenderTableCell {TD} at (320,0) size 8x10 [bgcolor=#CADEDD] [r=0 c=42 rs=1 cs=1]
              RenderInline {FONT} at (0,0) size 2x10
                RenderText {#text} at (0,0) size 2x10
                  text run at (0,0) width 2: " "
            RenderTableCell {TD} at (328,0) size 8x10 [bgcolor=#CADEDD] [r=0 c=43 rs=1 cs=1]
              RenderInline {FONT} at (0,0) size 2x10
                RenderText {#text} at (0,0) size 2x10
                  text run at (0,0) width 2: " "
            RenderTableCell {TD} at (336,0) size 8x10 [bgcolor=#CADEDD] [r=0 c=44 rs=1 cs=1]
              RenderInline {FONT} at (0,0) size 2x10
                RenderText {#text} at (0,0) size 2x10
                  text run at (0,0) width 2: " "
            RenderTableCell {TD} at (344,0) size 8x10 [bgcolor=#CADEDD] [r=0 c=45 rs=1 cs=1]
              RenderInline {FONT} at (0,0) size 2x10
                RenderText {#text} at (0,0) size 2x10
                  text run at (0,0) width 2: " "
            RenderTableCell {TD} at (352,0) size 8x10 [bgcolor=#CADEDD] [r=0 c=46 rs=1 cs=1]
              RenderInline {FONT} at (0,0) size 2x10
                RenderText {#text} at (0,0) size 2x10
                  text run at (0,0) width 2: " "
            RenderTableCell {TD} at (360,0) size 8x10 [bgcolor=#CADEDD] [r=0 c=47 rs=1 cs=1]
              RenderInline {FONT} at (0,0) size 2x10
                RenderText {#text} at (0,0) size 2x10
                  text run at (0,0) width 2: " "
            RenderTableCell {TD} at (368,0) size 8x10 [bgcolor=#CADEDD] [r=0 c=48 rs=1 cs=1]
              RenderInline {FONT} at (0,0) size 2x10
                RenderText {#text} at (0,0) size 2x10
                  text run at (0,0) width 2: " "
            RenderTableCell {TD} at (376,0) size 8x10 [bgcolor=#CADEDD] [r=0 c=49 rs=1 cs=1]
              RenderInline {FONT} at (0,0) size 2x10
                RenderText {#text} at (0,0) size 2x10
                  text run at (0,0) width 2: " "
            RenderTableCell {TD} at (384,0) size 8x10 [bgcolor=#CADEDD] [r=0 c=50 rs=1 cs=1]
              RenderInline {FONT} at (0,0) size 2x10
                RenderText {#text} at (0,0) size 2x10
                  text run at (0,0) width 2: " "
            RenderTableCell {TD} at (392,0) size 8x10 [bgcolor=#CADEDD] [r=0 c=51 rs=1 cs=1]
              RenderInline {FONT} at (0,0) size 2x10
                RenderText {#text} at (0,0) size 2x10
                  text run at (0,0) width 2: " "
            RenderTableCell {TD} at (400,0) size 8x10 [bgcolor=#EDEEEF] [r=0 c=52 rs=1 cs=1]
              RenderInline {FONT} at (0,0) size 2x10
                RenderText {#text} at (0,0) size 2x10
                  text run at (0,0) width 2: " "
            RenderTableCell {TD} at (408,0) size 8x10 [bgcolor=#FDFDFB] [r=0 c=53 rs=1 cs=1]
              RenderInline {FONT} at (0,0) size 2x10
                RenderText {#text} at (0,0) size 2x10
                  text run at (0,0) width 2: " "
            RenderTableCell {TD} at (416,0) size 8x10 [bgcolor=#FDFDFB] [r=0 c=54 rs=1 cs=1]
              RenderInline {FONT} at (0,0) size 2x10
                RenderText {#text} at (0,0) size 2x10
                  text run at (0,0) width 2: " "
            RenderTableCell {TD} at (424,0) size 8x10 [bgcolor=#E0EAE9] [r=0 c=55 rs=1 cs=1]
              RenderInline {FONT} at (0,0) size 2x10
                RenderText {#text} at (0,0) size 2x10
                  text run at (0,0) width 2: " "
            RenderTableCell {TD} at (432,0) size 8x10 [bgcolor=#CADEDD] [r=0 c=56 rs=1 cs=1]
              RenderInline {FONT} at (0,0) size 2x10
                RenderText {#text} at (0,0) size 2x10
                  text run at (0,0) width 2: " "
            RenderTableCell {TD} at (440,0) size 8x10 [bgcolor=#EDEEEF] [r=0 c=57 rs=1 cs=1]
              RenderInline {FONT} at (0,0) size 2x10
                RenderText {#text} at (0,0) size 2x10
                  text run at (0,0) width 2: " "
            RenderTableCell {TD} at (448,0) size 8x10 [bgcolor=#FDFDFB] [r=0 c=58 rs=1 cs=1]
              RenderInline {FONT} at (0,0) size 2x10
                RenderText {#text} at (0,0) size 2x10
                  text run at (0,0) width 2: " "
            RenderTableCell {TD} at (456,0) size 8x10 [bgcolor=#FDFDFB] [r=0 c=59 rs=1 cs=1]
              RenderInline {FONT} at (0,0) size 2x10
                RenderText {#text} at (0,0) size 2x10
                  text run at (0,0) width 2: " "
            RenderTableCell {TD} at (464,0) size 8x10 [bgcolor=#FDFDFB] [r=0 c=60 rs=1 cs=1]
              RenderInline {FONT} at (0,0) size 2x10
                RenderText {#text} at (0,0) size 2x10
                  text run at (0,0) width 2: " "
            RenderTableCell {TD} at (472,0) size 8x10 [bgcolor=#FDFDFB] [r=0 c=61 rs=1 cs=1]
              RenderInline {FONT} at (0,0) size 2x10
                RenderText {#text} at (0,0) size 2x10
                  text run at (0,0) width 2: " "
            RenderTableCell {TD} at (480,0) size 8x10 [bgcolor=#FDFDFB] [r=0 c=62 rs=1 cs=1]
              RenderInline {FONT} at (0,0) size 2x10
                RenderText {#text} at (0,0) size 2x10
                  text run at (0,0) width 2: " "
            RenderTableCell {TD} at (488,0) size 8x10 [bgcolor=#FDFDFB] [r=0 c=63 rs=1 cs=1]
              RenderInline {FONT} at (0,0) size 2x10
                RenderText {#text} at (0,0) size 2x10
                  text run at (0,0) width 2: " "
            RenderTableCell {TD} at (496,0) size 8x10 [bgcolor=#FDFDFB] [r=0 c=64 rs=1 cs=1]
              RenderInline {FONT} at (0,0) size 2x10
                RenderText {#text} at (0,0) size 2x10
                  text run at (0,0) width 2: " "
            RenderTableCell {TD} at (504,0) size 8x10 [bgcolor=#FDFDFB] [r=0 c=65 rs=1 cs=1]
              RenderInline {FONT} at (0,0) size 2x10
                RenderText {#text} at (0,0) size 2x10
                  text run at (0,0) width 2: " "
            RenderTableCell {TD} at (512,0) size 8x10 [bgcolor=#FDFDFB] [r=0 c=66 rs=1 cs=1]
              RenderInline {FONT} at (0,0) size 2x10
                RenderText {#text} at (0,0) size 2x10
                  text run at (0,0) width 2: " "
            RenderTableCell {TD} at (520,0) size 8x10 [bgcolor=#FDFDFB] [r=0 c=67 rs=1 cs=1]
              RenderInline {FONT} at (0,0) size 2x10
                RenderText {#text} at (0,0) size 2x10
                  text run at (0,0) width 2: " "
            RenderTableCell {TD} at (528,0) size 8x10 [bgcolor=#FDFDFB] [r=0 c=68 rs=1 cs=1]
              RenderInline {FONT} at (0,0) size 2x10
                RenderText {#text} at (0,0) size 2x10
                  text run at (0,0) width 2: " "
            RenderTableCell {TD} at (536,0) size 8x10 [bgcolor=#FDFDFB] [r=0 c=69 rs=1 cs=1]
              RenderInline {FONT} at (0,0) size 2x10
                RenderText {#text} at (0,0) size 2x10
                  text run at (0,0) width 2: " "
            RenderTableCell {TD} at (544,0) size 8x10 [bgcolor=#FDFDFB] [r=0 c=70 rs=1 cs=1]
              RenderInline {FONT} at (0,0) size 2x10
                RenderText {#text} at (0,0) size 2x10
                  text run at (0,0) width 2: " "
            RenderTableCell {TD} at (552,0) size 8x10 [bgcolor=#FDFDFB] [r=0 c=71 rs=1 cs=1]
              RenderInline {FONT} at (0,0) size 2x10
                RenderText {#text} at (0,0) size 2x10
                  text run at (0,0) width 2: " "
            RenderTableCell {TD} at (560,0) size 8x10 [bgcolor=#EDEEEF] [r=0 c=72 rs=1 cs=1]
              RenderInline {FONT} at (0,0) size 2x10
                RenderText {#text} at (0,0) size 2x10
                  text run at (0,0) width 2: " "
            RenderTableCell {TD} at (568,0) size 8x10 [bgcolor=#EDEEEF] [r=0 c=73 rs=1 cs=1]
              RenderInline {FONT} at (0,0) size 2x10
                RenderText {#text} at (0,0) size 2x10
                  text run at (0,0) width 2: " "
            RenderTableCell {TD} at (576,0) size 8x10 [bgcolor=#E0EAE9] [r=0 c=74 rs=1 cs=1]
              RenderInline {FONT} at (0,0) size 2x10
                RenderText {#text} at (0,0) size 2x10
                  text run at (0,0) width 2: " "
            RenderTableCell {TD} at (584,0) size 8x10 [bgcolor=#CADEDD] [r=0 c=75 rs=1 cs=1]
              RenderInline {FONT} at (0,0) size 2x10
                RenderText {#text} at (0,0) size 2x10
                  text run at (0,0) width 2: " "
            RenderTableCell {TD} at (592,0) size 8x10 [bgcolor=#CADEDD] [r=0 c=76 rs=1 cs=1]
              RenderInline {FONT} at (0,0) size 2x10
                RenderText {#text} at (0,0) size 2x10
                  text run at (0,0) width 2: " "
            RenderTableCell {TD} at (600,0) size 8x10 [bgcolor=#CADEDD] [r=0 c=77 rs=1 cs=1]
              RenderInline {FONT} at (0,0) size 2x10
                RenderText {#text} at (0,0) size 2x10
                  text run at (0,0) width 2: " "
            RenderTableCell {TD} at (608,0) size 8x10 [bgcolor=#CADEDD] [r=0 c=78 rs=1 cs=1]
              RenderInline {FONT} at (0,0) size 2x10
                RenderText {#text} at (0,0) size 2x10
                  text run at (0,0) width 2: " "
            RenderTableCell {TD} at (616,0) size 8x10 [bgcolor=#CADEDD] [r=0 c=79 rs=1 cs=1]
              RenderInline {FONT} at (0,0) size 2x10
                RenderText {#text} at (0,0) size 2x10
                  text run at (0,0) width 2: " "
            RenderTableCell {TD} at (624,0) size 8x10 [bgcolor=#CADEDD] [r=0 c=80 rs=1 cs=1]
              RenderInline {FONT} at (0,0) size 2x10
                RenderText {#text} at (0,0) size 2x10
                  text run at (0,0) width 2: " "
            RenderTableCell {TD} at (632,0) size 8x10 [bgcolor=#CADEDD] [r=0 c=81 rs=1 cs=1]
              RenderInline {FONT} at (0,0) size 2x10
                RenderText {#text} at (0,0) size 2x10
                  text run at (0,0) width 2: " "
            RenderTableCell {TD} at (640,0) size 8x10 [bgcolor=#CADEDD] [r=0 c=82 rs=1 cs=1]
              RenderInline {FONT} at (0,0) size 2x10
                RenderText {#text} at (0,0) size 2x10
                  text run at (0,0) width 2: " "
            RenderTableCell {TD} at (648,0) size 8x10 [bgcolor=#CADEDD] [r=0 c=83 rs=1 cs=1]
              RenderInline {FONT} at (0,0) size 2x10
                RenderText {#text} at (0,0) size 2x10
                  text run at (0,0) width 2: " "
            RenderTableCell {TD} at (656,0) size 8x10 [bgcolor=#CADEDD] [r=0 c=84 rs=1 cs=1]
              RenderInline {FONT} at (0,0) size 2x10
                RenderText {#text} at (0,0) size 2x10
                  text run at (0,0) width 2: " "
            RenderTableCell {TD} at (664,0) size 8x10 [bgcolor=#CADEDD] [r=0 c=85 rs=1 cs=1]
              RenderInline {FONT} at (0,0) size 2x10
                RenderText {#text} at (0,0) size 2x10
                  text run at (0,0) width 2: " "
            RenderTableCell {TD} at (672,0) size 8x10 [bgcolor=#CADEDD] [r=0 c=86 rs=1 cs=1]
              RenderInline {FONT} at (0,0) size 2x10
                RenderText {#text} at (0,0) size 2x10
                  text run at (0,0) width 2: " "
            RenderTableCell {TD} at (680,0) size 8x10 [bgcolor=#CADEDD] [r=0 c=87 rs=1 cs=1]
              RenderInline {FONT} at (0,0) size 2x10
                RenderText {#text} at (0,0) size 2x10
                  text run at (0,0) width 2: " "
            RenderTableCell {TD} at (688,0) size 8x10 [bgcolor=#CADEDD] [r=0 c=88 rs=1 cs=1]
              RenderInline {FONT} at (0,0) size 2x10
                RenderText {#text} at (0,0) size 2x10
                  text run at (0,0) width 2: " "
            RenderTableCell {TD} at (696,0) size 8x10 [bgcolor=#CADEDD] [r=0 c=89 rs=1 cs=1]
              RenderInline {FONT} at (0,0) size 2x10
                RenderText {#text} at (0,0) size 2x10
                  text run at (0,0) width 2: " "
            RenderTableCell {TD} at (704,0) size 8x10 [bgcolor=#CADEDD] [r=0 c=90 rs=1 cs=1]
              RenderInline {FONT} at (0,0) size 2x10
                RenderText {#text} at (0,0) size 2x10
                  text run at (0,0) width 2: " "
            RenderTableCell {TD} at (712,0) size 8x10 [bgcolor=#CADEDD] [r=0 c=91 rs=1 cs=1]
              RenderInline {FONT} at (0,0) size 2x10
                RenderText {#text} at (0,0) size 2x10
                  text run at (0,0) width 2: " "
            RenderTableCell {TD} at (720,0) size 8x10 [bgcolor=#CADEDD] [r=0 c=92 rs=1 cs=1]
              RenderInline {FONT} at (0,0) size 2x10
                RenderText {#text} at (0,0) size 2x10
                  text run at (0,0) width 2: " "
            RenderTableCell {TD} at (728,0) size 8x10 [bgcolor=#CADEDD] [r=0 c=93 rs=1 cs=1]
              RenderInline {FONT} at (0,0) size 2x10
                RenderText {#text} at (0,0) size 2x10
                  text run at (0,0) width 2: " "
            RenderTableCell {TD} at (736,0) size 8x10 [bgcolor=#E0EAE9] [r=0 c=94 rs=1 cs=1]
              RenderInline {FONT} at (0,0) size 2x10
                RenderText {#text} at (0,0) size 2x10
                  text run at (0,0) width 2: " "
            RenderTableCell {TD} at (744,0) size 8x10 [bgcolor=#FDFDFB] [r=0 c=95 rs=1 cs=1]
              RenderInline {FONT} at (0,0) size 2x10
                RenderText {#text} at (0,0) size 2x10
                  text run at (0,0) width 2: " "
            RenderTableCell {TD} at (752,0) size 8x10 [bgcolor=#FDFDFB] [r=0 c=96 rs=1 cs=1]
              RenderInline {FONT} at (0,0) size 2x10
                RenderText {#text} at (0,0) size 2x10
                  text run at (0,0) width 2: " "
            RenderTableCell {TD} at (760,0) size 8x10 [bgcolor=#FDFDFB] [r=0 c=97 rs=1 cs=1]
              RenderInline {FONT} at (0,0) size 2x10
                RenderText {#text} at (0,0) size 2x10
                  text run at (0,0) width 2: " "
            RenderTableCell {TD} at (768,0) size 8x10 [bgcolor=#FDFDFB] [r=0 c=98 rs=1 cs=1]
              RenderInline {FONT} at (0,0) size 2x10
                RenderText {#text} at (0,0) size 2x10
                  text run at (0,0) width 2: " "
            RenderTableCell {TD} at (776,0) size 8x10 [bgcolor=#FDFDFB] [r=0 c=99 rs=1 cs=1]
              RenderInline {FONT} at (0,0) size 2x10
                RenderText {#text} at (0,0) size 2x10
                  text run at (0,0) width 2: " "
          RenderTableRow {TR} at (0,10) size 784x10
            RenderTableCell {TD} at (0,10) size 7x10 [bgcolor=#FDFDFB] [r=1 c=0 rs=1 cs=1]
              RenderInline {FONT} at (0,0) size 2x10
                RenderText {#text} at (0,0) size 2x10
                  text run at (0,0) width 2: " "
            RenderTableCell {TD} at (7,10) size 7x10 [bgcolor=#FDFDFB] [r=1 c=1 rs=1 cs=1]
              RenderInline {FONT} at (0,0) size 2x10
                RenderText {#text} at (0,0) size 2x10
                  text run at (0,0) width 2: " "
            RenderTableCell {TD} at (14,10) size 7x10 [bgcolor=#FDFDFB] [r=1 c=2 rs=1 cs=1]
              RenderInline {FONT} at (0,0) size 2x10
                RenderText {#text} at (0,0) size 2x10
                  text run at (0,0) width 2: " "
            RenderTableCell {TD} at (21,10) size 7x10 [bgcolor=#FDFDFB] [r=1 c=3 rs=1 cs=1]
              RenderInline {FONT} at (0,0) size 2x10
                RenderText {#text} at (0,0) size 2x10
                  text run at (0,0) width 2: " "
            RenderTableCell {TD} at (28,10) size 7x10 [bgcolor=#FDFDFB] [r=1 c=4 rs=1 cs=1]
              RenderInline {FONT} at (0,0) size 2x10
                RenderText {#text} at (0,0) size 2x10
                  text run at (0,0) width 2: " "
            RenderTableCell {TD} at (35,10) size 7x10 [bgcolor=#FDFDFB] [r=1 c=5 rs=1 cs=1]
              RenderInline {FONT} at (0,0) size 2x10
                RenderText {#text} at (0,0) size 2x10
                  text run at (0,0) width 2: " "
            RenderTableCell {TD} at (42,10) size 7x10 [bgcolor=#FDFDFB] [r=1 c=6 rs=1 cs=1]
              RenderInline {FONT} at (0,0) size 2x10
                RenderText {#text} at (0,0) size 2x10
                  text run at (0,0) width 2: " "
            RenderTableCell {TD} at (49,10) size 7x10 [bgcolor=#EDEEEF] [r=1 c=7 rs=1 cs=1]
              RenderInline {FONT} at (0,0) size 2x10
                RenderText {#text} at (0,0) size 2x10
                  text run at (0,0) width 2: " "
            RenderTableCell {TD} at (56,10) size 7x10 [bgcolor=#B6D8D7] [r=1 c=8 rs=1 cs=1]
              RenderInline {FONT} at (0,0) size 2x10
                RenderText {#text} at (0,0) size 2x10
                  text run at (0,0) width 2: " "
            RenderTableCell {TD} at (63,10) size 7x10 [bgcolor=#44A3A2] [r=1 c=9 rs=1 cs=1]
              RenderInline {FONT} at (0,0) size 2x10
                RenderText {#text} at (0,0) size 2x10
                  text run at (0,0) width 2: " "
            RenderTableCell {TD} at (70,10) size 7x10 [bgcolor=#158E8C] [r=1 c=10 rs=1 cs=1]
              RenderInline {FONT} at (0,0) size 2x10
                RenderText {#text} at (0,0) size 2x10
                  text run at (0,0) width 2: " "
            RenderTableCell {TD} at (77,10) size 7x10 [bgcolor=#048485] [r=1 c=11 rs=1 cs=1]
              RenderInline {FONT} at (0,0) size 2x10
                RenderText {#text} at (0,0) size 2x10
                  text run at (0,0) width 2: " "
            RenderTableCell {TD} at (84,10) size 7x10 [bgcolor=#048485] [r=1 c=12 rs=1 cs=1]
              RenderInline {FONT} at (0,0) size 2x10
                RenderText {#text} at (0,0) size 2x10
                  text run at (0,0) width 2: " "
            RenderTableCell {TD} at (91,10) size 7x10 [bgcolor=#027777] [r=1 c=13 rs=1 cs=1]
              RenderInline {FONT} at (0,0) size 2x10
                RenderText {#text} at (0,0) size 2x10
                  text run at (0,0) width 2: " "
            RenderTableCell {TD} at (98,10) size 7x10 [bgcolor=#026766] [r=1 c=14 rs=1 cs=1]
              RenderInline {FONT} at (0,0) size 2x10
                RenderText {#text} at (0,0) size 2x10
                  text run at (0,0) width 2: " "
            RenderTableCell {TD} at (105,10) size 7x10 [bgcolor=#026766] [r=1 c=15 rs=1 cs=1]
              RenderInline {FONT} at (0,0) size 2x10
                RenderText {#text} at (0,0) size 2x10
                  text run at (0,0) width 2: " "
            RenderTableCell {TD} at (112,10) size 8x10 [bgcolor=#026766] [r=1 c=16 rs=1 cs=1]
              RenderInline {FONT} at (0,0) size 2x10
                RenderText {#text} at (0,0) size 2x10
                  text run at (0,0) width 2: " "
            RenderTableCell {TD} at (120,10) size 8x10 [bgcolor=#026766] [r=1 c=17 rs=1 cs=1]
              RenderInline {FONT} at (0,0) size 2x10
                RenderText {#text} at (0,0) size 2x10
                  text run at (0,0) width 2: " "
            RenderTableCell {TD} at (128,10) size 8x10 [bgcolor=#027777] [r=1 c=18 rs=1 cs=1]
              RenderInline {FONT} at (0,0) size 2x10
                RenderText {#text} at (0,0) size 2x10
                  text run at (0,0) width 2: " "
            RenderTableCell {TD} at (136,10) size 8x10 [bgcolor=#027777] [r=1 c=19 rs=1 cs=1]
              RenderInline {FONT} at (0,0) size 2x10
                RenderText {#text} at (0,0) size 2x10
                  text run at (0,0) width 2: " "
            RenderTableCell {TD} at (144,10) size 8x10 [bgcolor=#027777] [r=1 c=20 rs=1 cs=1]
              RenderInline {FONT} at (0,0) size 2x10
                RenderText {#text} at (0,0) size 2x10
                  text run at (0,0) width 2: " "
            RenderTableCell {TD} at (152,10) size 8x10 [bgcolor=#027777] [r=1 c=21 rs=1 cs=1]
              RenderInline {FONT} at (0,0) size 2x10
                RenderText {#text} at (0,0) size 2x10
                  text run at (0,0) width 2: " "
            RenderTableCell {TD} at (160,10) size 8x10 [bgcolor=#026766] [r=1 c=22 rs=1 cs=1]
              RenderInline {FONT} at (0,0) size 2x10
                RenderText {#text} at (0,0) size 2x10
                  text run at (0,0) width 2: " "
            RenderTableCell {TD} at (168,10) size 8x10 [bgcolor=#1E7A79] [r=1 c=23 rs=1 cs=1]
              RenderInline {FONT} at (0,0) size 2x10
                RenderText {#text} at (0,0) size 2x10
                  text run at (0,0) width 2: " "
            RenderTableCell {TD} at (176,10) size 8x10 [bgcolor=#589594] [r=1 c=24 rs=1 cs=1]
              RenderInline {FONT} at (0,0) size 2x10
                RenderText {#text} at (0,0) size 2x10
                  text run at (0,0) width 2: " "
            RenderTableCell {TD} at (184,10) size 8x10 [bgcolor=#BEC2C2] [r=1 c=25 rs=1 cs=1]
              RenderInline {FONT} at (0,0) size 2x10
                RenderText {#text} at (0,0) size 2x10
                  text run at (0,0) width 2: " "
            RenderTableCell {TD} at (192,10) size 8x10 [bgcolor=#E0EAE9] [r=1 c=26 rs=1 cs=1]
              RenderInline {FONT} at (0,0) size 2x10
                RenderText {#text} at (0,0) size 2x10
                  text run at (0,0) width 2: " "
            RenderTableCell {TD} at (200,10) size 8x10 [bgcolor=#FDFDFB] [r=1 c=27 rs=1 cs=1]
              RenderInline {FONT} at (0,0) size 2x10
                RenderText {#text} at (0,0) size 2x10
                  text run at (0,0) width 2: " "
            RenderTableCell {TD} at (208,10) size 8x10 [bgcolor=#FDFDFB] [r=1 c=28 rs=1 cs=1]
              RenderInline {FONT} at (0,0) size 2x10
                RenderText {#text} at (0,0) size 2x10
                  text run at (0,0) width 2: " "
            RenderTableCell {TD} at (216,10) size 8x10 [bgcolor=#FDFDFB] [r=1 c=29 rs=1 cs=1]
              RenderInline {FONT} at (0,0) size 2x10
                RenderText {#text} at (0,0) size 2x10
                  text run at (0,0) width 2: " "
            RenderTableCell {TD} at (224,10) size 8x10 [bgcolor=#FDFDFB] [r=1 c=30 rs=1 cs=1]
              RenderInline {FONT} at (0,0) size 2x10
                RenderText {#text} at (0,0) size 2x10
                  text run at (0,0) width 2: " "
            RenderTableCell {TD} at (232,10) size 8x10 [bgcolor=#FDFDFB] [r=1 c=31 rs=1 cs=1]
              RenderInline {FONT} at (0,0) size 2x10
                RenderText {#text} at (0,0) size 2x10
                  text run at (0,0) width 2: " "
            RenderTableCell {TD} at (240,10) size 8x10 [bgcolor=#FDFDFB] [r=1 c=32 rs=1 cs=1]
              RenderInline {FONT} at (0,0) size 2x10
                RenderText {#text} at (0,0) size 2x10
                  text run at (0,0) width 2: " "
            RenderTableCell {TD} at (248,10) size 8x10 [bgcolor=#FDFDFB] [r=1 c=33 rs=1 cs=1]
              RenderInline {FONT} at (0,0) size 2x10
                RenderText {#text} at (0,0) size 2x10
                  text run at (0,0) width 2: " "
            RenderTableCell {TD} at (256,10) size 8x10 [bgcolor=#FDFDFB] [r=1 c=34 rs=1 cs=1]
              RenderInline {FONT} at (0,0) size 2x10
                RenderText {#text} at (0,0) size 2x10
                  text run at (0,0) width 2: " "
            RenderTableCell {TD} at (264,10) size 8x10 [bgcolor=#EDEEEF] [r=1 c=35 rs=1 cs=1]
              RenderInline {FONT} at (0,0) size 2x10
                RenderText {#text} at (0,0) size 2x10
                  text run at (0,0) width 2: " "
            RenderTableCell {TD} at (272,10) size 8x10 [bgcolor=#249393] [r=1 c=36 rs=1 cs=1]
              RenderInline {FONT} at (0,0) size 2x10
                RenderText {#text} at (0,0) size 2x10
                  text run at (0,0) width 2: " "
            RenderTableCell {TD} at (280,10) size 8x10 [bgcolor=#249393] [r=1 c=37 rs=1 cs=1]
              RenderInline {FONT} at (0,0) size 2x10
                RenderText {#text} at (0,0) size 2x10
                  text run at (0,0) width 2: " "
            RenderTableCell {TD} at (288,10) size 8x10 [bgcolor=#1B8685] [r=1 c=38 rs=1 cs=1]
              RenderInline {FONT} at (0,0) size 2x10
                RenderText {#text} at (0,0) size 2x10
                  text run at (0,0) width 2: " "
            RenderTableCell {TD} at (296,10) size 8x10 [bgcolor=#1B8685] [r=1 c=39 rs=1 cs=1]
              RenderInline {FONT} at (0,0) size 2x10
                RenderText {#text} at (0,0) size 2x10
                  text run at (0,0) width 2: " "
            RenderTableCell {TD} at (304,10) size 8x10 [bgcolor=#1B8685] [r=1 c=40 rs=1 cs=1]
              RenderInline {FONT} at (0,0) size 2x10
                RenderText {#text} at (0,0) size 2x10
                  text run at (0,0) width 2: " "
            RenderTableCell {TD} at (312,10) size 8x10 [bgcolor=#1B8685] [r=1 c=41 rs=1 cs=1]
              RenderInline {FONT} at (0,0) size 2x10
                RenderText {#text} at (0,0) size 2x10
                  text run at (0,0) width 2: " "
            RenderTableCell {TD} at (320,10) size 8x10 [bgcolor=#1B8685] [r=1 c=42 rs=1 cs=1]
              RenderInline {FONT} at (0,0) size 2x10
                RenderText {#text} at (0,0) size 2x10
                  text run at (0,0) width 2: " "
            RenderTableCell {TD} at (328,10) size 8x10 [bgcolor=#1B8685] [r=1 c=43 rs=1 cs=1]
              RenderInline {FONT} at (0,0) size 2x10
                RenderText {#text} at (0,0) size 2x10
                  text run at (0,0) width 2: " "
            RenderTableCell {TD} at (336,10) size 8x10 [bgcolor=#1B8685] [r=1 c=44 rs=1 cs=1]
              RenderInline {FONT} at (0,0) size 2x10
                RenderText {#text} at (0,0) size 2x10
                  text run at (0,0) width 2: " "
            RenderTableCell {TD} at (344,10) size 8x10 [bgcolor=#1B8685] [r=1 c=45 rs=1 cs=1]
              RenderInline {FONT} at (0,0) size 2x10
                RenderText {#text} at (0,0) size 2x10
                  text run at (0,0) width 2: " "
            RenderTableCell {TD} at (352,10) size 8x10 [bgcolor=#1B8685] [r=1 c=46 rs=1 cs=1]
              RenderInline {FONT} at (0,0) size 2x10
                RenderText {#text} at (0,0) size 2x10
                  text run at (0,0) width 2: " "
            RenderTableCell {TD} at (360,10) size 8x10 [bgcolor=#1B8685] [r=1 c=47 rs=1 cs=1]
              RenderInline {FONT} at (0,0) size 2x10
                RenderText {#text} at (0,0) size 2x10
                  text run at (0,0) width 2: " "
            RenderTableCell {TD} at (368,10) size 8x10 [bgcolor=#1B8685] [r=1 c=48 rs=1 cs=1]
              RenderInline {FONT} at (0,0) size 2x10
                RenderText {#text} at (0,0) size 2x10
                  text run at (0,0) width 2: " "
            RenderTableCell {TD} at (376,10) size 8x10 [bgcolor=#1B8685] [r=1 c=49 rs=1 cs=1]
              RenderInline {FONT} at (0,0) size 2x10
                RenderText {#text} at (0,0) size 2x10
                  text run at (0,0) width 2: " "
            RenderTableCell {TD} at (384,10) size 8x10 [bgcolor=#1B8685] [r=1 c=50 rs=1 cs=1]
              RenderInline {FONT} at (0,0) size 2x10
                RenderText {#text} at (0,0) size 2x10
                  text run at (0,0) width 2: " "
            RenderTableCell {TD} at (392,10) size 8x10 [bgcolor=#1E7A79] [r=1 c=51 rs=1 cs=1]
              RenderInline {FONT} at (0,0) size 2x10
                RenderText {#text} at (0,0) size 2x10
                  text run at (0,0) width 2: " "
            RenderTableCell {TD} at (400,10) size 8x10 [bgcolor=#BEC2C2] [r=1 c=52 rs=1 cs=1]
              RenderInline {FONT} at (0,0) size 2x10
                RenderText {#text} at (0,0) size 2x10
                  text run at (0,0) width 2: " "
            RenderTableCell {TD} at (408,10) size 8x10 [bgcolor=#B6D0D1] [r=1 c=53 rs=1 cs=1]
              RenderInline {FONT} at (0,0) size 2x10
                RenderText {#text} at (0,0) size 2x10
                  text run at (0,0) width 2: " "
            RenderTableCell {TD} at (416,10) size 8x10 [bgcolor=#44A3A2] [r=1 c=54 rs=1 cs=1]
              RenderInline {FONT} at (0,0) size 2x10
                RenderText {#text} at (0,0) size 2x10
                  text run at (0,0) width 2: " "
            RenderTableCell {TD} at (424,10) size 8x10 [bgcolor=#1B8685] [r=1 c=55 rs=1 cs=1]
              RenderInline {FONT} at (0,0) size 2x10
                RenderText {#text} at (0,0) size 2x10
                  text run at (0,0) width 2: " "
            RenderTableCell {TD} at (432,10) size 8x10 [bgcolor=#1A6B6A] [r=1 c=56 rs=1 cs=1]
              RenderInline {FONT} at (0,0) size 2x10
                RenderText {#text} at (0,0) size 2x10
                  text run at (0,0) width 2: " "
            RenderTableCell {TD} at (440,10) size 8x10 [bgcolor=#BEC2C2] [r=1 c=57 rs=1 cs=1]
              RenderInline {FONT} at (0,0) size 2x10
                RenderText {#text} at (0,0) size 2x10
                  text run at (0,0) width 2: " "
            RenderTableCell {TD} at (448,10) size 8x10 [bgcolor=#EDEEEF] [r=1 c=58 rs=1 cs=1]
              RenderInline {FONT} at (0,0) size 2x10
                RenderText {#text} at (0,0) size 2x10
                  text run at (0,0) width 2: " "
            RenderTableCell {TD} at (456,10) size 8x10 [bgcolor=#FDFDFB] [r=1 c=59 rs=1 cs=1]
              RenderInline {FONT} at (0,0) size 2x10
                RenderText {#text} at (0,0) size 2x10
                  text run at (0,0) width 2: " "
            RenderTableCell {TD} at (464,10) size 8x10 [bgcolor=#FDFDFB] [r=1 c=60 rs=1 cs=1]
              RenderInline {FONT} at (0,0) size 2x10
                RenderText {#text} at (0,0) size 2x10
                  text run at (0,0) width 2: " "
            RenderTableCell {TD} at (472,10) size 8x10 [bgcolor=#FDFDFB] [r=1 c=61 rs=1 cs=1]
              RenderInline {FONT} at (0,0) size 2x10
                RenderText {#text} at (0,0) size 2x10
                  text run at (0,0) width 2: " "
            RenderTableCell {TD} at (480,10) size 8x10 [bgcolor=#FDFDFB] [r=1 c=62 rs=1 cs=1]
              RenderInline {FONT} at (0,0) size 2x10
                RenderText {#text} at (0,0) size 2x10
                  text run at (0,0) width 2: " "
            RenderTableCell {TD} at (488,10) size 8x10 [bgcolor=#FDFDFB] [r=1 c=63 rs=1 cs=1]
              RenderInline {FONT} at (0,0) size 2x10
                RenderText {#text} at (0,0) size 2x10
                  text run at (0,0) width 2: " "
            RenderTableCell {TD} at (496,10) size 8x10 [bgcolor=#FDFDFB] [r=1 c=64 rs=1 cs=1]
              RenderInline {FONT} at (0,0) size 2x10
                RenderText {#text} at (0,0) size 2x10
                  text run at (0,0) width 2: " "
            RenderTableCell {TD} at (504,10) size 8x10 [bgcolor=#FDFDFB] [r=1 c=65 rs=1 cs=1]
              RenderInline {FONT} at (0,0) size 2x10
                RenderText {#text} at (0,0) size 2x10
                  text run at (0,0) width 2: " "
            RenderTableCell {TD} at (512,10) size 8x10 [bgcolor=#FDFDFB] [r=1 c=66 rs=1 cs=1]
              RenderInline {FONT} at (0,0) size 2x10
                RenderText {#text} at (0,0) size 2x10
                  text run at (0,0) width 2: " "
            RenderTableCell {TD} at (520,10) size 8x10 [bgcolor=#EDEEEF] [r=1 c=67 rs=1 cs=1]
              RenderInline {FONT} at (0,0) size 2x10
                RenderText {#text} at (0,0) size 2x10
                  text run at (0,0) width 2: " "
            RenderTableCell {TD} at (528,10) size 8x10 [bgcolor=#E0EAE9] [r=1 c=68 rs=1 cs=1]
              RenderInline {FONT} at (0,0) size 2x10
                RenderText {#text} at (0,0) size 2x10
                  text run at (0,0) width 2: " "
            RenderTableCell {TD} at (536,10) size 8x10 [bgcolor=#B6D8D7] [r=1 c=69 rs=1 cs=1]
              RenderInline {FONT} at (0,0) size 2x10
                RenderText {#text} at (0,0) size 2x10
                  text run at (0,0) width 2: " "
            RenderTableCell {TD} at (544,10) size 8x10 [bgcolor=#7DBAB9] [r=1 c=70 rs=1 cs=1]
              RenderInline {FONT} at (0,0) size 2x10
                RenderText {#text} at (0,0) size 2x10
                  text run at (0,0) width 2: " "
            RenderTableCell {TD} at (552,10) size 8x10 [bgcolor=#349392] [r=1 c=71 rs=1 cs=1]
              RenderInline {FONT} at (0,0) size 2x10
                RenderText {#text} at (0,0) size 2x10
                  text run at (0,0) width 2: " "
            RenderTableCell {TD} at (560,10) size 8x10 [bgcolor=#349392] [r=1 c=72 rs=1 cs=1]
              RenderInline {FONT} at (0,0) size 2x10
                RenderText {#text} at (0,0) size 2x10
                  text run at (0,0) width 2: " "
            RenderTableCell {TD} at (568,10) size 8x10 [bgcolor=#349392] [r=1 c=73 rs=1 cs=1]
              RenderInline {FONT} at (0,0) size 2x10
                RenderText {#text} at (0,0) size 2x10
                  text run at (0,0) width 2: " "
            RenderTableCell {TD} at (576,10) size 8x10 [bgcolor=#249393] [r=1 c=74 rs=1 cs=1]
              RenderInline {FONT} at (0,0) size 2x10
                RenderText {#text} at (0,0) size 2x10
                  text run at (0,0) width 2: " "
            RenderTableCell {TD} at (584,10) size 8x10 [bgcolor=#1B8685] [r=1 c=75 rs=1 cs=1]
              RenderInline {FONT} at (0,0) size 2x10
                RenderText {#text} at (0,0) size 2x10
                  text run at (0,0) width 2: " "
            RenderTableCell {TD} at (592,10) size 8x10 [bgcolor=#1B8685] [r=1 c=76 rs=1 cs=1]
              RenderInline {FONT} at (0,0) size 2x10
                RenderText {#text} at (0,0) size 2x10
                  text run at (0,0) width 2: " "
            RenderTableCell {TD} at (600,10) size 8x10 [bgcolor=#1B8685] [r=1 c=77 rs=1 cs=1]
              RenderInline {FONT} at (0,0) size 2x10
                RenderText {#text} at (0,0) size 2x10
                  text run at (0,0) width 2: " "
            RenderTableCell {TD} at (608,10) size 8x10 [bgcolor=#1B8685] [r=1 c=78 rs=1 cs=1]
              RenderInline {FONT} at (0,0) size 2x10
                RenderText {#text} at (0,0) size 2x10
                  text run at (0,0) width 2: " "
            RenderTableCell {TD} at (616,10) size 8x10 [bgcolor=#1B8685] [r=1 c=79 rs=1 cs=1]
              RenderInline {FONT} at (0,0) size 2x10
                RenderText {#text} at (0,0) size 2x10
                  text run at (0,0) width 2: " "
            RenderTableCell {TD} at (624,10) size 8x10 [bgcolor=#1B8685] [r=1 c=80 rs=1 cs=1]
              RenderInline {FONT} at (0,0) size 2x10
                RenderText {#text} at (0,0) size 2x10
                  text run at (0,0) width 2: " "
            RenderTableCell {TD} at (632,10) size 8x10 [bgcolor=#1B8685] [r=1 c=81 rs=1 cs=1]
              RenderInline {FONT} at (0,0) size 2x10
                RenderText {#text} at (0,0) size 2x10
                  text run at (0,0) width 2: " "
            RenderTableCell {TD} at (640,10) size 8x10 [bgcolor=#1B8685] [r=1 c=82 rs=1 cs=1]
              RenderInline {FONT} at (0,0) size 2x10
                RenderText {#text} at (0,0) size 2x10
                  text run at (0,0) width 2: " "
            RenderTableCell {TD} at (648,10) size 8x10 [bgcolor=#1B8685] [r=1 c=83 rs=1 cs=1]
              RenderInline {FONT} at (0,0) size 2x10
                RenderText {#text} at (0,0) size 2x10
                  text run at (0,0) width 2: " "
            RenderTableCell {TD} at (656,10) size 8x10 [bgcolor=#1B8685] [r=1 c=84 rs=1 cs=1]
              RenderInline {FONT} at (0,0) size 2x10
                RenderText {#text} at (0,0) size 2x10
                  text run at (0,0) width 2: " "
            RenderTableCell {TD} at (664,10) size 8x10 [bgcolor=#1B8685] [r=1 c=85 rs=1 cs=1]
              RenderInline {FONT} at (0,0) size 2x10
                RenderText {#text} at (0,0) size 2x10
                  text run at (0,0) width 2: " "
            RenderTableCell {TD} at (672,10) size 8x10 [bgcolor=#1B8685] [r=1 c=86 rs=1 cs=1]
              RenderInline {FONT} at (0,0) size 2x10
                RenderText {#text} at (0,0) size 2x10
                  text run at (0,0) width 2: " "
            RenderTableCell {TD} at (680,10) size 8x10 [bgcolor=#1B8685] [r=1 c=87 rs=1 cs=1]
              RenderInline {FONT} at (0,0) size 2x10
                RenderText {#text} at (0,0) size 2x10
                  text run at (0,0) width 2: " "
            RenderTableCell {TD} at (688,10) size 8x10 [bgcolor=#1B8685] [r=1 c=88 rs=1 cs=1]
              RenderInline {FONT} at (0,0) size 2x10
                RenderText {#text} at (0,0) size 2x10
                  text run at (0,0) width 2: " "
            RenderTableCell {TD} at (696,10) size 8x10 [bgcolor=#1B8685] [r=1 c=89 rs=1 cs=1]
              RenderInline {FONT} at (0,0) size 2x10
                RenderText {#text} at (0,0) size 2x10
                  text run at (0,0) width 2: " "
            RenderTableCell {TD} at (704,10) size 8x10 [bgcolor=#1B8685] [r=1 c=90 rs=1 cs=1]
              RenderInline {FONT} at (0,0) size 2x10
                RenderText {#text} at (0,0) size 2x10
                  text run at (0,0) width 2: " "
            RenderTableCell {TD} at (712,10) size 8x10 [bgcolor=#1B8685] [r=1 c=91 rs=1 cs=1]
              RenderInline {FONT} at (0,0) size 2x10
                RenderText {#text} at (0,0) size 2x10
                  text run at (0,0) width 2: " "
            RenderTableCell {TD} at (720,10) size 8x10 [bgcolor=#1E7A79] [r=1 c=92 rs=1 cs=1]
              RenderInline {FONT} at (0,0) size 2x10
                RenderText {#text} at (0,0) size 2x10
                  text run at (0,0) width 2: " "
            RenderTableCell {TD} at (728,10) size 8x10 [bgcolor=#1A6B6A] [r=1 c=93 rs=1 cs=1]
              RenderInline {FONT} at (0,0) size 2x10
                RenderText {#text} at (0,0) size 2x10
                  text run at (0,0) width 2: " "
            RenderTableCell {TD} at (736,10) size 8x10 [bgcolor=#91A3A3] [r=1 c=94 rs=1 cs=1]
              RenderInline {FONT} at (0,0) size 2x10
                RenderText {#text} at (0,0) size 2x10
                  text run at (0,0) width 2: " "
            RenderTableCell {TD} at (744,10) size 8x10 [bgcolor=#E0EAE9] [r=1 c=95 rs=1 cs=1]
              RenderInline {FONT} at (0,0) size 2x10
                RenderText {#text} at (0,0) size 2x10
                  text run at (0,0) width 2: " "
            RenderTableCell {TD} at (752,10) size 8x10 [bgcolor=#EDEEEF] [r=1 c=96 rs=1 cs=1]
              RenderInline {FONT} at (0,0) size 2x10
                RenderText {#text} at (0,0) size 2x10
                  text run at (0,0) width 2: " "
            RenderTableCell {TD} at (760,10) size 8x10 [bgcolor=#FDFDFB] [r=1 c=97 rs=1 cs=1]
              RenderInline {FONT} at (0,0) size 2x10
                RenderText {#text} at (0,0) size 2x10
                  text run at (0,0) width 2: " "
            RenderTableCell {TD} at (768,10) size 8x10 [bgcolor=#FDFDFB] [r=1 c=98 rs=1 cs=1]
              RenderInline {FONT} at (0,0) size 2x10
                RenderText {#text} at (0,0) size 2x10
                  text run at (0,0) width 2: " "
            RenderTableCell {TD} at (776,10) size 8x10 [bgcolor=#FDFDFB] [r=1 c=99 rs=1 cs=1]
              RenderInline {FONT} at (0,0) size 2x10
                RenderText {#text} at (0,0) size 2x10
                  text run at (0,0) width 2: " "
          RenderTableRow {TR} at (0,20) size 784x10
            RenderTableCell {TD} at (0,20) size 7x10 [bgcolor=#FDFDFB] [r=2 c=0 rs=1 cs=1]
              RenderInline {FONT} at (0,0) size 2x10
                RenderText {#text} at (0,0) size 2x10
                  text run at (0,0) width 2: " "
            RenderTableCell {TD} at (7,20) size 7x10 [bgcolor=#FDFDFB] [r=2 c=1 rs=1 cs=1]
              RenderInline {FONT} at (0,0) size 2x10
                RenderText {#text} at (0,0) size 2x10
                  text run at (0,0) width 2: " "
            RenderTableCell {TD} at (14,20) size 7x10 [bgcolor=#FDFDFB] [r=2 c=2 rs=1 cs=1]
              RenderInline {FONT} at (0,0) size 2x10
                RenderText {#text} at (0,0) size 2x10
                  text run at (0,0) width 2: " "
            RenderTableCell {TD} at (21,20) size 7x10 [bgcolor=#FDFDFB] [r=2 c=3 rs=1 cs=1]
              RenderInline {FONT} at (0,0) size 2x10
                RenderText {#text} at (0,0) size 2x10
                  text run at (0,0) width 2: " "
            RenderTableCell {TD} at (28,20) size 7x10 [bgcolor=#FDFDFB] [r=2 c=4 rs=1 cs=1]
              RenderInline {FONT} at (0,0) size 2x10
                RenderText {#text} at (0,0) size 2x10
                  text run at (0,0) width 2: " "
            RenderTableCell {TD} at (35,20) size 7x10 [bgcolor=#FDFDFB] [r=2 c=5 rs=1 cs=1]
              RenderInline {FONT} at (0,0) size 2x10
                RenderText {#text} at (0,0) size 2x10
                  text run at (0,0) width 2: " "
            RenderTableCell {TD} at (42,20) size 7x10 [bgcolor=#CADEDD] [r=2 c=6 rs=1 cs=1]
              RenderInline {FONT} at (0,0) size 2x10
                RenderText {#text} at (0,0) size 2x10
                  text run at (0,0) width 2: " "
            RenderTableCell {TD} at (49,20) size 7x10 [bgcolor=#44A3A2] [r=2 c=7 rs=1 cs=1]
              RenderInline {FONT} at (0,0) size 2x10
                RenderText {#text} at (0,0) size 2x10
                  text run at (0,0) width 2: " "
            RenderTableCell {TD} at (56,20) size 7x10 [bgcolor=#048485] [r=2 c=8 rs=1 cs=1]
              RenderInline {FONT} at (0,0) size 2x10
                RenderText {#text} at (0,0) size 2x10
                  text run at (0,0) width 2: " "
            RenderTableCell {TD} at (63,20) size 7x10 [bgcolor=#048485] [r=2 c=9 rs=1 cs=1]
              RenderInline {FONT} at (0,0) size 2x10
                RenderText {#text} at (0,0) size 2x10
                  text run at (0,0) width 2: " "
            RenderTableCell {TD} at (70,20) size 7x10 [bgcolor=#027777] [r=2 c=10 rs=1 cs=1]
              RenderInline {FONT} at (0,0) size 2x10
                RenderText {#text} at (0,0) size 2x10
                  text run at (0,0) width 2: " "
            RenderTableCell {TD} at (77,20) size 7x10 [bgcolor=#027777] [r=2 c=11 rs=1 cs=1]
              RenderInline {FONT} at (0,0) size 2x10
                RenderText {#text} at (0,0) size 2x10
                  text run at (0,0) width 2: " "
            RenderTableCell {TD} at (84,20) size 7x10 [bgcolor=#026766] [r=2 c=12 rs=1 cs=1]
              RenderInline {FONT} at (0,0) size 2x10
                RenderText {#text} at (0,0) size 2x10
                  text run at (0,0) width 2: " "
            RenderTableCell {TD} at (91,20) size 7x10 [bgcolor=#025E5E] [r=2 c=13 rs=1 cs=1]
              RenderInline {FONT} at (0,0) size 2x10
                RenderText {#text} at (0,0) size 2x10
                  text run at (0,0) width 2: " "
            RenderTableCell {TD} at (98,20) size 7x10 [bgcolor=#044F4F] [r=2 c=14 rs=1 cs=1]
              RenderInline {FONT} at (0,0) size 2x10
                RenderText {#text} at (0,0) size 2x10
                  text run at (0,0) width 2: " "
            RenderTableCell {TD} at (105,20) size 7x10 [bgcolor=#044140] [r=2 c=15 rs=1 cs=1]
              RenderInline {FONT} at (0,0) size 2x10
                RenderText {#text} at (0,0) size 2x10
                  text run at (0,0) width 2: " "
            RenderTableCell {TD} at (112,20) size 8x10 [bgcolor=#044140] [r=2 c=16 rs=1 cs=1]
              RenderInline {FONT} at (0,0) size 2x10
                RenderText {#text} at (0,0) size 2x10
                  text run at (0,0) width 2: " "
            RenderTableCell {TD} at (120,20) size 8x10 [bgcolor=#044F4F] [r=2 c=17 rs=1 cs=1]
              RenderInline {FONT} at (0,0) size 2x10
                RenderText {#text} at (0,0) size 2x10
                  text run at (0,0) width 2: " "
            RenderTableCell {TD} at (128,20) size 8x10 [bgcolor=#025E5E] [r=2 c=18 rs=1 cs=1]
              RenderInline {FONT} at (0,0) size 2x10
                RenderText {#text} at (0,0) size 2x10
                  text run at (0,0) width 2: " "
            RenderTableCell {TD} at (136,20) size 8x10 [bgcolor=#026766] [r=2 c=19 rs=1 cs=1]
              RenderInline {FONT} at (0,0) size 2x10
                RenderText {#text} at (0,0) size 2x10
                  text run at (0,0) width 2: " "
            RenderTableCell {TD} at (144,20) size 8x10 [bgcolor=#026766] [r=2 c=20 rs=1 cs=1]
              RenderInline {FONT} at (0,0) size 2x10
                RenderText {#text} at (0,0) size 2x10
                  text run at (0,0) width 2: " "
            RenderTableCell {TD} at (152,20) size 8x10 [bgcolor=#026766] [r=2 c=21 rs=1 cs=1]
              RenderInline {FONT} at (0,0) size 2x10
                RenderText {#text} at (0,0) size 2x10
                  text run at (0,0) width 2: " "
            RenderTableCell {TD} at (160,20) size 8x10 [bgcolor=#026766] [r=2 c=22 rs=1 cs=1]
              RenderInline {FONT} at (0,0) size 2x10
                RenderText {#text} at (0,0) size 2x10
                  text run at (0,0) width 2: " "
            RenderTableCell {TD} at (168,20) size 8x10 [bgcolor=#026766] [r=2 c=23 rs=1 cs=1]
              RenderInline {FONT} at (0,0) size 2x10
                RenderText {#text} at (0,0) size 2x10
                  text run at (0,0) width 2: " "
            RenderTableCell {TD} at (176,20) size 8x10 [bgcolor=#026766] [r=2 c=24 rs=1 cs=1]
              RenderInline {FONT} at (0,0) size 2x10
                RenderText {#text} at (0,0) size 2x10
                  text run at (0,0) width 2: " "
            RenderTableCell {TD} at (184,20) size 8x10 [bgcolor=#026766] [r=2 c=25 rs=1 cs=1]
              RenderInline {FONT} at (0,0) size 2x10
                RenderText {#text} at (0,0) size 2x10
                  text run at (0,0) width 2: " "
            RenderTableCell {TD} at (192,20) size 8x10 [bgcolor=#589594] [r=2 c=26 rs=1 cs=1]
              RenderInline {FONT} at (0,0) size 2x10
                RenderText {#text} at (0,0) size 2x10
                  text run at (0,0) width 2: " "
            RenderTableCell {TD} at (200,20) size 8x10 [bgcolor=#CECFCF] [r=2 c=27 rs=1 cs=1]
              RenderInline {FONT} at (0,0) size 2x10
                RenderText {#text} at (0,0) size 2x10
                  text run at (0,0) width 2: " "
            RenderTableCell {TD} at (208,20) size 8x10 [bgcolor=#EDEEEF] [r=2 c=28 rs=1 cs=1]
              RenderInline {FONT} at (0,0) size 2x10
                RenderText {#text} at (0,0) size 2x10
                  text run at (0,0) width 2: " "
            RenderTableCell {TD} at (216,20) size 8x10 [bgcolor=#FDFDFB] [r=2 c=29 rs=1 cs=1]
              RenderInline {FONT} at (0,0) size 2x10
                RenderText {#text} at (0,0) size 2x10
                  text run at (0,0) width 2: " "
            RenderTableCell {TD} at (224,20) size 8x10 [bgcolor=#FDFDFB] [r=2 c=30 rs=1 cs=1]
              RenderInline {FONT} at (0,0) size 2x10
                RenderText {#text} at (0,0) size 2x10
                  text run at (0,0) width 2: " "
            RenderTableCell {TD} at (232,20) size 8x10 [bgcolor=#FDFDFB] [r=2 c=31 rs=1 cs=1]
              RenderInline {FONT} at (0,0) size 2x10
                RenderText {#text} at (0,0) size 2x10
                  text run at (0,0) width 2: " "
            RenderTableCell {TD} at (240,20) size 8x10 [bgcolor=#FDFDFB] [r=2 c=32 rs=1 cs=1]
              RenderInline {FONT} at (0,0) size 2x10
                RenderText {#text} at (0,0) size 2x10
                  text run at (0,0) width 2: " "
            RenderTableCell {TD} at (248,20) size 8x10 [bgcolor=#FDFDFB] [r=2 c=33 rs=1 cs=1]
              RenderInline {FONT} at (0,0) size 2x10
                RenderText {#text} at (0,0) size 2x10
                  text run at (0,0) width 2: " "
            RenderTableCell {TD} at (256,20) size 8x10 [bgcolor=#FDFDFB] [r=2 c=34 rs=1 cs=1]
              RenderInline {FONT} at (0,0) size 2x10
                RenderText {#text} at (0,0) size 2x10
                  text run at (0,0) width 2: " "
            RenderTableCell {TD} at (264,20) size 8x10 [bgcolor=#EDEEEF] [r=2 c=35 rs=1 cs=1]
              RenderInline {FONT} at (0,0) size 2x10
                RenderText {#text} at (0,0) size 2x10
                  text run at (0,0) width 2: " "
            RenderTableCell {TD} at (272,20) size 8x10 [bgcolor=#048485] [r=2 c=36 rs=1 cs=1]
              RenderInline {FONT} at (0,0) size 2x10
                RenderText {#text} at (0,0) size 2x10
                  text run at (0,0) width 2: " "
            RenderTableCell {TD} at (280,20) size 8x10 [bgcolor=#048485] [r=2 c=37 rs=1 cs=1]
              RenderInline {FONT} at (0,0) size 2x10
                RenderText {#text} at (0,0) size 2x10
                  text run at (0,0) width 2: " "
            RenderTableCell {TD} at (288,20) size 8x10 [bgcolor=#027777] [r=2 c=38 rs=1 cs=1]
              RenderInline {FONT} at (0,0) size 2x10
                RenderText {#text} at (0,0) size 2x10
                  text run at (0,0) width 2: " "
            RenderTableCell {TD} at (296,20) size 8x10 [bgcolor=#027777] [r=2 c=39 rs=1 cs=1]
              RenderInline {FONT} at (0,0) size 2x10
                RenderText {#text} at (0,0) size 2x10
                  text run at (0,0) width 2: " "
            RenderTableCell {TD} at (304,20) size 8x10 [bgcolor=#027777] [r=2 c=40 rs=1 cs=1]
              RenderInline {FONT} at (0,0) size 2x10
                RenderText {#text} at (0,0) size 2x10
                  text run at (0,0) width 2: " "
            RenderTableCell {TD} at (312,20) size 8x10 [bgcolor=#027777] [r=2 c=41 rs=1 cs=1]
              RenderInline {FONT} at (0,0) size 2x10
                RenderText {#text} at (0,0) size 2x10
                  text run at (0,0) width 2: " "
            RenderTableCell {TD} at (320,20) size 8x10 [bgcolor=#027777] [r=2 c=42 rs=1 cs=1]
              RenderInline {FONT} at (0,0) size 2x10
                RenderText {#text} at (0,0) size 2x10
                  text run at (0,0) width 2: " "
            RenderTableCell {TD} at (328,20) size 8x10 [bgcolor=#027777] [r=2 c=43 rs=1 cs=1]
              RenderInline {FONT} at (0,0) size 2x10
                RenderText {#text} at (0,0) size 2x10
                  text run at (0,0) width 2: " "
            RenderTableCell {TD} at (336,20) size 8x10 [bgcolor=#027777] [r=2 c=44 rs=1 cs=1]
              RenderInline {FONT} at (0,0) size 2x10
                RenderText {#text} at (0,0) size 2x10
                  text run at (0,0) width 2: " "
            RenderTableCell {TD} at (344,20) size 8x10 [bgcolor=#027777] [r=2 c=45 rs=1 cs=1]
              RenderInline {FONT} at (0,0) size 2x10
                RenderText {#text} at (0,0) size 2x10
                  text run at (0,0) width 2: " "
            RenderTableCell {TD} at (352,20) size 8x10 [bgcolor=#027777] [r=2 c=46 rs=1 cs=1]
              RenderInline {FONT} at (0,0) size 2x10
                RenderText {#text} at (0,0) size 2x10
                  text run at (0,0) width 2: " "
            RenderTableCell {TD} at (360,20) size 8x10 [bgcolor=#027777] [r=2 c=47 rs=1 cs=1]
              RenderInline {FONT} at (0,0) size 2x10
                RenderText {#text} at (0,0) size 2x10
                  text run at (0,0) width 2: " "
            RenderTableCell {TD} at (368,20) size 8x10 [bgcolor=#027777] [r=2 c=48 rs=1 cs=1]
              RenderInline {FONT} at (0,0) size 2x10
                RenderText {#text} at (0,0) size 2x10
                  text run at (0,0) width 2: " "
            RenderTableCell {TD} at (376,20) size 8x10 [bgcolor=#027777] [r=2 c=49 rs=1 cs=1]
              RenderInline {FONT} at (0,0) size 2x10
                RenderText {#text} at (0,0) size 2x10
                  text run at (0,0) width 2: " "
            RenderTableCell {TD} at (384,20) size 8x10 [bgcolor=#027777] [r=2 c=50 rs=1 cs=1]
              RenderInline {FONT} at (0,0) size 2x10
                RenderText {#text} at (0,0) size 2x10
                  text run at (0,0) width 2: " "
            RenderTableCell {TD} at (392,20) size 8x10 [bgcolor=#026766] [r=2 c=51 rs=1 cs=1]
              RenderInline {FONT} at (0,0) size 2x10
                RenderText {#text} at (0,0) size 2x10
                  text run at (0,0) width 2: " "
            RenderTableCell {TD} at (400,20) size 8x10 [bgcolor=#338686] [r=2 c=52 rs=1 cs=1]
              RenderInline {FONT} at (0,0) size 2x10
                RenderText {#text} at (0,0) size 2x10
                  text run at (0,0) width 2: " "
            RenderTableCell {TD} at (408,20) size 8x10 [bgcolor=#048485] [r=2 c=53 rs=1 cs=1]
              RenderInline {FONT} at (0,0) size 2x10
                RenderText {#text} at (0,0) size 2x10
                  text run at (0,0) width 2: " "
            RenderTableCell {TD} at (416,20) size 8x10 [bgcolor=#027777] [r=2 c=54 rs=1 cs=1]
              RenderInline {FONT} at (0,0) size 2x10
                RenderText {#text} at (0,0) size 2x10
                  text run at (0,0) width 2: " "
            RenderTableCell {TD} at (424,20) size 8x10 [bgcolor=#026766] [r=2 c=55 rs=1 cs=1]
              RenderInline {FONT} at (0,0) size 2x10
                RenderText {#text} at (0,0) size 2x10
                  text run at (0,0) width 2: " "
            RenderTableCell {TD} at (432,20) size 8x10 [bgcolor=#044F4F] [r=2 c=56 rs=1 cs=1]
              RenderInline {FONT} at (0,0) size 2x10
                RenderText {#text} at (0,0) size 2x10
                  text run at (0,0) width 2: " "
            RenderTableCell {TD} at (440,20) size 8x10 [bgcolor=#939494] [r=2 c=57 rs=1 cs=1]
              RenderInline {FONT} at (0,0) size 2x10
                RenderText {#text} at (0,0) size 2x10
                  text run at (0,0) width 2: " "
            RenderTableCell {TD} at (448,20) size 8x10 [bgcolor=#CECFCF] [r=2 c=58 rs=1 cs=1]
              RenderInline {FONT} at (0,0) size 2x10
                RenderText {#text} at (0,0) size 2x10
                  text run at (0,0) width 2: " "
            RenderTableCell {TD} at (456,20) size 8x10 [bgcolor=#EDEEEF] [r=2 c=59 rs=1 cs=1]
              RenderInline {FONT} at (0,0) size 2x10
                RenderText {#text} at (0,0) size 2x10
                  text run at (0,0) width 2: " "
            RenderTableCell {TD} at (464,20) size 8x10 [bgcolor=#FDFDFB] [r=2 c=60 rs=1 cs=1]
              RenderInline {FONT} at (0,0) size 2x10
                RenderText {#text} at (0,0) size 2x10
                  text run at (0,0) width 2: " "
            RenderTableCell {TD} at (472,20) size 8x10 [bgcolor=#FDFDFB] [r=2 c=61 rs=1 cs=1]
              RenderInline {FONT} at (0,0) size 2x10
                RenderText {#text} at (0,0) size 2x10
                  text run at (0,0) width 2: " "
            RenderTableCell {TD} at (480,20) size 8x10 [bgcolor=#FDFDFB] [r=2 c=62 rs=1 cs=1]
              RenderInline {FONT} at (0,0) size 2x10
                RenderText {#text} at (0,0) size 2x10
                  text run at (0,0) width 2: " "
            RenderTableCell {TD} at (488,20) size 8x10 [bgcolor=#FDFDFB] [r=2 c=63 rs=1 cs=1]
              RenderInline {FONT} at (0,0) size 2x10
                RenderText {#text} at (0,0) size 2x10
                  text run at (0,0) width 2: " "
            RenderTableCell {TD} at (496,20) size 8x10 [bgcolor=#FDFDFB] [r=2 c=64 rs=1 cs=1]
              RenderInline {FONT} at (0,0) size 2x10
                RenderText {#text} at (0,0) size 2x10
                  text run at (0,0) width 2: " "
            RenderTableCell {TD} at (504,20) size 8x10 [bgcolor=#EDEEEF] [r=2 c=65 rs=1 cs=1]
              RenderInline {FONT} at (0,0) size 2x10
                RenderText {#text} at (0,0) size 2x10
                  text run at (0,0) width 2: " "
            RenderTableCell {TD} at (512,20) size 8x10 [bgcolor=#A4CCCC] [r=2 c=66 rs=1 cs=1]
              RenderInline {FONT} at (0,0) size 2x10
                RenderText {#text} at (0,0) size 2x10
                  text run at (0,0) width 2: " "
            RenderTableCell {TD} at (520,20) size 8x10 [bgcolor=#5CADAE] [r=2 c=67 rs=1 cs=1]
              RenderInline {FONT} at (0,0) size 2x10
                RenderText {#text} at (0,0) size 2x10
                  text run at (0,0) width 2: " "
            RenderTableCell {TD} at (528,20) size 8x10 [bgcolor=#158E8C] [r=2 c=68 rs=1 cs=1]
              RenderInline {FONT} at (0,0) size 2x10
                RenderText {#text} at (0,0) size 2x10
                  text run at (0,0) width 2: " "
            RenderTableCell {TD} at (536,20) size 8x10 [bgcolor=#048485] [r=2 c=69 rs=1 cs=1]
              RenderInline {FONT} at (0,0) size 2x10
                RenderText {#text} at (0,0) size 2x10
                  text run at (0,0) width 2: " "
            RenderTableCell {TD} at (544,20) size 8x10 [bgcolor=#048485] [r=2 c=70 rs=1 cs=1]
              RenderInline {FONT} at (0,0) size 2x10
                RenderText {#text} at (0,0) size 2x10
                  text run at (0,0) width 2: " "
            RenderTableCell {TD} at (552,20) size 8x10 [bgcolor=#027777] [r=2 c=71 rs=1 cs=1]
              RenderInline {FONT} at (0,0) size 2x10
                RenderText {#text} at (0,0) size 2x10
                  text run at (0,0) width 2: " "
            RenderTableCell {TD} at (560,20) size 8x10 [bgcolor=#027777] [r=2 c=72 rs=1 cs=1]
              RenderInline {FONT} at (0,0) size 2x10
                RenderText {#text} at (0,0) size 2x10
                  text run at (0,0) width 2: " "
            RenderTableCell {TD} at (568,20) size 8x10 [bgcolor=#027777] [r=2 c=73 rs=1 cs=1]
              RenderInline {FONT} at (0,0) size 2x10
                RenderText {#text} at (0,0) size 2x10
                  text run at (0,0) width 2: " "
            RenderTableCell {TD} at (576,20) size 8x10 [bgcolor=#027777] [r=2 c=74 rs=1 cs=1]
              RenderInline {FONT} at (0,0) size 2x10
                RenderText {#text} at (0,0) size 2x10
                  text run at (0,0) width 2: " "
            RenderTableCell {TD} at (584,20) size 8x10 [bgcolor=#027777] [r=2 c=75 rs=1 cs=1]
              RenderInline {FONT} at (0,0) size 2x10
                RenderText {#text} at (0,0) size 2x10
                  text run at (0,0) width 2: " "
            RenderTableCell {TD} at (592,20) size 8x10 [bgcolor=#027777] [r=2 c=76 rs=1 cs=1]
              RenderInline {FONT} at (0,0) size 2x10
                RenderText {#text} at (0,0) size 2x10
                  text run at (0,0) width 2: " "
            RenderTableCell {TD} at (600,20) size 8x10 [bgcolor=#027777] [r=2 c=77 rs=1 cs=1]
              RenderInline {FONT} at (0,0) size 2x10
                RenderText {#text} at (0,0) size 2x10
                  text run at (0,0) width 2: " "
            RenderTableCell {TD} at (608,20) size 8x10 [bgcolor=#027777] [r=2 c=78 rs=1 cs=1]
              RenderInline {FONT} at (0,0) size 2x10
                RenderText {#text} at (0,0) size 2x10
                  text run at (0,0) width 2: " "
            RenderTableCell {TD} at (616,20) size 8x10 [bgcolor=#027777] [r=2 c=79 rs=1 cs=1]
              RenderInline {FONT} at (0,0) size 2x10
                RenderText {#text} at (0,0) size 2x10
                  text run at (0,0) width 2: " "
            RenderTableCell {TD} at (624,20) size 8x10 [bgcolor=#027777] [r=2 c=80 rs=1 cs=1]
              RenderInline {FONT} at (0,0) size 2x10
                RenderText {#text} at (0,0) size 2x10
                  text run at (0,0) width 2: " "
            RenderTableCell {TD} at (632,20) size 8x10 [bgcolor=#027777] [r=2 c=81 rs=1 cs=1]
              RenderInline {FONT} at (0,0) size 2x10
                RenderText {#text} at (0,0) size 2x10
                  text run at (0,0) width 2: " "
            RenderTableCell {TD} at (640,20) size 8x10 [bgcolor=#027777] [r=2 c=82 rs=1 cs=1]
              RenderInline {FONT} at (0,0) size 2x10
                RenderText {#text} at (0,0) size 2x10
                  text run at (0,0) width 2: " "
            RenderTableCell {TD} at (648,20) size 8x10 [bgcolor=#027777] [r=2 c=83 rs=1 cs=1]
              RenderInline {FONT} at (0,0) size 2x10
                RenderText {#text} at (0,0) size 2x10
                  text run at (0,0) width 2: " "
            RenderTableCell {TD} at (656,20) size 8x10 [bgcolor=#027777] [r=2 c=84 rs=1 cs=1]
              RenderInline {FONT} at (0,0) size 2x10
                RenderText {#text} at (0,0) size 2x10
                  text run at (0,0) width 2: " "
            RenderTableCell {TD} at (664,20) size 8x10 [bgcolor=#027777] [r=2 c=85 rs=1 cs=1]
              RenderInline {FONT} at (0,0) size 2x10
                RenderText {#text} at (0,0) size 2x10
                  text run at (0,0) width 2: " "
            RenderTableCell {TD} at (672,20) size 8x10 [bgcolor=#027777] [r=2 c=86 rs=1 cs=1]
              RenderInline {FONT} at (0,0) size 2x10
                RenderText {#text} at (0,0) size 2x10
                  text run at (0,0) width 2: " "
            RenderTableCell {TD} at (680,20) size 8x10 [bgcolor=#027777] [r=2 c=87 rs=1 cs=1]
              RenderInline {FONT} at (0,0) size 2x10
                RenderText {#text} at (0,0) size 2x10
                  text run at (0,0) width 2: " "
            RenderTableCell {TD} at (688,20) size 8x10 [bgcolor=#027777] [r=2 c=88 rs=1 cs=1]
              RenderInline {FONT} at (0,0) size 2x10
                RenderText {#text} at (0,0) size 2x10
                  text run at (0,0) width 2: " "
            RenderTableCell {TD} at (696,20) size 8x10 [bgcolor=#027777] [r=2 c=89 rs=1 cs=1]
              RenderInline {FONT} at (0,0) size 2x10
                RenderText {#text} at (0,0) size 2x10
                  text run at (0,0) width 2: " "
            RenderTableCell {TD} at (704,20) size 8x10 [bgcolor=#027777] [r=2 c=90 rs=1 cs=1]
              RenderInline {FONT} at (0,0) size 2x10
                RenderText {#text} at (0,0) size 2x10
                  text run at (0,0) width 2: " "
            RenderTableCell {TD} at (712,20) size 8x10 [bgcolor=#027777] [r=2 c=91 rs=1 cs=1]
              RenderInline {FONT} at (0,0) size 2x10
                RenderText {#text} at (0,0) size 2x10
                  text run at (0,0) width 2: " "
            RenderTableCell {TD} at (720,20) size 8x10 [bgcolor=#026766] [r=2 c=92 rs=1 cs=1]
              RenderInline {FONT} at (0,0) size 2x10
                RenderText {#text} at (0,0) size 2x10
                  text run at (0,0) width 2: " "
            RenderTableCell {TD} at (728,20) size 8x10 [bgcolor=#044F4F] [r=2 c=93 rs=1 cs=1]
              RenderInline {FONT} at (0,0) size 2x10
                RenderText {#text} at (0,0) size 2x10
                  text run at (0,0) width 2: " "
            RenderTableCell {TD} at (736,20) size 8x10 [bgcolor=#647979] [r=2 c=94 rs=1 cs=1]
              RenderInline {FONT} at (0,0) size 2x10
                RenderText {#text} at (0,0) size 2x10
                  text run at (0,0) width 2: " "
            RenderTableCell {TD} at (744,20) size 8x10 [bgcolor=#BEC2C2] [r=2 c=95 rs=1 cs=1]
              RenderInline {FONT} at (0,0) size 2x10
                RenderText {#text} at (0,0) size 2x10
                  text run at (0,0) width 2: " "
            RenderTableCell {TD} at (752,20) size 8x10 [bgcolor=#E0EAE9] [r=2 c=96 rs=1 cs=1]
              RenderInline {FONT} at (0,0) size 2x10
                RenderText {#text} at (0,0) size 2x10
                  text run at (0,0) width 2: " "
            RenderTableCell {TD} at (760,20) size 8x10 [bgcolor=#FDFDFB] [r=2 c=97 rs=1 cs=1]
              RenderInline {FONT} at (0,0) size 2x10
                RenderText {#text} at (0,0) size 2x10
                  text run at (0,0) width 2: " "
            RenderTableCell {TD} at (768,20) size 8x10 [bgcolor=#FDFDFB] [r=2 c=98 rs=1 cs=1]
              RenderInline {FONT} at (0,0) size 2x10
                RenderText {#text} at (0,0) size 2x10
                  text run at (0,0) width 2: " "
            RenderTableCell {TD} at (776,20) size 8x10 [bgcolor=#FDFDFB] [r=2 c=99 rs=1 cs=1]
              RenderInline {FONT} at (0,0) size 2x10
                RenderText {#text} at (0,0) size 2x10
                  text run at (0,0) width 2: " "
          RenderTableRow {TR} at (0,30) size 784x10
            RenderTableCell {TD} at (0,30) size 7x10 [bgcolor=#FDFDFB] [r=3 c=0 rs=1 cs=1]
              RenderInline {FONT} at (0,0) size 2x10
                RenderText {#text} at (0,0) size 2x10
                  text run at (0,0) width 2: " "
            RenderTableCell {TD} at (7,30) size 7x10 [bgcolor=#FDFDFB] [r=3 c=1 rs=1 cs=1]
              RenderInline {FONT} at (0,0) size 2x10
                RenderText {#text} at (0,0) size 2x10
                  text run at (0,0) width 2: " "
            RenderTableCell {TD} at (14,30) size 7x10 [bgcolor=#FDFDFB] [r=3 c=2 rs=1 cs=1]
              RenderInline {FONT} at (0,0) size 2x10
                RenderText {#text} at (0,0) size 2x10
                  text run at (0,0) width 2: " "
            RenderTableCell {TD} at (21,30) size 7x10 [bgcolor=#FDFDFB] [r=3 c=3 rs=1 cs=1]
              RenderInline {FONT} at (0,0) size 2x10
                RenderText {#text} at (0,0) size 2x10
                  text run at (0,0) width 2: " "
            RenderTableCell {TD} at (28,30) size 7x10 [bgcolor=#FDFDFB] [r=3 c=4 rs=1 cs=1]
              RenderInline {FONT} at (0,0) size 2x10
                RenderText {#text} at (0,0) size 2x10
                  text run at (0,0) width 2: " "
            RenderTableCell {TD} at (35,30) size 7x10 [bgcolor=#66BABC] [r=3 c=5 rs=1 cs=1]
              RenderInline {FONT} at (0,0) size 2x10
                RenderText {#text} at (0,0) size 2x10
                  text run at (0,0) width 2: " "
            RenderTableCell {TD} at (42,30) size 7x10 [bgcolor=#158E8C] [r=3 c=6 rs=1 cs=1]
              RenderInline {FONT} at (0,0) size 2x10
                RenderText {#text} at (0,0) size 2x10
                  text run at (0,0) width 2: " "
            RenderTableCell {TD} at (49,30) size 7x10 [bgcolor=#048485] [r=3 c=7 rs=1 cs=1]
              RenderInline {FONT} at (0,0) size 2x10
                RenderText {#text} at (0,0) size 2x10
                  text run at (0,0) width 2: " "
            RenderTableCell {TD} at (56,30) size 7x10 [bgcolor=#027777] [r=3 c=8 rs=1 cs=1]
              RenderInline {FONT} at (0,0) size 2x10
                RenderText {#text} at (0,0) size 2x10
                  text run at (0,0) width 2: " "
            RenderTableCell {TD} at (63,30) size 7x10 [bgcolor=#027777] [r=3 c=9 rs=1 cs=1]
              RenderInline {FONT} at (0,0) size 2x10
                RenderText {#text} at (0,0) size 2x10
                  text run at (0,0) width 2: " "
            RenderTableCell {TD} at (70,30) size 7x10 [bgcolor=#026766] [r=3 c=10 rs=1 cs=1]
              RenderInline {FONT} at (0,0) size 2x10
                RenderText {#text} at (0,0) size 2x10
                  text run at (0,0) width 2: " "
            RenderTableCell {TD} at (77,30) size 7x10 [bgcolor=#026766] [r=3 c=11 rs=1 cs=1]
              RenderInline {FONT} at (0,0) size 2x10
                RenderText {#text} at (0,0) size 2x10
                  text run at (0,0) width 2: " "
            RenderTableCell {TD} at (84,30) size 7x10 [bgcolor=#025E5E] [r=3 c=12 rs=1 cs=1]
              RenderInline {FONT} at (0,0) size 2x10
                RenderText {#text} at (0,0) size 2x10
                  text run at (0,0) width 2: " "
            RenderTableCell {TD} at (91,30) size 7x10 [bgcolor=#044F4F] [r=3 c=13 rs=1 cs=1]
              RenderInline {FONT} at (0,0) size 2x10
                RenderText {#text} at (0,0) size 2x10
                  text run at (0,0) width 2: " "
            RenderTableCell {TD} at (98,30) size 7x10 [bgcolor=#044140] [r=3 c=14 rs=1 cs=1]
              RenderInline {FONT} at (0,0) size 2x10
                RenderText {#text} at (0,0) size 2x10
                  text run at (0,0) width 2: " "
            RenderTableCell {TD} at (105,30) size 7x10 [bgcolor=#223C3D] [r=3 c=15 rs=1 cs=1]
              RenderInline {FONT} at (0,0) size 2x10
                RenderText {#text} at (0,0) size 2x10
                  text run at (0,0) width 2: " "
            RenderTableCell {TD} at (112,30) size 8x10 [bgcolor=#344C4E] [r=3 c=16 rs=1 cs=1]
              RenderInline {FONT} at (0,0) size 2x10
                RenderText {#text} at (0,0) size 2x10
                  text run at (0,0) width 2: " "
            RenderTableCell {TD} at (120,30) size 8x10 [bgcolor=#4D4F4F] [r=3 c=17 rs=1 cs=1]
              RenderInline {FONT} at (0,0) size 2x10
                RenderText {#text} at (0,0) size 2x10
                  text run at (0,0) width 2: " "
            RenderTableCell {TD} at (128,30) size 8x10 [bgcolor=#1A5C5C] [r=3 c=18 rs=1 cs=1]
              RenderInline {FONT} at (0,0) size 2x10
                RenderText {#text} at (0,0) size 2x10
                  text run at (0,0) width 2: " "
            RenderTableCell {TD} at (136,30) size 8x10 [bgcolor=#026766] [r=3 c=19 rs=1 cs=1]
              RenderInline {FONT} at (0,0) size 2x10
                RenderText {#text} at (0,0) size 2x10
                  text run at (0,0) width 2: " "
            RenderTableCell {TD} at (144,30) size 8x10 [bgcolor=#026766] [r=3 c=20 rs=1 cs=1]
              RenderInline {FONT} at (0,0) size 2x10
                RenderText {#text} at (0,0) size 2x10
                  text run at (0,0) width 2: " "
            RenderTableCell {TD} at (152,30) size 8x10 [bgcolor=#026766] [r=3 c=21 rs=1 cs=1]
              RenderInline {FONT} at (0,0) size 2x10
                RenderText {#text} at (0,0) size 2x10
                  text run at (0,0) width 2: " "
            RenderTableCell {TD} at (160,30) size 8x10 [bgcolor=#026766] [r=3 c=22 rs=1 cs=1]
              RenderInline {FONT} at (0,0) size 2x10
                RenderText {#text} at (0,0) size 2x10
                  text run at (0,0) width 2: " "
            RenderTableCell {TD} at (168,30) size 8x10 [bgcolor=#026766] [r=3 c=23 rs=1 cs=1]
              RenderInline {FONT} at (0,0) size 2x10
                RenderText {#text} at (0,0) size 2x10
                  text run at (0,0) width 2: " "
            RenderTableCell {TD} at (176,30) size 8x10 [bgcolor=#026766] [r=3 c=24 rs=1 cs=1]
              RenderInline {FONT} at (0,0) size 2x10
                RenderText {#text} at (0,0) size 2x10
                  text run at (0,0) width 2: " "
            RenderTableCell {TD} at (184,30) size 8x10 [bgcolor=#026766] [r=3 c=25 rs=1 cs=1]
              RenderInline {FONT} at (0,0) size 2x10
                RenderText {#text} at (0,0) size 2x10
                  text run at (0,0) width 2: " "
            RenderTableCell {TD} at (192,30) size 8x10 [bgcolor=#025E5E] [r=3 c=26 rs=1 cs=1]
              RenderInline {FONT} at (0,0) size 2x10
                RenderText {#text} at (0,0) size 2x10
                  text run at (0,0) width 2: " "
            RenderTableCell {TD} at (200,30) size 8x10 [bgcolor=#1A6B6A] [r=3 c=27 rs=1 cs=1]
              RenderInline {FONT} at (0,0) size 2x10
                RenderText {#text} at (0,0) size 2x10
                  text run at (0,0) width 2: " "
            RenderTableCell {TD} at (208,30) size 8x10 [bgcolor=#7B918F] [r=3 c=28 rs=1 cs=1]
              RenderInline {FONT} at (0,0) size 2x10
                RenderText {#text} at (0,0) size 2x10
                  text run at (0,0) width 2: " "
            RenderTableCell {TD} at (216,30) size 8x10 [bgcolor=#A5A6A6] [r=3 c=29 rs=1 cs=1]
              RenderInline {FONT} at (0,0) size 2x10
                RenderText {#text} at (0,0) size 2x10
                  text run at (0,0) width 2: " "
            RenderTableCell {TD} at (224,30) size 8x10 [bgcolor=#B4B4B4] [r=3 c=30 rs=1 cs=1]
              RenderInline {FONT} at (0,0) size 2x10
                RenderText {#text} at (0,0) size 2x10
                  text run at (0,0) width 2: " "
            RenderTableCell {TD} at (232,30) size 8x10 [bgcolor=#B4B4B4] [r=3 c=31 rs=1 cs=1]
              RenderInline {FONT} at (0,0) size 2x10
                RenderText {#text} at (0,0) size 2x10
                  text run at (0,0) width 2: " "
            RenderTableCell {TD} at (240,30) size 8x10 [bgcolor=#B4B4B4] [r=3 c=32 rs=1 cs=1]
              RenderInline {FONT} at (0,0) size 2x10
                RenderText {#text} at (0,0) size 2x10
                  text run at (0,0) width 2: " "
            RenderTableCell {TD} at (248,30) size 8x10 [bgcolor=#B4B4B4] [r=3 c=33 rs=1 cs=1]
              RenderInline {FONT} at (0,0) size 2x10
                RenderText {#text} at (0,0) size 2x10
                  text run at (0,0) width 2: " "
            RenderTableCell {TD} at (256,30) size 8x10 [bgcolor=#B4B4B4] [r=3 c=34 rs=1 cs=1]
              RenderInline {FONT} at (0,0) size 2x10
                RenderText {#text} at (0,0) size 2x10
                  text run at (0,0) width 2: " "
            RenderTableCell {TD} at (264,30) size 8x10 [bgcolor=#A2B5B4] [r=3 c=35 rs=1 cs=1]
              RenderInline {FONT} at (0,0) size 2x10
                RenderText {#text} at (0,0) size 2x10
                  text run at (0,0) width 2: " "
            RenderTableCell {TD} at (272,30) size 8x10 [bgcolor=#048485] [r=3 c=36 rs=1 cs=1]
              RenderInline {FONT} at (0,0) size 2x10
                RenderText {#text} at (0,0) size 2x10
                  text run at (0,0) width 2: " "
            RenderTableCell {TD} at (280,30) size 8x10 [bgcolor=#027777] [r=3 c=37 rs=1 cs=1]
              RenderInline {FONT} at (0,0) size 2x10
                RenderText {#text} at (0,0) size 2x10
                  text run at (0,0) width 2: " "
            RenderTableCell {TD} at (288,30) size 8x10 [bgcolor=#026766] [r=3 c=38 rs=1 cs=1]
              RenderInline {FONT} at (0,0) size 2x10
                RenderText {#text} at (0,0) size 2x10
                  text run at (0,0) width 2: " "
            RenderTableCell {TD} at (296,30) size 8x10 [bgcolor=#026766] [r=3 c=39 rs=1 cs=1]
              RenderInline {FONT} at (0,0) size 2x10
                RenderText {#text} at (0,0) size 2x10
                  text run at (0,0) width 2: " "
            RenderTableCell {TD} at (304,30) size 8x10 [bgcolor=#026766] [r=3 c=40 rs=1 cs=1]
              RenderInline {FONT} at (0,0) size 2x10
                RenderText {#text} at (0,0) size 2x10
                  text run at (0,0) width 2: " "
            RenderTableCell {TD} at (312,30) size 8x10 [bgcolor=#026766] [r=3 c=41 rs=1 cs=1]
              RenderInline {FONT} at (0,0) size 2x10
                RenderText {#text} at (0,0) size 2x10
                  text run at (0,0) width 2: " "
            RenderTableCell {TD} at (320,30) size 8x10 [bgcolor=#026766] [r=3 c=42 rs=1 cs=1]
              RenderInline {FONT} at (0,0) size 2x10
                RenderText {#text} at (0,0) size 2x10
                  text run at (0,0) width 2: " "
            RenderTableCell {TD} at (328,30) size 8x10 [bgcolor=#026766] [r=3 c=43 rs=1 cs=1]
              RenderInline {FONT} at (0,0) size 2x10
                RenderText {#text} at (0,0) size 2x10
                  text run at (0,0) width 2: " "
            RenderTableCell {TD} at (336,30) size 8x10 [bgcolor=#026766] [r=3 c=44 rs=1 cs=1]
              RenderInline {FONT} at (0,0) size 2x10
                RenderText {#text} at (0,0) size 2x10
                  text run at (0,0) width 2: " "
            RenderTableCell {TD} at (344,30) size 8x10 [bgcolor=#026766] [r=3 c=45 rs=1 cs=1]
              RenderInline {FONT} at (0,0) size 2x10
                RenderText {#text} at (0,0) size 2x10
                  text run at (0,0) width 2: " "
            RenderTableCell {TD} at (352,30) size 8x10 [bgcolor=#026766] [r=3 c=46 rs=1 cs=1]
              RenderInline {FONT} at (0,0) size 2x10
                RenderText {#text} at (0,0) size 2x10
                  text run at (0,0) width 2: " "
            RenderTableCell {TD} at (360,30) size 8x10 [bgcolor=#026766] [r=3 c=47 rs=1 cs=1]
              RenderInline {FONT} at (0,0) size 2x10
                RenderText {#text} at (0,0) size 2x10
                  text run at (0,0) width 2: " "
            RenderTableCell {TD} at (368,30) size 8x10 [bgcolor=#026766] [r=3 c=48 rs=1 cs=1]
              RenderInline {FONT} at (0,0) size 2x10
                RenderText {#text} at (0,0) size 2x10
                  text run at (0,0) width 2: " "
            RenderTableCell {TD} at (376,30) size 8x10 [bgcolor=#026766] [r=3 c=49 rs=1 cs=1]
              RenderInline {FONT} at (0,0) size 2x10
                RenderText {#text} at (0,0) size 2x10
                  text run at (0,0) width 2: " "
            RenderTableCell {TD} at (384,30) size 8x10 [bgcolor=#026766] [r=3 c=50 rs=1 cs=1]
              RenderInline {FONT} at (0,0) size 2x10
                RenderText {#text} at (0,0) size 2x10
                  text run at (0,0) width 2: " "
            RenderTableCell {TD} at (392,30) size 8x10 [bgcolor=#026766] [r=3 c=51 rs=1 cs=1]
              RenderInline {FONT} at (0,0) size 2x10
                RenderText {#text} at (0,0) size 2x10
                  text run at (0,0) width 2: " "
            RenderTableCell {TD} at (400,30) size 8x10 [bgcolor=#026766] [r=3 c=52 rs=1 cs=1]
              RenderInline {FONT} at (0,0) size 2x10
                RenderText {#text} at (0,0) size 2x10
                  text run at (0,0) width 2: " "
            RenderTableCell {TD} at (408,30) size 8x10 [bgcolor=#027777] [r=3 c=53 rs=1 cs=1]
              RenderInline {FONT} at (0,0) size 2x10
                RenderText {#text} at (0,0) size 2x10
                  text run at (0,0) width 2: " "
            RenderTableCell {TD} at (416,30) size 8x10 [bgcolor=#026766] [r=3 c=54 rs=1 cs=1]
              RenderInline {FONT} at (0,0) size 2x10
                RenderText {#text} at (0,0) size 2x10
                  text run at (0,0) width 2: " "
            RenderTableCell {TD} at (424,30) size 8x10 [bgcolor=#044F4F] [r=3 c=55 rs=1 cs=1]
              RenderInline {FONT} at (0,0) size 2x10
                RenderText {#text} at (0,0) size 2x10
                  text run at (0,0) width 2: " "
            RenderTableCell {TD} at (432,30) size 8x10 [bgcolor=#044140] [r=3 c=56 rs=1 cs=1]
              RenderInline {FONT} at (0,0) size 2x10
                RenderText {#text} at (0,0) size 2x10
                  text run at (0,0) width 2: " "
            RenderTableCell {TD} at (440,30) size 8x10 [bgcolor=#515C5B] [r=3 c=57 rs=1 cs=1]
              RenderInline {FONT} at (0,0) size 2x10
                RenderText {#text} at (0,0) size 2x10
                  text run at (0,0) width 2: " "
            RenderTableCell {TD} at (448,30) size 8x10 [bgcolor=#848788] [r=3 c=58 rs=1 cs=1]
              RenderInline {FONT} at (0,0) size 2x10
                RenderText {#text} at (0,0) size 2x10
                  text run at (0,0) width 2: " "
            RenderTableCell {TD} at (456,30) size 8x10 [bgcolor=#A5A6A6] [r=3 c=59 rs=1 cs=1]
              RenderInline {FONT} at (0,0) size 2x10
                RenderText {#text} at (0,0) size 2x10
                  text run at (0,0) width 2: " "
            RenderTableCell {TD} at (464,30) size 8x10 [bgcolor=#B4B4B4] [r=3 c=60 rs=1 cs=1]
              RenderInline {FONT} at (0,0) size 2x10
                RenderText {#text} at (0,0) size 2x10
                  text run at (0,0) width 2: " "
            RenderTableCell {TD} at (472,30) size 8x10 [bgcolor=#B4B4B4] [r=3 c=61 rs=1 cs=1]
              RenderInline {FONT} at (0,0) size 2x10
                RenderText {#text} at (0,0) size 2x10
                  text run at (0,0) width 2: " "
            RenderTableCell {TD} at (480,30) size 8x10 [bgcolor=#B4B4B4] [r=3 c=62 rs=1 cs=1]
              RenderInline {FONT} at (0,0) size 2x10
                RenderText {#text} at (0,0) size 2x10
                  text run at (0,0) width 2: " "
            RenderTableCell {TD} at (488,30) size 8x10 [bgcolor=#B4B4B4] [r=3 c=63 rs=1 cs=1]
              RenderInline {FONT} at (0,0) size 2x10
                RenderText {#text} at (0,0) size 2x10
                  text run at (0,0) width 2: " "
            RenderTableCell {TD} at (496,30) size 8x10 [bgcolor=#72A3A1] [r=3 c=64 rs=1 cs=1]
              RenderInline {FONT} at (0,0) size 2x10
                RenderText {#text} at (0,0) size 2x10
                  text run at (0,0) width 2: " "
            RenderTableCell {TD} at (504,30) size 8x10 [bgcolor=#158E8C] [r=3 c=65 rs=1 cs=1]
              RenderInline {FONT} at (0,0) size 2x10
                RenderText {#text} at (0,0) size 2x10
                  text run at (0,0) width 2: " "
            RenderTableCell {TD} at (512,30) size 8x10 [bgcolor=#048485] [r=3 c=66 rs=1 cs=1]
              RenderInline {FONT} at (0,0) size 2x10
                RenderText {#text} at (0,0) size 2x10
                  text run at (0,0) width 2: " "
            RenderTableCell {TD} at (520,30) size 8x10 [bgcolor=#048485] [r=3 c=67 rs=1 cs=1]
              RenderInline {FONT} at (0,0) size 2x10
                RenderText {#text} at (0,0) size 2x10
                  text run at (0,0) width 2: " "
            RenderTableCell {TD} at (528,30) size 8x10 [bgcolor=#027777] [r=3 c=68 rs=1 cs=1]
              RenderInline {FONT} at (0,0) size 2x10
                RenderText {#text} at (0,0) size 2x10
                  text run at (0,0) width 2: " "
            RenderTableCell {TD} at (536,30) size 8x10 [bgcolor=#027777] [r=3 c=69 rs=1 cs=1]
              RenderInline {FONT} at (0,0) size 2x10
                RenderText {#text} at (0,0) size 2x10
                  text run at (0,0) width 2: " "
            RenderTableCell {TD} at (544,30) size 8x10 [bgcolor=#027777] [r=3 c=70 rs=1 cs=1]
              RenderInline {FONT} at (0,0) size 2x10
                RenderText {#text} at (0,0) size 2x10
                  text run at (0,0) width 2: " "
            RenderTableCell {TD} at (552,30) size 8x10 [bgcolor=#026766] [r=3 c=71 rs=1 cs=1]
              RenderInline {FONT} at (0,0) size 2x10
                RenderText {#text} at (0,0) size 2x10
                  text run at (0,0) width 2: " "
            RenderTableCell {TD} at (560,30) size 8x10 [bgcolor=#026766] [r=3 c=72 rs=1 cs=1]
              RenderInline {FONT} at (0,0) size 2x10
                RenderText {#text} at (0,0) size 2x10
                  text run at (0,0) width 2: " "
            RenderTableCell {TD} at (568,30) size 8x10 [bgcolor=#026766] [r=3 c=73 rs=1 cs=1]
              RenderInline {FONT} at (0,0) size 2x10
                RenderText {#text} at (0,0) size 2x10
                  text run at (0,0) width 2: " "
            RenderTableCell {TD} at (576,30) size 8x10 [bgcolor=#025E5E] [r=3 c=74 rs=1 cs=1]
              RenderInline {FONT} at (0,0) size 2x10
                RenderText {#text} at (0,0) size 2x10
                  text run at (0,0) width 2: " "
            RenderTableCell {TD} at (584,30) size 8x10 [bgcolor=#025E5E] [r=3 c=75 rs=1 cs=1]
              RenderInline {FONT} at (0,0) size 2x10
                RenderText {#text} at (0,0) size 2x10
                  text run at (0,0) width 2: " "
            RenderTableCell {TD} at (592,30) size 8x10 [bgcolor=#025E5E] [r=3 c=76 rs=1 cs=1]
              RenderInline {FONT} at (0,0) size 2x10
                RenderText {#text} at (0,0) size 2x10
                  text run at (0,0) width 2: " "
            RenderTableCell {TD} at (600,30) size 8x10 [bgcolor=#025E5E] [r=3 c=77 rs=1 cs=1]
              RenderInline {FONT} at (0,0) size 2x10
                RenderText {#text} at (0,0) size 2x10
                  text run at (0,0) width 2: " "
            RenderTableCell {TD} at (608,30) size 8x10 [bgcolor=#026766] [r=3 c=78 rs=1 cs=1]
              RenderInline {FONT} at (0,0) size 2x10
                RenderText {#text} at (0,0) size 2x10
                  text run at (0,0) width 2: " "
            RenderTableCell {TD} at (616,30) size 8x10 [bgcolor=#026766] [r=3 c=79 rs=1 cs=1]
              RenderInline {FONT} at (0,0) size 2x10
                RenderText {#text} at (0,0) size 2x10
                  text run at (0,0) width 2: " "
            RenderTableCell {TD} at (624,30) size 8x10 [bgcolor=#026766] [r=3 c=80 rs=1 cs=1]
              RenderInline {FONT} at (0,0) size 2x10
                RenderText {#text} at (0,0) size 2x10
                  text run at (0,0) width 2: " "
            RenderTableCell {TD} at (632,30) size 8x10 [bgcolor=#026766] [r=3 c=81 rs=1 cs=1]
              RenderInline {FONT} at (0,0) size 2x10
                RenderText {#text} at (0,0) size 2x10
                  text run at (0,0) width 2: " "
            RenderTableCell {TD} at (640,30) size 8x10 [bgcolor=#026766] [r=3 c=82 rs=1 cs=1]
              RenderInline {FONT} at (0,0) size 2x10
                RenderText {#text} at (0,0) size 2x10
                  text run at (0,0) width 2: " "
            RenderTableCell {TD} at (648,30) size 8x10 [bgcolor=#026766] [r=3 c=83 rs=1 cs=1]
              RenderInline {FONT} at (0,0) size 2x10
                RenderText {#text} at (0,0) size 2x10
                  text run at (0,0) width 2: " "
            RenderTableCell {TD} at (656,30) size 8x10 [bgcolor=#026766] [r=3 c=84 rs=1 cs=1]
              RenderInline {FONT} at (0,0) size 2x10
                RenderText {#text} at (0,0) size 2x10
                  text run at (0,0) width 2: " "
            RenderTableCell {TD} at (664,30) size 8x10 [bgcolor=#026766] [r=3 c=85 rs=1 cs=1]
              RenderInline {FONT} at (0,0) size 2x10
                RenderText {#text} at (0,0) size 2x10
                  text run at (0,0) width 2: " "
            RenderTableCell {TD} at (672,30) size 8x10 [bgcolor=#026766] [r=3 c=86 rs=1 cs=1]
              RenderInline {FONT} at (0,0) size 2x10
                RenderText {#text} at (0,0) size 2x10
                  text run at (0,0) width 2: " "
            RenderTableCell {TD} at (680,30) size 8x10 [bgcolor=#026766] [r=3 c=87 rs=1 cs=1]
              RenderInline {FONT} at (0,0) size 2x10
                RenderText {#text} at (0,0) size 2x10
                  text run at (0,0) width 2: " "
            RenderTableCell {TD} at (688,30) size 8x10 [bgcolor=#026766] [r=3 c=88 rs=1 cs=1]
              RenderInline {FONT} at (0,0) size 2x10
                RenderText {#text} at (0,0) size 2x10
                  text run at (0,0) width 2: " "
            RenderTableCell {TD} at (696,30) size 8x10 [bgcolor=#026766] [r=3 c=89 rs=1 cs=1]
              RenderInline {FONT} at (0,0) size 2x10
                RenderText {#text} at (0,0) size 2x10
                  text run at (0,0) width 2: " "
            RenderTableCell {TD} at (704,30) size 8x10 [bgcolor=#026766] [r=3 c=90 rs=1 cs=1]
              RenderInline {FONT} at (0,0) size 2x10
                RenderText {#text} at (0,0) size 2x10
                  text run at (0,0) width 2: " "
            RenderTableCell {TD} at (712,30) size 8x10 [bgcolor=#026766] [r=3 c=91 rs=1 cs=1]
              RenderInline {FONT} at (0,0) size 2x10
                RenderText {#text} at (0,0) size 2x10
                  text run at (0,0) width 2: " "
            RenderTableCell {TD} at (720,30) size 8x10 [bgcolor=#025E5E] [r=3 c=92 rs=1 cs=1]
              RenderInline {FONT} at (0,0) size 2x10
                RenderText {#text} at (0,0) size 2x10
                  text run at (0,0) width 2: " "
            RenderTableCell {TD} at (728,30) size 8x10 [bgcolor=#044140] [r=3 c=93 rs=1 cs=1]
              RenderInline {FONT} at (0,0) size 2x10
                RenderText {#text} at (0,0) size 2x10
                  text run at (0,0) width 2: " "
            RenderTableCell {TD} at (736,30) size 8x10 [bgcolor=#344C4E] [r=3 c=94 rs=1 cs=1]
              RenderInline {FONT} at (0,0) size 2x10
                RenderText {#text} at (0,0) size 2x10
                  text run at (0,0) width 2: " "
            RenderTableCell {TD} at (744,30) size 8x10 [bgcolor=#777878] [r=3 c=95 rs=1 cs=1]
              RenderInline {FONT} at (0,0) size 2x10
                RenderText {#text} at (0,0) size 2x10
                  text run at (0,0) width 2: " "
            RenderTableCell {TD} at (752,30) size 8x10 [bgcolor=#91A3A3] [r=3 c=96 rs=1 cs=1]
              RenderInline {FONT} at (0,0) size 2x10
                RenderText {#text} at (0,0) size 2x10
                  text run at (0,0) width 2: " "
            RenderTableCell {TD} at (760,30) size 8x10 [bgcolor=#B4B4B4] [r=3 c=97 rs=1 cs=1]
              RenderInline {FONT} at (0,0) size 2x10
                RenderText {#text} at (0,0) size 2x10
                  text run at (0,0) width 2: " "
            RenderTableCell {TD} at (768,30) size 8x10 [bgcolor=#A5A6A6] [r=3 c=98 rs=1 cs=1]
              RenderInline {FONT} at (0,0) size 2x10
                RenderText {#text} at (0,0) size 2x10
                  text run at (0,0) width 2: " "
            RenderTableCell {TD} at (776,30) size 8x10 [bgcolor=#848788] [r=3 c=99 rs=1 cs=1]
              RenderInline {FONT} at (0,0) size 2x10
                RenderText {#text} at (0,0) size 2x10
                  text run at (0,0) width 2: " "
          RenderTableRow {TR} at (0,40) size 784x10
            RenderTableCell {TD} at (0,40) size 7x10 [bgcolor=#FDFDFB] [r=4 c=0 rs=1 cs=1]
              RenderInline {FONT} at (0,0) size 2x10
                RenderText {#text} at (0,0) size 2x10
                  text run at (0,0) width 2: " "
            RenderTableCell {TD} at (7,40) size 7x10 [bgcolor=#FDFDFB] [r=4 c=1 rs=1 cs=1]
              RenderInline {FONT} at (0,0) size 2x10
                RenderText {#text} at (0,0) size 2x10
                  text run at (0,0) width 2: " "
            RenderTableCell {TD} at (14,40) size 7x10 [bgcolor=#FDFDFB] [r=4 c=2 rs=1 cs=1]
              RenderInline {FONT} at (0,0) size 2x10
                RenderText {#text} at (0,0) size 2x10
                  text run at (0,0) width 2: " "
            RenderTableCell {TD} at (21,40) size 7x10 [bgcolor=#EDEEEF] [r=4 c=3 rs=1 cs=1]
              RenderInline {FONT} at (0,0) size 2x10
                RenderText {#text} at (0,0) size 2x10
                  text run at (0,0) width 2: " "
            RenderTableCell {TD} at (28,40) size 7x10 [bgcolor=#66BABC] [r=4 c=4 rs=1 cs=1]
              RenderInline {FONT} at (0,0) size 2x10
                RenderText {#text} at (0,0) size 2x10
                  text run at (0,0) width 2: " "
            RenderTableCell {TD} at (35,40) size 7x10 [bgcolor=#048485] [r=4 c=5 rs=1 cs=1]
              RenderInline {FONT} at (0,0) size 2x10
                RenderText {#text} at (0,0) size 2x10
                  text run at (0,0) width 2: " "
            RenderTableCell {TD} at (42,40) size 7x10 [bgcolor=#048485] [r=4 c=6 rs=1 cs=1]
              RenderInline {FONT} at (0,0) size 2x10
                RenderText {#text} at (0,0) size 2x10
                  text run at (0,0) width 2: " "
            RenderTableCell {TD} at (49,40) size 7x10 [bgcolor=#027777] [r=4 c=7 rs=1 cs=1]
              RenderInline {FONT} at (0,0) size 2x10
                RenderText {#text} at (0,0) size 2x10
                  text run at (0,0) width 2: " "
            RenderTableCell {TD} at (56,40) size 7x10 [bgcolor=#026766] [r=4 c=8 rs=1 cs=1]
              RenderInline {FONT} at (0,0) size 2x10
                RenderText {#text} at (0,0) size 2x10
                  text run at (0,0) width 2: " "
            RenderTableCell {TD} at (63,40) size 7x10 [bgcolor=#026766] [r=4 c=9 rs=1 cs=1]
              RenderInline {FONT} at (0,0) size 2x10
                RenderText {#text} at (0,0) size 2x10
                  text run at (0,0) width 2: " "
            RenderTableCell {TD} at (70,40) size 7x10 [bgcolor=#026766] [r=4 c=10 rs=1 cs=1]
              RenderInline {FONT} at (0,0) size 2x10
                RenderText {#text} at (0,0) size 2x10
                  text run at (0,0) width 2: " "
            RenderTableCell {TD} at (77,40) size 7x10 [bgcolor=#026766] [r=4 c=11 rs=1 cs=1]
              RenderInline {FONT} at (0,0) size 2x10
                RenderText {#text} at (0,0) size 2x10
                  text run at (0,0) width 2: " "
            RenderTableCell {TD} at (84,40) size 7x10 [bgcolor=#025E5E] [r=4 c=12 rs=1 cs=1]
              RenderInline {FONT} at (0,0) size 2x10
                RenderText {#text} at (0,0) size 2x10
                  text run at (0,0) width 2: " "
            RenderTableCell {TD} at (91,40) size 7x10 [bgcolor=#044140] [r=4 c=13 rs=1 cs=1]
              RenderInline {FONT} at (0,0) size 2x10
                RenderText {#text} at (0,0) size 2x10
                  text run at (0,0) width 2: " "
            RenderTableCell {TD} at (98,40) size 7x10 [bgcolor=#083131] [r=4 c=14 rs=1 cs=1]
              RenderInline {FONT} at (0,0) size 2x10
                RenderText {#text} at (0,0) size 2x10
                  text run at (0,0) width 2: " "
            RenderTableCell {TD} at (105,40) size 7x10 [bgcolor=#3D4242] [r=4 c=15 rs=1 cs=1]
              RenderInline {FONT} at (0,0) size 2x10
                RenderText {#text} at (0,0) size 2x10
                  text run at (0,0) width 2: " "
            RenderTableCell {TD} at (112,40) size 8x10 [bgcolor=#515C5B] [r=4 c=16 rs=1 cs=1]
              RenderInline {FONT} at (0,0) size 2x10
                RenderText {#text} at (0,0) size 2x10
                  text run at (0,0) width 2: " "
            RenderTableCell {TD} at (120,40) size 8x10 [bgcolor=#696A69] [r=4 c=17 rs=1 cs=1]
              RenderInline {FONT} at (0,0) size 2x10
                RenderText {#text} at (0,0) size 2x10
                  text run at (0,0) width 2: " "
            RenderTableCell {TD} at (128,40) size 8x10 [bgcolor=#526B6B] [r=4 c=18 rs=1 cs=1]
              RenderInline {FONT} at (0,0) size 2x10
                RenderText {#text} at (0,0) size 2x10
                  text run at (0,0) width 2: " "
            RenderTableCell {TD} at (136,40) size 8x10 [bgcolor=#026766] [r=4 c=19 rs=1 cs=1]
              RenderInline {FONT} at (0,0) size 2x10
                RenderText {#text} at (0,0) size 2x10
                  text run at (0,0) width 2: " "
            RenderTableCell {TD} at (144,40) size 8x10 [bgcolor=#026766] [r=4 c=20 rs=1 cs=1]
              RenderInline {FONT} at (0,0) size 2x10
                RenderText {#text} at (0,0) size 2x10
                  text run at (0,0) width 2: " "
            RenderTableCell {TD} at (152,40) size 8x10 [bgcolor=#026766] [r=4 c=21 rs=1 cs=1]
              RenderInline {FONT} at (0,0) size 2x10
                RenderText {#text} at (0,0) size 2x10
                  text run at (0,0) width 2: " "
            RenderTableCell {TD} at (160,40) size 8x10 [bgcolor=#026766] [r=4 c=22 rs=1 cs=1]
              RenderInline {FONT} at (0,0) size 2x10
                RenderText {#text} at (0,0) size 2x10
                  text run at (0,0) width 2: " "
            RenderTableCell {TD} at (168,40) size 8x10 [bgcolor=#026766] [r=4 c=23 rs=1 cs=1]
              RenderInline {FONT} at (0,0) size 2x10
                RenderText {#text} at (0,0) size 2x10
                  text run at (0,0) width 2: " "
            RenderTableCell {TD} at (176,40) size 8x10 [bgcolor=#026766] [r=4 c=24 rs=1 cs=1]
              RenderInline {FONT} at (0,0) size 2x10
                RenderText {#text} at (0,0) size 2x10
                  text run at (0,0) width 2: " "
            RenderTableCell {TD} at (184,40) size 8x10 [bgcolor=#026766] [r=4 c=25 rs=1 cs=1]
              RenderInline {FONT} at (0,0) size 2x10
                RenderText {#text} at (0,0) size 2x10
                  text run at (0,0) width 2: " "
            RenderTableCell {TD} at (192,40) size 8x10 [bgcolor=#026766] [r=4 c=26 rs=1 cs=1]
              RenderInline {FONT} at (0,0) size 2x10
                RenderText {#text} at (0,0) size 2x10
                  text run at (0,0) width 2: " "
            RenderTableCell {TD} at (200,40) size 8x10 [bgcolor=#025E5E] [r=4 c=27 rs=1 cs=1]
              RenderInline {FONT} at (0,0) size 2x10
                RenderText {#text} at (0,0) size 2x10
                  text run at (0,0) width 2: " "
            RenderTableCell {TD} at (208,40) size 8x10 [bgcolor=#025E5E] [r=4 c=28 rs=1 cs=1]
              RenderInline {FONT} at (0,0) size 2x10
                RenderText {#text} at (0,0) size 2x10
                  text run at (0,0) width 2: " "
            RenderTableCell {TD} at (216,40) size 8x10 [bgcolor=#647979] [r=4 c=29 rs=1 cs=1]
              RenderInline {FONT} at (0,0) size 2x10
                RenderText {#text} at (0,0) size 2x10
                  text run at (0,0) width 2: " "
            RenderTableCell {TD} at (224,40) size 8x10 [bgcolor=#939494] [r=4 c=30 rs=1 cs=1]
              RenderInline {FONT} at (0,0) size 2x10
                RenderText {#text} at (0,0) size 2x10
                  text run at (0,0) width 2: " "
            RenderTableCell {TD} at (232,40) size 8x10 [bgcolor=#A5A6A6] [r=4 c=31 rs=1 cs=1]
              RenderInline {FONT} at (0,0) size 2x10
                RenderText {#text} at (0,0) size 2x10
                  text run at (0,0) width 2: " "
            RenderTableCell {TD} at (240,40) size 8x10 [bgcolor=#A5A6A6] [r=4 c=32 rs=1 cs=1]
              RenderInline {FONT} at (0,0) size 2x10
                RenderText {#text} at (0,0) size 2x10
                  text run at (0,0) width 2: " "
            RenderTableCell {TD} at (248,40) size 8x10 [bgcolor=#B4B4B4] [r=4 c=33 rs=1 cs=1]
              RenderInline {FONT} at (0,0) size 2x10
                RenderText {#text} at (0,0) size 2x10
                  text run at (0,0) width 2: " "
            RenderTableCell {TD} at (256,40) size 8x10 [bgcolor=#B4B4B4] [r=4 c=34 rs=1 cs=1]
              RenderInline {FONT} at (0,0) size 2x10
                RenderText {#text} at (0,0) size 2x10
                  text run at (0,0) width 2: " "
            RenderTableCell {TD} at (264,40) size 8x10 [bgcolor=#91A3A3] [r=4 c=35 rs=1 cs=1]
              RenderInline {FONT} at (0,0) size 2x10
                RenderText {#text} at (0,0) size 2x10
                  text run at (0,0) width 2: " "
            RenderTableCell {TD} at (272,40) size 8x10 [bgcolor=#048485] [r=4 c=36 rs=1 cs=1]
              RenderInline {FONT} at (0,0) size 2x10
                RenderText {#text} at (0,0) size 2x10
                  text run at (0,0) width 2: " "
            RenderTableCell {TD} at (280,40) size 8x10 [bgcolor=#027777] [r=4 c=37 rs=1 cs=1]
              RenderInline {FONT} at (0,0) size 2x10
                RenderText {#text} at (0,0) size 2x10
                  text run at (0,0) width 2: " "
            RenderTableCell {TD} at (288,40) size 8x10 [bgcolor=#026766] [r=4 c=38 rs=1 cs=1]
              RenderInline {FONT} at (0,0) size 2x10
                RenderText {#text} at (0,0) size 2x10
                  text run at (0,0) width 2: " "
            RenderTableCell {TD} at (296,40) size 8x10 [bgcolor=#026766] [r=4 c=39 rs=1 cs=1]
              RenderInline {FONT} at (0,0) size 2x10
                RenderText {#text} at (0,0) size 2x10
                  text run at (0,0) width 2: " "
            RenderTableCell {TD} at (304,40) size 8x10 [bgcolor=#026766] [r=4 c=40 rs=1 cs=1]
              RenderInline {FONT} at (0,0) size 2x10
                RenderText {#text} at (0,0) size 2x10
                  text run at (0,0) width 2: " "
            RenderTableCell {TD} at (312,40) size 8x10 [bgcolor=#026766] [r=4 c=41 rs=1 cs=1]
              RenderInline {FONT} at (0,0) size 2x10
                RenderText {#text} at (0,0) size 2x10
                  text run at (0,0) width 2: " "
            RenderTableCell {TD} at (320,40) size 8x10 [bgcolor=#026766] [r=4 c=42 rs=1 cs=1]
              RenderInline {FONT} at (0,0) size 2x10
                RenderText {#text} at (0,0) size 2x10
                  text run at (0,0) width 2: " "
            RenderTableCell {TD} at (328,40) size 8x10 [bgcolor=#026766] [r=4 c=43 rs=1 cs=1]
              RenderInline {FONT} at (0,0) size 2x10
                RenderText {#text} at (0,0) size 2x10
                  text run at (0,0) width 2: " "
            RenderTableCell {TD} at (336,40) size 8x10 [bgcolor=#026766] [r=4 c=44 rs=1 cs=1]
              RenderInline {FONT} at (0,0) size 2x10
                RenderText {#text} at (0,0) size 2x10
                  text run at (0,0) width 2: " "
            RenderTableCell {TD} at (344,40) size 8x10 [bgcolor=#026766] [r=4 c=45 rs=1 cs=1]
              RenderInline {FONT} at (0,0) size 2x10
                RenderText {#text} at (0,0) size 2x10
                  text run at (0,0) width 2: " "
            RenderTableCell {TD} at (352,40) size 8x10 [bgcolor=#026766] [r=4 c=46 rs=1 cs=1]
              RenderInline {FONT} at (0,0) size 2x10
                RenderText {#text} at (0,0) size 2x10
                  text run at (0,0) width 2: " "
            RenderTableCell {TD} at (360,40) size 8x10 [bgcolor=#026766] [r=4 c=47 rs=1 cs=1]
              RenderInline {FONT} at (0,0) size 2x10
                RenderText {#text} at (0,0) size 2x10
                  text run at (0,0) width 2: " "
            RenderTableCell {TD} at (368,40) size 8x10 [bgcolor=#026766] [r=4 c=48 rs=1 cs=1]
              RenderInline {FONT} at (0,0) size 2x10
                RenderText {#text} at (0,0) size 2x10
                  text run at (0,0) width 2: " "
            RenderTableCell {TD} at (376,40) size 8x10 [bgcolor=#026766] [r=4 c=49 rs=1 cs=1]
              RenderInline {FONT} at (0,0) size 2x10
                RenderText {#text} at (0,0) size 2x10
                  text run at (0,0) width 2: " "
            RenderTableCell {TD} at (384,40) size 8x10 [bgcolor=#026766] [r=4 c=50 rs=1 cs=1]
              RenderInline {FONT} at (0,0) size 2x10
                RenderText {#text} at (0,0) size 2x10
                  text run at (0,0) width 2: " "
            RenderTableCell {TD} at (392,40) size 8x10 [bgcolor=#026766] [r=4 c=51 rs=1 cs=1]
              RenderInline {FONT} at (0,0) size 2x10
                RenderText {#text} at (0,0) size 2x10
                  text run at (0,0) width 2: " "
            RenderTableCell {TD} at (400,40) size 8x10 [bgcolor=#026766] [r=4 c=52 rs=1 cs=1]
              RenderInline {FONT} at (0,0) size 2x10
                RenderText {#text} at (0,0) size 2x10
                  text run at (0,0) width 2: " "
            RenderTableCell {TD} at (408,40) size 8x10 [bgcolor=#025E5E] [r=4 c=53 rs=1 cs=1]
              RenderInline {FONT} at (0,0) size 2x10
                RenderText {#text} at (0,0) size 2x10
                  text run at (0,0) width 2: " "
            RenderTableCell {TD} at (416,40) size 8x10 [bgcolor=#025E5E] [r=4 c=54 rs=1 cs=1]
              RenderInline {FONT} at (0,0) size 2x10
                RenderText {#text} at (0,0) size 2x10
                  text run at (0,0) width 2: " "
            RenderTableCell {TD} at (424,40) size 8x10 [bgcolor=#044140] [r=4 c=55 rs=1 cs=1]
              RenderInline {FONT} at (0,0) size 2x10
                RenderText {#text} at (0,0) size 2x10
                  text run at (0,0) width 2: " "
            RenderTableCell {TD} at (432,40) size 8x10 [bgcolor=#083131] [r=4 c=56 rs=1 cs=1]
              RenderInline {FONT} at (0,0) size 2x10
                RenderText {#text} at (0,0) size 2x10
                  text run at (0,0) width 2: " "
            RenderTableCell {TD} at (440,40) size 8x10 [bgcolor=#4D4F4F] [r=4 c=57 rs=1 cs=1]
              RenderInline {FONT} at (0,0) size 2x10
                RenderText {#text} at (0,0) size 2x10
                  text run at (0,0) width 2: " "
            RenderTableCell {TD} at (448,40) size 8x10 [bgcolor=#777878] [r=4 c=58 rs=1 cs=1]
              RenderInline {FONT} at (0,0) size 2x10
                RenderText {#text} at (0,0) size 2x10
                  text run at (0,0) width 2: " "
            RenderTableCell {TD} at (456,40) size 8x10 [bgcolor=#939494] [r=4 c=59 rs=1 cs=1]
              RenderInline {FONT} at (0,0) size 2x10
                RenderText {#text} at (0,0) size 2x10
                  text run at (0,0) width 2: " "
            RenderTableCell {TD} at (464,40) size 8x10 [bgcolor=#A5A6A6] [r=4 c=60 rs=1 cs=1]
              RenderInline {FONT} at (0,0) size 2x10
                RenderText {#text} at (0,0) size 2x10
                  text run at (0,0) width 2: " "
            RenderTableCell {TD} at (472,40) size 8x10 [bgcolor=#B4B4B4] [r=4 c=61 rs=1 cs=1]
              RenderInline {FONT} at (0,0) size 2x10
                RenderText {#text} at (0,0) size 2x10
                  text run at (0,0) width 2: " "
            RenderTableCell {TD} at (480,40) size 8x10 [bgcolor=#A5A6A6] [r=4 c=62 rs=1 cs=1]
              RenderInline {FONT} at (0,0) size 2x10
                RenderText {#text} at (0,0) size 2x10
                  text run at (0,0) width 2: " "
            RenderTableCell {TD} at (488,40) size 8x10 [bgcolor=#589594] [r=4 c=63 rs=1 cs=1]
              RenderInline {FONT} at (0,0) size 2x10
                RenderText {#text} at (0,0) size 2x10
                  text run at (0,0) width 2: " "
            RenderTableCell {TD} at (496,40) size 8x10 [bgcolor=#048485] [r=4 c=64 rs=1 cs=1]
              RenderInline {FONT} at (0,0) size 2x10
                RenderText {#text} at (0,0) size 2x10
                  text run at (0,0) width 2: " "
            RenderTableCell {TD} at (504,40) size 8x10 [bgcolor=#048485] [r=4 c=65 rs=1 cs=1]
              RenderInline {FONT} at (0,0) size 2x10
                RenderText {#text} at (0,0) size 2x10
                  text run at (0,0) width 2: " "
            RenderTableCell {TD} at (512,40) size 8x10 [bgcolor=#027777] [r=4 c=66 rs=1 cs=1]
              RenderInline {FONT} at (0,0) size 2x10
                RenderText {#text} at (0,0) size 2x10
                  text run at (0,0) width 2: " "
            RenderTableCell {TD} at (520,40) size 8x10 [bgcolor=#027777] [r=4 c=67 rs=1 cs=1]
              RenderInline {FONT} at (0,0) size 2x10
                RenderText {#text} at (0,0) size 2x10
                  text run at (0,0) width 2: " "
            RenderTableCell {TD} at (528,40) size 8x10 [bgcolor=#026766] [r=4 c=68 rs=1 cs=1]
              RenderInline {FONT} at (0,0) size 2x10
                RenderText {#text} at (0,0) size 2x10
                  text run at (0,0) width 2: " "
            RenderTableCell {TD} at (536,40) size 8x10 [bgcolor=#026766] [r=4 c=69 rs=1 cs=1]
              RenderInline {FONT} at (0,0) size 2x10
                RenderText {#text} at (0,0) size 2x10
                  text run at (0,0) width 2: " "
            RenderTableCell {TD} at (544,40) size 8x10 [bgcolor=#026766] [r=4 c=70 rs=1 cs=1]
              RenderInline {FONT} at (0,0) size 2x10
                RenderText {#text} at (0,0) size 2x10
                  text run at (0,0) width 2: " "
            RenderTableCell {TD} at (552,40) size 8x10 [bgcolor=#026766] [r=4 c=71 rs=1 cs=1]
              RenderInline {FONT} at (0,0) size 2x10
                RenderText {#text} at (0,0) size 2x10
                  text run at (0,0) width 2: " "
            RenderTableCell {TD} at (560,40) size 8x10 [bgcolor=#025E5E] [r=4 c=72 rs=1 cs=1]
              RenderInline {FONT} at (0,0) size 2x10
                RenderText {#text} at (0,0) size 2x10
                  text run at (0,0) width 2: " "
            RenderTableCell {TD} at (568,40) size 8x10 [bgcolor=#025E5E] [r=4 c=73 rs=1 cs=1]
              RenderInline {FONT} at (0,0) size 2x10
                RenderText {#text} at (0,0) size 2x10
                  text run at (0,0) width 2: " "
            RenderTableCell {TD} at (576,40) size 8x10 [bgcolor=#044F4F] [r=4 c=74 rs=1 cs=1]
              RenderInline {FONT} at (0,0) size 2x10
                RenderText {#text} at (0,0) size 2x10
                  text run at (0,0) width 2: " "
            RenderTableCell {TD} at (584,40) size 8x10 [bgcolor=#044140] [r=4 c=75 rs=1 cs=1]
              RenderInline {FONT} at (0,0) size 2x10
                RenderText {#text} at (0,0) size 2x10
                  text run at (0,0) width 2: " "
            RenderTableCell {TD} at (592,40) size 8x10 [bgcolor=#044F4F] [r=4 c=76 rs=1 cs=1]
              RenderInline {FONT} at (0,0) size 2x10
                RenderText {#text} at (0,0) size 2x10
                  text run at (0,0) width 2: " "
            RenderTableCell {TD} at (600,40) size 8x10 [bgcolor=#044F4F] [r=4 c=77 rs=1 cs=1]
              RenderInline {FONT} at (0,0) size 2x10
                RenderText {#text} at (0,0) size 2x10
                  text run at (0,0) width 2: " "
            RenderTableCell {TD} at (608,40) size 8x10 [bgcolor=#025E5E] [r=4 c=78 rs=1 cs=1]
              RenderInline {FONT} at (0,0) size 2x10
                RenderText {#text} at (0,0) size 2x10
                  text run at (0,0) width 2: " "
            RenderTableCell {TD} at (616,40) size 8x10 [bgcolor=#026766] [r=4 c=79 rs=1 cs=1]
              RenderInline {FONT} at (0,0) size 2x10
                RenderText {#text} at (0,0) size 2x10
                  text run at (0,0) width 2: " "
            RenderTableCell {TD} at (624,40) size 8x10 [bgcolor=#026766] [r=4 c=80 rs=1 cs=1]
              RenderInline {FONT} at (0,0) size 2x10
                RenderText {#text} at (0,0) size 2x10
                  text run at (0,0) width 2: " "
            RenderTableCell {TD} at (632,40) size 8x10 [bgcolor=#026766] [r=4 c=81 rs=1 cs=1]
              RenderInline {FONT} at (0,0) size 2x10
                RenderText {#text} at (0,0) size 2x10
                  text run at (0,0) width 2: " "
            RenderTableCell {TD} at (640,40) size 8x10 [bgcolor=#026766] [r=4 c=82 rs=1 cs=1]
              RenderInline {FONT} at (0,0) size 2x10
                RenderText {#text} at (0,0) size 2x10
                  text run at (0,0) width 2: " "
            RenderTableCell {TD} at (648,40) size 8x10 [bgcolor=#026766] [r=4 c=83 rs=1 cs=1]
              RenderInline {FONT} at (0,0) size 2x10
                RenderText {#text} at (0,0) size 2x10
                  text run at (0,0) width 2: " "
            RenderTableCell {TD} at (656,40) size 8x10 [bgcolor=#026766] [r=4 c=84 rs=1 cs=1]
              RenderInline {FONT} at (0,0) size 2x10
                RenderText {#text} at (0,0) size 2x10
                  text run at (0,0) width 2: " "
            RenderTableCell {TD} at (664,40) size 8x10 [bgcolor=#026766] [r=4 c=85 rs=1 cs=1]
              RenderInline {FONT} at (0,0) size 2x10
                RenderText {#text} at (0,0) size 2x10
                  text run at (0,0) width 2: " "
            RenderTableCell {TD} at (672,40) size 8x10 [bgcolor=#026766] [r=4 c=86 rs=1 cs=1]
              RenderInline {FONT} at (0,0) size 2x10
                RenderText {#text} at (0,0) size 2x10
                  text run at (0,0) width 2: " "
            RenderTableCell {TD} at (680,40) size 8x10 [bgcolor=#026766] [r=4 c=87 rs=1 cs=1]
              RenderInline {FONT} at (0,0) size 2x10
                RenderText {#text} at (0,0) size 2x10
                  text run at (0,0) width 2: " "
            RenderTableCell {TD} at (688,40) size 8x10 [bgcolor=#026766] [r=4 c=88 rs=1 cs=1]
              RenderInline {FONT} at (0,0) size 2x10
                RenderText {#text} at (0,0) size 2x10
                  text run at (0,0) width 2: " "
            RenderTableCell {TD} at (696,40) size 8x10 [bgcolor=#026766] [r=4 c=89 rs=1 cs=1]
              RenderInline {FONT} at (0,0) size 2x10
                RenderText {#text} at (0,0) size 2x10
                  text run at (0,0) width 2: " "
            RenderTableCell {TD} at (704,40) size 8x10 [bgcolor=#026766] [r=4 c=90 rs=1 cs=1]
              RenderInline {FONT} at (0,0) size 2x10
                RenderText {#text} at (0,0) size 2x10
                  text run at (0,0) width 2: " "
            RenderTableCell {TD} at (712,40) size 8x10 [bgcolor=#025E5E] [r=4 c=91 rs=1 cs=1]
              RenderInline {FONT} at (0,0) size 2x10
                RenderText {#text} at (0,0) size 2x10
                  text run at (0,0) width 2: " "
            RenderTableCell {TD} at (720,40) size 8x10 [bgcolor=#044F4F] [r=4 c=92 rs=1 cs=1]
              RenderInline {FONT} at (0,0) size 2x10
                RenderText {#text} at (0,0) size 2x10
                  text run at (0,0) width 2: " "
            RenderTableCell {TD} at (728,40) size 8x10 [bgcolor=#044140] [r=4 c=93 rs=1 cs=1]
              RenderInline {FONT} at (0,0) size 2x10
                RenderText {#text} at (0,0) size 2x10
                  text run at (0,0) width 2: " "
            RenderTableCell {TD} at (736,40) size 8x10 [bgcolor=#3D4242] [r=4 c=94 rs=1 cs=1]
              RenderInline {FONT} at (0,0) size 2x10
                RenderText {#text} at (0,0) size 2x10
                  text run at (0,0) width 2: " "
            RenderTableCell {TD} at (744,40) size 8x10 [bgcolor=#696A69] [r=4 c=95 rs=1 cs=1]
              RenderInline {FONT} at (0,0) size 2x10
                RenderText {#text} at (0,0) size 2x10
                  text run at (0,0) width 2: " "
            RenderTableCell {TD} at (752,40) size 8x10 [bgcolor=#939494] [r=4 c=96 rs=1 cs=1]
              RenderInline {FONT} at (0,0) size 2x10
                RenderText {#text} at (0,0) size 2x10
                  text run at (0,0) width 2: " "
            RenderTableCell {TD} at (760,40) size 8x10 [bgcolor=#A5A6A6] [r=4 c=97 rs=1 cs=1]
              RenderInline {FONT} at (0,0) size 2x10
                RenderText {#text} at (0,0) size 2x10
                  text run at (0,0) width 2: " "
            RenderTableCell {TD} at (768,40) size 8x10 [bgcolor=#939494] [r=4 c=98 rs=1 cs=1]
              RenderInline {FONT} at (0,0) size 2x10
                RenderText {#text} at (0,0) size 2x10
                  text run at (0,0) width 2: " "
            RenderTableCell {TD} at (776,40) size 8x10 [bgcolor=#696A69] [r=4 c=99 rs=1 cs=1]
              RenderInline {FONT} at (0,0) size 2x10
                RenderText {#text} at (0,0) size 2x10
                  text run at (0,0) width 2: " "
          RenderTableRow {TR} at (0,50) size 784x10
            RenderTableCell {TD} at (0,50) size 7x10 [bgcolor=#FDFDFB] [r=5 c=0 rs=1 cs=1]
              RenderInline {FONT} at (0,0) size 2x10
                RenderText {#text} at (0,0) size 2x10
                  text run at (0,0) width 2: " "
            RenderTableCell {TD} at (7,50) size 7x10 [bgcolor=#FDFDFB] [r=5 c=1 rs=1 cs=1]
              RenderInline {FONT} at (0,0) size 2x10
                RenderText {#text} at (0,0) size 2x10
                  text run at (0,0) width 2: " "
            RenderTableCell {TD} at (14,50) size 7x10 [bgcolor=#FDFDFB] [r=5 c=2 rs=1 cs=1]
              RenderInline {FONT} at (0,0) size 2x10
                RenderText {#text} at (0,0) size 2x10
                  text run at (0,0) width 2: " "
            RenderTableCell {TD} at (21,50) size 7x10 [bgcolor=#7DBAB9] [r=5 c=3 rs=1 cs=1]
              RenderInline {FONT} at (0,0) size 2x10
                RenderText {#text} at (0,0) size 2x10
                  text run at (0,0) width 2: " "
            RenderTableCell {TD} at (28,50) size 7x10 [bgcolor=#048485] [r=5 c=4 rs=1 cs=1]
              RenderInline {FONT} at (0,0) size 2x10
                RenderText {#text} at (0,0) size 2x10
                  text run at (0,0) width 2: " "
            RenderTableCell {TD} at (35,50) size 7x10 [bgcolor=#048485] [r=5 c=5 rs=1 cs=1]
              RenderInline {FONT} at (0,0) size 2x10
                RenderText {#text} at (0,0) size 2x10
                  text run at (0,0) width 2: " "
            RenderTableCell {TD} at (42,50) size 7x10 [bgcolor=#027777] [r=5 c=6 rs=1 cs=1]
              RenderInline {FONT} at (0,0) size 2x10
                RenderText {#text} at (0,0) size 2x10
                  text run at (0,0) width 2: " "
            RenderTableCell {TD} at (49,50) size 7x10 [bgcolor=#026766] [r=5 c=7 rs=1 cs=1]
              RenderInline {FONT} at (0,0) size 2x10
                RenderText {#text} at (0,0) size 2x10
                  text run at (0,0) width 2: " "
            RenderTableCell {TD} at (56,50) size 7x10 [bgcolor=#026766] [r=5 c=8 rs=1 cs=1]
              RenderInline {FONT} at (0,0) size 2x10
                RenderText {#text} at (0,0) size 2x10
                  text run at (0,0) width 2: " "
            RenderTableCell {TD} at (63,50) size 7x10 [bgcolor=#026766] [r=5 c=9 rs=1 cs=1]
              RenderInline {FONT} at (0,0) size 2x10
                RenderText {#text} at (0,0) size 2x10
                  text run at (0,0) width 2: " "
            RenderTableCell {TD} at (70,50) size 7x10 [bgcolor=#026766] [r=5 c=10 rs=1 cs=1]
              RenderInline {FONT} at (0,0) size 2x10
                RenderText {#text} at (0,0) size 2x10
                  text run at (0,0) width 2: " "
            RenderTableCell {TD} at (77,50) size 7x10 [bgcolor=#025E5E] [r=5 c=11 rs=1 cs=1]
              RenderInline {FONT} at (0,0) size 2x10
                RenderText {#text} at (0,0) size 2x10
                  text run at (0,0) width 2: " "
            RenderTableCell {TD} at (84,50) size 7x10 [bgcolor=#025E5E] [r=5 c=12 rs=1 cs=1]
              RenderInline {FONT} at (0,0) size 2x10
                RenderText {#text} at (0,0) size 2x10
                  text run at (0,0) width 2: " "
            RenderTableCell {TD} at (91,50) size 7x10 [bgcolor=#044140] [r=5 c=13 rs=1 cs=1]
              RenderInline {FONT} at (0,0) size 2x10
                RenderText {#text} at (0,0) size 2x10
                  text run at (0,0) width 2: " "
            RenderTableCell {TD} at (98,50) size 7x10 [bgcolor=#223C3D] [r=5 c=14 rs=1 cs=1]
              RenderInline {FONT} at (0,0) size 2x10
                RenderText {#text} at (0,0) size 2x10
                  text run at (0,0) width 2: " "
            RenderTableCell {TD} at (105,50) size 7x10 [bgcolor=#4D4F4F] [r=5 c=15 rs=1 cs=1]
              RenderInline {FONT} at (0,0) size 2x10
                RenderText {#text} at (0,0) size 2x10
                  text run at (0,0) width 2: " "
            RenderTableCell {TD} at (112,50) size 8x10 [bgcolor=#696A69] [r=5 c=16 rs=1 cs=1]
              RenderInline {FONT} at (0,0) size 2x10
                RenderText {#text} at (0,0) size 2x10
                  text run at (0,0) width 2: " "
            RenderTableCell {TD} at (120,50) size 8x10 [bgcolor=#777878] [r=5 c=17 rs=1 cs=1]
              RenderInline {FONT} at (0,0) size 2x10
                RenderText {#text} at (0,0) size 2x10
                  text run at (0,0) width 2: " "
            RenderTableCell {TD} at (128,50) size 8x10 [bgcolor=#777878] [r=5 c=18 rs=1 cs=1]
              RenderInline {FONT} at (0,0) size 2x10
                RenderText {#text} at (0,0) size 2x10
                  text run at (0,0) width 2: " "
            RenderTableCell {TD} at (136,50) size 8x10 [bgcolor=#1E7A79] [r=5 c=19 rs=1 cs=1]
              RenderInline {FONT} at (0,0) size 2x10
                RenderText {#text} at (0,0) size 2x10
                  text run at (0,0) width 2: " "
            RenderTableCell {TD} at (144,50) size 8x10 [bgcolor=#027777] [r=5 c=20 rs=1 cs=1]
              RenderInline {FONT} at (0,0) size 2x10
                RenderText {#text} at (0,0) size 2x10
                  text run at (0,0) width 2: " "
            RenderTableCell {TD} at (152,50) size 8x10 [bgcolor=#026766] [r=5 c=21 rs=1 cs=1]
              RenderInline {FONT} at (0,0) size 2x10
                RenderText {#text} at (0,0) size 2x10
                  text run at (0,0) width 2: " "
            RenderTableCell {TD} at (160,50) size 8x10 [bgcolor=#026766] [r=5 c=22 rs=1 cs=1]
              RenderInline {FONT} at (0,0) size 2x10
                RenderText {#text} at (0,0) size 2x10
                  text run at (0,0) width 2: " "
            RenderTableCell {TD} at (168,50) size 8x10 [bgcolor=#026766] [r=5 c=23 rs=1 cs=1]
              RenderInline {FONT} at (0,0) size 2x10
                RenderText {#text} at (0,0) size 2x10
                  text run at (0,0) width 2: " "
            RenderTableCell {TD} at (176,50) size 8x10 [bgcolor=#026766] [r=5 c=24 rs=1 cs=1]
              RenderInline {FONT} at (0,0) size 2x10
                RenderText {#text} at (0,0) size 2x10
                  text run at (0,0) width 2: " "
            RenderTableCell {TD} at (184,50) size 8x10 [bgcolor=#026766] [r=5 c=25 rs=1 cs=1]
              RenderInline {FONT} at (0,0) size 2x10
                RenderText {#text} at (0,0) size 2x10
                  text run at (0,0) width 2: " "
            RenderTableCell {TD} at (192,50) size 8x10 [bgcolor=#026766] [r=5 c=26 rs=1 cs=1]
              RenderInline {FONT} at (0,0) size 2x10
                RenderText {#text} at (0,0) size 2x10
                  text run at (0,0) width 2: " "
            RenderTableCell {TD} at (200,50) size 8x10 [bgcolor=#025E5E] [r=5 c=27 rs=1 cs=1]
              RenderInline {FONT} at (0,0) size 2x10
                RenderText {#text} at (0,0) size 2x10
                  text run at (0,0) width 2: " "
            RenderTableCell {TD} at (208,50) size 8x10 [bgcolor=#025E5E] [r=5 c=28 rs=1 cs=1]
              RenderInline {FONT} at (0,0) size 2x10
                RenderText {#text} at (0,0) size 2x10
                  text run at (0,0) width 2: " "
            RenderTableCell {TD} at (216,50) size 8x10 [bgcolor=#025E5E] [r=5 c=29 rs=1 cs=1]
              RenderInline {FONT} at (0,0) size 2x10
                RenderText {#text} at (0,0) size 2x10
                  text run at (0,0) width 2: " "
            RenderTableCell {TD} at (224,50) size 8x10 [bgcolor=#526B6B] [r=5 c=30 rs=1 cs=1]
              RenderInline {FONT} at (0,0) size 2x10
                RenderText {#text} at (0,0) size 2x10
                  text run at (0,0) width 2: " "
            RenderTableCell {TD} at (232,50) size 8x10 [bgcolor=#848788] [r=5 c=31 rs=1 cs=1]
              RenderInline {FONT} at (0,0) size 2x10
                RenderText {#text} at (0,0) size 2x10
                  text run at (0,0) width 2: " "
            RenderTableCell {TD} at (240,50) size 8x10 [bgcolor=#939494] [r=5 c=32 rs=1 cs=1]
              RenderInline {FONT} at (0,0) size 2x10
                RenderText {#text} at (0,0) size 2x10
                  text run at (0,0) width 2: " "
            RenderTableCell {TD} at (248,50) size 8x10 [bgcolor=#939494] [r=5 c=33 rs=1 cs=1]
              RenderInline {FONT} at (0,0) size 2x10
                RenderText {#text} at (0,0) size 2x10
                  text run at (0,0) width 2: " "
            RenderTableCell {TD} at (256,50) size 8x10 [bgcolor=#91A3A3] [r=5 c=34 rs=1 cs=1]
              RenderInline {FONT} at (0,0) size 2x10
                RenderText {#text} at (0,0) size 2x10
                  text run at (0,0) width 2: " "
            RenderTableCell {TD} at (264,50) size 8x10 [bgcolor=#939494] [r=5 c=35 rs=1 cs=1]
              RenderInline {FONT} at (0,0) size 2x10
                RenderText {#text} at (0,0) size 2x10
                  text run at (0,0) width 2: " "
            RenderTableCell {TD} at (272,50) size 8x10 [bgcolor=#027777] [r=5 c=36 rs=1 cs=1]
              RenderInline {FONT} at (0,0) size 2x10
                RenderText {#text} at (0,0) size 2x10
                  text run at (0,0) width 2: " "
            RenderTableCell {TD} at (280,50) size 8x10 [bgcolor=#027777] [r=5 c=37 rs=1 cs=1]
              RenderInline {FONT} at (0,0) size 2x10
                RenderText {#text} at (0,0) size 2x10
                  text run at (0,0) width 2: " "
            RenderTableCell {TD} at (288,50) size 8x10 [bgcolor=#026766] [r=5 c=38 rs=1 cs=1]
              RenderInline {FONT} at (0,0) size 2x10
                RenderText {#text} at (0,0) size 2x10
                  text run at (0,0) width 2: " "
            RenderTableCell {TD} at (296,50) size 8x10 [bgcolor=#026766] [r=5 c=39 rs=1 cs=1]
              RenderInline {FONT} at (0,0) size 2x10
                RenderText {#text} at (0,0) size 2x10
                  text run at (0,0) width 2: " "
            RenderTableCell {TD} at (304,50) size 8x10 [bgcolor=#026766] [r=5 c=40 rs=1 cs=1]
              RenderInline {FONT} at (0,0) size 2x10
                RenderText {#text} at (0,0) size 2x10
                  text run at (0,0) width 2: " "
            RenderTableCell {TD} at (312,50) size 8x10 [bgcolor=#026766] [r=5 c=41 rs=1 cs=1]
              RenderInline {FONT} at (0,0) size 2x10
                RenderText {#text} at (0,0) size 2x10
                  text run at (0,0) width 2: " "
            RenderTableCell {TD} at (320,50) size 8x10 [bgcolor=#026766] [r=5 c=42 rs=1 cs=1]
              RenderInline {FONT} at (0,0) size 2x10
                RenderText {#text} at (0,0) size 2x10
                  text run at (0,0) width 2: " "
            RenderTableCell {TD} at (328,50) size 8x10 [bgcolor=#026766] [r=5 c=43 rs=1 cs=1]
              RenderInline {FONT} at (0,0) size 2x10
                RenderText {#text} at (0,0) size 2x10
                  text run at (0,0) width 2: " "
            RenderTableCell {TD} at (336,50) size 8x10 [bgcolor=#026766] [r=5 c=44 rs=1 cs=1]
              RenderInline {FONT} at (0,0) size 2x10
                RenderText {#text} at (0,0) size 2x10
                  text run at (0,0) width 2: " "
            RenderTableCell {TD} at (344,50) size 8x10 [bgcolor=#026766] [r=5 c=45 rs=1 cs=1]
              RenderInline {FONT} at (0,0) size 2x10
                RenderText {#text} at (0,0) size 2x10
                  text run at (0,0) width 2: " "
            RenderTableCell {TD} at (352,50) size 8x10 [bgcolor=#026766] [r=5 c=46 rs=1 cs=1]
              RenderInline {FONT} at (0,0) size 2x10
                RenderText {#text} at (0,0) size 2x10
                  text run at (0,0) width 2: " "
            RenderTableCell {TD} at (360,50) size 8x10 [bgcolor=#026766] [r=5 c=47 rs=1 cs=1]
              RenderInline {FONT} at (0,0) size 2x10
                RenderText {#text} at (0,0) size 2x10
                  text run at (0,0) width 2: " "
            RenderTableCell {TD} at (368,50) size 8x10 [bgcolor=#026766] [r=5 c=48 rs=1 cs=1]
              RenderInline {FONT} at (0,0) size 2x10
                RenderText {#text} at (0,0) size 2x10
                  text run at (0,0) width 2: " "
            RenderTableCell {TD} at (376,50) size 8x10 [bgcolor=#026766] [r=5 c=49 rs=1 cs=1]
              RenderInline {FONT} at (0,0) size 2x10
                RenderText {#text} at (0,0) size 2x10
                  text run at (0,0) width 2: " "
            RenderTableCell {TD} at (384,50) size 8x10 [bgcolor=#026766] [r=5 c=50 rs=1 cs=1]
              RenderInline {FONT} at (0,0) size 2x10
                RenderText {#text} at (0,0) size 2x10
                  text run at (0,0) width 2: " "
            RenderTableCell {TD} at (392,50) size 8x10 [bgcolor=#025E5E] [r=5 c=51 rs=1 cs=1]
              RenderInline {FONT} at (0,0) size 2x10
                RenderText {#text} at (0,0) size 2x10
                  text run at (0,0) width 2: " "
            RenderTableCell {TD} at (400,50) size 8x10 [bgcolor=#025E5E] [r=5 c=52 rs=1 cs=1]
              RenderInline {FONT} at (0,0) size 2x10
                RenderText {#text} at (0,0) size 2x10
                  text run at (0,0) width 2: " "
            RenderTableCell {TD} at (408,50) size 8x10 [bgcolor=#044F4F] [r=5 c=53 rs=1 cs=1]
              RenderInline {FONT} at (0,0) size 2x10
                RenderText {#text} at (0,0) size 2x10
                  text run at (0,0) width 2: " "
            RenderTableCell {TD} at (416,50) size 8x10 [bgcolor=#044140] [r=5 c=54 rs=1 cs=1]
              RenderInline {FONT} at (0,0) size 2x10
                RenderText {#text} at (0,0) size 2x10
                  text run at (0,0) width 2: " "
            RenderTableCell {TD} at (424,50) size 8x10 [bgcolor=#083131] [r=5 c=55 rs=1 cs=1]
              RenderInline {FONT} at (0,0) size 2x10
                RenderText {#text} at (0,0) size 2x10
                  text run at (0,0) width 2: " "
            RenderTableCell {TD} at (432,50) size 8x10 [bgcolor=#083131] [r=5 c=56 rs=1 cs=1]
              RenderInline {FONT} at (0,0) size 2x10
                RenderText {#text} at (0,0) size 2x10
                  text run at (0,0) width 2: " "
            RenderTableCell {TD} at (440,50) size 8x10 [bgcolor=#4D4F4F] [r=5 c=57 rs=1 cs=1]
              RenderInline {FONT} at (0,0) size 2x10
                RenderText {#text} at (0,0) size 2x10
                  text run at (0,0) width 2: " "
            RenderTableCell {TD} at (448,50) size 8x10 [bgcolor=#696A69] [r=5 c=58 rs=1 cs=1]
              RenderInline {FONT} at (0,0) size 2x10
                RenderText {#text} at (0,0) size 2x10
                  text run at (0,0) width 2: " "
            RenderTableCell {TD} at (456,50) size 8x10 [bgcolor=#939494] [r=5 c=59 rs=1 cs=1]
              RenderInline {FONT} at (0,0) size 2x10
                RenderText {#text} at (0,0) size 2x10
                  text run at (0,0) width 2: " "
            RenderTableCell {TD} at (464,50) size 8x10 [bgcolor=#939494] [r=5 c=60 rs=1 cs=1]
              RenderInline {FONT} at (0,0) size 2x10
                RenderText {#text} at (0,0) size 2x10
                  text run at (0,0) width 2: " "
            RenderTableCell {TD} at (472,50) size 8x10 [bgcolor=#939494] [r=5 c=61 rs=1 cs=1]
              RenderInline {FONT} at (0,0) size 2x10
                RenderText {#text} at (0,0) size 2x10
                  text run at (0,0) width 2: " "
            RenderTableCell {TD} at (480,50) size 8x10 [bgcolor=#469191] [r=5 c=62 rs=1 cs=1]
              RenderInline {FONT} at (0,0) size 2x10
                RenderText {#text} at (0,0) size 2x10
                  text run at (0,0) width 2: " "
            RenderTableCell {TD} at (488,50) size 8x10 [bgcolor=#048485] [r=5 c=63 rs=1 cs=1]
              RenderInline {FONT} at (0,0) size 2x10
                RenderText {#text} at (0,0) size 2x10
                  text run at (0,0) width 2: " "
            RenderTableCell {TD} at (496,50) size 8x10 [bgcolor=#048485] [r=5 c=64 rs=1 cs=1]
              RenderInline {FONT} at (0,0) size 2x10
                RenderText {#text} at (0,0) size 2x10
                  text run at (0,0) width 2: " "
            RenderTableCell {TD} at (504,50) size 8x10 [bgcolor=#027777] [r=5 c=65 rs=1 cs=1]
              RenderInline {FONT} at (0,0) size 2x10
                RenderText {#text} at (0,0) size 2x10
                  text run at (0,0) width 2: " "
            RenderTableCell {TD} at (512,50) size 8x10 [bgcolor=#026766] [r=5 c=66 rs=1 cs=1]
              RenderInline {FONT} at (0,0) size 2x10
                RenderText {#text} at (0,0) size 2x10
                  text run at (0,0) width 2: " "
            RenderTableCell {TD} at (520,50) size 8x10 [bgcolor=#026766] [r=5 c=67 rs=1 cs=1]
              RenderInline {FONT} at (0,0) size 2x10
                RenderText {#text} at (0,0) size 2x10
                  text run at (0,0) width 2: " "
            RenderTableCell {TD} at (528,50) size 8x10 [bgcolor=#026766] [r=5 c=68 rs=1 cs=1]
              RenderInline {FONT} at (0,0) size 2x10
                RenderText {#text} at (0,0) size 2x10
                  text run at (0,0) width 2: " "
            RenderTableCell {TD} at (536,50) size 8x10 [bgcolor=#026766] [r=5 c=69 rs=1 cs=1]
              RenderInline {FONT} at (0,0) size 2x10
                RenderText {#text} at (0,0) size 2x10
                  text run at (0,0) width 2: " "
            RenderTableCell {TD} at (544,50) size 8x10 [bgcolor=#026766] [r=5 c=70 rs=1 cs=1]
              RenderInline {FONT} at (0,0) size 2x10
                RenderText {#text} at (0,0) size 2x10
                  text run at (0,0) width 2: " "
            RenderTableCell {TD} at (552,50) size 8x10 [bgcolor=#025E5E] [r=5 c=71 rs=1 cs=1]
              RenderInline {FONT} at (0,0) size 2x10
                RenderText {#text} at (0,0) size 2x10
                  text run at (0,0) width 2: " "
            RenderTableCell {TD} at (560,50) size 8x10 [bgcolor=#044F4F] [r=5 c=72 rs=1 cs=1]
              RenderInline {FONT} at (0,0) size 2x10
                RenderText {#text} at (0,0) size 2x10
                  text run at (0,0) width 2: " "
            RenderTableCell {TD} at (568,50) size 8x10 [bgcolor=#044140] [r=5 c=73 rs=1 cs=1]
              RenderInline {FONT} at (0,0) size 2x10
                RenderText {#text} at (0,0) size 2x10
                  text run at (0,0) width 2: " "
            RenderTableCell {TD} at (576,50) size 8x10 [bgcolor=#083131] [r=5 c=74 rs=1 cs=1]
              RenderInline {FONT} at (0,0) size 2x10
                RenderText {#text} at (0,0) size 2x10
                  text run at (0,0) width 2: " "
            RenderTableCell {TD} at (584,50) size 8x10 [bgcolor=#083131] [r=5 c=75 rs=1 cs=1]
              RenderInline {FONT} at (0,0) size 2x10
                RenderText {#text} at (0,0) size 2x10
                  text run at (0,0) width 2: " "
            RenderTableCell {TD} at (592,50) size 8x10 [bgcolor=#223C3D] [r=5 c=76 rs=1 cs=1]
              RenderInline {FONT} at (0,0) size 2x10
                RenderText {#text} at (0,0) size 2x10
                  text run at (0,0) width 2: " "
            RenderTableCell {TD} at (600,50) size 8x10 [bgcolor=#274C4D] [r=5 c=77 rs=1 cs=1]
              RenderInline {FONT} at (0,0) size 2x10
                RenderText {#text} at (0,0) size 2x10
                  text run at (0,0) width 2: " "
            RenderTableCell {TD} at (608,50) size 8x10 [bgcolor=#025E5E] [r=5 c=78 rs=1 cs=1]
              RenderInline {FONT} at (0,0) size 2x10
                RenderText {#text} at (0,0) size 2x10
                  text run at (0,0) width 2: " "
            RenderTableCell {TD} at (616,50) size 8x10 [bgcolor=#026766] [r=5 c=79 rs=1 cs=1]
              RenderInline {FONT} at (0,0) size 2x10
                RenderText {#text} at (0,0) size 2x10
                  text run at (0,0) width 2: " "
            RenderTableCell {TD} at (624,50) size 8x10 [bgcolor=#026766] [r=5 c=80 rs=1 cs=1]
              RenderInline {FONT} at (0,0) size 2x10
                RenderText {#text} at (0,0) size 2x10
                  text run at (0,0) width 2: " "
            RenderTableCell {TD} at (632,50) size 8x10 [bgcolor=#026766] [r=5 c=81 rs=1 cs=1]
              RenderInline {FONT} at (0,0) size 2x10
                RenderText {#text} at (0,0) size 2x10
                  text run at (0,0) width 2: " "
            RenderTableCell {TD} at (640,50) size 8x10 [bgcolor=#026766] [r=5 c=82 rs=1 cs=1]
              RenderInline {FONT} at (0,0) size 2x10
                RenderText {#text} at (0,0) size 2x10
                  text run at (0,0) width 2: " "
            RenderTableCell {TD} at (648,50) size 8x10 [bgcolor=#026766] [r=5 c=83 rs=1 cs=1]
              RenderInline {FONT} at (0,0) size 2x10
                RenderText {#text} at (0,0) size 2x10
                  text run at (0,0) width 2: " "
            RenderTableCell {TD} at (656,50) size 8x10 [bgcolor=#026766] [r=5 c=84 rs=1 cs=1]
              RenderInline {FONT} at (0,0) size 2x10
                RenderText {#text} at (0,0) size 2x10
                  text run at (0,0) width 2: " "
            RenderTableCell {TD} at (664,50) size 8x10 [bgcolor=#026766] [r=5 c=85 rs=1 cs=1]
              RenderInline {FONT} at (0,0) size 2x10
                RenderText {#text} at (0,0) size 2x10
                  text run at (0,0) width 2: " "
            RenderTableCell {TD} at (672,50) size 8x10 [bgcolor=#026766] [r=5 c=86 rs=1 cs=1]
              RenderInline {FONT} at (0,0) size 2x10
                RenderText {#text} at (0,0) size 2x10
                  text run at (0,0) width 2: " "
            RenderTableCell {TD} at (680,50) size 8x10 [bgcolor=#026766] [r=5 c=87 rs=1 cs=1]
              RenderInline {FONT} at (0,0) size 2x10
                RenderText {#text} at (0,0) size 2x10
                  text run at (0,0) width 2: " "
            RenderTableCell {TD} at (688,50) size 8x10 [bgcolor=#026766] [r=5 c=88 rs=1 cs=1]
              RenderInline {FONT} at (0,0) size 2x10
                RenderText {#text} at (0,0) size 2x10
                  text run at (0,0) width 2: " "
            RenderTableCell {TD} at (696,50) size 8x10 [bgcolor=#026766] [r=5 c=89 rs=1 cs=1]
              RenderInline {FONT} at (0,0) size 2x10
                RenderText {#text} at (0,0) size 2x10
                  text run at (0,0) width 2: " "
            RenderTableCell {TD} at (704,50) size 8x10 [bgcolor=#026766] [r=5 c=90 rs=1 cs=1]
              RenderInline {FONT} at (0,0) size 2x10
                RenderText {#text} at (0,0) size 2x10
                  text run at (0,0) width 2: " "
            RenderTableCell {TD} at (712,50) size 8x10 [bgcolor=#025E5E] [r=5 c=91 rs=1 cs=1]
              RenderInline {FONT} at (0,0) size 2x10
                RenderText {#text} at (0,0) size 2x10
                  text run at (0,0) width 2: " "
            RenderTableCell {TD} at (720,50) size 8x10 [bgcolor=#044F4F] [r=5 c=92 rs=1 cs=1]
              RenderInline {FONT} at (0,0) size 2x10
                RenderText {#text} at (0,0) size 2x10
                  text run at (0,0) width 2: " "
            RenderTableCell {TD} at (728,50) size 8x10 [bgcolor=#044140] [r=5 c=93 rs=1 cs=1]
              RenderInline {FONT} at (0,0) size 2x10
                RenderText {#text} at (0,0) size 2x10
                  text run at (0,0) width 2: " "
            RenderTableCell {TD} at (736,50) size 8x10 [bgcolor=#223C3D] [r=5 c=94 rs=1 cs=1]
              RenderInline {FONT} at (0,0) size 2x10
                RenderText {#text} at (0,0) size 2x10
                  text run at (0,0) width 2: " "
            RenderTableCell {TD} at (744,50) size 8x10 [bgcolor=#696A69] [r=5 c=95 rs=1 cs=1]
              RenderInline {FONT} at (0,0) size 2x10
                RenderText {#text} at (0,0) size 2x10
                  text run at (0,0) width 2: " "
            RenderTableCell {TD} at (752,50) size 8x10 [bgcolor=#848788] [r=5 c=96 rs=1 cs=1]
              RenderInline {FONT} at (0,0) size 2x10
                RenderText {#text} at (0,0) size 2x10
                  text run at (0,0) width 2: " "
            RenderTableCell {TD} at (760,50) size 8x10 [bgcolor=#939494] [r=5 c=97 rs=1 cs=1]
              RenderInline {FONT} at (0,0) size 2x10
                RenderText {#text} at (0,0) size 2x10
                  text run at (0,0) width 2: " "
            RenderTableCell {TD} at (768,50) size 8x10 [bgcolor=#777878] [r=5 c=98 rs=1 cs=1]
              RenderInline {FONT} at (0,0) size 2x10
                RenderText {#text} at (0,0) size 2x10
                  text run at (0,0) width 2: " "
            RenderTableCell {TD} at (776,50) size 8x10 [bgcolor=#515C5B] [r=5 c=99 rs=1 cs=1]
              RenderInline {FONT} at (0,0) size 2x10
                RenderText {#text} at (0,0) size 2x10
                  text run at (0,0) width 2: " "
          RenderTableRow {TR} at (0,60) size 784x10
            RenderTableCell {TD} at (0,60) size 7x10 [bgcolor=#FDFDFB] [r=6 c=0 rs=1 cs=1]
              RenderInline {FONT} at (0,0) size 2x10
                RenderText {#text} at (0,0) size 2x10
                  text run at (0,0) width 2: " "
            RenderTableCell {TD} at (7,60) size 7x10 [bgcolor=#FDFDFB] [r=6 c=1 rs=1 cs=1]
              RenderInline {FONT} at (0,0) size 2x10
                RenderText {#text} at (0,0) size 2x10
                  text run at (0,0) width 2: " "
            RenderTableCell {TD} at (14,60) size 7x10 [bgcolor=#A4CCCC] [r=6 c=2 rs=1 cs=1]
              RenderInline {FONT} at (0,0) size 2x10
                RenderText {#text} at (0,0) size 2x10
                  text run at (0,0) width 2: " "
            RenderTableCell {TD} at (21,60) size 7x10 [bgcolor=#048485] [r=6 c=3 rs=1 cs=1]
              RenderInline {FONT} at (0,0) size 2x10
                RenderText {#text} at (0,0) size 2x10
                  text run at (0,0) width 2: " "
            RenderTableCell {TD} at (28,60) size 7x10 [bgcolor=#048485] [r=6 c=4 rs=1 cs=1]
              RenderInline {FONT} at (0,0) size 2x10
                RenderText {#text} at (0,0) size 2x10
                  text run at (0,0) width 2: " "
            RenderTableCell {TD} at (35,60) size 7x10 [bgcolor=#027777] [r=6 c=5 rs=1 cs=1]
              RenderInline {FONT} at (0,0) size 2x10
                RenderText {#text} at (0,0) size 2x10
                  text run at (0,0) width 2: " "
            RenderTableCell {TD} at (42,60) size 7x10 [bgcolor=#026766] [r=6 c=6 rs=1 cs=1]
              RenderInline {FONT} at (0,0) size 2x10
                RenderText {#text} at (0,0) size 2x10
                  text run at (0,0) width 2: " "
            RenderTableCell {TD} at (49,60) size 7x10 [bgcolor=#026766] [r=6 c=7 rs=1 cs=1]
              RenderInline {FONT} at (0,0) size 2x10
                RenderText {#text} at (0,0) size 2x10
                  text run at (0,0) width 2: " "
            RenderTableCell {TD} at (56,60) size 7x10 [bgcolor=#026766] [r=6 c=8 rs=1 cs=1]
              RenderInline {FONT} at (0,0) size 2x10
                RenderText {#text} at (0,0) size 2x10
                  text run at (0,0) width 2: " "
            RenderTableCell {TD} at (63,60) size 7x10 [bgcolor=#026766] [r=6 c=9 rs=1 cs=1]
              RenderInline {FONT} at (0,0) size 2x10
                RenderText {#text} at (0,0) size 2x10
                  text run at (0,0) width 2: " "
            RenderTableCell {TD} at (70,60) size 7x10 [bgcolor=#026766] [r=6 c=10 rs=1 cs=1]
              RenderInline {FONT} at (0,0) size 2x10
                RenderText {#text} at (0,0) size 2x10
                  text run at (0,0) width 2: " "
            RenderTableCell {TD} at (77,60) size 7x10 [bgcolor=#025E5E] [r=6 c=11 rs=1 cs=1]
              RenderInline {FONT} at (0,0) size 2x10
                RenderText {#text} at (0,0) size 2x10
                  text run at (0,0) width 2: " "
            RenderTableCell {TD} at (84,60) size 7x10 [bgcolor=#025E5E] [r=6 c=12 rs=1 cs=1]
              RenderInline {FONT} at (0,0) size 2x10
                RenderText {#text} at (0,0) size 2x10
                  text run at (0,0) width 2: " "
            RenderTableCell {TD} at (91,60) size 7x10 [bgcolor=#044140] [r=6 c=13 rs=1 cs=1]
              RenderInline {FONT} at (0,0) size 2x10
                RenderText {#text} at (0,0) size 2x10
                  text run at (0,0) width 2: " "
            RenderTableCell {TD} at (98,60) size 7x10 [bgcolor=#223C3D] [r=6 c=14 rs=1 cs=1]
              RenderInline {FONT} at (0,0) size 2x10
                RenderText {#text} at (0,0) size 2x10
                  text run at (0,0) width 2: " "
            RenderTableCell {TD} at (105,60) size 7x10 [bgcolor=#696A69] [r=6 c=15 rs=1 cs=1]
              RenderInline {FONT} at (0,0) size 2x10
                RenderText {#text} at (0,0) size 2x10
                  text run at (0,0) width 2: " "
            RenderTableCell {TD} at (112,60) size 8x10 [bgcolor=#A5A6A6] [r=6 c=16 rs=1 cs=1]
              RenderInline {FONT} at (0,0) size 2x10
                RenderText {#text} at (0,0) size 2x10
                  text run at (0,0) width 2: " "
            RenderTableCell {TD} at (120,60) size 8x10 [bgcolor=#B4B4B4] [r=6 c=17 rs=1 cs=1]
              RenderInline {FONT} at (0,0) size 2x10
                RenderText {#text} at (0,0) size 2x10
                  text run at (0,0) width 2: " "
            RenderTableCell {TD} at (128,60) size 8x10 [bgcolor=#848788] [r=6 c=18 rs=1 cs=1]
              RenderInline {FONT} at (0,0) size 2x10
                RenderText {#text} at (0,0) size 2x10
                  text run at (0,0) width 2: " "
            RenderTableCell {TD} at (136,60) size 8x10 [bgcolor=#1E7A79] [r=6 c=19 rs=1 cs=1]
              RenderInline {FONT} at (0,0) size 2x10
                RenderText {#text} at (0,0) size 2x10
                  text run at (0,0) width 2: " "
            RenderTableCell {TD} at (144,60) size 8x10 [bgcolor=#027777] [r=6 c=20 rs=1 cs=1]
              RenderInline {FONT} at (0,0) size 2x10
                RenderText {#text} at (0,0) size 2x10
                  text run at (0,0) width 2: " "
            RenderTableCell {TD} at (152,60) size 8x10 [bgcolor=#026766] [r=6 c=21 rs=1 cs=1]
              RenderInline {FONT} at (0,0) size 2x10
                RenderText {#text} at (0,0) size 2x10
                  text run at (0,0) width 2: " "
            RenderTableCell {TD} at (160,60) size 8x10 [bgcolor=#026766] [r=6 c=22 rs=1 cs=1]
              RenderInline {FONT} at (0,0) size 2x10
                RenderText {#text} at (0,0) size 2x10
                  text run at (0,0) width 2: " "
            RenderTableCell {TD} at (168,60) size 8x10 [bgcolor=#026766] [r=6 c=23 rs=1 cs=1]
              RenderInline {FONT} at (0,0) size 2x10
                RenderText {#text} at (0,0) size 2x10
                  text run at (0,0) width 2: " "
            RenderTableCell {TD} at (176,60) size 8x10 [bgcolor=#026766] [r=6 c=24 rs=1 cs=1]
              RenderInline {FONT} at (0,0) size 2x10
                RenderText {#text} at (0,0) size 2x10
                  text run at (0,0) width 2: " "
            RenderTableCell {TD} at (184,60) size 8x10 [bgcolor=#026766] [r=6 c=25 rs=1 cs=1]
              RenderInline {FONT} at (0,0) size 2x10
                RenderText {#text} at (0,0) size 2x10
                  text run at (0,0) width 2: " "
            RenderTableCell {TD} at (192,60) size 8x10 [bgcolor=#026766] [r=6 c=26 rs=1 cs=1]
              RenderInline {FONT} at (0,0) size 2x10
                RenderText {#text} at (0,0) size 2x10
                  text run at (0,0) width 2: " "
            RenderTableCell {TD} at (200,60) size 8x10 [bgcolor=#026766] [r=6 c=27 rs=1 cs=1]
              RenderInline {FONT} at (0,0) size 2x10
                RenderText {#text} at (0,0) size 2x10
                  text run at (0,0) width 2: " "
            RenderTableCell {TD} at (208,60) size 8x10 [bgcolor=#025E5E] [r=6 c=28 rs=1 cs=1]
              RenderInline {FONT} at (0,0) size 2x10
                RenderText {#text} at (0,0) size 2x10
                  text run at (0,0) width 2: " "
            RenderTableCell {TD} at (216,60) size 8x10 [bgcolor=#025E5E] [r=6 c=29 rs=1 cs=1]
              RenderInline {FONT} at (0,0) size 2x10
                RenderText {#text} at (0,0) size 2x10
                  text run at (0,0) width 2: " "
            RenderTableCell {TD} at (224,60) size 8x10 [bgcolor=#044F4F] [r=6 c=30 rs=1 cs=1]
              RenderInline {FONT} at (0,0) size 2x10
                RenderText {#text} at (0,0) size 2x10
                  text run at (0,0) width 2: " "
            RenderTableCell {TD} at (232,60) size 8x10 [bgcolor=#696A69] [r=6 c=31 rs=1 cs=1]
              RenderInline {FONT} at (0,0) size 2x10
                RenderText {#text} at (0,0) size 2x10
                  text run at (0,0) width 2: " "
            RenderTableCell {TD} at (240,60) size 8x10 [bgcolor=#848788] [r=6 c=32 rs=1 cs=1]
              RenderInline {FONT} at (0,0) size 2x10
                RenderText {#text} at (0,0) size 2x10
                  text run at (0,0) width 2: " "
            RenderTableCell {TD} at (248,60) size 8x10 [bgcolor=#939494] [r=6 c=33 rs=1 cs=1]
              RenderInline {FONT} at (0,0) size 2x10
                RenderText {#text} at (0,0) size 2x10
                  text run at (0,0) width 2: " "
            RenderTableCell {TD} at (256,60) size 8x10 [bgcolor=#939494] [r=6 c=34 rs=1 cs=1]
              RenderInline {FONT} at (0,0) size 2x10
                RenderText {#text} at (0,0) size 2x10
                  text run at (0,0) width 2: " "
            RenderTableCell {TD} at (264,60) size 8x10 [bgcolor=#7B918F] [r=6 c=35 rs=1 cs=1]
              RenderInline {FONT} at (0,0) size 2x10
                RenderText {#text} at (0,0) size 2x10
                  text run at (0,0) width 2: " "
            RenderTableCell {TD} at (272,60) size 8x10 [bgcolor=#027777] [r=6 c=36 rs=1 cs=1]
              RenderInline {FONT} at (0,0) size 2x10
                RenderText {#text} at (0,0) size 2x10
                  text run at (0,0) width 2: " "
            RenderTableCell {TD} at (280,60) size 8x10 [bgcolor=#027777] [r=6 c=37 rs=1 cs=1]
              RenderInline {FONT} at (0,0) size 2x10
                RenderText {#text} at (0,0) size 2x10
                  text run at (0,0) width 2: " "
            RenderTableCell {TD} at (288,60) size 8x10 [bgcolor=#026766] [r=6 c=38 rs=1 cs=1]
              RenderInline {FONT} at (0,0) size 2x10
                RenderText {#text} at (0,0) size 2x10
                  text run at (0,0) width 2: " "
            RenderTableCell {TD} at (296,60) size 8x10 [bgcolor=#026766] [r=6 c=39 rs=1 cs=1]
              RenderInline {FONT} at (0,0) size 2x10
                RenderText {#text} at (0,0) size 2x10
                  text run at (0,0) width 2: " "
            RenderTableCell {TD} at (304,60) size 8x10 [bgcolor=#026766] [r=6 c=40 rs=1 cs=1]
              RenderInline {FONT} at (0,0) size 2x10
                RenderText {#text} at (0,0) size 2x10
                  text run at (0,0) width 2: " "
            RenderTableCell {TD} at (312,60) size 8x10 [bgcolor=#026766] [r=6 c=41 rs=1 cs=1]
              RenderInline {FONT} at (0,0) size 2x10
                RenderText {#text} at (0,0) size 2x10
                  text run at (0,0) width 2: " "
            RenderTableCell {TD} at (320,60) size 8x10 [bgcolor=#026766] [r=6 c=42 rs=1 cs=1]
              RenderInline {FONT} at (0,0) size 2x10
                RenderText {#text} at (0,0) size 2x10
                  text run at (0,0) width 2: " "
            RenderTableCell {TD} at (328,60) size 8x10 [bgcolor=#026766] [r=6 c=43 rs=1 cs=1]
              RenderInline {FONT} at (0,0) size 2x10
                RenderText {#text} at (0,0) size 2x10
                  text run at (0,0) width 2: " "
            RenderTableCell {TD} at (336,60) size 8x10 [bgcolor=#026766] [r=6 c=44 rs=1 cs=1]
              RenderInline {FONT} at (0,0) size 2x10
                RenderText {#text} at (0,0) size 2x10
                  text run at (0,0) width 2: " "
            RenderTableCell {TD} at (344,60) size 8x10 [bgcolor=#026766] [r=6 c=45 rs=1 cs=1]
              RenderInline {FONT} at (0,0) size 2x10
                RenderText {#text} at (0,0) size 2x10
                  text run at (0,0) width 2: " "
            RenderTableCell {TD} at (352,60) size 8x10 [bgcolor=#026766] [r=6 c=46 rs=1 cs=1]
              RenderInline {FONT} at (0,0) size 2x10
                RenderText {#text} at (0,0) size 2x10
                  text run at (0,0) width 2: " "
            RenderTableCell {TD} at (360,60) size 8x10 [bgcolor=#026766] [r=6 c=47 rs=1 cs=1]
              RenderInline {FONT} at (0,0) size 2x10
                RenderText {#text} at (0,0) size 2x10
                  text run at (0,0) width 2: " "
            RenderTableCell {TD} at (368,60) size 8x10 [bgcolor=#469191] [r=6 c=48 rs=1 cs=1]
              RenderInline {FONT} at (0,0) size 2x10
                RenderText {#text} at (0,0) size 2x10
                  text run at (0,0) width 2: " "
            RenderTableCell {TD} at (376,60) size 8x10 [bgcolor=#72A3A1] [r=6 c=49 rs=1 cs=1]
              RenderInline {FONT} at (0,0) size 2x10
                RenderText {#text} at (0,0) size 2x10
                  text run at (0,0) width 2: " "
            RenderTableCell {TD} at (384,60) size 8x10 [bgcolor=#338686] [r=6 c=50 rs=1 cs=1]
              RenderInline {FONT} at (0,0) size 2x10
                RenderText {#text} at (0,0) size 2x10
                  text run at (0,0) width 2: " "
            RenderTableCell {TD} at (392,60) size 8x10 [bgcolor=#025E5E] [r=6 c=51 rs=1 cs=1]
              RenderInline {FONT} at (0,0) size 2x10
                RenderText {#text} at (0,0) size 2x10
                  text run at (0,0) width 2: " "
            RenderTableCell {TD} at (400,60) size 8x10 [bgcolor=#044140] [r=6 c=52 rs=1 cs=1]
              RenderInline {FONT} at (0,0) size 2x10
                RenderText {#text} at (0,0) size 2x10
                  text run at (0,0) width 2: " "
            RenderTableCell {TD} at (408,60) size 8x10 [bgcolor=#083131] [r=6 c=53 rs=1 cs=1]
              RenderInline {FONT} at (0,0) size 2x10
                RenderText {#text} at (0,0) size 2x10
                  text run at (0,0) width 2: " "
            RenderTableCell {TD} at (416,60) size 8x10 [bgcolor=#083131] [r=6 c=54 rs=1 cs=1]
              RenderInline {FONT} at (0,0) size 2x10
                RenderText {#text} at (0,0) size 2x10
                  text run at (0,0) width 2: " "
            RenderTableCell {TD} at (424,60) size 8x10 [bgcolor=#2D3433] [r=6 c=55 rs=1 cs=1]
              RenderInline {FONT} at (0,0) size 2x10
                RenderText {#text} at (0,0) size 2x10
                  text run at (0,0) width 2: " "
            RenderTableCell {TD} at (432,60) size 8x10 [bgcolor=#3D4242] [r=6 c=56 rs=1 cs=1]
              RenderInline {FONT} at (0,0) size 2x10
                RenderText {#text} at (0,0) size 2x10
                  text run at (0,0) width 2: " "
            RenderTableCell {TD} at (440,60) size 8x10 [bgcolor=#515C5B] [r=6 c=57 rs=1 cs=1]
              RenderInline {FONT} at (0,0) size 2x10
                RenderText {#text} at (0,0) size 2x10
                  text run at (0,0) width 2: " "
            RenderTableCell {TD} at (448,60) size 8x10 [bgcolor=#777878] [r=6 c=58 rs=1 cs=1]
              RenderInline {FONT} at (0,0) size 2x10
                RenderText {#text} at (0,0) size 2x10
                  text run at (0,0) width 2: " "
            RenderTableCell {TD} at (456,60) size 8x10 [bgcolor=#848788] [r=6 c=59 rs=1 cs=1]
              RenderInline {FONT} at (0,0) size 2x10
                RenderText {#text} at (0,0) size 2x10
                  text run at (0,0) width 2: " "
            RenderTableCell {TD} at (464,60) size 8x10 [bgcolor=#939494] [r=6 c=60 rs=1 cs=1]
              RenderInline {FONT} at (0,0) size 2x10
                RenderText {#text} at (0,0) size 2x10
                  text run at (0,0) width 2: " "
            RenderTableCell {TD} at (472,60) size 8x10 [bgcolor=#5A8787] [r=6 c=61 rs=1 cs=1]
              RenderInline {FONT} at (0,0) size 2x10
                RenderText {#text} at (0,0) size 2x10
                  text run at (0,0) width 2: " "
            RenderTableCell {TD} at (480,60) size 8x10 [bgcolor=#048485] [r=6 c=62 rs=1 cs=1]
              RenderInline {FONT} at (0,0) size 2x10
                RenderText {#text} at (0,0) size 2x10
                  text run at (0,0) width 2: " "
            RenderTableCell {TD} at (488,60) size 8x10 [bgcolor=#048485] [r=6 c=63 rs=1 cs=1]
              RenderInline {FONT} at (0,0) size 2x10
                RenderText {#text} at (0,0) size 2x10
                  text run at (0,0) width 2: " "
            RenderTableCell {TD} at (496,60) size 8x10 [bgcolor=#027777] [r=6 c=64 rs=1 cs=1]
              RenderInline {FONT} at (0,0) size 2x10
                RenderText {#text} at (0,0) size 2x10
                  text run at (0,0) width 2: " "
            RenderTableCell {TD} at (504,60) size 8x10 [bgcolor=#026766] [r=6 c=65 rs=1 cs=1]
              RenderInline {FONT} at (0,0) size 2x10
                RenderText {#text} at (0,0) size 2x10
                  text run at (0,0) width 2: " "
            RenderTableCell {TD} at (512,60) size 8x10 [bgcolor=#026766] [r=6 c=66 rs=1 cs=1]
              RenderInline {FONT} at (0,0) size 2x10
                RenderText {#text} at (0,0) size 2x10
                  text run at (0,0) width 2: " "
            RenderTableCell {TD} at (520,60) size 8x10 [bgcolor=#026766] [r=6 c=67 rs=1 cs=1]
              RenderInline {FONT} at (0,0) size 2x10
                RenderText {#text} at (0,0) size 2x10
                  text run at (0,0) width 2: " "
            RenderTableCell {TD} at (528,60) size 8x10 [bgcolor=#026766] [r=6 c=68 rs=1 cs=1]
              RenderInline {FONT} at (0,0) size 2x10
                RenderText {#text} at (0,0) size 2x10
                  text run at (0,0) width 2: " "
            RenderTableCell {TD} at (536,60) size 8x10 [bgcolor=#026766] [r=6 c=69 rs=1 cs=1]
              RenderInline {FONT} at (0,0) size 2x10
                RenderText {#text} at (0,0) size 2x10
                  text run at (0,0) width 2: " "
            RenderTableCell {TD} at (544,60) size 8x10 [bgcolor=#1A6B6A] [r=6 c=70 rs=1 cs=1]
              RenderInline {FONT} at (0,0) size 2x10
                RenderText {#text} at (0,0) size 2x10
                  text run at (0,0) width 2: " "
            RenderTableCell {TD} at (552,60) size 8x10 [bgcolor=#589594] [r=6 c=71 rs=1 cs=1]
              RenderInline {FONT} at (0,0) size 2x10
                RenderText {#text} at (0,0) size 2x10
                  text run at (0,0) width 2: " "
            RenderTableCell {TD} at (560,60) size 8x10 [bgcolor=#7B918F] [r=6 c=72 rs=1 cs=1]
              RenderInline {FONT} at (0,0) size 2x10
                RenderText {#text} at (0,0) size 2x10
                  text run at (0,0) width 2: " "
            RenderTableCell {TD} at (568,60) size 8x10 [bgcolor=#274C4D] [r=6 c=73 rs=1 cs=1]
              RenderInline {FONT} at (0,0) size 2x10
                RenderText {#text} at (0,0) size 2x10
                  text run at (0,0) width 2: " "
            RenderTableCell {TD} at (576,60) size 8x10 [bgcolor=#2D3433] [r=6 c=74 rs=1 cs=1]
              RenderInline {FONT} at (0,0) size 2x10
                RenderText {#text} at (0,0) size 2x10
                  text run at (0,0) width 2: " "
            RenderTableCell {TD} at (584,60) size 8x10 [bgcolor=#3D4242] [r=6 c=75 rs=1 cs=1]
              RenderInline {FONT} at (0,0) size 2x10
                RenderText {#text} at (0,0) size 2x10
                  text run at (0,0) width 2: " "
            RenderTableCell {TD} at (592,60) size 8x10 [bgcolor=#4D4F4F] [r=6 c=76 rs=1 cs=1]
              RenderInline {FONT} at (0,0) size 2x10
                RenderText {#text} at (0,0) size 2x10
                  text run at (0,0) width 2: " "
            RenderTableCell {TD} at (600,60) size 8x10 [bgcolor=#515C5B] [r=6 c=77 rs=1 cs=1]
              RenderInline {FONT} at (0,0) size 2x10
                RenderText {#text} at (0,0) size 2x10
                  text run at (0,0) width 2: " "
            RenderTableCell {TD} at (608,60) size 8x10 [bgcolor=#1A6B6A] [r=6 c=78 rs=1 cs=1]
              RenderInline {FONT} at (0,0) size 2x10
                RenderText {#text} at (0,0) size 2x10
                  text run at (0,0) width 2: " "
            RenderTableCell {TD} at (616,60) size 8x10 [bgcolor=#026766] [r=6 c=79 rs=1 cs=1]
              RenderInline {FONT} at (0,0) size 2x10
                RenderText {#text} at (0,0) size 2x10
                  text run at (0,0) width 2: " "
            RenderTableCell {TD} at (624,60) size 8x10 [bgcolor=#026766] [r=6 c=80 rs=1 cs=1]
              RenderInline {FONT} at (0,0) size 2x10
                RenderText {#text} at (0,0) size 2x10
                  text run at (0,0) width 2: " "
            RenderTableCell {TD} at (632,60) size 8x10 [bgcolor=#026766] [r=6 c=81 rs=1 cs=1]
              RenderInline {FONT} at (0,0) size 2x10
                RenderText {#text} at (0,0) size 2x10
                  text run at (0,0) width 2: " "
            RenderTableCell {TD} at (640,60) size 8x10 [bgcolor=#026766] [r=6 c=82 rs=1 cs=1]
              RenderInline {FONT} at (0,0) size 2x10
                RenderText {#text} at (0,0) size 2x10
                  text run at (0,0) width 2: " "
            RenderTableCell {TD} at (648,60) size 8x10 [bgcolor=#026766] [r=6 c=83 rs=1 cs=1]
              RenderInline {FONT} at (0,0) size 2x10
                RenderText {#text} at (0,0) size 2x10
                  text run at (0,0) width 2: " "
            RenderTableCell {TD} at (656,60) size 8x10 [bgcolor=#026766] [r=6 c=84 rs=1 cs=1]
              RenderInline {FONT} at (0,0) size 2x10
                RenderText {#text} at (0,0) size 2x10
                  text run at (0,0) width 2: " "
            RenderTableCell {TD} at (664,60) size 8x10 [bgcolor=#026766] [r=6 c=85 rs=1 cs=1]
              RenderInline {FONT} at (0,0) size 2x10
                RenderText {#text} at (0,0) size 2x10
                  text run at (0,0) width 2: " "
            RenderTableCell {TD} at (672,60) size 8x10 [bgcolor=#026766] [r=6 c=86 rs=1 cs=1]
              RenderInline {FONT} at (0,0) size 2x10
                RenderText {#text} at (0,0) size 2x10
                  text run at (0,0) width 2: " "
            RenderTableCell {TD} at (680,60) size 8x10 [bgcolor=#026766] [r=6 c=87 rs=1 cs=1]
              RenderInline {FONT} at (0,0) size 2x10
                RenderText {#text} at (0,0) size 2x10
                  text run at (0,0) width 2: " "
            RenderTableCell {TD} at (688,60) size 8x10 [bgcolor=#026766] [r=6 c=88 rs=1 cs=1]
              RenderInline {FONT} at (0,0) size 2x10
                RenderText {#text} at (0,0) size 2x10
                  text run at (0,0) width 2: " "
            RenderTableCell {TD} at (696,60) size 8x10 [bgcolor=#026766] [r=6 c=89 rs=1 cs=1]
              RenderInline {FONT} at (0,0) size 2x10
                RenderText {#text} at (0,0) size 2x10
                  text run at (0,0) width 2: " "
            RenderTableCell {TD} at (704,60) size 8x10 [bgcolor=#026766] [r=6 c=90 rs=1 cs=1]
              RenderInline {FONT} at (0,0) size 2x10
                RenderText {#text} at (0,0) size 2x10
                  text run at (0,0) width 2: " "
            RenderTableCell {TD} at (712,60) size 8x10 [bgcolor=#025E5E] [r=6 c=91 rs=1 cs=1]
              RenderInline {FONT} at (0,0) size 2x10
                RenderText {#text} at (0,0) size 2x10
                  text run at (0,0) width 2: " "
            RenderTableCell {TD} at (720,60) size 8x10 [bgcolor=#044F4F] [r=6 c=92 rs=1 cs=1]
              RenderInline {FONT} at (0,0) size 2x10
                RenderText {#text} at (0,0) size 2x10
                  text run at (0,0) width 2: " "
            RenderTableCell {TD} at (728,60) size 8x10 [bgcolor=#044140] [r=6 c=93 rs=1 cs=1]
              RenderInline {FONT} at (0,0) size 2x10
                RenderText {#text} at (0,0) size 2x10
                  text run at (0,0) width 2: " "
            RenderTableCell {TD} at (736,60) size 8x10 [bgcolor=#223C3D] [r=6 c=94 rs=1 cs=1]
              RenderInline {FONT} at (0,0) size 2x10
                RenderText {#text} at (0,0) size 2x10
                  text run at (0,0) width 2: " "
            RenderTableCell {TD} at (744,60) size 8x10 [bgcolor=#5E5F60] [r=6 c=95 rs=1 cs=1]
              RenderInline {FONT} at (0,0) size 2x10
                RenderText {#text} at (0,0) size 2x10
                  text run at (0,0) width 2: " "
            RenderTableCell {TD} at (752,60) size 8x10 [bgcolor=#777878] [r=6 c=96 rs=1 cs=1]
              RenderInline {FONT} at (0,0) size 2x10
                RenderText {#text} at (0,0) size 2x10
                  text run at (0,0) width 2: " "
            RenderTableCell {TD} at (760,60) size 8x10 [bgcolor=#848788] [r=6 c=97 rs=1 cs=1]
              RenderInline {FONT} at (0,0) size 2x10
                RenderText {#text} at (0,0) size 2x10
                  text run at (0,0) width 2: " "
            RenderTableCell {TD} at (768,60) size 8x10 [bgcolor=#777878] [r=6 c=98 rs=1 cs=1]
              RenderInline {FONT} at (0,0) size 2x10
                RenderText {#text} at (0,0) size 2x10
                  text run at (0,0) width 2: " "
            RenderTableCell {TD} at (776,60) size 8x10 [bgcolor=#4D4F4F] [r=6 c=99 rs=1 cs=1]
              RenderInline {FONT} at (0,0) size 2x10
                RenderText {#text} at (0,0) size 2x10
                  text run at (0,0) width 2: " "
          RenderTableRow {TR} at (0,70) size 784x10
            RenderTableCell {TD} at (0,70) size 7x10 [bgcolor=#FDFDFB] [r=7 c=0 rs=1 cs=1]
              RenderInline {FONT} at (0,0) size 2x10
                RenderText {#text} at (0,0) size 2x10
                  text run at (0,0) width 2: " "
            RenderTableCell {TD} at (7,70) size 7x10 [bgcolor=#EDEEEF] [r=7 c=1 rs=1 cs=1]
              RenderInline {FONT} at (0,0) size 2x10
                RenderText {#text} at (0,0) size 2x10
                  text run at (0,0) width 2: " "
            RenderTableCell {TD} at (14,70) size 7x10 [bgcolor=#249393] [r=7 c=2 rs=1 cs=1]
              RenderInline {FONT} at (0,0) size 2x10
                RenderText {#text} at (0,0) size 2x10
                  text run at (0,0) width 2: " "
            RenderTableCell {TD} at (21,70) size 7x10 [bgcolor=#048485] [r=7 c=3 rs=1 cs=1]
              RenderInline {FONT} at (0,0) size 2x10
                RenderText {#text} at (0,0) size 2x10
                  text run at (0,0) width 2: " "
            RenderTableCell {TD} at (28,70) size 7x10 [bgcolor=#027777] [r=7 c=4 rs=1 cs=1]
              RenderInline {FONT} at (0,0) size 2x10
                RenderText {#text} at (0,0) size 2x10
                  text run at (0,0) width 2: " "
            RenderTableCell {TD} at (35,70) size 7x10 [bgcolor=#026766] [r=7 c=5 rs=1 cs=1]
              RenderInline {FONT} at (0,0) size 2x10
                RenderText {#text} at (0,0) size 2x10
                  text run at (0,0) width 2: " "
            RenderTableCell {TD} at (42,70) size 7x10 [bgcolor=#026766] [r=7 c=6 rs=1 cs=1]
              RenderInline {FONT} at (0,0) size 2x10
                RenderText {#text} at (0,0) size 2x10
                  text run at (0,0) width 2: " "
            RenderTableCell {TD} at (49,70) size 7x10 [bgcolor=#026766] [r=7 c=7 rs=1 cs=1]
              RenderInline {FONT} at (0,0) size 2x10
                RenderText {#text} at (0,0) size 2x10
                  text run at (0,0) width 2: " "
            RenderTableCell {TD} at (56,70) size 7x10 [bgcolor=#026766] [r=7 c=8 rs=1 cs=1]
              RenderInline {FONT} at (0,0) size 2x10
                RenderText {#text} at (0,0) size 2x10
                  text run at (0,0) width 2: " "
            RenderTableCell {TD} at (63,70) size 7x10 [bgcolor=#026766] [r=7 c=9 rs=1 cs=1]
              RenderInline {FONT} at (0,0) size 2x10
                RenderText {#text} at (0,0) size 2x10
                  text run at (0,0) width 2: " "
            RenderTableCell {TD} at (70,70) size 7x10 [bgcolor=#026766] [r=7 c=10 rs=1 cs=1]
              RenderInline {FONT} at (0,0) size 2x10
                RenderText {#text} at (0,0) size 2x10
                  text run at (0,0) width 2: " "
            RenderTableCell {TD} at (77,70) size 7x10 [bgcolor=#025E5E] [r=7 c=11 rs=1 cs=1]
              RenderInline {FONT} at (0,0) size 2x10
                RenderText {#text} at (0,0) size 2x10
                  text run at (0,0) width 2: " "
            RenderTableCell {TD} at (84,70) size 7x10 [bgcolor=#025E5E] [r=7 c=12 rs=1 cs=1]
              RenderInline {FONT} at (0,0) size 2x10
                RenderText {#text} at (0,0) size 2x10
                  text run at (0,0) width 2: " "
            RenderTableCell {TD} at (91,70) size 7x10 [bgcolor=#044140] [r=7 c=13 rs=1 cs=1]
              RenderInline {FONT} at (0,0) size 2x10
                RenderText {#text} at (0,0) size 2x10
                  text run at (0,0) width 2: " "
            RenderTableCell {TD} at (98,70) size 7x10 [bgcolor=#223C3D] [r=7 c=14 rs=1 cs=1]
              RenderInline {FONT} at (0,0) size 2x10
                RenderText {#text} at (0,0) size 2x10
                  text run at (0,0) width 2: " "
            RenderTableCell {TD} at (105,70) size 7x10 [bgcolor=#848788] [r=7 c=15 rs=1 cs=1]
              RenderInline {FONT} at (0,0) size 2x10
                RenderText {#text} at (0,0) size 2x10
                  text run at (0,0) width 2: " "
            RenderTableCell {TD} at (112,70) size 8x10 [bgcolor=#FDFDFB] [r=7 c=16 rs=1 cs=1]
              RenderInline {FONT} at (0,0) size 2x10
                RenderText {#text} at (0,0) size 2x10
                  text run at (0,0) width 2: " "
            RenderTableCell {TD} at (120,70) size 8x10 [bgcolor=#FDFDFB] [r=7 c=17 rs=1 cs=1]
              RenderInline {FONT} at (0,0) size 2x10
                RenderText {#text} at (0,0) size 2x10
                  text run at (0,0) width 2: " "
            RenderTableCell {TD} at (128,70) size 8x10 [bgcolor=#4D4F4F] [r=7 c=18 rs=1 cs=1]
              RenderInline {FONT} at (0,0) size 2x10
                RenderText {#text} at (0,0) size 2x10
                  text run at (0,0) width 2: " "
            RenderTableCell {TD} at (136,70) size 8x10 [bgcolor=#1E7A79] [r=7 c=19 rs=1 cs=1]
              RenderInline {FONT} at (0,0) size 2x10
                RenderText {#text} at (0,0) size 2x10
                  text run at (0,0) width 2: " "
            RenderTableCell {TD} at (144,70) size 8x10 [bgcolor=#027777] [r=7 c=20 rs=1 cs=1]
              RenderInline {FONT} at (0,0) size 2x10
                RenderText {#text} at (0,0) size 2x10
                  text run at (0,0) width 2: " "
            RenderTableCell {TD} at (152,70) size 8x10 [bgcolor=#026766] [r=7 c=21 rs=1 cs=1]
              RenderInline {FONT} at (0,0) size 2x10
                RenderText {#text} at (0,0) size 2x10
                  text run at (0,0) width 2: " "
            RenderTableCell {TD} at (160,70) size 8x10 [bgcolor=#026766] [r=7 c=22 rs=1 cs=1]
              RenderInline {FONT} at (0,0) size 2x10
                RenderText {#text} at (0,0) size 2x10
                  text run at (0,0) width 2: " "
            RenderTableCell {TD} at (168,70) size 8x10 [bgcolor=#026766] [r=7 c=23 rs=1 cs=1]
              RenderInline {FONT} at (0,0) size 2x10
                RenderText {#text} at (0,0) size 2x10
                  text run at (0,0) width 2: " "
            RenderTableCell {TD} at (176,70) size 8x10 [bgcolor=#026766] [r=7 c=24 rs=1 cs=1]
              RenderInline {FONT} at (0,0) size 2x10
                RenderText {#text} at (0,0) size 2x10
                  text run at (0,0) width 2: " "
            RenderTableCell {TD} at (184,70) size 8x10 [bgcolor=#026766] [r=7 c=25 rs=1 cs=1]
              RenderInline {FONT} at (0,0) size 2x10
                RenderText {#text} at (0,0) size 2x10
                  text run at (0,0) width 2: " "
            RenderTableCell {TD} at (192,70) size 8x10 [bgcolor=#026766] [r=7 c=26 rs=1 cs=1]
              RenderInline {FONT} at (0,0) size 2x10
                RenderText {#text} at (0,0) size 2x10
                  text run at (0,0) width 2: " "
            RenderTableCell {TD} at (200,70) size 8x10 [bgcolor=#026766] [r=7 c=27 rs=1 cs=1]
              RenderInline {FONT} at (0,0) size 2x10
                RenderText {#text} at (0,0) size 2x10
                  text run at (0,0) width 2: " "
            RenderTableCell {TD} at (208,70) size 8x10 [bgcolor=#025E5E] [r=7 c=28 rs=1 cs=1]
              RenderInline {FONT} at (0,0) size 2x10
                RenderText {#text} at (0,0) size 2x10
                  text run at (0,0) width 2: " "
            RenderTableCell {TD} at (216,70) size 8x10 [bgcolor=#025E5E] [r=7 c=29 rs=1 cs=1]
              RenderInline {FONT} at (0,0) size 2x10
                RenderText {#text} at (0,0) size 2x10
                  text run at (0,0) width 2: " "
            RenderTableCell {TD} at (224,70) size 8x10 [bgcolor=#044F4F] [r=7 c=30 rs=1 cs=1]
              RenderInline {FONT} at (0,0) size 2x10
                RenderText {#text} at (0,0) size 2x10
                  text run at (0,0) width 2: " "
            RenderTableCell {TD} at (232,70) size 8x10 [bgcolor=#274C4D] [r=7 c=31 rs=1 cs=1]
              RenderInline {FONT} at (0,0) size 2x10
                RenderText {#text} at (0,0) size 2x10
                  text run at (0,0) width 2: " "
            RenderTableCell {TD} at (240,70) size 8x10 [bgcolor=#777878] [r=7 c=32 rs=1 cs=1]
              RenderInline {FONT} at (0,0) size 2x10
                RenderText {#text} at (0,0) size 2x10
                  text run at (0,0) width 2: " "
            RenderTableCell {TD} at (248,70) size 8x10 [bgcolor=#848788] [r=7 c=33 rs=1 cs=1]
              RenderInline {FONT} at (0,0) size 2x10
                RenderText {#text} at (0,0) size 2x10
                  text run at (0,0) width 2: " "
            RenderTableCell {TD} at (256,70) size 8x10 [bgcolor=#939494] [r=7 c=34 rs=1 cs=1]
              RenderInline {FONT} at (0,0) size 2x10
                RenderText {#text} at (0,0) size 2x10
                  text run at (0,0) width 2: " "
            RenderTableCell {TD} at (264,70) size 8x10 [bgcolor=#7B918F] [r=7 c=35 rs=1 cs=1]
              RenderInline {FONT} at (0,0) size 2x10
                RenderText {#text} at (0,0) size 2x10
                  text run at (0,0) width 2: " "
            RenderTableCell {TD} at (272,70) size 8x10 [bgcolor=#027777] [r=7 c=36 rs=1 cs=1]
              RenderInline {FONT} at (0,0) size 2x10
                RenderText {#text} at (0,0) size 2x10
                  text run at (0,0) width 2: " "
            RenderTableCell {TD} at (280,70) size 8x10 [bgcolor=#027777] [r=7 c=37 rs=1 cs=1]
              RenderInline {FONT} at (0,0) size 2x10
                RenderText {#text} at (0,0) size 2x10
                  text run at (0,0) width 2: " "
            RenderTableCell {TD} at (288,70) size 8x10 [bgcolor=#026766] [r=7 c=38 rs=1 cs=1]
              RenderInline {FONT} at (0,0) size 2x10
                RenderText {#text} at (0,0) size 2x10
                  text run at (0,0) width 2: " "
            RenderTableCell {TD} at (296,70) size 8x10 [bgcolor=#026766] [r=7 c=39 rs=1 cs=1]
              RenderInline {FONT} at (0,0) size 2x10
                RenderText {#text} at (0,0) size 2x10
                  text run at (0,0) width 2: " "
            RenderTableCell {TD} at (304,70) size 8x10 [bgcolor=#026766] [r=7 c=40 rs=1 cs=1]
              RenderInline {FONT} at (0,0) size 2x10
                RenderText {#text} at (0,0) size 2x10
                  text run at (0,0) width 2: " "
            RenderTableCell {TD} at (312,70) size 8x10 [bgcolor=#026766] [r=7 c=41 rs=1 cs=1]
              RenderInline {FONT} at (0,0) size 2x10
                RenderText {#text} at (0,0) size 2x10
                  text run at (0,0) width 2: " "
            RenderTableCell {TD} at (320,70) size 8x10 [bgcolor=#026766] [r=7 c=42 rs=1 cs=1]
              RenderInline {FONT} at (0,0) size 2x10
                RenderText {#text} at (0,0) size 2x10
                  text run at (0,0) width 2: " "
            RenderTableCell {TD} at (328,70) size 8x10 [bgcolor=#026766] [r=7 c=43 rs=1 cs=1]
              RenderInline {FONT} at (0,0) size 2x10
                RenderText {#text} at (0,0) size 2x10
                  text run at (0,0) width 2: " "
            RenderTableCell {TD} at (336,70) size 8x10 [bgcolor=#026766] [r=7 c=44 rs=1 cs=1]
              RenderInline {FONT} at (0,0) size 2x10
                RenderText {#text} at (0,0) size 2x10
                  text run at (0,0) width 2: " "
            RenderTableCell {TD} at (344,70) size 8x10 [bgcolor=#026766] [r=7 c=45 rs=1 cs=1]
              RenderInline {FONT} at (0,0) size 2x10
                RenderText {#text} at (0,0) size 2x10
                  text run at (0,0) width 2: " "
            RenderTableCell {TD} at (352,70) size 8x10 [bgcolor=#026766] [r=7 c=46 rs=1 cs=1]
              RenderInline {FONT} at (0,0) size 2x10
                RenderText {#text} at (0,0) size 2x10
                  text run at (0,0) width 2: " "
            RenderTableCell {TD} at (360,70) size 8x10 [bgcolor=#1A6B6A] [r=7 c=47 rs=1 cs=1]
              RenderInline {FONT} at (0,0) size 2x10
                RenderText {#text} at (0,0) size 2x10
                  text run at (0,0) width 2: " "
            RenderTableCell {TD} at (368,70) size 8x10 [bgcolor=#B6D0D1] [r=7 c=48 rs=1 cs=1]
              RenderInline {FONT} at (0,0) size 2x10
                RenderText {#text} at (0,0) size 2x10
                  text run at (0,0) width 2: " "
            RenderTableCell {TD} at (376,70) size 8x10 [bgcolor=#FDFDFB] [r=7 c=49 rs=1 cs=1]
              RenderInline {FONT} at (0,0) size 2x10
                RenderText {#text} at (0,0) size 2x10
                  text run at (0,0) width 2: " "
            RenderTableCell {TD} at (384,70) size 8x10 [bgcolor=#7B918F] [r=7 c=50 rs=1 cs=1]
              RenderInline {FONT} at (0,0) size 2x10
                RenderText {#text} at (0,0) size 2x10
                  text run at (0,0) width 2: " "
            RenderTableCell {TD} at (392,70) size 8x10 [bgcolor=#044140] [r=7 c=51 rs=1 cs=1]
              RenderInline {FONT} at (0,0) size 2x10
                RenderText {#text} at (0,0) size 2x10
                  text run at (0,0) width 2: " "
            RenderTableCell {TD} at (400,70) size 8x10 [bgcolor=#083131] [r=7 c=52 rs=1 cs=1]
              RenderInline {FONT} at (0,0) size 2x10
                RenderText {#text} at (0,0) size 2x10
                  text run at (0,0) width 2: " "
            RenderTableCell {TD} at (408,70) size 8x10 [bgcolor=#083131] [r=7 c=53 rs=1 cs=1]
              RenderInline {FONT} at (0,0) size 2x10
                RenderText {#text} at (0,0) size 2x10
                  text run at (0,0) width 2: " "
            RenderTableCell {TD} at (416,70) size 8x10 [bgcolor=#2D3433] [r=7 c=54 rs=1 cs=1]
              RenderInline {FONT} at (0,0) size 2x10
                RenderText {#text} at (0,0) size 2x10
                  text run at (0,0) width 2: " "
            RenderTableCell {TD} at (424,70) size 8x10 [bgcolor=#4D4F4F] [r=7 c=55 rs=1 cs=1]
              RenderInline {FONT} at (0,0) size 2x10
                RenderText {#text} at (0,0) size 2x10
                  text run at (0,0) width 2: " "
            RenderTableCell {TD} at (432,70) size 8x10 [bgcolor=#5E5F60] [r=7 c=56 rs=1 cs=1]
              RenderInline {FONT} at (0,0) size 2x10
                RenderText {#text} at (0,0) size 2x10
                  text run at (0,0) width 2: " "
            RenderTableCell {TD} at (440,70) size 8x10 [bgcolor=#777878] [r=7 c=57 rs=1 cs=1]
              RenderInline {FONT} at (0,0) size 2x10
                RenderText {#text} at (0,0) size 2x10
                  text run at (0,0) width 2: " "
            RenderTableCell {TD} at (448,70) size 8x10 [bgcolor=#848788] [r=7 c=58 rs=1 cs=1]
              RenderInline {FONT} at (0,0) size 2x10
                RenderText {#text} at (0,0) size 2x10
                  text run at (0,0) width 2: " "
            RenderTableCell {TD} at (456,70) size 8x10 [bgcolor=#939494] [r=7 c=59 rs=1 cs=1]
              RenderInline {FONT} at (0,0) size 2x10
                RenderText {#text} at (0,0) size 2x10
                  text run at (0,0) width 2: " "
            RenderTableCell {TD} at (464,70) size 8x10 [bgcolor=#939494] [r=7 c=60 rs=1 cs=1]
              RenderInline {FONT} at (0,0) size 2x10
                RenderText {#text} at (0,0) size 2x10
                  text run at (0,0) width 2: " "
            RenderTableCell {TD} at (472,70) size 8x10 [bgcolor=#1B8685] [r=7 c=61 rs=1 cs=1]
              RenderInline {FONT} at (0,0) size 2x10
                RenderText {#text} at (0,0) size 2x10
                  text run at (0,0) width 2: " "
            RenderTableCell {TD} at (480,70) size 8x10 [bgcolor=#048485] [r=7 c=62 rs=1 cs=1]
              RenderInline {FONT} at (0,0) size 2x10
                RenderText {#text} at (0,0) size 2x10
                  text run at (0,0) width 2: " "
            RenderTableCell {TD} at (488,70) size 8x10 [bgcolor=#027777] [r=7 c=63 rs=1 cs=1]
              RenderInline {FONT} at (0,0) size 2x10
                RenderText {#text} at (0,0) size 2x10
                  text run at (0,0) width 2: " "
            RenderTableCell {TD} at (496,70) size 8x10 [bgcolor=#026766] [r=7 c=64 rs=1 cs=1]
              RenderInline {FONT} at (0,0) size 2x10
                RenderText {#text} at (0,0) size 2x10
                  text run at (0,0) width 2: " "
            RenderTableCell {TD} at (504,70) size 8x10 [bgcolor=#026766] [r=7 c=65 rs=1 cs=1]
              RenderInline {FONT} at (0,0) size 2x10
                RenderText {#text} at (0,0) size 2x10
                  text run at (0,0) width 2: " "
            RenderTableCell {TD} at (512,70) size 8x10 [bgcolor=#026766] [r=7 c=66 rs=1 cs=1]
              RenderInline {FONT} at (0,0) size 2x10
                RenderText {#text} at (0,0) size 2x10
                  text run at (0,0) width 2: " "
            RenderTableCell {TD} at (520,70) size 8x10 [bgcolor=#026766] [r=7 c=67 rs=1 cs=1]
              RenderInline {FONT} at (0,0) size 2x10
                RenderText {#text} at (0,0) size 2x10
                  text run at (0,0) width 2: " "
            RenderTableCell {TD} at (528,70) size 8x10 [bgcolor=#026766] [r=7 c=68 rs=1 cs=1]
              RenderInline {FONT} at (0,0) size 2x10
                RenderText {#text} at (0,0) size 2x10
                  text run at (0,0) width 2: " "
            RenderTableCell {TD} at (536,70) size 8x10 [bgcolor=#026766] [r=7 c=69 rs=1 cs=1]
              RenderInline {FONT} at (0,0) size 2x10
                RenderText {#text} at (0,0) size 2x10
                  text run at (0,0) width 2: " "
            RenderTableCell {TD} at (544,70) size 8x10 [bgcolor=#1E7A79] [r=7 c=70 rs=1 cs=1]
              RenderInline {FONT} at (0,0) size 2x10
                RenderText {#text} at (0,0) size 2x10
                  text run at (0,0) width 2: " "
            RenderTableCell {TD} at (552,70) size 8x10 [bgcolor=#E0EAE9] [r=7 c=71 rs=1 cs=1]
              RenderInline {FONT} at (0,0) size 2x10
                RenderText {#text} at (0,0) size 2x10
                  text run at (0,0) width 2: " "
            RenderTableCell {TD} at (560,70) size 8x10 [bgcolor=#FDFDFB] [r=7 c=72 rs=1 cs=1]
              RenderInline {FONT} at (0,0) size 2x10
                RenderText {#text} at (0,0) size 2x10
                  text run at (0,0) width 2: " "
            RenderTableCell {TD} at (568,70) size 8x10 [bgcolor=#515C5B] [r=7 c=73 rs=1 cs=1]
              RenderInline {FONT} at (0,0) size 2x10
                RenderText {#text} at (0,0) size 2x10
                  text run at (0,0) width 2: " "
            RenderTableCell {TD} at (576,70) size 8x10 [bgcolor=#3D4242] [r=7 c=74 rs=1 cs=1]
              RenderInline {FONT} at (0,0) size 2x10
                RenderText {#text} at (0,0) size 2x10
                  text run at (0,0) width 2: " "
            RenderTableCell {TD} at (584,70) size 8x10 [bgcolor=#515C5B] [r=7 c=75 rs=1 cs=1]
              RenderInline {FONT} at (0,0) size 2x10
                RenderText {#text} at (0,0) size 2x10
                  text run at (0,0) width 2: " "
            RenderTableCell {TD} at (592,70) size 8x10 [bgcolor=#696A69] [r=7 c=76 rs=1 cs=1]
              RenderInline {FONT} at (0,0) size 2x10
                RenderText {#text} at (0,0) size 2x10
                  text run at (0,0) width 2: " "
            RenderTableCell {TD} at (600,70) size 8x10 [bgcolor=#777878] [r=7 c=77 rs=1 cs=1]
              RenderInline {FONT} at (0,0) size 2x10
                RenderText {#text} at (0,0) size 2x10
                  text run at (0,0) width 2: " "
            RenderTableCell {TD} at (608,70) size 8x10 [bgcolor=#1E7A79] [r=7 c=78 rs=1 cs=1]
              RenderInline {FONT} at (0,0) size 2x10
                RenderText {#text} at (0,0) size 2x10
                  text run at (0,0) width 2: " "
            RenderTableCell {TD} at (616,70) size 8x10 [bgcolor=#027777] [r=7 c=79 rs=1 cs=1]
              RenderInline {FONT} at (0,0) size 2x10
                RenderText {#text} at (0,0) size 2x10
                  text run at (0,0) width 2: " "
            RenderTableCell {TD} at (624,70) size 8x10 [bgcolor=#026766] [r=7 c=80 rs=1 cs=1]
              RenderInline {FONT} at (0,0) size 2x10
                RenderText {#text} at (0,0) size 2x10
                  text run at (0,0) width 2: " "
            RenderTableCell {TD} at (632,70) size 8x10 [bgcolor=#026766] [r=7 c=81 rs=1 cs=1]
              RenderInline {FONT} at (0,0) size 2x10
                RenderText {#text} at (0,0) size 2x10
                  text run at (0,0) width 2: " "
            RenderTableCell {TD} at (640,70) size 8x10 [bgcolor=#026766] [r=7 c=82 rs=1 cs=1]
              RenderInline {FONT} at (0,0) size 2x10
                RenderText {#text} at (0,0) size 2x10
                  text run at (0,0) width 2: " "
            RenderTableCell {TD} at (648,70) size 8x10 [bgcolor=#026766] [r=7 c=83 rs=1 cs=1]
              RenderInline {FONT} at (0,0) size 2x10
                RenderText {#text} at (0,0) size 2x10
                  text run at (0,0) width 2: " "
            RenderTableCell {TD} at (656,70) size 8x10 [bgcolor=#026766] [r=7 c=84 rs=1 cs=1]
              RenderInline {FONT} at (0,0) size 2x10
                RenderText {#text} at (0,0) size 2x10
                  text run at (0,0) width 2: " "
            RenderTableCell {TD} at (664,70) size 8x10 [bgcolor=#026766] [r=7 c=85 rs=1 cs=1]
              RenderInline {FONT} at (0,0) size 2x10
                RenderText {#text} at (0,0) size 2x10
                  text run at (0,0) width 2: " "
            RenderTableCell {TD} at (672,70) size 8x10 [bgcolor=#026766] [r=7 c=86 rs=1 cs=1]
              RenderInline {FONT} at (0,0) size 2x10
                RenderText {#text} at (0,0) size 2x10
                  text run at (0,0) width 2: " "
            RenderTableCell {TD} at (680,70) size 8x10 [bgcolor=#026766] [r=7 c=87 rs=1 cs=1]
              RenderInline {FONT} at (0,0) size 2x10
                RenderText {#text} at (0,0) size 2x10
                  text run at (0,0) width 2: " "
            RenderTableCell {TD} at (688,70) size 8x10 [bgcolor=#026766] [r=7 c=88 rs=1 cs=1]
              RenderInline {FONT} at (0,0) size 2x10
                RenderText {#text} at (0,0) size 2x10
                  text run at (0,0) width 2: " "
            RenderTableCell {TD} at (696,70) size 8x10 [bgcolor=#026766] [r=7 c=89 rs=1 cs=1]
              RenderInline {FONT} at (0,0) size 2x10
                RenderText {#text} at (0,0) size 2x10
                  text run at (0,0) width 2: " "
            RenderTableCell {TD} at (704,70) size 8x10 [bgcolor=#1E7A79] [r=7 c=90 rs=1 cs=1]
              RenderInline {FONT} at (0,0) size 2x10
                RenderText {#text} at (0,0) size 2x10
                  text run at (0,0) width 2: " "
            RenderTableCell {TD} at (712,70) size 8x10 [bgcolor=#8DB7B6] [r=7 c=91 rs=1 cs=1]
              RenderInline {FONT} at (0,0) size 2x10
                RenderText {#text} at (0,0) size 2x10
                  text run at (0,0) width 2: " "
            RenderTableCell {TD} at (720,70) size 8x10 [bgcolor=#97C1C0] [r=7 c=92 rs=1 cs=1]
              RenderInline {FONT} at (0,0) size 2x10
                RenderText {#text} at (0,0) size 2x10
                  text run at (0,0) width 2: " "
            RenderTableCell {TD} at (728,70) size 8x10 [bgcolor=#274C4D] [r=7 c=93 rs=1 cs=1]
              RenderInline {FONT} at (0,0) size 2x10
                RenderText {#text} at (0,0) size 2x10
                  text run at (0,0) width 2: " "
            RenderTableCell {TD} at (736,70) size 8x10 [bgcolor=#223C3D] [r=7 c=94 rs=1 cs=1]
              RenderInline {FONT} at (0,0) size 2x10
                RenderText {#text} at (0,0) size 2x10
                  text run at (0,0) width 2: " "
            RenderTableCell {TD} at (744,70) size 8x10 [bgcolor=#5E5F60] [r=7 c=95 rs=1 cs=1]
              RenderInline {FONT} at (0,0) size 2x10
                RenderText {#text} at (0,0) size 2x10
                  text run at (0,0) width 2: " "
            RenderTableCell {TD} at (752,70) size 8x10 [bgcolor=#777878] [r=7 c=96 rs=1 cs=1]
              RenderInline {FONT} at (0,0) size 2x10
                RenderText {#text} at (0,0) size 2x10
                  text run at (0,0) width 2: " "
            RenderTableCell {TD} at (760,70) size 8x10 [bgcolor=#848788] [r=7 c=97 rs=1 cs=1]
              RenderInline {FONT} at (0,0) size 2x10
                RenderText {#text} at (0,0) size 2x10
                  text run at (0,0) width 2: " "
            RenderTableCell {TD} at (768,70) size 8x10 [bgcolor=#777878] [r=7 c=98 rs=1 cs=1]
              RenderInline {FONT} at (0,0) size 2x10
                RenderText {#text} at (0,0) size 2x10
                  text run at (0,0) width 2: " "
            RenderTableCell {TD} at (776,70) size 8x10 [bgcolor=#4D4F4F] [r=7 c=99 rs=1 cs=1]
              RenderInline {FONT} at (0,0) size 2x10
                RenderText {#text} at (0,0) size 2x10
                  text run at (0,0) width 2: " "
          RenderTableRow {TR} at (0,80) size 784x10
            RenderTableCell {TD} at (0,80) size 7x10 [bgcolor=#FDFDFB] [r=8 c=0 rs=1 cs=1]
              RenderInline {FONT} at (0,0) size 2x10
                RenderText {#text} at (0,0) size 2x10
                  text run at (0,0) width 2: " "
            RenderTableCell {TD} at (7,80) size 7x10 [bgcolor=#97C1C0] [r=8 c=1 rs=1 cs=1]
              RenderInline {FONT} at (0,0) size 2x10
                RenderText {#text} at (0,0) size 2x10
                  text run at (0,0) width 2: " "
            RenderTableCell {TD} at (14,80) size 7x10 [bgcolor=#048485] [r=8 c=2 rs=1 cs=1]
              RenderInline {FONT} at (0,0) size 2x10
                RenderText {#text} at (0,0) size 2x10
                  text run at (0,0) width 2: " "
            RenderTableCell {TD} at (21,80) size 7x10 [bgcolor=#027777] [r=8 c=3 rs=1 cs=1]
              RenderInline {FONT} at (0,0) size 2x10
                RenderText {#text} at (0,0) size 2x10
                  text run at (0,0) width 2: " "
            RenderTableCell {TD} at (28,80) size 7x10 [bgcolor=#026766] [r=8 c=4 rs=1 cs=1]
              RenderInline {FONT} at (0,0) size 2x10
                RenderText {#text} at (0,0) size 2x10
                  text run at (0,0) width 2: " "
            RenderTableCell {TD} at (35,80) size 7x10 [bgcolor=#026766] [r=8 c=5 rs=1 cs=1]
              RenderInline {FONT} at (0,0) size 2x10
                RenderText {#text} at (0,0) size 2x10
                  text run at (0,0) width 2: " "
            RenderTableCell {TD} at (42,80) size 7x10 [bgcolor=#026766] [r=8 c=6 rs=1 cs=1]
              RenderInline {FONT} at (0,0) size 2x10
                RenderText {#text} at (0,0) size 2x10
                  text run at (0,0) width 2: " "
            RenderTableCell {TD} at (49,80) size 7x10 [bgcolor=#026766] [r=8 c=7 rs=1 cs=1]
              RenderInline {FONT} at (0,0) size 2x10
                RenderText {#text} at (0,0) size 2x10
                  text run at (0,0) width 2: " "
            RenderTableCell {TD} at (56,80) size 7x10 [bgcolor=#026766] [r=8 c=8 rs=1 cs=1]
              RenderInline {FONT} at (0,0) size 2x10
                RenderText {#text} at (0,0) size 2x10
                  text run at (0,0) width 2: " "
            RenderTableCell {TD} at (63,80) size 7x10 [bgcolor=#026766] [r=8 c=9 rs=1 cs=1]
              RenderInline {FONT} at (0,0) size 2x10
                RenderText {#text} at (0,0) size 2x10
                  text run at (0,0) width 2: " "
            RenderTableCell {TD} at (70,80) size 7x10 [bgcolor=#026766] [r=8 c=10 rs=1 cs=1]
              RenderInline {FONT} at (0,0) size 2x10
                RenderText {#text} at (0,0) size 2x10
                  text run at (0,0) width 2: " "
            RenderTableCell {TD} at (77,80) size 7x10 [bgcolor=#025E5E] [r=8 c=11 rs=1 cs=1]
              RenderInline {FONT} at (0,0) size 2x10
                RenderText {#text} at (0,0) size 2x10
                  text run at (0,0) width 2: " "
            RenderTableCell {TD} at (84,80) size 7x10 [bgcolor=#025E5E] [r=8 c=12 rs=1 cs=1]
              RenderInline {FONT} at (0,0) size 2x10
                RenderText {#text} at (0,0) size 2x10
                  text run at (0,0) width 2: " "
            RenderTableCell {TD} at (91,80) size 7x10 [bgcolor=#044140] [r=8 c=13 rs=1 cs=1]
              RenderInline {FONT} at (0,0) size 2x10
                RenderText {#text} at (0,0) size 2x10
                  text run at (0,0) width 2: " "
            RenderTableCell {TD} at (98,80) size 7x10 [bgcolor=#223C3D] [r=8 c=14 rs=1 cs=1]
              RenderInline {FONT} at (0,0) size 2x10
                RenderText {#text} at (0,0) size 2x10
                  text run at (0,0) width 2: " "
            RenderTableCell {TD} at (105,80) size 7x10 [bgcolor=#848788] [r=8 c=15 rs=1 cs=1]
              RenderInline {FONT} at (0,0) size 2x10
                RenderText {#text} at (0,0) size 2x10
                  text run at (0,0) width 2: " "
            RenderTableCell {TD} at (112,80) size 8x10 [bgcolor=#FDFDFB] [r=8 c=16 rs=1 cs=1]
              RenderInline {FONT} at (0,0) size 2x10
                RenderText {#text} at (0,0) size 2x10
                  text run at (0,0) width 2: " "
            RenderTableCell {TD} at (120,80) size 8x10 [bgcolor=#FDFDFB] [r=8 c=17 rs=1 cs=1]
              RenderInline {FONT} at (0,0) size 2x10
                RenderText {#text} at (0,0) size 2x10
                  text run at (0,0) width 2: " "
            RenderTableCell {TD} at (128,80) size 8x10 [bgcolor=#2D3433] [r=8 c=18 rs=1 cs=1]
              RenderInline {FONT} at (0,0) size 2x10
                RenderText {#text} at (0,0) size 2x10
                  text run at (0,0) width 2: " "
            RenderTableCell {TD} at (136,80) size 8x10 [bgcolor=#1E7A79] [r=8 c=19 rs=1 cs=1]
              RenderInline {FONT} at (0,0) size 2x10
                RenderText {#text} at (0,0) size 2x10
                  text run at (0,0) width 2: " "
            RenderTableCell {TD} at (144,80) size 8x10 [bgcolor=#027777] [r=8 c=20 rs=1 cs=1]
              RenderInline {FONT} at (0,0) size 2x10
                RenderText {#text} at (0,0) size 2x10
                  text run at (0,0) width 2: " "
            RenderTableCell {TD} at (152,80) size 8x10 [bgcolor=#026766] [r=8 c=21 rs=1 cs=1]
              RenderInline {FONT} at (0,0) size 2x10
                RenderText {#text} at (0,0) size 2x10
                  text run at (0,0) width 2: " "
            RenderTableCell {TD} at (160,80) size 8x10 [bgcolor=#026766] [r=8 c=22 rs=1 cs=1]
              RenderInline {FONT} at (0,0) size 2x10
                RenderText {#text} at (0,0) size 2x10
                  text run at (0,0) width 2: " "
            RenderTableCell {TD} at (168,80) size 8x10 [bgcolor=#026766] [r=8 c=23 rs=1 cs=1]
              RenderInline {FONT} at (0,0) size 2x10
                RenderText {#text} at (0,0) size 2x10
                  text run at (0,0) width 2: " "
            RenderTableCell {TD} at (176,80) size 8x10 [bgcolor=#026766] [r=8 c=24 rs=1 cs=1]
              RenderInline {FONT} at (0,0) size 2x10
                RenderText {#text} at (0,0) size 2x10
                  text run at (0,0) width 2: " "
            RenderTableCell {TD} at (184,80) size 8x10 [bgcolor=#026766] [r=8 c=25 rs=1 cs=1]
              RenderInline {FONT} at (0,0) size 2x10
                RenderText {#text} at (0,0) size 2x10
                  text run at (0,0) width 2: " "
            RenderTableCell {TD} at (192,80) size 8x10 [bgcolor=#026766] [r=8 c=26 rs=1 cs=1]
              RenderInline {FONT} at (0,0) size 2x10
                RenderText {#text} at (0,0) size 2x10
                  text run at (0,0) width 2: " "
            RenderTableCell {TD} at (200,80) size 8x10 [bgcolor=#026766] [r=8 c=27 rs=1 cs=1]
              RenderInline {FONT} at (0,0) size 2x10
                RenderText {#text} at (0,0) size 2x10
                  text run at (0,0) width 2: " "
            RenderTableCell {TD} at (208,80) size 8x10 [bgcolor=#026766] [r=8 c=28 rs=1 cs=1]
              RenderInline {FONT} at (0,0) size 2x10
                RenderText {#text} at (0,0) size 2x10
                  text run at (0,0) width 2: " "
            RenderTableCell {TD} at (216,80) size 8x10 [bgcolor=#025E5E] [r=8 c=29 rs=1 cs=1]
              RenderInline {FONT} at (0,0) size 2x10
                RenderText {#text} at (0,0) size 2x10
                  text run at (0,0) width 2: " "
            RenderTableCell {TD} at (224,80) size 8x10 [bgcolor=#044F4F] [r=8 c=30 rs=1 cs=1]
              RenderInline {FONT} at (0,0) size 2x10
                RenderText {#text} at (0,0) size 2x10
                  text run at (0,0) width 2: " "
            RenderTableCell {TD} at (232,80) size 8x10 [bgcolor=#044140] [r=8 c=31 rs=1 cs=1]
              RenderInline {FONT} at (0,0) size 2x10
                RenderText {#text} at (0,0) size 2x10
                  text run at (0,0) width 2: " "
            RenderTableCell {TD} at (240,80) size 8x10 [bgcolor=#515C5B] [r=8 c=32 rs=1 cs=1]
              RenderInline {FONT} at (0,0) size 2x10
                RenderText {#text} at (0,0) size 2x10
                  text run at (0,0) width 2: " "
            RenderTableCell {TD} at (248,80) size 8x10 [bgcolor=#777878] [r=8 c=33 rs=1 cs=1]
              RenderInline {FONT} at (0,0) size 2x10
                RenderText {#text} at (0,0) size 2x10
                  text run at (0,0) width 2: " "
            RenderTableCell {TD} at (256,80) size 8x10 [bgcolor=#939494] [r=8 c=34 rs=1 cs=1]
              RenderInline {FONT} at (0,0) size 2x10
                RenderText {#text} at (0,0) size 2x10
                  text run at (0,0) width 2: " "
            RenderTableCell {TD} at (264,80) size 8x10 [bgcolor=#7B918F] [r=8 c=35 rs=1 cs=1]
              RenderInline {FONT} at (0,0) size 2x10
                RenderText {#text} at (0,0) size 2x10
                  text run at (0,0) width 2: " "
            RenderTableCell {TD} at (272,80) size 8x10 [bgcolor=#027777] [r=8 c=36 rs=1 cs=1]
              RenderInline {FONT} at (0,0) size 2x10
                RenderText {#text} at (0,0) size 2x10
                  text run at (0,0) width 2: " "
            RenderTableCell {TD} at (280,80) size 8x10 [bgcolor=#027777] [r=8 c=37 rs=1 cs=1]
              RenderInline {FONT} at (0,0) size 2x10
                RenderText {#text} at (0,0) size 2x10
                  text run at (0,0) width 2: " "
            RenderTableCell {TD} at (288,80) size 8x10 [bgcolor=#026766] [r=8 c=38 rs=1 cs=1]
              RenderInline {FONT} at (0,0) size 2x10
                RenderText {#text} at (0,0) size 2x10
                  text run at (0,0) width 2: " "
            RenderTableCell {TD} at (296,80) size 8x10 [bgcolor=#026766] [r=8 c=39 rs=1 cs=1]
              RenderInline {FONT} at (0,0) size 2x10
                RenderText {#text} at (0,0) size 2x10
                  text run at (0,0) width 2: " "
            RenderTableCell {TD} at (304,80) size 8x10 [bgcolor=#026766] [r=8 c=40 rs=1 cs=1]
              RenderInline {FONT} at (0,0) size 2x10
                RenderText {#text} at (0,0) size 2x10
                  text run at (0,0) width 2: " "
            RenderTableCell {TD} at (312,80) size 8x10 [bgcolor=#026766] [r=8 c=41 rs=1 cs=1]
              RenderInline {FONT} at (0,0) size 2x10
                RenderText {#text} at (0,0) size 2x10
                  text run at (0,0) width 2: " "
            RenderTableCell {TD} at (320,80) size 8x10 [bgcolor=#026766] [r=8 c=42 rs=1 cs=1]
              RenderInline {FONT} at (0,0) size 2x10
                RenderText {#text} at (0,0) size 2x10
                  text run at (0,0) width 2: " "
            RenderTableCell {TD} at (328,80) size 8x10 [bgcolor=#026766] [r=8 c=43 rs=1 cs=1]
              RenderInline {FONT} at (0,0) size 2x10
                RenderText {#text} at (0,0) size 2x10
                  text run at (0,0) width 2: " "
            RenderTableCell {TD} at (336,80) size 8x10 [bgcolor=#026766] [r=8 c=44 rs=1 cs=1]
              RenderInline {FONT} at (0,0) size 2x10
                RenderText {#text} at (0,0) size 2x10
                  text run at (0,0) width 2: " "
            RenderTableCell {TD} at (344,80) size 8x10 [bgcolor=#026766] [r=8 c=45 rs=1 cs=1]
              RenderInline {FONT} at (0,0) size 2x10
                RenderText {#text} at (0,0) size 2x10
                  text run at (0,0) width 2: " "
            RenderTableCell {TD} at (352,80) size 8x10 [bgcolor=#026766] [r=8 c=46 rs=1 cs=1]
              RenderInline {FONT} at (0,0) size 2x10
                RenderText {#text} at (0,0) size 2x10
                  text run at (0,0) width 2: " "
            RenderTableCell {TD} at (360,80) size 8x10 [bgcolor=#1A6B6A] [r=8 c=47 rs=1 cs=1]
              RenderInline {FONT} at (0,0) size 2x10
                RenderText {#text} at (0,0) size 2x10
                  text run at (0,0) width 2: " "
            RenderTableCell {TD} at (368,80) size 8x10 [bgcolor=#B6D0D1] [r=8 c=48 rs=1 cs=1]
              RenderInline {FONT} at (0,0) size 2x10
                RenderText {#text} at (0,0) size 2x10
                  text run at (0,0) width 2: " "
            RenderTableCell {TD} at (376,80) size 8x10 [bgcolor=#FDFDFB] [r=8 c=49 rs=1 cs=1]
              RenderInline {FONT} at (0,0) size 2x10
                RenderText {#text} at (0,0) size 2x10
                  text run at (0,0) width 2: " "
            RenderTableCell {TD} at (384,80) size 8x10 [bgcolor=#848788] [r=8 c=50 rs=1 cs=1]
              RenderInline {FONT} at (0,0) size 2x10
                RenderText {#text} at (0,0) size 2x10
                  text run at (0,0) width 2: " "
            RenderTableCell {TD} at (392,80) size 8x10 [bgcolor=#083131] [r=8 c=51 rs=1 cs=1]
              RenderInline {FONT} at (0,0) size 2x10
                RenderText {#text} at (0,0) size 2x10
                  text run at (0,0) width 2: " "
            RenderTableCell {TD} at (400,80) size 8x10 [bgcolor=#083131] [r=8 c=52 rs=1 cs=1]
              RenderInline {FONT} at (0,0) size 2x10
                RenderText {#text} at (0,0) size 2x10
                  text run at (0,0) width 2: " "
            RenderTableCell {TD} at (408,80) size 8x10 [bgcolor=#3D4242] [r=8 c=53 rs=1 cs=1]
              RenderInline {FONT} at (0,0) size 2x10
                RenderText {#text} at (0,0) size 2x10
                  text run at (0,0) width 2: " "
            RenderTableCell {TD} at (416,80) size 8x10 [bgcolor=#4D4F4F] [r=8 c=54 rs=1 cs=1]
              RenderInline {FONT} at (0,0) size 2x10
                RenderText {#text} at (0,0) size 2x10
                  text run at (0,0) width 2: " "
            RenderTableCell {TD} at (424,80) size 8x10 [bgcolor=#696A69] [r=8 c=55 rs=1 cs=1]
              RenderInline {FONT} at (0,0) size 2x10
                RenderText {#text} at (0,0) size 2x10
                  text run at (0,0) width 2: " "
            RenderTableCell {TD} at (432,80) size 8x10 [bgcolor=#777878] [r=8 c=56 rs=1 cs=1]
              RenderInline {FONT} at (0,0) size 2x10
                RenderText {#text} at (0,0) size 2x10
                  text run at (0,0) width 2: " "
            RenderTableCell {TD} at (440,80) size 8x10 [bgcolor=#848788] [r=8 c=57 rs=1 cs=1]
              RenderInline {FONT} at (0,0) size 2x10
                RenderText {#text} at (0,0) size 2x10
                  text run at (0,0) width 2: " "
            RenderTableCell {TD} at (448,80) size 8x10 [bgcolor=#939494] [r=8 c=58 rs=1 cs=1]
              RenderInline {FONT} at (0,0) size 2x10
                RenderText {#text} at (0,0) size 2x10
                  text run at (0,0) width 2: " "
            RenderTableCell {TD} at (456,80) size 8x10 [bgcolor=#939494] [r=8 c=59 rs=1 cs=1]
              RenderInline {FONT} at (0,0) size 2x10
                RenderText {#text} at (0,0) size 2x10
                  text run at (0,0) width 2: " "
            RenderTableCell {TD} at (464,80) size 8x10 [bgcolor=#7B918F] [r=8 c=60 rs=1 cs=1]
              RenderInline {FONT} at (0,0) size 2x10
                RenderText {#text} at (0,0) size 2x10
                  text run at (0,0) width 2: " "
            RenderTableCell {TD} at (472,80) size 8x10 [bgcolor=#048485] [r=8 c=61 rs=1 cs=1]
              RenderInline {FONT} at (0,0) size 2x10
                RenderText {#text} at (0,0) size 2x10
                  text run at (0,0) width 2: " "
            RenderTableCell {TD} at (480,80) size 8x10 [bgcolor=#027777] [r=8 c=62 rs=1 cs=1]
              RenderInline {FONT} at (0,0) size 2x10
                RenderText {#text} at (0,0) size 2x10
                  text run at (0,0) width 2: " "
            RenderTableCell {TD} at (488,80) size 8x10 [bgcolor=#026766] [r=8 c=63 rs=1 cs=1]
              RenderInline {FONT} at (0,0) size 2x10
                RenderText {#text} at (0,0) size 2x10
                  text run at (0,0) width 2: " "
            RenderTableCell {TD} at (496,80) size 8x10 [bgcolor=#026766] [r=8 c=64 rs=1 cs=1]
              RenderInline {FONT} at (0,0) size 2x10
                RenderText {#text} at (0,0) size 2x10
                  text run at (0,0) width 2: " "
            RenderTableCell {TD} at (504,80) size 8x10 [bgcolor=#026766] [r=8 c=65 rs=1 cs=1]
              RenderInline {FONT} at (0,0) size 2x10
                RenderText {#text} at (0,0) size 2x10
                  text run at (0,0) width 2: " "
            RenderTableCell {TD} at (512,80) size 8x10 [bgcolor=#026766] [r=8 c=66 rs=1 cs=1]
              RenderInline {FONT} at (0,0) size 2x10
                RenderText {#text} at (0,0) size 2x10
                  text run at (0,0) width 2: " "
            RenderTableCell {TD} at (520,80) size 8x10 [bgcolor=#026766] [r=8 c=67 rs=1 cs=1]
              RenderInline {FONT} at (0,0) size 2x10
                RenderText {#text} at (0,0) size 2x10
                  text run at (0,0) width 2: " "
            RenderTableCell {TD} at (528,80) size 8x10 [bgcolor=#026766] [r=8 c=68 rs=1 cs=1]
              RenderInline {FONT} at (0,0) size 2x10
                RenderText {#text} at (0,0) size 2x10
                  text run at (0,0) width 2: " "
            RenderTableCell {TD} at (536,80) size 8x10 [bgcolor=#026766] [r=8 c=69 rs=1 cs=1]
              RenderInline {FONT} at (0,0) size 2x10
                RenderText {#text} at (0,0) size 2x10
                  text run at (0,0) width 2: " "
            RenderTableCell {TD} at (544,80) size 8x10 [bgcolor=#1E7A79] [r=8 c=70 rs=1 cs=1]
              RenderInline {FONT} at (0,0) size 2x10
                RenderText {#text} at (0,0) size 2x10
                  text run at (0,0) width 2: " "
            RenderTableCell {TD} at (552,80) size 8x10 [bgcolor=#E0EAE9] [r=8 c=71 rs=1 cs=1]
              RenderInline {FONT} at (0,0) size 2x10
                RenderText {#text} at (0,0) size 2x10
                  text run at (0,0) width 2: " "
            RenderTableCell {TD} at (560,80) size 8x10 [bgcolor=#FDFDFB] [r=8 c=72 rs=1 cs=1]
              RenderInline {FONT} at (0,0) size 2x10
                RenderText {#text} at (0,0) size 2x10
                  text run at (0,0) width 2: " "
            RenderTableCell {TD} at (568,80) size 8x10 [bgcolor=#4D4F4F] [r=8 c=73 rs=1 cs=1]
              RenderInline {FONT} at (0,0) size 2x10
                RenderText {#text} at (0,0) size 2x10
                  text run at (0,0) width 2: " "
            RenderTableCell {TD} at (576,80) size 8x10 [bgcolor=#515C5B] [r=8 c=74 rs=1 cs=1]
              RenderInline {FONT} at (0,0) size 2x10
                RenderText {#text} at (0,0) size 2x10
                  text run at (0,0) width 2: " "
            RenderTableCell {TD} at (584,80) size 8x10 [bgcolor=#777878] [r=8 c=75 rs=1 cs=1]
              RenderInline {FONT} at (0,0) size 2x10
                RenderText {#text} at (0,0) size 2x10
                  text run at (0,0) width 2: " "
            RenderTableCell {TD} at (592,80) size 8x10 [bgcolor=#848788] [r=8 c=76 rs=1 cs=1]
              RenderInline {FONT} at (0,0) size 2x10
                RenderText {#text} at (0,0) size 2x10
                  text run at (0,0) width 2: " "
            RenderTableCell {TD} at (600,80) size 8x10 [bgcolor=#848788] [r=8 c=77 rs=1 cs=1]
              RenderInline {FONT} at (0,0) size 2x10
                RenderText {#text} at (0,0) size 2x10
                  text run at (0,0) width 2: " "
            RenderTableCell {TD} at (608,80) size 8x10 [bgcolor=#1E7A79] [r=8 c=78 rs=1 cs=1]
              RenderInline {FONT} at (0,0) size 2x10
                RenderText {#text} at (0,0) size 2x10
                  text run at (0,0) width 2: " "
            RenderTableCell {TD} at (616,80) size 8x10 [bgcolor=#027777] [r=8 c=79 rs=1 cs=1]
              RenderInline {FONT} at (0,0) size 2x10
                RenderText {#text} at (0,0) size 2x10
                  text run at (0,0) width 2: " "
            RenderTableCell {TD} at (624,80) size 8x10 [bgcolor=#026766] [r=8 c=80 rs=1 cs=1]
              RenderInline {FONT} at (0,0) size 2x10
                RenderText {#text} at (0,0) size 2x10
                  text run at (0,0) width 2: " "
            RenderTableCell {TD} at (632,80) size 8x10 [bgcolor=#026766] [r=8 c=81 rs=1 cs=1]
              RenderInline {FONT} at (0,0) size 2x10
                RenderText {#text} at (0,0) size 2x10
                  text run at (0,0) width 2: " "
            RenderTableCell {TD} at (640,80) size 8x10 [bgcolor=#026766] [r=8 c=82 rs=1 cs=1]
              RenderInline {FONT} at (0,0) size 2x10
                RenderText {#text} at (0,0) size 2x10
                  text run at (0,0) width 2: " "
            RenderTableCell {TD} at (648,80) size 8x10 [bgcolor=#026766] [r=8 c=83 rs=1 cs=1]
              RenderInline {FONT} at (0,0) size 2x10
                RenderText {#text} at (0,0) size 2x10
                  text run at (0,0) width 2: " "
            RenderTableCell {TD} at (656,80) size 8x10 [bgcolor=#026766] [r=8 c=84 rs=1 cs=1]
              RenderInline {FONT} at (0,0) size 2x10
                RenderText {#text} at (0,0) size 2x10
                  text run at (0,0) width 2: " "
            RenderTableCell {TD} at (664,80) size 8x10 [bgcolor=#026766] [r=8 c=85 rs=1 cs=1]
              RenderInline {FONT} at (0,0) size 2x10
                RenderText {#text} at (0,0) size 2x10
                  text run at (0,0) width 2: " "
            RenderTableCell {TD} at (672,80) size 8x10 [bgcolor=#026766] [r=8 c=86 rs=1 cs=1]
              RenderInline {FONT} at (0,0) size 2x10
                RenderText {#text} at (0,0) size 2x10
                  text run at (0,0) width 2: " "
            RenderTableCell {TD} at (680,80) size 8x10 [bgcolor=#026766] [r=8 c=87 rs=1 cs=1]
              RenderInline {FONT} at (0,0) size 2x10
                RenderText {#text} at (0,0) size 2x10
                  text run at (0,0) width 2: " "
            RenderTableCell {TD} at (688,80) size 8x10 [bgcolor=#026766] [r=8 c=88 rs=1 cs=1]
              RenderInline {FONT} at (0,0) size 2x10
                RenderText {#text} at (0,0) size 2x10
                  text run at (0,0) width 2: " "
            RenderTableCell {TD} at (696,80) size 8x10 [bgcolor=#026766] [r=8 c=89 rs=1 cs=1]
              RenderInline {FONT} at (0,0) size 2x10
                RenderText {#text} at (0,0) size 2x10
                  text run at (0,0) width 2: " "
            RenderTableCell {TD} at (704,80) size 8x10 [bgcolor=#338686] [r=8 c=90 rs=1 cs=1]
              RenderInline {FONT} at (0,0) size 2x10
                RenderText {#text} at (0,0) size 2x10
                  text run at (0,0) width 2: " "
            RenderTableCell {TD} at (712,80) size 8x10 [bgcolor=#EDEEEF] [r=8 c=91 rs=1 cs=1]
              RenderInline {FONT} at (0,0) size 2x10
                RenderText {#text} at (0,0) size 2x10
                  text run at (0,0) width 2: " "
            RenderTableCell {TD} at (720,80) size 8x10 [bgcolor=#FDFDFB] [r=8 c=92 rs=1 cs=1]
              RenderInline {FONT} at (0,0) size 2x10
                RenderText {#text} at (0,0) size 2x10
                  text run at (0,0) width 2: " "
            RenderTableCell {TD} at (728,80) size 8x10 [bgcolor=#223C3D] [r=8 c=93 rs=1 cs=1]
              RenderInline {FONT} at (0,0) size 2x10
                RenderText {#text} at (0,0) size 2x10
                  text run at (0,0) width 2: " "
            RenderTableCell {TD} at (736,80) size 8x10 [bgcolor=#223C3D] [r=8 c=94 rs=1 cs=1]
              RenderInline {FONT} at (0,0) size 2x10
                RenderText {#text} at (0,0) size 2x10
                  text run at (0,0) width 2: " "
            RenderTableCell {TD} at (744,80) size 8x10 [bgcolor=#5E5F60] [r=8 c=95 rs=1 cs=1]
              RenderInline {FONT} at (0,0) size 2x10
                RenderText {#text} at (0,0) size 2x10
                  text run at (0,0) width 2: " "
            RenderTableCell {TD} at (752,80) size 8x10 [bgcolor=#777878] [r=8 c=96 rs=1 cs=1]
              RenderInline {FONT} at (0,0) size 2x10
                RenderText {#text} at (0,0) size 2x10
                  text run at (0,0) width 2: " "
            RenderTableCell {TD} at (760,80) size 8x10 [bgcolor=#848788] [r=8 c=97 rs=1 cs=1]
              RenderInline {FONT} at (0,0) size 2x10
                RenderText {#text} at (0,0) size 2x10
                  text run at (0,0) width 2: " "
            RenderTableCell {TD} at (768,80) size 8x10 [bgcolor=#777878] [r=8 c=98 rs=1 cs=1]
              RenderInline {FONT} at (0,0) size 2x10
                RenderText {#text} at (0,0) size 2x10
                  text run at (0,0) width 2: " "
            RenderTableCell {TD} at (776,80) size 8x10 [bgcolor=#4D4F4F] [r=8 c=99 rs=1 cs=1]
              RenderInline {FONT} at (0,0) size 2x10
                RenderText {#text} at (0,0) size 2x10
                  text run at (0,0) width 2: " "
          RenderTableRow {TR} at (0,90) size 784x10
            RenderTableCell {TD} at (0,90) size 7x10 [bgcolor=#EDEEEF] [r=9 c=0 rs=1 cs=1]
              RenderInline {FONT} at (0,0) size 2x10
                RenderText {#text} at (0,0) size 2x10
                  text run at (0,0) width 2: " "
            RenderTableCell {TD} at (7,90) size 7x10 [bgcolor=#44A3A2] [r=9 c=1 rs=1 cs=1]
              RenderInline {FONT} at (0,0) size 2x10
                RenderText {#text} at (0,0) size 2x10
                  text run at (0,0) width 2: " "
            RenderTableCell {TD} at (14,90) size 7x10 [bgcolor=#048485] [r=9 c=2 rs=1 cs=1]
              RenderInline {FONT} at (0,0) size 2x10
                RenderText {#text} at (0,0) size 2x10
                  text run at (0,0) width 2: " "
            RenderTableCell {TD} at (21,90) size 7x10 [bgcolor=#027777] [r=9 c=3 rs=1 cs=1]
              RenderInline {FONT} at (0,0) size 2x10
                RenderText {#text} at (0,0) size 2x10
                  text run at (0,0) width 2: " "
            RenderTableCell {TD} at (28,90) size 7x10 [bgcolor=#469191] [r=9 c=4 rs=1 cs=1]
              RenderInline {FONT} at (0,0) size 2x10
                RenderText {#text} at (0,0) size 2x10
                  text run at (0,0) width 2: " "
            RenderTableCell {TD} at (35,90) size 7x10 [bgcolor=#7CAEAF] [r=9 c=5 rs=1 cs=1]
              RenderInline {FONT} at (0,0) size 2x10
                RenderText {#text} at (0,0) size 2x10
                  text run at (0,0) width 2: " "
            RenderTableCell {TD} at (42,90) size 7x10 [bgcolor=#97C1C0] [r=9 c=6 rs=1 cs=1]
              RenderInline {FONT} at (0,0) size 2x10
                RenderText {#text} at (0,0) size 2x10
                  text run at (0,0) width 2: " "
            RenderTableCell {TD} at (49,90) size 7x10 [bgcolor=#97C1C0] [r=9 c=7 rs=1 cs=1]
              RenderInline {FONT} at (0,0) size 2x10
                RenderText {#text} at (0,0) size 2x10
                  text run at (0,0) width 2: " "
            RenderTableCell {TD} at (56,90) size 7x10 [bgcolor=#97C1C0] [r=9 c=8 rs=1 cs=1]
              RenderInline {FONT} at (0,0) size 2x10
                RenderText {#text} at (0,0) size 2x10
                  text run at (0,0) width 2: " "
            RenderTableCell {TD} at (63,90) size 7x10 [bgcolor=#7CAEAF] [r=9 c=9 rs=1 cs=1]
              RenderInline {FONT} at (0,0) size 2x10
                RenderText {#text} at (0,0) size 2x10
                  text run at (0,0) width 2: " "
            RenderTableCell {TD} at (70,90) size 7x10 [bgcolor=#469191] [r=9 c=10 rs=1 cs=1]
              RenderInline {FONT} at (0,0) size 2x10
                RenderText {#text} at (0,0) size 2x10
                  text run at (0,0) width 2: " "
            RenderTableCell {TD} at (77,90) size 7x10 [bgcolor=#1A6B6A] [r=9 c=11 rs=1 cs=1]
              RenderInline {FONT} at (0,0) size 2x10
                RenderText {#text} at (0,0) size 2x10
                  text run at (0,0) width 2: " "
            RenderTableCell {TD} at (84,90) size 7x10 [bgcolor=#025E5E] [r=9 c=12 rs=1 cs=1]
              RenderInline {FONT} at (0,0) size 2x10
                RenderText {#text} at (0,0) size 2x10
                  text run at (0,0) width 2: " "
            RenderTableCell {TD} at (91,90) size 7x10 [bgcolor=#044140] [r=9 c=13 rs=1 cs=1]
              RenderInline {FONT} at (0,0) size 2x10
                RenderText {#text} at (0,0) size 2x10
                  text run at (0,0) width 2: " "
            RenderTableCell {TD} at (98,90) size 7x10 [bgcolor=#223C3D] [r=9 c=14 rs=1 cs=1]
              RenderInline {FONT} at (0,0) size 2x10
                RenderText {#text} at (0,0) size 2x10
                  text run at (0,0) width 2: " "
            RenderTableCell {TD} at (105,90) size 7x10 [bgcolor=#848788] [r=9 c=15 rs=1 cs=1]
              RenderInline {FONT} at (0,0) size 2x10
                RenderText {#text} at (0,0) size 2x10
                  text run at (0,0) width 2: " "
            RenderTableCell {TD} at (112,90) size 8x10 [bgcolor=#FDFDFB] [r=9 c=16 rs=1 cs=1]
              RenderInline {FONT} at (0,0) size 2x10
                RenderText {#text} at (0,0) size 2x10
                  text run at (0,0) width 2: " "
            RenderTableCell {TD} at (120,90) size 8x10 [bgcolor=#FDFDFB] [r=9 c=17 rs=1 cs=1]
              RenderInline {FONT} at (0,0) size 2x10
                RenderText {#text} at (0,0) size 2x10
                  text run at (0,0) width 2: " "
            RenderTableCell {TD} at (128,90) size 8x10 [bgcolor=#2D3433] [r=9 c=18 rs=1 cs=1]
              RenderInline {FONT} at (0,0) size 2x10
                RenderText {#text} at (0,0) size 2x10
                  text run at (0,0) width 2: " "
            RenderTableCell {TD} at (136,90) size 8x10 [bgcolor=#1E7A79] [r=9 c=19 rs=1 cs=1]
              RenderInline {FONT} at (0,0) size 2x10
                RenderText {#text} at (0,0) size 2x10
                  text run at (0,0) width 2: " "
            RenderTableCell {TD} at (144,90) size 8x10 [bgcolor=#027777] [r=9 c=20 rs=1 cs=1]
              RenderInline {FONT} at (0,0) size 2x10
                RenderText {#text} at (0,0) size 2x10
                  text run at (0,0) width 2: " "
            RenderTableCell {TD} at (152,90) size 8x10 [bgcolor=#026766] [r=9 c=21 rs=1 cs=1]
              RenderInline {FONT} at (0,0) size 2x10
                RenderText {#text} at (0,0) size 2x10
                  text run at (0,0) width 2: " "
            RenderTableCell {TD} at (160,90) size 8x10 [bgcolor=#1E7A79] [r=9 c=22 rs=1 cs=1]
              RenderInline {FONT} at (0,0) size 2x10
                RenderText {#text} at (0,0) size 2x10
                  text run at (0,0) width 2: " "
            RenderTableCell {TD} at (168,90) size 8x10 [bgcolor=#469191] [r=9 c=23 rs=1 cs=1]
              RenderInline {FONT} at (0,0) size 2x10
                RenderText {#text} at (0,0) size 2x10
                  text run at (0,0) width 2: " "
            RenderTableCell {TD} at (176,90) size 8x10 [bgcolor=#7CAEAF] [r=9 c=24 rs=1 cs=1]
              RenderInline {FONT} at (0,0) size 2x10
                RenderText {#text} at (0,0) size 2x10
                  text run at (0,0) width 2: " "
            RenderTableCell {TD} at (184,90) size 8x10 [bgcolor=#97C1C0] [r=9 c=25 rs=1 cs=1]
              RenderInline {FONT} at (0,0) size 2x10
                RenderText {#text} at (0,0) size 2x10
                  text run at (0,0) width 2: " "
            RenderTableCell {TD} at (192,90) size 8x10 [bgcolor=#97C1C0] [r=9 c=26 rs=1 cs=1]
              RenderInline {FONT} at (0,0) size 2x10
                RenderText {#text} at (0,0) size 2x10
                  text run at (0,0) width 2: " "
            RenderTableCell {TD} at (200,90) size 8x10 [bgcolor=#97C1C0] [r=9 c=27 rs=1 cs=1]
              RenderInline {FONT} at (0,0) size 2x10
                RenderText {#text} at (0,0) size 2x10
                  text run at (0,0) width 2: " "
            RenderTableCell {TD} at (208,90) size 8x10 [bgcolor=#7CAEAF] [r=9 c=28 rs=1 cs=1]
              RenderInline {FONT} at (0,0) size 2x10
                RenderText {#text} at (0,0) size 2x10
                  text run at (0,0) width 2: " "
            RenderTableCell {TD} at (216,90) size 8x10 [bgcolor=#589594] [r=9 c=29 rs=1 cs=1]
              RenderInline {FONT} at (0,0) size 2x10
                RenderText {#text} at (0,0) size 2x10
                  text run at (0,0) width 2: " "
            RenderTableCell {TD} at (224,90) size 8x10 [bgcolor=#1E7A79] [r=9 c=30 rs=1 cs=1]
              RenderInline {FONT} at (0,0) size 2x10
                RenderText {#text} at (0,0) size 2x10
                  text run at (0,0) width 2: " "
            RenderTableCell {TD} at (232,90) size 8x10 [bgcolor=#044F4F] [r=9 c=31 rs=1 cs=1]
              RenderInline {FONT} at (0,0) size 2x10
                RenderText {#text} at (0,0) size 2x10
                  text run at (0,0) width 2: " "
            RenderTableCell {TD} at (240,90) size 8x10 [bgcolor=#344C4E] [r=9 c=32 rs=1 cs=1]
              RenderInline {FONT} at (0,0) size 2x10
                RenderText {#text} at (0,0) size 2x10
                  text run at (0,0) width 2: " "
            RenderTableCell {TD} at (248,90) size 8x10 [bgcolor=#696A69] [r=9 c=33 rs=1 cs=1]
              RenderInline {FONT} at (0,0) size 2x10
                RenderText {#text} at (0,0) size 2x10
                  text run at (0,0) width 2: " "
            RenderTableCell {TD} at (256,90) size 8x10 [bgcolor=#848788] [r=9 c=34 rs=1 cs=1]
              RenderInline {FONT} at (0,0) size 2x10
                RenderText {#text} at (0,0) size 2x10
                  text run at (0,0) width 2: " "
            RenderTableCell {TD} at (264,90) size 8x10 [bgcolor=#848788] [r=9 c=35 rs=1 cs=1]
              RenderInline {FONT} at (0,0) size 2x10
                RenderText {#text} at (0,0) size 2x10
                  text run at (0,0) width 2: " "
            RenderTableCell {TD} at (272,90) size 8x10 [bgcolor=#249393] [r=9 c=36 rs=1 cs=1]
              RenderInline {FONT} at (0,0) size 2x10
                RenderText {#text} at (0,0) size 2x10
                  text run at (0,0) width 2: " "
            RenderTableCell {TD} at (280,90) size 8x10 [bgcolor=#60A2A3] [r=9 c=37 rs=1 cs=1]
              RenderInline {FONT} at (0,0) size 2x10
                RenderText {#text} at (0,0) size 2x10
                  text run at (0,0) width 2: " "
            RenderTableCell {TD} at (288,90) size 8x10 [bgcolor=#8DB7B6] [r=9 c=38 rs=1 cs=1]
              RenderInline {FONT} at (0,0) size 2x10
                RenderText {#text} at (0,0) size 2x10
                  text run at (0,0) width 2: " "
            RenderTableCell {TD} at (296,90) size 8x10 [bgcolor=#97C1C0] [r=9 c=39 rs=1 cs=1]
              RenderInline {FONT} at (0,0) size 2x10
                RenderText {#text} at (0,0) size 2x10
                  text run at (0,0) width 2: " "
            RenderTableCell {TD} at (304,90) size 8x10 [bgcolor=#97C1C0] [r=9 c=40 rs=1 cs=1]
              RenderInline {FONT} at (0,0) size 2x10
                RenderText {#text} at (0,0) size 2x10
                  text run at (0,0) width 2: " "
            RenderTableCell {TD} at (312,90) size 8x10 [bgcolor=#8DB7B6] [r=9 c=41 rs=1 cs=1]
              RenderInline {FONT} at (0,0) size 2x10
                RenderText {#text} at (0,0) size 2x10
                  text run at (0,0) width 2: " "
            RenderTableCell {TD} at (320,90) size 8x10 [bgcolor=#60A2A3] [r=9 c=42 rs=1 cs=1]
              RenderInline {FONT} at (0,0) size 2x10
                RenderText {#text} at (0,0) size 2x10
                  text run at (0,0) width 2: " "
            RenderTableCell {TD} at (328,90) size 8x10 [bgcolor=#287A7A] [r=9 c=43 rs=1 cs=1]
              RenderInline {FONT} at (0,0) size 2x10
                RenderText {#text} at (0,0) size 2x10
                  text run at (0,0) width 2: " "
            RenderTableCell {TD} at (336,90) size 8x10 [bgcolor=#026766] [r=9 c=44 rs=1 cs=1]
              RenderInline {FONT} at (0,0) size 2x10
                RenderText {#text} at (0,0) size 2x10
                  text run at (0,0) width 2: " "
            RenderTableCell {TD} at (344,90) size 8x10 [bgcolor=#026766] [r=9 c=45 rs=1 cs=1]
              RenderInline {FONT} at (0,0) size 2x10
                RenderText {#text} at (0,0) size 2x10
                  text run at (0,0) width 2: " "
            RenderTableCell {TD} at (352,90) size 8x10 [bgcolor=#026766] [r=9 c=46 rs=1 cs=1]
              RenderInline {FONT} at (0,0) size 2x10
                RenderText {#text} at (0,0) size 2x10
                  text run at (0,0) width 2: " "
            RenderTableCell {TD} at (360,90) size 8x10 [bgcolor=#1A6B6A] [r=9 c=47 rs=1 cs=1]
              RenderInline {FONT} at (0,0) size 2x10
                RenderText {#text} at (0,0) size 2x10
                  text run at (0,0) width 2: " "
            RenderTableCell {TD} at (368,90) size 8x10 [bgcolor=#B6D0D1] [r=9 c=48 rs=1 cs=1]
              RenderInline {FONT} at (0,0) size 2x10
                RenderText {#text} at (0,0) size 2x10
                  text run at (0,0) width 2: " "
            RenderTableCell {TD} at (376,90) size 8x10 [bgcolor=#FDFDFB] [r=9 c=49 rs=1 cs=1]
              RenderInline {FONT} at (0,0) size 2x10
                RenderText {#text} at (0,0) size 2x10
                  text run at (0,0) width 2: " "
            RenderTableCell {TD} at (384,90) size 8x10 [bgcolor=#848788] [r=9 c=50 rs=1 cs=1]
              RenderInline {FONT} at (0,0) size 2x10
                RenderText {#text} at (0,0) size 2x10
                  text run at (0,0) width 2: " "
            RenderTableCell {TD} at (392,90) size 8x10 [bgcolor=#274C4D] [r=9 c=51 rs=1 cs=1]
              RenderInline {FONT} at (0,0) size 2x10
                RenderText {#text} at (0,0) size 2x10
                  text run at (0,0) width 2: " "
            RenderTableCell {TD} at (400,90) size 8x10 [bgcolor=#848788] [r=9 c=52 rs=1 cs=1]
              RenderInline {FONT} at (0,0) size 2x10
                RenderText {#text} at (0,0) size 2x10
                  text run at (0,0) width 2: " "
            RenderTableCell {TD} at (408,90) size 8x10 [bgcolor=#B4B4B4] [r=9 c=53 rs=1 cs=1]
              RenderInline {FONT} at (0,0) size 2x10
                RenderText {#text} at (0,0) size 2x10
                  text run at (0,0) width 2: " "
            RenderTableCell {TD} at (416,90) size 8x10 [bgcolor=#BEC2C2] [r=9 c=54 rs=1 cs=1]
              RenderInline {FONT} at (0,0) size 2x10
                RenderText {#text} at (0,0) size 2x10
                  text run at (0,0) width 2: " "
            RenderTableCell {TD} at (424,90) size 8x10 [bgcolor=#BEC2C2] [r=9 c=55 rs=1 cs=1]
              RenderInline {FONT} at (0,0) size 2x10
                RenderText {#text} at (0,0) size 2x10
                  text run at (0,0) width 2: " "
            RenderTableCell {TD} at (432,90) size 8x10 [bgcolor=#B4B4B4] [r=9 c=56 rs=1 cs=1]
              RenderInline {FONT} at (0,0) size 2x10
                RenderText {#text} at (0,0) size 2x10
                  text run at (0,0) width 2: " "
            RenderTableCell {TD} at (440,90) size 8x10 [bgcolor=#A5A6A6] [r=9 c=57 rs=1 cs=1]
              RenderInline {FONT} at (0,0) size 2x10
                RenderText {#text} at (0,0) size 2x10
                  text run at (0,0) width 2: " "
            RenderTableCell {TD} at (448,90) size 8x10 [bgcolor=#939494] [r=9 c=58 rs=1 cs=1]
              RenderInline {FONT} at (0,0) size 2x10
                RenderText {#text} at (0,0) size 2x10
                  text run at (0,0) width 2: " "
            RenderTableCell {TD} at (456,90) size 8x10 [bgcolor=#939494] [r=9 c=59 rs=1 cs=1]
              RenderInline {FONT} at (0,0) size 2x10
                RenderText {#text} at (0,0) size 2x10
                  text run at (0,0) width 2: " "
            RenderTableCell {TD} at (464,90) size 8x10 [bgcolor=#469191] [r=9 c=60 rs=1 cs=1]
              RenderInline {FONT} at (0,0) size 2x10
                RenderText {#text} at (0,0) size 2x10
                  text run at (0,0) width 2: " "
            RenderTableCell {TD} at (472,90) size 8x10 [bgcolor=#048485] [r=9 c=61 rs=1 cs=1]
              RenderInline {FONT} at (0,0) size 2x10
                RenderText {#text} at (0,0) size 2x10
                  text run at (0,0) width 2: " "
            RenderTableCell {TD} at (480,90) size 8x10 [bgcolor=#027777] [r=9 c=62 rs=1 cs=1]
              RenderInline {FONT} at (0,0) size 2x10
                RenderText {#text} at (0,0) size 2x10
                  text run at (0,0) width 2: " "
            RenderTableCell {TD} at (488,90) size 8x10 [bgcolor=#1A6B6A] [r=9 c=63 rs=1 cs=1]
              RenderInline {FONT} at (0,0) size 2x10
                RenderText {#text} at (0,0) size 2x10
                  text run at (0,0) width 2: " "
            RenderTableCell {TD} at (496,90) size 8x10 [bgcolor=#469191] [r=9 c=64 rs=1 cs=1]
              RenderInline {FONT} at (0,0) size 2x10
                RenderText {#text} at (0,0) size 2x10
                  text run at (0,0) width 2: " "
            RenderTableCell {TD} at (504,90) size 8x10 [bgcolor=#7CAEAF] [r=9 c=65 rs=1 cs=1]
              RenderInline {FONT} at (0,0) size 2x10
                RenderText {#text} at (0,0) size 2x10
                  text run at (0,0) width 2: " "
            RenderTableCell {TD} at (512,90) size 8x10 [bgcolor=#97C1C0] [r=9 c=66 rs=1 cs=1]
              RenderInline {FONT} at (0,0) size 2x10
                RenderText {#text} at (0,0) size 2x10
                  text run at (0,0) width 2: " "
            RenderTableCell {TD} at (520,90) size 8x10 [bgcolor=#97C1C0] [r=9 c=67 rs=1 cs=1]
              RenderInline {FONT} at (0,0) size 2x10
                RenderText {#text} at (0,0) size 2x10
                  text run at (0,0) width 2: " "
            RenderTableCell {TD} at (528,90) size 8x10 [bgcolor=#7CAEAF] [r=9 c=68 rs=1 cs=1]
              RenderInline {FONT} at (0,0) size 2x10
                RenderText {#text} at (0,0) size 2x10
                  text run at (0,0) width 2: " "
            RenderTableCell {TD} at (536,90) size 8x10 [bgcolor=#469191] [r=9 c=69 rs=1 cs=1]
              RenderInline {FONT} at (0,0) size 2x10
                RenderText {#text} at (0,0) size 2x10
                  text run at (0,0) width 2: " "
            RenderTableCell {TD} at (544,90) size 8x10 [bgcolor=#338686] [r=9 c=70 rs=1 cs=1]
              RenderInline {FONT} at (0,0) size 2x10
                RenderText {#text} at (0,0) size 2x10
                  text run at (0,0) width 2: " "
            RenderTableCell {TD} at (552,90) size 8x10 [bgcolor=#E0EAE9] [r=9 c=71 rs=1 cs=1]
              RenderInline {FONT} at (0,0) size 2x10
                RenderText {#text} at (0,0) size 2x10
                  text run at (0,0) width 2: " "
            RenderTableCell {TD} at (560,90) size 8x10 [bgcolor=#FDFDFB] [r=9 c=72 rs=1 cs=1]
              RenderInline {FONT} at (0,0) size 2x10
                RenderText {#text} at (0,0) size 2x10
                  text run at (0,0) width 2: " "
            RenderTableCell {TD} at (568,90) size 8x10 [bgcolor=#4D4F4F] [r=9 c=73 rs=1 cs=1]
              RenderInline {FONT} at (0,0) size 2x10
                RenderText {#text} at (0,0) size 2x10
                  text run at (0,0) width 2: " "
            RenderTableCell {TD} at (576,90) size 8x10 [bgcolor=#5E5F60] [r=9 c=74 rs=1 cs=1]
              RenderInline {FONT} at (0,0) size 2x10
                RenderText {#text} at (0,0) size 2x10
                  text run at (0,0) width 2: " "
            RenderTableCell {TD} at (584,90) size 8x10 [bgcolor=#777878] [r=9 c=75 rs=1 cs=1]
              RenderInline {FONT} at (0,0) size 2x10
                RenderText {#text} at (0,0) size 2x10
                  text run at (0,0) width 2: " "
            RenderTableCell {TD} at (592,90) size 8x10 [bgcolor=#939494] [r=9 c=76 rs=1 cs=1]
              RenderInline {FONT} at (0,0) size 2x10
                RenderText {#text} at (0,0) size 2x10
                  text run at (0,0) width 2: " "
            RenderTableCell {TD} at (600,90) size 8x10 [bgcolor=#939494] [r=9 c=77 rs=1 cs=1]
              RenderInline {FONT} at (0,0) size 2x10
                RenderText {#text} at (0,0) size 2x10
                  text run at (0,0) width 2: " "
            RenderTableCell {TD} at (608,90) size 8x10 [bgcolor=#589594] [r=9 c=78 rs=1 cs=1]
              RenderInline {FONT} at (0,0) size 2x10
                RenderText {#text} at (0,0) size 2x10
                  text run at (0,0) width 2: " "
            RenderTableCell {TD} at (616,90) size 8x10 [bgcolor=#5CADAE] [r=9 c=79 rs=1 cs=1]
              RenderInline {FONT} at (0,0) size 2x10
                RenderText {#text} at (0,0) size 2x10
                  text run at (0,0) width 2: " "
            RenderTableCell {TD} at (624,90) size 8x10 [bgcolor=#7DBAB9] [r=9 c=80 rs=1 cs=1]
              RenderInline {FONT} at (0,0) size 2x10
                RenderText {#text} at (0,0) size 2x10
                  text run at (0,0) width 2: " "
            RenderTableCell {TD} at (632,90) size 8x10 [bgcolor=#97C1C0] [r=9 c=81 rs=1 cs=1]
              RenderInline {FONT} at (0,0) size 2x10
                RenderText {#text} at (0,0) size 2x10
                  text run at (0,0) width 2: " "
            RenderTableCell {TD} at (640,90) size 8x10 [bgcolor=#97C1C0] [r=9 c=82 rs=1 cs=1]
              RenderInline {FONT} at (0,0) size 2x10
                RenderText {#text} at (0,0) size 2x10
                  text run at (0,0) width 2: " "
            RenderTableCell {TD} at (648,90) size 8x10 [bgcolor=#7CAEAF] [r=9 c=83 rs=1 cs=1]
              RenderInline {FONT} at (0,0) size 2x10
                RenderText {#text} at (0,0) size 2x10
                  text run at (0,0) width 2: " "
            RenderTableCell {TD} at (656,90) size 8x10 [bgcolor=#469191] [r=9 c=84 rs=1 cs=1]
              RenderInline {FONT} at (0,0) size 2x10
                RenderText {#text} at (0,0) size 2x10
                  text run at (0,0) width 2: " "
            RenderTableCell {TD} at (664,90) size 8x10 [bgcolor=#1E7A79] [r=9 c=85 rs=1 cs=1]
              RenderInline {FONT} at (0,0) size 2x10
                RenderText {#text} at (0,0) size 2x10
                  text run at (0,0) width 2: " "
            RenderTableCell {TD} at (672,90) size 8x10 [bgcolor=#026766] [r=9 c=86 rs=1 cs=1]
              RenderInline {FONT} at (0,0) size 2x10
                RenderText {#text} at (0,0) size 2x10
                  text run at (0,0) width 2: " "
            RenderTableCell {TD} at (680,90) size 8x10 [bgcolor=#026766] [r=9 c=87 rs=1 cs=1]
              RenderInline {FONT} at (0,0) size 2x10
                RenderText {#text} at (0,0) size 2x10
                  text run at (0,0) width 2: " "
            RenderTableCell {TD} at (688,90) size 8x10 [bgcolor=#026766] [r=9 c=88 rs=1 cs=1]
              RenderInline {FONT} at (0,0) size 2x10
                RenderText {#text} at (0,0) size 2x10
                  text run at (0,0) width 2: " "
            RenderTableCell {TD} at (696,90) size 8x10 [bgcolor=#469191] [r=9 c=89 rs=1 cs=1]
              RenderInline {FONT} at (0,0) size 2x10
                RenderText {#text} at (0,0) size 2x10
                  text run at (0,0) width 2: " "
            RenderTableCell {TD} at (704,90) size 8x10 [bgcolor=#7CAEAF] [r=9 c=90 rs=1 cs=1]
              RenderInline {FONT} at (0,0) size 2x10
                RenderText {#text} at (0,0) size 2x10
                  text run at (0,0) width 2: " "
            RenderTableCell {TD} at (712,90) size 8x10 [bgcolor=#EDEEEF] [r=9 c=91 rs=1 cs=1]
              RenderInline {FONT} at (0,0) size 2x10
                RenderText {#text} at (0,0) size 2x10
                  text run at (0,0) width 2: " "
            RenderTableCell {TD} at (720,90) size 8x10 [bgcolor=#FDFDFB] [r=9 c=92 rs=1 cs=1]
              RenderInline {FONT} at (0,0) size 2x10
                RenderText {#text} at (0,0) size 2x10
                  text run at (0,0) width 2: " "
            RenderTableCell {TD} at (728,90) size 8x10 [bgcolor=#848788] [r=9 c=93 rs=1 cs=1]
              RenderInline {FONT} at (0,0) size 2x10
                RenderText {#text} at (0,0) size 2x10
                  text run at (0,0) width 2: " "
            RenderTableCell {TD} at (736,90) size 8x10 [bgcolor=#848788] [r=9 c=94 rs=1 cs=1]
              RenderInline {FONT} at (0,0) size 2x10
                RenderText {#text} at (0,0) size 2x10
                  text run at (0,0) width 2: " "
            RenderTableCell {TD} at (744,90) size 8x10 [bgcolor=#777878] [r=9 c=95 rs=1 cs=1]
              RenderInline {FONT} at (0,0) size 2x10
                RenderText {#text} at (0,0) size 2x10
                  text run at (0,0) width 2: " "
            RenderTableCell {TD} at (752,90) size 8x10 [bgcolor=#777878] [r=9 c=96 rs=1 cs=1]
              RenderInline {FONT} at (0,0) size 2x10
                RenderText {#text} at (0,0) size 2x10
                  text run at (0,0) width 2: " "
            RenderTableCell {TD} at (760,90) size 8x10 [bgcolor=#848788] [r=9 c=97 rs=1 cs=1]
              RenderInline {FONT} at (0,0) size 2x10
                RenderText {#text} at (0,0) size 2x10
                  text run at (0,0) width 2: " "
            RenderTableCell {TD} at (768,90) size 8x10 [bgcolor=#777878] [r=9 c=98 rs=1 cs=1]
              RenderInline {FONT} at (0,0) size 2x10
                RenderText {#text} at (0,0) size 2x10
                  text run at (0,0) width 2: " "
            RenderTableCell {TD} at (776,90) size 8x10 [bgcolor=#4D4F4F] [r=9 c=99 rs=1 cs=1]
              RenderInline {FONT} at (0,0) size 2x10
                RenderText {#text} at (0,0) size 2x10
                  text run at (0,0) width 2: " "
          RenderTableRow {TR} at (0,100) size 784x10
            RenderTableCell {TD} at (0,100) size 7x10 [bgcolor=#E0EAE9] [r=10 c=0 rs=1 cs=1]
              RenderInline {FONT} at (0,0) size 2x10
                RenderText {#text} at (0,0) size 2x10
                  text run at (0,0) width 2: " "
            RenderTableCell {TD} at (7,100) size 7x10 [bgcolor=#249393] [r=10 c=1 rs=1 cs=1]
              RenderInline {FONT} at (0,0) size 2x10
                RenderText {#text} at (0,0) size 2x10
                  text run at (0,0) width 2: " "
            RenderTableCell {TD} at (14,100) size 7x10 [bgcolor=#1B8685] [r=10 c=2 rs=1 cs=1]
              RenderInline {FONT} at (0,0) size 2x10
                RenderText {#text} at (0,0) size 2x10
                  text run at (0,0) width 2: " "
            RenderTableCell {TD} at (21,100) size 7x10 [bgcolor=#A4CCCC] [r=10 c=3 rs=1 cs=1]
              RenderInline {FONT} at (0,0) size 2x10
                RenderText {#text} at (0,0) size 2x10
                  text run at (0,0) width 2: " "
            RenderTableCell {TD} at (28,100) size 7x10 [bgcolor=#EDEEEF] [r=10 c=4 rs=1 cs=1]
              RenderInline {FONT} at (0,0) size 2x10
                RenderText {#text} at (0,0) size 2x10
                  text run at (0,0) width 2: " "
            RenderTableCell {TD} at (35,100) size 7x10 [bgcolor=#CECFCF] [r=10 c=5 rs=1 cs=1]
              RenderInline {FONT} at (0,0) size 2x10
                RenderText {#text} at (0,0) size 2x10
                  text run at (0,0) width 2: " "
            RenderTableCell {TD} at (42,100) size 7x10 [bgcolor=#939494] [r=10 c=6 rs=1 cs=1]
              RenderInline {FONT} at (0,0) size 2x10
                RenderText {#text} at (0,0) size 2x10
                  text run at (0,0) width 2: " "
            RenderTableCell {TD} at (49,100) size 7x10 [bgcolor=#848788] [r=10 c=7 rs=1 cs=1]
              RenderInline {FONT} at (0,0) size 2x10
                RenderText {#text} at (0,0) size 2x10
                  text run at (0,0) width 2: " "
            RenderTableCell {TD} at (56,100) size 7x10 [bgcolor=#939494] [r=10 c=8 rs=1 cs=1]
              RenderInline {FONT} at (0,0) size 2x10
                RenderText {#text} at (0,0) size 2x10
                  text run at (0,0) width 2: " "
            RenderTableCell {TD} at (63,100) size 7x10 [bgcolor=#CECFCF] [r=10 c=9 rs=1 cs=1]
              RenderInline {FONT} at (0,0) size 2x10
                RenderText {#text} at (0,0) size 2x10
                  text run at (0,0) width 2: " "
            RenderTableCell {TD} at (70,100) size 7x10 [bgcolor=#EDEEEF] [r=10 c=10 rs=1 cs=1]
              RenderInline {FONT} at (0,0) size 2x10
                RenderText {#text} at (0,0) size 2x10
                  text run at (0,0) width 2: " "
            RenderTableCell {TD} at (77,100) size 7x10 [bgcolor=#A4CCCC] [r=10 c=11 rs=1 cs=1]
              RenderInline {FONT} at (0,0) size 2x10
                RenderText {#text} at (0,0) size 2x10
                  text run at (0,0) width 2: " "
            RenderTableCell {TD} at (84,100) size 7x10 [bgcolor=#1A6B6A] [r=10 c=12 rs=1 cs=1]
              RenderInline {FONT} at (0,0) size 2x10
                RenderText {#text} at (0,0) size 2x10
                  text run at (0,0) width 2: " "
            RenderTableCell {TD} at (91,100) size 7x10 [bgcolor=#044140] [r=10 c=13 rs=1 cs=1]
              RenderInline {FONT} at (0,0) size 2x10
                RenderText {#text} at (0,0) size 2x10
                  text run at (0,0) width 2: " "
            RenderTableCell {TD} at (98,100) size 7x10 [bgcolor=#223C3D] [r=10 c=14 rs=1 cs=1]
              RenderInline {FONT} at (0,0) size 2x10
                RenderText {#text} at (0,0) size 2x10
                  text run at (0,0) width 2: " "
            RenderTableCell {TD} at (105,100) size 7x10 [bgcolor=#848788] [r=10 c=15 rs=1 cs=1]
              RenderInline {FONT} at (0,0) size 2x10
                RenderText {#text} at (0,0) size 2x10
                  text run at (0,0) width 2: " "
            RenderTableCell {TD} at (112,100) size 8x10 [bgcolor=#FDFDFB] [r=10 c=16 rs=1 cs=1]
              RenderInline {FONT} at (0,0) size 2x10
                RenderText {#text} at (0,0) size 2x10
                  text run at (0,0) width 2: " "
            RenderTableCell {TD} at (120,100) size 8x10 [bgcolor=#FDFDFB] [r=10 c=17 rs=1 cs=1]
              RenderInline {FONT} at (0,0) size 2x10
                RenderText {#text} at (0,0) size 2x10
                  text run at (0,0) width 2: " "
            RenderTableCell {TD} at (128,100) size 8x10 [bgcolor=#2D3433] [r=10 c=18 rs=1 cs=1]
              RenderInline {FONT} at (0,0) size 2x10
                RenderText {#text} at (0,0) size 2x10
                  text run at (0,0) width 2: " "
            RenderTableCell {TD} at (136,100) size 8x10 [bgcolor=#1E7A79] [r=10 c=19 rs=1 cs=1]
              RenderInline {FONT} at (0,0) size 2x10
                RenderText {#text} at (0,0) size 2x10
                  text run at (0,0) width 2: " "
            RenderTableCell {TD} at (144,100) size 8x10 [bgcolor=#027777] [r=10 c=20 rs=1 cs=1]
              RenderInline {FONT} at (0,0) size 2x10
                RenderText {#text} at (0,0) size 2x10
                  text run at (0,0) width 2: " "
            RenderTableCell {TD} at (152,100) size 8x10 [bgcolor=#349392] [r=10 c=21 rs=1 cs=1]
              RenderInline {FONT} at (0,0) size 2x10
                RenderText {#text} at (0,0) size 2x10
                  text run at (0,0) width 2: " "
            RenderTableCell {TD} at (160,100) size 8x10 [bgcolor=#CADEDD] [r=10 c=22 rs=1 cs=1]
              RenderInline {FONT} at (0,0) size 2x10
                RenderText {#text} at (0,0) size 2x10
                  text run at (0,0) width 2: " "
            RenderTableCell {TD} at (168,100) size 8x10 [bgcolor=#EDEEEF] [r=10 c=23 rs=1 cs=1]
              RenderInline {FONT} at (0,0) size 2x10
                RenderText {#text} at (0,0) size 2x10
                  text run at (0,0) width 2: " "
            RenderTableCell {TD} at (176,100) size 8x10 [bgcolor=#BEC2C2] [r=10 c=24 rs=1 cs=1]
              RenderInline {FONT} at (0,0) size 2x10
                RenderText {#text} at (0,0) size 2x10
                  text run at (0,0) width 2: " "
            RenderTableCell {TD} at (184,100) size 8x10 [bgcolor=#939494] [r=10 c=25 rs=1 cs=1]
              RenderInline {FONT} at (0,0) size 2x10
                RenderText {#text} at (0,0) size 2x10
                  text run at (0,0) width 2: " "
            RenderTableCell {TD} at (192,100) size 8x10 [bgcolor=#848788] [r=10 c=26 rs=1 cs=1]
              RenderInline {FONT} at (0,0) size 2x10
                RenderText {#text} at (0,0) size 2x10
                  text run at (0,0) width 2: " "
            RenderTableCell {TD} at (200,100) size 8x10 [bgcolor=#939494] [r=10 c=27 rs=1 cs=1]
              RenderInline {FONT} at (0,0) size 2x10
                RenderText {#text} at (0,0) size 2x10
                  text run at (0,0) width 2: " "
            RenderTableCell {TD} at (208,100) size 8x10 [bgcolor=#BEC2C2] [r=10 c=28 rs=1 cs=1]
              RenderInline {FONT} at (0,0) size 2x10
                RenderText {#text} at (0,0) size 2x10
                  text run at (0,0) width 2: " "
            RenderTableCell {TD} at (216,100) size 8x10 [bgcolor=#EDEEEF] [r=10 c=29 rs=1 cs=1]
              RenderInline {FONT} at (0,0) size 2x10
                RenderText {#text} at (0,0) size 2x10
                  text run at (0,0) width 2: " "
            RenderTableCell {TD} at (224,100) size 8x10 [bgcolor=#CADEDD] [r=10 c=30 rs=1 cs=1]
              RenderInline {FONT} at (0,0) size 2x10
                RenderText {#text} at (0,0) size 2x10
                  text run at (0,0) width 2: " "
            RenderTableCell {TD} at (232,100) size 8x10 [bgcolor=#447877] [r=10 c=31 rs=1 cs=1]
              RenderInline {FONT} at (0,0) size 2x10
                RenderText {#text} at (0,0) size 2x10
                  text run at (0,0) width 2: " "
            RenderTableCell {TD} at (240,100) size 8x10 [bgcolor=#044140] [r=10 c=32 rs=1 cs=1]
              RenderInline {FONT} at (0,0) size 2x10
                RenderText {#text} at (0,0) size 2x10
                  text run at (0,0) width 2: " "
            RenderTableCell {TD} at (248,100) size 8x10 [bgcolor=#5E5F60] [r=10 c=33 rs=1 cs=1]
              RenderInline {FONT} at (0,0) size 2x10
                RenderText {#text} at (0,0) size 2x10
                  text run at (0,0) width 2: " "
            RenderTableCell {TD} at (256,100) size 8x10 [bgcolor=#777878] [r=10 c=34 rs=1 cs=1]
              RenderInline {FONT} at (0,0) size 2x10
                RenderText {#text} at (0,0) size 2x10
                  text run at (0,0) width 2: " "
            RenderTableCell {TD} at (264,100) size 8x10 [bgcolor=#B4B4B4] [r=10 c=35 rs=1 cs=1]
              RenderInline {FONT} at (0,0) size 2x10
                RenderText {#text} at (0,0) size 2x10
                  text run at (0,0) width 2: " "
            RenderTableCell {TD} at (272,100) size 8x10 [bgcolor=#E0EAE9] [r=10 c=36 rs=1 cs=1]
              RenderInline {FONT} at (0,0) size 2x10
                RenderText {#text} at (0,0) size 2x10
                  text run at (0,0) width 2: " "
            RenderTableCell {TD} at (280,100) size 8x10 [bgcolor=#EDEEEF] [r=10 c=37 rs=1 cs=1]
              RenderInline {FONT} at (0,0) size 2x10
                RenderText {#text} at (0,0) size 2x10
                  text run at (0,0) width 2: " "
            RenderTableCell {TD} at (288,100) size 8x10 [bgcolor=#A5A6A6] [r=10 c=38 rs=1 cs=1]
              RenderInline {FONT} at (0,0) size 2x10
                RenderText {#text} at (0,0) size 2x10
                  text run at (0,0) width 2: " "
            RenderTableCell {TD} at (296,100) size 8x10 [bgcolor=#848788] [r=10 c=39 rs=1 cs=1]
              RenderInline {FONT} at (0,0) size 2x10
                RenderText {#text} at (0,0) size 2x10
                  text run at (0,0) width 2: " "
            RenderTableCell {TD} at (304,100) size 8x10 [bgcolor=#848788] [r=10 c=40 rs=1 cs=1]
              RenderInline {FONT} at (0,0) size 2x10
                RenderText {#text} at (0,0) size 2x10
                  text run at (0,0) width 2: " "
            RenderTableCell {TD} at (312,100) size 8x10 [bgcolor=#A5A6A6] [r=10 c=41 rs=1 cs=1]
              RenderInline {FONT} at (0,0) size 2x10
                RenderText {#text} at (0,0) size 2x10
                  text run at (0,0) width 2: " "
            RenderTableCell {TD} at (320,100) size 8x10 [bgcolor=#E0EAE9] [r=10 c=42 rs=1 cs=1]
              RenderInline {FONT} at (0,0) size 2x10
                RenderText {#text} at (0,0) size 2x10
                  text run at (0,0) width 2: " "
            RenderTableCell {TD} at (328,100) size 8x10 [bgcolor=#E0EAE9] [r=10 c=43 rs=1 cs=1]
              RenderInline {FONT} at (0,0) size 2x10
                RenderText {#text} at (0,0) size 2x10
                  text run at (0,0) width 2: " "
            RenderTableCell {TD} at (336,100) size 8x10 [bgcolor=#589594] [r=10 c=44 rs=1 cs=1]
              RenderInline {FONT} at (0,0) size 2x10
                RenderText {#text} at (0,0) size 2x10
                  text run at (0,0) width 2: " "
            RenderTableCell {TD} at (344,100) size 8x10 [bgcolor=#026766] [r=10 c=45 rs=1 cs=1]
              RenderInline {FONT} at (0,0) size 2x10
                RenderText {#text} at (0,0) size 2x10
                  text run at (0,0) width 2: " "
            RenderTableCell {TD} at (352,100) size 8x10 [bgcolor=#026766] [r=10 c=46 rs=1 cs=1]
              RenderInline {FONT} at (0,0) size 2x10
                RenderText {#text} at (0,0) size 2x10
                  text run at (0,0) width 2: " "
            RenderTableCell {TD} at (360,100) size 8x10 [bgcolor=#1A6B6A] [r=10 c=47 rs=1 cs=1]
              RenderInline {FONT} at (0,0) size 2x10
                RenderText {#text} at (0,0) size 2x10
                  text run at (0,0) width 2: " "
            RenderTableCell {TD} at (368,100) size 8x10 [bgcolor=#B6D0D1] [r=10 c=48 rs=1 cs=1]
              RenderInline {FONT} at (0,0) size 2x10
                RenderText {#text} at (0,0) size 2x10
                  text run at (0,0) width 2: " "
            RenderTableCell {TD} at (376,100) size 8x10 [bgcolor=#FDFDFB] [r=10 c=49 rs=1 cs=1]
              RenderInline {FONT} at (0,0) size 2x10
                RenderText {#text} at (0,0) size 2x10
                  text run at (0,0) width 2: " "
            RenderTableCell {TD} at (384,100) size 8x10 [bgcolor=#CECFCF] [r=10 c=50 rs=1 cs=1]
              RenderInline {FONT} at (0,0) size 2x10
                RenderText {#text} at (0,0) size 2x10
                  text run at (0,0) width 2: " "
            RenderTableCell {TD} at (392,100) size 8x10 [bgcolor=#CECFCF] [r=10 c=51 rs=1 cs=1]
              RenderInline {FONT} at (0,0) size 2x10
                RenderText {#text} at (0,0) size 2x10
                  text run at (0,0) width 2: " "
            RenderTableCell {TD} at (400,100) size 8x10 [bgcolor=#B4B4B4] [r=10 c=52 rs=1 cs=1]
              RenderInline {FONT} at (0,0) size 2x10
                RenderText {#text} at (0,0) size 2x10
                  text run at (0,0) width 2: " "
            RenderTableCell {TD} at (408,100) size 8x10 [bgcolor=#939494] [r=10 c=53 rs=1 cs=1]
              RenderInline {FONT} at (0,0) size 2x10
                RenderText {#text} at (0,0) size 2x10
                  text run at (0,0) width 2: " "
            RenderTableCell {TD} at (416,100) size 8x10 [bgcolor=#848788] [r=10 c=54 rs=1 cs=1]
              RenderInline {FONT} at (0,0) size 2x10
                RenderText {#text} at (0,0) size 2x10
                  text run at (0,0) width 2: " "
            RenderTableCell {TD} at (424,100) size 8x10 [bgcolor=#A5A6A6] [r=10 c=55 rs=1 cs=1]
              RenderInline {FONT} at (0,0) size 2x10
                RenderText {#text} at (0,0) size 2x10
                  text run at (0,0) width 2: " "
            RenderTableCell {TD} at (432,100) size 8x10 [bgcolor=#FDFDFB] [r=10 c=56 rs=1 cs=1]
              RenderInline {FONT} at (0,0) size 2x10
                RenderText {#text} at (0,0) size 2x10
                  text run at (0,0) width 2: " "
            RenderTableCell {TD} at (440,100) size 8x10 [bgcolor=#EDEEEF] [r=10 c=57 rs=1 cs=1]
              RenderInline {FONT} at (0,0) size 2x10
                RenderText {#text} at (0,0) size 2x10
                  text run at (0,0) width 2: " "
            RenderTableCell {TD} at (448,100) size 8x10 [bgcolor=#B4B4B4] [r=10 c=58 rs=1 cs=1]
              RenderInline {FONT} at (0,0) size 2x10
                RenderText {#text} at (0,0) size 2x10
                  text run at (0,0) width 2: " "
            RenderTableCell {TD} at (456,100) size 8x10 [bgcolor=#939494] [r=10 c=59 rs=1 cs=1]
              RenderInline {FONT} at (0,0) size 2x10
                RenderText {#text} at (0,0) size 2x10
                  text run at (0,0) width 2: " "
            RenderTableCell {TD} at (464,100) size 8x10 [bgcolor=#1B8685] [r=10 c=60 rs=1 cs=1]
              RenderInline {FONT} at (0,0) size 2x10
                RenderText {#text} at (0,0) size 2x10
                  text run at (0,0) width 2: " "
            RenderTableCell {TD} at (472,100) size 8x10 [bgcolor=#027777] [r=10 c=61 rs=1 cs=1]
              RenderInline {FONT} at (0,0) size 2x10
                RenderText {#text} at (0,0) size 2x10
                  text run at (0,0) width 2: " "
            RenderTableCell {TD} at (480,100) size 8x10 [bgcolor=#349392] [r=10 c=62 rs=1 cs=1]
              RenderInline {FONT} at (0,0) size 2x10
                RenderText {#text} at (0,0) size 2x10
                  text run at (0,0) width 2: " "
            RenderTableCell {TD} at (488,100) size 8x10 [bgcolor=#B6D0D1] [r=10 c=63 rs=1 cs=1]
              RenderInline {FONT} at (0,0) size 2x10
                RenderText {#text} at (0,0) size 2x10
                  text run at (0,0) width 2: " "
            RenderTableCell {TD} at (496,100) size 8x10 [bgcolor=#EDEEEF] [r=10 c=64 rs=1 cs=1]
              RenderInline {FONT} at (0,0) size 2x10
                RenderText {#text} at (0,0) size 2x10
                  text run at (0,0) width 2: " "
            RenderTableCell {TD} at (504,100) size 8x10 [bgcolor=#CECFCF] [r=10 c=65 rs=1 cs=1]
              RenderInline {FONT} at (0,0) size 2x10
                RenderText {#text} at (0,0) size 2x10
                  text run at (0,0) width 2: " "
            RenderTableCell {TD} at (512,100) size 8x10 [bgcolor=#939494] [r=10 c=66 rs=1 cs=1]
              RenderInline {FONT} at (0,0) size 2x10
                RenderText {#text} at (0,0) size 2x10
                  text run at (0,0) width 2: " "
            RenderTableCell {TD} at (520,100) size 8x10 [bgcolor=#848788] [r=10 c=67 rs=1 cs=1]
              RenderInline {FONT} at (0,0) size 2x10
                RenderText {#text} at (0,0) size 2x10
                  text run at (0,0) width 2: " "
            RenderTableCell {TD} at (528,100) size 8x10 [bgcolor=#939494] [r=10 c=68 rs=1 cs=1]
              RenderInline {FONT} at (0,0) size 2x10
                RenderText {#text} at (0,0) size 2x10
                  text run at (0,0) width 2: " "
            RenderTableCell {TD} at (536,100) size 8x10 [bgcolor=#CECFCF] [r=10 c=69 rs=1 cs=1]
              RenderInline {FONT} at (0,0) size 2x10
                RenderText {#text} at (0,0) size 2x10
                  text run at (0,0) width 2: " "
            RenderTableCell {TD} at (544,100) size 8x10 [bgcolor=#B6D8D7] [r=10 c=70 rs=1 cs=1]
              RenderInline {FONT} at (0,0) size 2x10
                RenderText {#text} at (0,0) size 2x10
                  text run at (0,0) width 2: " "
            RenderTableCell {TD} at (552,100) size 8x10 [bgcolor=#EDEEEF] [r=10 c=71 rs=1 cs=1]
              RenderInline {FONT} at (0,0) size 2x10
                RenderText {#text} at (0,0) size 2x10
                  text run at (0,0) width 2: " "
            RenderTableCell {TD} at (560,100) size 8x10 [bgcolor=#FDFDFB] [r=10 c=72 rs=1 cs=1]
              RenderInline {FONT} at (0,0) size 2x10
                RenderText {#text} at (0,0) size 2x10
                  text run at (0,0) width 2: " "
            RenderTableCell {TD} at (568,100) size 8x10 [bgcolor=#4D4F4F] [r=10 c=73 rs=1 cs=1]
              RenderInline {FONT} at (0,0) size 2x10
                RenderText {#text} at (0,0) size 2x10
                  text run at (0,0) width 2: " "
            RenderTableCell {TD} at (576,100) size 8x10 [bgcolor=#5E5F60] [r=10 c=74 rs=1 cs=1]
              RenderInline {FONT} at (0,0) size 2x10
                RenderText {#text} at (0,0) size 2x10
                  text run at (0,0) width 2: " "
            RenderTableCell {TD} at (584,100) size 8x10 [bgcolor=#848788] [r=10 c=75 rs=1 cs=1]
              RenderInline {FONT} at (0,0) size 2x10
                RenderText {#text} at (0,0) size 2x10
                  text run at (0,0) width 2: " "
            RenderTableCell {TD} at (592,100) size 8x10 [bgcolor=#939494] [r=10 c=76 rs=1 cs=1]
              RenderInline {FONT} at (0,0) size 2x10
                RenderText {#text} at (0,0) size 2x10
                  text run at (0,0) width 2: " "
            RenderTableCell {TD} at (600,100) size 8x10 [bgcolor=#CECFCF] [r=10 c=77 rs=1 cs=1]
              RenderInline {FONT} at (0,0) size 2x10
                RenderText {#text} at (0,0) size 2x10
                  text run at (0,0) width 2: " "
            RenderTableCell {TD} at (608,100) size 8x10 [bgcolor=#EDEEEF] [r=10 c=78 rs=1 cs=1]
              RenderInline {FONT} at (0,0) size 2x10
                RenderText {#text} at (0,0) size 2x10
                  text run at (0,0) width 2: " "
            RenderTableCell {TD} at (616,100) size 8x10 [bgcolor=#DEDFDF] [r=10 c=79 rs=1 cs=1]
              RenderInline {FONT} at (0,0) size 2x10
                RenderText {#text} at (0,0) size 2x10
                  text run at (0,0) width 2: " "
            RenderTableCell {TD} at (624,100) size 8x10 [bgcolor=#A5A6A6] [r=10 c=80 rs=1 cs=1]
              RenderInline {FONT} at (0,0) size 2x10
                RenderText {#text} at (0,0) size 2x10
                  text run at (0,0) width 2: " "
            RenderTableCell {TD} at (632,100) size 8x10 [bgcolor=#848788] [r=10 c=81 rs=1 cs=1]
              RenderInline {FONT} at (0,0) size 2x10
                RenderText {#text} at (0,0) size 2x10
                  text run at (0,0) width 2: " "
            RenderTableCell {TD} at (640,100) size 8x10 [bgcolor=#939494] [r=10 c=82 rs=1 cs=1]
              RenderInline {FONT} at (0,0) size 2x10
                RenderText {#text} at (0,0) size 2x10
                  text run at (0,0) width 2: " "
            RenderTableCell {TD} at (648,100) size 8x10 [bgcolor=#BEC2C2] [r=10 c=83 rs=1 cs=1]
              RenderInline {FONT} at (0,0) size 2x10
                RenderText {#text} at (0,0) size 2x10
                  text run at (0,0) width 2: " "
            RenderTableCell {TD} at (656,100) size 8x10 [bgcolor=#EDEEEF] [r=10 c=84 rs=1 cs=1]
              RenderInline {FONT} at (0,0) size 2x10
                RenderText {#text} at (0,0) size 2x10
                  text run at (0,0) width 2: " "
            RenderTableCell {TD} at (664,100) size 8x10 [bgcolor=#CADEDD] [r=10 c=85 rs=1 cs=1]
              RenderInline {FONT} at (0,0) size 2x10
                RenderText {#text} at (0,0) size 2x10
                  text run at (0,0) width 2: " "
            RenderTableCell {TD} at (672,100) size 8x10 [bgcolor=#589594] [r=10 c=86 rs=1 cs=1]
              RenderInline {FONT} at (0,0) size 2x10
                RenderText {#text} at (0,0) size 2x10
                  text run at (0,0) width 2: " "
            RenderTableCell {TD} at (680,100) size 8x10 [bgcolor=#026766] [r=10 c=87 rs=1 cs=1]
              RenderInline {FONT} at (0,0) size 2x10
                RenderText {#text} at (0,0) size 2x10
                  text run at (0,0) width 2: " "
            RenderTableCell {TD} at (688,100) size 8x10 [bgcolor=#026766] [r=10 c=88 rs=1 cs=1]
              RenderInline {FONT} at (0,0) size 2x10
                RenderText {#text} at (0,0) size 2x10
                  text run at (0,0) width 2: " "
            RenderTableCell {TD} at (696,100) size 8x10 [bgcolor=#7CAEAF] [r=10 c=89 rs=1 cs=1]
              RenderInline {FONT} at (0,0) size 2x10
                RenderText {#text} at (0,0) size 2x10
                  text run at (0,0) width 2: " "
            RenderTableCell {TD} at (704,100) size 8x10 [bgcolor=#CECFCF] [r=10 c=90 rs=1 cs=1]
              RenderInline {FONT} at (0,0) size 2x10
                RenderText {#text} at (0,0) size 2x10
                  text run at (0,0) width 2: " "
            RenderTableCell {TD} at (712,100) size 8x10 [bgcolor=#FDFDFB] [r=10 c=91 rs=1 cs=1]
              RenderInline {FONT} at (0,0) size 2x10
                RenderText {#text} at (0,0) size 2x10
                  text run at (0,0) width 2: " "
            RenderTableCell {TD} at (720,100) size 8x10 [bgcolor=#FDFDFB] [r=10 c=92 rs=1 cs=1]
              RenderInline {FONT} at (0,0) size 2x10
                RenderText {#text} at (0,0) size 2x10
                  text run at (0,0) width 2: " "
            RenderTableCell {TD} at (728,100) size 8x10 [bgcolor=#BEC2C2] [r=10 c=93 rs=1 cs=1]
              RenderInline {FONT} at (0,0) size 2x10
                RenderText {#text} at (0,0) size 2x10
                  text run at (0,0) width 2: " "
            RenderTableCell {TD} at (736,100) size 8x10 [bgcolor=#B4B4B4] [r=10 c=94 rs=1 cs=1]
              RenderInline {FONT} at (0,0) size 2x10
                RenderText {#text} at (0,0) size 2x10
                  text run at (0,0) width 2: " "
            RenderTableCell {TD} at (744,100) size 8x10 [bgcolor=#696A69] [r=10 c=95 rs=1 cs=1]
              RenderInline {FONT} at (0,0) size 2x10
                RenderText {#text} at (0,0) size 2x10
                  text run at (0,0) width 2: " "
            RenderTableCell {TD} at (752,100) size 8x10 [bgcolor=#696A69] [r=10 c=96 rs=1 cs=1]
              RenderInline {FONT} at (0,0) size 2x10
                RenderText {#text} at (0,0) size 2x10
                  text run at (0,0) width 2: " "
            RenderTableCell {TD} at (760,100) size 8x10 [bgcolor=#848788] [r=10 c=97 rs=1 cs=1]
              RenderInline {FONT} at (0,0) size 2x10
                RenderText {#text} at (0,0) size 2x10
                  text run at (0,0) width 2: " "
            RenderTableCell {TD} at (768,100) size 8x10 [bgcolor=#777878] [r=10 c=98 rs=1 cs=1]
              RenderInline {FONT} at (0,0) size 2x10
                RenderText {#text} at (0,0) size 2x10
                  text run at (0,0) width 2: " "
            RenderTableCell {TD} at (776,100) size 8x10 [bgcolor=#4D4F4F] [r=10 c=99 rs=1 cs=1]
              RenderInline {FONT} at (0,0) size 2x10
                RenderText {#text} at (0,0) size 2x10
                  text run at (0,0) width 2: " "
          RenderTableRow {TR} at (0,110) size 784x10
            RenderTableCell {TD} at (0,110) size 7x10 [bgcolor=#A4CCCC] [r=11 c=0 rs=1 cs=1]
              RenderInline {FONT} at (0,0) size 2x10
                RenderText {#text} at (0,0) size 2x10
                  text run at (0,0) width 2: " "
            RenderTableCell {TD} at (7,110) size 7x10 [bgcolor=#048485] [r=11 c=1 rs=1 cs=1]
              RenderInline {FONT} at (0,0) size 2x10
                RenderText {#text} at (0,0) size 2x10
                  text run at (0,0) width 2: " "
            RenderTableCell {TD} at (14,110) size 7x10 [bgcolor=#7DBAB9] [r=11 c=2 rs=1 cs=1]
              RenderInline {FONT} at (0,0) size 2x10
                RenderText {#text} at (0,0) size 2x10
                  text run at (0,0) width 2: " "
            RenderTableCell {TD} at (21,110) size 7x10 [bgcolor=#FDFDFB] [r=11 c=3 rs=1 cs=1]
              RenderInline {FONT} at (0,0) size 2x10
                RenderText {#text} at (0,0) size 2x10
                  text run at (0,0) width 2: " "
            RenderTableCell {TD} at (28,110) size 7x10 [bgcolor=#CECFCF] [r=11 c=4 rs=1 cs=1]
              RenderInline {FONT} at (0,0) size 2x10
                RenderText {#text} at (0,0) size 2x10
                  text run at (0,0) width 2: " "
            RenderTableCell {TD} at (35,110) size 7x10 [bgcolor=#072323] [r=11 c=5 rs=1 cs=1]
              RenderInline {FONT} at (0,0) size 2x10
                RenderText {#text} at (0,0) size 2x10
                  text run at (0,0) width 2: " "
            RenderTableCell {TD} at (42,110) size 7x10 [bgcolor=#044140] [r=11 c=6 rs=1 cs=1]
              RenderInline {FONT} at (0,0) size 2x10
                RenderText {#text} at (0,0) size 2x10
                  text run at (0,0) width 2: " "
            RenderTableCell {TD} at (49,110) size 7x10 [bgcolor=#044F4F] [r=11 c=7 rs=1 cs=1]
              RenderInline {FONT} at (0,0) size 2x10
                RenderText {#text} at (0,0) size 2x10
                  text run at (0,0) width 2: " "
            RenderTableCell {TD} at (56,110) size 7x10 [bgcolor=#044F4F] [r=11 c=8 rs=1 cs=1]
              RenderInline {FONT} at (0,0) size 2x10
                RenderText {#text} at (0,0) size 2x10
                  text run at (0,0) width 2: " "
            RenderTableCell {TD} at (63,110) size 7x10 [bgcolor=#044F4F] [r=11 c=9 rs=1 cs=1]
              RenderInline {FONT} at (0,0) size 2x10
                RenderText {#text} at (0,0) size 2x10
                  text run at (0,0) width 2: " "
            RenderTableCell {TD} at (70,110) size 7x10 [bgcolor=#A2B5B4] [r=11 c=10 rs=1 cs=1]
              RenderInline {FONT} at (0,0) size 2x10
                RenderText {#text} at (0,0) size 2x10
                  text run at (0,0) width 2: " "
            RenderTableCell {TD} at (77,110) size 7x10 [bgcolor=#BEC2C2] [r=11 c=11 rs=1 cs=1]
              RenderInline {FONT} at (0,0) size 2x10
                RenderText {#text} at (0,0) size 2x10
                  text run at (0,0) width 2: " "
            RenderTableCell {TD} at (84,110) size 7x10 [bgcolor=#647979] [r=11 c=12 rs=1 cs=1]
              RenderInline {FONT} at (0,0) size 2x10
                RenderText {#text} at (0,0) size 2x10
                  text run at (0,0) width 2: " "
            RenderTableCell {TD} at (91,110) size 7x10 [bgcolor=#044140] [r=11 c=13 rs=1 cs=1]
              RenderInline {FONT} at (0,0) size 2x10
                RenderText {#text} at (0,0) size 2x10
                  text run at (0,0) width 2: " "
            RenderTableCell {TD} at (98,110) size 7x10 [bgcolor=#223C3D] [r=11 c=14 rs=1 cs=1]
              RenderInline {FONT} at (0,0) size 2x10
                RenderText {#text} at (0,0) size 2x10
                  text run at (0,0) width 2: " "
            RenderTableCell {TD} at (105,110) size 7x10 [bgcolor=#848788] [r=11 c=15 rs=1 cs=1]
              RenderInline {FONT} at (0,0) size 2x10
                RenderText {#text} at (0,0) size 2x10
                  text run at (0,0) width 2: " "
            RenderTableCell {TD} at (112,110) size 8x10 [bgcolor=#FDFDFB] [r=11 c=16 rs=1 cs=1]
              RenderInline {FONT} at (0,0) size 2x10
                RenderText {#text} at (0,0) size 2x10
                  text run at (0,0) width 2: " "
            RenderTableCell {TD} at (120,110) size 8x10 [bgcolor=#FDFDFB] [r=11 c=17 rs=1 cs=1]
              RenderInline {FONT} at (0,0) size 2x10
                RenderText {#text} at (0,0) size 2x10
                  text run at (0,0) width 2: " "
            RenderTableCell {TD} at (128,110) size 8x10 [bgcolor=#2D3433] [r=11 c=18 rs=1 cs=1]
              RenderInline {FONT} at (0,0) size 2x10
                RenderText {#text} at (0,0) size 2x10
                  text run at (0,0) width 2: " "
            RenderTableCell {TD} at (136,110) size 8x10 [bgcolor=#1E7A79] [r=11 c=19 rs=1 cs=1]
              RenderInline {FONT} at (0,0) size 2x10
                RenderText {#text} at (0,0) size 2x10
                  text run at (0,0) width 2: " "
            RenderTableCell {TD} at (144,110) size 8x10 [bgcolor=#027777] [r=11 c=20 rs=1 cs=1]
              RenderInline {FONT} at (0,0) size 2x10
                RenderText {#text} at (0,0) size 2x10
                  text run at (0,0) width 2: " "
            RenderTableCell {TD} at (152,110) size 8x10 [bgcolor=#A4CCCC] [r=11 c=21 rs=1 cs=1]
              RenderInline {FONT} at (0,0) size 2x10
                RenderText {#text} at (0,0) size 2x10
                  text run at (0,0) width 2: " "
            RenderTableCell {TD} at (160,110) size 8x10 [bgcolor=#DEDFDF] [r=11 c=22 rs=1 cs=1]
              RenderInline {FONT} at (0,0) size 2x10
                RenderText {#text} at (0,0) size 2x10
                  text run at (0,0) width 2: " "
            RenderTableCell {TD} at (168,110) size 8x10 [bgcolor=#848788] [r=11 c=23 rs=1 cs=1]
              RenderInline {FONT} at (0,0) size 2x10
                RenderText {#text} at (0,0) size 2x10
                  text run at (0,0) width 2: " "
            RenderTableCell {TD} at (176,110) size 8x10 [bgcolor=#072323] [r=11 c=24 rs=1 cs=1]
              RenderInline {FONT} at (0,0) size 2x10
                RenderText {#text} at (0,0) size 2x10
                  text run at (0,0) width 2: " "
            RenderTableCell {TD} at (184,110) size 8x10 [bgcolor=#044140] [r=11 c=25 rs=1 cs=1]
              RenderInline {FONT} at (0,0) size 2x10
                RenderText {#text} at (0,0) size 2x10
                  text run at (0,0) width 2: " "
            RenderTableCell {TD} at (192,110) size 8x10 [bgcolor=#044F4F] [r=11 c=26 rs=1 cs=1]
              RenderInline {FONT} at (0,0) size 2x10
                RenderText {#text} at (0,0) size 2x10
                  text run at (0,0) width 2: " "
            RenderTableCell {TD} at (200,110) size 8x10 [bgcolor=#044F4F] [r=11 c=27 rs=1 cs=1]
              RenderInline {FONT} at (0,0) size 2x10
                RenderText {#text} at (0,0) size 2x10
                  text run at (0,0) width 2: " "
            RenderTableCell {TD} at (208,110) size 8x10 [bgcolor=#044F4F] [r=11 c=28 rs=1 cs=1]
              RenderInline {FONT} at (0,0) size 2x10
                RenderText {#text} at (0,0) size 2x10
                  text run at (0,0) width 2: " "
            RenderTableCell {TD} at (216,110) size 8x10 [bgcolor=#A2B5B4] [r=11 c=29 rs=1 cs=1]
              RenderInline {FONT} at (0,0) size 2x10
                RenderText {#text} at (0,0) size 2x10
                  text run at (0,0) width 2: " "
            RenderTableCell {TD} at (224,110) size 8x10 [bgcolor=#FDFDFB] [r=11 c=30 rs=1 cs=1]
              RenderInline {FONT} at (0,0) size 2x10
                RenderText {#text} at (0,0) size 2x10
                  text run at (0,0) width 2: " "
            RenderTableCell {TD} at (232,110) size 8x10 [bgcolor=#A2B5B4] [r=11 c=31 rs=1 cs=1]
              RenderInline {FONT} at (0,0) size 2x10
                RenderText {#text} at (0,0) size 2x10
                  text run at (0,0) width 2: " "
            RenderTableCell {TD} at (240,110) size 8x10 [bgcolor=#083131] [r=11 c=32 rs=1 cs=1]
              RenderInline {FONT} at (0,0) size 2x10
                RenderText {#text} at (0,0) size 2x10
                  text run at (0,0) width 2: " "
            RenderTableCell {TD} at (248,110) size 8x10 [bgcolor=#515C5B] [r=11 c=33 rs=1 cs=1]
              RenderInline {FONT} at (0,0) size 2x10
                RenderText {#text} at (0,0) size 2x10
                  text run at (0,0) width 2: " "
            RenderTableCell {TD} at (256,110) size 8x10 [bgcolor=#848788] [r=11 c=34 rs=1 cs=1]
              RenderInline {FONT} at (0,0) size 2x10
                RenderText {#text} at (0,0) size 2x10
                  text run at (0,0) width 2: " "
            RenderTableCell {TD} at (264,110) size 8x10 [bgcolor=#EDEEEF] [r=11 c=35 rs=1 cs=1]
              RenderInline {FONT} at (0,0) size 2x10
                RenderText {#text} at (0,0) size 2x10
                  text run at (0,0) width 2: " "
            RenderTableCell {TD} at (272,110) size 8x10 [bgcolor=#FDFDFB] [r=11 c=36 rs=1 cs=1]
              RenderInline {FONT} at (0,0) size 2x10
                RenderText {#text} at (0,0) size 2x10
                  text run at (0,0) width 2: " "
            RenderTableCell {TD} at (280,110) size 8x10 [bgcolor=#5E5F60] [r=11 c=37 rs=1 cs=1]
              RenderInline {FONT} at (0,0) size 2x10
                RenderText {#text} at (0,0) size 2x10
                  text run at (0,0) width 2: " "
            RenderTableCell {TD} at (288,110) size 8x10 [bgcolor=#083131] [r=11 c=38 rs=1 cs=1]
              RenderInline {FONT} at (0,0) size 2x10
                RenderText {#text} at (0,0) size 2x10
                  text run at (0,0) width 2: " "
            RenderTableCell {TD} at (296,110) size 8x10 [bgcolor=#044F4F] [r=11 c=39 rs=1 cs=1]
              RenderInline {FONT} at (0,0) size 2x10
                RenderText {#text} at (0,0) size 2x10
                  text run at (0,0) width 2: " "
            RenderTableCell {TD} at (304,110) size 8x10 [bgcolor=#044F4F] [r=11 c=40 rs=1 cs=1]
              RenderInline {FONT} at (0,0) size 2x10
                RenderText {#text} at (0,0) size 2x10
                  text run at (0,0) width 2: " "
            RenderTableCell {TD} at (312,110) size 8x10 [bgcolor=#044F4F] [r=11 c=41 rs=1 cs=1]
              RenderInline {FONT} at (0,0) size 2x10
                RenderText {#text} at (0,0) size 2x10
                  text run at (0,0) width 2: " "
            RenderTableCell {TD} at (320,110) size 8x10 [bgcolor=#396B6A] [r=11 c=42 rs=1 cs=1]
              RenderInline {FONT} at (0,0) size 2x10
                RenderText {#text} at (0,0) size 2x10
                  text run at (0,0) width 2: " "
            RenderTableCell {TD} at (328,110) size 8x10 [bgcolor=#CECFCF] [r=11 c=43 rs=1 cs=1]
              RenderInline {FONT} at (0,0) size 2x10
                RenderText {#text} at (0,0) size 2x10
                  text run at (0,0) width 2: " "
            RenderTableCell {TD} at (336,110) size 8x10 [bgcolor=#A5A6A6] [r=11 c=44 rs=1 cs=1]
              RenderInline {FONT} at (0,0) size 2x10
                RenderText {#text} at (0,0) size 2x10
                  text run at (0,0) width 2: " "
            RenderTableCell {TD} at (344,110) size 8x10 [bgcolor=#1A5C5C] [r=11 c=45 rs=1 cs=1]
              RenderInline {FONT} at (0,0) size 2x10
                RenderText {#text} at (0,0) size 2x10
                  text run at (0,0) width 2: " "
            RenderTableCell {TD} at (352,110) size 8x10 [bgcolor=#026766] [r=11 c=46 rs=1 cs=1]
              RenderInline {FONT} at (0,0) size 2x10
                RenderText {#text} at (0,0) size 2x10
                  text run at (0,0) width 2: " "
            RenderTableCell {TD} at (360,110) size 8x10 [bgcolor=#1A6B6A] [r=11 c=47 rs=1 cs=1]
              RenderInline {FONT} at (0,0) size 2x10
                RenderText {#text} at (0,0) size 2x10
                  text run at (0,0) width 2: " "
            RenderTableCell {TD} at (368,110) size 8x10 [bgcolor=#B6D0D1] [r=11 c=48 rs=1 cs=1]
              RenderInline {FONT} at (0,0) size 2x10
                RenderText {#text} at (0,0) size 2x10
                  text run at (0,0) width 2: " "
            RenderTableCell {TD} at (376,110) size 8x10 [bgcolor=#FDFDFB] [r=11 c=49 rs=1 cs=1]
              RenderInline {FONT} at (0,0) size 2x10
                RenderText {#text} at (0,0) size 2x10
                  text run at (0,0) width 2: " "
            RenderTableCell {TD} at (384,110) size 8x10 [bgcolor=#EDEEEF] [r=11 c=50 rs=1 cs=1]
              RenderInline {FONT} at (0,0) size 2x10
                RenderText {#text} at (0,0) size 2x10
                  text run at (0,0) width 2: " "
            RenderTableCell {TD} at (392,110) size 8x10 [bgcolor=#4D4F4F] [r=11 c=51 rs=1 cs=1]
              RenderInline {FONT} at (0,0) size 2x10
                RenderText {#text} at (0,0) size 2x10
                  text run at (0,0) width 2: " "
            RenderTableCell {TD} at (400,110) size 8x10 [bgcolor=#1C2524] [r=11 c=52 rs=1 cs=1]
              RenderInline {FONT} at (0,0) size 2x10
                RenderText {#text} at (0,0) size 2x10
                  text run at (0,0) width 2: " "
            RenderTableCell {TD} at (408,110) size 8x10 [bgcolor=#3D4242] [r=11 c=53 rs=1 cs=1]
              RenderInline {FONT} at (0,0) size 2x10
                RenderText {#text} at (0,0) size 2x10
                  text run at (0,0) width 2: " "
            RenderTableCell {TD} at (416,110) size 8x10 [bgcolor=#696A69] [r=11 c=54 rs=1 cs=1]
              RenderInline {FONT} at (0,0) size 2x10
                RenderText {#text} at (0,0) size 2x10
                  text run at (0,0) width 2: " "
            RenderTableCell {TD} at (424,110) size 8x10 [bgcolor=#777878] [r=11 c=55 rs=1 cs=1]
              RenderInline {FONT} at (0,0) size 2x10
                RenderText {#text} at (0,0) size 2x10
                  text run at (0,0) width 2: " "
            RenderTableCell {TD} at (432,110) size 8x10 [bgcolor=#B4B4B4] [r=11 c=56 rs=1 cs=1]
              RenderInline {FONT} at (0,0) size 2x10
                RenderText {#text} at (0,0) size 2x10
                  text run at (0,0) width 2: " "
            RenderTableCell {TD} at (440,110) size 8x10 [bgcolor=#FDFDFB] [r=11 c=57 rs=1 cs=1]
              RenderInline {FONT} at (0,0) size 2x10
                RenderText {#text} at (0,0) size 2x10
                  text run at (0,0) width 2: " "
            RenderTableCell {TD} at (448,110) size 8x10 [bgcolor=#EDEEEF] [r=11 c=58 rs=1 cs=1]
              RenderInline {FONT} at (0,0) size 2x10
                RenderText {#text} at (0,0) size 2x10
                  text run at (0,0) width 2: " "
            RenderTableCell {TD} at (456,110) size 8x10 [bgcolor=#696A69] [r=11 c=59 rs=1 cs=1]
              RenderInline {FONT} at (0,0) size 2x10
                RenderText {#text} at (0,0) size 2x10
                  text run at (0,0) width 2: " "
            RenderTableCell {TD} at (464,110) size 8x10 [bgcolor=#1B8685] [r=11 c=60 rs=1 cs=1]
              RenderInline {FONT} at (0,0) size 2x10
                RenderText {#text} at (0,0) size 2x10
                  text run at (0,0) width 2: " "
            RenderTableCell {TD} at (472,110) size 8x10 [bgcolor=#1B8685] [r=11 c=61 rs=1 cs=1]
              RenderInline {FONT} at (0,0) size 2x10
                RenderText {#text} at (0,0) size 2x10
                  text run at (0,0) width 2: " "
            RenderTableCell {TD} at (480,110) size 8x10 [bgcolor=#E0EAE9] [r=11 c=62 rs=1 cs=1]
              RenderInline {FONT} at (0,0) size 2x10
                RenderText {#text} at (0,0) size 2x10
                  text run at (0,0) width 2: " "
            RenderTableCell {TD} at (488,110) size 8x10 [bgcolor=#FDFDFB] [r=11 c=63 rs=1 cs=1]
              RenderInline {FONT} at (0,0) size 2x10
                RenderText {#text} at (0,0) size 2x10
                  text run at (0,0) width 2: " "
            RenderTableCell {TD} at (496,110) size 8x10 [bgcolor=#777878] [r=11 c=64 rs=1 cs=1]
              RenderInline {FONT} at (0,0) size 2x10
                RenderText {#text} at (0,0) size 2x10
                  text run at (0,0) width 2: " "
            RenderTableCell {TD} at (504,110) size 8x10 [bgcolor=#072323] [r=11 c=65 rs=1 cs=1]
              RenderInline {FONT} at (0,0) size 2x10
                RenderText {#text} at (0,0) size 2x10
                  text run at (0,0) width 2: " "
            RenderTableCell {TD} at (512,110) size 8x10 [bgcolor=#044140] [r=11 c=66 rs=1 cs=1]
              RenderInline {FONT} at (0,0) size 2x10
                RenderText {#text} at (0,0) size 2x10
                  text run at (0,0) width 2: " "
            RenderTableCell {TD} at (520,110) size 8x10 [bgcolor=#044F4F] [r=11 c=67 rs=1 cs=1]
              RenderInline {FONT} at (0,0) size 2x10
                RenderText {#text} at (0,0) size 2x10
                  text run at (0,0) width 2: " "
            RenderTableCell {TD} at (528,110) size 8x10 [bgcolor=#044F4F] [r=11 c=68 rs=1 cs=1]
              RenderInline {FONT} at (0,0) size 2x10
                RenderText {#text} at (0,0) size 2x10
                  text run at (0,0) width 2: " "
            RenderTableCell {TD} at (536,110) size 8x10 [bgcolor=#1A5C5C] [r=11 c=69 rs=1 cs=1]
              RenderInline {FONT} at (0,0) size 2x10
                RenderText {#text} at (0,0) size 2x10
                  text run at (0,0) width 2: " "
            RenderTableCell {TD} at (544,110) size 8x10 [bgcolor=#A2B5B4] [r=11 c=70 rs=1 cs=1]
              RenderInline {FONT} at (0,0) size 2x10
                RenderText {#text} at (0,0) size 2x10
                  text run at (0,0) width 2: " "
            RenderTableCell {TD} at (552,110) size 8x10 [bgcolor=#FDFDFB] [r=11 c=71 rs=1 cs=1]
              RenderInline {FONT} at (0,0) size 2x10
                RenderText {#text} at (0,0) size 2x10
                  text run at (0,0) width 2: " "
            RenderTableCell {TD} at (560,110) size 8x10 [bgcolor=#FDFDFB] [r=11 c=72 rs=1 cs=1]
              RenderInline {FONT} at (0,0) size 2x10
                RenderText {#text} at (0,0) size 2x10
                  text run at (0,0) width 2: " "
            RenderTableCell {TD} at (568,110) size 8x10 [bgcolor=#4D4F4F] [r=11 c=73 rs=1 cs=1]
              RenderInline {FONT} at (0,0) size 2x10
                RenderText {#text} at (0,0) size 2x10
                  text run at (0,0) width 2: " "
            RenderTableCell {TD} at (576,110) size 8x10 [bgcolor=#5E5F60] [r=11 c=74 rs=1 cs=1]
              RenderInline {FONT} at (0,0) size 2x10
                RenderText {#text} at (0,0) size 2x10
                  text run at (0,0) width 2: " "
            RenderTableCell {TD} at (584,110) size 8x10 [bgcolor=#848788] [r=11 c=75 rs=1 cs=1]
              RenderInline {FONT} at (0,0) size 2x10
                RenderText {#text} at (0,0) size 2x10
                  text run at (0,0) width 2: " "
            RenderTableCell {TD} at (592,110) size 8x10 [bgcolor=#CECFCF] [r=11 c=76 rs=1 cs=1]
              RenderInline {FONT} at (0,0) size 2x10
                RenderText {#text} at (0,0) size 2x10
                  text run at (0,0) width 2: " "
            RenderTableCell {TD} at (600,110) size 8x10 [bgcolor=#FDFDFB] [r=11 c=77 rs=1 cs=1]
              RenderInline {FONT} at (0,0) size 2x10
                RenderText {#text} at (0,0) size 2x10
                  text run at (0,0) width 2: " "
            RenderTableCell {TD} at (608,110) size 8x10 [bgcolor=#B4B4B4] [r=11 c=78 rs=1 cs=1]
              RenderInline {FONT} at (0,0) size 2x10
                RenderText {#text} at (0,0) size 2x10
                  text run at (0,0) width 2: " "
            RenderTableCell {TD} at (616,110) size 8x10 [bgcolor=#1C2524] [r=11 c=79 rs=1 cs=1]
              RenderInline {FONT} at (0,0) size 2x10
                RenderText {#text} at (0,0) size 2x10
                  text run at (0,0) width 2: " "
            RenderTableCell {TD} at (624,110) size 8x10 [bgcolor=#044140] [r=11 c=80 rs=1 cs=1]
              RenderInline {FONT} at (0,0) size 2x10
                RenderText {#text} at (0,0) size 2x10
                  text run at (0,0) width 2: " "
            RenderTableCell {TD} at (632,110) size 8x10 [bgcolor=#044F4F] [r=11 c=81 rs=1 cs=1]
              RenderInline {FONT} at (0,0) size 2x10
                RenderText {#text} at (0,0) size 2x10
                  text run at (0,0) width 2: " "
            RenderTableCell {TD} at (640,110) size 8x10 [bgcolor=#044F4F] [r=11 c=82 rs=1 cs=1]
              RenderInline {FONT} at (0,0) size 2x10
                RenderText {#text} at (0,0) size 2x10
                  text run at (0,0) width 2: " "
            RenderTableCell {TD} at (648,110) size 8x10 [bgcolor=#044F4F] [r=11 c=83 rs=1 cs=1]
              RenderInline {FONT} at (0,0) size 2x10
                RenderText {#text} at (0,0) size 2x10
                  text run at (0,0) width 2: " "
            RenderTableCell {TD} at (656,110) size 8x10 [bgcolor=#447877] [r=11 c=84 rs=1 cs=1]
              RenderInline {FONT} at (0,0) size 2x10
                RenderText {#text} at (0,0) size 2x10
                  text run at (0,0) width 2: " "
            RenderTableCell {TD} at (664,110) size 8x10 [bgcolor=#EDEEEF] [r=11 c=85 rs=1 cs=1]
              RenderInline {FONT} at (0,0) size 2x10
                RenderText {#text} at (0,0) size 2x10
                  text run at (0,0) width 2: " "
            RenderTableCell {TD} at (672,110) size 8x10 [bgcolor=#FDFDFB] [r=11 c=86 rs=1 cs=1]
              RenderInline {FONT} at (0,0) size 2x10
                RenderText {#text} at (0,0) size 2x10
                  text run at (0,0) width 2: " "
            RenderTableCell {TD} at (680,110) size 8x10 [bgcolor=#5A8787] [r=11 c=87 rs=1 cs=1]
              RenderInline {FONT} at (0,0) size 2x10
                RenderText {#text} at (0,0) size 2x10
                  text run at (0,0) width 2: " "
            RenderTableCell {TD} at (688,110) size 8x10 [bgcolor=#025E5E] [r=11 c=88 rs=1 cs=1]
              RenderInline {FONT} at (0,0) size 2x10
                RenderText {#text} at (0,0) size 2x10
                  text run at (0,0) width 2: " "
            RenderTableCell {TD} at (696,110) size 8x10 [bgcolor=#025E5E] [r=11 c=89 rs=1 cs=1]
              RenderInline {FONT} at (0,0) size 2x10
                RenderText {#text} at (0,0) size 2x10
                  text run at (0,0) width 2: " "
            RenderTableCell {TD} at (704,110) size 8x10 [bgcolor=#396B6A] [r=11 c=90 rs=1 cs=1]
              RenderInline {FONT} at (0,0) size 2x10
                RenderText {#text} at (0,0) size 2x10
                  text run at (0,0) width 2: " "
            RenderTableCell {TD} at (712,110) size 8x10 [bgcolor=#E0EAE9] [r=11 c=91 rs=1 cs=1]
              RenderInline {FONT} at (0,0) size 2x10
                RenderText {#text} at (0,0) size 2x10
                  text run at (0,0) width 2: " "
            RenderTableCell {TD} at (720,110) size 8x10 [bgcolor=#FDFDFB] [r=11 c=92 rs=1 cs=1]
              RenderInline {FONT} at (0,0) size 2x10
                RenderText {#text} at (0,0) size 2x10
                  text run at (0,0) width 2: " "
            RenderTableCell {TD} at (728,110) size 8x10 [bgcolor=#2D3433] [r=11 c=93 rs=1 cs=1]
              RenderInline {FONT} at (0,0) size 2x10
                RenderText {#text} at (0,0) size 2x10
                  text run at (0,0) width 2: " "
            RenderTableCell {TD} at (736,110) size 8x10 [bgcolor=#1C2524] [r=11 c=94 rs=1 cs=1]
              RenderInline {FONT} at (0,0) size 2x10
                RenderText {#text} at (0,0) size 2x10
                  text run at (0,0) width 2: " "
            RenderTableCell {TD} at (744,110) size 8x10 [bgcolor=#3D4242] [r=11 c=95 rs=1 cs=1]
              RenderInline {FONT} at (0,0) size 2x10
                RenderText {#text} at (0,0) size 2x10
                  text run at (0,0) width 2: " "
            RenderTableCell {TD} at (752,110) size 8x10 [bgcolor=#777878] [r=11 c=96 rs=1 cs=1]
              RenderInline {FONT} at (0,0) size 2x10
                RenderText {#text} at (0,0) size 2x10
                  text run at (0,0) width 2: " "
            RenderTableCell {TD} at (760,110) size 8x10 [bgcolor=#848788] [r=11 c=97 rs=1 cs=1]
              RenderInline {FONT} at (0,0) size 2x10
                RenderText {#text} at (0,0) size 2x10
                  text run at (0,0) width 2: " "
            RenderTableCell {TD} at (768,110) size 8x10 [bgcolor=#777878] [r=11 c=98 rs=1 cs=1]
              RenderInline {FONT} at (0,0) size 2x10
                RenderText {#text} at (0,0) size 2x10
                  text run at (0,0) width 2: " "
            RenderTableCell {TD} at (776,110) size 8x10 [bgcolor=#4D4F4F] [r=11 c=99 rs=1 cs=1]
              RenderInline {FONT} at (0,0) size 2x10
                RenderText {#text} at (0,0) size 2x10
                  text run at (0,0) width 2: " "
          RenderTableRow {TR} at (0,120) size 784x10
            RenderTableCell {TD} at (0,120) size 7x10 [bgcolor=#97C1C0] [r=12 c=0 rs=1 cs=1]
              RenderInline {FONT} at (0,0) size 2x10
                RenderText {#text} at (0,0) size 2x10
                  text run at (0,0) width 2: " "
            RenderTableCell {TD} at (7,120) size 7x10 [bgcolor=#027777] [r=12 c=1 rs=1 cs=1]
              RenderInline {FONT} at (0,0) size 2x10
                RenderText {#text} at (0,0) size 2x10
                  text run at (0,0) width 2: " "
            RenderTableCell {TD} at (14,120) size 7x10 [bgcolor=#60A2A3] [r=12 c=2 rs=1 cs=1]
              RenderInline {FONT} at (0,0) size 2x10
                RenderText {#text} at (0,0) size 2x10
                  text run at (0,0) width 2: " "
            RenderTableCell {TD} at (21,120) size 7x10 [bgcolor=#EDEEEF] [r=12 c=3 rs=1 cs=1]
              RenderInline {FONT} at (0,0) size 2x10
                RenderText {#text} at (0,0) size 2x10
                  text run at (0,0) width 2: " "
            RenderTableCell {TD} at (28,120) size 7x10 [bgcolor=#FDFDFB] [r=12 c=4 rs=1 cs=1]
              RenderInline {FONT} at (0,0) size 2x10
                RenderText {#text} at (0,0) size 2x10
                  text run at (0,0) width 2: " "
            RenderTableCell {TD} at (35,120) size 7x10 [bgcolor=#A2B5B4] [r=12 c=5 rs=1 cs=1]
              RenderInline {FONT} at (0,0) size 2x10
                RenderText {#text} at (0,0) size 2x10
                  text run at (0,0) width 2: " "
            RenderTableCell {TD} at (42,120) size 7x10 [bgcolor=#72A3A1] [r=12 c=6 rs=1 cs=1]
              RenderInline {FONT} at (0,0) size 2x10
                RenderText {#text} at (0,0) size 2x10
                  text run at (0,0) width 2: " "
            RenderTableCell {TD} at (49,120) size 7x10 [bgcolor=#469191] [r=12 c=7 rs=1 cs=1]
              RenderInline {FONT} at (0,0) size 2x10
                RenderText {#text} at (0,0) size 2x10
                  text run at (0,0) width 2: " "
            RenderTableCell {TD} at (56,120) size 7x10 [bgcolor=#338686] [r=12 c=8 rs=1 cs=1]
              RenderInline {FONT} at (0,0) size 2x10
                RenderText {#text} at (0,0) size 2x10
                  text run at (0,0) width 2: " "
            RenderTableCell {TD} at (63,120) size 7x10 [bgcolor=#1E7A79] [r=12 c=9 rs=1 cs=1]
              RenderInline {FONT} at (0,0) size 2x10
                RenderText {#text} at (0,0) size 2x10
                  text run at (0,0) width 2: " "
            RenderTableCell {TD} at (70,120) size 7x10 [bgcolor=#1A6B6A] [r=12 c=10 rs=1 cs=1]
              RenderInline {FONT} at (0,0) size 2x10
                RenderText {#text} at (0,0) size 2x10
                  text run at (0,0) width 2: " "
            RenderTableCell {TD} at (77,120) size 7x10 [bgcolor=#044F4F] [r=12 c=11 rs=1 cs=1]
              RenderInline {FONT} at (0,0) size 2x10
                RenderText {#text} at (0,0) size 2x10
                  text run at (0,0) width 2: " "
            RenderTableCell {TD} at (84,120) size 7x10 [bgcolor=#044140] [r=12 c=12 rs=1 cs=1]
              RenderInline {FONT} at (0,0) size 2x10
                RenderText {#text} at (0,0) size 2x10
                  text run at (0,0) width 2: " "
            RenderTableCell {TD} at (91,120) size 7x10 [bgcolor=#044140] [r=12 c=13 rs=1 cs=1]
              RenderInline {FONT} at (0,0) size 2x10
                RenderText {#text} at (0,0) size 2x10
                  text run at (0,0) width 2: " "
            RenderTableCell {TD} at (98,120) size 7x10 [bgcolor=#223C3D] [r=12 c=14 rs=1 cs=1]
              RenderInline {FONT} at (0,0) size 2x10
                RenderText {#text} at (0,0) size 2x10
                  text run at (0,0) width 2: " "
            RenderTableCell {TD} at (105,120) size 7x10 [bgcolor=#848788] [r=12 c=15 rs=1 cs=1]
              RenderInline {FONT} at (0,0) size 2x10
                RenderText {#text} at (0,0) size 2x10
                  text run at (0,0) width 2: " "
            RenderTableCell {TD} at (112,120) size 8x10 [bgcolor=#FDFDFB] [r=12 c=16 rs=1 cs=1]
              RenderInline {FONT} at (0,0) size 2x10
                RenderText {#text} at (0,0) size 2x10
                  text run at (0,0) width 2: " "
            RenderTableCell {TD} at (120,120) size 8x10 [bgcolor=#FDFDFB] [r=12 c=17 rs=1 cs=1]
              RenderInline {FONT} at (0,0) size 2x10
                RenderText {#text} at (0,0) size 2x10
                  text run at (0,0) width 2: " "
            RenderTableCell {TD} at (128,120) size 8x10 [bgcolor=#2D3433] [r=12 c=18 rs=1 cs=1]
              RenderInline {FONT} at (0,0) size 2x10
                RenderText {#text} at (0,0) size 2x10
                  text run at (0,0) width 2: " "
            RenderTableCell {TD} at (136,120) size 8x10 [bgcolor=#1E7A79] [r=12 c=19 rs=1 cs=1]
              RenderInline {FONT} at (0,0) size 2x10
                RenderText {#text} at (0,0) size 2x10
                  text run at (0,0) width 2: " "
            RenderTableCell {TD} at (144,120) size 8x10 [bgcolor=#027777] [r=12 c=20 rs=1 cs=1]
              RenderInline {FONT} at (0,0) size 2x10
                RenderText {#text} at (0,0) size 2x10
                  text run at (0,0) width 2: " "
            RenderTableCell {TD} at (152,120) size 8x10 [bgcolor=#1A6B6A] [r=12 c=21 rs=1 cs=1]
              RenderInline {FONT} at (0,0) size 2x10
                RenderText {#text} at (0,0) size 2x10
                  text run at (0,0) width 2: " "
            RenderTableCell {TD} at (160,120) size 8x10 [bgcolor=#274C4D] [r=12 c=22 rs=1 cs=1]
              RenderInline {FONT} at (0,0) size 2x10
                RenderText {#text} at (0,0) size 2x10
                  text run at (0,0) width 2: " "
            RenderTableCell {TD} at (168,120) size 8x10 [bgcolor=#274C4D] [r=12 c=23 rs=1 cs=1]
              RenderInline {FONT} at (0,0) size 2x10
                RenderText {#text} at (0,0) size 2x10
                  text run at (0,0) width 2: " "
            RenderTableCell {TD} at (176,120) size 8x10 [bgcolor=#287A7A] [r=12 c=24 rs=1 cs=1]
              RenderInline {FONT} at (0,0) size 2x10
                RenderText {#text} at (0,0) size 2x10
                  text run at (0,0) width 2: " "
            RenderTableCell {TD} at (184,120) size 8x10 [bgcolor=#338686] [r=12 c=25 rs=1 cs=1]
              RenderInline {FONT} at (0,0) size 2x10
                RenderText {#text} at (0,0) size 2x10
                  text run at (0,0) width 2: " "
            RenderTableCell {TD} at (192,120) size 8x10 [bgcolor=#338686] [r=12 c=26 rs=1 cs=1]
              RenderInline {FONT} at (0,0) size 2x10
                RenderText {#text} at (0,0) size 2x10
                  text run at (0,0) width 2: " "
            RenderTableCell {TD} at (200,120) size 8x10 [bgcolor=#469191] [r=12 c=27 rs=1 cs=1]
              RenderInline {FONT} at (0,0) size 2x10
                RenderText {#text} at (0,0) size 2x10
                  text run at (0,0) width 2: " "
            RenderTableCell {TD} at (208,120) size 8x10 [bgcolor=#60A2A3] [r=12 c=28 rs=1 cs=1]
              RenderInline {FONT} at (0,0) size 2x10
                RenderText {#text} at (0,0) size 2x10
                  text run at (0,0) width 2: " "
            RenderTableCell {TD} at (216,120) size 8x10 [bgcolor=#CADEDD] [r=12 c=29 rs=1 cs=1]
              RenderInline {FONT} at (0,0) size 2x10
                RenderText {#text} at (0,0) size 2x10
                  text run at (0,0) width 2: " "
            RenderTableCell {TD} at (224,120) size 8x10 [bgcolor=#FDFDFB] [r=12 c=30 rs=1 cs=1]
              RenderInline {FONT} at (0,0) size 2x10
                RenderText {#text} at (0,0) size 2x10
                  text run at (0,0) width 2: " "
            RenderTableCell {TD} at (232,120) size 8x10 [bgcolor=#B4B4B4] [r=12 c=31 rs=1 cs=1]
              RenderInline {FONT} at (0,0) size 2x10
                RenderText {#text} at (0,0) size 2x10
                  text run at (0,0) width 2: " "
            RenderTableCell {TD} at (240,120) size 8x10 [bgcolor=#072323] [r=12 c=32 rs=1 cs=1]
              RenderInline {FONT} at (0,0) size 2x10
                RenderText {#text} at (0,0) size 2x10
                  text run at (0,0) width 2: " "
            RenderTableCell {TD} at (248,120) size 8x10 [bgcolor=#4D4F4F] [r=12 c=33 rs=1 cs=1]
              RenderInline {FONT} at (0,0) size 2x10
                RenderText {#text} at (0,0) size 2x10
                  text run at (0,0) width 2: " "
            RenderTableCell {TD} at (256,120) size 8x10 [bgcolor=#777878] [r=12 c=34 rs=1 cs=1]
              RenderInline {FONT} at (0,0) size 2x10
                RenderText {#text} at (0,0) size 2x10
                  text run at (0,0) width 2: " "
            RenderTableCell {TD} at (264,120) size 8x10 [bgcolor=#CECFCF] [r=12 c=35 rs=1 cs=1]
              RenderInline {FONT} at (0,0) size 2x10
                RenderText {#text} at (0,0) size 2x10
                  text run at (0,0) width 2: " "
            RenderTableCell {TD} at (272,120) size 8x10 [bgcolor=#FDFDFB] [r=12 c=36 rs=1 cs=1]
              RenderInline {FONT} at (0,0) size 2x10
                RenderText {#text} at (0,0) size 2x10
                  text run at (0,0) width 2: " "
            RenderTableCell {TD} at (280,120) size 8x10 [bgcolor=#CECFCF] [r=12 c=37 rs=1 cs=1]
              RenderInline {FONT} at (0,0) size 2x10
                RenderText {#text} at (0,0) size 2x10
                  text run at (0,0) width 2: " "
            RenderTableCell {TD} at (288,120) size 8x10 [bgcolor=#8DB7B6] [r=12 c=38 rs=1 cs=1]
              RenderInline {FONT} at (0,0) size 2x10
                RenderText {#text} at (0,0) size 2x10
                  text run at (0,0) width 2: " "
            RenderTableCell {TD} at (296,120) size 8x10 [bgcolor=#589594] [r=12 c=39 rs=1 cs=1]
              RenderInline {FONT} at (0,0) size 2x10
                RenderText {#text} at (0,0) size 2x10
                  text run at (0,0) width 2: " "
            RenderTableCell {TD} at (304,120) size 8x10 [bgcolor=#338686] [r=12 c=40 rs=1 cs=1]
              RenderInline {FONT} at (0,0) size 2x10
                RenderText {#text} at (0,0) size 2x10
                  text run at (0,0) width 2: " "
            RenderTableCell {TD} at (312,120) size 8x10 [bgcolor=#287A7A] [r=12 c=41 rs=1 cs=1]
              RenderInline {FONT} at (0,0) size 2x10
                RenderText {#text} at (0,0) size 2x10
                  text run at (0,0) width 2: " "
            RenderTableCell {TD} at (320,120) size 8x10 [bgcolor=#1E7A79] [r=12 c=42 rs=1 cs=1]
              RenderInline {FONT} at (0,0) size 2x10
                RenderText {#text} at (0,0) size 2x10
                  text run at (0,0) width 2: " "
            RenderTableCell {TD} at (328,120) size 8x10 [bgcolor=#1A5C5C] [r=12 c=43 rs=1 cs=1]
              RenderInline {FONT} at (0,0) size 2x10
                RenderText {#text} at (0,0) size 2x10
                  text run at (0,0) width 2: " "
            RenderTableCell {TD} at (336,120) size 8x10 [bgcolor=#044F4F] [r=12 c=44 rs=1 cs=1]
              RenderInline {FONT} at (0,0) size 2x10
                RenderText {#text} at (0,0) size 2x10
                  text run at (0,0) width 2: " "
            RenderTableCell {TD} at (344,120) size 8x10 [bgcolor=#044F4F] [r=12 c=45 rs=1 cs=1]
              RenderInline {FONT} at (0,0) size 2x10
                RenderText {#text} at (0,0) size 2x10
                  text run at (0,0) width 2: " "
            RenderTableCell {TD} at (352,120) size 8x10 [bgcolor=#026766] [r=12 c=46 rs=1 cs=1]
              RenderInline {FONT} at (0,0) size 2x10
                RenderText {#text} at (0,0) size 2x10
                  text run at (0,0) width 2: " "
            RenderTableCell {TD} at (360,120) size 8x10 [bgcolor=#1A6B6A] [r=12 c=47 rs=1 cs=1]
              RenderInline {FONT} at (0,0) size 2x10
                RenderText {#text} at (0,0) size 2x10
                  text run at (0,0) width 2: " "
            RenderTableCell {TD} at (368,120) size 8x10 [bgcolor=#B6D0D1] [r=12 c=48 rs=1 cs=1]
              RenderInline {FONT} at (0,0) size 2x10
                RenderText {#text} at (0,0) size 2x10
                  text run at (0,0) width 2: " "
            RenderTableCell {TD} at (376,120) size 8x10 [bgcolor=#FDFDFB] [r=12 c=49 rs=1 cs=1]
              RenderInline {FONT} at (0,0) size 2x10
                RenderText {#text} at (0,0) size 2x10
                  text run at (0,0) width 2: " "
            RenderTableCell {TD} at (384,120) size 8x10 [bgcolor=#A5A6A6] [r=12 c=50 rs=1 cs=1]
              RenderInline {FONT} at (0,0) size 2x10
                RenderText {#text} at (0,0) size 2x10
                  text run at (0,0) width 2: " "
            RenderTableCell {TD} at (392,120) size 8x10 [bgcolor=#072323] [r=12 c=51 rs=1 cs=1]
              RenderInline {FONT} at (0,0) size 2x10
                RenderText {#text} at (0,0) size 2x10
                  text run at (0,0) width 2: " "
            RenderTableCell {TD} at (400,120) size 8x10 [bgcolor=#3D4242] [r=12 c=52 rs=1 cs=1]
              RenderInline {FONT} at (0,0) size 2x10
                RenderText {#text} at (0,0) size 2x10
                  text run at (0,0) width 2: " "
            RenderTableCell {TD} at (408,120) size 8x10 [bgcolor=#696A69] [r=12 c=53 rs=1 cs=1]
              RenderInline {FONT} at (0,0) size 2x10
                RenderText {#text} at (0,0) size 2x10
                  text run at (0,0) width 2: " "
            RenderTableCell {TD} at (416,120) size 8x10 [bgcolor=#848788] [r=12 c=54 rs=1 cs=1]
              RenderInline {FONT} at (0,0) size 2x10
                RenderText {#text} at (0,0) size 2x10
                  text run at (0,0) width 2: " "
            RenderTableCell {TD} at (424,120) size 8x10 [bgcolor=#939494] [r=12 c=55 rs=1 cs=1]
              RenderInline {FONT} at (0,0) size 2x10
                RenderText {#text} at (0,0) size 2x10
                  text run at (0,0) width 2: " "
            RenderTableCell {TD} at (432,120) size 8x10 [bgcolor=#B4B4B4] [r=12 c=56 rs=1 cs=1]
              RenderInline {FONT} at (0,0) size 2x10
                RenderText {#text} at (0,0) size 2x10
                  text run at (0,0) width 2: " "
            RenderTableCell {TD} at (440,120) size 8x10 [bgcolor=#FDFDFB] [r=12 c=57 rs=1 cs=1]
              RenderInline {FONT} at (0,0) size 2x10
                RenderText {#text} at (0,0) size 2x10
                  text run at (0,0) width 2: " "
            RenderTableCell {TD} at (448,120) size 8x10 [bgcolor=#FDFDFB] [r=12 c=58 rs=1 cs=1]
              RenderInline {FONT} at (0,0) size 2x10
                RenderText {#text} at (0,0) size 2x10
                  text run at (0,0) width 2: " "
            RenderTableCell {TD} at (456,120) size 8x10 [bgcolor=#2D3433] [r=12 c=59 rs=1 cs=1]
              RenderInline {FONT} at (0,0) size 2x10
                RenderText {#text} at (0,0) size 2x10
                  text run at (0,0) width 2: " "
            RenderTableCell {TD} at (464,120) size 8x10 [bgcolor=#1E7A79] [r=12 c=60 rs=1 cs=1]
              RenderInline {FONT} at (0,0) size 2x10
                RenderText {#text} at (0,0) size 2x10
                  text run at (0,0) width 2: " "
            RenderTableCell {TD} at (472,120) size 8x10 [bgcolor=#66BABC] [r=12 c=61 rs=1 cs=1]
              RenderInline {FONT} at (0,0) size 2x10
                RenderText {#text} at (0,0) size 2x10
                  text run at (0,0) width 2: " "
            RenderTableCell {TD} at (480,120) size 8x10 [bgcolor=#FDFDFB] [r=12 c=62 rs=1 cs=1]
              RenderInline {FONT} at (0,0) size 2x10
                RenderText {#text} at (0,0) size 2x10
                  text run at (0,0) width 2: " "
            RenderTableCell {TD} at (488,120) size 8x10 [bgcolor=#DEDFDF] [r=12 c=63 rs=1 cs=1]
              RenderInline {FONT} at (0,0) size 2x10
                RenderText {#text} at (0,0) size 2x10
                  text run at (0,0) width 2: " "
            RenderTableCell {TD} at (496,120) size 8x10 [bgcolor=#072323] [r=12 c=64 rs=1 cs=1]
              RenderInline {FONT} at (0,0) size 2x10
                RenderText {#text} at (0,0) size 2x10
                  text run at (0,0) width 2: " "
            RenderTableCell {TD} at (504,120) size 8x10 [bgcolor=#025E5E] [r=12 c=65 rs=1 cs=1]
              RenderInline {FONT} at (0,0) size 2x10
                RenderText {#text} at (0,0) size 2x10
                  text run at (0,0) width 2: " "
            RenderTableCell {TD} at (512,120) size 8x10 [bgcolor=#026766] [r=12 c=66 rs=1 cs=1]
              RenderInline {FONT} at (0,0) size 2x10
                RenderText {#text} at (0,0) size 2x10
                  text run at (0,0) width 2: " "
            RenderTableCell {TD} at (520,120) size 8x10 [bgcolor=#026766] [r=12 c=67 rs=1 cs=1]
              RenderInline {FONT} at (0,0) size 2x10
                RenderText {#text} at (0,0) size 2x10
                  text run at (0,0) width 2: " "
            RenderTableCell {TD} at (528,120) size 8x10 [bgcolor=#026766] [r=12 c=68 rs=1 cs=1]
              RenderInline {FONT} at (0,0) size 2x10
                RenderText {#text} at (0,0) size 2x10
                  text run at (0,0) width 2: " "
            RenderTableCell {TD} at (536,120) size 8x10 [bgcolor=#026766] [r=12 c=69 rs=1 cs=1]
              RenderInline {FONT} at (0,0) size 2x10
                RenderText {#text} at (0,0) size 2x10
                  text run at (0,0) width 2: " "
            RenderTableCell {TD} at (544,120) size 8x10 [bgcolor=#287A7A] [r=12 c=70 rs=1 cs=1]
              RenderInline {FONT} at (0,0) size 2x10
                RenderText {#text} at (0,0) size 2x10
                  text run at (0,0) width 2: " "
            RenderTableCell {TD} at (552,120) size 8x10 [bgcolor=#EDEEEF] [r=12 c=71 rs=1 cs=1]
              RenderInline {FONT} at (0,0) size 2x10
                RenderText {#text} at (0,0) size 2x10
                  text run at (0,0) width 2: " "
            RenderTableCell {TD} at (560,120) size 8x10 [bgcolor=#FDFDFB] [r=12 c=72 rs=1 cs=1]
              RenderInline {FONT} at (0,0) size 2x10
                RenderText {#text} at (0,0) size 2x10
                  text run at (0,0) width 2: " "
            RenderTableCell {TD} at (568,120) size 8x10 [bgcolor=#4D4F4F] [r=12 c=73 rs=1 cs=1]
              RenderInline {FONT} at (0,0) size 2x10
                RenderText {#text} at (0,0) size 2x10
                  text run at (0,0) width 2: " "
            RenderTableCell {TD} at (576,120) size 8x10 [bgcolor=#5E5F60] [r=12 c=74 rs=1 cs=1]
              RenderInline {FONT} at (0,0) size 2x10
                RenderText {#text} at (0,0) size 2x10
                  text run at (0,0) width 2: " "
            RenderTableCell {TD} at (584,120) size 8x10 [bgcolor=#91A3A3] [r=12 c=75 rs=1 cs=1]
              RenderInline {FONT} at (0,0) size 2x10
                RenderText {#text} at (0,0) size 2x10
                  text run at (0,0) width 2: " "
            RenderTableCell {TD} at (592,120) size 8x10 [bgcolor=#FDFDFB] [r=12 c=76 rs=1 cs=1]
              RenderInline {FONT} at (0,0) size 2x10
                RenderText {#text} at (0,0) size 2x10
                  text run at (0,0) width 2: " "
            RenderTableCell {TD} at (600,120) size 8x10 [bgcolor=#DEDFDF] [r=12 c=77 rs=1 cs=1]
              RenderInline {FONT} at (0,0) size 2x10
                RenderText {#text} at (0,0) size 2x10
                  text run at (0,0) width 2: " "
            RenderTableCell {TD} at (608,120) size 8x10 [bgcolor=#3D4242] [r=12 c=78 rs=1 cs=1]
              RenderInline {FONT} at (0,0) size 2x10
                RenderText {#text} at (0,0) size 2x10
                  text run at (0,0) width 2: " "
            RenderTableCell {TD} at (616,120) size 8x10 [bgcolor=#025E5E] [r=12 c=79 rs=1 cs=1]
              RenderInline {FONT} at (0,0) size 2x10
                RenderText {#text} at (0,0) size 2x10
                  text run at (0,0) width 2: " "
            RenderTableCell {TD} at (624,120) size 8x10 [bgcolor=#026766] [r=12 c=80 rs=1 cs=1]
              RenderInline {FONT} at (0,0) size 2x10
                RenderText {#text} at (0,0) size 2x10
                  text run at (0,0) width 2: " "
            RenderTableCell {TD} at (632,120) size 8x10 [bgcolor=#026766] [r=12 c=81 rs=1 cs=1]
              RenderInline {FONT} at (0,0) size 2x10
                RenderText {#text} at (0,0) size 2x10
                  text run at (0,0) width 2: " "
            RenderTableCell {TD} at (640,120) size 8x10 [bgcolor=#026766] [r=12 c=82 rs=1 cs=1]
              RenderInline {FONT} at (0,0) size 2x10
                RenderText {#text} at (0,0) size 2x10
                  text run at (0,0) width 2: " "
            RenderTableCell {TD} at (648,120) size 8x10 [bgcolor=#026766] [r=12 c=83 rs=1 cs=1]
              RenderInline {FONT} at (0,0) size 2x10
                RenderText {#text} at (0,0) size 2x10
                  text run at (0,0) width 2: " "
            RenderTableCell {TD} at (656,120) size 8x10 [bgcolor=#026766] [r=12 c=84 rs=1 cs=1]
              RenderInline {FONT} at (0,0) size 2x10
                RenderText {#text} at (0,0) size 2x10
                  text run at (0,0) width 2: " "
            RenderTableCell {TD} at (664,120) size 8x10 [bgcolor=#7CAEAF] [r=12 c=85 rs=1 cs=1]
              RenderInline {FONT} at (0,0) size 2x10
                RenderText {#text} at (0,0) size 2x10
                  text run at (0,0) width 2: " "
            RenderTableCell {TD} at (672,120) size 8x10 [bgcolor=#FDFDFB] [r=12 c=86 rs=1 cs=1]
              RenderInline {FONT} at (0,0) size 2x10
                RenderText {#text} at (0,0) size 2x10
                  text run at (0,0) width 2: " "
            RenderTableCell {TD} at (680,120) size 8x10 [bgcolor=#BEC2C2] [r=12 c=87 rs=1 cs=1]
              RenderInline {FONT} at (0,0) size 2x10
                RenderText {#text} at (0,0) size 2x10
                  text run at (0,0) width 2: " "
            RenderTableCell {TD} at (688,120) size 8x10 [bgcolor=#1A5C5C] [r=12 c=88 rs=1 cs=1]
              RenderInline {FONT} at (0,0) size 2x10
                RenderText {#text} at (0,0) size 2x10
                  text run at (0,0) width 2: " "
            RenderTableCell {TD} at (696,120) size 8x10 [bgcolor=#026766] [r=12 c=89 rs=1 cs=1]
              RenderInline {FONT} at (0,0) size 2x10
                RenderText {#text} at (0,0) size 2x10
                  text run at (0,0) width 2: " "
            RenderTableCell {TD} at (704,120) size 8x10 [bgcolor=#338686] [r=12 c=90 rs=1 cs=1]
              RenderInline {FONT} at (0,0) size 2x10
                RenderText {#text} at (0,0) size 2x10
                  text run at (0,0) width 2: " "
            RenderTableCell {TD} at (712,120) size 8x10 [bgcolor=#EDEEEF] [r=12 c=91 rs=1 cs=1]
              RenderInline {FONT} at (0,0) size 2x10
                RenderText {#text} at (0,0) size 2x10
                  text run at (0,0) width 2: " "
            RenderTableCell {TD} at (720,120) size 8x10 [bgcolor=#FDFDFB] [r=12 c=92 rs=1 cs=1]
              RenderInline {FONT} at (0,0) size 2x10
                RenderText {#text} at (0,0) size 2x10
                  text run at (0,0) width 2: " "
            RenderTableCell {TD} at (728,120) size 8x10 [bgcolor=#2D3433] [r=12 c=93 rs=1 cs=1]
              RenderInline {FONT} at (0,0) size 2x10
                RenderText {#text} at (0,0) size 2x10
                  text run at (0,0) width 2: " "
            RenderTableCell {TD} at (736,120) size 8x10 [bgcolor=#223C3D] [r=12 c=94 rs=1 cs=1]
              RenderInline {FONT} at (0,0) size 2x10
                RenderText {#text} at (0,0) size 2x10
                  text run at (0,0) width 2: " "
            RenderTableCell {TD} at (744,120) size 8x10 [bgcolor=#5E5F60] [r=12 c=95 rs=1 cs=1]
              RenderInline {FONT} at (0,0) size 2x10
                RenderText {#text} at (0,0) size 2x10
                  text run at (0,0) width 2: " "
            RenderTableCell {TD} at (752,120) size 8x10 [bgcolor=#777878] [r=12 c=96 rs=1 cs=1]
              RenderInline {FONT} at (0,0) size 2x10
                RenderText {#text} at (0,0) size 2x10
                  text run at (0,0) width 2: " "
            RenderTableCell {TD} at (760,120) size 8x10 [bgcolor=#848788] [r=12 c=97 rs=1 cs=1]
              RenderInline {FONT} at (0,0) size 2x10
                RenderText {#text} at (0,0) size 2x10
                  text run at (0,0) width 2: " "
            RenderTableCell {TD} at (768,120) size 8x10 [bgcolor=#777878] [r=12 c=98 rs=1 cs=1]
              RenderInline {FONT} at (0,0) size 2x10
                RenderText {#text} at (0,0) size 2x10
                  text run at (0,0) width 2: " "
            RenderTableCell {TD} at (776,120) size 8x10 [bgcolor=#4D4F4F] [r=12 c=99 rs=1 cs=1]
              RenderInline {FONT} at (0,0) size 2x10
                RenderText {#text} at (0,0) size 2x10
                  text run at (0,0) width 2: " "
          RenderTableRow {TR} at (0,130) size 784x10
            RenderTableCell {TD} at (0,130) size 7x10 [bgcolor=#97C1C0] [r=13 c=0 rs=1 cs=1]
              RenderInline {FONT} at (0,0) size 2x10
                RenderText {#text} at (0,0) size 2x10
                  text run at (0,0) width 2: " "
            RenderTableCell {TD} at (7,130) size 7x10 [bgcolor=#027777] [r=13 c=1 rs=1 cs=1]
              RenderInline {FONT} at (0,0) size 2x10
                RenderText {#text} at (0,0) size 2x10
                  text run at (0,0) width 2: " "
            RenderTableCell {TD} at (14,130) size 7x10 [bgcolor=#027777] [r=13 c=2 rs=1 cs=1]
              RenderInline {FONT} at (0,0) size 2x10
                RenderText {#text} at (0,0) size 2x10
                  text run at (0,0) width 2: " "
            RenderTableCell {TD} at (21,130) size 7x10 [bgcolor=#447877] [r=13 c=3 rs=1 cs=1]
              RenderInline {FONT} at (0,0) size 2x10
                RenderText {#text} at (0,0) size 2x10
                  text run at (0,0) width 2: " "
            RenderTableCell {TD} at (28,130) size 7x10 [bgcolor=#939494] [r=13 c=4 rs=1 cs=1]
              RenderInline {FONT} at (0,0) size 2x10
                RenderText {#text} at (0,0) size 2x10
                  text run at (0,0) width 2: " "
            RenderTableCell {TD} at (35,130) size 7x10 [bgcolor=#CECFCF] [r=13 c=5 rs=1 cs=1]
              RenderInline {FONT} at (0,0) size 2x10
                RenderText {#text} at (0,0) size 2x10
                  text run at (0,0) width 2: " "
            RenderTableCell {TD} at (42,130) size 7x10 [bgcolor=#EDEEEF] [r=13 c=6 rs=1 cs=1]
              RenderInline {FONT} at (0,0) size 2x10
                RenderText {#text} at (0,0) size 2x10
                  text run at (0,0) width 2: " "
            RenderTableCell {TD} at (49,130) size 7x10 [bgcolor=#FDFDFB] [r=13 c=7 rs=1 cs=1]
              RenderInline {FONT} at (0,0) size 2x10
                RenderText {#text} at (0,0) size 2x10
                  text run at (0,0) width 2: " "
            RenderTableCell {TD} at (56,130) size 7x10 [bgcolor=#E0EAE9] [r=13 c=8 rs=1 cs=1]
              RenderInline {FONT} at (0,0) size 2x10
                RenderText {#text} at (0,0) size 2x10
                  text run at (0,0) width 2: " "
            RenderTableCell {TD} at (63,130) size 7x10 [bgcolor=#CADEDD] [r=13 c=9 rs=1 cs=1]
              RenderInline {FONT} at (0,0) size 2x10
                RenderText {#text} at (0,0) size 2x10
                  text run at (0,0) width 2: " "
            RenderTableCell {TD} at (70,130) size 7x10 [bgcolor=#B6D0D1] [r=13 c=10 rs=1 cs=1]
              RenderInline {FONT} at (0,0) size 2x10
                RenderText {#text} at (0,0) size 2x10
                  text run at (0,0) width 2: " "
            RenderTableCell {TD} at (77,130) size 7x10 [bgcolor=#7CAEAF] [r=13 c=11 rs=1 cs=1]
              RenderInline {FONT} at (0,0) size 2x10
                RenderText {#text} at (0,0) size 2x10
                  text run at (0,0) width 2: " "
            RenderTableCell {TD} at (84,130) size 7x10 [bgcolor=#1A6B6A] [r=13 c=12 rs=1 cs=1]
              RenderInline {FONT} at (0,0) size 2x10
                RenderText {#text} at (0,0) size 2x10
                  text run at (0,0) width 2: " "
            RenderTableCell {TD} at (91,130) size 7x10 [bgcolor=#044140] [r=13 c=13 rs=1 cs=1]
              RenderInline {FONT} at (0,0) size 2x10
                RenderText {#text} at (0,0) size 2x10
                  text run at (0,0) width 2: " "
            RenderTableCell {TD} at (98,130) size 7x10 [bgcolor=#223C3D] [r=13 c=14 rs=1 cs=1]
              RenderInline {FONT} at (0,0) size 2x10
                RenderText {#text} at (0,0) size 2x10
                  text run at (0,0) width 2: " "
            RenderTableCell {TD} at (105,130) size 7x10 [bgcolor=#848788] [r=13 c=15 rs=1 cs=1]
              RenderInline {FONT} at (0,0) size 2x10
                RenderText {#text} at (0,0) size 2x10
                  text run at (0,0) width 2: " "
            RenderTableCell {TD} at (112,130) size 8x10 [bgcolor=#FDFDFB] [r=13 c=16 rs=1 cs=1]
              RenderInline {FONT} at (0,0) size 2x10
                RenderText {#text} at (0,0) size 2x10
                  text run at (0,0) width 2: " "
            RenderTableCell {TD} at (120,130) size 8x10 [bgcolor=#FDFDFB] [r=13 c=17 rs=1 cs=1]
              RenderInline {FONT} at (0,0) size 2x10
                RenderText {#text} at (0,0) size 2x10
                  text run at (0,0) width 2: " "
            RenderTableCell {TD} at (128,130) size 8x10 [bgcolor=#2D3433] [r=13 c=18 rs=1 cs=1]
              RenderInline {FONT} at (0,0) size 2x10
                RenderText {#text} at (0,0) size 2x10
                  text run at (0,0) width 2: " "
            RenderTableCell {TD} at (136,130) size 8x10 [bgcolor=#1E7A79] [r=13 c=19 rs=1 cs=1]
              RenderInline {FONT} at (0,0) size 2x10
                RenderText {#text} at (0,0) size 2x10
                  text run at (0,0) width 2: " "
            RenderTableCell {TD} at (144,130) size 8x10 [bgcolor=#027777] [r=13 c=20 rs=1 cs=1]
              RenderInline {FONT} at (0,0) size 2x10
                RenderText {#text} at (0,0) size 2x10
                  text run at (0,0) width 2: " "
            RenderTableCell {TD} at (152,130) size 8x10 [bgcolor=#338686] [r=13 c=21 rs=1 cs=1]
              RenderInline {FONT} at (0,0) size 2x10
                RenderText {#text} at (0,0) size 2x10
                  text run at (0,0) width 2: " "
            RenderTableCell {TD} at (160,130) size 8x10 [bgcolor=#97C1C0] [r=13 c=22 rs=1 cs=1]
              RenderInline {FONT} at (0,0) size 2x10
                RenderText {#text} at (0,0) size 2x10
                  text run at (0,0) width 2: " "
            RenderTableCell {TD} at (168,130) size 8x10 [bgcolor=#CADEDD] [r=13 c=23 rs=1 cs=1]
              RenderInline {FONT} at (0,0) size 2x10
                RenderText {#text} at (0,0) size 2x10
                  text run at (0,0) width 2: " "
            RenderTableCell {TD} at (176,130) size 8x10 [bgcolor=#E0EAE9] [r=13 c=24 rs=1 cs=1]
              RenderInline {FONT} at (0,0) size 2x10
                RenderText {#text} at (0,0) size 2x10
                  text run at (0,0) width 2: " "
            RenderTableCell {TD} at (184,130) size 8x10 [bgcolor=#E0EAE9] [r=13 c=25 rs=1 cs=1]
              RenderInline {FONT} at (0,0) size 2x10
                RenderText {#text} at (0,0) size 2x10
                  text run at (0,0) width 2: " "
            RenderTableCell {TD} at (192,130) size 8x10 [bgcolor=#DEDFDF] [r=13 c=26 rs=1 cs=1]
              RenderInline {FONT} at (0,0) size 2x10
                RenderText {#text} at (0,0) size 2x10
                  text run at (0,0) width 2: " "
            RenderTableCell {TD} at (200,130) size 8x10 [bgcolor=#CECFCF] [r=13 c=27 rs=1 cs=1]
              RenderInline {FONT} at (0,0) size 2x10
                RenderText {#text} at (0,0) size 2x10
                  text run at (0,0) width 2: " "
            RenderTableCell {TD} at (208,130) size 8x10 [bgcolor=#B4B4B4] [r=13 c=28 rs=1 cs=1]
              RenderInline {FONT} at (0,0) size 2x10
                RenderText {#text} at (0,0) size 2x10
                  text run at (0,0) width 2: " "
            RenderTableCell {TD} at (216,130) size 8x10 [bgcolor=#CECFCF] [r=13 c=29 rs=1 cs=1]
              RenderInline {FONT} at (0,0) size 2x10
                RenderText {#text} at (0,0) size 2x10
                  text run at (0,0) width 2: " "
            RenderTableCell {TD} at (224,130) size 8x10 [bgcolor=#FDFDFB] [r=13 c=30 rs=1 cs=1]
              RenderInline {FONT} at (0,0) size 2x10
                RenderText {#text} at (0,0) size 2x10
                  text run at (0,0) width 2: " "
            RenderTableCell {TD} at (232,130) size 8x10 [bgcolor=#B4B4B4] [r=13 c=31 rs=1 cs=1]
              RenderInline {FONT} at (0,0) size 2x10
                RenderText {#text} at (0,0) size 2x10
                  text run at (0,0) width 2: " "
            RenderTableCell {TD} at (240,130) size 8x10 [bgcolor=#072323] [r=13 c=32 rs=1 cs=1]
              RenderInline {FONT} at (0,0) size 2x10
                RenderText {#text} at (0,0) size 2x10
                  text run at (0,0) width 2: " "
            RenderTableCell {TD} at (248,130) size 8x10 [bgcolor=#4D4F4F] [r=13 c=33 rs=1 cs=1]
              RenderInline {FONT} at (0,0) size 2x10
                RenderText {#text} at (0,0) size 2x10
                  text run at (0,0) width 2: " "
            RenderTableCell {TD} at (256,130) size 8x10 [bgcolor=#696A69] [r=13 c=34 rs=1 cs=1]
              RenderInline {FONT} at (0,0) size 2x10
                RenderText {#text} at (0,0) size 2x10
                  text run at (0,0) width 2: " "
            RenderTableCell {TD} at (264,130) size 8x10 [bgcolor=#848788] [r=13 c=35 rs=1 cs=1]
              RenderInline {FONT} at (0,0) size 2x10
                RenderText {#text} at (0,0) size 2x10
                  text run at (0,0) width 2: " "
            RenderTableCell {TD} at (272,130) size 8x10 [bgcolor=#7B918F] [r=13 c=36 rs=1 cs=1]
              RenderInline {FONT} at (0,0) size 2x10
                RenderText {#text} at (0,0) size 2x10
                  text run at (0,0) width 2: " "
            RenderTableCell {TD} at (280,130) size 8x10 [bgcolor=#B4B4B4] [r=13 c=37 rs=1 cs=1]
              RenderInline {FONT} at (0,0) size 2x10
                RenderText {#text} at (0,0) size 2x10
                  text run at (0,0) width 2: " "
            RenderTableCell {TD} at (288,130) size 8x10 [bgcolor=#DEDFDF] [r=13 c=38 rs=1 cs=1]
              RenderInline {FONT} at (0,0) size 2x10
                RenderText {#text} at (0,0) size 2x10
                  text run at (0,0) width 2: " "
            RenderTableCell {TD} at (296,130) size 8x10 [bgcolor=#FDFDFB] [r=13 c=39 rs=1 cs=1]
              RenderInline {FONT} at (0,0) size 2x10
                RenderText {#text} at (0,0) size 2x10
                  text run at (0,0) width 2: " "
            RenderTableCell {TD} at (304,130) size 8x10 [bgcolor=#EDEEEF] [r=13 c=40 rs=1 cs=1]
              RenderInline {FONT} at (0,0) size 2x10
                RenderText {#text} at (0,0) size 2x10
                  text run at (0,0) width 2: " "
            RenderTableCell {TD} at (312,130) size 8x10 [bgcolor=#E0EAE9] [r=13 c=41 rs=1 cs=1]
              RenderInline {FONT} at (0,0) size 2x10
                RenderText {#text} at (0,0) size 2x10
                  text run at (0,0) width 2: " "
            RenderTableCell {TD} at (320,130) size 8x10 [bgcolor=#CADEDD] [r=13 c=42 rs=1 cs=1]
              RenderInline {FONT} at (0,0) size 2x10
                RenderText {#text} at (0,0) size 2x10
                  text run at (0,0) width 2: " "
            RenderTableCell {TD} at (328,130) size 8x10 [bgcolor=#97C1C0] [r=13 c=43 rs=1 cs=1]
              RenderInline {FONT} at (0,0) size 2x10
                RenderText {#text} at (0,0) size 2x10
                  text run at (0,0) width 2: " "
            RenderTableCell {TD} at (336,130) size 8x10 [bgcolor=#469191] [r=13 c=44 rs=1 cs=1]
              RenderInline {FONT} at (0,0) size 2x10
                RenderText {#text} at (0,0) size 2x10
                  text run at (0,0) width 2: " "
            RenderTableCell {TD} at (344,130) size 8x10 [bgcolor=#026766] [r=13 c=45 rs=1 cs=1]
              RenderInline {FONT} at (0,0) size 2x10
                RenderText {#text} at (0,0) size 2x10
                  text run at (0,0) width 2: " "
            RenderTableCell {TD} at (352,130) size 8x10 [bgcolor=#026766] [r=13 c=46 rs=1 cs=1]
              RenderInline {FONT} at (0,0) size 2x10
                RenderText {#text} at (0,0) size 2x10
                  text run at (0,0) width 2: " "
            RenderTableCell {TD} at (360,130) size 8x10 [bgcolor=#1A6B6A] [r=13 c=47 rs=1 cs=1]
              RenderInline {FONT} at (0,0) size 2x10
                RenderText {#text} at (0,0) size 2x10
                  text run at (0,0) width 2: " "
            RenderTableCell {TD} at (368,130) size 8x10 [bgcolor=#B6D0D1] [r=13 c=48 rs=1 cs=1]
              RenderInline {FONT} at (0,0) size 2x10
                RenderText {#text} at (0,0) size 2x10
                  text run at (0,0) width 2: " "
            RenderTableCell {TD} at (376,130) size 8x10 [bgcolor=#FDFDFB] [r=13 c=49 rs=1 cs=1]
              RenderInline {FONT} at (0,0) size 2x10
                RenderText {#text} at (0,0) size 2x10
                  text run at (0,0) width 2: " "
            RenderTableCell {TD} at (384,130) size 8x10 [bgcolor=#848788] [r=13 c=50 rs=1 cs=1]
              RenderInline {FONT} at (0,0) size 2x10
                RenderText {#text} at (0,0) size 2x10
                  text run at (0,0) width 2: " "
            RenderTableCell {TD} at (392,130) size 8x10 [bgcolor=#072323] [r=13 c=51 rs=1 cs=1]
              RenderInline {FONT} at (0,0) size 2x10
                RenderText {#text} at (0,0) size 2x10
                  text run at (0,0) width 2: " "
            RenderTableCell {TD} at (400,130) size 8x10 [bgcolor=#3D4242] [r=13 c=52 rs=1 cs=1]
              RenderInline {FONT} at (0,0) size 2x10
                RenderText {#text} at (0,0) size 2x10
                  text run at (0,0) width 2: " "
            RenderTableCell {TD} at (408,130) size 8x10 [bgcolor=#696A69] [r=13 c=53 rs=1 cs=1]
              RenderInline {FONT} at (0,0) size 2x10
                RenderText {#text} at (0,0) size 2x10
                  text run at (0,0) width 2: " "
            RenderTableCell {TD} at (416,130) size 8x10 [bgcolor=#848788] [r=13 c=54 rs=1 cs=1]
              RenderInline {FONT} at (0,0) size 2x10
                RenderText {#text} at (0,0) size 2x10
                  text run at (0,0) width 2: " "
            RenderTableCell {TD} at (424,130) size 8x10 [bgcolor=#939494] [r=13 c=55 rs=1 cs=1]
              RenderInline {FONT} at (0,0) size 2x10
                RenderText {#text} at (0,0) size 2x10
                  text run at (0,0) width 2: " "
            RenderTableCell {TD} at (432,130) size 8x10 [bgcolor=#B4B4B4] [r=13 c=56 rs=1 cs=1]
              RenderInline {FONT} at (0,0) size 2x10
                RenderText {#text} at (0,0) size 2x10
                  text run at (0,0) width 2: " "
            RenderTableCell {TD} at (440,130) size 8x10 [bgcolor=#FDFDFB] [r=13 c=57 rs=1 cs=1]
              RenderInline {FONT} at (0,0) size 2x10
                RenderText {#text} at (0,0) size 2x10
                  text run at (0,0) width 2: " "
            RenderTableCell {TD} at (448,130) size 8x10 [bgcolor=#FDFDFB] [r=13 c=58 rs=1 cs=1]
              RenderInline {FONT} at (0,0) size 2x10
                RenderText {#text} at (0,0) size 2x10
                  text run at (0,0) width 2: " "
            RenderTableCell {TD} at (456,130) size 8x10 [bgcolor=#2D3433] [r=13 c=59 rs=1 cs=1]
              RenderInline {FONT} at (0,0) size 2x10
                RenderText {#text} at (0,0) size 2x10
                  text run at (0,0) width 2: " "
            RenderTableCell {TD} at (464,130) size 8x10 [bgcolor=#1E7A79] [r=13 c=60 rs=1 cs=1]
              RenderInline {FONT} at (0,0) size 2x10
                RenderText {#text} at (0,0) size 2x10
                  text run at (0,0) width 2: " "
            RenderTableCell {TD} at (472,130) size 8x10 [bgcolor=#7DBAB9] [r=13 c=61 rs=1 cs=1]
              RenderInline {FONT} at (0,0) size 2x10
                RenderText {#text} at (0,0) size 2x10
                  text run at (0,0) width 2: " "
            RenderTableCell {TD} at (480,130) size 8x10 [bgcolor=#FDFDFB] [r=13 c=62 rs=1 cs=1]
              RenderInline {FONT} at (0,0) size 2x10
                RenderText {#text} at (0,0) size 2x10
                  text run at (0,0) width 2: " "
            RenderTableCell {TD} at (488,130) size 8x10 [bgcolor=#BEC2C2] [r=13 c=63 rs=1 cs=1]
              RenderInline {FONT} at (0,0) size 2x10
                RenderText {#text} at (0,0) size 2x10
                  text run at (0,0) width 2: " "
            RenderTableCell {TD} at (496,130) size 8x10 [bgcolor=#083131] [r=13 c=64 rs=1 cs=1]
              RenderInline {FONT} at (0,0) size 2x10
                RenderText {#text} at (0,0) size 2x10
                  text run at (0,0) width 2: " "
            RenderTableCell {TD} at (504,130) size 8x10 [bgcolor=#026766] [r=13 c=65 rs=1 cs=1]
              RenderInline {FONT} at (0,0) size 2x10
                RenderText {#text} at (0,0) size 2x10
                  text run at (0,0) width 2: " "
            RenderTableCell {TD} at (512,130) size 8x10 [bgcolor=#026766] [r=13 c=66 rs=1 cs=1]
              RenderInline {FONT} at (0,0) size 2x10
                RenderText {#text} at (0,0) size 2x10
                  text run at (0,0) width 2: " "
            RenderTableCell {TD} at (520,130) size 8x10 [bgcolor=#026766] [r=13 c=67 rs=1 cs=1]
              RenderInline {FONT} at (0,0) size 2x10
                RenderText {#text} at (0,0) size 2x10
                  text run at (0,0) width 2: " "
            RenderTableCell {TD} at (528,130) size 8x10 [bgcolor=#026766] [r=13 c=68 rs=1 cs=1]
              RenderInline {FONT} at (0,0) size 2x10
                RenderText {#text} at (0,0) size 2x10
                  text run at (0,0) width 2: " "
            RenderTableCell {TD} at (536,130) size 8x10 [bgcolor=#026766] [r=13 c=69 rs=1 cs=1]
              RenderInline {FONT} at (0,0) size 2x10
                RenderText {#text} at (0,0) size 2x10
                  text run at (0,0) width 2: " "
            RenderTableCell {TD} at (544,130) size 8x10 [bgcolor=#1E7A79] [r=13 c=70 rs=1 cs=1]
              RenderInline {FONT} at (0,0) size 2x10
                RenderText {#text} at (0,0) size 2x10
                  text run at (0,0) width 2: " "
            RenderTableCell {TD} at (552,130) size 8x10 [bgcolor=#E0EAE9] [r=13 c=71 rs=1 cs=1]
              RenderInline {FONT} at (0,0) size 2x10
                RenderText {#text} at (0,0) size 2x10
                  text run at (0,0) width 2: " "
            RenderTableCell {TD} at (560,130) size 8x10 [bgcolor=#FDFDFB] [r=13 c=72 rs=1 cs=1]
              RenderInline {FONT} at (0,0) size 2x10
                RenderText {#text} at (0,0) size 2x10
                  text run at (0,0) width 2: " "
            RenderTableCell {TD} at (568,130) size 8x10 [bgcolor=#4D4F4F] [r=13 c=73 rs=1 cs=1]
              RenderInline {FONT} at (0,0) size 2x10
                RenderText {#text} at (0,0) size 2x10
                  text run at (0,0) width 2: " "
            RenderTableCell {TD} at (576,130) size 8x10 [bgcolor=#5E5F60] [r=13 c=74 rs=1 cs=1]
              RenderInline {FONT} at (0,0) size 2x10
                RenderText {#text} at (0,0) size 2x10
                  text run at (0,0) width 2: " "
            RenderTableCell {TD} at (584,130) size 8x10 [bgcolor=#B4B4B4] [r=13 c=75 rs=1 cs=1]
              RenderInline {FONT} at (0,0) size 2x10
                RenderText {#text} at (0,0) size 2x10
                  text run at (0,0) width 2: " "
            RenderTableCell {TD} at (592,130) size 8x10 [bgcolor=#FDFDFB] [r=13 c=76 rs=1 cs=1]
              RenderInline {FONT} at (0,0) size 2x10
                RenderText {#text} at (0,0) size 2x10
                  text run at (0,0) width 2: " "
            RenderTableCell {TD} at (600,130) size 8x10 [bgcolor=#BEC2C2] [r=13 c=77 rs=1 cs=1]
              RenderInline {FONT} at (0,0) size 2x10
                RenderText {#text} at (0,0) size 2x10
                  text run at (0,0) width 2: " "
            RenderTableCell {TD} at (608,130) size 8x10 [bgcolor=#274C4D] [r=13 c=78 rs=1 cs=1]
              RenderInline {FONT} at (0,0) size 2x10
                RenderText {#text} at (0,0) size 2x10
                  text run at (0,0) width 2: " "
            RenderTableCell {TD} at (616,130) size 8x10 [bgcolor=#027777] [r=13 c=79 rs=1 cs=1]
              RenderInline {FONT} at (0,0) size 2x10
                RenderText {#text} at (0,0) size 2x10
                  text run at (0,0) width 2: " "
            RenderTableCell {TD} at (624,130) size 8x10 [bgcolor=#026766] [r=13 c=80 rs=1 cs=1]
              RenderInline {FONT} at (0,0) size 2x10
                RenderText {#text} at (0,0) size 2x10
                  text run at (0,0) width 2: " "
            RenderTableCell {TD} at (632,130) size 8x10 [bgcolor=#026766] [r=13 c=81 rs=1 cs=1]
              RenderInline {FONT} at (0,0) size 2x10
                RenderText {#text} at (0,0) size 2x10
                  text run at (0,0) width 2: " "
            RenderTableCell {TD} at (640,130) size 8x10 [bgcolor=#026766] [r=13 c=82 rs=1 cs=1]
              RenderInline {FONT} at (0,0) size 2x10
                RenderText {#text} at (0,0) size 2x10
                  text run at (0,0) width 2: " "
            RenderTableCell {TD} at (648,130) size 8x10 [bgcolor=#026766] [r=13 c=83 rs=1 cs=1]
              RenderInline {FONT} at (0,0) size 2x10
                RenderText {#text} at (0,0) size 2x10
                  text run at (0,0) width 2: " "
            RenderTableCell {TD} at (656,130) size 8x10 [bgcolor=#026766] [r=13 c=84 rs=1 cs=1]
              RenderInline {FONT} at (0,0) size 2x10
                RenderText {#text} at (0,0) size 2x10
                  text run at (0,0) width 2: " "
            RenderTableCell {TD} at (664,130) size 8x10 [bgcolor=#469191] [r=13 c=85 rs=1 cs=1]
              RenderInline {FONT} at (0,0) size 2x10
                RenderText {#text} at (0,0) size 2x10
                  text run at (0,0) width 2: " "
            RenderTableCell {TD} at (672,130) size 8x10 [bgcolor=#FDFDFB] [r=13 c=86 rs=1 cs=1]
              RenderInline {FONT} at (0,0) size 2x10
                RenderText {#text} at (0,0) size 2x10
                  text run at (0,0) width 2: " "
            RenderTableCell {TD} at (680,130) size 8x10 [bgcolor=#DEDFDF] [r=13 c=87 rs=1 cs=1]
              RenderInline {FONT} at (0,0) size 2x10
                RenderText {#text} at (0,0) size 2x10
                  text run at (0,0) width 2: " "
            RenderTableCell {TD} at (688,130) size 8x10 [bgcolor=#274C4D] [r=13 c=88 rs=1 cs=1]
              RenderInline {FONT} at (0,0) size 2x10
                RenderText {#text} at (0,0) size 2x10
                  text run at (0,0) width 2: " "
            RenderTableCell {TD} at (696,130) size 8x10 [bgcolor=#026766] [r=13 c=89 rs=1 cs=1]
              RenderInline {FONT} at (0,0) size 2x10
                RenderText {#text} at (0,0) size 2x10
                  text run at (0,0) width 2: " "
            RenderTableCell {TD} at (704,130) size 8x10 [bgcolor=#338686] [r=13 c=90 rs=1 cs=1]
              RenderInline {FONT} at (0,0) size 2x10
                RenderText {#text} at (0,0) size 2x10
                  text run at (0,0) width 2: " "
            RenderTableCell {TD} at (712,130) size 8x10 [bgcolor=#EDEEEF] [r=13 c=91 rs=1 cs=1]
              RenderInline {FONT} at (0,0) size 2x10
                RenderText {#text} at (0,0) size 2x10
                  text run at (0,0) width 2: " "
            RenderTableCell {TD} at (720,130) size 8x10 [bgcolor=#FDFDFB] [r=13 c=92 rs=1 cs=1]
              RenderInline {FONT} at (0,0) size 2x10
                RenderText {#text} at (0,0) size 2x10
                  text run at (0,0) width 2: " "
            RenderTableCell {TD} at (728,130) size 8x10 [bgcolor=#2D3433] [r=13 c=93 rs=1 cs=1]
              RenderInline {FONT} at (0,0) size 2x10
                RenderText {#text} at (0,0) size 2x10
                  text run at (0,0) width 2: " "
            RenderTableCell {TD} at (736,130) size 8x10 [bgcolor=#223C3D] [r=13 c=94 rs=1 cs=1]
              RenderInline {FONT} at (0,0) size 2x10
                RenderText {#text} at (0,0) size 2x10
                  text run at (0,0) width 2: " "
            RenderTableCell {TD} at (744,130) size 8x10 [bgcolor=#5E5F60] [r=13 c=95 rs=1 cs=1]
              RenderInline {FONT} at (0,0) size 2x10
                RenderText {#text} at (0,0) size 2x10
                  text run at (0,0) width 2: " "
            RenderTableCell {TD} at (752,130) size 8x10 [bgcolor=#777878] [r=13 c=96 rs=1 cs=1]
              RenderInline {FONT} at (0,0) size 2x10
                RenderText {#text} at (0,0) size 2x10
                  text run at (0,0) width 2: " "
            RenderTableCell {TD} at (760,130) size 8x10 [bgcolor=#848788] [r=13 c=97 rs=1 cs=1]
              RenderInline {FONT} at (0,0) size 2x10
                RenderText {#text} at (0,0) size 2x10
                  text run at (0,0) width 2: " "
            RenderTableCell {TD} at (768,130) size 8x10 [bgcolor=#777878] [r=13 c=98 rs=1 cs=1]
              RenderInline {FONT} at (0,0) size 2x10
                RenderText {#text} at (0,0) size 2x10
                  text run at (0,0) width 2: " "
            RenderTableCell {TD} at (776,130) size 8x10 [bgcolor=#4D4F4F] [r=13 c=99 rs=1 cs=1]
              RenderInline {FONT} at (0,0) size 2x10
                RenderText {#text} at (0,0) size 2x10
                  text run at (0,0) width 2: " "
          RenderTableRow {TR} at (0,140) size 784x10
            RenderTableCell {TD} at (0,140) size 7x10 [bgcolor=#CADEDD] [r=14 c=0 rs=1 cs=1]
              RenderInline {FONT} at (0,0) size 2x10
                RenderText {#text} at (0,0) size 2x10
                  text run at (0,0) width 2: " "
            RenderTableCell {TD} at (7,140) size 7x10 [bgcolor=#1B8685] [r=14 c=1 rs=1 cs=1]
              RenderInline {FONT} at (0,0) size 2x10
                RenderText {#text} at (0,0) size 2x10
                  text run at (0,0) width 2: " "
            RenderTableCell {TD} at (14,140) size 7x10 [bgcolor=#1B8685] [r=14 c=2 rs=1 cs=1]
              RenderInline {FONT} at (0,0) size 2x10
                RenderText {#text} at (0,0) size 2x10
                  text run at (0,0) width 2: " "
            RenderTableCell {TD} at (21,140) size 7x10 [bgcolor=#287A7A] [r=14 c=3 rs=1 cs=1]
              RenderInline {FONT} at (0,0) size 2x10
                RenderText {#text} at (0,0) size 2x10
                  text run at (0,0) width 2: " "
            RenderTableCell {TD} at (28,140) size 7x10 [bgcolor=#026766] [r=14 c=4 rs=1 cs=1]
              RenderInline {FONT} at (0,0) size 2x10
                RenderText {#text} at (0,0) size 2x10
                  text run at (0,0) width 2: " "
            RenderTableCell {TD} at (35,140) size 7x10 [bgcolor=#044140] [r=14 c=5 rs=1 cs=1]
              RenderInline {FONT} at (0,0) size 2x10
                RenderText {#text} at (0,0) size 2x10
                  text run at (0,0) width 2: " "
            RenderTableCell {TD} at (42,140) size 7x10 [bgcolor=#044140] [r=14 c=6 rs=1 cs=1]
              RenderInline {FONT} at (0,0) size 2x10
                RenderText {#text} at (0,0) size 2x10
                  text run at (0,0) width 2: " "
            RenderTableCell {TD} at (49,140) size 7x10 [bgcolor=#274C4D] [r=14 c=7 rs=1 cs=1]
              RenderInline {FONT} at (0,0) size 2x10
                RenderText {#text} at (0,0) size 2x10
                  text run at (0,0) width 2: " "
            RenderTableCell {TD} at (56,140) size 7x10 [bgcolor=#425A5A] [r=14 c=8 rs=1 cs=1]
              RenderInline {FONT} at (0,0) size 2x10
                RenderText {#text} at (0,0) size 2x10
                  text run at (0,0) width 2: " "
            RenderTableCell {TD} at (63,140) size 7x10 [bgcolor=#647979] [r=14 c=9 rs=1 cs=1]
              RenderInline {FONT} at (0,0) size 2x10
                RenderText {#text} at (0,0) size 2x10
                  text run at (0,0) width 2: " "
            RenderTableCell {TD} at (70,140) size 7x10 [bgcolor=#CECFCF] [r=14 c=10 rs=1 cs=1]
              RenderInline {FONT} at (0,0) size 2x10
                RenderText {#text} at (0,0) size 2x10
                  text run at (0,0) width 2: " "
            RenderTableCell {TD} at (77,140) size 7x10 [bgcolor=#FDFDFB] [r=14 c=11 rs=1 cs=1]
              RenderInline {FONT} at (0,0) size 2x10
                RenderText {#text} at (0,0) size 2x10
                  text run at (0,0) width 2: " "
            RenderTableCell {TD} at (84,140) size 7x10 [bgcolor=#CADEDD] [r=14 c=12 rs=1 cs=1]
              RenderInline {FONT} at (0,0) size 2x10
                RenderText {#text} at (0,0) size 2x10
                  text run at (0,0) width 2: " "
            RenderTableCell {TD} at (91,140) size 7x10 [bgcolor=#044140] [r=14 c=13 rs=1 cs=1]
              RenderInline {FONT} at (0,0) size 2x10
                RenderText {#text} at (0,0) size 2x10
                  text run at (0,0) width 2: " "
            RenderTableCell {TD} at (98,140) size 7x10 [bgcolor=#223C3D] [r=14 c=14 rs=1 cs=1]
              RenderInline {FONT} at (0,0) size 2x10
                RenderText {#text} at (0,0) size 2x10
                  text run at (0,0) width 2: " "
            RenderTableCell {TD} at (105,140) size 7x10 [bgcolor=#848788] [r=14 c=15 rs=1 cs=1]
              RenderInline {FONT} at (0,0) size 2x10
                RenderText {#text} at (0,0) size 2x10
                  text run at (0,0) width 2: " "
            RenderTableCell {TD} at (112,140) size 8x10 [bgcolor=#FDFDFB] [r=14 c=16 rs=1 cs=1]
              RenderInline {FONT} at (0,0) size 2x10
                RenderText {#text} at (0,0) size 2x10
                  text run at (0,0) width 2: " "
            RenderTableCell {TD} at (120,140) size 8x10 [bgcolor=#FDFDFB] [r=14 c=17 rs=1 cs=1]
              RenderInline {FONT} at (0,0) size 2x10
                RenderText {#text} at (0,0) size 2x10
                  text run at (0,0) width 2: " "
            RenderTableCell {TD} at (128,140) size 8x10 [bgcolor=#2D3433] [r=14 c=18 rs=1 cs=1]
              RenderInline {FONT} at (0,0) size 2x10
                RenderText {#text} at (0,0) size 2x10
                  text run at (0,0) width 2: " "
            RenderTableCell {TD} at (136,140) size 8x10 [bgcolor=#1E7A79] [r=14 c=19 rs=1 cs=1]
              RenderInline {FONT} at (0,0) size 2x10
                RenderText {#text} at (0,0) size 2x10
                  text run at (0,0) width 2: " "
            RenderTableCell {TD} at (144,140) size 8x10 [bgcolor=#1B8685] [r=14 c=20 rs=1 cs=1]
              RenderInline {FONT} at (0,0) size 2x10
                RenderText {#text} at (0,0) size 2x10
                  text run at (0,0) width 2: " "
            RenderTableCell {TD} at (152,140) size 8x10 [bgcolor=#EDEEEF] [r=14 c=21 rs=1 cs=1]
              RenderInline {FONT} at (0,0) size 2x10
                RenderText {#text} at (0,0) size 2x10
                  text run at (0,0) width 2: " "
            RenderTableCell {TD} at (160,140) size 8x10 [bgcolor=#FDFDFB] [r=14 c=22 rs=1 cs=1]
              RenderInline {FONT} at (0,0) size 2x10
                RenderText {#text} at (0,0) size 2x10
                  text run at (0,0) width 2: " "
            RenderTableCell {TD} at (168,140) size 8x10 [bgcolor=#777878] [r=14 c=23 rs=1 cs=1]
              RenderInline {FONT} at (0,0) size 2x10
                RenderText {#text} at (0,0) size 2x10
                  text run at (0,0) width 2: " "
            RenderTableCell {TD} at (176,140) size 8x10 [bgcolor=#223C3D] [r=14 c=24 rs=1 cs=1]
              RenderInline {FONT} at (0,0) size 2x10
                RenderText {#text} at (0,0) size 2x10
                  text run at (0,0) width 2: " "
            RenderTableCell {TD} at (184,140) size 8x10 [bgcolor=#072323] [r=14 c=25 rs=1 cs=1]
              RenderInline {FONT} at (0,0) size 2x10
                RenderText {#text} at (0,0) size 2x10
                  text run at (0,0) width 2: " "
            RenderTableCell {TD} at (192,140) size 8x10 [bgcolor=#083131] [r=14 c=26 rs=1 cs=1]
              RenderInline {FONT} at (0,0) size 2x10
                RenderText {#text} at (0,0) size 2x10
                  text run at (0,0) width 2: " "
            RenderTableCell {TD} at (200,140) size 8x10 [bgcolor=#083131] [r=14 c=27 rs=1 cs=1]
              RenderInline {FONT} at (0,0) size 2x10
                RenderText {#text} at (0,0) size 2x10
                  text run at (0,0) width 2: " "
            RenderTableCell {TD} at (208,140) size 8x10 [bgcolor=#044140] [r=14 c=28 rs=1 cs=1]
              RenderInline {FONT} at (0,0) size 2x10
                RenderText {#text} at (0,0) size 2x10
                  text run at (0,0) width 2: " "
            RenderTableCell {TD} at (216,140) size 8x10 [bgcolor=#A2B5B4] [r=14 c=29 rs=1 cs=1]
              RenderInline {FONT} at (0,0) size 2x10
                RenderText {#text} at (0,0) size 2x10
                  text run at (0,0) width 2: " "
            RenderTableCell {TD} at (224,140) size 8x10 [bgcolor=#FDFDFB] [r=14 c=30 rs=1 cs=1]
              RenderInline {FONT} at (0,0) size 2x10
                RenderText {#text} at (0,0) size 2x10
                  text run at (0,0) width 2: " "
            RenderTableCell {TD} at (232,140) size 8x10 [bgcolor=#B4B4B4] [r=14 c=31 rs=1 cs=1]
              RenderInline {FONT} at (0,0) size 2x10
                RenderText {#text} at (0,0) size 2x10
                  text run at (0,0) width 2: " "
            RenderTableCell {TD} at (240,140) size 8x10 [bgcolor=#072323] [r=14 c=32 rs=1 cs=1]
              RenderInline {FONT} at (0,0) size 2x10
                RenderText {#text} at (0,0) size 2x10
                  text run at (0,0) width 2: " "
            RenderTableCell {TD} at (248,140) size 8x10 [bgcolor=#4D4F4F] [r=14 c=33 rs=1 cs=1]
              RenderInline {FONT} at (0,0) size 2x10
                RenderText {#text} at (0,0) size 2x10
                  text run at (0,0) width 2: " "
            RenderTableCell {TD} at (256,140) size 8x10 [bgcolor=#777878] [r=14 c=34 rs=1 cs=1]
              RenderInline {FONT} at (0,0) size 2x10
                RenderText {#text} at (0,0) size 2x10
                  text run at (0,0) width 2: " "
            RenderTableCell {TD} at (264,140) size 8x10 [bgcolor=#939494] [r=14 c=35 rs=1 cs=1]
              RenderInline {FONT} at (0,0) size 2x10
                RenderText {#text} at (0,0) size 2x10
                  text run at (0,0) width 2: " "
            RenderTableCell {TD} at (272,140) size 8x10 [bgcolor=#1B8685] [r=14 c=36 rs=1 cs=1]
              RenderInline {FONT} at (0,0) size 2x10
                RenderText {#text} at (0,0) size 2x10
                  text run at (0,0) width 2: " "
            RenderTableCell {TD} at (280,140) size 8x10 [bgcolor=#025E5E] [r=14 c=37 rs=1 cs=1]
              RenderInline {FONT} at (0,0) size 2x10
                RenderText {#text} at (0,0) size 2x10
                  text run at (0,0) width 2: " "
            RenderTableCell {TD} at (288,140) size 8x10 [bgcolor=#044140] [r=14 c=38 rs=1 cs=1]
              RenderInline {FONT} at (0,0) size 2x10
                RenderText {#text} at (0,0) size 2x10
                  text run at (0,0) width 2: " "
            RenderTableCell {TD} at (296,140) size 8x10 [bgcolor=#044140] [r=14 c=39 rs=1 cs=1]
              RenderInline {FONT} at (0,0) size 2x10
                RenderText {#text} at (0,0) size 2x10
                  text run at (0,0) width 2: " "
            RenderTableCell {TD} at (304,140) size 8x10 [bgcolor=#274C4D] [r=14 c=40 rs=1 cs=1]
              RenderInline {FONT} at (0,0) size 2x10
                RenderText {#text} at (0,0) size 2x10
                  text run at (0,0) width 2: " "
            RenderTableCell {TD} at (312,140) size 8x10 [bgcolor=#527274] [r=14 c=41 rs=1 cs=1]
              RenderInline {FONT} at (0,0) size 2x10
                RenderText {#text} at (0,0) size 2x10
                  text run at (0,0) width 2: " "
            RenderTableCell {TD} at (320,140) size 8x10 [bgcolor=#91A3A3] [r=14 c=42 rs=1 cs=1]
              RenderInline {FONT} at (0,0) size 2x10
                RenderText {#text} at (0,0) size 2x10
                  text run at (0,0) width 2: " "
            RenderTableCell {TD} at (328,140) size 8x10 [bgcolor=#EDEEEF] [r=14 c=43 rs=1 cs=1]
              RenderInline {FONT} at (0,0) size 2x10
                RenderText {#text} at (0,0) size 2x10
                  text run at (0,0) width 2: " "
            RenderTableCell {TD} at (336,140) size 8x10 [bgcolor=#FDFDFB] [r=14 c=44 rs=1 cs=1]
              RenderInline {FONT} at (0,0) size 2x10
                RenderText {#text} at (0,0) size 2x10
                  text run at (0,0) width 2: " "
            RenderTableCell {TD} at (344,140) size 8x10 [bgcolor=#5A8787] [r=14 c=45 rs=1 cs=1]
              RenderInline {FONT} at (0,0) size 2x10
                RenderText {#text} at (0,0) size 2x10
                  text run at (0,0) width 2: " "
            RenderTableCell {TD} at (352,140) size 8x10 [bgcolor=#026766] [r=14 c=46 rs=1 cs=1]
              RenderInline {FONT} at (0,0) size 2x10
                RenderText {#text} at (0,0) size 2x10
                  text run at (0,0) width 2: " "
            RenderTableCell {TD} at (360,140) size 8x10 [bgcolor=#1A6B6A] [r=14 c=47 rs=1 cs=1]
              RenderInline {FONT} at (0,0) size 2x10
                RenderText {#text} at (0,0) size 2x10
                  text run at (0,0) width 2: " "
            RenderTableCell {TD} at (368,140) size 8x10 [bgcolor=#B6D0D1] [r=14 c=48 rs=1 cs=1]
              RenderInline {FONT} at (0,0) size 2x10
                RenderText {#text} at (0,0) size 2x10
                  text run at (0,0) width 2: " "
            RenderTableCell {TD} at (376,140) size 8x10 [bgcolor=#FDFDFB] [r=14 c=49 rs=1 cs=1]
              RenderInline {FONT} at (0,0) size 2x10
                RenderText {#text} at (0,0) size 2x10
                  text run at (0,0) width 2: " "
            RenderTableCell {TD} at (384,140) size 8x10 [bgcolor=#848788] [r=14 c=50 rs=1 cs=1]
              RenderInline {FONT} at (0,0) size 2x10
                RenderText {#text} at (0,0) size 2x10
                  text run at (0,0) width 2: " "
            RenderTableCell {TD} at (392,140) size 8x10 [bgcolor=#072323] [r=14 c=51 rs=1 cs=1]
              RenderInline {FONT} at (0,0) size 2x10
                RenderText {#text} at (0,0) size 2x10
                  text run at (0,0) width 2: " "
            RenderTableCell {TD} at (400,140) size 8x10 [bgcolor=#3D4242] [r=14 c=52 rs=1 cs=1]
              RenderInline {FONT} at (0,0) size 2x10
                RenderText {#text} at (0,0) size 2x10
                  text run at (0,0) width 2: " "
            RenderTableCell {TD} at (408,140) size 8x10 [bgcolor=#696A69] [r=14 c=53 rs=1 cs=1]
              RenderInline {FONT} at (0,0) size 2x10
                RenderText {#text} at (0,0) size 2x10
                  text run at (0,0) width 2: " "
            RenderTableCell {TD} at (416,140) size 8x10 [bgcolor=#848788] [r=14 c=54 rs=1 cs=1]
              RenderInline {FONT} at (0,0) size 2x10
                RenderText {#text} at (0,0) size 2x10
                  text run at (0,0) width 2: " "
            RenderTableCell {TD} at (424,140) size 8x10 [bgcolor=#939494] [r=14 c=55 rs=1 cs=1]
              RenderInline {FONT} at (0,0) size 2x10
                RenderText {#text} at (0,0) size 2x10
                  text run at (0,0) width 2: " "
            RenderTableCell {TD} at (432,140) size 8x10 [bgcolor=#B4B4B4] [r=14 c=56 rs=1 cs=1]
              RenderInline {FONT} at (0,0) size 2x10
                RenderText {#text} at (0,0) size 2x10
                  text run at (0,0) width 2: " "
            RenderTableCell {TD} at (440,140) size 8x10 [bgcolor=#FDFDFB] [r=14 c=57 rs=1 cs=1]
              RenderInline {FONT} at (0,0) size 2x10
                RenderText {#text} at (0,0) size 2x10
                  text run at (0,0) width 2: " "
            RenderTableCell {TD} at (448,140) size 8x10 [bgcolor=#FDFDFB] [r=14 c=58 rs=1 cs=1]
              RenderInline {FONT} at (0,0) size 2x10
                RenderText {#text} at (0,0) size 2x10
                  text run at (0,0) width 2: " "
            RenderTableCell {TD} at (456,140) size 8x10 [bgcolor=#2D3433] [r=14 c=59 rs=1 cs=1]
              RenderInline {FONT} at (0,0) size 2x10
                RenderText {#text} at (0,0) size 2x10
                  text run at (0,0) width 2: " "
            RenderTableCell {TD} at (464,140) size 8x10 [bgcolor=#1E7A79] [r=14 c=60 rs=1 cs=1]
              RenderInline {FONT} at (0,0) size 2x10
                RenderText {#text} at (0,0) size 2x10
                  text run at (0,0) width 2: " "
            RenderTableCell {TD} at (472,140) size 8x10 [bgcolor=#60A2A3] [r=14 c=61 rs=1 cs=1]
              RenderInline {FONT} at (0,0) size 2x10
                RenderText {#text} at (0,0) size 2x10
                  text run at (0,0) width 2: " "
            RenderTableCell {TD} at (480,140) size 8x10 [bgcolor=#FDFDFB] [r=14 c=62 rs=1 cs=1]
              RenderInline {FONT} at (0,0) size 2x10
                RenderText {#text} at (0,0) size 2x10
                  text run at (0,0) width 2: " "
            RenderTableCell {TD} at (488,140) size 8x10 [bgcolor=#E0EAE9] [r=14 c=63 rs=1 cs=1]
              RenderInline {FONT} at (0,0) size 2x10
                RenderText {#text} at (0,0) size 2x10
                  text run at (0,0) width 2: " "
            RenderTableCell {TD} at (496,140) size 8x10 [bgcolor=#044140] [r=14 c=64 rs=1 cs=1]
              RenderInline {FONT} at (0,0) size 2x10
                RenderText {#text} at (0,0) size 2x10
                  text run at (0,0) width 2: " "
            RenderTableCell {TD} at (504,140) size 8x10 [bgcolor=#026766] [r=14 c=65 rs=1 cs=1]
              RenderInline {FONT} at (0,0) size 2x10
                RenderText {#text} at (0,0) size 2x10
                  text run at (0,0) width 2: " "
            RenderTableCell {TD} at (512,140) size 8x10 [bgcolor=#026766] [r=14 c=66 rs=1 cs=1]
              RenderInline {FONT} at (0,0) size 2x10
                RenderText {#text} at (0,0) size 2x10
                  text run at (0,0) width 2: " "
            RenderTableCell {TD} at (520,140) size 8x10 [bgcolor=#026766] [r=14 c=67 rs=1 cs=1]
              RenderInline {FONT} at (0,0) size 2x10
                RenderText {#text} at (0,0) size 2x10
                  text run at (0,0) width 2: " "
            RenderTableCell {TD} at (528,140) size 8x10 [bgcolor=#026766] [r=14 c=68 rs=1 cs=1]
              RenderInline {FONT} at (0,0) size 2x10
                RenderText {#text} at (0,0) size 2x10
                  text run at (0,0) width 2: " "
            RenderTableCell {TD} at (536,140) size 8x10 [bgcolor=#026766] [r=14 c=69 rs=1 cs=1]
              RenderInline {FONT} at (0,0) size 2x10
                RenderText {#text} at (0,0) size 2x10
                  text run at (0,0) width 2: " "
            RenderTableCell {TD} at (544,140) size 8x10 [bgcolor=#287A7A] [r=14 c=70 rs=1 cs=1]
              RenderInline {FONT} at (0,0) size 2x10
                RenderText {#text} at (0,0) size 2x10
                  text run at (0,0) width 2: " "
            RenderTableCell {TD} at (552,140) size 8x10 [bgcolor=#E0EAE9] [r=14 c=71 rs=1 cs=1]
              RenderInline {FONT} at (0,0) size 2x10
                RenderText {#text} at (0,0) size 2x10
                  text run at (0,0) width 2: " "
            RenderTableCell {TD} at (560,140) size 8x10 [bgcolor=#FDFDFB] [r=14 c=72 rs=1 cs=1]
              RenderInline {FONT} at (0,0) size 2x10
                RenderText {#text} at (0,0) size 2x10
                  text run at (0,0) width 2: " "
            RenderTableCell {TD} at (568,140) size 8x10 [bgcolor=#4D4F4F] [r=14 c=73 rs=1 cs=1]
              RenderInline {FONT} at (0,0) size 2x10
                RenderText {#text} at (0,0) size 2x10
                  text run at (0,0) width 2: " "
            RenderTableCell {TD} at (576,140) size 8x10 [bgcolor=#5E5F60] [r=14 c=74 rs=1 cs=1]
              RenderInline {FONT} at (0,0) size 2x10
                RenderText {#text} at (0,0) size 2x10
                  text run at (0,0) width 2: " "
            RenderTableCell {TD} at (584,140) size 8x10 [bgcolor=#A5A6A6] [r=14 c=75 rs=1 cs=1]
              RenderInline {FONT} at (0,0) size 2x10
                RenderText {#text} at (0,0) size 2x10
                  text run at (0,0) width 2: " "
            RenderTableCell {TD} at (592,140) size 8x10 [bgcolor=#FDFDFB] [r=14 c=76 rs=1 cs=1]
              RenderInline {FONT} at (0,0) size 2x10
                RenderText {#text} at (0,0) size 2x10
                  text run at (0,0) width 2: " "
            RenderTableCell {TD} at (600,140) size 8x10 [bgcolor=#DEDFDF] [r=14 c=77 rs=1 cs=1]
              RenderInline {FONT} at (0,0) size 2x10
                RenderText {#text} at (0,0) size 2x10
                  text run at (0,0) width 2: " "
            RenderTableCell {TD} at (608,140) size 8x10 [bgcolor=#396B6A] [r=14 c=78 rs=1 cs=1]
              RenderInline {FONT} at (0,0) size 2x10
                RenderText {#text} at (0,0) size 2x10
                  text run at (0,0) width 2: " "
            RenderTableCell {TD} at (616,140) size 8x10 [bgcolor=#027777] [r=14 c=79 rs=1 cs=1]
              RenderInline {FONT} at (0,0) size 2x10
                RenderText {#text} at (0,0) size 2x10
                  text run at (0,0) width 2: " "
            RenderTableCell {TD} at (624,140) size 8x10 [bgcolor=#026766] [r=14 c=80 rs=1 cs=1]
              RenderInline {FONT} at (0,0) size 2x10
                RenderText {#text} at (0,0) size 2x10
                  text run at (0,0) width 2: " "
            RenderTableCell {TD} at (632,140) size 8x10 [bgcolor=#026766] [r=14 c=81 rs=1 cs=1]
              RenderInline {FONT} at (0,0) size 2x10
                RenderText {#text} at (0,0) size 2x10
                  text run at (0,0) width 2: " "
            RenderTableCell {TD} at (640,140) size 8x10 [bgcolor=#026766] [r=14 c=82 rs=1 cs=1]
              RenderInline {FONT} at (0,0) size 2x10
                RenderText {#text} at (0,0) size 2x10
                  text run at (0,0) width 2: " "
            RenderTableCell {TD} at (648,140) size 8x10 [bgcolor=#026766] [r=14 c=83 rs=1 cs=1]
              RenderInline {FONT} at (0,0) size 2x10
                RenderText {#text} at (0,0) size 2x10
                  text run at (0,0) width 2: " "
            RenderTableCell {TD} at (656,140) size 8x10 [bgcolor=#026766] [r=14 c=84 rs=1 cs=1]
              RenderInline {FONT} at (0,0) size 2x10
                RenderText {#text} at (0,0) size 2x10
                  text run at (0,0) width 2: " "
            RenderTableCell {TD} at (664,140) size 8x10 [bgcolor=#7CAEAF] [r=14 c=85 rs=1 cs=1]
              RenderInline {FONT} at (0,0) size 2x10
                RenderText {#text} at (0,0) size 2x10
                  text run at (0,0) width 2: " "
            RenderTableCell {TD} at (672,140) size 8x10 [bgcolor=#FDFDFB] [r=14 c=86 rs=1 cs=1]
              RenderInline {FONT} at (0,0) size 2x10
                RenderText {#text} at (0,0) size 2x10
                  text run at (0,0) width 2: " "
            RenderTableCell {TD} at (680,140) size 8x10 [bgcolor=#BEC2C2] [r=14 c=87 rs=1 cs=1]
              RenderInline {FONT} at (0,0) size 2x10
                RenderText {#text} at (0,0) size 2x10
                  text run at (0,0) width 2: " "
            RenderTableCell {TD} at (688,140) size 8x10 [bgcolor=#223C3D] [r=14 c=88 rs=1 cs=1]
              RenderInline {FONT} at (0,0) size 2x10
                RenderText {#text} at (0,0) size 2x10
                  text run at (0,0) width 2: " "
            RenderTableCell {TD} at (696,140) size 8x10 [bgcolor=#026766] [r=14 c=89 rs=1 cs=1]
              RenderInline {FONT} at (0,0) size 2x10
                RenderText {#text} at (0,0) size 2x10
                  text run at (0,0) width 2: " "
            RenderTableCell {TD} at (704,140) size 8x10 [bgcolor=#338686] [r=14 c=90 rs=1 cs=1]
              RenderInline {FONT} at (0,0) size 2x10
                RenderText {#text} at (0,0) size 2x10
                  text run at (0,0) width 2: " "
            RenderTableCell {TD} at (712,140) size 8x10 [bgcolor=#EDEEEF] [r=14 c=91 rs=1 cs=1]
              RenderInline {FONT} at (0,0) size 2x10
                RenderText {#text} at (0,0) size 2x10
                  text run at (0,0) width 2: " "
            RenderTableCell {TD} at (720,140) size 8x10 [bgcolor=#FDFDFB] [r=14 c=92 rs=1 cs=1]
              RenderInline {FONT} at (0,0) size 2x10
                RenderText {#text} at (0,0) size 2x10
                  text run at (0,0) width 2: " "
            RenderTableCell {TD} at (728,140) size 8x10 [bgcolor=#2D3433] [r=14 c=93 rs=1 cs=1]
              RenderInline {FONT} at (0,0) size 2x10
                RenderText {#text} at (0,0) size 2x10
                  text run at (0,0) width 2: " "
            RenderTableCell {TD} at (736,140) size 8x10 [bgcolor=#223C3D] [r=14 c=94 rs=1 cs=1]
              RenderInline {FONT} at (0,0) size 2x10
                RenderText {#text} at (0,0) size 2x10
                  text run at (0,0) width 2: " "
            RenderTableCell {TD} at (744,140) size 8x10 [bgcolor=#5E5F60] [r=14 c=95 rs=1 cs=1]
              RenderInline {FONT} at (0,0) size 2x10
                RenderText {#text} at (0,0) size 2x10
                  text run at (0,0) width 2: " "
            RenderTableCell {TD} at (752,140) size 8x10 [bgcolor=#777878] [r=14 c=96 rs=1 cs=1]
              RenderInline {FONT} at (0,0) size 2x10
                RenderText {#text} at (0,0) size 2x10
                  text run at (0,0) width 2: " "
            RenderTableCell {TD} at (760,140) size 8x10 [bgcolor=#848788] [r=14 c=97 rs=1 cs=1]
              RenderInline {FONT} at (0,0) size 2x10
                RenderText {#text} at (0,0) size 2x10
                  text run at (0,0) width 2: " "
            RenderTableCell {TD} at (768,140) size 8x10 [bgcolor=#777878] [r=14 c=98 rs=1 cs=1]
              RenderInline {FONT} at (0,0) size 2x10
                RenderText {#text} at (0,0) size 2x10
                  text run at (0,0) width 2: " "
            RenderTableCell {TD} at (776,140) size 8x10 [bgcolor=#4D4F4F] [r=14 c=99 rs=1 cs=1]
              RenderInline {FONT} at (0,0) size 2x10
                RenderText {#text} at (0,0) size 2x10
                  text run at (0,0) width 2: " "
          RenderTableRow {TR} at (0,150) size 784x10
            RenderTableCell {TD} at (0,150) size 7x10 [bgcolor=#E0EAE9] [r=15 c=0 rs=1 cs=1]
              RenderInline {FONT} at (0,0) size 2x10
                RenderText {#text} at (0,0) size 2x10
                  text run at (0,0) width 2: " "
            RenderTableCell {TD} at (7,150) size 7x10 [bgcolor=#469191] [r=15 c=1 rs=1 cs=1]
              RenderInline {FONT} at (0,0) size 2x10
                RenderText {#text} at (0,0) size 2x10
                  text run at (0,0) width 2: " "
            RenderTableCell {TD} at (14,150) size 7x10 [bgcolor=#A4CCCC] [r=15 c=2 rs=1 cs=1]
              RenderInline {FONT} at (0,0) size 2x10
                RenderText {#text} at (0,0) size 2x10
                  text run at (0,0) width 2: " "
            RenderTableCell {TD} at (21,150) size 7x10 [bgcolor=#E0EAE9] [r=15 c=3 rs=1 cs=1]
              RenderInline {FONT} at (0,0) size 2x10
                RenderText {#text} at (0,0) size 2x10
                  text run at (0,0) width 2: " "
            RenderTableCell {TD} at (28,150) size 7x10 [bgcolor=#7CAEAF] [r=15 c=4 rs=1 cs=1]
              RenderInline {FONT} at (0,0) size 2x10
                RenderText {#text} at (0,0) size 2x10
                  text run at (0,0) width 2: " "
            RenderTableCell {TD} at (35,150) size 7x10 [bgcolor=#026766] [r=15 c=5 rs=1 cs=1]
              RenderInline {FONT} at (0,0) size 2x10
                RenderText {#text} at (0,0) size 2x10
                  text run at (0,0) width 2: " "
            RenderTableCell {TD} at (42,150) size 7x10 [bgcolor=#026766] [r=15 c=6 rs=1 cs=1]
              RenderInline {FONT} at (0,0) size 2x10
                RenderText {#text} at (0,0) size 2x10
                  text run at (0,0) width 2: " "
            RenderTableCell {TD} at (49,150) size 7x10 [bgcolor=#025E5E] [r=15 c=7 rs=1 cs=1]
              RenderInline {FONT} at (0,0) size 2x10
                RenderText {#text} at (0,0) size 2x10
                  text run at (0,0) width 2: " "
            RenderTableCell {TD} at (56,150) size 7x10 [bgcolor=#025E5E] [r=15 c=8 rs=1 cs=1]
              RenderInline {FONT} at (0,0) size 2x10
                RenderText {#text} at (0,0) size 2x10
                  text run at (0,0) width 2: " "
            RenderTableCell {TD} at (63,150) size 7x10 [bgcolor=#025E5E] [r=15 c=9 rs=1 cs=1]
              RenderInline {FONT} at (0,0) size 2x10
                RenderText {#text} at (0,0) size 2x10
                  text run at (0,0) width 2: " "
            RenderTableCell {TD} at (70,150) size 7x10 [bgcolor=#72A3A1] [r=15 c=10 rs=1 cs=1]
              RenderInline {FONT} at (0,0) size 2x10
                RenderText {#text} at (0,0) size 2x10
                  text run at (0,0) width 2: " "
            RenderTableCell {TD} at (77,150) size 7x10 [bgcolor=#FDFDFB] [r=15 c=11 rs=1 cs=1]
              RenderInline {FONT} at (0,0) size 2x10
                RenderText {#text} at (0,0) size 2x10
                  text run at (0,0) width 2: " "
            RenderTableCell {TD} at (84,150) size 7x10 [bgcolor=#EDEEEF] [r=15 c=12 rs=1 cs=1]
              RenderInline {FONT} at (0,0) size 2x10
                RenderText {#text} at (0,0) size 2x10
                  text run at (0,0) width 2: " "
            RenderTableCell {TD} at (91,150) size 7x10 [bgcolor=#072323] [r=15 c=13 rs=1 cs=1]
              RenderInline {FONT} at (0,0) size 2x10
                RenderText {#text} at (0,0) size 2x10
                  text run at (0,0) width 2: " "
            RenderTableCell {TD} at (98,150) size 7x10 [bgcolor=#223C3D] [r=15 c=14 rs=1 cs=1]
              RenderInline {FONT} at (0,0) size 2x10
                RenderText {#text} at (0,0) size 2x10
                  text run at (0,0) width 2: " "
            RenderTableCell {TD} at (105,150) size 7x10 [bgcolor=#848788] [r=15 c=15 rs=1 cs=1]
              RenderInline {FONT} at (0,0) size 2x10
                RenderText {#text} at (0,0) size 2x10
                  text run at (0,0) width 2: " "
            RenderTableCell {TD} at (112,150) size 8x10 [bgcolor=#FDFDFB] [r=15 c=16 rs=1 cs=1]
              RenderInline {FONT} at (0,0) size 2x10
                RenderText {#text} at (0,0) size 2x10
                  text run at (0,0) width 2: " "
            RenderTableCell {TD} at (120,150) size 8x10 [bgcolor=#FDFDFB] [r=15 c=17 rs=1 cs=1]
              RenderInline {FONT} at (0,0) size 2x10
                RenderText {#text} at (0,0) size 2x10
                  text run at (0,0) width 2: " "
            RenderTableCell {TD} at (128,150) size 8x10 [bgcolor=#2D3433] [r=15 c=18 rs=1 cs=1]
              RenderInline {FONT} at (0,0) size 2x10
                RenderText {#text} at (0,0) size 2x10
                  text run at (0,0) width 2: " "
            RenderTableCell {TD} at (136,150) size 8x10 [bgcolor=#1E7A79] [r=15 c=19 rs=1 cs=1]
              RenderInline {FONT} at (0,0) size 2x10
                RenderText {#text} at (0,0) size 2x10
                  text run at (0,0) width 2: " "
            RenderTableCell {TD} at (144,150) size 8x10 [bgcolor=#44A3A2] [r=15 c=20 rs=1 cs=1]
              RenderInline {FONT} at (0,0) size 2x10
                RenderText {#text} at (0,0) size 2x10
                  text run at (0,0) width 2: " "
            RenderTableCell {TD} at (152,150) size 8x10 [bgcolor=#FDFDFB] [r=15 c=21 rs=1 cs=1]
              RenderInline {FONT} at (0,0) size 2x10
                RenderText {#text} at (0,0) size 2x10
                  text run at (0,0) width 2: " "
            RenderTableCell {TD} at (160,150) size 8x10 [bgcolor=#FDFDFB] [r=15 c=22 rs=1 cs=1]
              RenderInline {FONT} at (0,0) size 2x10
                RenderText {#text} at (0,0) size 2x10
                  text run at (0,0) width 2: " "
            RenderTableCell {TD} at (168,150) size 8x10 [bgcolor=#223C3D] [r=15 c=23 rs=1 cs=1]
              RenderInline {FONT} at (0,0) size 2x10
                RenderText {#text} at (0,0) size 2x10
                  text run at (0,0) width 2: " "
            RenderTableCell {TD} at (176,150) size 8x10 [bgcolor=#025E5E] [r=15 c=24 rs=1 cs=1]
              RenderInline {FONT} at (0,0) size 2x10
                RenderText {#text} at (0,0) size 2x10
                  text run at (0,0) width 2: " "
            RenderTableCell {TD} at (184,150) size 8x10 [bgcolor=#025E5E] [r=15 c=25 rs=1 cs=1]
              RenderInline {FONT} at (0,0) size 2x10
                RenderText {#text} at (0,0) size 2x10
                  text run at (0,0) width 2: " "
            RenderTableCell {TD} at (192,150) size 8x10 [bgcolor=#026766] [r=15 c=26 rs=1 cs=1]
              RenderInline {FONT} at (0,0) size 2x10
                RenderText {#text} at (0,0) size 2x10
                  text run at (0,0) width 2: " "
            RenderTableCell {TD} at (200,150) size 8x10 [bgcolor=#026766] [r=15 c=27 rs=1 cs=1]
              RenderInline {FONT} at (0,0) size 2x10
                RenderText {#text} at (0,0) size 2x10
                  text run at (0,0) width 2: " "
            RenderTableCell {TD} at (208,150) size 8x10 [bgcolor=#338686] [r=15 c=28 rs=1 cs=1]
              RenderInline {FONT} at (0,0) size 2x10
                RenderText {#text} at (0,0) size 2x10
                  text run at (0,0) width 2: " "
            RenderTableCell {TD} at (216,150) size 8x10 [bgcolor=#E0EAE9] [r=15 c=29 rs=1 cs=1]
              RenderInline {FONT} at (0,0) size 2x10
                RenderText {#text} at (0,0) size 2x10
                  text run at (0,0) width 2: " "
            RenderTableCell {TD} at (224,150) size 8x10 [bgcolor=#FDFDFB] [r=15 c=30 rs=1 cs=1]
              RenderInline {FONT} at (0,0) size 2x10
                RenderText {#text} at (0,0) size 2x10
                  text run at (0,0) width 2: " "
            RenderTableCell {TD} at (232,150) size 8x10 [bgcolor=#B4B4B4] [r=15 c=31 rs=1 cs=1]
              RenderInline {FONT} at (0,0) size 2x10
                RenderText {#text} at (0,0) size 2x10
                  text run at (0,0) width 2: " "
            RenderTableCell {TD} at (240,150) size 8x10 [bgcolor=#1C2524] [r=15 c=32 rs=1 cs=1]
              RenderInline {FONT} at (0,0) size 2x10
                RenderText {#text} at (0,0) size 2x10
                  text run at (0,0) width 2: " "
            RenderTableCell {TD} at (248,150) size 8x10 [bgcolor=#4D4F4F] [r=15 c=33 rs=1 cs=1]
              RenderInline {FONT} at (0,0) size 2x10
                RenderText {#text} at (0,0) size 2x10
                  text run at (0,0) width 2: " "
            RenderTableCell {TD} at (256,150) size 8x10 [bgcolor=#939494] [r=15 c=34 rs=1 cs=1]
              RenderInline {FONT} at (0,0) size 2x10
                RenderText {#text} at (0,0) size 2x10
                  text run at (0,0) width 2: " "
            RenderTableCell {TD} at (264,150) size 8x10 [bgcolor=#EDEEEF] [r=15 c=35 rs=1 cs=1]
              RenderInline {FONT} at (0,0) size 2x10
                RenderText {#text} at (0,0) size 2x10
                  text run at (0,0) width 2: " "
            RenderTableCell {TD} at (272,150) size 8x10 [bgcolor=#CADEDD] [r=15 c=36 rs=1 cs=1]
              RenderInline {FONT} at (0,0) size 2x10
                RenderText {#text} at (0,0) size 2x10
                  text run at (0,0) width 2: " "
            RenderTableCell {TD} at (280,150) size 8x10 [bgcolor=#338686] [r=15 c=37 rs=1 cs=1]
              RenderInline {FONT} at (0,0) size 2x10
                RenderText {#text} at (0,0) size 2x10
                  text run at (0,0) width 2: " "
            RenderTableCell {TD} at (288,150) size 8x10 [bgcolor=#026766] [r=15 c=38 rs=1 cs=1]
              RenderInline {FONT} at (0,0) size 2x10
                RenderText {#text} at (0,0) size 2x10
                  text run at (0,0) width 2: " "
            RenderTableCell {TD} at (296,150) size 8x10 [bgcolor=#026766] [r=15 c=39 rs=1 cs=1]
              RenderInline {FONT} at (0,0) size 2x10
                RenderText {#text} at (0,0) size 2x10
                  text run at (0,0) width 2: " "
            RenderTableCell {TD} at (304,150) size 8x10 [bgcolor=#025E5E] [r=15 c=40 rs=1 cs=1]
              RenderInline {FONT} at (0,0) size 2x10
                RenderText {#text} at (0,0) size 2x10
                  text run at (0,0) width 2: " "
            RenderTableCell {TD} at (312,150) size 8x10 [bgcolor=#025E5E] [r=15 c=41 rs=1 cs=1]
              RenderInline {FONT} at (0,0) size 2x10
                RenderText {#text} at (0,0) size 2x10
                  text run at (0,0) width 2: " "
            RenderTableCell {TD} at (320,150) size 8x10 [bgcolor=#1A6B6A] [r=15 c=42 rs=1 cs=1]
              RenderInline {FONT} at (0,0) size 2x10
                RenderText {#text} at (0,0) size 2x10
                  text run at (0,0) width 2: " "
            RenderTableCell {TD} at (328,150) size 8x10 [bgcolor=#CADEDD] [r=15 c=43 rs=1 cs=1]
              RenderInline {FONT} at (0,0) size 2x10
                RenderText {#text} at (0,0) size 2x10
                  text run at (0,0) width 2: " "
            RenderTableCell {TD} at (336,150) size 8x10 [bgcolor=#FDFDFB] [r=15 c=44 rs=1 cs=1]
              RenderInline {FONT} at (0,0) size 2x10
                RenderText {#text} at (0,0) size 2x10
                  text run at (0,0) width 2: " "
            RenderTableCell {TD} at (344,150) size 8x10 [bgcolor=#777878] [r=15 c=45 rs=1 cs=1]
              RenderInline {FONT} at (0,0) size 2x10
                RenderText {#text} at (0,0) size 2x10
                  text run at (0,0) width 2: " "
            RenderTableCell {TD} at (352,150) size 8x10 [bgcolor=#044F4F] [r=15 c=46 rs=1 cs=1]
              RenderInline {FONT} at (0,0) size 2x10
                RenderText {#text} at (0,0) size 2x10
                  text run at (0,0) width 2: " "
            RenderTableCell {TD} at (360,150) size 8x10 [bgcolor=#1A6B6A] [r=15 c=47 rs=1 cs=1]
              RenderInline {FONT} at (0,0) size 2x10
                RenderText {#text} at (0,0) size 2x10
                  text run at (0,0) width 2: " "
            RenderTableCell {TD} at (368,150) size 8x10 [bgcolor=#B6D0D1] [r=15 c=48 rs=1 cs=1]
              RenderInline {FONT} at (0,0) size 2x10
                RenderText {#text} at (0,0) size 2x10
                  text run at (0,0) width 2: " "
            RenderTableCell {TD} at (376,150) size 8x10 [bgcolor=#FDFDFB] [r=15 c=49 rs=1 cs=1]
              RenderInline {FONT} at (0,0) size 2x10
                RenderText {#text} at (0,0) size 2x10
                  text run at (0,0) width 2: " "
            RenderTableCell {TD} at (384,150) size 8x10 [bgcolor=#848788] [r=15 c=50 rs=1 cs=1]
              RenderInline {FONT} at (0,0) size 2x10
                RenderText {#text} at (0,0) size 2x10
                  text run at (0,0) width 2: " "
            RenderTableCell {TD} at (392,150) size 8x10 [bgcolor=#072323] [r=15 c=51 rs=1 cs=1]
              RenderInline {FONT} at (0,0) size 2x10
                RenderText {#text} at (0,0) size 2x10
                  text run at (0,0) width 2: " "
            RenderTableCell {TD} at (400,150) size 8x10 [bgcolor=#3D4242] [r=15 c=52 rs=1 cs=1]
              RenderInline {FONT} at (0,0) size 2x10
                RenderText {#text} at (0,0) size 2x10
                  text run at (0,0) width 2: " "
            RenderTableCell {TD} at (408,150) size 8x10 [bgcolor=#696A69] [r=15 c=53 rs=1 cs=1]
              RenderInline {FONT} at (0,0) size 2x10
                RenderText {#text} at (0,0) size 2x10
                  text run at (0,0) width 2: " "
            RenderTableCell {TD} at (416,150) size 8x10 [bgcolor=#848788] [r=15 c=54 rs=1 cs=1]
              RenderInline {FONT} at (0,0) size 2x10
                RenderText {#text} at (0,0) size 2x10
                  text run at (0,0) width 2: " "
            RenderTableCell {TD} at (424,150) size 8x10 [bgcolor=#939494] [r=15 c=55 rs=1 cs=1]
              RenderInline {FONT} at (0,0) size 2x10
                RenderText {#text} at (0,0) size 2x10
                  text run at (0,0) width 2: " "
            RenderTableCell {TD} at (432,150) size 8x10 [bgcolor=#B4B4B4] [r=15 c=56 rs=1 cs=1]
              RenderInline {FONT} at (0,0) size 2x10
                RenderText {#text} at (0,0) size 2x10
                  text run at (0,0) width 2: " "
            RenderTableCell {TD} at (440,150) size 8x10 [bgcolor=#FDFDFB] [r=15 c=57 rs=1 cs=1]
              RenderInline {FONT} at (0,0) size 2x10
                RenderText {#text} at (0,0) size 2x10
                  text run at (0,0) width 2: " "
            RenderTableCell {TD} at (448,150) size 8x10 [bgcolor=#FDFDFB] [r=15 c=58 rs=1 cs=1]
              RenderInline {FONT} at (0,0) size 2x10
                RenderText {#text} at (0,0) size 2x10
                  text run at (0,0) width 2: " "
            RenderTableCell {TD} at (456,150) size 8x10 [bgcolor=#2D3433] [r=15 c=59 rs=1 cs=1]
              RenderInline {FONT} at (0,0) size 2x10
                RenderText {#text} at (0,0) size 2x10
                  text run at (0,0) width 2: " "
            RenderTableCell {TD} at (464,150) size 8x10 [bgcolor=#287A7A] [r=15 c=60 rs=1 cs=1]
              RenderInline {FONT} at (0,0) size 2x10
                RenderText {#text} at (0,0) size 2x10
                  text run at (0,0) width 2: " "
            RenderTableCell {TD} at (472,150) size 8x10 [bgcolor=#027777] [r=15 c=61 rs=1 cs=1]
              RenderInline {FONT} at (0,0) size 2x10
                RenderText {#text} at (0,0) size 2x10
                  text run at (0,0) width 2: " "
            RenderTableCell {TD} at (480,150) size 8x10 [bgcolor=#B6D8D7] [r=15 c=62 rs=1 cs=1]
              RenderInline {FONT} at (0,0) size 2x10
                RenderText {#text} at (0,0) size 2x10
                  text run at (0,0) width 2: " "
            RenderTableCell {TD} at (488,150) size 8x10 [bgcolor=#FDFDFB] [r=15 c=63 rs=1 cs=1]
              RenderInline {FONT} at (0,0) size 2x10
                RenderText {#text} at (0,0) size 2x10
                  text run at (0,0) width 2: " "
            RenderTableCell {TD} at (496,150) size 8x10 [bgcolor=#91A3A3] [r=15 c=64 rs=1 cs=1]
              RenderInline {FONT} at (0,0) size 2x10
                RenderText {#text} at (0,0) size 2x10
                  text run at (0,0) width 2: " "
            RenderTableCell {TD} at (504,150) size 8x10 [bgcolor=#1A6B6A] [r=15 c=65 rs=1 cs=1]
              RenderInline {FONT} at (0,0) size 2x10
                RenderText {#text} at (0,0) size 2x10
                  text run at (0,0) width 2: " "
            RenderTableCell {TD} at (512,150) size 8x10 [bgcolor=#026766] [r=15 c=66 rs=1 cs=1]
              RenderInline {FONT} at (0,0) size 2x10
                RenderText {#text} at (0,0) size 2x10
                  text run at (0,0) width 2: " "
            RenderTableCell {TD} at (520,150) size 8x10 [bgcolor=#026766] [r=15 c=67 rs=1 cs=1]
              RenderInline {FONT} at (0,0) size 2x10
                RenderText {#text} at (0,0) size 2x10
                  text run at (0,0) width 2: " "
            RenderTableCell {TD} at (528,150) size 8x10 [bgcolor=#026766] [r=15 c=68 rs=1 cs=1]
              RenderInline {FONT} at (0,0) size 2x10
                RenderText {#text} at (0,0) size 2x10
                  text run at (0,0) width 2: " "
            RenderTableCell {TD} at (536,150) size 8x10 [bgcolor=#1A6B6A] [r=15 c=69 rs=1 cs=1]
              RenderInline {FONT} at (0,0) size 2x10
                RenderText {#text} at (0,0) size 2x10
                  text run at (0,0) width 2: " "
            RenderTableCell {TD} at (544,150) size 8x10 [bgcolor=#8DB7B6] [r=15 c=70 rs=1 cs=1]
              RenderInline {FONT} at (0,0) size 2x10
                RenderText {#text} at (0,0) size 2x10
                  text run at (0,0) width 2: " "
            RenderTableCell {TD} at (552,150) size 8x10 [bgcolor=#FDFDFB] [r=15 c=71 rs=1 cs=1]
              RenderInline {FONT} at (0,0) size 2x10
                RenderText {#text} at (0,0) size 2x10
                  text run at (0,0) width 2: " "
            RenderTableCell {TD} at (560,150) size 8x10 [bgcolor=#FDFDFB] [r=15 c=72 rs=1 cs=1]
              RenderInline {FONT} at (0,0) size 2x10
                RenderText {#text} at (0,0) size 2x10
                  text run at (0,0) width 2: " "
            RenderTableCell {TD} at (568,150) size 8x10 [bgcolor=#4D4F4F] [r=15 c=73 rs=1 cs=1]
              RenderInline {FONT} at (0,0) size 2x10
                RenderText {#text} at (0,0) size 2x10
                  text run at (0,0) width 2: " "
            RenderTableCell {TD} at (576,150) size 8x10 [bgcolor=#5E5F60] [r=15 c=74 rs=1 cs=1]
              RenderInline {FONT} at (0,0) size 2x10
                RenderText {#text} at (0,0) size 2x10
                  text run at (0,0) width 2: " "
            RenderTableCell {TD} at (584,150) size 8x10 [bgcolor=#848788] [r=15 c=75 rs=1 cs=1]
              RenderInline {FONT} at (0,0) size 2x10
                RenderText {#text} at (0,0) size 2x10
                  text run at (0,0) width 2: " "
            RenderTableCell {TD} at (592,150) size 8x10 [bgcolor=#CECFCF] [r=15 c=76 rs=1 cs=1]
              RenderInline {FONT} at (0,0) size 2x10
                RenderText {#text} at (0,0) size 2x10
                  text run at (0,0) width 2: " "
            RenderTableCell {TD} at (600,150) size 8x10 [bgcolor=#FDFDFB] [r=15 c=77 rs=1 cs=1]
              RenderInline {FONT} at (0,0) size 2x10
                RenderText {#text} at (0,0) size 2x10
                  text run at (0,0) width 2: " "
            RenderTableCell {TD} at (608,150) size 8x10 [bgcolor=#A2B5B4] [r=15 c=78 rs=1 cs=1]
              RenderInline {FONT} at (0,0) size 2x10
                RenderText {#text} at (0,0) size 2x10
                  text run at (0,0) width 2: " "
            RenderTableCell {TD} at (616,150) size 8x10 [bgcolor=#1B8685] [r=15 c=79 rs=1 cs=1]
              RenderInline {FONT} at (0,0) size 2x10
                RenderText {#text} at (0,0) size 2x10
                  text run at (0,0) width 2: " "
            RenderTableCell {TD} at (624,150) size 8x10 [bgcolor=#026766] [r=15 c=80 rs=1 cs=1]
              RenderInline {FONT} at (0,0) size 2x10
                RenderText {#text} at (0,0) size 2x10
                  text run at (0,0) width 2: " "
            RenderTableCell {TD} at (632,150) size 8x10 [bgcolor=#026766] [r=15 c=81 rs=1 cs=1]
              RenderInline {FONT} at (0,0) size 2x10
                RenderText {#text} at (0,0) size 2x10
                  text run at (0,0) width 2: " "
            RenderTableCell {TD} at (640,150) size 8x10 [bgcolor=#026766] [r=15 c=82 rs=1 cs=1]
              RenderInline {FONT} at (0,0) size 2x10
                RenderText {#text} at (0,0) size 2x10
                  text run at (0,0) width 2: " "
            RenderTableCell {TD} at (648,150) size 8x10 [bgcolor=#026766] [r=15 c=83 rs=1 cs=1]
              RenderInline {FONT} at (0,0) size 2x10
                RenderText {#text} at (0,0) size 2x10
                  text run at (0,0) width 2: " "
            RenderTableCell {TD} at (656,150) size 8x10 [bgcolor=#338686] [r=15 c=84 rs=1 cs=1]
              RenderInline {FONT} at (0,0) size 2x10
                RenderText {#text} at (0,0) size 2x10
                  text run at (0,0) width 2: " "
            RenderTableCell {TD} at (664,150) size 8x10 [bgcolor=#E0EAE9] [r=15 c=85 rs=1 cs=1]
              RenderInline {FONT} at (0,0) size 2x10
                RenderText {#text} at (0,0) size 2x10
                  text run at (0,0) width 2: " "
            RenderTableCell {TD} at (672,150) size 8x10 [bgcolor=#EDEEEF] [r=15 c=86 rs=1 cs=1]
              RenderInline {FONT} at (0,0) size 2x10
                RenderText {#text} at (0,0) size 2x10
                  text run at (0,0) width 2: " "
            RenderTableCell {TD} at (680,150) size 8x10 [bgcolor=#515C5B] [r=15 c=87 rs=1 cs=1]
              RenderInline {FONT} at (0,0) size 2x10
                RenderText {#text} at (0,0) size 2x10
                  text run at (0,0) width 2: " "
            RenderTableCell {TD} at (688,150) size 8x10 [bgcolor=#044140] [r=15 c=88 rs=1 cs=1]
              RenderInline {FONT} at (0,0) size 2x10
                RenderText {#text} at (0,0) size 2x10
                  text run at (0,0) width 2: " "
            RenderTableCell {TD} at (696,150) size 8x10 [bgcolor=#026766] [r=15 c=89 rs=1 cs=1]
              RenderInline {FONT} at (0,0) size 2x10
                RenderText {#text} at (0,0) size 2x10
                  text run at (0,0) width 2: " "
            RenderTableCell {TD} at (704,150) size 8x10 [bgcolor=#338686] [r=15 c=90 rs=1 cs=1]
              RenderInline {FONT} at (0,0) size 2x10
                RenderText {#text} at (0,0) size 2x10
                  text run at (0,0) width 2: " "
            RenderTableCell {TD} at (712,150) size 8x10 [bgcolor=#EDEEEF] [r=15 c=91 rs=1 cs=1]
              RenderInline {FONT} at (0,0) size 2x10
                RenderText {#text} at (0,0) size 2x10
                  text run at (0,0) width 2: " "
            RenderTableCell {TD} at (720,150) size 8x10 [bgcolor=#FDFDFB] [r=15 c=92 rs=1 cs=1]
              RenderInline {FONT} at (0,0) size 2x10
                RenderText {#text} at (0,0) size 2x10
                  text run at (0,0) width 2: " "
            RenderTableCell {TD} at (728,150) size 8x10 [bgcolor=#2D3433] [r=15 c=93 rs=1 cs=1]
              RenderInline {FONT} at (0,0) size 2x10
                RenderText {#text} at (0,0) size 2x10
                  text run at (0,0) width 2: " "
            RenderTableCell {TD} at (736,150) size 8x10 [bgcolor=#223C3D] [r=15 c=94 rs=1 cs=1]
              RenderInline {FONT} at (0,0) size 2x10
                RenderText {#text} at (0,0) size 2x10
                  text run at (0,0) width 2: " "
            RenderTableCell {TD} at (744,150) size 8x10 [bgcolor=#5E5F60] [r=15 c=95 rs=1 cs=1]
              RenderInline {FONT} at (0,0) size 2x10
                RenderText {#text} at (0,0) size 2x10
                  text run at (0,0) width 2: " "
            RenderTableCell {TD} at (752,150) size 8x10 [bgcolor=#777878] [r=15 c=96 rs=1 cs=1]
              RenderInline {FONT} at (0,0) size 2x10
                RenderText {#text} at (0,0) size 2x10
                  text run at (0,0) width 2: " "
            RenderTableCell {TD} at (760,150) size 8x10 [bgcolor=#848788] [r=15 c=97 rs=1 cs=1]
              RenderInline {FONT} at (0,0) size 2x10
                RenderText {#text} at (0,0) size 2x10
                  text run at (0,0) width 2: " "
            RenderTableCell {TD} at (768,150) size 8x10 [bgcolor=#777878] [r=15 c=98 rs=1 cs=1]
              RenderInline {FONT} at (0,0) size 2x10
                RenderText {#text} at (0,0) size 2x10
                  text run at (0,0) width 2: " "
            RenderTableCell {TD} at (776,150) size 8x10 [bgcolor=#4D4F4F] [r=15 c=99 rs=1 cs=1]
              RenderInline {FONT} at (0,0) size 2x10
                RenderText {#text} at (0,0) size 2x10
                  text run at (0,0) width 2: " "
          RenderTableRow {TR} at (0,160) size 784x10
            RenderTableCell {TD} at (0,160) size 7x10 [bgcolor=#FDFDFB] [r=16 c=0 rs=1 cs=1]
              RenderInline {FONT} at (0,0) size 2x10
                RenderText {#text} at (0,0) size 2x10
                  text run at (0,0) width 2: " "
            RenderTableCell {TD} at (7,160) size 7x10 [bgcolor=#7CAEAF] [r=16 c=1 rs=1 cs=1]
              RenderInline {FONT} at (0,0) size 2x10
                RenderText {#text} at (0,0) size 2x10
                  text run at (0,0) width 2: " "
            RenderTableCell {TD} at (14,160) size 7x10 [bgcolor=#469191] [r=16 c=2 rs=1 cs=1]
              RenderInline {FONT} at (0,0) size 2x10
                RenderText {#text} at (0,0) size 2x10
                  text run at (0,0) width 2: " "
            RenderTableCell {TD} at (21,160) size 7x10 [bgcolor=#EDEEEF] [r=16 c=3 rs=1 cs=1]
              RenderInline {FONT} at (0,0) size 2x10
                RenderText {#text} at (0,0) size 2x10
                  text run at (0,0) width 2: " "
            RenderTableCell {TD} at (28,160) size 7x10 [bgcolor=#FDFDFB] [r=16 c=4 rs=1 cs=1]
              RenderInline {FONT} at (0,0) size 2x10
                RenderText {#text} at (0,0) size 2x10
                  text run at (0,0) width 2: " "
            RenderTableCell {TD} at (35,160) size 7x10 [bgcolor=#A4CCCC] [r=16 c=5 rs=1 cs=1]
              RenderInline {FONT} at (0,0) size 2x10
                RenderText {#text} at (0,0) size 2x10
                  text run at (0,0) width 2: " "
            RenderTableCell {TD} at (42,160) size 7x10 [bgcolor=#7CAEAF] [r=16 c=6 rs=1 cs=1]
              RenderInline {FONT} at (0,0) size 2x10
                RenderText {#text} at (0,0) size 2x10
                  text run at (0,0) width 2: " "
            RenderTableCell {TD} at (49,160) size 7x10 [bgcolor=#60A2A3] [r=16 c=7 rs=1 cs=1]
              RenderInline {FONT} at (0,0) size 2x10
                RenderText {#text} at (0,0) size 2x10
                  text run at (0,0) width 2: " "
            RenderTableCell {TD} at (56,160) size 7x10 [bgcolor=#72A3A1] [r=16 c=8 rs=1 cs=1]
              RenderInline {FONT} at (0,0) size 2x10
                RenderText {#text} at (0,0) size 2x10
                  text run at (0,0) width 2: " "
            RenderTableCell {TD} at (63,160) size 7x10 [bgcolor=#97C1C0] [r=16 c=9 rs=1 cs=1]
              RenderInline {FONT} at (0,0) size 2x10
                RenderText {#text} at (0,0) size 2x10
                  text run at (0,0) width 2: " "
            RenderTableCell {TD} at (70,160) size 7x10 [bgcolor=#E0EAE9] [r=16 c=10 rs=1 cs=1]
              RenderInline {FONT} at (0,0) size 2x10
                RenderText {#text} at (0,0) size 2x10
                  text run at (0,0) width 2: " "
            RenderTableCell {TD} at (77,160) size 7x10 [bgcolor=#EDEEEF] [r=16 c=11 rs=1 cs=1]
              RenderInline {FONT} at (0,0) size 2x10
                RenderText {#text} at (0,0) size 2x10
                  text run at (0,0) width 2: " "
            RenderTableCell {TD} at (84,160) size 7x10 [bgcolor=#696A69] [r=16 c=12 rs=1 cs=1]
              RenderInline {FONT} at (0,0) size 2x10
                RenderText {#text} at (0,0) size 2x10
                  text run at (0,0) width 2: " "
            RenderTableCell {TD} at (91,160) size 7x10 [bgcolor=#072323] [r=16 c=13 rs=1 cs=1]
              RenderInline {FONT} at (0,0) size 2x10
                RenderText {#text} at (0,0) size 2x10
                  text run at (0,0) width 2: " "
            RenderTableCell {TD} at (98,160) size 7x10 [bgcolor=#223C3D] [r=16 c=14 rs=1 cs=1]
              RenderInline {FONT} at (0,0) size 2x10
                RenderText {#text} at (0,0) size 2x10
                  text run at (0,0) width 2: " "
            RenderTableCell {TD} at (105,160) size 7x10 [bgcolor=#848788] [r=16 c=15 rs=1 cs=1]
              RenderInline {FONT} at (0,0) size 2x10
                RenderText {#text} at (0,0) size 2x10
                  text run at (0,0) width 2: " "
            RenderTableCell {TD} at (112,160) size 8x10 [bgcolor=#FDFDFB] [r=16 c=16 rs=1 cs=1]
              RenderInline {FONT} at (0,0) size 2x10
                RenderText {#text} at (0,0) size 2x10
                  text run at (0,0) width 2: " "
            RenderTableCell {TD} at (120,160) size 8x10 [bgcolor=#FDFDFB] [r=16 c=17 rs=1 cs=1]
              RenderInline {FONT} at (0,0) size 2x10
                RenderText {#text} at (0,0) size 2x10
                  text run at (0,0) width 2: " "
            RenderTableCell {TD} at (128,160) size 8x10 [bgcolor=#2D3433] [r=16 c=18 rs=1 cs=1]
              RenderInline {FONT} at (0,0) size 2x10
                RenderText {#text} at (0,0) size 2x10
                  text run at (0,0) width 2: " "
            RenderTableCell {TD} at (136,160) size 8x10 [bgcolor=#1E7A79] [r=16 c=19 rs=1 cs=1]
              RenderInline {FONT} at (0,0) size 2x10
                RenderText {#text} at (0,0) size 2x10
                  text run at (0,0) width 2: " "
            RenderTableCell {TD} at (144,160) size 8x10 [bgcolor=#1B8685] [r=16 c=20 rs=1 cs=1]
              RenderInline {FONT} at (0,0) size 2x10
                RenderText {#text} at (0,0) size 2x10
                  text run at (0,0) width 2: " "
            RenderTableCell {TD} at (152,160) size 8x10 [bgcolor=#CADEDD] [r=16 c=21 rs=1 cs=1]
              RenderInline {FONT} at (0,0) size 2x10
                RenderText {#text} at (0,0) size 2x10
                  text run at (0,0) width 2: " "
            RenderTableCell {TD} at (160,160) size 8x10 [bgcolor=#FDFDFB] [r=16 c=22 rs=1 cs=1]
              RenderInline {FONT} at (0,0) size 2x10
                RenderText {#text} at (0,0) size 2x10
                  text run at (0,0) width 2: " "
            RenderTableCell {TD} at (168,160) size 8x10 [bgcolor=#B6D0D1] [r=16 c=23 rs=1 cs=1]
              RenderInline {FONT} at (0,0) size 2x10
                RenderText {#text} at (0,0) size 2x10
                  text run at (0,0) width 2: " "
            RenderTableCell {TD} at (176,160) size 8x10 [bgcolor=#7CAEAF] [r=16 c=24 rs=1 cs=1]
              RenderInline {FONT} at (0,0) size 2x10
                RenderText {#text} at (0,0) size 2x10
                  text run at (0,0) width 2: " "
            RenderTableCell {TD} at (184,160) size 8x10 [bgcolor=#60A2A3] [r=16 c=25 rs=1 cs=1]
              RenderInline {FONT} at (0,0) size 2x10
                RenderText {#text} at (0,0) size 2x10
                  text run at (0,0) width 2: " "
            RenderTableCell {TD} at (192,160) size 8x10 [bgcolor=#7CAEAF] [r=16 c=26 rs=1 cs=1]
              RenderInline {FONT} at (0,0) size 2x10
                RenderText {#text} at (0,0) size 2x10
                  text run at (0,0) width 2: " "
            RenderTableCell {TD} at (200,160) size 8x10 [bgcolor=#A4CCCC] [r=16 c=27 rs=1 cs=1]
              RenderInline {FONT} at (0,0) size 2x10
                RenderText {#text} at (0,0) size 2x10
                  text run at (0,0) width 2: " "
            RenderTableCell {TD} at (208,160) size 8x10 [bgcolor=#DEDFDF] [r=16 c=28 rs=1 cs=1]
              RenderInline {FONT} at (0,0) size 2x10
                RenderText {#text} at (0,0) size 2x10
                  text run at (0,0) width 2: " "
            RenderTableCell {TD} at (216,160) size 8x10 [bgcolor=#BEC2C2] [r=16 c=29 rs=1 cs=1]
              RenderInline {FONT} at (0,0) size 2x10
                RenderText {#text} at (0,0) size 2x10
                  text run at (0,0) width 2: " "
            RenderTableCell {TD} at (224,160) size 8x10 [bgcolor=#FDFDFB] [r=16 c=30 rs=1 cs=1]
              RenderInline {FONT} at (0,0) size 2x10
                RenderText {#text} at (0,0) size 2x10
                  text run at (0,0) width 2: " "
            RenderTableCell {TD} at (232,160) size 8x10 [bgcolor=#DEDFDF] [r=16 c=31 rs=1 cs=1]
              RenderInline {FONT} at (0,0) size 2x10
                RenderText {#text} at (0,0) size 2x10
                  text run at (0,0) width 2: " "
            RenderTableCell {TD} at (240,160) size 8x10 [bgcolor=#939494] [r=16 c=32 rs=1 cs=1]
              RenderInline {FONT} at (0,0) size 2x10
                RenderText {#text} at (0,0) size 2x10
                  text run at (0,0) width 2: " "
            RenderTableCell {TD} at (248,160) size 8x10 [bgcolor=#696A69] [r=16 c=33 rs=1 cs=1]
              RenderInline {FONT} at (0,0) size 2x10
                RenderText {#text} at (0,0) size 2x10
                  text run at (0,0) width 2: " "
            RenderTableCell {TD} at (256,160) size 8x10 [bgcolor=#848788] [r=16 c=34 rs=1 cs=1]
              RenderInline {FONT} at (0,0) size 2x10
                RenderText {#text} at (0,0) size 2x10
                  text run at (0,0) width 2: " "
            RenderTableCell {TD} at (264,160) size 8x10 [bgcolor=#CECFCF] [r=16 c=35 rs=1 cs=1]
              RenderInline {FONT} at (0,0) size 2x10
                RenderText {#text} at (0,0) size 2x10
                  text run at (0,0) width 2: " "
            RenderTableCell {TD} at (272,160) size 8x10 [bgcolor=#FDFDFB] [r=16 c=36 rs=1 cs=1]
              RenderInline {FONT} at (0,0) size 2x10
                RenderText {#text} at (0,0) size 2x10
                  text run at (0,0) width 2: " "
            RenderTableCell {TD} at (280,160) size 8x10 [bgcolor=#DEDFDF] [r=16 c=37 rs=1 cs=1]
              RenderInline {FONT} at (0,0) size 2x10
                RenderText {#text} at (0,0) size 2x10
                  text run at (0,0) width 2: " "
            RenderTableCell {TD} at (288,160) size 8x10 [bgcolor=#8DB7B6] [r=16 c=38 rs=1 cs=1]
              RenderInline {FONT} at (0,0) size 2x10
                RenderText {#text} at (0,0) size 2x10
                  text run at (0,0) width 2: " "
            RenderTableCell {TD} at (296,160) size 8x10 [bgcolor=#72A3A1] [r=16 c=39 rs=1 cs=1]
              RenderInline {FONT} at (0,0) size 2x10
                RenderText {#text} at (0,0) size 2x10
                  text run at (0,0) width 2: " "
            RenderTableCell {TD} at (304,160) size 8x10 [bgcolor=#60A2A3] [r=16 c=40 rs=1 cs=1]
              RenderInline {FONT} at (0,0) size 2x10
                RenderText {#text} at (0,0) size 2x10
                  text run at (0,0) width 2: " "
            RenderTableCell {TD} at (312,160) size 8x10 [bgcolor=#7CAEAF] [r=16 c=41 rs=1 cs=1]
              RenderInline {FONT} at (0,0) size 2x10
                RenderText {#text} at (0,0) size 2x10
                  text run at (0,0) width 2: " "
            RenderTableCell {TD} at (320,160) size 8x10 [bgcolor=#B6D8D7] [r=16 c=42 rs=1 cs=1]
              RenderInline {FONT} at (0,0) size 2x10
                RenderText {#text} at (0,0) size 2x10
                  text run at (0,0) width 2: " "
            RenderTableCell {TD} at (328,160) size 8x10 [bgcolor=#FDFDFB] [r=16 c=43 rs=1 cs=1]
              RenderInline {FONT} at (0,0) size 2x10
                RenderText {#text} at (0,0) size 2x10
                  text run at (0,0) width 2: " "
            RenderTableCell {TD} at (336,160) size 8x10 [bgcolor=#B4B4B4] [r=16 c=44 rs=1 cs=1]
              RenderInline {FONT} at (0,0) size 2x10
                RenderText {#text} at (0,0) size 2x10
                  text run at (0,0) width 2: " "
            RenderTableCell {TD} at (344,160) size 8x10 [bgcolor=#1C2524] [r=16 c=45 rs=1 cs=1]
              RenderInline {FONT} at (0,0) size 2x10
                RenderText {#text} at (0,0) size 2x10
                  text run at (0,0) width 2: " "
            RenderTableCell {TD} at (352,160) size 8x10 [bgcolor=#025E5E] [r=16 c=46 rs=1 cs=1]
              RenderInline {FONT} at (0,0) size 2x10
                RenderText {#text} at (0,0) size 2x10
                  text run at (0,0) width 2: " "
            RenderTableCell {TD} at (360,160) size 8x10 [bgcolor=#1A6B6A] [r=16 c=47 rs=1 cs=1]
              RenderInline {FONT} at (0,0) size 2x10
                RenderText {#text} at (0,0) size 2x10
                  text run at (0,0) width 2: " "
            RenderTableCell {TD} at (368,160) size 8x10 [bgcolor=#B6D0D1] [r=16 c=48 rs=1 cs=1]
              RenderInline {FONT} at (0,0) size 2x10
                RenderText {#text} at (0,0) size 2x10
                  text run at (0,0) width 2: " "
            RenderTableCell {TD} at (376,160) size 8x10 [bgcolor=#FDFDFB] [r=16 c=49 rs=1 cs=1]
              RenderInline {FONT} at (0,0) size 2x10
                RenderText {#text} at (0,0) size 2x10
                  text run at (0,0) width 2: " "
            RenderTableCell {TD} at (384,160) size 8x10 [bgcolor=#848788] [r=16 c=50 rs=1 cs=1]
              RenderInline {FONT} at (0,0) size 2x10
                RenderText {#text} at (0,0) size 2x10
                  text run at (0,0) width 2: " "
            RenderTableCell {TD} at (392,160) size 8x10 [bgcolor=#072323] [r=16 c=51 rs=1 cs=1]
              RenderInline {FONT} at (0,0) size 2x10
                RenderText {#text} at (0,0) size 2x10
                  text run at (0,0) width 2: " "
            RenderTableCell {TD} at (400,160) size 8x10 [bgcolor=#3D4242] [r=16 c=52 rs=1 cs=1]
              RenderInline {FONT} at (0,0) size 2x10
                RenderText {#text} at (0,0) size 2x10
                  text run at (0,0) width 2: " "
            RenderTableCell {TD} at (408,160) size 8x10 [bgcolor=#696A69] [r=16 c=53 rs=1 cs=1]
              RenderInline {FONT} at (0,0) size 2x10
                RenderText {#text} at (0,0) size 2x10
                  text run at (0,0) width 2: " "
            RenderTableCell {TD} at (416,160) size 8x10 [bgcolor=#848788] [r=16 c=54 rs=1 cs=1]
              RenderInline {FONT} at (0,0) size 2x10
                RenderText {#text} at (0,0) size 2x10
                  text run at (0,0) width 2: " "
            RenderTableCell {TD} at (424,160) size 8x10 [bgcolor=#939494] [r=16 c=55 rs=1 cs=1]
              RenderInline {FONT} at (0,0) size 2x10
                RenderText {#text} at (0,0) size 2x10
                  text run at (0,0) width 2: " "
            RenderTableCell {TD} at (432,160) size 8x10 [bgcolor=#B4B4B4] [r=16 c=56 rs=1 cs=1]
              RenderInline {FONT} at (0,0) size 2x10
                RenderText {#text} at (0,0) size 2x10
                  text run at (0,0) width 2: " "
            RenderTableCell {TD} at (440,160) size 8x10 [bgcolor=#FDFDFB] [r=16 c=57 rs=1 cs=1]
              RenderInline {FONT} at (0,0) size 2x10
                RenderText {#text} at (0,0) size 2x10
                  text run at (0,0) width 2: " "
            RenderTableCell {TD} at (448,160) size 8x10 [bgcolor=#FDFDFB] [r=16 c=58 rs=1 cs=1]
              RenderInline {FONT} at (0,0) size 2x10
                RenderText {#text} at (0,0) size 2x10
                  text run at (0,0) width 2: " "
            RenderTableCell {TD} at (456,160) size 8x10 [bgcolor=#2D3433] [r=16 c=59 rs=1 cs=1]
              RenderInline {FONT} at (0,0) size 2x10
                RenderText {#text} at (0,0) size 2x10
                  text run at (0,0) width 2: " "
            RenderTableCell {TD} at (464,160) size 8x10 [bgcolor=#447877] [r=16 c=60 rs=1 cs=1]
              RenderInline {FONT} at (0,0) size 2x10
                RenderText {#text} at (0,0) size 2x10
                  text run at (0,0) width 2: " "
            RenderTableCell {TD} at (472,160) size 8x10 [bgcolor=#027777] [r=16 c=61 rs=1 cs=1]
              RenderInline {FONT} at (0,0) size 2x10
                RenderText {#text} at (0,0) size 2x10
                  text run at (0,0) width 2: " "
            RenderTableCell {TD} at (480,160) size 8x10 [bgcolor=#338686] [r=16 c=62 rs=1 cs=1]
              RenderInline {FONT} at (0,0) size 2x10
                RenderText {#text} at (0,0) size 2x10
                  text run at (0,0) width 2: " "
            RenderTableCell {TD} at (488,160) size 8x10 [bgcolor=#B6D0D1] [r=16 c=63 rs=1 cs=1]
              RenderInline {FONT} at (0,0) size 2x10
                RenderText {#text} at (0,0) size 2x10
                  text run at (0,0) width 2: " "
            RenderTableCell {TD} at (496,160) size 8x10 [bgcolor=#FDFDFB] [r=16 c=64 rs=1 cs=1]
              RenderInline {FONT} at (0,0) size 2x10
                RenderText {#text} at (0,0) size 2x10
                  text run at (0,0) width 2: " "
            RenderTableCell {TD} at (504,160) size 8x10 [bgcolor=#B6D0D1] [r=16 c=65 rs=1 cs=1]
              RenderInline {FONT} at (0,0) size 2x10
                RenderText {#text} at (0,0) size 2x10
                  text run at (0,0) width 2: " "
            RenderTableCell {TD} at (512,160) size 8x10 [bgcolor=#7CAEAF] [r=16 c=66 rs=1 cs=1]
              RenderInline {FONT} at (0,0) size 2x10
                RenderText {#text} at (0,0) size 2x10
                  text run at (0,0) width 2: " "
            RenderTableCell {TD} at (520,160) size 8x10 [bgcolor=#60A2A3] [r=16 c=67 rs=1 cs=1]
              RenderInline {FONT} at (0,0) size 2x10
                RenderText {#text} at (0,0) size 2x10
                  text run at (0,0) width 2: " "
            RenderTableCell {TD} at (528,160) size 8x10 [bgcolor=#7CAEAF] [r=16 c=68 rs=1 cs=1]
              RenderInline {FONT} at (0,0) size 2x10
                RenderText {#text} at (0,0) size 2x10
                  text run at (0,0) width 2: " "
            RenderTableCell {TD} at (536,160) size 8x10 [bgcolor=#CADEDD] [r=16 c=69 rs=1 cs=1]
              RenderInline {FONT} at (0,0) size 2x10
                RenderText {#text} at (0,0) size 2x10
                  text run at (0,0) width 2: " "
            RenderTableCell {TD} at (544,160) size 8x10 [bgcolor=#DEDFDF] [r=16 c=70 rs=1 cs=1]
              RenderInline {FONT} at (0,0) size 2x10
                RenderText {#text} at (0,0) size 2x10
                  text run at (0,0) width 2: " "
            RenderTableCell {TD} at (552,160) size 8x10 [bgcolor=#DEDFDF] [r=16 c=71 rs=1 cs=1]
              RenderInline {FONT} at (0,0) size 2x10
                RenderText {#text} at (0,0) size 2x10
                  text run at (0,0) width 2: " "
            RenderTableCell {TD} at (560,160) size 8x10 [bgcolor=#FDFDFB] [r=16 c=72 rs=1 cs=1]
              RenderInline {FONT} at (0,0) size 2x10
                RenderText {#text} at (0,0) size 2x10
                  text run at (0,0) width 2: " "
            RenderTableCell {TD} at (568,160) size 8x10 [bgcolor=#4D4F4F] [r=16 c=73 rs=1 cs=1]
              RenderInline {FONT} at (0,0) size 2x10
                RenderText {#text} at (0,0) size 2x10
                  text run at (0,0) width 2: " "
            RenderTableCell {TD} at (576,160) size 8x10 [bgcolor=#5E5F60] [r=16 c=74 rs=1 cs=1]
              RenderInline {FONT} at (0,0) size 2x10
                RenderText {#text} at (0,0) size 2x10
                  text run at (0,0) width 2: " "
            RenderTableCell {TD} at (584,160) size 8x10 [bgcolor=#848788] [r=16 c=75 rs=1 cs=1]
              RenderInline {FONT} at (0,0) size 2x10
                RenderText {#text} at (0,0) size 2x10
                  text run at (0,0) width 2: " "
            RenderTableCell {TD} at (592,160) size 8x10 [bgcolor=#939494] [r=16 c=76 rs=1 cs=1]
              RenderInline {FONT} at (0,0) size 2x10
                RenderText {#text} at (0,0) size 2x10
                  text run at (0,0) width 2: " "
            RenderTableCell {TD} at (600,160) size 8x10 [bgcolor=#BEC2C2] [r=16 c=77 rs=1 cs=1]
              RenderInline {FONT} at (0,0) size 2x10
                RenderText {#text} at (0,0) size 2x10
                  text run at (0,0) width 2: " "
            RenderTableCell {TD} at (608,160) size 8x10 [bgcolor=#FDFDFB] [r=16 c=78 rs=1 cs=1]
              RenderInline {FONT} at (0,0) size 2x10
                RenderText {#text} at (0,0) size 2x10
                  text run at (0,0) width 2: " "
            RenderTableCell {TD} at (616,160) size 8x10 [bgcolor=#CADEDD] [r=16 c=79 rs=1 cs=1]
              RenderInline {FONT} at (0,0) size 2x10
                RenderText {#text} at (0,0) size 2x10
                  text run at (0,0) width 2: " "
            RenderTableCell {TD} at (624,160) size 8x10 [bgcolor=#8DB7B6] [r=16 c=80 rs=1 cs=1]
              RenderInline {FONT} at (0,0) size 2x10
                RenderText {#text} at (0,0) size 2x10
                  text run at (0,0) width 2: " "
            RenderTableCell {TD} at (632,160) size 8x10 [bgcolor=#72A3A1] [r=16 c=81 rs=1 cs=1]
              RenderInline {FONT} at (0,0) size 2x10
                RenderText {#text} at (0,0) size 2x10
                  text run at (0,0) width 2: " "
            RenderTableCell {TD} at (640,160) size 8x10 [bgcolor=#72A3A1] [r=16 c=82 rs=1 cs=1]
              RenderInline {FONT} at (0,0) size 2x10
                RenderText {#text} at (0,0) size 2x10
                  text run at (0,0) width 2: " "
            RenderTableCell {TD} at (648,160) size 8x10 [bgcolor=#97C1C0] [r=16 c=83 rs=1 cs=1]
              RenderInline {FONT} at (0,0) size 2x10
                RenderText {#text} at (0,0) size 2x10
                  text run at (0,0) width 2: " "
            RenderTableCell {TD} at (656,160) size 8x10 [bgcolor=#EDEEEF] [r=16 c=84 rs=1 cs=1]
              RenderInline {FONT} at (0,0) size 2x10
                RenderText {#text} at (0,0) size 2x10
                  text run at (0,0) width 2: " "
            RenderTableCell {TD} at (664,160) size 8x10 [bgcolor=#DEDFDF] [r=16 c=85 rs=1 cs=1]
              RenderInline {FONT} at (0,0) size 2x10
                RenderText {#text} at (0,0) size 2x10
                  text run at (0,0) width 2: " "
            RenderTableCell {TD} at (672,160) size 8x10 [bgcolor=#696A69] [r=16 c=86 rs=1 cs=1]
              RenderInline {FONT} at (0,0) size 2x10
                RenderText {#text} at (0,0) size 2x10
                  text run at (0,0) width 2: " "
            RenderTableCell {TD} at (680,160) size 8x10 [bgcolor=#072323] [r=16 c=87 rs=1 cs=1]
              RenderInline {FONT} at (0,0) size 2x10
                RenderText {#text} at (0,0) size 2x10
                  text run at (0,0) width 2: " "
            RenderTableCell {TD} at (688,160) size 8x10 [bgcolor=#025E5E] [r=16 c=88 rs=1 cs=1]
              RenderInline {FONT} at (0,0) size 2x10
                RenderText {#text} at (0,0) size 2x10
                  text run at (0,0) width 2: " "
            RenderTableCell {TD} at (696,160) size 8x10 [bgcolor=#026766] [r=16 c=89 rs=1 cs=1]
              RenderInline {FONT} at (0,0) size 2x10
                RenderText {#text} at (0,0) size 2x10
                  text run at (0,0) width 2: " "
            RenderTableCell {TD} at (704,160) size 8x10 [bgcolor=#287A7A] [r=16 c=90 rs=1 cs=1]
              RenderInline {FONT} at (0,0) size 2x10
                RenderText {#text} at (0,0) size 2x10
                  text run at (0,0) width 2: " "
            RenderTableCell {TD} at (712,160) size 8x10 [bgcolor=#E0EAE9] [r=16 c=91 rs=1 cs=1]
              RenderInline {FONT} at (0,0) size 2x10
                RenderText {#text} at (0,0) size 2x10
                  text run at (0,0) width 2: " "
            RenderTableCell {TD} at (720,160) size 8x10 [bgcolor=#FDFDFB] [r=16 c=92 rs=1 cs=1]
              RenderInline {FONT} at (0,0) size 2x10
                RenderText {#text} at (0,0) size 2x10
                  text run at (0,0) width 2: " "
            RenderTableCell {TD} at (728,160) size 8x10 [bgcolor=#B4B4B4] [r=16 c=93 rs=1 cs=1]
              RenderInline {FONT} at (0,0) size 2x10
                RenderText {#text} at (0,0) size 2x10
                  text run at (0,0) width 2: " "
            RenderTableCell {TD} at (736,160) size 8x10 [bgcolor=#91A3A3] [r=16 c=94 rs=1 cs=1]
              RenderInline {FONT} at (0,0) size 2x10
                RenderText {#text} at (0,0) size 2x10
                  text run at (0,0) width 2: " "
            RenderTableCell {TD} at (744,160) size 8x10 [bgcolor=#848788] [r=16 c=95 rs=1 cs=1]
              RenderInline {FONT} at (0,0) size 2x10
                RenderText {#text} at (0,0) size 2x10
                  text run at (0,0) width 2: " "
            RenderTableCell {TD} at (752,160) size 8x10 [bgcolor=#777878] [r=16 c=96 rs=1 cs=1]
              RenderInline {FONT} at (0,0) size 2x10
                RenderText {#text} at (0,0) size 2x10
                  text run at (0,0) width 2: " "
            RenderTableCell {TD} at (760,160) size 8x10 [bgcolor=#848788] [r=16 c=97 rs=1 cs=1]
              RenderInline {FONT} at (0,0) size 2x10
                RenderText {#text} at (0,0) size 2x10
                  text run at (0,0) width 2: " "
            RenderTableCell {TD} at (768,160) size 8x10 [bgcolor=#777878] [r=16 c=98 rs=1 cs=1]
              RenderInline {FONT} at (0,0) size 2x10
                RenderText {#text} at (0,0) size 2x10
                  text run at (0,0) width 2: " "
            RenderTableCell {TD} at (776,160) size 8x10 [bgcolor=#4D4F4F] [r=16 c=99 rs=1 cs=1]
              RenderInline {FONT} at (0,0) size 2x10
                RenderText {#text} at (0,0) size 2x10
                  text run at (0,0) width 2: " "
          RenderTableRow {TR} at (0,170) size 784x10
            RenderTableCell {TD} at (0,170) size 7x10 [bgcolor=#FDFDFB] [r=17 c=0 rs=1 cs=1]
              RenderInline {FONT} at (0,0) size 2x10
                RenderText {#text} at (0,0) size 2x10
                  text run at (0,0) width 2: " "
            RenderTableCell {TD} at (7,170) size 7x10 [bgcolor=#CADEDD] [r=17 c=1 rs=1 cs=1]
              RenderInline {FONT} at (0,0) size 2x10
                RenderText {#text} at (0,0) size 2x10
                  text run at (0,0) width 2: " "
            RenderTableCell {TD} at (14,170) size 7x10 [bgcolor=#1A6B6A] [r=17 c=2 rs=1 cs=1]
              RenderInline {FONT} at (0,0) size 2x10
                RenderText {#text} at (0,0) size 2x10
                  text run at (0,0) width 2: " "
            RenderTableCell {TD} at (21,170) size 7x10 [bgcolor=#1A5C5C] [r=17 c=3 rs=1 cs=1]
              RenderInline {FONT} at (0,0) size 2x10
                RenderText {#text} at (0,0) size 2x10
                  text run at (0,0) width 2: " "
            RenderTableCell {TD} at (28,170) size 7x10 [bgcolor=#647979] [r=17 c=4 rs=1 cs=1]
              RenderInline {FONT} at (0,0) size 2x10
                RenderText {#text} at (0,0) size 2x10
                  text run at (0,0) width 2: " "
            RenderTableCell {TD} at (35,170) size 7x10 [bgcolor=#939494] [r=17 c=5 rs=1 cs=1]
              RenderInline {FONT} at (0,0) size 2x10
                RenderText {#text} at (0,0) size 2x10
                  text run at (0,0) width 2: " "
            RenderTableCell {TD} at (42,170) size 7x10 [bgcolor=#A5A6A6] [r=17 c=6 rs=1 cs=1]
              RenderInline {FONT} at (0,0) size 2x10
                RenderText {#text} at (0,0) size 2x10
                  text run at (0,0) width 2: " "
            RenderTableCell {TD} at (49,170) size 7x10 [bgcolor=#A5A6A6] [r=17 c=7 rs=1 cs=1]
              RenderInline {FONT} at (0,0) size 2x10
                RenderText {#text} at (0,0) size 2x10
                  text run at (0,0) width 2: " "
            RenderTableCell {TD} at (56,170) size 7x10 [bgcolor=#A5A6A6] [r=17 c=8 rs=1 cs=1]
              RenderInline {FONT} at (0,0) size 2x10
                RenderText {#text} at (0,0) size 2x10
                  text run at (0,0) width 2: " "
            RenderTableCell {TD} at (63,170) size 7x10 [bgcolor=#91A3A3] [r=17 c=9 rs=1 cs=1]
              RenderInline {FONT} at (0,0) size 2x10
                RenderText {#text} at (0,0) size 2x10
                  text run at (0,0) width 2: " "
            RenderTableCell {TD} at (70,170) size 7x10 [bgcolor=#696A69] [r=17 c=10 rs=1 cs=1]
              RenderInline {FONT} at (0,0) size 2x10
                RenderText {#text} at (0,0) size 2x10
                  text run at (0,0) width 2: " "
            RenderTableCell {TD} at (77,170) size 7x10 [bgcolor=#1C2524] [r=17 c=11 rs=1 cs=1]
              RenderInline {FONT} at (0,0) size 2x10
                RenderText {#text} at (0,0) size 2x10
                  text run at (0,0) width 2: " "
            RenderTableCell {TD} at (84,170) size 7x10 [bgcolor=#083131] [r=17 c=12 rs=1 cs=1]
              RenderInline {FONT} at (0,0) size 2x10
                RenderText {#text} at (0,0) size 2x10
                  text run at (0,0) width 2: " "
            RenderTableCell {TD} at (91,170) size 7x10 [bgcolor=#044140] [r=17 c=13 rs=1 cs=1]
              RenderInline {FONT} at (0,0) size 2x10
                RenderText {#text} at (0,0) size 2x10
                  text run at (0,0) width 2: " "
            RenderTableCell {TD} at (98,170) size 7x10 [bgcolor=#223C3D] [r=17 c=14 rs=1 cs=1]
              RenderInline {FONT} at (0,0) size 2x10
                RenderText {#text} at (0,0) size 2x10
                  text run at (0,0) width 2: " "
            RenderTableCell {TD} at (105,170) size 7x10 [bgcolor=#777878] [r=17 c=15 rs=1 cs=1]
              RenderInline {FONT} at (0,0) size 2x10
                RenderText {#text} at (0,0) size 2x10
                  text run at (0,0) width 2: " "
            RenderTableCell {TD} at (112,170) size 8x10 [bgcolor=#939494] [r=17 c=16 rs=1 cs=1]
              RenderInline {FONT} at (0,0) size 2x10
                RenderText {#text} at (0,0) size 2x10
                  text run at (0,0) width 2: " "
            RenderTableCell {TD} at (120,170) size 8x10 [bgcolor=#848788] [r=17 c=17 rs=1 cs=1]
              RenderInline {FONT} at (0,0) size 2x10
                RenderText {#text} at (0,0) size 2x10
                  text run at (0,0) width 2: " "
            RenderTableCell {TD} at (128,170) size 8x10 [bgcolor=#2D3433] [r=17 c=18 rs=1 cs=1]
              RenderInline {FONT} at (0,0) size 2x10
                RenderText {#text} at (0,0) size 2x10
                  text run at (0,0) width 2: " "
            RenderTableCell {TD} at (136,170) size 8x10 [bgcolor=#1E7A79] [r=17 c=19 rs=1 cs=1]
              RenderInline {FONT} at (0,0) size 2x10
                RenderText {#text} at (0,0) size 2x10
                  text run at (0,0) width 2: " "
            RenderTableCell {TD} at (144,170) size 8x10 [bgcolor=#027777] [r=17 c=20 rs=1 cs=1]
              RenderInline {FONT} at (0,0) size 2x10
                RenderText {#text} at (0,0) size 2x10
                  text run at (0,0) width 2: " "
            RenderTableCell {TD} at (152,170) size 8x10 [bgcolor=#1A6B6A] [r=17 c=21 rs=1 cs=1]
              RenderInline {FONT} at (0,0) size 2x10
                RenderText {#text} at (0,0) size 2x10
                  text run at (0,0) width 2: " "
            RenderTableCell {TD} at (160,170) size 8x10 [bgcolor=#5A8787] [r=17 c=22 rs=1 cs=1]
              RenderInline {FONT} at (0,0) size 2x10
                RenderText {#text} at (0,0) size 2x10
                  text run at (0,0) width 2: " "
            RenderTableCell {TD} at (168,170) size 8x10 [bgcolor=#A5A6A6] [r=17 c=23 rs=1 cs=1]
              RenderInline {FONT} at (0,0) size 2x10
                RenderText {#text} at (0,0) size 2x10
                  text run at (0,0) width 2: " "
            RenderTableCell {TD} at (176,170) size 8x10 [bgcolor=#A5A6A6] [r=17 c=24 rs=1 cs=1]
              RenderInline {FONT} at (0,0) size 2x10
                RenderText {#text} at (0,0) size 2x10
                  text run at (0,0) width 2: " "
            RenderTableCell {TD} at (184,170) size 8x10 [bgcolor=#A5A6A6] [r=17 c=25 rs=1 cs=1]
              RenderInline {FONT} at (0,0) size 2x10
                RenderText {#text} at (0,0) size 2x10
                  text run at (0,0) width 2: " "
            RenderTableCell {TD} at (192,170) size 8x10 [bgcolor=#939494] [r=17 c=26 rs=1 cs=1]
              RenderInline {FONT} at (0,0) size 2x10
                RenderText {#text} at (0,0) size 2x10
                  text run at (0,0) width 2: " "
            RenderTableCell {TD} at (200,170) size 8x10 [bgcolor=#696A69] [r=17 c=27 rs=1 cs=1]
              RenderInline {FONT} at (0,0) size 2x10
                RenderText {#text} at (0,0) size 2x10
                  text run at (0,0) width 2: " "
            RenderTableCell {TD} at (208,170) size 8x10 [bgcolor=#072323] [r=17 c=28 rs=1 cs=1]
              RenderInline {FONT} at (0,0) size 2x10
                RenderText {#text} at (0,0) size 2x10
                  text run at (0,0) width 2: " "
            RenderTableCell {TD} at (216,170) size 8x10 [bgcolor=#083131] [r=17 c=29 rs=1 cs=1]
              RenderInline {FONT} at (0,0) size 2x10
                RenderText {#text} at (0,0) size 2x10
                  text run at (0,0) width 2: " "
            RenderTableCell {TD} at (224,170) size 8x10 [bgcolor=#647979] [r=17 c=30 rs=1 cs=1]
              RenderInline {FONT} at (0,0) size 2x10
                RenderText {#text} at (0,0) size 2x10
                  text run at (0,0) width 2: " "
            RenderTableCell {TD} at (232,170) size 8x10 [bgcolor=#939494] [r=17 c=31 rs=1 cs=1]
              RenderInline {FONT} at (0,0) size 2x10
                RenderText {#text} at (0,0) size 2x10
                  text run at (0,0) width 2: " "
            RenderTableCell {TD} at (240,170) size 8x10 [bgcolor=#939494] [r=17 c=32 rs=1 cs=1]
              RenderInline {FONT} at (0,0) size 2x10
                RenderText {#text} at (0,0) size 2x10
                  text run at (0,0) width 2: " "
            RenderTableCell {TD} at (248,170) size 8x10 [bgcolor=#3D4242] [r=17 c=33 rs=1 cs=1]
              RenderInline {FONT} at (0,0) size 2x10
                RenderText {#text} at (0,0) size 2x10
                  text run at (0,0) width 2: " "
            RenderTableCell {TD} at (256,170) size 8x10 [bgcolor=#777878] [r=17 c=34 rs=1 cs=1]
              RenderInline {FONT} at (0,0) size 2x10
                RenderText {#text} at (0,0) size 2x10
                  text run at (0,0) width 2: " "
            RenderTableCell {TD} at (264,170) size 8x10 [bgcolor=#848788] [r=17 c=35 rs=1 cs=1]
              RenderInline {FONT} at (0,0) size 2x10
                RenderText {#text} at (0,0) size 2x10
                  text run at (0,0) width 2: " "
            RenderTableCell {TD} at (272,170) size 8x10 [bgcolor=#447877] [r=17 c=36 rs=1 cs=1]
              RenderInline {FONT} at (0,0) size 2x10
                RenderText {#text} at (0,0) size 2x10
                  text run at (0,0) width 2: " "
            RenderTableCell {TD} at (280,170) size 8x10 [bgcolor=#7B918F] [r=17 c=37 rs=1 cs=1]
              RenderInline {FONT} at (0,0) size 2x10
                RenderText {#text} at (0,0) size 2x10
                  text run at (0,0) width 2: " "
            RenderTableCell {TD} at (288,170) size 8x10 [bgcolor=#A5A6A6] [r=17 c=38 rs=1 cs=1]
              RenderInline {FONT} at (0,0) size 2x10
                RenderText {#text} at (0,0) size 2x10
                  text run at (0,0) width 2: " "
            RenderTableCell {TD} at (296,170) size 8x10 [bgcolor=#A5A6A6] [r=17 c=39 rs=1 cs=1]
              RenderInline {FONT} at (0,0) size 2x10
                RenderText {#text} at (0,0) size 2x10
                  text run at (0,0) width 2: " "
            RenderTableCell {TD} at (304,170) size 8x10 [bgcolor=#A5A6A6] [r=17 c=40 rs=1 cs=1]
              RenderInline {FONT} at (0,0) size 2x10
                RenderText {#text} at (0,0) size 2x10
                  text run at (0,0) width 2: " "
            RenderTableCell {TD} at (312,170) size 8x10 [bgcolor=#A5A6A6] [r=17 c=41 rs=1 cs=1]
              RenderInline {FONT} at (0,0) size 2x10
                RenderText {#text} at (0,0) size 2x10
                  text run at (0,0) width 2: " "
            RenderTableCell {TD} at (320,170) size 8x10 [bgcolor=#848788] [r=17 c=42 rs=1 cs=1]
              RenderInline {FONT} at (0,0) size 2x10
                RenderText {#text} at (0,0) size 2x10
                  text run at (0,0) width 2: " "
            RenderTableCell {TD} at (328,170) size 8x10 [bgcolor=#344C4E] [r=17 c=43 rs=1 cs=1]
              RenderInline {FONT} at (0,0) size 2x10
                RenderText {#text} at (0,0) size 2x10
                  text run at (0,0) width 2: " "
            RenderTableCell {TD} at (336,170) size 8x10 [bgcolor=#072323] [r=17 c=44 rs=1 cs=1]
              RenderInline {FONT} at (0,0) size 2x10
                RenderText {#text} at (0,0) size 2x10
                  text run at (0,0) width 2: " "
            RenderTableCell {TD} at (344,170) size 8x10 [bgcolor=#044F4F] [r=17 c=45 rs=1 cs=1]
              RenderInline {FONT} at (0,0) size 2x10
                RenderText {#text} at (0,0) size 2x10
                  text run at (0,0) width 2: " "
            RenderTableCell {TD} at (352,170) size 8x10 [bgcolor=#026766] [r=17 c=46 rs=1 cs=1]
              RenderInline {FONT} at (0,0) size 2x10
                RenderText {#text} at (0,0) size 2x10
                  text run at (0,0) width 2: " "
            RenderTableCell {TD} at (360,170) size 8x10 [bgcolor=#026766] [r=17 c=47 rs=1 cs=1]
              RenderInline {FONT} at (0,0) size 2x10
                RenderText {#text} at (0,0) size 2x10
                  text run at (0,0) width 2: " "
            RenderTableCell {TD} at (368,170) size 8x10 [bgcolor=#589594] [r=17 c=48 rs=1 cs=1]
              RenderInline {FONT} at (0,0) size 2x10
                RenderText {#text} at (0,0) size 2x10
                  text run at (0,0) width 2: " "
            RenderTableCell {TD} at (376,170) size 8x10 [bgcolor=#848788] [r=17 c=49 rs=1 cs=1]
              RenderInline {FONT} at (0,0) size 2x10
                RenderText {#text} at (0,0) size 2x10
                  text run at (0,0) width 2: " "
            RenderTableCell {TD} at (384,170) size 8x10 [bgcolor=#344C4E] [r=17 c=50 rs=1 cs=1]
              RenderInline {FONT} at (0,0) size 2x10
                RenderText {#text} at (0,0) size 2x10
                  text run at (0,0) width 2: " "
            RenderTableCell {TD} at (392,170) size 8x10 [bgcolor=#083131] [r=17 c=51 rs=1 cs=1]
              RenderInline {FONT} at (0,0) size 2x10
                RenderText {#text} at (0,0) size 2x10
                  text run at (0,0) width 2: " "
            RenderTableCell {TD} at (400,170) size 8x10 [bgcolor=#3D4242] [r=17 c=52 rs=1 cs=1]
              RenderInline {FONT} at (0,0) size 2x10
                RenderText {#text} at (0,0) size 2x10
                  text run at (0,0) width 2: " "
            RenderTableCell {TD} at (408,170) size 8x10 [bgcolor=#696A69] [r=17 c=53 rs=1 cs=1]
              RenderInline {FONT} at (0,0) size 2x10
                RenderText {#text} at (0,0) size 2x10
                  text run at (0,0) width 2: " "
            RenderTableCell {TD} at (416,170) size 8x10 [bgcolor=#848788] [r=17 c=54 rs=1 cs=1]
              RenderInline {FONT} at (0,0) size 2x10
                RenderText {#text} at (0,0) size 2x10
                  text run at (0,0) width 2: " "
            RenderTableCell {TD} at (424,170) size 8x10 [bgcolor=#939494] [r=17 c=55 rs=1 cs=1]
              RenderInline {FONT} at (0,0) size 2x10
                RenderText {#text} at (0,0) size 2x10
                  text run at (0,0) width 2: " "
            RenderTableCell {TD} at (432,170) size 8x10 [bgcolor=#A5A6A6] [r=17 c=56 rs=1 cs=1]
              RenderInline {FONT} at (0,0) size 2x10
                RenderText {#text} at (0,0) size 2x10
                  text run at (0,0) width 2: " "
            RenderTableCell {TD} at (440,170) size 8x10 [bgcolor=#91A3A3] [r=17 c=57 rs=1 cs=1]
              RenderInline {FONT} at (0,0) size 2x10
                RenderText {#text} at (0,0) size 2x10
                  text run at (0,0) width 2: " "
            RenderTableCell {TD} at (448,170) size 8x10 [bgcolor=#848788] [r=17 c=58 rs=1 cs=1]
              RenderInline {FONT} at (0,0) size 2x10
                RenderText {#text} at (0,0) size 2x10
                  text run at (0,0) width 2: " "
            RenderTableCell {TD} at (456,170) size 8x10 [bgcolor=#3D4242] [r=17 c=59 rs=1 cs=1]
              RenderInline {FONT} at (0,0) size 2x10
                RenderText {#text} at (0,0) size 2x10
                  text run at (0,0) width 2: " "
            RenderTableCell {TD} at (464,170) size 8x10 [bgcolor=#848788] [r=17 c=60 rs=1 cs=1]
              RenderInline {FONT} at (0,0) size 2x10
                RenderText {#text} at (0,0) size 2x10
                  text run at (0,0) width 2: " "
            RenderTableCell {TD} at (472,170) size 8x10 [bgcolor=#026766] [r=17 c=61 rs=1 cs=1]
              RenderInline {FONT} at (0,0) size 2x10
                RenderText {#text} at (0,0) size 2x10
                  text run at (0,0) width 2: " "
            RenderTableCell {TD} at (480,170) size 8x10 [bgcolor=#026766] [r=17 c=62 rs=1 cs=1]
              RenderInline {FONT} at (0,0) size 2x10
                RenderText {#text} at (0,0) size 2x10
                  text run at (0,0) width 2: " "
            RenderTableCell {TD} at (488,170) size 8x10 [bgcolor=#025E5E] [r=17 c=63 rs=1 cs=1]
              RenderInline {FONT} at (0,0) size 2x10
                RenderText {#text} at (0,0) size 2x10
                  text run at (0,0) width 2: " "
            RenderTableCell {TD} at (496,170) size 8x10 [bgcolor=#526B6B] [r=17 c=64 rs=1 cs=1]
              RenderInline {FONT} at (0,0) size 2x10
                RenderText {#text} at (0,0) size 2x10
                  text run at (0,0) width 2: " "
            RenderTableCell {TD} at (504,170) size 8x10 [bgcolor=#939494] [r=17 c=65 rs=1 cs=1]
              RenderInline {FONT} at (0,0) size 2x10
                RenderText {#text} at (0,0) size 2x10
                  text run at (0,0) width 2: " "
            RenderTableCell {TD} at (512,170) size 8x10 [bgcolor=#A5A6A6] [r=17 c=66 rs=1 cs=1]
              RenderInline {FONT} at (0,0) size 2x10
                RenderText {#text} at (0,0) size 2x10
                  text run at (0,0) width 2: " "
            RenderTableCell {TD} at (520,170) size 8x10 [bgcolor=#A5A6A6] [r=17 c=67 rs=1 cs=1]
              RenderInline {FONT} at (0,0) size 2x10
                RenderText {#text} at (0,0) size 2x10
                  text run at (0,0) width 2: " "
            RenderTableCell {TD} at (528,170) size 8x10 [bgcolor=#A5A6A6] [r=17 c=68 rs=1 cs=1]
              RenderInline {FONT} at (0,0) size 2x10
                RenderText {#text} at (0,0) size 2x10
                  text run at (0,0) width 2: " "
            RenderTableCell {TD} at (536,170) size 8x10 [bgcolor=#696A69] [r=17 c=69 rs=1 cs=1]
              RenderInline {FONT} at (0,0) size 2x10
                RenderText {#text} at (0,0) size 2x10
                  text run at (0,0) width 2: " "
            RenderTableCell {TD} at (544,170) size 8x10 [bgcolor=#083131] [r=17 c=70 rs=1 cs=1]
              RenderInline {FONT} at (0,0) size 2x10
                RenderText {#text} at (0,0) size 2x10
                  text run at (0,0) width 2: " "
            RenderTableCell {TD} at (552,170) size 8x10 [bgcolor=#647979] [r=17 c=71 rs=1 cs=1]
              RenderInline {FONT} at (0,0) size 2x10
                RenderText {#text} at (0,0) size 2x10
                  text run at (0,0) width 2: " "
            RenderTableCell {TD} at (560,170) size 8x10 [bgcolor=#848788] [r=17 c=72 rs=1 cs=1]
              RenderInline {FONT} at (0,0) size 2x10
                RenderText {#text} at (0,0) size 2x10
                  text run at (0,0) width 2: " "
            RenderTableCell {TD} at (568,170) size 8x10 [bgcolor=#2D3433] [r=17 c=73 rs=1 cs=1]
              RenderInline {FONT} at (0,0) size 2x10
                RenderText {#text} at (0,0) size 2x10
                  text run at (0,0) width 2: " "
            RenderTableCell {TD} at (576,170) size 8x10 [bgcolor=#5E5F60] [r=17 c=74 rs=1 cs=1]
              RenderInline {FONT} at (0,0) size 2x10
                RenderText {#text} at (0,0) size 2x10
                  text run at (0,0) width 2: " "
            RenderTableCell {TD} at (584,170) size 8x10 [bgcolor=#848788] [r=17 c=75 rs=1 cs=1]
              RenderInline {FONT} at (0,0) size 2x10
                RenderText {#text} at (0,0) size 2x10
                  text run at (0,0) width 2: " "
            RenderTableCell {TD} at (592,170) size 8x10 [bgcolor=#939494] [r=17 c=76 rs=1 cs=1]
              RenderInline {FONT} at (0,0) size 2x10
                RenderText {#text} at (0,0) size 2x10
                  text run at (0,0) width 2: " "
            RenderTableCell {TD} at (600,170) size 8x10 [bgcolor=#848788] [r=17 c=77 rs=1 cs=1]
              RenderInline {FONT} at (0,0) size 2x10
                RenderText {#text} at (0,0) size 2x10
                  text run at (0,0) width 2: " "
            RenderTableCell {TD} at (608,170) size 8x10 [bgcolor=#527274] [r=17 c=78 rs=1 cs=1]
              RenderInline {FONT} at (0,0) size 2x10
                RenderText {#text} at (0,0) size 2x10
                  text run at (0,0) width 2: " "
            RenderTableCell {TD} at (616,170) size 8x10 [bgcolor=#7B918F] [r=17 c=79 rs=1 cs=1]
              RenderInline {FONT} at (0,0) size 2x10
                RenderText {#text} at (0,0) size 2x10
                  text run at (0,0) width 2: " "
            RenderTableCell {TD} at (624,170) size 8x10 [bgcolor=#A5A6A6] [r=17 c=80 rs=1 cs=1]
              RenderInline {FONT} at (0,0) size 2x10
                RenderText {#text} at (0,0) size 2x10
                  text run at (0,0) width 2: " "
            RenderTableCell {TD} at (632,170) size 8x10 [bgcolor=#A5A6A6] [r=17 c=81 rs=1 cs=1]
              RenderInline {FONT} at (0,0) size 2x10
                RenderText {#text} at (0,0) size 2x10
                  text run at (0,0) width 2: " "
            RenderTableCell {TD} at (640,170) size 8x10 [bgcolor=#A5A6A6] [r=17 c=82 rs=1 cs=1]
              RenderInline {FONT} at (0,0) size 2x10
                RenderText {#text} at (0,0) size 2x10
                  text run at (0,0) width 2: " "
            RenderTableCell {TD} at (648,170) size 8x10 [bgcolor=#939494] [r=17 c=83 rs=1 cs=1]
              RenderInline {FONT} at (0,0) size 2x10
                RenderText {#text} at (0,0) size 2x10
                  text run at (0,0) width 2: " "
            RenderTableCell {TD} at (656,170) size 8x10 [bgcolor=#5E5F60] [r=17 c=84 rs=1 cs=1]
              RenderInline {FONT} at (0,0) size 2x10
                RenderText {#text} at (0,0) size 2x10
                  text run at (0,0) width 2: " "
            RenderTableCell {TD} at (664,170) size 8x10 [bgcolor=#072323] [r=17 c=85 rs=1 cs=1]
              RenderInline {FONT} at (0,0) size 2x10
                RenderText {#text} at (0,0) size 2x10
                  text run at (0,0) width 2: " "
            RenderTableCell {TD} at (672,170) size 8x10 [bgcolor=#044140] [r=17 c=86 rs=1 cs=1]
              RenderInline {FONT} at (0,0) size 2x10
                RenderText {#text} at (0,0) size 2x10
                  text run at (0,0) width 2: " "
            RenderTableCell {TD} at (680,170) size 8x10 [bgcolor=#026766] [r=17 c=87 rs=1 cs=1]
              RenderInline {FONT} at (0,0) size 2x10
                RenderText {#text} at (0,0) size 2x10
                  text run at (0,0) width 2: " "
            RenderTableCell {TD} at (688,170) size 8x10 [bgcolor=#026766] [r=17 c=88 rs=1 cs=1]
              RenderInline {FONT} at (0,0) size 2x10
                RenderText {#text} at (0,0) size 2x10
                  text run at (0,0) width 2: " "
            RenderTableCell {TD} at (696,170) size 8x10 [bgcolor=#026766] [r=17 c=89 rs=1 cs=1]
              RenderInline {FONT} at (0,0) size 2x10
                RenderText {#text} at (0,0) size 2x10
                  text run at (0,0) width 2: " "
            RenderTableCell {TD} at (704,170) size 8x10 [bgcolor=#026766] [r=17 c=90 rs=1 cs=1]
              RenderInline {FONT} at (0,0) size 2x10
                RenderText {#text} at (0,0) size 2x10
                  text run at (0,0) width 2: " "
            RenderTableCell {TD} at (712,170) size 8x10 [bgcolor=#287A7A] [r=17 c=91 rs=1 cs=1]
              RenderInline {FONT} at (0,0) size 2x10
                RenderText {#text} at (0,0) size 2x10
                  text run at (0,0) width 2: " "
            RenderTableCell {TD} at (720,170) size 8x10 [bgcolor=#939494] [r=17 c=92 rs=1 cs=1]
              RenderInline {FONT} at (0,0) size 2x10
                RenderText {#text} at (0,0) size 2x10
                  text run at (0,0) width 2: " "
            RenderTableCell {TD} at (728,170) size 8x10 [bgcolor=#939494] [r=17 c=93 rs=1 cs=1]
              RenderInline {FONT} at (0,0) size 2x10
                RenderText {#text} at (0,0) size 2x10
                  text run at (0,0) width 2: " "
            RenderTableCell {TD} at (736,170) size 8x10 [bgcolor=#939494] [r=17 c=94 rs=1 cs=1]
              RenderInline {FONT} at (0,0) size 2x10
                RenderText {#text} at (0,0) size 2x10
                  text run at (0,0) width 2: " "
            RenderTableCell {TD} at (744,170) size 8x10 [bgcolor=#4D4F4F] [r=17 c=95 rs=1 cs=1]
              RenderInline {FONT} at (0,0) size 2x10
                RenderText {#text} at (0,0) size 2x10
                  text run at (0,0) width 2: " "
            RenderTableCell {TD} at (752,170) size 8x10 [bgcolor=#696A69] [r=17 c=96 rs=1 cs=1]
              RenderInline {FONT} at (0,0) size 2x10
                RenderText {#text} at (0,0) size 2x10
                  text run at (0,0) width 2: " "
            RenderTableCell {TD} at (760,170) size 8x10 [bgcolor=#848788] [r=17 c=97 rs=1 cs=1]
              RenderInline {FONT} at (0,0) size 2x10
                RenderText {#text} at (0,0) size 2x10
                  text run at (0,0) width 2: " "
            RenderTableCell {TD} at (768,170) size 8x10 [bgcolor=#777878] [r=17 c=98 rs=1 cs=1]
              RenderInline {FONT} at (0,0) size 2x10
                RenderText {#text} at (0,0) size 2x10
                  text run at (0,0) width 2: " "
            RenderTableCell {TD} at (776,170) size 8x10 [bgcolor=#4D4F4F] [r=17 c=99 rs=1 cs=1]
              RenderInline {FONT} at (0,0) size 2x10
                RenderText {#text} at (0,0) size 2x10
                  text run at (0,0) width 2: " "
          RenderTableRow {TR} at (0,180) size 784x10
            RenderTableCell {TD} at (0,180) size 7x10 [bgcolor=#FDFDFB] [r=18 c=0 rs=1 cs=1]
              RenderInline {FONT} at (0,0) size 2x10
                RenderText {#text} at (0,0) size 2x10
                  text run at (0,0) width 2: " "
            RenderTableCell {TD} at (7,180) size 7x10 [bgcolor=#EDEEEF] [r=18 c=1 rs=1 cs=1]
              RenderInline {FONT} at (0,0) size 2x10
                RenderText {#text} at (0,0) size 2x10
                  text run at (0,0) width 2: " "
            RenderTableCell {TD} at (14,180) size 7x10 [bgcolor=#7CAEAF] [r=18 c=2 rs=1 cs=1]
              RenderInline {FONT} at (0,0) size 2x10
                RenderText {#text} at (0,0) size 2x10
                  text run at (0,0) width 2: " "
            RenderTableCell {TD} at (21,180) size 7x10 [bgcolor=#025E5E] [r=18 c=3 rs=1 cs=1]
              RenderInline {FONT} at (0,0) size 2x10
                RenderText {#text} at (0,0) size 2x10
                  text run at (0,0) width 2: " "
            RenderTableCell {TD} at (28,180) size 7x10 [bgcolor=#025E5E] [r=18 c=4 rs=1 cs=1]
              RenderInline {FONT} at (0,0) size 2x10
                RenderText {#text} at (0,0) size 2x10
                  text run at (0,0) width 2: " "
            RenderTableCell {TD} at (35,180) size 7x10 [bgcolor=#044F4F] [r=18 c=5 rs=1 cs=1]
              RenderInline {FONT} at (0,0) size 2x10
                RenderText {#text} at (0,0) size 2x10
                  text run at (0,0) width 2: " "
            RenderTableCell {TD} at (42,180) size 7x10 [bgcolor=#044F4F] [r=18 c=6 rs=1 cs=1]
              RenderInline {FONT} at (0,0) size 2x10
                RenderText {#text} at (0,0) size 2x10
                  text run at (0,0) width 2: " "
            RenderTableCell {TD} at (49,180) size 7x10 [bgcolor=#044F4F] [r=18 c=7 rs=1 cs=1]
              RenderInline {FONT} at (0,0) size 2x10
                RenderText {#text} at (0,0) size 2x10
                  text run at (0,0) width 2: " "
            RenderTableCell {TD} at (56,180) size 7x10 [bgcolor=#044F4F] [r=18 c=8 rs=1 cs=1]
              RenderInline {FONT} at (0,0) size 2x10
                RenderText {#text} at (0,0) size 2x10
                  text run at (0,0) width 2: " "
            RenderTableCell {TD} at (63,180) size 7x10 [bgcolor=#044F4F] [r=18 c=9 rs=1 cs=1]
              RenderInline {FONT} at (0,0) size 2x10
                RenderText {#text} at (0,0) size 2x10
                  text run at (0,0) width 2: " "
            RenderTableCell {TD} at (70,180) size 7x10 [bgcolor=#044F4F] [r=18 c=10 rs=1 cs=1]
              RenderInline {FONT} at (0,0) size 2x10
                RenderText {#text} at (0,0) size 2x10
                  text run at (0,0) width 2: " "
            RenderTableCell {TD} at (77,180) size 7x10 [bgcolor=#025E5E] [r=18 c=11 rs=1 cs=1]
              RenderInline {FONT} at (0,0) size 2x10
                RenderText {#text} at (0,0) size 2x10
                  text run at (0,0) width 2: " "
            RenderTableCell {TD} at (84,180) size 7x10 [bgcolor=#025E5E] [r=18 c=12 rs=1 cs=1]
              RenderInline {FONT} at (0,0) size 2x10
                RenderText {#text} at (0,0) size 2x10
                  text run at (0,0) width 2: " "
            RenderTableCell {TD} at (91,180) size 7x10 [bgcolor=#044140] [r=18 c=13 rs=1 cs=1]
              RenderInline {FONT} at (0,0) size 2x10
                RenderText {#text} at (0,0) size 2x10
                  text run at (0,0) width 2: " "
            RenderTableCell {TD} at (98,180) size 7x10 [bgcolor=#223C3D] [r=18 c=14 rs=1 cs=1]
              RenderInline {FONT} at (0,0) size 2x10
                RenderText {#text} at (0,0) size 2x10
                  text run at (0,0) width 2: " "
            RenderTableCell {TD} at (105,180) size 7x10 [bgcolor=#515C5B] [r=18 c=15 rs=1 cs=1]
              RenderInline {FONT} at (0,0) size 2x10
                RenderText {#text} at (0,0) size 2x10
                  text run at (0,0) width 2: " "
            RenderTableCell {TD} at (112,180) size 8x10 [bgcolor=#696A69] [r=18 c=16 rs=1 cs=1]
              RenderInline {FONT} at (0,0) size 2x10
                RenderText {#text} at (0,0) size 2x10
                  text run at (0,0) width 2: " "
            RenderTableCell {TD} at (120,180) size 8x10 [bgcolor=#777878] [r=18 c=17 rs=1 cs=1]
              RenderInline {FONT} at (0,0) size 2x10
                RenderText {#text} at (0,0) size 2x10
                  text run at (0,0) width 2: " "
            RenderTableCell {TD} at (128,180) size 8x10 [bgcolor=#777878] [r=18 c=18 rs=1 cs=1]
              RenderInline {FONT} at (0,0) size 2x10
                RenderText {#text} at (0,0) size 2x10
                  text run at (0,0) width 2: " "
            RenderTableCell {TD} at (136,180) size 8x10 [bgcolor=#1E7A79] [r=18 c=19 rs=1 cs=1]
              RenderInline {FONT} at (0,0) size 2x10
                RenderText {#text} at (0,0) size 2x10
                  text run at (0,0) width 2: " "
            RenderTableCell {TD} at (144,180) size 8x10 [bgcolor=#027777] [r=18 c=20 rs=1 cs=1]
              RenderInline {FONT} at (0,0) size 2x10
                RenderText {#text} at (0,0) size 2x10
                  text run at (0,0) width 2: " "
            RenderTableCell {TD} at (152,180) size 8x10 [bgcolor=#026766] [r=18 c=21 rs=1 cs=1]
              RenderInline {FONT} at (0,0) size 2x10
                RenderText {#text} at (0,0) size 2x10
                  text run at (0,0) width 2: " "
            RenderTableCell {TD} at (160,180) size 8x10 [bgcolor=#025E5E] [r=18 c=22 rs=1 cs=1]
              RenderInline {FONT} at (0,0) size 2x10
                RenderText {#text} at (0,0) size 2x10
                  text run at (0,0) width 2: " "
            RenderTableCell {TD} at (168,180) size 8x10 [bgcolor=#044F4F] [r=18 c=23 rs=1 cs=1]
              RenderInline {FONT} at (0,0) size 2x10
                RenderText {#text} at (0,0) size 2x10
                  text run at (0,0) width 2: " "
            RenderTableCell {TD} at (176,180) size 8x10 [bgcolor=#044F4F] [r=18 c=24 rs=1 cs=1]
              RenderInline {FONT} at (0,0) size 2x10
                RenderText {#text} at (0,0) size 2x10
                  text run at (0,0) width 2: " "
            RenderTableCell {TD} at (184,180) size 8x10 [bgcolor=#044F4F] [r=18 c=25 rs=1 cs=1]
              RenderInline {FONT} at (0,0) size 2x10
                RenderText {#text} at (0,0) size 2x10
                  text run at (0,0) width 2: " "
            RenderTableCell {TD} at (192,180) size 8x10 [bgcolor=#044140] [r=18 c=26 rs=1 cs=1]
              RenderInline {FONT} at (0,0) size 2x10
                RenderText {#text} at (0,0) size 2x10
                  text run at (0,0) width 2: " "
            RenderTableCell {TD} at (200,180) size 8x10 [bgcolor=#044F4F] [r=18 c=27 rs=1 cs=1]
              RenderInline {FONT} at (0,0) size 2x10
                RenderText {#text} at (0,0) size 2x10
                  text run at (0,0) width 2: " "
            RenderTableCell {TD} at (208,180) size 8x10 [bgcolor=#044F4F] [r=18 c=28 rs=1 cs=1]
              RenderInline {FONT} at (0,0) size 2x10
                RenderText {#text} at (0,0) size 2x10
                  text run at (0,0) width 2: " "
            RenderTableCell {TD} at (216,180) size 8x10 [bgcolor=#044140] [r=18 c=29 rs=1 cs=1]
              RenderInline {FONT} at (0,0) size 2x10
                RenderText {#text} at (0,0) size 2x10
                  text run at (0,0) width 2: " "
            RenderTableCell {TD} at (224,180) size 8x10 [bgcolor=#072323] [r=18 c=30 rs=1 cs=1]
              RenderInline {FONT} at (0,0) size 2x10
                RenderText {#text} at (0,0) size 2x10
                  text run at (0,0) width 2: " "
            RenderTableCell {TD} at (232,180) size 8x10 [bgcolor=#2D3433] [r=18 c=31 rs=1 cs=1]
              RenderInline {FONT} at (0,0) size 2x10
                RenderText {#text} at (0,0) size 2x10
                  text run at (0,0) width 2: " "
            RenderTableCell {TD} at (240,180) size 8x10 [bgcolor=#3D4242] [r=18 c=32 rs=1 cs=1]
              RenderInline {FONT} at (0,0) size 2x10
                RenderText {#text} at (0,0) size 2x10
                  text run at (0,0) width 2: " "
            RenderTableCell {TD} at (248,180) size 8x10 [bgcolor=#696A69] [r=18 c=33 rs=1 cs=1]
              RenderInline {FONT} at (0,0) size 2x10
                RenderText {#text} at (0,0) size 2x10
                  text run at (0,0) width 2: " "
            RenderTableCell {TD} at (256,180) size 8x10 [bgcolor=#848788] [r=18 c=34 rs=1 cs=1]
              RenderInline {FONT} at (0,0) size 2x10
                RenderText {#text} at (0,0) size 2x10
                  text run at (0,0) width 2: " "
            RenderTableCell {TD} at (264,180) size 8x10 [bgcolor=#848788] [r=18 c=35 rs=1 cs=1]
              RenderInline {FONT} at (0,0) size 2x10
                RenderText {#text} at (0,0) size 2x10
                  text run at (0,0) width 2: " "
            RenderTableCell {TD} at (272,180) size 8x10 [bgcolor=#027777] [r=18 c=36 rs=1 cs=1]
              RenderInline {FONT} at (0,0) size 2x10
                RenderText {#text} at (0,0) size 2x10
                  text run at (0,0) width 2: " "
            RenderTableCell {TD} at (280,180) size 8x10 [bgcolor=#026766] [r=18 c=37 rs=1 cs=1]
              RenderInline {FONT} at (0,0) size 2x10
                RenderText {#text} at (0,0) size 2x10
                  text run at (0,0) width 2: " "
            RenderTableCell {TD} at (288,180) size 8x10 [bgcolor=#025E5E] [r=18 c=38 rs=1 cs=1]
              RenderInline {FONT} at (0,0) size 2x10
                RenderText {#text} at (0,0) size 2x10
                  text run at (0,0) width 2: " "
            RenderTableCell {TD} at (296,180) size 8x10 [bgcolor=#044F4F] [r=18 c=39 rs=1 cs=1]
              RenderInline {FONT} at (0,0) size 2x10
                RenderText {#text} at (0,0) size 2x10
                  text run at (0,0) width 2: " "
            RenderTableCell {TD} at (304,180) size 8x10 [bgcolor=#044F4F] [r=18 c=40 rs=1 cs=1]
              RenderInline {FONT} at (0,0) size 2x10
                RenderText {#text} at (0,0) size 2x10
                  text run at (0,0) width 2: " "
            RenderTableCell {TD} at (312,180) size 8x10 [bgcolor=#044F4F] [r=18 c=41 rs=1 cs=1]
              RenderInline {FONT} at (0,0) size 2x10
                RenderText {#text} at (0,0) size 2x10
                  text run at (0,0) width 2: " "
            RenderTableCell {TD} at (320,180) size 8x10 [bgcolor=#044F4F] [r=18 c=42 rs=1 cs=1]
              RenderInline {FONT} at (0,0) size 2x10
                RenderText {#text} at (0,0) size 2x10
                  text run at (0,0) width 2: " "
            RenderTableCell {TD} at (328,180) size 8x10 [bgcolor=#044F4F] [r=18 c=43 rs=1 cs=1]
              RenderInline {FONT} at (0,0) size 2x10
                RenderText {#text} at (0,0) size 2x10
                  text run at (0,0) width 2: " "
            RenderTableCell {TD} at (336,180) size 8x10 [bgcolor=#025E5E] [r=18 c=44 rs=1 cs=1]
              RenderInline {FONT} at (0,0) size 2x10
                RenderText {#text} at (0,0) size 2x10
                  text run at (0,0) width 2: " "
            RenderTableCell {TD} at (344,180) size 8x10 [bgcolor=#026766] [r=18 c=45 rs=1 cs=1]
              RenderInline {FONT} at (0,0) size 2x10
                RenderText {#text} at (0,0) size 2x10
                  text run at (0,0) width 2: " "
            RenderTableCell {TD} at (352,180) size 8x10 [bgcolor=#026766] [r=18 c=46 rs=1 cs=1]
              RenderInline {FONT} at (0,0) size 2x10
                RenderText {#text} at (0,0) size 2x10
                  text run at (0,0) width 2: " "
            RenderTableCell {TD} at (360,180) size 8x10 [bgcolor=#026766] [r=18 c=47 rs=1 cs=1]
              RenderInline {FONT} at (0,0) size 2x10
                RenderText {#text} at (0,0) size 2x10
                  text run at (0,0) width 2: " "
            RenderTableCell {TD} at (368,180) size 8x10 [bgcolor=#025E5E] [r=18 c=48 rs=1 cs=1]
              RenderInline {FONT} at (0,0) size 2x10
                RenderText {#text} at (0,0) size 2x10
                  text run at (0,0) width 2: " "
            RenderTableCell {TD} at (376,180) size 8x10 [bgcolor=#044F4F] [r=18 c=49 rs=1 cs=1]
              RenderInline {FONT} at (0,0) size 2x10
                RenderText {#text} at (0,0) size 2x10
                  text run at (0,0) width 2: " "
            RenderTableCell {TD} at (384,180) size 8x10 [bgcolor=#044140] [r=18 c=50 rs=1 cs=1]
              RenderInline {FONT} at (0,0) size 2x10
                RenderText {#text} at (0,0) size 2x10
                  text run at (0,0) width 2: " "
            RenderTableCell {TD} at (392,180) size 8x10 [bgcolor=#083131] [r=18 c=51 rs=1 cs=1]
              RenderInline {FONT} at (0,0) size 2x10
                RenderText {#text} at (0,0) size 2x10
                  text run at (0,0) width 2: " "
            RenderTableCell {TD} at (400,180) size 8x10 [bgcolor=#3D4242] [r=18 c=52 rs=1 cs=1]
              RenderInline {FONT} at (0,0) size 2x10
                RenderText {#text} at (0,0) size 2x10
                  text run at (0,0) width 2: " "
            RenderTableCell {TD} at (408,180) size 8x10 [bgcolor=#696A69] [r=18 c=53 rs=1 cs=1]
              RenderInline {FONT} at (0,0) size 2x10
                RenderText {#text} at (0,0) size 2x10
                  text run at (0,0) width 2: " "
            RenderTableCell {TD} at (416,180) size 8x10 [bgcolor=#848788] [r=18 c=54 rs=1 cs=1]
              RenderInline {FONT} at (0,0) size 2x10
                RenderText {#text} at (0,0) size 2x10
                  text run at (0,0) width 2: " "
            RenderTableCell {TD} at (424,180) size 8x10 [bgcolor=#939494] [r=18 c=55 rs=1 cs=1]
              RenderInline {FONT} at (0,0) size 2x10
                RenderText {#text} at (0,0) size 2x10
                  text run at (0,0) width 2: " "
            RenderTableCell {TD} at (432,180) size 8x10 [bgcolor=#939494] [r=18 c=56 rs=1 cs=1]
              RenderInline {FONT} at (0,0) size 2x10
                RenderText {#text} at (0,0) size 2x10
                  text run at (0,0) width 2: " "
            RenderTableCell {TD} at (440,180) size 8x10 [bgcolor=#848788] [r=18 c=57 rs=1 cs=1]
              RenderInline {FONT} at (0,0) size 2x10
                RenderText {#text} at (0,0) size 2x10
                  text run at (0,0) width 2: " "
            RenderTableCell {TD} at (448,180) size 8x10 [bgcolor=#777878] [r=18 c=58 rs=1 cs=1]
              RenderInline {FONT} at (0,0) size 2x10
                RenderText {#text} at (0,0) size 2x10
                  text run at (0,0) width 2: " "
            RenderTableCell {TD} at (456,180) size 8x10 [bgcolor=#848788] [r=18 c=59 rs=1 cs=1]
              RenderInline {FONT} at (0,0) size 2x10
                RenderText {#text} at (0,0) size 2x10
                  text run at (0,0) width 2: " "
            RenderTableCell {TD} at (464,180) size 8x10 [bgcolor=#848788] [r=18 c=60 rs=1 cs=1]
              RenderInline {FONT} at (0,0) size 2x10
                RenderText {#text} at (0,0) size 2x10
                  text run at (0,0) width 2: " "
            RenderTableCell {TD} at (472,180) size 8x10 [bgcolor=#1A6B6A] [r=18 c=61 rs=1 cs=1]
              RenderInline {FONT} at (0,0) size 2x10
                RenderText {#text} at (0,0) size 2x10
                  text run at (0,0) width 2: " "
            RenderTableCell {TD} at (480,180) size 8x10 [bgcolor=#026766] [r=18 c=62 rs=1 cs=1]
              RenderInline {FONT} at (0,0) size 2x10
                RenderText {#text} at (0,0) size 2x10
                  text run at (0,0) width 2: " "
            RenderTableCell {TD} at (488,180) size 8x10 [bgcolor=#026766] [r=18 c=63 rs=1 cs=1]
              RenderInline {FONT} at (0,0) size 2x10
                RenderText {#text} at (0,0) size 2x10
                  text run at (0,0) width 2: " "
            RenderTableCell {TD} at (496,180) size 8x10 [bgcolor=#025E5E] [r=18 c=64 rs=1 cs=1]
              RenderInline {FONT} at (0,0) size 2x10
                RenderText {#text} at (0,0) size 2x10
                  text run at (0,0) width 2: " "
            RenderTableCell {TD} at (504,180) size 8x10 [bgcolor=#044F4F] [r=18 c=65 rs=1 cs=1]
              RenderInline {FONT} at (0,0) size 2x10
                RenderText {#text} at (0,0) size 2x10
                  text run at (0,0) width 2: " "
            RenderTableCell {TD} at (512,180) size 8x10 [bgcolor=#044F4F] [r=18 c=66 rs=1 cs=1]
              RenderInline {FONT} at (0,0) size 2x10
                RenderText {#text} at (0,0) size 2x10
                  text run at (0,0) width 2: " "
            RenderTableCell {TD} at (520,180) size 8x10 [bgcolor=#044F4F] [r=18 c=67 rs=1 cs=1]
              RenderInline {FONT} at (0,0) size 2x10
                RenderText {#text} at (0,0) size 2x10
                  text run at (0,0) width 2: " "
            RenderTableCell {TD} at (528,180) size 8x10 [bgcolor=#044F4F] [r=18 c=68 rs=1 cs=1]
              RenderInline {FONT} at (0,0) size 2x10
                RenderText {#text} at (0,0) size 2x10
                  text run at (0,0) width 2: " "
            RenderTableCell {TD} at (536,180) size 8x10 [bgcolor=#044F4F] [r=18 c=69 rs=1 cs=1]
              RenderInline {FONT} at (0,0) size 2x10
                RenderText {#text} at (0,0) size 2x10
                  text run at (0,0) width 2: " "
            RenderTableCell {TD} at (544,180) size 8x10 [bgcolor=#025E5E] [r=18 c=70 rs=1 cs=1]
              RenderInline {FONT} at (0,0) size 2x10
                RenderText {#text} at (0,0) size 2x10
                  text run at (0,0) width 2: " "
            RenderTableCell {TD} at (552,180) size 8x10 [bgcolor=#025E5E] [r=18 c=71 rs=1 cs=1]
              RenderInline {FONT} at (0,0) size 2x10
                RenderText {#text} at (0,0) size 2x10
                  text run at (0,0) width 2: " "
            RenderTableCell {TD} at (560,180) size 8x10 [bgcolor=#044140] [r=18 c=72 rs=1 cs=1]
              RenderInline {FONT} at (0,0) size 2x10
                RenderText {#text} at (0,0) size 2x10
                  text run at (0,0) width 2: " "
            RenderTableCell {TD} at (568,180) size 8x10 [bgcolor=#223C3D] [r=18 c=73 rs=1 cs=1]
              RenderInline {FONT} at (0,0) size 2x10
                RenderText {#text} at (0,0) size 2x10
                  text run at (0,0) width 2: " "
            RenderTableCell {TD} at (576,180) size 8x10 [bgcolor=#5E5F60] [r=18 c=74 rs=1 cs=1]
              RenderInline {FONT} at (0,0) size 2x10
                RenderText {#text} at (0,0) size 2x10
                  text run at (0,0) width 2: " "
            RenderTableCell {TD} at (584,180) size 8x10 [bgcolor=#777878] [r=18 c=75 rs=1 cs=1]
              RenderInline {FONT} at (0,0) size 2x10
                RenderText {#text} at (0,0) size 2x10
                  text run at (0,0) width 2: " "
            RenderTableCell {TD} at (592,180) size 8x10 [bgcolor=#939494] [r=18 c=76 rs=1 cs=1]
              RenderInline {FONT} at (0,0) size 2x10
                RenderText {#text} at (0,0) size 2x10
                  text run at (0,0) width 2: " "
            RenderTableCell {TD} at (600,180) size 8x10 [bgcolor=#939494] [r=18 c=77 rs=1 cs=1]
              RenderInline {FONT} at (0,0) size 2x10
                RenderText {#text} at (0,0) size 2x10
                  text run at (0,0) width 2: " "
            RenderTableCell {TD} at (608,180) size 8x10 [bgcolor=#1B8685] [r=18 c=78 rs=1 cs=1]
              RenderInline {FONT} at (0,0) size 2x10
                RenderText {#text} at (0,0) size 2x10
                  text run at (0,0) width 2: " "
            RenderTableCell {TD} at (616,180) size 8x10 [bgcolor=#026766] [r=18 c=79 rs=1 cs=1]
              RenderInline {FONT} at (0,0) size 2x10
                RenderText {#text} at (0,0) size 2x10
                  text run at (0,0) width 2: " "
            RenderTableCell {TD} at (624,180) size 8x10 [bgcolor=#025E5E] [r=18 c=80 rs=1 cs=1]
              RenderInline {FONT} at (0,0) size 2x10
                RenderText {#text} at (0,0) size 2x10
                  text run at (0,0) width 2: " "
            RenderTableCell {TD} at (632,180) size 8x10 [bgcolor=#044F4F] [r=18 c=81 rs=1 cs=1]
              RenderInline {FONT} at (0,0) size 2x10
                RenderText {#text} at (0,0) size 2x10
                  text run at (0,0) width 2: " "
            RenderTableCell {TD} at (640,180) size 8x10 [bgcolor=#044F4F] [r=18 c=82 rs=1 cs=1]
              RenderInline {FONT} at (0,0) size 2x10
                RenderText {#text} at (0,0) size 2x10
                  text run at (0,0) width 2: " "
            RenderTableCell {TD} at (648,180) size 8x10 [bgcolor=#044F4F] [r=18 c=83 rs=1 cs=1]
              RenderInline {FONT} at (0,0) size 2x10
                RenderText {#text} at (0,0) size 2x10
                  text run at (0,0) width 2: " "
            RenderTableCell {TD} at (656,180) size 8x10 [bgcolor=#044F4F] [r=18 c=84 rs=1 cs=1]
              RenderInline {FONT} at (0,0) size 2x10
                RenderText {#text} at (0,0) size 2x10
                  text run at (0,0) width 2: " "
            RenderTableCell {TD} at (664,180) size 8x10 [bgcolor=#025E5E] [r=18 c=85 rs=1 cs=1]
              RenderInline {FONT} at (0,0) size 2x10
                RenderText {#text} at (0,0) size 2x10
                  text run at (0,0) width 2: " "
            RenderTableCell {TD} at (672,180) size 8x10 [bgcolor=#026766] [r=18 c=86 rs=1 cs=1]
              RenderInline {FONT} at (0,0) size 2x10
                RenderText {#text} at (0,0) size 2x10
                  text run at (0,0) width 2: " "
            RenderTableCell {TD} at (680,180) size 8x10 [bgcolor=#026766] [r=18 c=87 rs=1 cs=1]
              RenderInline {FONT} at (0,0) size 2x10
                RenderText {#text} at (0,0) size 2x10
                  text run at (0,0) width 2: " "
            RenderTableCell {TD} at (688,180) size 8x10 [bgcolor=#026766] [r=18 c=88 rs=1 cs=1]
              RenderInline {FONT} at (0,0) size 2x10
                RenderText {#text} at (0,0) size 2x10
                  text run at (0,0) width 2: " "
            RenderTableCell {TD} at (696,180) size 8x10 [bgcolor=#026766] [r=18 c=89 rs=1 cs=1]
              RenderInline {FONT} at (0,0) size 2x10
                RenderText {#text} at (0,0) size 2x10
                  text run at (0,0) width 2: " "
            RenderTableCell {TD} at (704,180) size 8x10 [bgcolor=#026766] [r=18 c=90 rs=1 cs=1]
              RenderInline {FONT} at (0,0) size 2x10
                RenderText {#text} at (0,0) size 2x10
                  text run at (0,0) width 2: " "
            RenderTableCell {TD} at (712,180) size 8x10 [bgcolor=#025E5E] [r=18 c=91 rs=1 cs=1]
              RenderInline {FONT} at (0,0) size 2x10
                RenderText {#text} at (0,0) size 2x10
                  text run at (0,0) width 2: " "
            RenderTableCell {TD} at (720,180) size 8x10 [bgcolor=#044F4F] [r=18 c=92 rs=1 cs=1]
              RenderInline {FONT} at (0,0) size 2x10
                RenderText {#text} at (0,0) size 2x10
                  text run at (0,0) width 2: " "
            RenderTableCell {TD} at (728,180) size 8x10 [bgcolor=#083131] [r=18 c=93 rs=1 cs=1]
              RenderInline {FONT} at (0,0) size 2x10
                RenderText {#text} at (0,0) size 2x10
                  text run at (0,0) width 2: " "
            RenderTableCell {TD} at (736,180) size 8x10 [bgcolor=#1C2524] [r=18 c=94 rs=1 cs=1]
              RenderInline {FONT} at (0,0) size 2x10
                RenderText {#text} at (0,0) size 2x10
                  text run at (0,0) width 2: " "
            RenderTableCell {TD} at (744,180) size 8x10 [bgcolor=#4D4F4F] [r=18 c=95 rs=1 cs=1]
              RenderInline {FONT} at (0,0) size 2x10
                RenderText {#text} at (0,0) size 2x10
                  text run at (0,0) width 2: " "
            RenderTableCell {TD} at (752,180) size 8x10 [bgcolor=#777878] [r=18 c=96 rs=1 cs=1]
              RenderInline {FONT} at (0,0) size 2x10
                RenderText {#text} at (0,0) size 2x10
                  text run at (0,0) width 2: " "
            RenderTableCell {TD} at (760,180) size 8x10 [bgcolor=#848788] [r=18 c=97 rs=1 cs=1]
              RenderInline {FONT} at (0,0) size 2x10
                RenderText {#text} at (0,0) size 2x10
                  text run at (0,0) width 2: " "
            RenderTableCell {TD} at (768,180) size 8x10 [bgcolor=#777878] [r=18 c=98 rs=1 cs=1]
              RenderInline {FONT} at (0,0) size 2x10
                RenderText {#text} at (0,0) size 2x10
                  text run at (0,0) width 2: " "
            RenderTableCell {TD} at (776,180) size 8x10 [bgcolor=#4D4F4F] [r=18 c=99 rs=1 cs=1]
              RenderInline {FONT} at (0,0) size 2x10
                RenderText {#text} at (0,0) size 2x10
                  text run at (0,0) width 2: " "
          RenderTableRow {TR} at (0,190) size 784x10
            RenderTableCell {TD} at (0,190) size 7x10 [bgcolor=#FDFDFB] [r=19 c=0 rs=1 cs=1]
              RenderInline {FONT} at (0,0) size 2x10
                RenderText {#text} at (0,0) size 2x10
                  text run at (0,0) width 2: " "
            RenderTableCell {TD} at (7,190) size 7x10 [bgcolor=#FDFDFB] [r=19 c=1 rs=1 cs=1]
              RenderInline {FONT} at (0,0) size 2x10
                RenderText {#text} at (0,0) size 2x10
                  text run at (0,0) width 2: " "
            RenderTableCell {TD} at (14,190) size 7x10 [bgcolor=#DEDFDF] [r=19 c=2 rs=1 cs=1]
              RenderInline {FONT} at (0,0) size 2x10
                RenderText {#text} at (0,0) size 2x10
                  text run at (0,0) width 2: " "
            RenderTableCell {TD} at (21,190) size 7x10 [bgcolor=#5A8787] [r=19 c=3 rs=1 cs=1]
              RenderInline {FONT} at (0,0) size 2x10
                RenderText {#text} at (0,0) size 2x10
                  text run at (0,0) width 2: " "
            RenderTableCell {TD} at (28,190) size 7x10 [bgcolor=#025E5E] [r=19 c=4 rs=1 cs=1]
              RenderInline {FONT} at (0,0) size 2x10
                RenderText {#text} at (0,0) size 2x10
                  text run at (0,0) width 2: " "
            RenderTableCell {TD} at (35,190) size 7x10 [bgcolor=#025E5E] [r=19 c=5 rs=1 cs=1]
              RenderInline {FONT} at (0,0) size 2x10
                RenderText {#text} at (0,0) size 2x10
                  text run at (0,0) width 2: " "
            RenderTableCell {TD} at (42,190) size 7x10 [bgcolor=#025E5E] [r=19 c=6 rs=1 cs=1]
              RenderInline {FONT} at (0,0) size 2x10
                RenderText {#text} at (0,0) size 2x10
                  text run at (0,0) width 2: " "
            RenderTableCell {TD} at (49,190) size 7x10 [bgcolor=#026766] [r=19 c=7 rs=1 cs=1]
              RenderInline {FONT} at (0,0) size 2x10
                RenderText {#text} at (0,0) size 2x10
                  text run at (0,0) width 2: " "
            RenderTableCell {TD} at (56,190) size 7x10 [bgcolor=#026766] [r=19 c=8 rs=1 cs=1]
              RenderInline {FONT} at (0,0) size 2x10
                RenderText {#text} at (0,0) size 2x10
                  text run at (0,0) width 2: " "
            RenderTableCell {TD} at (63,190) size 7x10 [bgcolor=#026766] [r=19 c=9 rs=1 cs=1]
              RenderInline {FONT} at (0,0) size 2x10
                RenderText {#text} at (0,0) size 2x10
                  text run at (0,0) width 2: " "
            RenderTableCell {TD} at (70,190) size 7x10 [bgcolor=#026766] [r=19 c=10 rs=1 cs=1]
              RenderInline {FONT} at (0,0) size 2x10
                RenderText {#text} at (0,0) size 2x10
                  text run at (0,0) width 2: " "
            RenderTableCell {TD} at (77,190) size 7x10 [bgcolor=#025E5E] [r=19 c=11 rs=1 cs=1]
              RenderInline {FONT} at (0,0) size 2x10
                RenderText {#text} at (0,0) size 2x10
                  text run at (0,0) width 2: " "
            RenderTableCell {TD} at (84,190) size 7x10 [bgcolor=#025E5E] [r=19 c=12 rs=1 cs=1]
              RenderInline {FONT} at (0,0) size 2x10
                RenderText {#text} at (0,0) size 2x10
                  text run at (0,0) width 2: " "
            RenderTableCell {TD} at (91,190) size 7x10 [bgcolor=#044140] [r=19 c=13 rs=1 cs=1]
              RenderInline {FONT} at (0,0) size 2x10
                RenderText {#text} at (0,0) size 2x10
                  text run at (0,0) width 2: " "
            RenderTableCell {TD} at (98,190) size 7x10 [bgcolor=#223C3D] [r=19 c=14 rs=1 cs=1]
              RenderInline {FONT} at (0,0) size 2x10
                RenderText {#text} at (0,0) size 2x10
                  text run at (0,0) width 2: " "
            RenderTableCell {TD} at (105,190) size 7x10 [bgcolor=#4D4F4F] [r=19 c=15 rs=1 cs=1]
              RenderInline {FONT} at (0,0) size 2x10
                RenderText {#text} at (0,0) size 2x10
                  text run at (0,0) width 2: " "
            RenderTableCell {TD} at (112,190) size 8x10 [bgcolor=#777878] [r=19 c=16 rs=1 cs=1]
              RenderInline {FONT} at (0,0) size 2x10
                RenderText {#text} at (0,0) size 2x10
                  text run at (0,0) width 2: " "
            RenderTableCell {TD} at (120,190) size 8x10 [bgcolor=#848788] [r=19 c=17 rs=1 cs=1]
              RenderInline {FONT} at (0,0) size 2x10
                RenderText {#text} at (0,0) size 2x10
                  text run at (0,0) width 2: " "
            RenderTableCell {TD} at (128,190) size 8x10 [bgcolor=#848788] [r=19 c=18 rs=1 cs=1]
              RenderInline {FONT} at (0,0) size 2x10
                RenderText {#text} at (0,0) size 2x10
                  text run at (0,0) width 2: " "
            RenderTableCell {TD} at (136,190) size 8x10 [bgcolor=#1B8685] [r=19 c=19 rs=1 cs=1]
              RenderInline {FONT} at (0,0) size 2x10
                RenderText {#text} at (0,0) size 2x10
                  text run at (0,0) width 2: " "
            RenderTableCell {TD} at (144,190) size 8x10 [bgcolor=#027777] [r=19 c=20 rs=1 cs=1]
              RenderInline {FONT} at (0,0) size 2x10
                RenderText {#text} at (0,0) size 2x10
                  text run at (0,0) width 2: " "
            RenderTableCell {TD} at (152,190) size 8x10 [bgcolor=#026766] [r=19 c=21 rs=1 cs=1]
              RenderInline {FONT} at (0,0) size 2x10
                RenderText {#text} at (0,0) size 2x10
                  text run at (0,0) width 2: " "
            RenderTableCell {TD} at (160,190) size 8x10 [bgcolor=#026766] [r=19 c=22 rs=1 cs=1]
              RenderInline {FONT} at (0,0) size 2x10
                RenderText {#text} at (0,0) size 2x10
                  text run at (0,0) width 2: " "
            RenderTableCell {TD} at (168,190) size 8x10 [bgcolor=#026766] [r=19 c=23 rs=1 cs=1]
              RenderInline {FONT} at (0,0) size 2x10
                RenderText {#text} at (0,0) size 2x10
                  text run at (0,0) width 2: " "
            RenderTableCell {TD} at (176,190) size 8x10 [bgcolor=#025E5E] [r=19 c=24 rs=1 cs=1]
              RenderInline {FONT} at (0,0) size 2x10
                RenderText {#text} at (0,0) size 2x10
                  text run at (0,0) width 2: " "
            RenderTableCell {TD} at (184,190) size 8x10 [bgcolor=#025E5E] [r=19 c=25 rs=1 cs=1]
              RenderInline {FONT} at (0,0) size 2x10
                RenderText {#text} at (0,0) size 2x10
                  text run at (0,0) width 2: " "
            RenderTableCell {TD} at (192,190) size 8x10 [bgcolor=#025E5E] [r=19 c=26 rs=1 cs=1]
              RenderInline {FONT} at (0,0) size 2x10
                RenderText {#text} at (0,0) size 2x10
                  text run at (0,0) width 2: " "
            RenderTableCell {TD} at (200,190) size 8x10 [bgcolor=#044F4F] [r=19 c=27 rs=1 cs=1]
              RenderInline {FONT} at (0,0) size 2x10
                RenderText {#text} at (0,0) size 2x10
                  text run at (0,0) width 2: " "
            RenderTableCell {TD} at (208,190) size 8x10 [bgcolor=#044140] [r=19 c=28 rs=1 cs=1]
              RenderInline {FONT} at (0,0) size 2x10
                RenderText {#text} at (0,0) size 2x10
                  text run at (0,0) width 2: " "
            RenderTableCell {TD} at (216,190) size 8x10 [bgcolor=#072323] [r=19 c=29 rs=1 cs=1]
              RenderInline {FONT} at (0,0) size 2x10
                RenderText {#text} at (0,0) size 2x10
                  text run at (0,0) width 2: " "
            RenderTableCell {TD} at (224,190) size 8x10 [bgcolor=#2D3433] [r=19 c=30 rs=1 cs=1]
              RenderInline {FONT} at (0,0) size 2x10
                RenderText {#text} at (0,0) size 2x10
                  text run at (0,0) width 2: " "
            RenderTableCell {TD} at (232,190) size 8x10 [bgcolor=#4D4F4F] [r=19 c=31 rs=1 cs=1]
              RenderInline {FONT} at (0,0) size 2x10
                RenderText {#text} at (0,0) size 2x10
                  text run at (0,0) width 2: " "
            RenderTableCell {TD} at (240,190) size 8x10 [bgcolor=#5E5F60] [r=19 c=32 rs=1 cs=1]
              RenderInline {FONT} at (0,0) size 2x10
                RenderText {#text} at (0,0) size 2x10
                  text run at (0,0) width 2: " "
            RenderTableCell {TD} at (248,190) size 8x10 [bgcolor=#777878] [r=19 c=33 rs=1 cs=1]
              RenderInline {FONT} at (0,0) size 2x10
                RenderText {#text} at (0,0) size 2x10
                  text run at (0,0) width 2: " "
            RenderTableCell {TD} at (256,190) size 8x10 [bgcolor=#848788] [r=19 c=34 rs=1 cs=1]
              RenderInline {FONT} at (0,0) size 2x10
                RenderText {#text} at (0,0) size 2x10
                  text run at (0,0) width 2: " "
            RenderTableCell {TD} at (264,190) size 8x10 [bgcolor=#848788] [r=19 c=35 rs=1 cs=1]
              RenderInline {FONT} at (0,0) size 2x10
                RenderText {#text} at (0,0) size 2x10
                  text run at (0,0) width 2: " "
            RenderTableCell {TD} at (272,190) size 8x10 [bgcolor=#027777] [r=19 c=36 rs=1 cs=1]
              RenderInline {FONT} at (0,0) size 2x10
                RenderText {#text} at (0,0) size 2x10
                  text run at (0,0) width 2: " "
            RenderTableCell {TD} at (280,190) size 8x10 [bgcolor=#027777] [r=19 c=37 rs=1 cs=1]
              RenderInline {FONT} at (0,0) size 2x10
                RenderText {#text} at (0,0) size 2x10
                  text run at (0,0) width 2: " "
            RenderTableCell {TD} at (288,190) size 8x10 [bgcolor=#026766] [r=19 c=38 rs=1 cs=1]
              RenderInline {FONT} at (0,0) size 2x10
                RenderText {#text} at (0,0) size 2x10
                  text run at (0,0) width 2: " "
            RenderTableCell {TD} at (296,190) size 8x10 [bgcolor=#026766] [r=19 c=39 rs=1 cs=1]
              RenderInline {FONT} at (0,0) size 2x10
                RenderText {#text} at (0,0) size 2x10
                  text run at (0,0) width 2: " "
            RenderTableCell {TD} at (304,190) size 8x10 [bgcolor=#026766] [r=19 c=40 rs=1 cs=1]
              RenderInline {FONT} at (0,0) size 2x10
                RenderText {#text} at (0,0) size 2x10
                  text run at (0,0) width 2: " "
            RenderTableCell {TD} at (312,190) size 8x10 [bgcolor=#026766] [r=19 c=41 rs=1 cs=1]
              RenderInline {FONT} at (0,0) size 2x10
                RenderText {#text} at (0,0) size 2x10
                  text run at (0,0) width 2: " "
            RenderTableCell {TD} at (320,190) size 8x10 [bgcolor=#026766] [r=19 c=42 rs=1 cs=1]
              RenderInline {FONT} at (0,0) size 2x10
                RenderText {#text} at (0,0) size 2x10
                  text run at (0,0) width 2: " "
            RenderTableCell {TD} at (328,190) size 8x10 [bgcolor=#026766] [r=19 c=43 rs=1 cs=1]
              RenderInline {FONT} at (0,0) size 2x10
                RenderText {#text} at (0,0) size 2x10
                  text run at (0,0) width 2: " "
            RenderTableCell {TD} at (336,190) size 8x10 [bgcolor=#026766] [r=19 c=44 rs=1 cs=1]
              RenderInline {FONT} at (0,0) size 2x10
                RenderText {#text} at (0,0) size 2x10
                  text run at (0,0) width 2: " "
            RenderTableCell {TD} at (344,190) size 8x10 [bgcolor=#026766] [r=19 c=45 rs=1 cs=1]
              RenderInline {FONT} at (0,0) size 2x10
                RenderText {#text} at (0,0) size 2x10
                  text run at (0,0) width 2: " "
            RenderTableCell {TD} at (352,190) size 8x10 [bgcolor=#026766] [r=19 c=46 rs=1 cs=1]
              RenderInline {FONT} at (0,0) size 2x10
                RenderText {#text} at (0,0) size 2x10
                  text run at (0,0) width 2: " "
            RenderTableCell {TD} at (360,190) size 8x10 [bgcolor=#026766] [r=19 c=47 rs=1 cs=1]
              RenderInline {FONT} at (0,0) size 2x10
                RenderText {#text} at (0,0) size 2x10
                  text run at (0,0) width 2: " "
            RenderTableCell {TD} at (368,190) size 8x10 [bgcolor=#026766] [r=19 c=48 rs=1 cs=1]
              RenderInline {FONT} at (0,0) size 2x10
                RenderText {#text} at (0,0) size 2x10
                  text run at (0,0) width 2: " "
            RenderTableCell {TD} at (376,190) size 8x10 [bgcolor=#025E5E] [r=19 c=49 rs=1 cs=1]
              RenderInline {FONT} at (0,0) size 2x10
                RenderText {#text} at (0,0) size 2x10
                  text run at (0,0) width 2: " "
            RenderTableCell {TD} at (384,190) size 8x10 [bgcolor=#044F4F] [r=19 c=50 rs=1 cs=1]
              RenderInline {FONT} at (0,0) size 2x10
                RenderText {#text} at (0,0) size 2x10
                  text run at (0,0) width 2: " "
            RenderTableCell {TD} at (392,190) size 8x10 [bgcolor=#083131] [r=19 c=51 rs=1 cs=1]
              RenderInline {FONT} at (0,0) size 2x10
                RenderText {#text} at (0,0) size 2x10
                  text run at (0,0) width 2: " "
            RenderTableCell {TD} at (400,190) size 8x10 [bgcolor=#3D4242] [r=19 c=52 rs=1 cs=1]
              RenderInline {FONT} at (0,0) size 2x10
                RenderText {#text} at (0,0) size 2x10
                  text run at (0,0) width 2: " "
            RenderTableCell {TD} at (408,190) size 8x10 [bgcolor=#5E5F60] [r=19 c=53 rs=1 cs=1]
              RenderInline {FONT} at (0,0) size 2x10
                RenderText {#text} at (0,0) size 2x10
                  text run at (0,0) width 2: " "
            RenderTableCell {TD} at (416,190) size 8x10 [bgcolor=#777878] [r=19 c=54 rs=1 cs=1]
              RenderInline {FONT} at (0,0) size 2x10
                RenderText {#text} at (0,0) size 2x10
                  text run at (0,0) width 2: " "
            RenderTableCell {TD} at (424,190) size 8x10 [bgcolor=#848788] [r=19 c=55 rs=1 cs=1]
              RenderInline {FONT} at (0,0) size 2x10
                RenderText {#text} at (0,0) size 2x10
                  text run at (0,0) width 2: " "
            RenderTableCell {TD} at (432,190) size 8x10 [bgcolor=#939494] [r=19 c=56 rs=1 cs=1]
              RenderInline {FONT} at (0,0) size 2x10
                RenderText {#text} at (0,0) size 2x10
                  text run at (0,0) width 2: " "
            RenderTableCell {TD} at (440,190) size 8x10 [bgcolor=#939494] [r=19 c=57 rs=1 cs=1]
              RenderInline {FONT} at (0,0) size 2x10
                RenderText {#text} at (0,0) size 2x10
                  text run at (0,0) width 2: " "
            RenderTableCell {TD} at (448,190) size 8x10 [bgcolor=#939494] [r=19 c=58 rs=1 cs=1]
              RenderInline {FONT} at (0,0) size 2x10
                RenderText {#text} at (0,0) size 2x10
                  text run at (0,0) width 2: " "
            RenderTableCell {TD} at (456,190) size 8x10 [bgcolor=#939494] [r=19 c=59 rs=1 cs=1]
              RenderInline {FONT} at (0,0) size 2x10
                RenderText {#text} at (0,0) size 2x10
                  text run at (0,0) width 2: " "
            RenderTableCell {TD} at (464,190) size 8x10 [bgcolor=#848788] [r=19 c=60 rs=1 cs=1]
              RenderInline {FONT} at (0,0) size 2x10
                RenderText {#text} at (0,0) size 2x10
                  text run at (0,0) width 2: " "
            RenderTableCell {TD} at (472,190) size 8x10 [bgcolor=#527274] [r=19 c=61 rs=1 cs=1]
              RenderInline {FONT} at (0,0) size 2x10
                RenderText {#text} at (0,0) size 2x10
                  text run at (0,0) width 2: " "
            RenderTableCell {TD} at (480,190) size 8x10 [bgcolor=#026766] [r=19 c=62 rs=1 cs=1]
              RenderInline {FONT} at (0,0) size 2x10
                RenderText {#text} at (0,0) size 2x10
                  text run at (0,0) width 2: " "
            RenderTableCell {TD} at (488,190) size 8x10 [bgcolor=#026766] [r=19 c=63 rs=1 cs=1]
              RenderInline {FONT} at (0,0) size 2x10
                RenderText {#text} at (0,0) size 2x10
                  text run at (0,0) width 2: " "
            RenderTableCell {TD} at (496,190) size 8x10 [bgcolor=#026766] [r=19 c=64 rs=1 cs=1]
              RenderInline {FONT} at (0,0) size 2x10
                RenderText {#text} at (0,0) size 2x10
                  text run at (0,0) width 2: " "
            RenderTableCell {TD} at (504,190) size 8x10 [bgcolor=#026766] [r=19 c=65 rs=1 cs=1]
              RenderInline {FONT} at (0,0) size 2x10
                RenderText {#text} at (0,0) size 2x10
                  text run at (0,0) width 2: " "
            RenderTableCell {TD} at (512,190) size 8x10 [bgcolor=#026766] [r=19 c=66 rs=1 cs=1]
              RenderInline {FONT} at (0,0) size 2x10
                RenderText {#text} at (0,0) size 2x10
                  text run at (0,0) width 2: " "
            RenderTableCell {TD} at (520,190) size 8x10 [bgcolor=#026766] [r=19 c=67 rs=1 cs=1]
              RenderInline {FONT} at (0,0) size 2x10
                RenderText {#text} at (0,0) size 2x10
                  text run at (0,0) width 2: " "
            RenderTableCell {TD} at (528,190) size 8x10 [bgcolor=#026766] [r=19 c=68 rs=1 cs=1]
              RenderInline {FONT} at (0,0) size 2x10
                RenderText {#text} at (0,0) size 2x10
                  text run at (0,0) width 2: " "
            RenderTableCell {TD} at (536,190) size 8x10 [bgcolor=#026766] [r=19 c=69 rs=1 cs=1]
              RenderInline {FONT} at (0,0) size 2x10
                RenderText {#text} at (0,0) size 2x10
                  text run at (0,0) width 2: " "
            RenderTableCell {TD} at (544,190) size 8x10 [bgcolor=#026766] [r=19 c=70 rs=1 cs=1]
              RenderInline {FONT} at (0,0) size 2x10
                RenderText {#text} at (0,0) size 2x10
                  text run at (0,0) width 2: " "
            RenderTableCell {TD} at (552,190) size 8x10 [bgcolor=#025E5E] [r=19 c=71 rs=1 cs=1]
              RenderInline {FONT} at (0,0) size 2x10
                RenderText {#text} at (0,0) size 2x10
                  text run at (0,0) width 2: " "
            RenderTableCell {TD} at (560,190) size 8x10 [bgcolor=#025E5E] [r=19 c=72 rs=1 cs=1]
              RenderInline {FONT} at (0,0) size 2x10
                RenderText {#text} at (0,0) size 2x10
                  text run at (0,0) width 2: " "
            RenderTableCell {TD} at (568,190) size 8x10 [bgcolor=#044F4F] [r=19 c=73 rs=1 cs=1]
              RenderInline {FONT} at (0,0) size 2x10
                RenderText {#text} at (0,0) size 2x10
                  text run at (0,0) width 2: " "
            RenderTableCell {TD} at (576,190) size 8x10 [bgcolor=#425A5A] [r=19 c=74 rs=1 cs=1]
              RenderInline {FONT} at (0,0) size 2x10
                RenderText {#text} at (0,0) size 2x10
                  text run at (0,0) width 2: " "
            RenderTableCell {TD} at (584,190) size 8x10 [bgcolor=#777878] [r=19 c=75 rs=1 cs=1]
              RenderInline {FONT} at (0,0) size 2x10
                RenderText {#text} at (0,0) size 2x10
                  text run at (0,0) width 2: " "
            RenderTableCell {TD} at (592,190) size 8x10 [bgcolor=#848788] [r=19 c=76 rs=1 cs=1]
              RenderInline {FONT} at (0,0) size 2x10
                RenderText {#text} at (0,0) size 2x10
                  text run at (0,0) width 2: " "
            RenderTableCell {TD} at (600,190) size 8x10 [bgcolor=#848788] [r=19 c=77 rs=1 cs=1]
              RenderInline {FONT} at (0,0) size 2x10
                RenderText {#text} at (0,0) size 2x10
                  text run at (0,0) width 2: " "
            RenderTableCell {TD} at (608,190) size 8x10 [bgcolor=#1B8685] [r=19 c=78 rs=1 cs=1]
              RenderInline {FONT} at (0,0) size 2x10
                RenderText {#text} at (0,0) size 2x10
                  text run at (0,0) width 2: " "
            RenderTableCell {TD} at (616,190) size 8x10 [bgcolor=#027777] [r=19 c=79 rs=1 cs=1]
              RenderInline {FONT} at (0,0) size 2x10
                RenderText {#text} at (0,0) size 2x10
                  text run at (0,0) width 2: " "
            RenderTableCell {TD} at (624,190) size 8x10 [bgcolor=#026766] [r=19 c=80 rs=1 cs=1]
              RenderInline {FONT} at (0,0) size 2x10
                RenderText {#text} at (0,0) size 2x10
                  text run at (0,0) width 2: " "
            RenderTableCell {TD} at (632,190) size 8x10 [bgcolor=#026766] [r=19 c=81 rs=1 cs=1]
              RenderInline {FONT} at (0,0) size 2x10
                RenderText {#text} at (0,0) size 2x10
                  text run at (0,0) width 2: " "
            RenderTableCell {TD} at (640,190) size 8x10 [bgcolor=#026766] [r=19 c=82 rs=1 cs=1]
              RenderInline {FONT} at (0,0) size 2x10
                RenderText {#text} at (0,0) size 2x10
                  text run at (0,0) width 2: " "
            RenderTableCell {TD} at (648,190) size 8x10 [bgcolor=#026766] [r=19 c=83 rs=1 cs=1]
              RenderInline {FONT} at (0,0) size 2x10
                RenderText {#text} at (0,0) size 2x10
                  text run at (0,0) width 2: " "
            RenderTableCell {TD} at (656,190) size 8x10 [bgcolor=#026766] [r=19 c=84 rs=1 cs=1]
              RenderInline {FONT} at (0,0) size 2x10
                RenderText {#text} at (0,0) size 2x10
                  text run at (0,0) width 2: " "
            RenderTableCell {TD} at (664,190) size 8x10 [bgcolor=#026766] [r=19 c=85 rs=1 cs=1]
              RenderInline {FONT} at (0,0) size 2x10
                RenderText {#text} at (0,0) size 2x10
                  text run at (0,0) width 2: " "
            RenderTableCell {TD} at (672,190) size 8x10 [bgcolor=#026766] [r=19 c=86 rs=1 cs=1]
              RenderInline {FONT} at (0,0) size 2x10
                RenderText {#text} at (0,0) size 2x10
                  text run at (0,0) width 2: " "
            RenderTableCell {TD} at (680,190) size 8x10 [bgcolor=#026766] [r=19 c=87 rs=1 cs=1]
              RenderInline {FONT} at (0,0) size 2x10
                RenderText {#text} at (0,0) size 2x10
                  text run at (0,0) width 2: " "
            RenderTableCell {TD} at (688,190) size 8x10 [bgcolor=#026766] [r=19 c=88 rs=1 cs=1]
              RenderInline {FONT} at (0,0) size 2x10
                RenderText {#text} at (0,0) size 2x10
                  text run at (0,0) width 2: " "
            RenderTableCell {TD} at (696,190) size 8x10 [bgcolor=#026766] [r=19 c=89 rs=1 cs=1]
              RenderInline {FONT} at (0,0) size 2x10
                RenderText {#text} at (0,0) size 2x10
                  text run at (0,0) width 2: " "
            RenderTableCell {TD} at (704,190) size 8x10 [bgcolor=#026766] [r=19 c=90 rs=1 cs=1]
              RenderInline {FONT} at (0,0) size 2x10
                RenderText {#text} at (0,0) size 2x10
                  text run at (0,0) width 2: " "
            RenderTableCell {TD} at (712,190) size 8x10 [bgcolor=#025E5E] [r=19 c=91 rs=1 cs=1]
              RenderInline {FONT} at (0,0) size 2x10
                RenderText {#text} at (0,0) size 2x10
                  text run at (0,0) width 2: " "
            RenderTableCell {TD} at (720,190) size 8x10 [bgcolor=#044F4F] [r=19 c=92 rs=1 cs=1]
              RenderInline {FONT} at (0,0) size 2x10
                RenderText {#text} at (0,0) size 2x10
                  text run at (0,0) width 2: " "
            RenderTableCell {TD} at (728,190) size 8x10 [bgcolor=#044140] [r=19 c=93 rs=1 cs=1]
              RenderInline {FONT} at (0,0) size 2x10
                RenderText {#text} at (0,0) size 2x10
                  text run at (0,0) width 2: " "
            RenderTableCell {TD} at (736,190) size 8x10 [bgcolor=#223C3D] [r=19 c=94 rs=1 cs=1]
              RenderInline {FONT} at (0,0) size 2x10
                RenderText {#text} at (0,0) size 2x10
                  text run at (0,0) width 2: " "
            RenderTableCell {TD} at (744,190) size 8x10 [bgcolor=#515C5B] [r=19 c=95 rs=1 cs=1]
              RenderInline {FONT} at (0,0) size 2x10
                RenderText {#text} at (0,0) size 2x10
                  text run at (0,0) width 2: " "
            RenderTableCell {TD} at (752,190) size 8x10 [bgcolor=#777878] [r=19 c=96 rs=1 cs=1]
              RenderInline {FONT} at (0,0) size 2x10
                RenderText {#text} at (0,0) size 2x10
                  text run at (0,0) width 2: " "
            RenderTableCell {TD} at (760,190) size 8x10 [bgcolor=#848788] [r=19 c=97 rs=1 cs=1]
              RenderInline {FONT} at (0,0) size 2x10
                RenderText {#text} at (0,0) size 2x10
                  text run at (0,0) width 2: " "
            RenderTableCell {TD} at (768,190) size 8x10 [bgcolor=#696A69] [r=19 c=98 rs=1 cs=1]
              RenderInline {FONT} at (0,0) size 2x10
                RenderText {#text} at (0,0) size 2x10
                  text run at (0,0) width 2: " "
            RenderTableCell {TD} at (776,190) size 8x10 [bgcolor=#4D4F4F] [r=19 c=99 rs=1 cs=1]
              RenderInline {FONT} at (0,0) size 2x10
                RenderText {#text} at (0,0) size 2x10
                  text run at (0,0) width 2: " "
          RenderTableRow {TR} at (0,200) size 784x10
            RenderTableCell {TD} at (0,200) size 7x10 [bgcolor=#FDFDFB] [r=20 c=0 rs=1 cs=1]
              RenderInline {FONT} at (0,0) size 2x10
                RenderText {#text} at (0,0) size 2x10
                  text run at (0,0) width 2: " "
            RenderTableCell {TD} at (7,200) size 7x10 [bgcolor=#FDFDFB] [r=20 c=1 rs=1 cs=1]
              RenderInline {FONT} at (0,0) size 2x10
                RenderText {#text} at (0,0) size 2x10
                  text run at (0,0) width 2: " "
            RenderTableCell {TD} at (14,200) size 7x10 [bgcolor=#EDEEEF] [r=20 c=2 rs=1 cs=1]
              RenderInline {FONT} at (0,0) size 2x10
                RenderText {#text} at (0,0) size 2x10
                  text run at (0,0) width 2: " "
            RenderTableCell {TD} at (21,200) size 7x10 [bgcolor=#CECFCF] [r=20 c=3 rs=1 cs=1]
              RenderInline {FONT} at (0,0) size 2x10
                RenderText {#text} at (0,0) size 2x10
                  text run at (0,0) width 2: " "
            RenderTableCell {TD} at (28,200) size 7x10 [bgcolor=#5A8787] [r=20 c=4 rs=1 cs=1]
              RenderInline {FONT} at (0,0) size 2x10
                RenderText {#text} at (0,0) size 2x10
                  text run at (0,0) width 2: " "
            RenderTableCell {TD} at (35,200) size 7x10 [bgcolor=#044F4F] [r=20 c=5 rs=1 cs=1]
              RenderInline {FONT} at (0,0) size 2x10
                RenderText {#text} at (0,0) size 2x10
                  text run at (0,0) width 2: " "
            RenderTableCell {TD} at (42,200) size 7x10 [bgcolor=#025E5E] [r=20 c=6 rs=1 cs=1]
              RenderInline {FONT} at (0,0) size 2x10
                RenderText {#text} at (0,0) size 2x10
                  text run at (0,0) width 2: " "
            RenderTableCell {TD} at (49,200) size 7x10 [bgcolor=#025E5E] [r=20 c=7 rs=1 cs=1]
              RenderInline {FONT} at (0,0) size 2x10
                RenderText {#text} at (0,0) size 2x10
                  text run at (0,0) width 2: " "
            RenderTableCell {TD} at (56,200) size 7x10 [bgcolor=#025E5E] [r=20 c=8 rs=1 cs=1]
              RenderInline {FONT} at (0,0) size 2x10
                RenderText {#text} at (0,0) size 2x10
                  text run at (0,0) width 2: " "
            RenderTableCell {TD} at (63,200) size 7x10 [bgcolor=#026766] [r=20 c=9 rs=1 cs=1]
              RenderInline {FONT} at (0,0) size 2x10
                RenderText {#text} at (0,0) size 2x10
                  text run at (0,0) width 2: " "
            RenderTableCell {TD} at (70,200) size 7x10 [bgcolor=#026766] [r=20 c=10 rs=1 cs=1]
              RenderInline {FONT} at (0,0) size 2x10
                RenderText {#text} at (0,0) size 2x10
                  text run at (0,0) width 2: " "
            RenderTableCell {TD} at (77,200) size 7x10 [bgcolor=#025E5E] [r=20 c=11 rs=1 cs=1]
              RenderInline {FONT} at (0,0) size 2x10
                RenderText {#text} at (0,0) size 2x10
                  text run at (0,0) width 2: " "
            RenderTableCell {TD} at (84,200) size 7x10 [bgcolor=#025E5E] [r=20 c=12 rs=1 cs=1]
              RenderInline {FONT} at (0,0) size 2x10
                RenderText {#text} at (0,0) size 2x10
                  text run at (0,0) width 2: " "
            RenderTableCell {TD} at (91,200) size 7x10 [bgcolor=#044F4F] [r=20 c=13 rs=1 cs=1]
              RenderInline {FONT} at (0,0) size 2x10
                RenderText {#text} at (0,0) size 2x10
                  text run at (0,0) width 2: " "
            RenderTableCell {TD} at (98,200) size 7x10 [bgcolor=#044140] [r=20 c=14 rs=1 cs=1]
              RenderInline {FONT} at (0,0) size 2x10
                RenderText {#text} at (0,0) size 2x10
                  text run at (0,0) width 2: " "
            RenderTableCell {TD} at (105,200) size 7x10 [bgcolor=#3D4242] [r=20 c=15 rs=1 cs=1]
              RenderInline {FONT} at (0,0) size 2x10
                RenderText {#text} at (0,0) size 2x10
                  text run at (0,0) width 2: " "
            RenderTableCell {TD} at (112,200) size 8x10 [bgcolor=#515C5B] [r=20 c=16 rs=1 cs=1]
              RenderInline {FONT} at (0,0) size 2x10
                RenderText {#text} at (0,0) size 2x10
                  text run at (0,0) width 2: " "
            RenderTableCell {TD} at (120,200) size 8x10 [bgcolor=#696A69] [r=20 c=17 rs=1 cs=1]
              RenderInline {FONT} at (0,0) size 2x10
                RenderText {#text} at (0,0) size 2x10
                  text run at (0,0) width 2: " "
            RenderTableCell {TD} at (128,200) size 8x10 [bgcolor=#526B6B] [r=20 c=18 rs=1 cs=1]
              RenderInline {FONT} at (0,0) size 2x10
                RenderText {#text} at (0,0) size 2x10
                  text run at (0,0) width 2: " "
            RenderTableCell {TD} at (136,200) size 8x10 [bgcolor=#048485] [r=20 c=19 rs=1 cs=1]
              RenderInline {FONT} at (0,0) size 2x10
                RenderText {#text} at (0,0) size 2x10
                  text run at (0,0) width 2: " "
            RenderTableCell {TD} at (144,200) size 8x10 [bgcolor=#027777] [r=20 c=20 rs=1 cs=1]
              RenderInline {FONT} at (0,0) size 2x10
                RenderText {#text} at (0,0) size 2x10
                  text run at (0,0) width 2: " "
            RenderTableCell {TD} at (152,200) size 8x10 [bgcolor=#026766] [r=20 c=21 rs=1 cs=1]
              RenderInline {FONT} at (0,0) size 2x10
                RenderText {#text} at (0,0) size 2x10
                  text run at (0,0) width 2: " "
            RenderTableCell {TD} at (160,200) size 8x10 [bgcolor=#026766] [r=20 c=22 rs=1 cs=1]
              RenderInline {FONT} at (0,0) size 2x10
                RenderText {#text} at (0,0) size 2x10
                  text run at (0,0) width 2: " "
            RenderTableCell {TD} at (168,200) size 8x10 [bgcolor=#025E5E] [r=20 c=23 rs=1 cs=1]
              RenderInline {FONT} at (0,0) size 2x10
                RenderText {#text} at (0,0) size 2x10
                  text run at (0,0) width 2: " "
            RenderTableCell {TD} at (176,200) size 8x10 [bgcolor=#025E5E] [r=20 c=24 rs=1 cs=1]
              RenderInline {FONT} at (0,0) size 2x10
                RenderText {#text} at (0,0) size 2x10
                  text run at (0,0) width 2: " "
            RenderTableCell {TD} at (184,200) size 8x10 [bgcolor=#025E5E] [r=20 c=25 rs=1 cs=1]
              RenderInline {FONT} at (0,0) size 2x10
                RenderText {#text} at (0,0) size 2x10
                  text run at (0,0) width 2: " "
            RenderTableCell {TD} at (192,200) size 8x10 [bgcolor=#044F4F] [r=20 c=26 rs=1 cs=1]
              RenderInline {FONT} at (0,0) size 2x10
                RenderText {#text} at (0,0) size 2x10
                  text run at (0,0) width 2: " "
            RenderTableCell {TD} at (200,200) size 8x10 [bgcolor=#044140] [r=20 c=27 rs=1 cs=1]
              RenderInline {FONT} at (0,0) size 2x10
                RenderText {#text} at (0,0) size 2x10
                  text run at (0,0) width 2: " "
            RenderTableCell {TD} at (208,200) size 8x10 [bgcolor=#072323] [r=20 c=28 rs=1 cs=1]
              RenderInline {FONT} at (0,0) size 2x10
                RenderText {#text} at (0,0) size 2x10
                  text run at (0,0) width 2: " "
            RenderTableCell {TD} at (216,200) size 8x10 [bgcolor=#1C2524] [r=20 c=29 rs=1 cs=1]
              RenderInline {FONT} at (0,0) size 2x10
                RenderText {#text} at (0,0) size 2x10
                  text run at (0,0) width 2: " "
            RenderTableCell {TD} at (224,200) size 8x10 [bgcolor=#2D3433] [r=20 c=30 rs=1 cs=1]
              RenderInline {FONT} at (0,0) size 2x10
                RenderText {#text} at (0,0) size 2x10
                  text run at (0,0) width 2: " "
            RenderTableCell {TD} at (232,200) size 8x10 [bgcolor=#3D4242] [r=20 c=31 rs=1 cs=1]
              RenderInline {FONT} at (0,0) size 2x10
                RenderText {#text} at (0,0) size 2x10
                  text run at (0,0) width 2: " "
            RenderTableCell {TD} at (240,200) size 8x10 [bgcolor=#515C5B] [r=20 c=32 rs=1 cs=1]
              RenderInline {FONT} at (0,0) size 2x10
                RenderText {#text} at (0,0) size 2x10
                  text run at (0,0) width 2: " "
            RenderTableCell {TD} at (248,200) size 8x10 [bgcolor=#696A69] [r=20 c=33 rs=1 cs=1]
              RenderInline {FONT} at (0,0) size 2x10
                RenderText {#text} at (0,0) size 2x10
                  text run at (0,0) width 2: " "
            RenderTableCell {TD} at (256,200) size 8x10 [bgcolor=#696A69] [r=20 c=34 rs=1 cs=1]
              RenderInline {FONT} at (0,0) size 2x10
                RenderText {#text} at (0,0) size 2x10
                  text run at (0,0) width 2: " "
            RenderTableCell {TD} at (264,200) size 8x10 [bgcolor=#696A69] [r=20 c=35 rs=1 cs=1]
              RenderInline {FONT} at (0,0) size 2x10
                RenderText {#text} at (0,0) size 2x10
                  text run at (0,0) width 2: " "
            RenderTableCell {TD} at (272,200) size 8x10 [bgcolor=#027777] [r=20 c=36 rs=1 cs=1]
              RenderInline {FONT} at (0,0) size 2x10
                RenderText {#text} at (0,0) size 2x10
                  text run at (0,0) width 2: " "
            RenderTableCell {TD} at (280,200) size 8x10 [bgcolor=#027777] [r=20 c=37 rs=1 cs=1]
              RenderInline {FONT} at (0,0) size 2x10
                RenderText {#text} at (0,0) size 2x10
                  text run at (0,0) width 2: " "
            RenderTableCell {TD} at (288,200) size 8x10 [bgcolor=#026766] [r=20 c=38 rs=1 cs=1]
              RenderInline {FONT} at (0,0) size 2x10
                RenderText {#text} at (0,0) size 2x10
                  text run at (0,0) width 2: " "
            RenderTableCell {TD} at (296,200) size 8x10 [bgcolor=#026766] [r=20 c=39 rs=1 cs=1]
              RenderInline {FONT} at (0,0) size 2x10
                RenderText {#text} at (0,0) size 2x10
                  text run at (0,0) width 2: " "
            RenderTableCell {TD} at (304,200) size 8x10 [bgcolor=#026766] [r=20 c=40 rs=1 cs=1]
              RenderInline {FONT} at (0,0) size 2x10
                RenderText {#text} at (0,0) size 2x10
                  text run at (0,0) width 2: " "
            RenderTableCell {TD} at (312,200) size 8x10 [bgcolor=#026766] [r=20 c=41 rs=1 cs=1]
              RenderInline {FONT} at (0,0) size 2x10
                RenderText {#text} at (0,0) size 2x10
                  text run at (0,0) width 2: " "
            RenderTableCell {TD} at (320,200) size 8x10 [bgcolor=#026766] [r=20 c=42 rs=1 cs=1]
              RenderInline {FONT} at (0,0) size 2x10
                RenderText {#text} at (0,0) size 2x10
                  text run at (0,0) width 2: " "
            RenderTableCell {TD} at (328,200) size 8x10 [bgcolor=#026766] [r=20 c=43 rs=1 cs=1]
              RenderInline {FONT} at (0,0) size 2x10
                RenderText {#text} at (0,0) size 2x10
                  text run at (0,0) width 2: " "
            RenderTableCell {TD} at (336,200) size 8x10 [bgcolor=#026766] [r=20 c=44 rs=1 cs=1]
              RenderInline {FONT} at (0,0) size 2x10
                RenderText {#text} at (0,0) size 2x10
                  text run at (0,0) width 2: " "
            RenderTableCell {TD} at (344,200) size 8x10 [bgcolor=#026766] [r=20 c=45 rs=1 cs=1]
              RenderInline {FONT} at (0,0) size 2x10
                RenderText {#text} at (0,0) size 2x10
                  text run at (0,0) width 2: " "
            RenderTableCell {TD} at (352,200) size 8x10 [bgcolor=#026766] [r=20 c=46 rs=1 cs=1]
              RenderInline {FONT} at (0,0) size 2x10
                RenderText {#text} at (0,0) size 2x10
                  text run at (0,0) width 2: " "
            RenderTableCell {TD} at (360,200) size 8x10 [bgcolor=#026766] [r=20 c=47 rs=1 cs=1]
              RenderInline {FONT} at (0,0) size 2x10
                RenderText {#text} at (0,0) size 2x10
                  text run at (0,0) width 2: " "
            RenderTableCell {TD} at (368,200) size 8x10 [bgcolor=#025E5E] [r=20 c=48 rs=1 cs=1]
              RenderInline {FONT} at (0,0) size 2x10
                RenderText {#text} at (0,0) size 2x10
                  text run at (0,0) width 2: " "
            RenderTableCell {TD} at (376,200) size 8x10 [bgcolor=#025E5E] [r=20 c=49 rs=1 cs=1]
              RenderInline {FONT} at (0,0) size 2x10
                RenderText {#text} at (0,0) size 2x10
                  text run at (0,0) width 2: " "
            RenderTableCell {TD} at (384,200) size 8x10 [bgcolor=#044F4F] [r=20 c=50 rs=1 cs=1]
              RenderInline {FONT} at (0,0) size 2x10
                RenderText {#text} at (0,0) size 2x10
                  text run at (0,0) width 2: " "
            RenderTableCell {TD} at (392,200) size 8x10 [bgcolor=#083131] [r=20 c=51 rs=1 cs=1]
              RenderInline {FONT} at (0,0) size 2x10
                RenderText {#text} at (0,0) size 2x10
                  text run at (0,0) width 2: " "
            RenderTableCell {TD} at (400,200) size 8x10 [bgcolor=#2D3433] [r=20 c=52 rs=1 cs=1]
              RenderInline {FONT} at (0,0) size 2x10
                RenderText {#text} at (0,0) size 2x10
                  text run at (0,0) width 2: " "
            RenderTableCell {TD} at (408,200) size 8x10 [bgcolor=#4D4F4F] [r=20 c=53 rs=1 cs=1]
              RenderInline {FONT} at (0,0) size 2x10
                RenderText {#text} at (0,0) size 2x10
                  text run at (0,0) width 2: " "
            RenderTableCell {TD} at (416,200) size 8x10 [bgcolor=#5E5F60] [r=20 c=54 rs=1 cs=1]
              RenderInline {FONT} at (0,0) size 2x10
                RenderText {#text} at (0,0) size 2x10
                  text run at (0,0) width 2: " "
            RenderTableCell {TD} at (424,200) size 8x10 [bgcolor=#696A69] [r=20 c=55 rs=1 cs=1]
              RenderInline {FONT} at (0,0) size 2x10
                RenderText {#text} at (0,0) size 2x10
                  text run at (0,0) width 2: " "
            RenderTableCell {TD} at (432,200) size 8x10 [bgcolor=#696A69] [r=20 c=56 rs=1 cs=1]
              RenderInline {FONT} at (0,0) size 2x10
                RenderText {#text} at (0,0) size 2x10
                  text run at (0,0) width 2: " "
            RenderTableCell {TD} at (440,200) size 8x10 [bgcolor=#696A69] [r=20 c=57 rs=1 cs=1]
              RenderInline {FONT} at (0,0) size 2x10
                RenderText {#text} at (0,0) size 2x10
                  text run at (0,0) width 2: " "
            RenderTableCell {TD} at (448,200) size 8x10 [bgcolor=#696A69] [r=20 c=58 rs=1 cs=1]
              RenderInline {FONT} at (0,0) size 2x10
                RenderText {#text} at (0,0) size 2x10
                  text run at (0,0) width 2: " "
            RenderTableCell {TD} at (456,200) size 8x10 [bgcolor=#696A69] [r=20 c=59 rs=1 cs=1]
              RenderInline {FONT} at (0,0) size 2x10
                RenderText {#text} at (0,0) size 2x10
                  text run at (0,0) width 2: " "
            RenderTableCell {TD} at (464,200) size 8x10 [bgcolor=#696A69] [r=20 c=60 rs=1 cs=1]
              RenderInline {FONT} at (0,0) size 2x10
                RenderText {#text} at (0,0) size 2x10
                  text run at (0,0) width 2: " "
            RenderTableCell {TD} at (472,200) size 8x10 [bgcolor=#5E5F60] [r=20 c=61 rs=1 cs=1]
              RenderInline {FONT} at (0,0) size 2x10
                RenderText {#text} at (0,0) size 2x10
                  text run at (0,0) width 2: " "
            RenderTableCell {TD} at (480,200) size 8x10 [bgcolor=#1A5C5C] [r=20 c=62 rs=1 cs=1]
              RenderInline {FONT} at (0,0) size 2x10
                RenderText {#text} at (0,0) size 2x10
                  text run at (0,0) width 2: " "
            RenderTableCell {TD} at (488,200) size 8x10 [bgcolor=#025E5E] [r=20 c=63 rs=1 cs=1]
              RenderInline {FONT} at (0,0) size 2x10
                RenderText {#text} at (0,0) size 2x10
                  text run at (0,0) width 2: " "
            RenderTableCell {TD} at (496,200) size 8x10 [bgcolor=#025E5E] [r=20 c=64 rs=1 cs=1]
              RenderInline {FONT} at (0,0) size 2x10
                RenderText {#text} at (0,0) size 2x10
                  text run at (0,0) width 2: " "
            RenderTableCell {TD} at (504,200) size 8x10 [bgcolor=#025E5E] [r=20 c=65 rs=1 cs=1]
              RenderInline {FONT} at (0,0) size 2x10
                RenderText {#text} at (0,0) size 2x10
                  text run at (0,0) width 2: " "
            RenderTableCell {TD} at (512,200) size 8x10 [bgcolor=#026766] [r=20 c=66 rs=1 cs=1]
              RenderInline {FONT} at (0,0) size 2x10
                RenderText {#text} at (0,0) size 2x10
                  text run at (0,0) width 2: " "
            RenderTableCell {TD} at (520,200) size 8x10 [bgcolor=#026766] [r=20 c=67 rs=1 cs=1]
              RenderInline {FONT} at (0,0) size 2x10
                RenderText {#text} at (0,0) size 2x10
                  text run at (0,0) width 2: " "
            RenderTableCell {TD} at (528,200) size 8x10 [bgcolor=#026766] [r=20 c=68 rs=1 cs=1]
              RenderInline {FONT} at (0,0) size 2x10
                RenderText {#text} at (0,0) size 2x10
                  text run at (0,0) width 2: " "
            RenderTableCell {TD} at (536,200) size 8x10 [bgcolor=#026766] [r=20 c=69 rs=1 cs=1]
              RenderInline {FONT} at (0,0) size 2x10
                RenderText {#text} at (0,0) size 2x10
                  text run at (0,0) width 2: " "
            RenderTableCell {TD} at (544,200) size 8x10 [bgcolor=#026766] [r=20 c=70 rs=1 cs=1]
              RenderInline {FONT} at (0,0) size 2x10
                RenderText {#text} at (0,0) size 2x10
                  text run at (0,0) width 2: " "
            RenderTableCell {TD} at (552,200) size 8x10 [bgcolor=#026766] [r=20 c=71 rs=1 cs=1]
              RenderInline {FONT} at (0,0) size 2x10
                RenderText {#text} at (0,0) size 2x10
                  text run at (0,0) width 2: " "
            RenderTableCell {TD} at (560,200) size 8x10 [bgcolor=#025E5E] [r=20 c=72 rs=1 cs=1]
              RenderInline {FONT} at (0,0) size 2x10
                RenderText {#text} at (0,0) size 2x10
                  text run at (0,0) width 2: " "
            RenderTableCell {TD} at (568,200) size 8x10 [bgcolor=#025E5E] [r=20 c=73 rs=1 cs=1]
              RenderInline {FONT} at (0,0) size 2x10
                RenderText {#text} at (0,0) size 2x10
                  text run at (0,0) width 2: " "
            RenderTableCell {TD} at (576,200) size 8x10 [bgcolor=#026766] [r=20 c=74 rs=1 cs=1]
              RenderInline {FONT} at (0,0) size 2x10
                RenderText {#text} at (0,0) size 2x10
                  text run at (0,0) width 2: " "
            RenderTableCell {TD} at (584,200) size 8x10 [bgcolor=#026766] [r=20 c=75 rs=1 cs=1]
              RenderInline {FONT} at (0,0) size 2x10
                RenderText {#text} at (0,0) size 2x10
                  text run at (0,0) width 2: " "
            RenderTableCell {TD} at (592,200) size 8x10 [bgcolor=#1E7A79] [r=20 c=76 rs=1 cs=1]
              RenderInline {FONT} at (0,0) size 2x10
                RenderText {#text} at (0,0) size 2x10
                  text run at (0,0) width 2: " "
            RenderTableCell {TD} at (600,200) size 8x10 [bgcolor=#287A7A] [r=20 c=77 rs=1 cs=1]
              RenderInline {FONT} at (0,0) size 2x10
                RenderText {#text} at (0,0) size 2x10
                  text run at (0,0) width 2: " "
            RenderTableCell {TD} at (608,200) size 8x10 [bgcolor=#048485] [r=20 c=78 rs=1 cs=1]
              RenderInline {FONT} at (0,0) size 2x10
                RenderText {#text} at (0,0) size 2x10
                  text run at (0,0) width 2: " "
            RenderTableCell {TD} at (616,200) size 8x10 [bgcolor=#027777] [r=20 c=79 rs=1 cs=1]
              RenderInline {FONT} at (0,0) size 2x10
                RenderText {#text} at (0,0) size 2x10
                  text run at (0,0) width 2: " "
            RenderTableCell {TD} at (624,200) size 8x10 [bgcolor=#026766] [r=20 c=80 rs=1 cs=1]
              RenderInline {FONT} at (0,0) size 2x10
                RenderText {#text} at (0,0) size 2x10
                  text run at (0,0) width 2: " "
            RenderTableCell {TD} at (632,200) size 8x10 [bgcolor=#026766] [r=20 c=81 rs=1 cs=1]
              RenderInline {FONT} at (0,0) size 2x10
                RenderText {#text} at (0,0) size 2x10
                  text run at (0,0) width 2: " "
            RenderTableCell {TD} at (640,200) size 8x10 [bgcolor=#026766] [r=20 c=82 rs=1 cs=1]
              RenderInline {FONT} at (0,0) size 2x10
                RenderText {#text} at (0,0) size 2x10
                  text run at (0,0) width 2: " "
            RenderTableCell {TD} at (648,200) size 8x10 [bgcolor=#026766] [r=20 c=83 rs=1 cs=1]
              RenderInline {FONT} at (0,0) size 2x10
                RenderText {#text} at (0,0) size 2x10
                  text run at (0,0) width 2: " "
            RenderTableCell {TD} at (656,200) size 8x10 [bgcolor=#026766] [r=20 c=84 rs=1 cs=1]
              RenderInline {FONT} at (0,0) size 2x10
                RenderText {#text} at (0,0) size 2x10
                  text run at (0,0) width 2: " "
            RenderTableCell {TD} at (664,200) size 8x10 [bgcolor=#026766] [r=20 c=85 rs=1 cs=1]
              RenderInline {FONT} at (0,0) size 2x10
                RenderText {#text} at (0,0) size 2x10
                  text run at (0,0) width 2: " "
            RenderTableCell {TD} at (672,200) size 8x10 [bgcolor=#026766] [r=20 c=86 rs=1 cs=1]
              RenderInline {FONT} at (0,0) size 2x10
                RenderText {#text} at (0,0) size 2x10
                  text run at (0,0) width 2: " "
            RenderTableCell {TD} at (680,200) size 8x10 [bgcolor=#026766] [r=20 c=87 rs=1 cs=1]
              RenderInline {FONT} at (0,0) size 2x10
                RenderText {#text} at (0,0) size 2x10
                  text run at (0,0) width 2: " "
            RenderTableCell {TD} at (688,200) size 8x10 [bgcolor=#026766] [r=20 c=88 rs=1 cs=1]
              RenderInline {FONT} at (0,0) size 2x10
                RenderText {#text} at (0,0) size 2x10
                  text run at (0,0) width 2: " "
            RenderTableCell {TD} at (696,200) size 8x10 [bgcolor=#026766] [r=20 c=89 rs=1 cs=1]
              RenderInline {FONT} at (0,0) size 2x10
                RenderText {#text} at (0,0) size 2x10
                  text run at (0,0) width 2: " "
            RenderTableCell {TD} at (704,200) size 8x10 [bgcolor=#026766] [r=20 c=90 rs=1 cs=1]
              RenderInline {FONT} at (0,0) size 2x10
                RenderText {#text} at (0,0) size 2x10
                  text run at (0,0) width 2: " "
            RenderTableCell {TD} at (712,200) size 8x10 [bgcolor=#025E5E] [r=20 c=91 rs=1 cs=1]
              RenderInline {FONT} at (0,0) size 2x10
                RenderText {#text} at (0,0) size 2x10
                  text run at (0,0) width 2: " "
            RenderTableCell {TD} at (720,200) size 8x10 [bgcolor=#044F4F] [r=20 c=92 rs=1 cs=1]
              RenderInline {FONT} at (0,0) size 2x10
                RenderText {#text} at (0,0) size 2x10
                  text run at (0,0) width 2: " "
            RenderTableCell {TD} at (728,200) size 8x10 [bgcolor=#044140] [r=20 c=93 rs=1 cs=1]
              RenderInline {FONT} at (0,0) size 2x10
                RenderText {#text} at (0,0) size 2x10
                  text run at (0,0) width 2: " "
            RenderTableCell {TD} at (736,200) size 8x10 [bgcolor=#2D3433] [r=20 c=94 rs=1 cs=1]
              RenderInline {FONT} at (0,0) size 2x10
                RenderText {#text} at (0,0) size 2x10
                  text run at (0,0) width 2: " "
            RenderTableCell {TD} at (744,200) size 8x10 [bgcolor=#3D4242] [r=20 c=95 rs=1 cs=1]
              RenderInline {FONT} at (0,0) size 2x10
                RenderText {#text} at (0,0) size 2x10
                  text run at (0,0) width 2: " "
            RenderTableCell {TD} at (752,200) size 8x10 [bgcolor=#515C5B] [r=20 c=96 rs=1 cs=1]
              RenderInline {FONT} at (0,0) size 2x10
                RenderText {#text} at (0,0) size 2x10
                  text run at (0,0) width 2: " "
            RenderTableCell {TD} at (760,200) size 8x10 [bgcolor=#696A69] [r=20 c=97 rs=1 cs=1]
              RenderInline {FONT} at (0,0) size 2x10
                RenderText {#text} at (0,0) size 2x10
                  text run at (0,0) width 2: " "
            RenderTableCell {TD} at (768,200) size 8x10 [bgcolor=#515C5B] [r=20 c=98 rs=1 cs=1]
              RenderInline {FONT} at (0,0) size 2x10
                RenderText {#text} at (0,0) size 2x10
                  text run at (0,0) width 2: " "
            RenderTableCell {TD} at (776,200) size 8x10 [bgcolor=#3D4242] [r=20 c=99 rs=1 cs=1]
              RenderInline {FONT} at (0,0) size 2x10
                RenderText {#text} at (0,0) size 2x10
                  text run at (0,0) width 2: " "
          RenderTableRow {TR} at (0,210) size 784x10
            RenderTableCell {TD} at (0,210) size 7x10 [bgcolor=#FDFDFB] [r=21 c=0 rs=1 cs=1]
              RenderInline {FONT} at (0,0) size 2x10
                RenderText {#text} at (0,0) size 2x10
                  text run at (0,0) width 2: " "
            RenderTableCell {TD} at (7,210) size 7x10 [bgcolor=#FDFDFB] [r=21 c=1 rs=1 cs=1]
              RenderInline {FONT} at (0,0) size 2x10
                RenderText {#text} at (0,0) size 2x10
                  text run at (0,0) width 2: " "
            RenderTableCell {TD} at (14,210) size 7x10 [bgcolor=#FDFDFB] [r=21 c=2 rs=1 cs=1]
              RenderInline {FONT} at (0,0) size 2x10
                RenderText {#text} at (0,0) size 2x10
                  text run at (0,0) width 2: " "
            RenderTableCell {TD} at (21,210) size 7x10 [bgcolor=#EDEEEF] [r=21 c=3 rs=1 cs=1]
              RenderInline {FONT} at (0,0) size 2x10
                RenderText {#text} at (0,0) size 2x10
                  text run at (0,0) width 2: " "
            RenderTableCell {TD} at (28,210) size 7x10 [bgcolor=#CECFCF] [r=21 c=4 rs=1 cs=1]
              RenderInline {FONT} at (0,0) size 2x10
                RenderText {#text} at (0,0) size 2x10
                  text run at (0,0) width 2: " "
            RenderTableCell {TD} at (35,210) size 7x10 [bgcolor=#5A8787] [r=21 c=5 rs=1 cs=1]
              RenderInline {FONT} at (0,0) size 2x10
                RenderText {#text} at (0,0) size 2x10
                  text run at (0,0) width 2: " "
            RenderTableCell {TD} at (42,210) size 7x10 [bgcolor=#1A5C5C] [r=21 c=6 rs=1 cs=1]
              RenderInline {FONT} at (0,0) size 2x10
                RenderText {#text} at (0,0) size 2x10
                  text run at (0,0) width 2: " "
            RenderTableCell {TD} at (49,210) size 7x10 [bgcolor=#044F4F] [r=21 c=7 rs=1 cs=1]
              RenderInline {FONT} at (0,0) size 2x10
                RenderText {#text} at (0,0) size 2x10
                  text run at (0,0) width 2: " "
            RenderTableCell {TD} at (56,210) size 7x10 [bgcolor=#025E5E] [r=21 c=8 rs=1 cs=1]
              RenderInline {FONT} at (0,0) size 2x10
                RenderText {#text} at (0,0) size 2x10
                  text run at (0,0) width 2: " "
            RenderTableCell {TD} at (63,210) size 7x10 [bgcolor=#025E5E] [r=21 c=9 rs=1 cs=1]
              RenderInline {FONT} at (0,0) size 2x10
                RenderText {#text} at (0,0) size 2x10
                  text run at (0,0) width 2: " "
            RenderTableCell {TD} at (70,210) size 7x10 [bgcolor=#025E5E] [r=21 c=10 rs=1 cs=1]
              RenderInline {FONT} at (0,0) size 2x10
                RenderText {#text} at (0,0) size 2x10
                  text run at (0,0) width 2: " "
            RenderTableCell {TD} at (77,210) size 7x10 [bgcolor=#025E5E] [r=21 c=11 rs=1 cs=1]
              RenderInline {FONT} at (0,0) size 2x10
                RenderText {#text} at (0,0) size 2x10
                  text run at (0,0) width 2: " "
            RenderTableCell {TD} at (84,210) size 7x10 [bgcolor=#025E5E] [r=21 c=12 rs=1 cs=1]
              RenderInline {FONT} at (0,0) size 2x10
                RenderText {#text} at (0,0) size 2x10
                  text run at (0,0) width 2: " "
            RenderTableCell {TD} at (91,210) size 7x10 [bgcolor=#025E5E] [r=21 c=13 rs=1 cs=1]
              RenderInline {FONT} at (0,0) size 2x10
                RenderText {#text} at (0,0) size 2x10
                  text run at (0,0) width 2: " "
            RenderTableCell {TD} at (98,210) size 7x10 [bgcolor=#044F4F] [r=21 c=14 rs=1 cs=1]
              RenderInline {FONT} at (0,0) size 2x10
                RenderText {#text} at (0,0) size 2x10
                  text run at (0,0) width 2: " "
            RenderTableCell {TD} at (105,210) size 7x10 [bgcolor=#223C3D] [r=21 c=15 rs=1 cs=1]
              RenderInline {FONT} at (0,0) size 2x10
                RenderText {#text} at (0,0) size 2x10
                  text run at (0,0) width 2: " "
            RenderTableCell {TD} at (112,210) size 8x10 [bgcolor=#344C4E] [r=21 c=16 rs=1 cs=1]
              RenderInline {FONT} at (0,0) size 2x10
                RenderText {#text} at (0,0) size 2x10
                  text run at (0,0) width 2: " "
            RenderTableCell {TD} at (120,210) size 8x10 [bgcolor=#344C4E] [r=21 c=17 rs=1 cs=1]
              RenderInline {FONT} at (0,0) size 2x10
                RenderText {#text} at (0,0) size 2x10
                  text run at (0,0) width 2: " "
            RenderTableCell {TD} at (128,210) size 8x10 [bgcolor=#1A6B6A] [r=21 c=18 rs=1 cs=1]
              RenderInline {FONT} at (0,0) size 2x10
                RenderText {#text} at (0,0) size 2x10
                  text run at (0,0) width 2: " "
            RenderTableCell {TD} at (136,210) size 8x10 [bgcolor=#048485] [r=21 c=19 rs=1 cs=1]
              RenderInline {FONT} at (0,0) size 2x10
                RenderText {#text} at (0,0) size 2x10
                  text run at (0,0) width 2: " "
            RenderTableCell {TD} at (144,210) size 8x10 [bgcolor=#027777] [r=21 c=20 rs=1 cs=1]
              RenderInline {FONT} at (0,0) size 2x10
                RenderText {#text} at (0,0) size 2x10
                  text run at (0,0) width 2: " "
            RenderTableCell {TD} at (152,210) size 8x10 [bgcolor=#026766] [r=21 c=21 rs=1 cs=1]
              RenderInline {FONT} at (0,0) size 2x10
                RenderText {#text} at (0,0) size 2x10
                  text run at (0,0) width 2: " "
            RenderTableCell {TD} at (160,210) size 8x10 [bgcolor=#025E5E] [r=21 c=22 rs=1 cs=1]
              RenderInline {FONT} at (0,0) size 2x10
                RenderText {#text} at (0,0) size 2x10
                  text run at (0,0) width 2: " "
            RenderTableCell {TD} at (168,210) size 8x10 [bgcolor=#025E5E] [r=21 c=23 rs=1 cs=1]
              RenderInline {FONT} at (0,0) size 2x10
                RenderText {#text} at (0,0) size 2x10
                  text run at (0,0) width 2: " "
            RenderTableCell {TD} at (176,210) size 8x10 [bgcolor=#044F4F] [r=21 c=24 rs=1 cs=1]
              RenderInline {FONT} at (0,0) size 2x10
                RenderText {#text} at (0,0) size 2x10
                  text run at (0,0) width 2: " "
            RenderTableCell {TD} at (184,210) size 8x10 [bgcolor=#044140] [r=21 c=25 rs=1 cs=1]
              RenderInline {FONT} at (0,0) size 2x10
                RenderText {#text} at (0,0) size 2x10
                  text run at (0,0) width 2: " "
            RenderTableCell {TD} at (192,210) size 8x10 [bgcolor=#083131] [r=21 c=26 rs=1 cs=1]
              RenderInline {FONT} at (0,0) size 2x10
                RenderText {#text} at (0,0) size 2x10
                  text run at (0,0) width 2: " "
            RenderTableCell {TD} at (200,210) size 8x10 [bgcolor=#083131] [r=21 c=27 rs=1 cs=1]
              RenderInline {FONT} at (0,0) size 2x10
                RenderText {#text} at (0,0) size 2x10
                  text run at (0,0) width 2: " "
            RenderTableCell {TD} at (208,210) size 8x10 [bgcolor=#1C2524] [r=21 c=28 rs=1 cs=1]
              RenderInline {FONT} at (0,0) size 2x10
                RenderText {#text} at (0,0) size 2x10
                  text run at (0,0) width 2: " "
            RenderTableCell {TD} at (216,210) size 8x10 [bgcolor=#2D3433] [r=21 c=29 rs=1 cs=1]
              RenderInline {FONT} at (0,0) size 2x10
                RenderText {#text} at (0,0) size 2x10
                  text run at (0,0) width 2: " "
            RenderTableCell {TD} at (224,210) size 8x10 [bgcolor=#3D4242] [r=21 c=30 rs=1 cs=1]
              RenderInline {FONT} at (0,0) size 2x10
                RenderText {#text} at (0,0) size 2x10
                  text run at (0,0) width 2: " "
            RenderTableCell {TD} at (232,210) size 8x10 [bgcolor=#4D4F4F] [r=21 c=31 rs=1 cs=1]
              RenderInline {FONT} at (0,0) size 2x10
                RenderText {#text} at (0,0) size 2x10
                  text run at (0,0) width 2: " "
            RenderTableCell {TD} at (240,210) size 8x10 [bgcolor=#5E5F60] [r=21 c=32 rs=1 cs=1]
              RenderInline {FONT} at (0,0) size 2x10
                RenderText {#text} at (0,0) size 2x10
                  text run at (0,0) width 2: " "
            RenderTableCell {TD} at (248,210) size 8x10 [bgcolor=#696A69] [r=21 c=33 rs=1 cs=1]
              RenderInline {FONT} at (0,0) size 2x10
                RenderText {#text} at (0,0) size 2x10
                  text run at (0,0) width 2: " "
            RenderTableCell {TD} at (256,210) size 8x10 [bgcolor=#696A69] [r=21 c=34 rs=1 cs=1]
              RenderInline {FONT} at (0,0) size 2x10
                RenderText {#text} at (0,0) size 2x10
                  text run at (0,0) width 2: " "
            RenderTableCell {TD} at (264,210) size 8x10 [bgcolor=#5E5F60] [r=21 c=35 rs=1 cs=1]
              RenderInline {FONT} at (0,0) size 2x10
                RenderText {#text} at (0,0) size 2x10
                  text run at (0,0) width 2: " "
            RenderTableCell {TD} at (272,210) size 8x10 [bgcolor=#027777] [r=21 c=36 rs=1 cs=1]
              RenderInline {FONT} at (0,0) size 2x10
                RenderText {#text} at (0,0) size 2x10
                  text run at (0,0) width 2: " "
            RenderTableCell {TD} at (280,210) size 8x10 [bgcolor=#027777] [r=21 c=37 rs=1 cs=1]
              RenderInline {FONT} at (0,0) size 2x10
                RenderText {#text} at (0,0) size 2x10
                  text run at (0,0) width 2: " "
            RenderTableCell {TD} at (288,210) size 8x10 [bgcolor=#026766] [r=21 c=38 rs=1 cs=1]
              RenderInline {FONT} at (0,0) size 2x10
                RenderText {#text} at (0,0) size 2x10
                  text run at (0,0) width 2: " "
            RenderTableCell {TD} at (296,210) size 8x10 [bgcolor=#025E5E] [r=21 c=39 rs=1 cs=1]
              RenderInline {FONT} at (0,0) size 2x10
                RenderText {#text} at (0,0) size 2x10
                  text run at (0,0) width 2: " "
            RenderTableCell {TD} at (304,210) size 8x10 [bgcolor=#025E5E] [r=21 c=40 rs=1 cs=1]
              RenderInline {FONT} at (0,0) size 2x10
                RenderText {#text} at (0,0) size 2x10
                  text run at (0,0) width 2: " "
            RenderTableCell {TD} at (312,210) size 8x10 [bgcolor=#025E5E] [r=21 c=41 rs=1 cs=1]
              RenderInline {FONT} at (0,0) size 2x10
                RenderText {#text} at (0,0) size 2x10
                  text run at (0,0) width 2: " "
            RenderTableCell {TD} at (320,210) size 8x10 [bgcolor=#025E5E] [r=21 c=42 rs=1 cs=1]
              RenderInline {FONT} at (0,0) size 2x10
                RenderText {#text} at (0,0) size 2x10
                  text run at (0,0) width 2: " "
            RenderTableCell {TD} at (328,210) size 8x10 [bgcolor=#025E5E] [r=21 c=43 rs=1 cs=1]
              RenderInline {FONT} at (0,0) size 2x10
                RenderText {#text} at (0,0) size 2x10
                  text run at (0,0) width 2: " "
            RenderTableCell {TD} at (336,210) size 8x10 [bgcolor=#025E5E] [r=21 c=44 rs=1 cs=1]
              RenderInline {FONT} at (0,0) size 2x10
                RenderText {#text} at (0,0) size 2x10
                  text run at (0,0) width 2: " "
            RenderTableCell {TD} at (344,210) size 8x10 [bgcolor=#025E5E] [r=21 c=45 rs=1 cs=1]
              RenderInline {FONT} at (0,0) size 2x10
                RenderText {#text} at (0,0) size 2x10
                  text run at (0,0) width 2: " "
            RenderTableCell {TD} at (352,210) size 8x10 [bgcolor=#025E5E] [r=21 c=46 rs=1 cs=1]
              RenderInline {FONT} at (0,0) size 2x10
                RenderText {#text} at (0,0) size 2x10
                  text run at (0,0) width 2: " "
            RenderTableCell {TD} at (360,210) size 8x10 [bgcolor=#025E5E] [r=21 c=47 rs=1 cs=1]
              RenderInline {FONT} at (0,0) size 2x10
                RenderText {#text} at (0,0) size 2x10
                  text run at (0,0) width 2: " "
            RenderTableCell {TD} at (368,210) size 8x10 [bgcolor=#025E5E] [r=21 c=48 rs=1 cs=1]
              RenderInline {FONT} at (0,0) size 2x10
                RenderText {#text} at (0,0) size 2x10
                  text run at (0,0) width 2: " "
            RenderTableCell {TD} at (376,210) size 8x10 [bgcolor=#025E5E] [r=21 c=49 rs=1 cs=1]
              RenderInline {FONT} at (0,0) size 2x10
                RenderText {#text} at (0,0) size 2x10
                  text run at (0,0) width 2: " "
            RenderTableCell {TD} at (384,210) size 8x10 [bgcolor=#044F4F] [r=21 c=50 rs=1 cs=1]
              RenderInline {FONT} at (0,0) size 2x10
                RenderText {#text} at (0,0) size 2x10
                  text run at (0,0) width 2: " "
            RenderTableCell {TD} at (392,210) size 8x10 [bgcolor=#083131] [r=21 c=51 rs=1 cs=1]
              RenderInline {FONT} at (0,0) size 2x10
                RenderText {#text} at (0,0) size 2x10
                  text run at (0,0) width 2: " "
            RenderTableCell {TD} at (400,210) size 8x10 [bgcolor=#2D3433] [r=21 c=52 rs=1 cs=1]
              RenderInline {FONT} at (0,0) size 2x10
                RenderText {#text} at (0,0) size 2x10
                  text run at (0,0) width 2: " "
            RenderTableCell {TD} at (408,210) size 8x10 [bgcolor=#3D4242] [r=21 c=53 rs=1 cs=1]
              RenderInline {FONT} at (0,0) size 2x10
                RenderText {#text} at (0,0) size 2x10
                  text run at (0,0) width 2: " "
            RenderTableCell {TD} at (416,210) size 8x10 [bgcolor=#515C5B] [r=21 c=54 rs=1 cs=1]
              RenderInline {FONT} at (0,0) size 2x10
                RenderText {#text} at (0,0) size 2x10
                  text run at (0,0) width 2: " "
            RenderTableCell {TD} at (424,210) size 8x10 [bgcolor=#5E5F60] [r=21 c=55 rs=1 cs=1]
              RenderInline {FONT} at (0,0) size 2x10
                RenderText {#text} at (0,0) size 2x10
                  text run at (0,0) width 2: " "
            RenderTableCell {TD} at (432,210) size 8x10 [bgcolor=#696A69] [r=21 c=56 rs=1 cs=1]
              RenderInline {FONT} at (0,0) size 2x10
                RenderText {#text} at (0,0) size 2x10
                  text run at (0,0) width 2: " "
            RenderTableCell {TD} at (440,210) size 8x10 [bgcolor=#696A69] [r=21 c=57 rs=1 cs=1]
              RenderInline {FONT} at (0,0) size 2x10
                RenderText {#text} at (0,0) size 2x10
                  text run at (0,0) width 2: " "
            RenderTableCell {TD} at (448,210) size 8x10 [bgcolor=#696A69] [r=21 c=58 rs=1 cs=1]
              RenderInline {FONT} at (0,0) size 2x10
                RenderText {#text} at (0,0) size 2x10
                  text run at (0,0) width 2: " "
            RenderTableCell {TD} at (456,210) size 8x10 [bgcolor=#696A69] [r=21 c=59 rs=1 cs=1]
              RenderInline {FONT} at (0,0) size 2x10
                RenderText {#text} at (0,0) size 2x10
                  text run at (0,0) width 2: " "
            RenderTableCell {TD} at (464,210) size 8x10 [bgcolor=#696A69] [r=21 c=60 rs=1 cs=1]
              RenderInline {FONT} at (0,0) size 2x10
                RenderText {#text} at (0,0) size 2x10
                  text run at (0,0) width 2: " "
            RenderTableCell {TD} at (472,210) size 8x10 [bgcolor=#5E5F60] [r=21 c=61 rs=1 cs=1]
              RenderInline {FONT} at (0,0) size 2x10
                RenderText {#text} at (0,0) size 2x10
                  text run at (0,0) width 2: " "
            RenderTableCell {TD} at (480,210) size 8x10 [bgcolor=#425A5A] [r=21 c=62 rs=1 cs=1]
              RenderInline {FONT} at (0,0) size 2x10
                RenderText {#text} at (0,0) size 2x10
                  text run at (0,0) width 2: " "
            RenderTableCell {TD} at (488,210) size 8x10 [bgcolor=#1A5C5C] [r=21 c=63 rs=1 cs=1]
              RenderInline {FONT} at (0,0) size 2x10
                RenderText {#text} at (0,0) size 2x10
                  text run at (0,0) width 2: " "
            RenderTableCell {TD} at (496,210) size 8x10 [bgcolor=#044F4F] [r=21 c=64 rs=1 cs=1]
              RenderInline {FONT} at (0,0) size 2x10
                RenderText {#text} at (0,0) size 2x10
                  text run at (0,0) width 2: " "
            RenderTableCell {TD} at (504,210) size 8x10 [bgcolor=#025E5E] [r=21 c=65 rs=1 cs=1]
              RenderInline {FONT} at (0,0) size 2x10
                RenderText {#text} at (0,0) size 2x10
                  text run at (0,0) width 2: " "
            RenderTableCell {TD} at (512,210) size 8x10 [bgcolor=#025E5E] [r=21 c=66 rs=1 cs=1]
              RenderInline {FONT} at (0,0) size 2x10
                RenderText {#text} at (0,0) size 2x10
                  text run at (0,0) width 2: " "
            RenderTableCell {TD} at (520,210) size 8x10 [bgcolor=#025E5E] [r=21 c=67 rs=1 cs=1]
              RenderInline {FONT} at (0,0) size 2x10
                RenderText {#text} at (0,0) size 2x10
                  text run at (0,0) width 2: " "
            RenderTableCell {TD} at (528,210) size 8x10 [bgcolor=#025E5E] [r=21 c=68 rs=1 cs=1]
              RenderInline {FONT} at (0,0) size 2x10
                RenderText {#text} at (0,0) size 2x10
                  text run at (0,0) width 2: " "
            RenderTableCell {TD} at (536,210) size 8x10 [bgcolor=#025E5E] [r=21 c=69 rs=1 cs=1]
              RenderInline {FONT} at (0,0) size 2x10
                RenderText {#text} at (0,0) size 2x10
                  text run at (0,0) width 2: " "
            RenderTableCell {TD} at (544,210) size 8x10 [bgcolor=#026766] [r=21 c=70 rs=1 cs=1]
              RenderInline {FONT} at (0,0) size 2x10
                RenderText {#text} at (0,0) size 2x10
                  text run at (0,0) width 2: " "
            RenderTableCell {TD} at (552,210) size 8x10 [bgcolor=#026766] [r=21 c=71 rs=1 cs=1]
              RenderInline {FONT} at (0,0) size 2x10
                RenderText {#text} at (0,0) size 2x10
                  text run at (0,0) width 2: " "
            RenderTableCell {TD} at (560,210) size 8x10 [bgcolor=#026766] [r=21 c=72 rs=1 cs=1]
              RenderInline {FONT} at (0,0) size 2x10
                RenderText {#text} at (0,0) size 2x10
                  text run at (0,0) width 2: " "
            RenderTableCell {TD} at (568,210) size 8x10 [bgcolor=#026766] [r=21 c=73 rs=1 cs=1]
              RenderInline {FONT} at (0,0) size 2x10
                RenderText {#text} at (0,0) size 2x10
                  text run at (0,0) width 2: " "
            RenderTableCell {TD} at (576,210) size 8x10 [bgcolor=#026766] [r=21 c=74 rs=1 cs=1]
              RenderInline {FONT} at (0,0) size 2x10
                RenderText {#text} at (0,0) size 2x10
                  text run at (0,0) width 2: " "
            RenderTableCell {TD} at (584,210) size 8x10 [bgcolor=#026766] [r=21 c=75 rs=1 cs=1]
              RenderInline {FONT} at (0,0) size 2x10
                RenderText {#text} at (0,0) size 2x10
                  text run at (0,0) width 2: " "
            RenderTableCell {TD} at (592,210) size 8x10 [bgcolor=#027777] [r=21 c=76 rs=1 cs=1]
              RenderInline {FONT} at (0,0) size 2x10
                RenderText {#text} at (0,0) size 2x10
                  text run at (0,0) width 2: " "
            RenderTableCell {TD} at (600,210) size 8x10 [bgcolor=#027777] [r=21 c=77 rs=1 cs=1]
              RenderInline {FONT} at (0,0) size 2x10
                RenderText {#text} at (0,0) size 2x10
                  text run at (0,0) width 2: " "
            RenderTableCell {TD} at (608,210) size 8x10 [bgcolor=#027777] [r=21 c=78 rs=1 cs=1]
              RenderInline {FONT} at (0,0) size 2x10
                RenderText {#text} at (0,0) size 2x10
                  text run at (0,0) width 2: " "
            RenderTableCell {TD} at (616,210) size 8x10 [bgcolor=#026766] [r=21 c=79 rs=1 cs=1]
              RenderInline {FONT} at (0,0) size 2x10
                RenderText {#text} at (0,0) size 2x10
                  text run at (0,0) width 2: " "
            RenderTableCell {TD} at (624,210) size 8x10 [bgcolor=#026766] [r=21 c=80 rs=1 cs=1]
              RenderInline {FONT} at (0,0) size 2x10
                RenderText {#text} at (0,0) size 2x10
                  text run at (0,0) width 2: " "
            RenderTableCell {TD} at (632,210) size 8x10 [bgcolor=#026766] [r=21 c=81 rs=1 cs=1]
              RenderInline {FONT} at (0,0) size 2x10
                RenderText {#text} at (0,0) size 2x10
                  text run at (0,0) width 2: " "
            RenderTableCell {TD} at (640,210) size 8x10 [bgcolor=#026766] [r=21 c=82 rs=1 cs=1]
              RenderInline {FONT} at (0,0) size 2x10
                RenderText {#text} at (0,0) size 2x10
                  text run at (0,0) width 2: " "
            RenderTableCell {TD} at (648,210) size 8x10 [bgcolor=#026766] [r=21 c=83 rs=1 cs=1]
              RenderInline {FONT} at (0,0) size 2x10
                RenderText {#text} at (0,0) size 2x10
                  text run at (0,0) width 2: " "
            RenderTableCell {TD} at (656,210) size 8x10 [bgcolor=#026766] [r=21 c=84 rs=1 cs=1]
              RenderInline {FONT} at (0,0) size 2x10
                RenderText {#text} at (0,0) size 2x10
                  text run at (0,0) width 2: " "
            RenderTableCell {TD} at (664,210) size 8x10 [bgcolor=#026766] [r=21 c=85 rs=1 cs=1]
              RenderInline {FONT} at (0,0) size 2x10
                RenderText {#text} at (0,0) size 2x10
                  text run at (0,0) width 2: " "
            RenderTableCell {TD} at (672,210) size 8x10 [bgcolor=#026766] [r=21 c=86 rs=1 cs=1]
              RenderInline {FONT} at (0,0) size 2x10
                RenderText {#text} at (0,0) size 2x10
                  text run at (0,0) width 2: " "
            RenderTableCell {TD} at (680,210) size 8x10 [bgcolor=#026766] [r=21 c=87 rs=1 cs=1]
              RenderInline {FONT} at (0,0) size 2x10
                RenderText {#text} at (0,0) size 2x10
                  text run at (0,0) width 2: " "
            RenderTableCell {TD} at (688,210) size 8x10 [bgcolor=#026766] [r=21 c=88 rs=1 cs=1]
              RenderInline {FONT} at (0,0) size 2x10
                RenderText {#text} at (0,0) size 2x10
                  text run at (0,0) width 2: " "
            RenderTableCell {TD} at (696,210) size 8x10 [bgcolor=#026766] [r=21 c=89 rs=1 cs=1]
              RenderInline {FONT} at (0,0) size 2x10
                RenderText {#text} at (0,0) size 2x10
                  text run at (0,0) width 2: " "
            RenderTableCell {TD} at (704,210) size 8x10 [bgcolor=#026766] [r=21 c=90 rs=1 cs=1]
              RenderInline {FONT} at (0,0) size 2x10
                RenderText {#text} at (0,0) size 2x10
                  text run at (0,0) width 2: " "
            RenderTableCell {TD} at (712,210) size 8x10 [bgcolor=#025E5E] [r=21 c=91 rs=1 cs=1]
              RenderInline {FONT} at (0,0) size 2x10
                RenderText {#text} at (0,0) size 2x10
                  text run at (0,0) width 2: " "
            RenderTableCell {TD} at (720,210) size 8x10 [bgcolor=#044F4F] [r=21 c=92 rs=1 cs=1]
              RenderInline {FONT} at (0,0) size 2x10
                RenderText {#text} at (0,0) size 2x10
                  text run at (0,0) width 2: " "
            RenderTableCell {TD} at (728,210) size 8x10 [bgcolor=#044140] [r=21 c=93 rs=1 cs=1]
              RenderInline {FONT} at (0,0) size 2x10
                RenderText {#text} at (0,0) size 2x10
                  text run at (0,0) width 2: " "
            RenderTableCell {TD} at (736,210) size 8x10 [bgcolor=#1C2524] [r=21 c=94 rs=1 cs=1]
              RenderInline {FONT} at (0,0) size 2x10
                RenderText {#text} at (0,0) size 2x10
                  text run at (0,0) width 2: " "
            RenderTableCell {TD} at (744,210) size 8x10 [bgcolor=#3D4242] [r=21 c=95 rs=1 cs=1]
              RenderInline {FONT} at (0,0) size 2x10
                RenderText {#text} at (0,0) size 2x10
                  text run at (0,0) width 2: " "
            RenderTableCell {TD} at (752,210) size 8x10 [bgcolor=#515C5B] [r=21 c=96 rs=1 cs=1]
              RenderInline {FONT} at (0,0) size 2x10
                RenderText {#text} at (0,0) size 2x10
                  text run at (0,0) width 2: " "
            RenderTableCell {TD} at (760,210) size 8x10 [bgcolor=#5E5F60] [r=21 c=97 rs=1 cs=1]
              RenderInline {FONT} at (0,0) size 2x10
                RenderText {#text} at (0,0) size 2x10
                  text run at (0,0) width 2: " "
            RenderTableCell {TD} at (768,210) size 8x10 [bgcolor=#5E5F60] [r=21 c=98 rs=1 cs=1]
              RenderInline {FONT} at (0,0) size 2x10
                RenderText {#text} at (0,0) size 2x10
                  text run at (0,0) width 2: " "
            RenderTableCell {TD} at (776,210) size 8x10 [bgcolor=#515C5B] [r=21 c=99 rs=1 cs=1]
              RenderInline {FONT} at (0,0) size 2x10
                RenderText {#text} at (0,0) size 2x10
                  text run at (0,0) width 2: " "
          RenderTableRow {TR} at (0,220) size 784x10
            RenderTableCell {TD} at (0,220) size 7x10 [bgcolor=#FDFDFB] [r=22 c=0 rs=1 cs=1]
              RenderInline {FONT} at (0,0) size 2x10
                RenderText {#text} at (0,0) size 2x10
                  text run at (0,0) width 2: " "
            RenderTableCell {TD} at (7,220) size 7x10 [bgcolor=#FDFDFB] [r=22 c=1 rs=1 cs=1]
              RenderInline {FONT} at (0,0) size 2x10
                RenderText {#text} at (0,0) size 2x10
                  text run at (0,0) width 2: " "
            RenderTableCell {TD} at (14,220) size 7x10 [bgcolor=#FDFDFB] [r=22 c=2 rs=1 cs=1]
              RenderInline {FONT} at (0,0) size 2x10
                RenderText {#text} at (0,0) size 2x10
                  text run at (0,0) width 2: " "
            RenderTableCell {TD} at (21,220) size 7x10 [bgcolor=#FDFDFB] [r=22 c=3 rs=1 cs=1]
              RenderInline {FONT} at (0,0) size 2x10
                RenderText {#text} at (0,0) size 2x10
                  text run at (0,0) width 2: " "
            RenderTableCell {TD} at (28,220) size 7x10 [bgcolor=#EDEEEF] [r=22 c=4 rs=1 cs=1]
              RenderInline {FONT} at (0,0) size 2x10
                RenderText {#text} at (0,0) size 2x10
                  text run at (0,0) width 2: " "
            RenderTableCell {TD} at (35,220) size 7x10 [bgcolor=#CECFCF] [r=22 c=5 rs=1 cs=1]
              RenderInline {FONT} at (0,0) size 2x10
                RenderText {#text} at (0,0) size 2x10
                  text run at (0,0) width 2: " "
            RenderTableCell {TD} at (42,220) size 7x10 [bgcolor=#91A3A3] [r=22 c=6 rs=1 cs=1]
              RenderInline {FONT} at (0,0) size 2x10
                RenderText {#text} at (0,0) size 2x10
                  text run at (0,0) width 2: " "
            RenderTableCell {TD} at (49,220) size 7x10 [bgcolor=#305D5D] [r=22 c=7 rs=1 cs=1]
              RenderInline {FONT} at (0,0) size 2x10
                RenderText {#text} at (0,0) size 2x10
                  text run at (0,0) width 2: " "
            RenderTableCell {TD} at (56,220) size 7x10 [bgcolor=#044F4F] [r=22 c=8 rs=1 cs=1]
              RenderInline {FONT} at (0,0) size 2x10
                RenderText {#text} at (0,0) size 2x10
                  text run at (0,0) width 2: " "
            RenderTableCell {TD} at (63,220) size 7x10 [bgcolor=#044F4F] [r=22 c=9 rs=1 cs=1]
              RenderInline {FONT} at (0,0) size 2x10
                RenderText {#text} at (0,0) size 2x10
                  text run at (0,0) width 2: " "
            RenderTableCell {TD} at (70,220) size 7x10 [bgcolor=#044F4F] [r=22 c=10 rs=1 cs=1]
              RenderInline {FONT} at (0,0) size 2x10
                RenderText {#text} at (0,0) size 2x10
                  text run at (0,0) width 2: " "
            RenderTableCell {TD} at (77,220) size 7x10 [bgcolor=#025E5E] [r=22 c=11 rs=1 cs=1]
              RenderInline {FONT} at (0,0) size 2x10
                RenderText {#text} at (0,0) size 2x10
                  text run at (0,0) width 2: " "
            RenderTableCell {TD} at (84,220) size 7x10 [bgcolor=#025E5E] [r=22 c=12 rs=1 cs=1]
              RenderInline {FONT} at (0,0) size 2x10
                RenderText {#text} at (0,0) size 2x10
                  text run at (0,0) width 2: " "
            RenderTableCell {TD} at (91,220) size 7x10 [bgcolor=#025E5E] [r=22 c=13 rs=1 cs=1]
              RenderInline {FONT} at (0,0) size 2x10
                RenderText {#text} at (0,0) size 2x10
                  text run at (0,0) width 2: " "
            RenderTableCell {TD} at (98,220) size 7x10 [bgcolor=#025E5E] [r=22 c=14 rs=1 cs=1]
              RenderInline {FONT} at (0,0) size 2x10
                RenderText {#text} at (0,0) size 2x10
                  text run at (0,0) width 2: " "
            RenderTableCell {TD} at (105,220) size 7x10 [bgcolor=#026766] [r=22 c=15 rs=1 cs=1]
              RenderInline {FONT} at (0,0) size 2x10
                RenderText {#text} at (0,0) size 2x10
                  text run at (0,0) width 2: " "
            RenderTableCell {TD} at (112,220) size 8x10 [bgcolor=#027777] [r=22 c=16 rs=1 cs=1]
              RenderInline {FONT} at (0,0) size 2x10
                RenderText {#text} at (0,0) size 2x10
                  text run at (0,0) width 2: " "
            RenderTableCell {TD} at (120,220) size 8x10 [bgcolor=#027777] [r=22 c=17 rs=1 cs=1]
              RenderInline {FONT} at (0,0) size 2x10
                RenderText {#text} at (0,0) size 2x10
                  text run at (0,0) width 2: " "
            RenderTableCell {TD} at (128,220) size 8x10 [bgcolor=#027777] [r=22 c=18 rs=1 cs=1]
              RenderInline {FONT} at (0,0) size 2x10
                RenderText {#text} at (0,0) size 2x10
                  text run at (0,0) width 2: " "
            RenderTableCell {TD} at (136,220) size 8x10 [bgcolor=#027777] [r=22 c=19 rs=1 cs=1]
              RenderInline {FONT} at (0,0) size 2x10
                RenderText {#text} at (0,0) size 2x10
                  text run at (0,0) width 2: " "
            RenderTableCell {TD} at (144,220) size 8x10 [bgcolor=#025E5E] [r=22 c=20 rs=1 cs=1]
              RenderInline {FONT} at (0,0) size 2x10
                RenderText {#text} at (0,0) size 2x10
                  text run at (0,0) width 2: " "
            RenderTableCell {TD} at (152,220) size 8x10 [bgcolor=#044F4F] [r=22 c=21 rs=1 cs=1]
              RenderInline {FONT} at (0,0) size 2x10
                RenderText {#text} at (0,0) size 2x10
                  text run at (0,0) width 2: " "
            RenderTableCell {TD} at (160,220) size 8x10 [bgcolor=#044F4F] [r=22 c=22 rs=1 cs=1]
              RenderInline {FONT} at (0,0) size 2x10
                RenderText {#text} at (0,0) size 2x10
                  text run at (0,0) width 2: " "
            RenderTableCell {TD} at (168,220) size 8x10 [bgcolor=#044140] [r=22 c=23 rs=1 cs=1]
              RenderInline {FONT} at (0,0) size 2x10
                RenderText {#text} at (0,0) size 2x10
                  text run at (0,0) width 2: " "
            RenderTableCell {TD} at (176,220) size 8x10 [bgcolor=#083131] [r=22 c=24 rs=1 cs=1]
              RenderInline {FONT} at (0,0) size 2x10
                RenderText {#text} at (0,0) size 2x10
                  text run at (0,0) width 2: " "
            RenderTableCell {TD} at (184,220) size 8x10 [bgcolor=#083131] [r=22 c=25 rs=1 cs=1]
              RenderInline {FONT} at (0,0) size 2x10
                RenderText {#text} at (0,0) size 2x10
                  text run at (0,0) width 2: " "
            RenderTableCell {TD} at (192,220) size 8x10 [bgcolor=#3D4242] [r=22 c=26 rs=1 cs=1]
              RenderInline {FONT} at (0,0) size 2x10
                RenderText {#text} at (0,0) size 2x10
                  text run at (0,0) width 2: " "
            RenderTableCell {TD} at (200,220) size 8x10 [bgcolor=#5E5F60] [r=22 c=27 rs=1 cs=1]
              RenderInline {FONT} at (0,0) size 2x10
                RenderText {#text} at (0,0) size 2x10
                  text run at (0,0) width 2: " "
            RenderTableCell {TD} at (208,220) size 8x10 [bgcolor=#848788] [r=22 c=28 rs=1 cs=1]
              RenderInline {FONT} at (0,0) size 2x10
                RenderText {#text} at (0,0) size 2x10
                  text run at (0,0) width 2: " "
            RenderTableCell {TD} at (216,220) size 8x10 [bgcolor=#A5A6A6] [r=22 c=29 rs=1 cs=1]
              RenderInline {FONT} at (0,0) size 2x10
                RenderText {#text} at (0,0) size 2x10
                  text run at (0,0) width 2: " "
            RenderTableCell {TD} at (224,220) size 8x10 [bgcolor=#CECFCF] [r=22 c=30 rs=1 cs=1]
              RenderInline {FONT} at (0,0) size 2x10
                RenderText {#text} at (0,0) size 2x10
                  text run at (0,0) width 2: " "
            RenderTableCell {TD} at (232,220) size 8x10 [bgcolor=#EDEEEF] [r=22 c=31 rs=1 cs=1]
              RenderInline {FONT} at (0,0) size 2x10
                RenderText {#text} at (0,0) size 2x10
                  text run at (0,0) width 2: " "
            RenderTableCell {TD} at (240,220) size 8x10 [bgcolor=#FDFDFB] [r=22 c=32 rs=1 cs=1]
              RenderInline {FONT} at (0,0) size 2x10
                RenderText {#text} at (0,0) size 2x10
                  text run at (0,0) width 2: " "
            RenderTableCell {TD} at (248,220) size 8x10 [bgcolor=#FDFDFB] [r=22 c=33 rs=1 cs=1]
              RenderInline {FONT} at (0,0) size 2x10
                RenderText {#text} at (0,0) size 2x10
                  text run at (0,0) width 2: " "
            RenderTableCell {TD} at (256,220) size 8x10 [bgcolor=#FDFDFB] [r=22 c=34 rs=1 cs=1]
              RenderInline {FONT} at (0,0) size 2x10
                RenderText {#text} at (0,0) size 2x10
                  text run at (0,0) width 2: " "
            RenderTableCell {TD} at (264,220) size 8x10 [bgcolor=#EDEEEF] [r=22 c=35 rs=1 cs=1]
              RenderInline {FONT} at (0,0) size 2x10
                RenderText {#text} at (0,0) size 2x10
                  text run at (0,0) width 2: " "
            RenderTableCell {TD} at (272,220) size 8x10 [bgcolor=#027777] [r=22 c=36 rs=1 cs=1]
              RenderInline {FONT} at (0,0) size 2x10
                RenderText {#text} at (0,0) size 2x10
                  text run at (0,0) width 2: " "
            RenderTableCell {TD} at (280,220) size 8x10 [bgcolor=#026766] [r=22 c=37 rs=1 cs=1]
              RenderInline {FONT} at (0,0) size 2x10
                RenderText {#text} at (0,0) size 2x10
                  text run at (0,0) width 2: " "
            RenderTableCell {TD} at (288,220) size 8x10 [bgcolor=#025E5E] [r=22 c=38 rs=1 cs=1]
              RenderInline {FONT} at (0,0) size 2x10
                RenderText {#text} at (0,0) size 2x10
                  text run at (0,0) width 2: " "
            RenderTableCell {TD} at (296,220) size 8x10 [bgcolor=#044F4F] [r=22 c=39 rs=1 cs=1]
              RenderInline {FONT} at (0,0) size 2x10
                RenderText {#text} at (0,0) size 2x10
                  text run at (0,0) width 2: " "
            RenderTableCell {TD} at (304,220) size 8x10 [bgcolor=#044F4F] [r=22 c=40 rs=1 cs=1]
              RenderInline {FONT} at (0,0) size 2x10
                RenderText {#text} at (0,0) size 2x10
                  text run at (0,0) width 2: " "
            RenderTableCell {TD} at (312,220) size 8x10 [bgcolor=#044F4F] [r=22 c=41 rs=1 cs=1]
              RenderInline {FONT} at (0,0) size 2x10
                RenderText {#text} at (0,0) size 2x10
                  text run at (0,0) width 2: " "
            RenderTableCell {TD} at (320,220) size 8x10 [bgcolor=#044F4F] [r=22 c=42 rs=1 cs=1]
              RenderInline {FONT} at (0,0) size 2x10
                RenderText {#text} at (0,0) size 2x10
                  text run at (0,0) width 2: " "
            RenderTableCell {TD} at (328,220) size 8x10 [bgcolor=#044F4F] [r=22 c=43 rs=1 cs=1]
              RenderInline {FONT} at (0,0) size 2x10
                RenderText {#text} at (0,0) size 2x10
                  text run at (0,0) width 2: " "
            RenderTableCell {TD} at (336,220) size 8x10 [bgcolor=#044F4F] [r=22 c=44 rs=1 cs=1]
              RenderInline {FONT} at (0,0) size 2x10
                RenderText {#text} at (0,0) size 2x10
                  text run at (0,0) width 2: " "
            RenderTableCell {TD} at (344,220) size 8x10 [bgcolor=#044F4F] [r=22 c=45 rs=1 cs=1]
              RenderInline {FONT} at (0,0) size 2x10
                RenderText {#text} at (0,0) size 2x10
                  text run at (0,0) width 2: " "
            RenderTableCell {TD} at (352,220) size 8x10 [bgcolor=#044F4F] [r=22 c=46 rs=1 cs=1]
              RenderInline {FONT} at (0,0) size 2x10
                RenderText {#text} at (0,0) size 2x10
                  text run at (0,0) width 2: " "
            RenderTableCell {TD} at (360,220) size 8x10 [bgcolor=#044F4F] [r=22 c=47 rs=1 cs=1]
              RenderInline {FONT} at (0,0) size 2x10
                RenderText {#text} at (0,0) size 2x10
                  text run at (0,0) width 2: " "
            RenderTableCell {TD} at (368,220) size 8x10 [bgcolor=#044F4F] [r=22 c=48 rs=1 cs=1]
              RenderInline {FONT} at (0,0) size 2x10
                RenderText {#text} at (0,0) size 2x10
                  text run at (0,0) width 2: " "
            RenderTableCell {TD} at (376,220) size 8x10 [bgcolor=#044F4F] [r=22 c=49 rs=1 cs=1]
              RenderInline {FONT} at (0,0) size 2x10
                RenderText {#text} at (0,0) size 2x10
                  text run at (0,0) width 2: " "
            RenderTableCell {TD} at (384,220) size 8x10 [bgcolor=#044140] [r=22 c=50 rs=1 cs=1]
              RenderInline {FONT} at (0,0) size 2x10
                RenderText {#text} at (0,0) size 2x10
                  text run at (0,0) width 2: " "
            RenderTableCell {TD} at (392,220) size 8x10 [bgcolor=#083131] [r=22 c=51 rs=1 cs=1]
              RenderInline {FONT} at (0,0) size 2x10
                RenderText {#text} at (0,0) size 2x10
                  text run at (0,0) width 2: " "
            RenderTableCell {TD} at (400,220) size 8x10 [bgcolor=#696A69] [r=22 c=52 rs=1 cs=1]
              RenderInline {FONT} at (0,0) size 2x10
                RenderText {#text} at (0,0) size 2x10
                  text run at (0,0) width 2: " "
            RenderTableCell {TD} at (408,220) size 8x10 [bgcolor=#B4B4B4] [r=22 c=53 rs=1 cs=1]
              RenderInline {FONT} at (0,0) size 2x10
                RenderText {#text} at (0,0) size 2x10
                  text run at (0,0) width 2: " "
            RenderTableCell {TD} at (416,220) size 8x10 [bgcolor=#DEDFDF] [r=22 c=54 rs=1 cs=1]
              RenderInline {FONT} at (0,0) size 2x10
                RenderText {#text} at (0,0) size 2x10
                  text run at (0,0) width 2: " "
            RenderTableCell {TD} at (424,220) size 8x10 [bgcolor=#FDFDFB] [r=22 c=55 rs=1 cs=1]
              RenderInline {FONT} at (0,0) size 2x10
                RenderText {#text} at (0,0) size 2x10
                  text run at (0,0) width 2: " "
            RenderTableCell {TD} at (432,220) size 8x10 [bgcolor=#FDFDFB] [r=22 c=56 rs=1 cs=1]
              RenderInline {FONT} at (0,0) size 2x10
                RenderText {#text} at (0,0) size 2x10
                  text run at (0,0) width 2: " "
            RenderTableCell {TD} at (440,220) size 8x10 [bgcolor=#FDFDFB] [r=22 c=57 rs=1 cs=1]
              RenderInline {FONT} at (0,0) size 2x10
                RenderText {#text} at (0,0) size 2x10
                  text run at (0,0) width 2: " "
            RenderTableCell {TD} at (448,220) size 8x10 [bgcolor=#FDFDFB] [r=22 c=58 rs=1 cs=1]
              RenderInline {FONT} at (0,0) size 2x10
                RenderText {#text} at (0,0) size 2x10
                  text run at (0,0) width 2: " "
            RenderTableCell {TD} at (456,220) size 8x10 [bgcolor=#FDFDFB] [r=22 c=59 rs=1 cs=1]
              RenderInline {FONT} at (0,0) size 2x10
                RenderText {#text} at (0,0) size 2x10
                  text run at (0,0) width 2: " "
            RenderTableCell {TD} at (464,220) size 8x10 [bgcolor=#FDFDFB] [r=22 c=60 rs=1 cs=1]
              RenderInline {FONT} at (0,0) size 2x10
                RenderText {#text} at (0,0) size 2x10
                  text run at (0,0) width 2: " "
            RenderTableCell {TD} at (472,220) size 8x10 [bgcolor=#FDFDFB] [r=22 c=61 rs=1 cs=1]
              RenderInline {FONT} at (0,0) size 2x10
                RenderText {#text} at (0,0) size 2x10
                  text run at (0,0) width 2: " "
            RenderTableCell {TD} at (480,220) size 8x10 [bgcolor=#EDEEEF] [r=22 c=62 rs=1 cs=1]
              RenderInline {FONT} at (0,0) size 2x10
                RenderText {#text} at (0,0) size 2x10
                  text run at (0,0) width 2: " "
            RenderTableCell {TD} at (488,220) size 8x10 [bgcolor=#BEC2C2] [r=22 c=63 rs=1 cs=1]
              RenderInline {FONT} at (0,0) size 2x10
                RenderText {#text} at (0,0) size 2x10
                  text run at (0,0) width 2: " "
            RenderTableCell {TD} at (496,220) size 8x10 [bgcolor=#396B6A] [r=22 c=64 rs=1 cs=1]
              RenderInline {FONT} at (0,0) size 2x10
                RenderText {#text} at (0,0) size 2x10
                  text run at (0,0) width 2: " "
            RenderTableCell {TD} at (504,220) size 8x10 [bgcolor=#044F4F] [r=22 c=65 rs=1 cs=1]
              RenderInline {FONT} at (0,0) size 2x10
                RenderText {#text} at (0,0) size 2x10
                  text run at (0,0) width 2: " "
            RenderTableCell {TD} at (512,220) size 8x10 [bgcolor=#044F4F] [r=22 c=66 rs=1 cs=1]
              RenderInline {FONT} at (0,0) size 2x10
                RenderText {#text} at (0,0) size 2x10
                  text run at (0,0) width 2: " "
            RenderTableCell {TD} at (520,220) size 8x10 [bgcolor=#025E5E] [r=22 c=67 rs=1 cs=1]
              RenderInline {FONT} at (0,0) size 2x10
                RenderText {#text} at (0,0) size 2x10
                  text run at (0,0) width 2: " "
            RenderTableCell {TD} at (528,220) size 8x10 [bgcolor=#025E5E] [r=22 c=68 rs=1 cs=1]
              RenderInline {FONT} at (0,0) size 2x10
                RenderText {#text} at (0,0) size 2x10
                  text run at (0,0) width 2: " "
            RenderTableCell {TD} at (536,220) size 8x10 [bgcolor=#025E5E] [r=22 c=69 rs=1 cs=1]
              RenderInline {FONT} at (0,0) size 2x10
                RenderText {#text} at (0,0) size 2x10
                  text run at (0,0) width 2: " "
            RenderTableCell {TD} at (544,220) size 8x10 [bgcolor=#025E5E] [r=22 c=70 rs=1 cs=1]
              RenderInline {FONT} at (0,0) size 2x10
                RenderText {#text} at (0,0) size 2x10
                  text run at (0,0) width 2: " "
            RenderTableCell {TD} at (552,220) size 8x10 [bgcolor=#025E5E] [r=22 c=71 rs=1 cs=1]
              RenderInline {FONT} at (0,0) size 2x10
                RenderText {#text} at (0,0) size 2x10
                  text run at (0,0) width 2: " "
            RenderTableCell {TD} at (560,220) size 8x10 [bgcolor=#025E5E] [r=22 c=72 rs=1 cs=1]
              RenderInline {FONT} at (0,0) size 2x10
                RenderText {#text} at (0,0) size 2x10
                  text run at (0,0) width 2: " "
            RenderTableCell {TD} at (568,220) size 8x10 [bgcolor=#025E5E] [r=22 c=73 rs=1 cs=1]
              RenderInline {FONT} at (0,0) size 2x10
                RenderText {#text} at (0,0) size 2x10
                  text run at (0,0) width 2: " "
            RenderTableCell {TD} at (576,220) size 8x10 [bgcolor=#026766] [r=22 c=74 rs=1 cs=1]
              RenderInline {FONT} at (0,0) size 2x10
                RenderText {#text} at (0,0) size 2x10
                  text run at (0,0) width 2: " "
            RenderTableCell {TD} at (584,220) size 8x10 [bgcolor=#026766] [r=22 c=75 rs=1 cs=1]
              RenderInline {FONT} at (0,0) size 2x10
                RenderText {#text} at (0,0) size 2x10
                  text run at (0,0) width 2: " "
            RenderTableCell {TD} at (592,220) size 8x10 [bgcolor=#026766] [r=22 c=76 rs=1 cs=1]
              RenderInline {FONT} at (0,0) size 2x10
                RenderText {#text} at (0,0) size 2x10
                  text run at (0,0) width 2: " "
            RenderTableCell {TD} at (600,220) size 8x10 [bgcolor=#026766] [r=22 c=77 rs=1 cs=1]
              RenderInline {FONT} at (0,0) size 2x10
                RenderText {#text} at (0,0) size 2x10
                  text run at (0,0) width 2: " "
            RenderTableCell {TD} at (608,220) size 8x10 [bgcolor=#026766] [r=22 c=78 rs=1 cs=1]
              RenderInline {FONT} at (0,0) size 2x10
                RenderText {#text} at (0,0) size 2x10
                  text run at (0,0) width 2: " "
            RenderTableCell {TD} at (616,220) size 8x10 [bgcolor=#026766] [r=22 c=79 rs=1 cs=1]
              RenderInline {FONT} at (0,0) size 2x10
                RenderText {#text} at (0,0) size 2x10
                  text run at (0,0) width 2: " "
            RenderTableCell {TD} at (624,220) size 8x10 [bgcolor=#026766] [r=22 c=80 rs=1 cs=1]
              RenderInline {FONT} at (0,0) size 2x10
                RenderText {#text} at (0,0) size 2x10
                  text run at (0,0) width 2: " "
            RenderTableCell {TD} at (632,220) size 8x10 [bgcolor=#026766] [r=22 c=81 rs=1 cs=1]
              RenderInline {FONT} at (0,0) size 2x10
                RenderText {#text} at (0,0) size 2x10
                  text run at (0,0) width 2: " "
            RenderTableCell {TD} at (640,220) size 8x10 [bgcolor=#026766] [r=22 c=82 rs=1 cs=1]
              RenderInline {FONT} at (0,0) size 2x10
                RenderText {#text} at (0,0) size 2x10
                  text run at (0,0) width 2: " "
            RenderTableCell {TD} at (648,220) size 8x10 [bgcolor=#026766] [r=22 c=83 rs=1 cs=1]
              RenderInline {FONT} at (0,0) size 2x10
                RenderText {#text} at (0,0) size 2x10
                  text run at (0,0) width 2: " "
            RenderTableCell {TD} at (656,220) size 8x10 [bgcolor=#026766] [r=22 c=84 rs=1 cs=1]
              RenderInline {FONT} at (0,0) size 2x10
                RenderText {#text} at (0,0) size 2x10
                  text run at (0,0) width 2: " "
            RenderTableCell {TD} at (664,220) size 8x10 [bgcolor=#026766] [r=22 c=85 rs=1 cs=1]
              RenderInline {FONT} at (0,0) size 2x10
                RenderText {#text} at (0,0) size 2x10
                  text run at (0,0) width 2: " "
            RenderTableCell {TD} at (672,220) size 8x10 [bgcolor=#026766] [r=22 c=86 rs=1 cs=1]
              RenderInline {FONT} at (0,0) size 2x10
                RenderText {#text} at (0,0) size 2x10
                  text run at (0,0) width 2: " "
            RenderTableCell {TD} at (680,220) size 8x10 [bgcolor=#026766] [r=22 c=87 rs=1 cs=1]
              RenderInline {FONT} at (0,0) size 2x10
                RenderText {#text} at (0,0) size 2x10
                  text run at (0,0) width 2: " "
            RenderTableCell {TD} at (688,220) size 8x10 [bgcolor=#026766] [r=22 c=88 rs=1 cs=1]
              RenderInline {FONT} at (0,0) size 2x10
                RenderText {#text} at (0,0) size 2x10
                  text run at (0,0) width 2: " "
            RenderTableCell {TD} at (696,220) size 8x10 [bgcolor=#026766] [r=22 c=89 rs=1 cs=1]
              RenderInline {FONT} at (0,0) size 2x10
                RenderText {#text} at (0,0) size 2x10
                  text run at (0,0) width 2: " "
            RenderTableCell {TD} at (704,220) size 8x10 [bgcolor=#026766] [r=22 c=90 rs=1 cs=1]
              RenderInline {FONT} at (0,0) size 2x10
                RenderText {#text} at (0,0) size 2x10
                  text run at (0,0) width 2: " "
            RenderTableCell {TD} at (712,220) size 8x10 [bgcolor=#025E5E] [r=22 c=91 rs=1 cs=1]
              RenderInline {FONT} at (0,0) size 2x10
                RenderText {#text} at (0,0) size 2x10
                  text run at (0,0) width 2: " "
            RenderTableCell {TD} at (720,220) size 8x10 [bgcolor=#044F4F] [r=22 c=92 rs=1 cs=1]
              RenderInline {FONT} at (0,0) size 2x10
                RenderText {#text} at (0,0) size 2x10
                  text run at (0,0) width 2: " "
            RenderTableCell {TD} at (728,220) size 8x10 [bgcolor=#044140] [r=22 c=93 rs=1 cs=1]
              RenderInline {FONT} at (0,0) size 2x10
                RenderText {#text} at (0,0) size 2x10
                  text run at (0,0) width 2: " "
            RenderTableCell {TD} at (736,220) size 8x10 [bgcolor=#425A5A] [r=22 c=94 rs=1 cs=1]
              RenderInline {FONT} at (0,0) size 2x10
                RenderText {#text} at (0,0) size 2x10
                  text run at (0,0) width 2: " "
            RenderTableCell {TD} at (744,220) size 8x10 [bgcolor=#A5A6A6] [r=22 c=95 rs=1 cs=1]
              RenderInline {FONT} at (0,0) size 2x10
                RenderText {#text} at (0,0) size 2x10
                  text run at (0,0) width 2: " "
            RenderTableCell {TD} at (752,220) size 8x10 [bgcolor=#CECFCF] [r=22 c=96 rs=1 cs=1]
              RenderInline {FONT} at (0,0) size 2x10
                RenderText {#text} at (0,0) size 2x10
                  text run at (0,0) width 2: " "
            RenderTableCell {TD} at (760,220) size 8x10 [bgcolor=#FDFDFB] [r=22 c=97 rs=1 cs=1]
              RenderInline {FONT} at (0,0) size 2x10
                RenderText {#text} at (0,0) size 2x10
                  text run at (0,0) width 2: " "
            RenderTableCell {TD} at (768,220) size 8x10 [bgcolor=#FDFDFB] [r=22 c=98 rs=1 cs=1]
              RenderInline {FONT} at (0,0) size 2x10
                RenderText {#text} at (0,0) size 2x10
                  text run at (0,0) width 2: " "
            RenderTableCell {TD} at (776,220) size 8x10 [bgcolor=#FDFDFB] [r=22 c=99 rs=1 cs=1]
              RenderInline {FONT} at (0,0) size 2x10
                RenderText {#text} at (0,0) size 2x10
                  text run at (0,0) width 2: " "
          RenderTableRow {TR} at (0,230) size 784x10
            RenderTableCell {TD} at (0,230) size 7x10 [bgcolor=#FDFDFB] [r=23 c=0 rs=1 cs=1]
              RenderInline {FONT} at (0,0) size 2x10
                RenderText {#text} at (0,0) size 2x10
                  text run at (0,0) width 2: " "
            RenderTableCell {TD} at (7,230) size 7x10 [bgcolor=#FDFDFB] [r=23 c=1 rs=1 cs=1]
              RenderInline {FONT} at (0,0) size 2x10
                RenderText {#text} at (0,0) size 2x10
                  text run at (0,0) width 2: " "
            RenderTableCell {TD} at (14,230) size 7x10 [bgcolor=#FDFDFB] [r=23 c=2 rs=1 cs=1]
              RenderInline {FONT} at (0,0) size 2x10
                RenderText {#text} at (0,0) size 2x10
                  text run at (0,0) width 2: " "
            RenderTableCell {TD} at (21,230) size 7x10 [bgcolor=#FDFDFB] [r=23 c=3 rs=1 cs=1]
              RenderInline {FONT} at (0,0) size 2x10
                RenderText {#text} at (0,0) size 2x10
                  text run at (0,0) width 2: " "
            RenderTableCell {TD} at (28,230) size 7x10 [bgcolor=#FDFDFB] [r=23 c=4 rs=1 cs=1]
              RenderInline {FONT} at (0,0) size 2x10
                RenderText {#text} at (0,0) size 2x10
                  text run at (0,0) width 2: " "
            RenderTableCell {TD} at (35,230) size 7x10 [bgcolor=#EDEEEF] [r=23 c=5 rs=1 cs=1]
              RenderInline {FONT} at (0,0) size 2x10
                RenderText {#text} at (0,0) size 2x10
                  text run at (0,0) width 2: " "
            RenderTableCell {TD} at (42,230) size 7x10 [bgcolor=#DEDFDF] [r=23 c=6 rs=1 cs=1]
              RenderInline {FONT} at (0,0) size 2x10
                RenderText {#text} at (0,0) size 2x10
                  text run at (0,0) width 2: " "
            RenderTableCell {TD} at (49,230) size 7x10 [bgcolor=#B4B4B4] [r=23 c=7 rs=1 cs=1]
              RenderInline {FONT} at (0,0) size 2x10
                RenderText {#text} at (0,0) size 2x10
                  text run at (0,0) width 2: " "
            RenderTableCell {TD} at (56,230) size 7x10 [bgcolor=#848788] [r=23 c=8 rs=1 cs=1]
              RenderInline {FONT} at (0,0) size 2x10
                RenderText {#text} at (0,0) size 2x10
                  text run at (0,0) width 2: " "
            RenderTableCell {TD} at (63,230) size 7x10 [bgcolor=#305D5D] [r=23 c=9 rs=1 cs=1]
              RenderInline {FONT} at (0,0) size 2x10
                RenderText {#text} at (0,0) size 2x10
                  text run at (0,0) width 2: " "
            RenderTableCell {TD} at (70,230) size 7x10 [bgcolor=#044F4F] [r=23 c=10 rs=1 cs=1]
              RenderInline {FONT} at (0,0) size 2x10
                RenderText {#text} at (0,0) size 2x10
                  text run at (0,0) width 2: " "
            RenderTableCell {TD} at (77,230) size 7x10 [bgcolor=#044140] [r=23 c=11 rs=1 cs=1]
              RenderInline {FONT} at (0,0) size 2x10
                RenderText {#text} at (0,0) size 2x10
                  text run at (0,0) width 2: " "
            RenderTableCell {TD} at (84,230) size 7x10 [bgcolor=#044F4F] [r=23 c=12 rs=1 cs=1]
              RenderInline {FONT} at (0,0) size 2x10
                RenderText {#text} at (0,0) size 2x10
                  text run at (0,0) width 2: " "
            RenderTableCell {TD} at (91,230) size 7x10 [bgcolor=#044F4F] [r=23 c=13 rs=1 cs=1]
              RenderInline {FONT} at (0,0) size 2x10
                RenderText {#text} at (0,0) size 2x10
                  text run at (0,0) width 2: " "
            RenderTableCell {TD} at (98,230) size 7x10 [bgcolor=#044F4F] [r=23 c=14 rs=1 cs=1]
              RenderInline {FONT} at (0,0) size 2x10
                RenderText {#text} at (0,0) size 2x10
                  text run at (0,0) width 2: " "
            RenderTableCell {TD} at (105,230) size 7x10 [bgcolor=#044F4F] [r=23 c=15 rs=1 cs=1]
              RenderInline {FONT} at (0,0) size 2x10
                RenderText {#text} at (0,0) size 2x10
                  text run at (0,0) width 2: " "
            RenderTableCell {TD} at (112,230) size 8x10 [bgcolor=#025E5E] [r=23 c=16 rs=1 cs=1]
              RenderInline {FONT} at (0,0) size 2x10
                RenderText {#text} at (0,0) size 2x10
                  text run at (0,0) width 2: " "
            RenderTableCell {TD} at (120,230) size 8x10 [bgcolor=#025E5E] [r=23 c=17 rs=1 cs=1]
              RenderInline {FONT} at (0,0) size 2x10
                RenderText {#text} at (0,0) size 2x10
                  text run at (0,0) width 2: " "
            RenderTableCell {TD} at (128,230) size 8x10 [bgcolor=#044F4F] [r=23 c=18 rs=1 cs=1]
              RenderInline {FONT} at (0,0) size 2x10
                RenderText {#text} at (0,0) size 2x10
                  text run at (0,0) width 2: " "
            RenderTableCell {TD} at (136,230) size 8x10 [bgcolor=#044F4F] [r=23 c=19 rs=1 cs=1]
              RenderInline {FONT} at (0,0) size 2x10
                RenderText {#text} at (0,0) size 2x10
                  text run at (0,0) width 2: " "
            RenderTableCell {TD} at (144,230) size 8x10 [bgcolor=#044140] [r=23 c=20 rs=1 cs=1]
              RenderInline {FONT} at (0,0) size 2x10
                RenderText {#text} at (0,0) size 2x10
                  text run at (0,0) width 2: " "
            RenderTableCell {TD} at (152,230) size 8x10 [bgcolor=#044140] [r=23 c=21 rs=1 cs=1]
              RenderInline {FONT} at (0,0) size 2x10
                RenderText {#text} at (0,0) size 2x10
                  text run at (0,0) width 2: " "
            RenderTableCell {TD} at (160,230) size 8x10 [bgcolor=#083131] [r=23 c=22 rs=1 cs=1]
              RenderInline {FONT} at (0,0) size 2x10
                RenderText {#text} at (0,0) size 2x10
                  text run at (0,0) width 2: " "
            RenderTableCell {TD} at (168,230) size 8x10 [bgcolor=#083131] [r=23 c=23 rs=1 cs=1]
              RenderInline {FONT} at (0,0) size 2x10
                RenderText {#text} at (0,0) size 2x10
                  text run at (0,0) width 2: " "
            RenderTableCell {TD} at (176,230) size 8x10 [bgcolor=#344C4E] [r=23 c=24 rs=1 cs=1]
              RenderInline {FONT} at (0,0) size 2x10
                RenderText {#text} at (0,0) size 2x10
                  text run at (0,0) width 2: " "
            RenderTableCell {TD} at (184,230) size 8x10 [bgcolor=#5E5F60] [r=23 c=25 rs=1 cs=1]
              RenderInline {FONT} at (0,0) size 2x10
                RenderText {#text} at (0,0) size 2x10
                  text run at (0,0) width 2: " "
            RenderTableCell {TD} at (192,230) size 8x10 [bgcolor=#777878] [r=23 c=26 rs=1 cs=1]
              RenderInline {FONT} at (0,0) size 2x10
                RenderText {#text} at (0,0) size 2x10
                  text run at (0,0) width 2: " "
            RenderTableCell {TD} at (200,230) size 8x10 [bgcolor=#939494] [r=23 c=27 rs=1 cs=1]
              RenderInline {FONT} at (0,0) size 2x10
                RenderText {#text} at (0,0) size 2x10
                  text run at (0,0) width 2: " "
            RenderTableCell {TD} at (208,230) size 8x10 [bgcolor=#B4B4B4] [r=23 c=28 rs=1 cs=1]
              RenderInline {FONT} at (0,0) size 2x10
                RenderText {#text} at (0,0) size 2x10
                  text run at (0,0) width 2: " "
            RenderTableCell {TD} at (216,230) size 8x10 [bgcolor=#CECFCF] [r=23 c=29 rs=1 cs=1]
              RenderInline {FONT} at (0,0) size 2x10
                RenderText {#text} at (0,0) size 2x10
                  text run at (0,0) width 2: " "
            RenderTableCell {TD} at (224,230) size 8x10 [bgcolor=#EDEEEF] [r=23 c=30 rs=1 cs=1]
              RenderInline {FONT} at (0,0) size 2x10
                RenderText {#text} at (0,0) size 2x10
                  text run at (0,0) width 2: " "
            RenderTableCell {TD} at (232,230) size 8x10 [bgcolor=#FDFDFB] [r=23 c=31 rs=1 cs=1]
              RenderInline {FONT} at (0,0) size 2x10
                RenderText {#text} at (0,0) size 2x10
                  text run at (0,0) width 2: " "
            RenderTableCell {TD} at (240,230) size 8x10 [bgcolor=#FDFDFB] [r=23 c=32 rs=1 cs=1]
              RenderInline {FONT} at (0,0) size 2x10
                RenderText {#text} at (0,0) size 2x10
                  text run at (0,0) width 2: " "
            RenderTableCell {TD} at (248,230) size 8x10 [bgcolor=#FDFDFB] [r=23 c=33 rs=1 cs=1]
              RenderInline {FONT} at (0,0) size 2x10
                RenderText {#text} at (0,0) size 2x10
                  text run at (0,0) width 2: " "
            RenderTableCell {TD} at (256,230) size 8x10 [bgcolor=#FDFDFB] [r=23 c=34 rs=1 cs=1]
              RenderInline {FONT} at (0,0) size 2x10
                RenderText {#text} at (0,0) size 2x10
                  text run at (0,0) width 2: " "
            RenderTableCell {TD} at (264,230) size 8x10 [bgcolor=#E0EAE9] [r=23 c=35 rs=1 cs=1]
              RenderInline {FONT} at (0,0) size 2x10
                RenderText {#text} at (0,0) size 2x10
                  text run at (0,0) width 2: " "
            RenderTableCell {TD} at (272,230) size 8x10 [bgcolor=#025E5E] [r=23 c=36 rs=1 cs=1]
              RenderInline {FONT} at (0,0) size 2x10
                RenderText {#text} at (0,0) size 2x10
                  text run at (0,0) width 2: " "
            RenderTableCell {TD} at (280,230) size 8x10 [bgcolor=#044F4F] [r=23 c=37 rs=1 cs=1]
              RenderInline {FONT} at (0,0) size 2x10
                RenderText {#text} at (0,0) size 2x10
                  text run at (0,0) width 2: " "
            RenderTableCell {TD} at (288,230) size 8x10 [bgcolor=#044140] [r=23 c=38 rs=1 cs=1]
              RenderInline {FONT} at (0,0) size 2x10
                RenderText {#text} at (0,0) size 2x10
                  text run at (0,0) width 2: " "
            RenderTableCell {TD} at (296,230) size 8x10 [bgcolor=#044140] [r=23 c=39 rs=1 cs=1]
              RenderInline {FONT} at (0,0) size 2x10
                RenderText {#text} at (0,0) size 2x10
                  text run at (0,0) width 2: " "
            RenderTableCell {TD} at (304,230) size 8x10 [bgcolor=#044140] [r=23 c=40 rs=1 cs=1]
              RenderInline {FONT} at (0,0) size 2x10
                RenderText {#text} at (0,0) size 2x10
                  text run at (0,0) width 2: " "
            RenderTableCell {TD} at (312,230) size 8x10 [bgcolor=#044140] [r=23 c=41 rs=1 cs=1]
              RenderInline {FONT} at (0,0) size 2x10
                RenderText {#text} at (0,0) size 2x10
                  text run at (0,0) width 2: " "
            RenderTableCell {TD} at (320,230) size 8x10 [bgcolor=#044140] [r=23 c=42 rs=1 cs=1]
              RenderInline {FONT} at (0,0) size 2x10
                RenderText {#text} at (0,0) size 2x10
                  text run at (0,0) width 2: " "
            RenderTableCell {TD} at (328,230) size 8x10 [bgcolor=#044140] [r=23 c=43 rs=1 cs=1]
              RenderInline {FONT} at (0,0) size 2x10
                RenderText {#text} at (0,0) size 2x10
                  text run at (0,0) width 2: " "
            RenderTableCell {TD} at (336,230) size 8x10 [bgcolor=#044140] [r=23 c=44 rs=1 cs=1]
              RenderInline {FONT} at (0,0) size 2x10
                RenderText {#text} at (0,0) size 2x10
                  text run at (0,0) width 2: " "
            RenderTableCell {TD} at (344,230) size 8x10 [bgcolor=#044140] [r=23 c=45 rs=1 cs=1]
              RenderInline {FONT} at (0,0) size 2x10
                RenderText {#text} at (0,0) size 2x10
                  text run at (0,0) width 2: " "
            RenderTableCell {TD} at (352,230) size 8x10 [bgcolor=#044140] [r=23 c=46 rs=1 cs=1]
              RenderInline {FONT} at (0,0) size 2x10
                RenderText {#text} at (0,0) size 2x10
                  text run at (0,0) width 2: " "
            RenderTableCell {TD} at (360,230) size 8x10 [bgcolor=#044140] [r=23 c=47 rs=1 cs=1]
              RenderInline {FONT} at (0,0) size 2x10
                RenderText {#text} at (0,0) size 2x10
                  text run at (0,0) width 2: " "
            RenderTableCell {TD} at (368,230) size 8x10 [bgcolor=#044140] [r=23 c=48 rs=1 cs=1]
              RenderInline {FONT} at (0,0) size 2x10
                RenderText {#text} at (0,0) size 2x10
                  text run at (0,0) width 2: " "
            RenderTableCell {TD} at (376,230) size 8x10 [bgcolor=#044140] [r=23 c=49 rs=1 cs=1]
              RenderInline {FONT} at (0,0) size 2x10
                RenderText {#text} at (0,0) size 2x10
                  text run at (0,0) width 2: " "
            RenderTableCell {TD} at (384,230) size 8x10 [bgcolor=#083131] [r=23 c=50 rs=1 cs=1]
              RenderInline {FONT} at (0,0) size 2x10
                RenderText {#text} at (0,0) size 2x10
                  text run at (0,0) width 2: " "
            RenderTableCell {TD} at (392,230) size 8x10 [bgcolor=#072323] [r=23 c=51 rs=1 cs=1]
              RenderInline {FONT} at (0,0) size 2x10
                RenderText {#text} at (0,0) size 2x10
                  text run at (0,0) width 2: " "
            RenderTableCell {TD} at (400,230) size 8x10 [bgcolor=#647979] [r=23 c=52 rs=1 cs=1]
              RenderInline {FONT} at (0,0) size 2x10
                RenderText {#text} at (0,0) size 2x10
                  text run at (0,0) width 2: " "
            RenderTableCell {TD} at (408,230) size 8x10 [bgcolor=#B4B4B4] [r=23 c=53 rs=1 cs=1]
              RenderInline {FONT} at (0,0) size 2x10
                RenderText {#text} at (0,0) size 2x10
                  text run at (0,0) width 2: " "
            RenderTableCell {TD} at (416,230) size 8x10 [bgcolor=#E0EAE9] [r=23 c=54 rs=1 cs=1]
              RenderInline {FONT} at (0,0) size 2x10
                RenderText {#text} at (0,0) size 2x10
                  text run at (0,0) width 2: " "
            RenderTableCell {TD} at (424,230) size 8x10 [bgcolor=#FDFDFB] [r=23 c=55 rs=1 cs=1]
              RenderInline {FONT} at (0,0) size 2x10
                RenderText {#text} at (0,0) size 2x10
                  text run at (0,0) width 2: " "
            RenderTableCell {TD} at (432,230) size 8x10 [bgcolor=#FDFDFB] [r=23 c=56 rs=1 cs=1]
              RenderInline {FONT} at (0,0) size 2x10
                RenderText {#text} at (0,0) size 2x10
                  text run at (0,0) width 2: " "
            RenderTableCell {TD} at (440,230) size 8x10 [bgcolor=#FDFDFB] [r=23 c=57 rs=1 cs=1]
              RenderInline {FONT} at (0,0) size 2x10
                RenderText {#text} at (0,0) size 2x10
                  text run at (0,0) width 2: " "
            RenderTableCell {TD} at (448,230) size 8x10 [bgcolor=#FDFDFB] [r=23 c=58 rs=1 cs=1]
              RenderInline {FONT} at (0,0) size 2x10
                RenderText {#text} at (0,0) size 2x10
                  text run at (0,0) width 2: " "
            RenderTableCell {TD} at (456,230) size 8x10 [bgcolor=#FDFDFB] [r=23 c=59 rs=1 cs=1]
              RenderInline {FONT} at (0,0) size 2x10
                RenderText {#text} at (0,0) size 2x10
                  text run at (0,0) width 2: " "
            RenderTableCell {TD} at (464,230) size 8x10 [bgcolor=#FDFDFB] [r=23 c=60 rs=1 cs=1]
              RenderInline {FONT} at (0,0) size 2x10
                RenderText {#text} at (0,0) size 2x10
                  text run at (0,0) width 2: " "
            RenderTableCell {TD} at (472,230) size 8x10 [bgcolor=#FDFDFB] [r=23 c=61 rs=1 cs=1]
              RenderInline {FONT} at (0,0) size 2x10
                RenderText {#text} at (0,0) size 2x10
                  text run at (0,0) width 2: " "
            RenderTableCell {TD} at (480,230) size 8x10 [bgcolor=#FDFDFB] [r=23 c=62 rs=1 cs=1]
              RenderInline {FONT} at (0,0) size 2x10
                RenderText {#text} at (0,0) size 2x10
                  text run at (0,0) width 2: " "
            RenderTableCell {TD} at (488,230) size 8x10 [bgcolor=#E0EAE9] [r=23 c=63 rs=1 cs=1]
              RenderInline {FONT} at (0,0) size 2x10
                RenderText {#text} at (0,0) size 2x10
                  text run at (0,0) width 2: " "
            RenderTableCell {TD} at (496,230) size 8x10 [bgcolor=#BEC2C2] [r=23 c=64 rs=1 cs=1]
              RenderInline {FONT} at (0,0) size 2x10
                RenderText {#text} at (0,0) size 2x10
                  text run at (0,0) width 2: " "
            RenderTableCell {TD} at (504,230) size 8x10 [bgcolor=#7B918F] [r=23 c=65 rs=1 cs=1]
              RenderInline {FONT} at (0,0) size 2x10
                RenderText {#text} at (0,0) size 2x10
                  text run at (0,0) width 2: " "
            RenderTableCell {TD} at (512,230) size 8x10 [bgcolor=#305D5D] [r=23 c=66 rs=1 cs=1]
              RenderInline {FONT} at (0,0) size 2x10
                RenderText {#text} at (0,0) size 2x10
                  text run at (0,0) width 2: " "
            RenderTableCell {TD} at (520,230) size 8x10 [bgcolor=#044F4F] [r=23 c=67 rs=1 cs=1]
              RenderInline {FONT} at (0,0) size 2x10
                RenderText {#text} at (0,0) size 2x10
                  text run at (0,0) width 2: " "
            RenderTableCell {TD} at (528,230) size 8x10 [bgcolor=#044F4F] [r=23 c=68 rs=1 cs=1]
              RenderInline {FONT} at (0,0) size 2x10
                RenderText {#text} at (0,0) size 2x10
                  text run at (0,0) width 2: " "
            RenderTableCell {TD} at (536,230) size 8x10 [bgcolor=#044F4F] [r=23 c=69 rs=1 cs=1]
              RenderInline {FONT} at (0,0) size 2x10
                RenderText {#text} at (0,0) size 2x10
                  text run at (0,0) width 2: " "
            RenderTableCell {TD} at (544,230) size 8x10 [bgcolor=#044F4F] [r=23 c=70 rs=1 cs=1]
              RenderInline {FONT} at (0,0) size 2x10
                RenderText {#text} at (0,0) size 2x10
                  text run at (0,0) width 2: " "
            RenderTableCell {TD} at (552,230) size 8x10 [bgcolor=#044F4F] [r=23 c=71 rs=1 cs=1]
              RenderInline {FONT} at (0,0) size 2x10
                RenderText {#text} at (0,0) size 2x10
                  text run at (0,0) width 2: " "
            RenderTableCell {TD} at (560,230) size 8x10 [bgcolor=#044F4F] [r=23 c=72 rs=1 cs=1]
              RenderInline {FONT} at (0,0) size 2x10
                RenderText {#text} at (0,0) size 2x10
                  text run at (0,0) width 2: " "
            RenderTableCell {TD} at (568,230) size 8x10 [bgcolor=#025E5E] [r=23 c=73 rs=1 cs=1]
              RenderInline {FONT} at (0,0) size 2x10
                RenderText {#text} at (0,0) size 2x10
                  text run at (0,0) width 2: " "
            RenderTableCell {TD} at (576,230) size 8x10 [bgcolor=#025E5E] [r=23 c=74 rs=1 cs=1]
              RenderInline {FONT} at (0,0) size 2x10
                RenderText {#text} at (0,0) size 2x10
                  text run at (0,0) width 2: " "
            RenderTableCell {TD} at (584,230) size 8x10 [bgcolor=#025E5E] [r=23 c=75 rs=1 cs=1]
              RenderInline {FONT} at (0,0) size 2x10
                RenderText {#text} at (0,0) size 2x10
                  text run at (0,0) width 2: " "
            RenderTableCell {TD} at (592,230) size 8x10 [bgcolor=#025E5E] [r=23 c=76 rs=1 cs=1]
              RenderInline {FONT} at (0,0) size 2x10
                RenderText {#text} at (0,0) size 2x10
                  text run at (0,0) width 2: " "
            RenderTableCell {TD} at (600,230) size 8x10 [bgcolor=#025E5E] [r=23 c=77 rs=1 cs=1]
              RenderInline {FONT} at (0,0) size 2x10
                RenderText {#text} at (0,0) size 2x10
                  text run at (0,0) width 2: " "
            RenderTableCell {TD} at (608,230) size 8x10 [bgcolor=#026766] [r=23 c=78 rs=1 cs=1]
              RenderInline {FONT} at (0,0) size 2x10
                RenderText {#text} at (0,0) size 2x10
                  text run at (0,0) width 2: " "
            RenderTableCell {TD} at (616,230) size 8x10 [bgcolor=#026766] [r=23 c=79 rs=1 cs=1]
              RenderInline {FONT} at (0,0) size 2x10
                RenderText {#text} at (0,0) size 2x10
                  text run at (0,0) width 2: " "
            RenderTableCell {TD} at (624,230) size 8x10 [bgcolor=#026766] [r=23 c=80 rs=1 cs=1]
              RenderInline {FONT} at (0,0) size 2x10
                RenderText {#text} at (0,0) size 2x10
                  text run at (0,0) width 2: " "
            RenderTableCell {TD} at (632,230) size 8x10 [bgcolor=#026766] [r=23 c=81 rs=1 cs=1]
              RenderInline {FONT} at (0,0) size 2x10
                RenderText {#text} at (0,0) size 2x10
                  text run at (0,0) width 2: " "
            RenderTableCell {TD} at (640,230) size 8x10 [bgcolor=#026766] [r=23 c=82 rs=1 cs=1]
              RenderInline {FONT} at (0,0) size 2x10
                RenderText {#text} at (0,0) size 2x10
                  text run at (0,0) width 2: " "
            RenderTableCell {TD} at (648,230) size 8x10 [bgcolor=#026766] [r=23 c=83 rs=1 cs=1]
              RenderInline {FONT} at (0,0) size 2x10
                RenderText {#text} at (0,0) size 2x10
                  text run at (0,0) width 2: " "
            RenderTableCell {TD} at (656,230) size 8x10 [bgcolor=#026766] [r=23 c=84 rs=1 cs=1]
              RenderInline {FONT} at (0,0) size 2x10
                RenderText {#text} at (0,0) size 2x10
                  text run at (0,0) width 2: " "
            RenderTableCell {TD} at (664,230) size 8x10 [bgcolor=#026766] [r=23 c=85 rs=1 cs=1]
              RenderInline {FONT} at (0,0) size 2x10
                RenderText {#text} at (0,0) size 2x10
                  text run at (0,0) width 2: " "
            RenderTableCell {TD} at (672,230) size 8x10 [bgcolor=#026766] [r=23 c=86 rs=1 cs=1]
              RenderInline {FONT} at (0,0) size 2x10
                RenderText {#text} at (0,0) size 2x10
                  text run at (0,0) width 2: " "
            RenderTableCell {TD} at (680,230) size 8x10 [bgcolor=#026766] [r=23 c=87 rs=1 cs=1]
              RenderInline {FONT} at (0,0) size 2x10
                RenderText {#text} at (0,0) size 2x10
                  text run at (0,0) width 2: " "
            RenderTableCell {TD} at (688,230) size 8x10 [bgcolor=#026766] [r=23 c=88 rs=1 cs=1]
              RenderInline {FONT} at (0,0) size 2x10
                RenderText {#text} at (0,0) size 2x10
                  text run at (0,0) width 2: " "
            RenderTableCell {TD} at (696,230) size 8x10 [bgcolor=#026766] [r=23 c=89 rs=1 cs=1]
              RenderInline {FONT} at (0,0) size 2x10
                RenderText {#text} at (0,0) size 2x10
                  text run at (0,0) width 2: " "
            RenderTableCell {TD} at (704,230) size 8x10 [bgcolor=#026766] [r=23 c=90 rs=1 cs=1]
              RenderInline {FONT} at (0,0) size 2x10
                RenderText {#text} at (0,0) size 2x10
                  text run at (0,0) width 2: " "
            RenderTableCell {TD} at (712,230) size 8x10 [bgcolor=#025E5E] [r=23 c=91 rs=1 cs=1]
              RenderInline {FONT} at (0,0) size 2x10
                RenderText {#text} at (0,0) size 2x10
                  text run at (0,0) width 2: " "
            RenderTableCell {TD} at (720,230) size 8x10 [bgcolor=#044F4F] [r=23 c=92 rs=1 cs=1]
              RenderInline {FONT} at (0,0) size 2x10
                RenderText {#text} at (0,0) size 2x10
                  text run at (0,0) width 2: " "
            RenderTableCell {TD} at (728,230) size 8x10 [bgcolor=#044140] [r=23 c=93 rs=1 cs=1]
              RenderInline {FONT} at (0,0) size 2x10
                RenderText {#text} at (0,0) size 2x10
                  text run at (0,0) width 2: " "
            RenderTableCell {TD} at (736,230) size 8x10 [bgcolor=#425A5A] [r=23 c=94 rs=1 cs=1]
              RenderInline {FONT} at (0,0) size 2x10
                RenderText {#text} at (0,0) size 2x10
                  text run at (0,0) width 2: " "
            RenderTableCell {TD} at (744,230) size 8x10 [bgcolor=#A5A6A6] [r=23 c=95 rs=1 cs=1]
              RenderInline {FONT} at (0,0) size 2x10
                RenderText {#text} at (0,0) size 2x10
                  text run at (0,0) width 2: " "
            RenderTableCell {TD} at (752,230) size 8x10 [bgcolor=#CECFCF] [r=23 c=96 rs=1 cs=1]
              RenderInline {FONT} at (0,0) size 2x10
                RenderText {#text} at (0,0) size 2x10
                  text run at (0,0) width 2: " "
            RenderTableCell {TD} at (760,230) size 8x10 [bgcolor=#FDFDFB] [r=23 c=97 rs=1 cs=1]
              RenderInline {FONT} at (0,0) size 2x10
                RenderText {#text} at (0,0) size 2x10
                  text run at (0,0) width 2: " "
            RenderTableCell {TD} at (768,230) size 8x10 [bgcolor=#FDFDFB] [r=23 c=98 rs=1 cs=1]
              RenderInline {FONT} at (0,0) size 2x10
                RenderText {#text} at (0,0) size 2x10
                  text run at (0,0) width 2: " "
            RenderTableCell {TD} at (776,230) size 8x10 [bgcolor=#FDFDFB] [r=23 c=99 rs=1 cs=1]
              RenderInline {FONT} at (0,0) size 2x10
                RenderText {#text} at (0,0) size 2x10
                  text run at (0,0) width 2: " "
          RenderTableRow {TR} at (0,240) size 784x10
            RenderTableCell {TD} at (0,240) size 7x10 [bgcolor=#FDFDFB] [r=24 c=0 rs=1 cs=1]
              RenderInline {FONT} at (0,0) size 2x10
                RenderText {#text} at (0,0) size 2x10
                  text run at (0,0) width 2: " "
            RenderTableCell {TD} at (7,240) size 7x10 [bgcolor=#FDFDFB] [r=24 c=1 rs=1 cs=1]
              RenderInline {FONT} at (0,0) size 2x10
                RenderText {#text} at (0,0) size 2x10
                  text run at (0,0) width 2: " "
            RenderTableCell {TD} at (14,240) size 7x10 [bgcolor=#FDFDFB] [r=24 c=2 rs=1 cs=1]
              RenderInline {FONT} at (0,0) size 2x10
                RenderText {#text} at (0,0) size 2x10
                  text run at (0,0) width 2: " "
            RenderTableCell {TD} at (21,240) size 7x10 [bgcolor=#FDFDFB] [r=24 c=3 rs=1 cs=1]
              RenderInline {FONT} at (0,0) size 2x10
                RenderText {#text} at (0,0) size 2x10
                  text run at (0,0) width 2: " "
            RenderTableCell {TD} at (28,240) size 7x10 [bgcolor=#FDFDFB] [r=24 c=4 rs=1 cs=1]
              RenderInline {FONT} at (0,0) size 2x10
                RenderText {#text} at (0,0) size 2x10
                  text run at (0,0) width 2: " "
            RenderTableCell {TD} at (35,240) size 7x10 [bgcolor=#FDFDFB] [r=24 c=5 rs=1 cs=1]
              RenderInline {FONT} at (0,0) size 2x10
                RenderText {#text} at (0,0) size 2x10
                  text run at (0,0) width 2: " "
            RenderTableCell {TD} at (42,240) size 7x10 [bgcolor=#EDEEEF] [r=24 c=6 rs=1 cs=1]
              RenderInline {FONT} at (0,0) size 2x10
                RenderText {#text} at (0,0) size 2x10
                  text run at (0,0) width 2: " "
            RenderTableCell {TD} at (49,240) size 7x10 [bgcolor=#DEDFDF] [r=24 c=7 rs=1 cs=1]
              RenderInline {FONT} at (0,0) size 2x10
                RenderText {#text} at (0,0) size 2x10
                  text run at (0,0) width 2: " "
            RenderTableCell {TD} at (56,240) size 7x10 [bgcolor=#CECFCF] [r=24 c=8 rs=1 cs=1]
              RenderInline {FONT} at (0,0) size 2x10
                RenderText {#text} at (0,0) size 2x10
                  text run at (0,0) width 2: " "
            RenderTableCell {TD} at (63,240) size 7x10 [bgcolor=#B4B4B4] [r=24 c=9 rs=1 cs=1]
              RenderInline {FONT} at (0,0) size 2x10
                RenderText {#text} at (0,0) size 2x10
                  text run at (0,0) width 2: " "
            RenderTableCell {TD} at (70,240) size 7x10 [bgcolor=#848788] [r=24 c=10 rs=1 cs=1]
              RenderInline {FONT} at (0,0) size 2x10
                RenderText {#text} at (0,0) size 2x10
                  text run at (0,0) width 2: " "
            RenderTableCell {TD} at (77,240) size 7x10 [bgcolor=#527274] [r=24 c=11 rs=1 cs=1]
              RenderInline {FONT} at (0,0) size 2x10
                RenderText {#text} at (0,0) size 2x10
                  text run at (0,0) width 2: " "
            RenderTableCell {TD} at (84,240) size 7x10 [bgcolor=#305D5D] [r=24 c=12 rs=1 cs=1]
              RenderInline {FONT} at (0,0) size 2x10
                RenderText {#text} at (0,0) size 2x10
                  text run at (0,0) width 2: " "
            RenderTableCell {TD} at (91,240) size 7x10 [bgcolor=#044140] [r=24 c=13 rs=1 cs=1]
              RenderInline {FONT} at (0,0) size 2x10
                RenderText {#text} at (0,0) size 2x10
                  text run at (0,0) width 2: " "
            RenderTableCell {TD} at (98,240) size 7x10 [bgcolor=#044140] [r=24 c=14 rs=1 cs=1]
              RenderInline {FONT} at (0,0) size 2x10
                RenderText {#text} at (0,0) size 2x10
                  text run at (0,0) width 2: " "
            RenderTableCell {TD} at (105,240) size 7x10 [bgcolor=#044140] [r=24 c=15 rs=1 cs=1]
              RenderInline {FONT} at (0,0) size 2x10
                RenderText {#text} at (0,0) size 2x10
                  text run at (0,0) width 2: " "
            RenderTableCell {TD} at (112,240) size 8x10 [bgcolor=#044140] [r=24 c=16 rs=1 cs=1]
              RenderInline {FONT} at (0,0) size 2x10
                RenderText {#text} at (0,0) size 2x10
                  text run at (0,0) width 2: " "
            RenderTableCell {TD} at (120,240) size 8x10 [bgcolor=#044140] [r=24 c=17 rs=1 cs=1]
              RenderInline {FONT} at (0,0) size 2x10
                RenderText {#text} at (0,0) size 2x10
                  text run at (0,0) width 2: " "
            RenderTableCell {TD} at (128,240) size 8x10 [bgcolor=#044140] [r=24 c=18 rs=1 cs=1]
              RenderInline {FONT} at (0,0) size 2x10
                RenderText {#text} at (0,0) size 2x10
                  text run at (0,0) width 2: " "
            RenderTableCell {TD} at (136,240) size 8x10 [bgcolor=#044140] [r=24 c=19 rs=1 cs=1]
              RenderInline {FONT} at (0,0) size 2x10
                RenderText {#text} at (0,0) size 2x10
                  text run at (0,0) width 2: " "
            RenderTableCell {TD} at (144,240) size 8x10 [bgcolor=#223C3D] [r=24 c=20 rs=1 cs=1]
              RenderInline {FONT} at (0,0) size 2x10
                RenderText {#text} at (0,0) size 2x10
                  text run at (0,0) width 2: " "
            RenderTableCell {TD} at (152,240) size 8x10 [bgcolor=#344C4E] [r=24 c=21 rs=1 cs=1]
              RenderInline {FONT} at (0,0) size 2x10
                RenderText {#text} at (0,0) size 2x10
                  text run at (0,0) width 2: " "
            RenderTableCell {TD} at (160,240) size 8x10 [bgcolor=#515C5B] [r=24 c=22 rs=1 cs=1]
              RenderInline {FONT} at (0,0) size 2x10
                RenderText {#text} at (0,0) size 2x10
                  text run at (0,0) width 2: " "
            RenderTableCell {TD} at (168,240) size 8x10 [bgcolor=#696A69] [r=24 c=23 rs=1 cs=1]
              RenderInline {FONT} at (0,0) size 2x10
                RenderText {#text} at (0,0) size 2x10
                  text run at (0,0) width 2: " "
            RenderTableCell {TD} at (176,240) size 8x10 [bgcolor=#848788] [r=24 c=24 rs=1 cs=1]
              RenderInline {FONT} at (0,0) size 2x10
                RenderText {#text} at (0,0) size 2x10
                  text run at (0,0) width 2: " "
            RenderTableCell {TD} at (184,240) size 8x10 [bgcolor=#939494] [r=24 c=25 rs=1 cs=1]
              RenderInline {FONT} at (0,0) size 2x10
                RenderText {#text} at (0,0) size 2x10
                  text run at (0,0) width 2: " "
            RenderTableCell {TD} at (192,240) size 8x10 [bgcolor=#B4B4B4] [r=24 c=26 rs=1 cs=1]
              RenderInline {FONT} at (0,0) size 2x10
                RenderText {#text} at (0,0) size 2x10
                  text run at (0,0) width 2: " "
            RenderTableCell {TD} at (200,240) size 8x10 [bgcolor=#BEC2C2] [r=24 c=27 rs=1 cs=1]
              RenderInline {FONT} at (0,0) size 2x10
                RenderText {#text} at (0,0) size 2x10
                  text run at (0,0) width 2: " "
            RenderTableCell {TD} at (208,240) size 8x10 [bgcolor=#DEDFDF] [r=24 c=28 rs=1 cs=1]
              RenderInline {FONT} at (0,0) size 2x10
                RenderText {#text} at (0,0) size 2x10
                  text run at (0,0) width 2: " "
            RenderTableCell {TD} at (216,240) size 8x10 [bgcolor=#EDEEEF] [r=24 c=29 rs=1 cs=1]
              RenderInline {FONT} at (0,0) size 2x10
                RenderText {#text} at (0,0) size 2x10
                  text run at (0,0) width 2: " "
            RenderTableCell {TD} at (224,240) size 8x10 [bgcolor=#FDFDFB] [r=24 c=30 rs=1 cs=1]
              RenderInline {FONT} at (0,0) size 2x10
                RenderText {#text} at (0,0) size 2x10
                  text run at (0,0) width 2: " "
            RenderTableCell {TD} at (232,240) size 8x10 [bgcolor=#FDFDFB] [r=24 c=31 rs=1 cs=1]
              RenderInline {FONT} at (0,0) size 2x10
                RenderText {#text} at (0,0) size 2x10
                  text run at (0,0) width 2: " "
            RenderTableCell {TD} at (240,240) size 8x10 [bgcolor=#FDFDFB] [r=24 c=32 rs=1 cs=1]
              RenderInline {FONT} at (0,0) size 2x10
                RenderText {#text} at (0,0) size 2x10
                  text run at (0,0) width 2: " "
            RenderTableCell {TD} at (248,240) size 8x10 [bgcolor=#FDFDFB] [r=24 c=33 rs=1 cs=1]
              RenderInline {FONT} at (0,0) size 2x10
                RenderText {#text} at (0,0) size 2x10
                  text run at (0,0) width 2: " "
            RenderTableCell {TD} at (256,240) size 8x10 [bgcolor=#FDFDFB] [r=24 c=34 rs=1 cs=1]
              RenderInline {FONT} at (0,0) size 2x10
                RenderText {#text} at (0,0) size 2x10
                  text run at (0,0) width 2: " "
            RenderTableCell {TD} at (264,240) size 8x10 [bgcolor=#EDEEEF] [r=24 c=35 rs=1 cs=1]
              RenderInline {FONT} at (0,0) size 2x10
                RenderText {#text} at (0,0) size 2x10
                  text run at (0,0) width 2: " "
            RenderTableCell {TD} at (272,240) size 8x10 [bgcolor=#91A3A3] [r=24 c=36 rs=1 cs=1]
              RenderInline {FONT} at (0,0) size 2x10
                RenderText {#text} at (0,0) size 2x10
                  text run at (0,0) width 2: " "
            RenderTableCell {TD} at (280,240) size 8x10 [bgcolor=#7B918F] [r=24 c=37 rs=1 cs=1]
              RenderInline {FONT} at (0,0) size 2x10
                RenderText {#text} at (0,0) size 2x10
                  text run at (0,0) width 2: " "
            RenderTableCell {TD} at (288,240) size 8x10 [bgcolor=#526B6B] [r=24 c=38 rs=1 cs=1]
              RenderInline {FONT} at (0,0) size 2x10
                RenderText {#text} at (0,0) size 2x10
                  text run at (0,0) width 2: " "
            RenderTableCell {TD} at (296,240) size 8x10 [bgcolor=#515C5B] [r=24 c=39 rs=1 cs=1]
              RenderInline {FONT} at (0,0) size 2x10
                RenderText {#text} at (0,0) size 2x10
                  text run at (0,0) width 2: " "
            RenderTableCell {TD} at (304,240) size 8x10 [bgcolor=#515C5B] [r=24 c=40 rs=1 cs=1]
              RenderInline {FONT} at (0,0) size 2x10
                RenderText {#text} at (0,0) size 2x10
                  text run at (0,0) width 2: " "
            RenderTableCell {TD} at (312,240) size 8x10 [bgcolor=#515C5B] [r=24 c=41 rs=1 cs=1]
              RenderInline {FONT} at (0,0) size 2x10
                RenderText {#text} at (0,0) size 2x10
                  text run at (0,0) width 2: " "
            RenderTableCell {TD} at (320,240) size 8x10 [bgcolor=#515C5B] [r=24 c=42 rs=1 cs=1]
              RenderInline {FONT} at (0,0) size 2x10
                RenderText {#text} at (0,0) size 2x10
                  text run at (0,0) width 2: " "
            RenderTableCell {TD} at (328,240) size 8x10 [bgcolor=#515C5B] [r=24 c=43 rs=1 cs=1]
              RenderInline {FONT} at (0,0) size 2x10
                RenderText {#text} at (0,0) size 2x10
                  text run at (0,0) width 2: " "
            RenderTableCell {TD} at (336,240) size 8x10 [bgcolor=#515C5B] [r=24 c=44 rs=1 cs=1]
              RenderInline {FONT} at (0,0) size 2x10
                RenderText {#text} at (0,0) size 2x10
                  text run at (0,0) width 2: " "
            RenderTableCell {TD} at (344,240) size 8x10 [bgcolor=#515C5B] [r=24 c=45 rs=1 cs=1]
              RenderInline {FONT} at (0,0) size 2x10
                RenderText {#text} at (0,0) size 2x10
                  text run at (0,0) width 2: " "
            RenderTableCell {TD} at (352,240) size 8x10 [bgcolor=#515C5B] [r=24 c=46 rs=1 cs=1]
              RenderInline {FONT} at (0,0) size 2x10
                RenderText {#text} at (0,0) size 2x10
                  text run at (0,0) width 2: " "
            RenderTableCell {TD} at (360,240) size 8x10 [bgcolor=#515C5B] [r=24 c=47 rs=1 cs=1]
              RenderInline {FONT} at (0,0) size 2x10
                RenderText {#text} at (0,0) size 2x10
                  text run at (0,0) width 2: " "
            RenderTableCell {TD} at (368,240) size 8x10 [bgcolor=#515C5B] [r=24 c=48 rs=1 cs=1]
              RenderInline {FONT} at (0,0) size 2x10
                RenderText {#text} at (0,0) size 2x10
                  text run at (0,0) width 2: " "
            RenderTableCell {TD} at (376,240) size 8x10 [bgcolor=#515C5B] [r=24 c=49 rs=1 cs=1]
              RenderInline {FONT} at (0,0) size 2x10
                RenderText {#text} at (0,0) size 2x10
                  text run at (0,0) width 2: " "
            RenderTableCell {TD} at (384,240) size 8x10 [bgcolor=#515C5B] [r=24 c=50 rs=1 cs=1]
              RenderInline {FONT} at (0,0) size 2x10
                RenderText {#text} at (0,0) size 2x10
                  text run at (0,0) width 2: " "
            RenderTableCell {TD} at (392,240) size 8x10 [bgcolor=#515C5B] [r=24 c=51 rs=1 cs=1]
              RenderInline {FONT} at (0,0) size 2x10
                RenderText {#text} at (0,0) size 2x10
                  text run at (0,0) width 2: " "
            RenderTableCell {TD} at (400,240) size 8x10 [bgcolor=#848788] [r=24 c=52 rs=1 cs=1]
              RenderInline {FONT} at (0,0) size 2x10
                RenderText {#text} at (0,0) size 2x10
                  text run at (0,0) width 2: " "
            RenderTableCell {TD} at (408,240) size 8x10 [bgcolor=#B4B4B4] [r=24 c=53 rs=1 cs=1]
              RenderInline {FONT} at (0,0) size 2x10
                RenderText {#text} at (0,0) size 2x10
                  text run at (0,0) width 2: " "
            RenderTableCell {TD} at (416,240) size 8x10 [bgcolor=#EDEEEF] [r=24 c=54 rs=1 cs=1]
              RenderInline {FONT} at (0,0) size 2x10
                RenderText {#text} at (0,0) size 2x10
                  text run at (0,0) width 2: " "
            RenderTableCell {TD} at (424,240) size 8x10 [bgcolor=#FDFDFB] [r=24 c=55 rs=1 cs=1]
              RenderInline {FONT} at (0,0) size 2x10
                RenderText {#text} at (0,0) size 2x10
                  text run at (0,0) width 2: " "
            RenderTableCell {TD} at (432,240) size 8x10 [bgcolor=#FDFDFB] [r=24 c=56 rs=1 cs=1]
              RenderInline {FONT} at (0,0) size 2x10
                RenderText {#text} at (0,0) size 2x10
                  text run at (0,0) width 2: " "
            RenderTableCell {TD} at (440,240) size 8x10 [bgcolor=#FDFDFB] [r=24 c=57 rs=1 cs=1]
              RenderInline {FONT} at (0,0) size 2x10
                RenderText {#text} at (0,0) size 2x10
                  text run at (0,0) width 2: " "
            RenderTableCell {TD} at (448,240) size 8x10 [bgcolor=#FDFDFB] [r=24 c=58 rs=1 cs=1]
              RenderInline {FONT} at (0,0) size 2x10
                RenderText {#text} at (0,0) size 2x10
                  text run at (0,0) width 2: " "
            RenderTableCell {TD} at (456,240) size 8x10 [bgcolor=#FDFDFB] [r=24 c=59 rs=1 cs=1]
              RenderInline {FONT} at (0,0) size 2x10
                RenderText {#text} at (0,0) size 2x10
                  text run at (0,0) width 2: " "
            RenderTableCell {TD} at (464,240) size 8x10 [bgcolor=#FDFDFB] [r=24 c=60 rs=1 cs=1]
              RenderInline {FONT} at (0,0) size 2x10
                RenderText {#text} at (0,0) size 2x10
                  text run at (0,0) width 2: " "
            RenderTableCell {TD} at (472,240) size 8x10 [bgcolor=#FDFDFB] [r=24 c=61 rs=1 cs=1]
              RenderInline {FONT} at (0,0) size 2x10
                RenderText {#text} at (0,0) size 2x10
                  text run at (0,0) width 2: " "
            RenderTableCell {TD} at (480,240) size 8x10 [bgcolor=#FDFDFB] [r=24 c=62 rs=1 cs=1]
              RenderInline {FONT} at (0,0) size 2x10
                RenderText {#text} at (0,0) size 2x10
                  text run at (0,0) width 2: " "
            RenderTableCell {TD} at (488,240) size 8x10 [bgcolor=#FDFDFB] [r=24 c=63 rs=1 cs=1]
              RenderInline {FONT} at (0,0) size 2x10
                RenderText {#text} at (0,0) size 2x10
                  text run at (0,0) width 2: " "
            RenderTableCell {TD} at (496,240) size 8x10 [bgcolor=#E0EAE9] [r=24 c=64 rs=1 cs=1]
              RenderInline {FONT} at (0,0) size 2x10
                RenderText {#text} at (0,0) size 2x10
                  text run at (0,0) width 2: " "
            RenderTableCell {TD} at (504,240) size 8x10 [bgcolor=#CECFCF] [r=24 c=65 rs=1 cs=1]
              RenderInline {FONT} at (0,0) size 2x10
                RenderText {#text} at (0,0) size 2x10
                  text run at (0,0) width 2: " "
            RenderTableCell {TD} at (512,240) size 8x10 [bgcolor=#B4B4B4] [r=24 c=66 rs=1 cs=1]
              RenderInline {FONT} at (0,0) size 2x10
                RenderText {#text} at (0,0) size 2x10
                  text run at (0,0) width 2: " "
            RenderTableCell {TD} at (520,240) size 8x10 [bgcolor=#848788] [r=24 c=67 rs=1 cs=1]
              RenderInline {FONT} at (0,0) size 2x10
                RenderText {#text} at (0,0) size 2x10
                  text run at (0,0) width 2: " "
            RenderTableCell {TD} at (528,240) size 8x10 [bgcolor=#526B6B] [r=24 c=68 rs=1 cs=1]
              RenderInline {FONT} at (0,0) size 2x10
                RenderText {#text} at (0,0) size 2x10
                  text run at (0,0) width 2: " "
            RenderTableCell {TD} at (536,240) size 8x10 [bgcolor=#044140] [r=24 c=69 rs=1 cs=1]
              RenderInline {FONT} at (0,0) size 2x10
                RenderText {#text} at (0,0) size 2x10
                  text run at (0,0) width 2: " "
            RenderTableCell {TD} at (544,240) size 8x10 [bgcolor=#044140] [r=24 c=70 rs=1 cs=1]
              RenderInline {FONT} at (0,0) size 2x10
                RenderText {#text} at (0,0) size 2x10
                  text run at (0,0) width 2: " "
            RenderTableCell {TD} at (552,240) size 8x10 [bgcolor=#044140] [r=24 c=71 rs=1 cs=1]
              RenderInline {FONT} at (0,0) size 2x10
                RenderText {#text} at (0,0) size 2x10
                  text run at (0,0) width 2: " "
            RenderTableCell {TD} at (560,240) size 8x10 [bgcolor=#044140] [r=24 c=72 rs=1 cs=1]
              RenderInline {FONT} at (0,0) size 2x10
                RenderText {#text} at (0,0) size 2x10
                  text run at (0,0) width 2: " "
            RenderTableCell {TD} at (568,240) size 8x10 [bgcolor=#044140] [r=24 c=73 rs=1 cs=1]
              RenderInline {FONT} at (0,0) size 2x10
                RenderText {#text} at (0,0) size 2x10
                  text run at (0,0) width 2: " "
            RenderTableCell {TD} at (576,240) size 8x10 [bgcolor=#044140] [r=24 c=74 rs=1 cs=1]
              RenderInline {FONT} at (0,0) size 2x10
                RenderText {#text} at (0,0) size 2x10
                  text run at (0,0) width 2: " "
            RenderTableCell {TD} at (584,240) size 8x10 [bgcolor=#044140] [r=24 c=75 rs=1 cs=1]
              RenderInline {FONT} at (0,0) size 2x10
                RenderText {#text} at (0,0) size 2x10
                  text run at (0,0) width 2: " "
            RenderTableCell {TD} at (592,240) size 8x10 [bgcolor=#044F4F] [r=24 c=76 rs=1 cs=1]
              RenderInline {FONT} at (0,0) size 2x10
                RenderText {#text} at (0,0) size 2x10
                  text run at (0,0) width 2: " "
            RenderTableCell {TD} at (600,240) size 8x10 [bgcolor=#025E5E] [r=24 c=77 rs=1 cs=1]
              RenderInline {FONT} at (0,0) size 2x10
                RenderText {#text} at (0,0) size 2x10
                  text run at (0,0) width 2: " "
            RenderTableCell {TD} at (608,240) size 8x10 [bgcolor=#025E5E] [r=24 c=78 rs=1 cs=1]
              RenderInline {FONT} at (0,0) size 2x10
                RenderText {#text} at (0,0) size 2x10
                  text run at (0,0) width 2: " "
            RenderTableCell {TD} at (616,240) size 8x10 [bgcolor=#026766] [r=24 c=79 rs=1 cs=1]
              RenderInline {FONT} at (0,0) size 2x10
                RenderText {#text} at (0,0) size 2x10
                  text run at (0,0) width 2: " "
            RenderTableCell {TD} at (624,240) size 8x10 [bgcolor=#026766] [r=24 c=80 rs=1 cs=1]
              RenderInline {FONT} at (0,0) size 2x10
                RenderText {#text} at (0,0) size 2x10
                  text run at (0,0) width 2: " "
            RenderTableCell {TD} at (632,240) size 8x10 [bgcolor=#026766] [r=24 c=81 rs=1 cs=1]
              RenderInline {FONT} at (0,0) size 2x10
                RenderText {#text} at (0,0) size 2x10
                  text run at (0,0) width 2: " "
            RenderTableCell {TD} at (640,240) size 8x10 [bgcolor=#026766] [r=24 c=82 rs=1 cs=1]
              RenderInline {FONT} at (0,0) size 2x10
                RenderText {#text} at (0,0) size 2x10
                  text run at (0,0) width 2: " "
            RenderTableCell {TD} at (648,240) size 8x10 [bgcolor=#026766] [r=24 c=83 rs=1 cs=1]
              RenderInline {FONT} at (0,0) size 2x10
                RenderText {#text} at (0,0) size 2x10
                  text run at (0,0) width 2: " "
            RenderTableCell {TD} at (656,240) size 8x10 [bgcolor=#026766] [r=24 c=84 rs=1 cs=1]
              RenderInline {FONT} at (0,0) size 2x10
                RenderText {#text} at (0,0) size 2x10
                  text run at (0,0) width 2: " "
            RenderTableCell {TD} at (664,240) size 8x10 [bgcolor=#026766] [r=24 c=85 rs=1 cs=1]
              RenderInline {FONT} at (0,0) size 2x10
                RenderText {#text} at (0,0) size 2x10
                  text run at (0,0) width 2: " "
            RenderTableCell {TD} at (672,240) size 8x10 [bgcolor=#026766] [r=24 c=86 rs=1 cs=1]
              RenderInline {FONT} at (0,0) size 2x10
                RenderText {#text} at (0,0) size 2x10
                  text run at (0,0) width 2: " "
            RenderTableCell {TD} at (680,240) size 8x10 [bgcolor=#026766] [r=24 c=87 rs=1 cs=1]
              RenderInline {FONT} at (0,0) size 2x10
                RenderText {#text} at (0,0) size 2x10
                  text run at (0,0) width 2: " "
            RenderTableCell {TD} at (688,240) size 8x10 [bgcolor=#026766] [r=24 c=88 rs=1 cs=1]
              RenderInline {FONT} at (0,0) size 2x10
                RenderText {#text} at (0,0) size 2x10
                  text run at (0,0) width 2: " "
            RenderTableCell {TD} at (696,240) size 8x10 [bgcolor=#026766] [r=24 c=89 rs=1 cs=1]
              RenderInline {FONT} at (0,0) size 2x10
                RenderText {#text} at (0,0) size 2x10
                  text run at (0,0) width 2: " "
            RenderTableCell {TD} at (704,240) size 8x10 [bgcolor=#026766] [r=24 c=90 rs=1 cs=1]
              RenderInline {FONT} at (0,0) size 2x10
                RenderText {#text} at (0,0) size 2x10
                  text run at (0,0) width 2: " "
            RenderTableCell {TD} at (712,240) size 8x10 [bgcolor=#025E5E] [r=24 c=91 rs=1 cs=1]
              RenderInline {FONT} at (0,0) size 2x10
                RenderText {#text} at (0,0) size 2x10
                  text run at (0,0) width 2: " "
            RenderTableCell {TD} at (720,240) size 8x10 [bgcolor=#044F4F] [r=24 c=92 rs=1 cs=1]
              RenderInline {FONT} at (0,0) size 2x10
                RenderText {#text} at (0,0) size 2x10
                  text run at (0,0) width 2: " "
            RenderTableCell {TD} at (728,240) size 8x10 [bgcolor=#083131] [r=24 c=93 rs=1 cs=1]
              RenderInline {FONT} at (0,0) size 2x10
                RenderText {#text} at (0,0) size 2x10
                  text run at (0,0) width 2: " "
            RenderTableCell {TD} at (736,240) size 8x10 [bgcolor=#425A5A] [r=24 c=94 rs=1 cs=1]
              RenderInline {FONT} at (0,0) size 2x10
                RenderText {#text} at (0,0) size 2x10
                  text run at (0,0) width 2: " "
            RenderTableCell {TD} at (744,240) size 8x10 [bgcolor=#A5A6A6] [r=24 c=95 rs=1 cs=1]
              RenderInline {FONT} at (0,0) size 2x10
                RenderText {#text} at (0,0) size 2x10
                  text run at (0,0) width 2: " "
            RenderTableCell {TD} at (752,240) size 8x10 [bgcolor=#CECFCF] [r=24 c=96 rs=1 cs=1]
              RenderInline {FONT} at (0,0) size 2x10
                RenderText {#text} at (0,0) size 2x10
                  text run at (0,0) width 2: " "
            RenderTableCell {TD} at (760,240) size 8x10 [bgcolor=#FDFDFB] [r=24 c=97 rs=1 cs=1]
              RenderInline {FONT} at (0,0) size 2x10
                RenderText {#text} at (0,0) size 2x10
                  text run at (0,0) width 2: " "
            RenderTableCell {TD} at (768,240) size 8x10 [bgcolor=#FDFDFB] [r=24 c=98 rs=1 cs=1]
              RenderInline {FONT} at (0,0) size 2x10
                RenderText {#text} at (0,0) size 2x10
                  text run at (0,0) width 2: " "
            RenderTableCell {TD} at (776,240) size 8x10 [bgcolor=#FDFDFB] [r=24 c=99 rs=1 cs=1]
              RenderInline {FONT} at (0,0) size 2x10
                RenderText {#text} at (0,0) size 2x10
                  text run at (0,0) width 2: " "
          RenderTableRow {TR} at (0,250) size 784x10
            RenderTableCell {TD} at (0,250) size 7x10 [bgcolor=#FDFDFB] [r=25 c=0 rs=1 cs=1]
              RenderInline {FONT} at (0,0) size 2x10
                RenderText {#text} at (0,0) size 2x10
                  text run at (0,0) width 2: " "
            RenderTableCell {TD} at (7,250) size 7x10 [bgcolor=#FDFDFB] [r=25 c=1 rs=1 cs=1]
              RenderInline {FONT} at (0,0) size 2x10
                RenderText {#text} at (0,0) size 2x10
                  text run at (0,0) width 2: " "
            RenderTableCell {TD} at (14,250) size 7x10 [bgcolor=#FDFDFB] [r=25 c=2 rs=1 cs=1]
              RenderInline {FONT} at (0,0) size 2x10
                RenderText {#text} at (0,0) size 2x10
                  text run at (0,0) width 2: " "
            RenderTableCell {TD} at (21,250) size 7x10 [bgcolor=#FDFDFB] [r=25 c=3 rs=1 cs=1]
              RenderInline {FONT} at (0,0) size 2x10
                RenderText {#text} at (0,0) size 2x10
                  text run at (0,0) width 2: " "
            RenderTableCell {TD} at (28,250) size 7x10 [bgcolor=#FDFDFB] [r=25 c=4 rs=1 cs=1]
              RenderInline {FONT} at (0,0) size 2x10
                RenderText {#text} at (0,0) size 2x10
                  text run at (0,0) width 2: " "
            RenderTableCell {TD} at (35,250) size 7x10 [bgcolor=#FDFDFB] [r=25 c=5 rs=1 cs=1]
              RenderInline {FONT} at (0,0) size 2x10
                RenderText {#text} at (0,0) size 2x10
                  text run at (0,0) width 2: " "
            RenderTableCell {TD} at (42,250) size 7x10 [bgcolor=#FDFDFB] [r=25 c=6 rs=1 cs=1]
              RenderInline {FONT} at (0,0) size 2x10
                RenderText {#text} at (0,0) size 2x10
                  text run at (0,0) width 2: " "
            RenderTableCell {TD} at (49,250) size 7x10 [bgcolor=#FDFDFB] [r=25 c=7 rs=1 cs=1]
              RenderInline {FONT} at (0,0) size 2x10
                RenderText {#text} at (0,0) size 2x10
                  text run at (0,0) width 2: " "
            RenderTableCell {TD} at (56,250) size 7x10 [bgcolor=#EDEEEF] [r=25 c=8 rs=1 cs=1]
              RenderInline {FONT} at (0,0) size 2x10
                RenderText {#text} at (0,0) size 2x10
                  text run at (0,0) width 2: " "
            RenderTableCell {TD} at (63,250) size 7x10 [bgcolor=#DEDFDF] [r=25 c=9 rs=1 cs=1]
              RenderInline {FONT} at (0,0) size 2x10
                RenderText {#text} at (0,0) size 2x10
                  text run at (0,0) width 2: " "
            RenderTableCell {TD} at (70,250) size 7x10 [bgcolor=#CECFCF] [r=25 c=10 rs=1 cs=1]
              RenderInline {FONT} at (0,0) size 2x10
                RenderText {#text} at (0,0) size 2x10
                  text run at (0,0) width 2: " "
            RenderTableCell {TD} at (77,250) size 7x10 [bgcolor=#BEC2C2] [r=25 c=11 rs=1 cs=1]
              RenderInline {FONT} at (0,0) size 2x10
                RenderText {#text} at (0,0) size 2x10
                  text run at (0,0) width 2: " "
            RenderTableCell {TD} at (84,250) size 7x10 [bgcolor=#A5A6A6] [r=25 c=12 rs=1 cs=1]
              RenderInline {FONT} at (0,0) size 2x10
                RenderText {#text} at (0,0) size 2x10
                  text run at (0,0) width 2: " "
            RenderTableCell {TD} at (91,250) size 7x10 [bgcolor=#939494] [r=25 c=13 rs=1 cs=1]
              RenderInline {FONT} at (0,0) size 2x10
                RenderText {#text} at (0,0) size 2x10
                  text run at (0,0) width 2: " "
            RenderTableCell {TD} at (98,250) size 7x10 [bgcolor=#848788] [r=25 c=14 rs=1 cs=1]
              RenderInline {FONT} at (0,0) size 2x10
                RenderText {#text} at (0,0) size 2x10
                  text run at (0,0) width 2: " "
            RenderTableCell {TD} at (105,250) size 7x10 [bgcolor=#848788] [r=25 c=15 rs=1 cs=1]
              RenderInline {FONT} at (0,0) size 2x10
                RenderText {#text} at (0,0) size 2x10
                  text run at (0,0) width 2: " "
            RenderTableCell {TD} at (112,250) size 8x10 [bgcolor=#848788] [r=25 c=16 rs=1 cs=1]
              RenderInline {FONT} at (0,0) size 2x10
                RenderText {#text} at (0,0) size 2x10
                  text run at (0,0) width 2: " "
            RenderTableCell {TD} at (120,250) size 8x10 [bgcolor=#848788] [r=25 c=17 rs=1 cs=1]
              RenderInline {FONT} at (0,0) size 2x10
                RenderText {#text} at (0,0) size 2x10
                  text run at (0,0) width 2: " "
            RenderTableCell {TD} at (128,250) size 8x10 [bgcolor=#848788] [r=25 c=18 rs=1 cs=1]
              RenderInline {FONT} at (0,0) size 2x10
                RenderText {#text} at (0,0) size 2x10
                  text run at (0,0) width 2: " "
            RenderTableCell {TD} at (136,250) size 8x10 [bgcolor=#848788] [r=25 c=19 rs=1 cs=1]
              RenderInline {FONT} at (0,0) size 2x10
                RenderText {#text} at (0,0) size 2x10
                  text run at (0,0) width 2: " "
            RenderTableCell {TD} at (144,250) size 8x10 [bgcolor=#848788] [r=25 c=20 rs=1 cs=1]
              RenderInline {FONT} at (0,0) size 2x10
                RenderText {#text} at (0,0) size 2x10
                  text run at (0,0) width 2: " "
            RenderTableCell {TD} at (152,250) size 8x10 [bgcolor=#939494] [r=25 c=21 rs=1 cs=1]
              RenderInline {FONT} at (0,0) size 2x10
                RenderText {#text} at (0,0) size 2x10
                  text run at (0,0) width 2: " "
            RenderTableCell {TD} at (160,250) size 8x10 [bgcolor=#939494] [r=25 c=22 rs=1 cs=1]
              RenderInline {FONT} at (0,0) size 2x10
                RenderText {#text} at (0,0) size 2x10
                  text run at (0,0) width 2: " "
            RenderTableCell {TD} at (168,250) size 8x10 [bgcolor=#A5A6A6] [r=25 c=23 rs=1 cs=1]
              RenderInline {FONT} at (0,0) size 2x10
                RenderText {#text} at (0,0) size 2x10
                  text run at (0,0) width 2: " "
            RenderTableCell {TD} at (176,250) size 8x10 [bgcolor=#B4B4B4] [r=25 c=24 rs=1 cs=1]
              RenderInline {FONT} at (0,0) size 2x10
                RenderText {#text} at (0,0) size 2x10
                  text run at (0,0) width 2: " "
            RenderTableCell {TD} at (184,250) size 8x10 [bgcolor=#CECFCF] [r=25 c=25 rs=1 cs=1]
              RenderInline {FONT} at (0,0) size 2x10
                RenderText {#text} at (0,0) size 2x10
                  text run at (0,0) width 2: " "
            RenderTableCell {TD} at (192,250) size 8x10 [bgcolor=#DEDFDF] [r=25 c=26 rs=1 cs=1]
              RenderInline {FONT} at (0,0) size 2x10
                RenderText {#text} at (0,0) size 2x10
                  text run at (0,0) width 2: " "
            RenderTableCell {TD} at (200,250) size 8x10 [bgcolor=#EDEEEF] [r=25 c=27 rs=1 cs=1]
              RenderInline {FONT} at (0,0) size 2x10
                RenderText {#text} at (0,0) size 2x10
                  text run at (0,0) width 2: " "
            RenderTableCell {TD} at (208,250) size 8x10 [bgcolor=#FDFDFB] [r=25 c=28 rs=1 cs=1]
              RenderInline {FONT} at (0,0) size 2x10
                RenderText {#text} at (0,0) size 2x10
                  text run at (0,0) width 2: " "
            RenderTableCell {TD} at (216,250) size 8x10 [bgcolor=#FDFDFB] [r=25 c=29 rs=1 cs=1]
              RenderInline {FONT} at (0,0) size 2x10
                RenderText {#text} at (0,0) size 2x10
                  text run at (0,0) width 2: " "
            RenderTableCell {TD} at (224,250) size 8x10 [bgcolor=#FDFDFB] [r=25 c=30 rs=1 cs=1]
              RenderInline {FONT} at (0,0) size 2x10
                RenderText {#text} at (0,0) size 2x10
                  text run at (0,0) width 2: " "
            RenderTableCell {TD} at (232,250) size 8x10 [bgcolor=#FDFDFB] [r=25 c=31 rs=1 cs=1]
              RenderInline {FONT} at (0,0) size 2x10
                RenderText {#text} at (0,0) size 2x10
                  text run at (0,0) width 2: " "
            RenderTableCell {TD} at (240,250) size 8x10 [bgcolor=#FDFDFB] [r=25 c=32 rs=1 cs=1]
              RenderInline {FONT} at (0,0) size 2x10
                RenderText {#text} at (0,0) size 2x10
                  text run at (0,0) width 2: " "
            RenderTableCell {TD} at (248,250) size 8x10 [bgcolor=#FDFDFB] [r=25 c=33 rs=1 cs=1]
              RenderInline {FONT} at (0,0) size 2x10
                RenderText {#text} at (0,0) size 2x10
                  text run at (0,0) width 2: " "
            RenderTableCell {TD} at (256,250) size 8x10 [bgcolor=#FDFDFB] [r=25 c=34 rs=1 cs=1]
              RenderInline {FONT} at (0,0) size 2x10
                RenderText {#text} at (0,0) size 2x10
                  text run at (0,0) width 2: " "
            RenderTableCell {TD} at (264,250) size 8x10 [bgcolor=#FDFDFB] [r=25 c=35 rs=1 cs=1]
              RenderInline {FONT} at (0,0) size 2x10
                RenderText {#text} at (0,0) size 2x10
                  text run at (0,0) width 2: " "
            RenderTableCell {TD} at (272,250) size 8x10 [bgcolor=#E0EAE9] [r=25 c=36 rs=1 cs=1]
              RenderInline {FONT} at (0,0) size 2x10
                RenderText {#text} at (0,0) size 2x10
                  text run at (0,0) width 2: " "
            RenderTableCell {TD} at (280,250) size 8x10 [bgcolor=#CECFCF] [r=25 c=37 rs=1 cs=1]
              RenderInline {FONT} at (0,0) size 2x10
                RenderText {#text} at (0,0) size 2x10
                  text run at (0,0) width 2: " "
            RenderTableCell {TD} at (288,250) size 8x10 [bgcolor=#B4B4B4] [r=25 c=38 rs=1 cs=1]
              RenderInline {FONT} at (0,0) size 2x10
                RenderText {#text} at (0,0) size 2x10
                  text run at (0,0) width 2: " "
            RenderTableCell {TD} at (296,250) size 8x10 [bgcolor=#A5A6A6] [r=25 c=39 rs=1 cs=1]
              RenderInline {FONT} at (0,0) size 2x10
                RenderText {#text} at (0,0) size 2x10
                  text run at (0,0) width 2: " "
            RenderTableCell {TD} at (304,250) size 8x10 [bgcolor=#A5A6A6] [r=25 c=40 rs=1 cs=1]
              RenderInline {FONT} at (0,0) size 2x10
                RenderText {#text} at (0,0) size 2x10
                  text run at (0,0) width 2: " "
            RenderTableCell {TD} at (312,250) size 8x10 [bgcolor=#A5A6A6] [r=25 c=41 rs=1 cs=1]
              RenderInline {FONT} at (0,0) size 2x10
                RenderText {#text} at (0,0) size 2x10
                  text run at (0,0) width 2: " "
            RenderTableCell {TD} at (320,250) size 8x10 [bgcolor=#A5A6A6] [r=25 c=42 rs=1 cs=1]
              RenderInline {FONT} at (0,0) size 2x10
                RenderText {#text} at (0,0) size 2x10
                  text run at (0,0) width 2: " "
            RenderTableCell {TD} at (328,250) size 8x10 [bgcolor=#A5A6A6] [r=25 c=43 rs=1 cs=1]
              RenderInline {FONT} at (0,0) size 2x10
                RenderText {#text} at (0,0) size 2x10
                  text run at (0,0) width 2: " "
            RenderTableCell {TD} at (336,250) size 8x10 [bgcolor=#A5A6A6] [r=25 c=44 rs=1 cs=1]
              RenderInline {FONT} at (0,0) size 2x10
                RenderText {#text} at (0,0) size 2x10
                  text run at (0,0) width 2: " "
            RenderTableCell {TD} at (344,250) size 8x10 [bgcolor=#A5A6A6] [r=25 c=45 rs=1 cs=1]
              RenderInline {FONT} at (0,0) size 2x10
                RenderText {#text} at (0,0) size 2x10
                  text run at (0,0) width 2: " "
            RenderTableCell {TD} at (352,250) size 8x10 [bgcolor=#A5A6A6] [r=25 c=46 rs=1 cs=1]
              RenderInline {FONT} at (0,0) size 2x10
                RenderText {#text} at (0,0) size 2x10
                  text run at (0,0) width 2: " "
            RenderTableCell {TD} at (360,250) size 8x10 [bgcolor=#A5A6A6] [r=25 c=47 rs=1 cs=1]
              RenderInline {FONT} at (0,0) size 2x10
                RenderText {#text} at (0,0) size 2x10
                  text run at (0,0) width 2: " "
            RenderTableCell {TD} at (368,250) size 8x10 [bgcolor=#A5A6A6] [r=25 c=48 rs=1 cs=1]
              RenderInline {FONT} at (0,0) size 2x10
                RenderText {#text} at (0,0) size 2x10
                  text run at (0,0) width 2: " "
            RenderTableCell {TD} at (376,250) size 8x10 [bgcolor=#A5A6A6] [r=25 c=49 rs=1 cs=1]
              RenderInline {FONT} at (0,0) size 2x10
                RenderText {#text} at (0,0) size 2x10
                  text run at (0,0) width 2: " "
            RenderTableCell {TD} at (384,250) size 8x10 [bgcolor=#A5A6A6] [r=25 c=50 rs=1 cs=1]
              RenderInline {FONT} at (0,0) size 2x10
                RenderText {#text} at (0,0) size 2x10
                  text run at (0,0) width 2: " "
            RenderTableCell {TD} at (392,250) size 8x10 [bgcolor=#A5A6A6] [r=25 c=51 rs=1 cs=1]
              RenderInline {FONT} at (0,0) size 2x10
                RenderText {#text} at (0,0) size 2x10
                  text run at (0,0) width 2: " "
            RenderTableCell {TD} at (400,250) size 8x10 [bgcolor=#B4B4B4] [r=25 c=52 rs=1 cs=1]
              RenderInline {FONT} at (0,0) size 2x10
                RenderText {#text} at (0,0) size 2x10
                  text run at (0,0) width 2: " "
            RenderTableCell {TD} at (408,250) size 8x10 [bgcolor=#CECFCF] [r=25 c=53 rs=1 cs=1]
              RenderInline {FONT} at (0,0) size 2x10
                RenderText {#text} at (0,0) size 2x10
                  text run at (0,0) width 2: " "
            RenderTableCell {TD} at (416,250) size 8x10 [bgcolor=#EDEEEF] [r=25 c=54 rs=1 cs=1]
              RenderInline {FONT} at (0,0) size 2x10
                RenderText {#text} at (0,0) size 2x10
                  text run at (0,0) width 2: " "
            RenderTableCell {TD} at (424,250) size 8x10 [bgcolor=#FDFDFB] [r=25 c=55 rs=1 cs=1]
              RenderInline {FONT} at (0,0) size 2x10
                RenderText {#text} at (0,0) size 2x10
                  text run at (0,0) width 2: " "
            RenderTableCell {TD} at (432,250) size 8x10 [bgcolor=#FDFDFB] [r=25 c=56 rs=1 cs=1]
              RenderInline {FONT} at (0,0) size 2x10
                RenderText {#text} at (0,0) size 2x10
                  text run at (0,0) width 2: " "
            RenderTableCell {TD} at (440,250) size 8x10 [bgcolor=#FDFDFB] [r=25 c=57 rs=1 cs=1]
              RenderInline {FONT} at (0,0) size 2x10
                RenderText {#text} at (0,0) size 2x10
                  text run at (0,0) width 2: " "
            RenderTableCell {TD} at (448,250) size 8x10 [bgcolor=#FDFDFB] [r=25 c=58 rs=1 cs=1]
              RenderInline {FONT} at (0,0) size 2x10
                RenderText {#text} at (0,0) size 2x10
                  text run at (0,0) width 2: " "
            RenderTableCell {TD} at (456,250) size 8x10 [bgcolor=#FDFDFB] [r=25 c=59 rs=1 cs=1]
              RenderInline {FONT} at (0,0) size 2x10
                RenderText {#text} at (0,0) size 2x10
                  text run at (0,0) width 2: " "
            RenderTableCell {TD} at (464,250) size 8x10 [bgcolor=#FDFDFB] [r=25 c=60 rs=1 cs=1]
              RenderInline {FONT} at (0,0) size 2x10
                RenderText {#text} at (0,0) size 2x10
                  text run at (0,0) width 2: " "
            RenderTableCell {TD} at (472,250) size 8x10 [bgcolor=#FDFDFB] [r=25 c=61 rs=1 cs=1]
              RenderInline {FONT} at (0,0) size 2x10
                RenderText {#text} at (0,0) size 2x10
                  text run at (0,0) width 2: " "
            RenderTableCell {TD} at (480,250) size 8x10 [bgcolor=#FDFDFB] [r=25 c=62 rs=1 cs=1]
              RenderInline {FONT} at (0,0) size 2x10
                RenderText {#text} at (0,0) size 2x10
                  text run at (0,0) width 2: " "
            RenderTableCell {TD} at (488,250) size 8x10 [bgcolor=#FDFDFB] [r=25 c=63 rs=1 cs=1]
              RenderInline {FONT} at (0,0) size 2x10
                RenderText {#text} at (0,0) size 2x10
                  text run at (0,0) width 2: " "
            RenderTableCell {TD} at (496,250) size 8x10 [bgcolor=#FDFDFB] [r=25 c=64 rs=1 cs=1]
              RenderInline {FONT} at (0,0) size 2x10
                RenderText {#text} at (0,0) size 2x10
                  text run at (0,0) width 2: " "
            RenderTableCell {TD} at (504,250) size 8x10 [bgcolor=#EDEEEF] [r=25 c=65 rs=1 cs=1]
              RenderInline {FONT} at (0,0) size 2x10
                RenderText {#text} at (0,0) size 2x10
                  text run at (0,0) width 2: " "
            RenderTableCell {TD} at (512,250) size 8x10 [bgcolor=#DEDFDF] [r=25 c=66 rs=1 cs=1]
              RenderInline {FONT} at (0,0) size 2x10
                RenderText {#text} at (0,0) size 2x10
                  text run at (0,0) width 2: " "
            RenderTableCell {TD} at (520,250) size 8x10 [bgcolor=#CECFCF] [r=25 c=67 rs=1 cs=1]
              RenderInline {FONT} at (0,0) size 2x10
                RenderText {#text} at (0,0) size 2x10
                  text run at (0,0) width 2: " "
            RenderTableCell {TD} at (528,250) size 8x10 [bgcolor=#B4B4B4] [r=25 c=68 rs=1 cs=1]
              RenderInline {FONT} at (0,0) size 2x10
                RenderText {#text} at (0,0) size 2x10
                  text run at (0,0) width 2: " "
            RenderTableCell {TD} at (536,250) size 8x10 [bgcolor=#91A3A3] [r=25 c=69 rs=1 cs=1]
              RenderInline {FONT} at (0,0) size 2x10
                RenderText {#text} at (0,0) size 2x10
                  text run at (0,0) width 2: " "
            RenderTableCell {TD} at (544,250) size 8x10 [bgcolor=#848788] [r=25 c=70 rs=1 cs=1]
              RenderInline {FONT} at (0,0) size 2x10
                RenderText {#text} at (0,0) size 2x10
                  text run at (0,0) width 2: " "
            RenderTableCell {TD} at (552,250) size 8x10 [bgcolor=#777878] [r=25 c=71 rs=1 cs=1]
              RenderInline {FONT} at (0,0) size 2x10
                RenderText {#text} at (0,0) size 2x10
                  text run at (0,0) width 2: " "
            RenderTableCell {TD} at (560,250) size 8x10 [bgcolor=#526B6B] [r=25 c=72 rs=1 cs=1]
              RenderInline {FONT} at (0,0) size 2x10
                RenderText {#text} at (0,0) size 2x10
                  text run at (0,0) width 2: " "
            RenderTableCell {TD} at (568,250) size 8x10 [bgcolor=#425A5A] [r=25 c=73 rs=1 cs=1]
              RenderInline {FONT} at (0,0) size 2x10
                RenderText {#text} at (0,0) size 2x10
                  text run at (0,0) width 2: " "
            RenderTableCell {TD} at (576,250) size 8x10 [bgcolor=#425A5A] [r=25 c=74 rs=1 cs=1]
              RenderInline {FONT} at (0,0) size 2x10
                RenderText {#text} at (0,0) size 2x10
                  text run at (0,0) width 2: " "
            RenderTableCell {TD} at (584,250) size 8x10 [bgcolor=#305D5D] [r=25 c=75 rs=1 cs=1]
              RenderInline {FONT} at (0,0) size 2x10
                RenderText {#text} at (0,0) size 2x10
                  text run at (0,0) width 2: " "
            RenderTableCell {TD} at (592,250) size 8x10 [bgcolor=#305D5D] [r=25 c=76 rs=1 cs=1]
              RenderInline {FONT} at (0,0) size 2x10
                RenderText {#text} at (0,0) size 2x10
                  text run at (0,0) width 2: " "
            RenderTableCell {TD} at (600,250) size 8x10 [bgcolor=#305D5D] [r=25 c=77 rs=1 cs=1]
              RenderInline {FONT} at (0,0) size 2x10
                RenderText {#text} at (0,0) size 2x10
                  text run at (0,0) width 2: " "
            RenderTableCell {TD} at (608,250) size 8x10 [bgcolor=#026766] [r=25 c=78 rs=1 cs=1]
              RenderInline {FONT} at (0,0) size 2x10
                RenderText {#text} at (0,0) size 2x10
                  text run at (0,0) width 2: " "
            RenderTableCell {TD} at (616,250) size 8x10 [bgcolor=#026766] [r=25 c=79 rs=1 cs=1]
              RenderInline {FONT} at (0,0) size 2x10
                RenderText {#text} at (0,0) size 2x10
                  text run at (0,0) width 2: " "
            RenderTableCell {TD} at (624,250) size 8x10 [bgcolor=#026766] [r=25 c=80 rs=1 cs=1]
              RenderInline {FONT} at (0,0) size 2x10
                RenderText {#text} at (0,0) size 2x10
                  text run at (0,0) width 2: " "
            RenderTableCell {TD} at (632,250) size 8x10 [bgcolor=#026766] [r=25 c=81 rs=1 cs=1]
              RenderInline {FONT} at (0,0) size 2x10
                RenderText {#text} at (0,0) size 2x10
                  text run at (0,0) width 2: " "
            RenderTableCell {TD} at (640,250) size 8x10 [bgcolor=#026766] [r=25 c=82 rs=1 cs=1]
              RenderInline {FONT} at (0,0) size 2x10
                RenderText {#text} at (0,0) size 2x10
                  text run at (0,0) width 2: " "
            RenderTableCell {TD} at (648,250) size 8x10 [bgcolor=#026766] [r=25 c=83 rs=1 cs=1]
              RenderInline {FONT} at (0,0) size 2x10
                RenderText {#text} at (0,0) size 2x10
                  text run at (0,0) width 2: " "
            RenderTableCell {TD} at (656,250) size 8x10 [bgcolor=#026766] [r=25 c=84 rs=1 cs=1]
              RenderInline {FONT} at (0,0) size 2x10
                RenderText {#text} at (0,0) size 2x10
                  text run at (0,0) width 2: " "
            RenderTableCell {TD} at (664,250) size 8x10 [bgcolor=#026766] [r=25 c=85 rs=1 cs=1]
              RenderInline {FONT} at (0,0) size 2x10
                RenderText {#text} at (0,0) size 2x10
                  text run at (0,0) width 2: " "
            RenderTableCell {TD} at (672,250) size 8x10 [bgcolor=#026766] [r=25 c=86 rs=1 cs=1]
              RenderInline {FONT} at (0,0) size 2x10
                RenderText {#text} at (0,0) size 2x10
                  text run at (0,0) width 2: " "
            RenderTableCell {TD} at (680,250) size 8x10 [bgcolor=#026766] [r=25 c=87 rs=1 cs=1]
              RenderInline {FONT} at (0,0) size 2x10
                RenderText {#text} at (0,0) size 2x10
                  text run at (0,0) width 2: " "
            RenderTableCell {TD} at (688,250) size 8x10 [bgcolor=#026766] [r=25 c=88 rs=1 cs=1]
              RenderInline {FONT} at (0,0) size 2x10
                RenderText {#text} at (0,0) size 2x10
                  text run at (0,0) width 2: " "
            RenderTableCell {TD} at (696,250) size 8x10 [bgcolor=#026766] [r=25 c=89 rs=1 cs=1]
              RenderInline {FONT} at (0,0) size 2x10
                RenderText {#text} at (0,0) size 2x10
                  text run at (0,0) width 2: " "
            RenderTableCell {TD} at (704,250) size 8x10 [bgcolor=#025E5E] [r=25 c=90 rs=1 cs=1]
              RenderInline {FONT} at (0,0) size 2x10
                RenderText {#text} at (0,0) size 2x10
                  text run at (0,0) width 2: " "
            RenderTableCell {TD} at (712,250) size 8x10 [bgcolor=#025E5E] [r=25 c=91 rs=1 cs=1]
              RenderInline {FONT} at (0,0) size 2x10
                RenderText {#text} at (0,0) size 2x10
                  text run at (0,0) width 2: " "
            RenderTableCell {TD} at (720,250) size 8x10 [bgcolor=#044140] [r=25 c=92 rs=1 cs=1]
              RenderInline {FONT} at (0,0) size 2x10
                RenderText {#text} at (0,0) size 2x10
                  text run at (0,0) width 2: " "
            RenderTableCell {TD} at (728,250) size 8x10 [bgcolor=#083131] [r=25 c=93 rs=1 cs=1]
              RenderInline {FONT} at (0,0) size 2x10
                RenderText {#text} at (0,0) size 2x10
                  text run at (0,0) width 2: " "
            RenderTableCell {TD} at (736,250) size 8x10 [bgcolor=#5E5F60] [r=25 c=94 rs=1 cs=1]
              RenderInline {FONT} at (0,0) size 2x10
                RenderText {#text} at (0,0) size 2x10
                  text run at (0,0) width 2: " "
            RenderTableCell {TD} at (744,250) size 8x10 [bgcolor=#A5A6A6] [r=25 c=95 rs=1 cs=1]
              RenderInline {FONT} at (0,0) size 2x10
                RenderText {#text} at (0,0) size 2x10
                  text run at (0,0) width 2: " "
            RenderTableCell {TD} at (752,250) size 8x10 [bgcolor=#DEDFDF] [r=25 c=96 rs=1 cs=1]
              RenderInline {FONT} at (0,0) size 2x10
                RenderText {#text} at (0,0) size 2x10
                  text run at (0,0) width 2: " "
            RenderTableCell {TD} at (760,250) size 8x10 [bgcolor=#FDFDFB] [r=25 c=97 rs=1 cs=1]
              RenderInline {FONT} at (0,0) size 2x10
                RenderText {#text} at (0,0) size 2x10
                  text run at (0,0) width 2: " "
            RenderTableCell {TD} at (768,250) size 8x10 [bgcolor=#FDFDFB] [r=25 c=98 rs=1 cs=1]
              RenderInline {FONT} at (0,0) size 2x10
                RenderText {#text} at (0,0) size 2x10
                  text run at (0,0) width 2: " "
            RenderTableCell {TD} at (776,250) size 8x10 [bgcolor=#FDFDFB] [r=25 c=99 rs=1 cs=1]
              RenderInline {FONT} at (0,0) size 2x10
                RenderText {#text} at (0,0) size 2x10
                  text run at (0,0) width 2: " "
          RenderTableRow {TR} at (0,260) size 784x10
            RenderTableCell {TD} at (0,260) size 7x10 [bgcolor=#FDFDFB] [r=26 c=0 rs=1 cs=1]
              RenderInline {FONT} at (0,0) size 2x10
                RenderText {#text} at (0,0) size 2x10
                  text run at (0,0) width 2: " "
            RenderTableCell {TD} at (7,260) size 7x10 [bgcolor=#FDFDFB] [r=26 c=1 rs=1 cs=1]
              RenderInline {FONT} at (0,0) size 2x10
                RenderText {#text} at (0,0) size 2x10
                  text run at (0,0) width 2: " "
            RenderTableCell {TD} at (14,260) size 7x10 [bgcolor=#FDFDFB] [r=26 c=2 rs=1 cs=1]
              RenderInline {FONT} at (0,0) size 2x10
                RenderText {#text} at (0,0) size 2x10
                  text run at (0,0) width 2: " "
            RenderTableCell {TD} at (21,260) size 7x10 [bgcolor=#FDFDFB] [r=26 c=3 rs=1 cs=1]
              RenderInline {FONT} at (0,0) size 2x10
                RenderText {#text} at (0,0) size 2x10
                  text run at (0,0) width 2: " "
            RenderTableCell {TD} at (28,260) size 7x10 [bgcolor=#FDFDFB] [r=26 c=4 rs=1 cs=1]
              RenderInline {FONT} at (0,0) size 2x10
                RenderText {#text} at (0,0) size 2x10
                  text run at (0,0) width 2: " "
            RenderTableCell {TD} at (35,260) size 7x10 [bgcolor=#FDFDFB] [r=26 c=5 rs=1 cs=1]
              RenderInline {FONT} at (0,0) size 2x10
                RenderText {#text} at (0,0) size 2x10
                  text run at (0,0) width 2: " "
            RenderTableCell {TD} at (42,260) size 7x10 [bgcolor=#FDFDFB] [r=26 c=6 rs=1 cs=1]
              RenderInline {FONT} at (0,0) size 2x10
                RenderText {#text} at (0,0) size 2x10
                  text run at (0,0) width 2: " "
            RenderTableCell {TD} at (49,260) size 7x10 [bgcolor=#FDFDFB] [r=26 c=7 rs=1 cs=1]
              RenderInline {FONT} at (0,0) size 2x10
                RenderText {#text} at (0,0) size 2x10
                  text run at (0,0) width 2: " "
            RenderTableCell {TD} at (56,260) size 7x10 [bgcolor=#FDFDFB] [r=26 c=8 rs=1 cs=1]
              RenderInline {FONT} at (0,0) size 2x10
                RenderText {#text} at (0,0) size 2x10
                  text run at (0,0) width 2: " "
            RenderTableCell {TD} at (63,260) size 7x10 [bgcolor=#FDFDFB] [r=26 c=9 rs=1 cs=1]
              RenderInline {FONT} at (0,0) size 2x10
                RenderText {#text} at (0,0) size 2x10
                  text run at (0,0) width 2: " "
            RenderTableCell {TD} at (70,260) size 7x10 [bgcolor=#EDEEEF] [r=26 c=10 rs=1 cs=1]
              RenderInline {FONT} at (0,0) size 2x10
                RenderText {#text} at (0,0) size 2x10
                  text run at (0,0) width 2: " "
            RenderTableCell {TD} at (77,260) size 7x10 [bgcolor=#EDEEEF] [r=26 c=11 rs=1 cs=1]
              RenderInline {FONT} at (0,0) size 2x10
                RenderText {#text} at (0,0) size 2x10
                  text run at (0,0) width 2: " "
            RenderTableCell {TD} at (84,260) size 7x10 [bgcolor=#DEDFDF] [r=26 c=12 rs=1 cs=1]
              RenderInline {FONT} at (0,0) size 2x10
                RenderText {#text} at (0,0) size 2x10
                  text run at (0,0) width 2: " "
            RenderTableCell {TD} at (91,260) size 7x10 [bgcolor=#CECFCF] [r=26 c=13 rs=1 cs=1]
              RenderInline {FONT} at (0,0) size 2x10
                RenderText {#text} at (0,0) size 2x10
                  text run at (0,0) width 2: " "
            RenderTableCell {TD} at (98,260) size 7x10 [bgcolor=#CECFCF] [r=26 c=14 rs=1 cs=1]
              RenderInline {FONT} at (0,0) size 2x10
                RenderText {#text} at (0,0) size 2x10
                  text run at (0,0) width 2: " "
            RenderTableCell {TD} at (105,260) size 7x10 [bgcolor=#BEC2C2] [r=26 c=15 rs=1 cs=1]
              RenderInline {FONT} at (0,0) size 2x10
                RenderText {#text} at (0,0) size 2x10
                  text run at (0,0) width 2: " "
            RenderTableCell {TD} at (112,260) size 8x10 [bgcolor=#BEC2C2] [r=26 c=16 rs=1 cs=1]
              RenderInline {FONT} at (0,0) size 2x10
                RenderText {#text} at (0,0) size 2x10
                  text run at (0,0) width 2: " "
            RenderTableCell {TD} at (120,260) size 8x10 [bgcolor=#BEC2C2] [r=26 c=17 rs=1 cs=1]
              RenderInline {FONT} at (0,0) size 2x10
                RenderText {#text} at (0,0) size 2x10
                  text run at (0,0) width 2: " "
            RenderTableCell {TD} at (128,260) size 8x10 [bgcolor=#BEC2C2] [r=26 c=18 rs=1 cs=1]
              RenderInline {FONT} at (0,0) size 2x10
                RenderText {#text} at (0,0) size 2x10
                  text run at (0,0) width 2: " "
            RenderTableCell {TD} at (136,260) size 8x10 [bgcolor=#BEC2C2] [r=26 c=19 rs=1 cs=1]
              RenderInline {FONT} at (0,0) size 2x10
                RenderText {#text} at (0,0) size 2x10
                  text run at (0,0) width 2: " "
            RenderTableCell {TD} at (144,260) size 8x10 [bgcolor=#BEC2C2] [r=26 c=20 rs=1 cs=1]
              RenderInline {FONT} at (0,0) size 2x10
                RenderText {#text} at (0,0) size 2x10
                  text run at (0,0) width 2: " "
            RenderTableCell {TD} at (152,260) size 8x10 [bgcolor=#CECFCF] [r=26 c=21 rs=1 cs=1]
              RenderInline {FONT} at (0,0) size 2x10
                RenderText {#text} at (0,0) size 2x10
                  text run at (0,0) width 2: " "
            RenderTableCell {TD} at (160,260) size 8x10 [bgcolor=#CECFCF] [r=26 c=22 rs=1 cs=1]
              RenderInline {FONT} at (0,0) size 2x10
                RenderText {#text} at (0,0) size 2x10
                  text run at (0,0) width 2: " "
            RenderTableCell {TD} at (168,260) size 8x10 [bgcolor=#DEDFDF] [r=26 c=23 rs=1 cs=1]
              RenderInline {FONT} at (0,0) size 2x10
                RenderText {#text} at (0,0) size 2x10
                  text run at (0,0) width 2: " "
            RenderTableCell {TD} at (176,260) size 8x10 [bgcolor=#E0EAE9] [r=26 c=24 rs=1 cs=1]
              RenderInline {FONT} at (0,0) size 2x10
                RenderText {#text} at (0,0) size 2x10
                  text run at (0,0) width 2: " "
            RenderTableCell {TD} at (184,260) size 8x10 [bgcolor=#EDEEEF] [r=26 c=25 rs=1 cs=1]
              RenderInline {FONT} at (0,0) size 2x10
                RenderText {#text} at (0,0) size 2x10
                  text run at (0,0) width 2: " "
            RenderTableCell {TD} at (192,260) size 8x10 [bgcolor=#FDFDFB] [r=26 c=26 rs=1 cs=1]
              RenderInline {FONT} at (0,0) size 2x10
                RenderText {#text} at (0,0) size 2x10
                  text run at (0,0) width 2: " "
            RenderTableCell {TD} at (200,260) size 8x10 [bgcolor=#FDFDFB] [r=26 c=27 rs=1 cs=1]
              RenderInline {FONT} at (0,0) size 2x10
                RenderText {#text} at (0,0) size 2x10
                  text run at (0,0) width 2: " "
            RenderTableCell {TD} at (208,260) size 8x10 [bgcolor=#FDFDFB] [r=26 c=28 rs=1 cs=1]
              RenderInline {FONT} at (0,0) size 2x10
                RenderText {#text} at (0,0) size 2x10
                  text run at (0,0) width 2: " "
            RenderTableCell {TD} at (216,260) size 8x10 [bgcolor=#FDFDFB] [r=26 c=29 rs=1 cs=1]
              RenderInline {FONT} at (0,0) size 2x10
                RenderText {#text} at (0,0) size 2x10
                  text run at (0,0) width 2: " "
            RenderTableCell {TD} at (224,260) size 8x10 [bgcolor=#FDFDFB] [r=26 c=30 rs=1 cs=1]
              RenderInline {FONT} at (0,0) size 2x10
                RenderText {#text} at (0,0) size 2x10
                  text run at (0,0) width 2: " "
            RenderTableCell {TD} at (232,260) size 8x10 [bgcolor=#FDFDFB] [r=26 c=31 rs=1 cs=1]
              RenderInline {FONT} at (0,0) size 2x10
                RenderText {#text} at (0,0) size 2x10
                  text run at (0,0) width 2: " "
            RenderTableCell {TD} at (240,260) size 8x10 [bgcolor=#FDFDFB] [r=26 c=32 rs=1 cs=1]
              RenderInline {FONT} at (0,0) size 2x10
                RenderText {#text} at (0,0) size 2x10
                  text run at (0,0) width 2: " "
            RenderTableCell {TD} at (248,260) size 8x10 [bgcolor=#FDFDFB] [r=26 c=33 rs=1 cs=1]
              RenderInline {FONT} at (0,0) size 2x10
                RenderText {#text} at (0,0) size 2x10
                  text run at (0,0) width 2: " "
            RenderTableCell {TD} at (256,260) size 8x10 [bgcolor=#FDFDFB] [r=26 c=34 rs=1 cs=1]
              RenderInline {FONT} at (0,0) size 2x10
                RenderText {#text} at (0,0) size 2x10
                  text run at (0,0) width 2: " "
            RenderTableCell {TD} at (264,260) size 8x10 [bgcolor=#FDFDFB] [r=26 c=35 rs=1 cs=1]
              RenderInline {FONT} at (0,0) size 2x10
                RenderText {#text} at (0,0) size 2x10
                  text run at (0,0) width 2: " "
            RenderTableCell {TD} at (272,260) size 8x10 [bgcolor=#FDFDFB] [r=26 c=36 rs=1 cs=1]
              RenderInline {FONT} at (0,0) size 2x10
                RenderText {#text} at (0,0) size 2x10
                  text run at (0,0) width 2: " "
            RenderTableCell {TD} at (280,260) size 8x10 [bgcolor=#EDEEEF] [r=26 c=37 rs=1 cs=1]
              RenderInline {FONT} at (0,0) size 2x10
                RenderText {#text} at (0,0) size 2x10
                  text run at (0,0) width 2: " "
            RenderTableCell {TD} at (288,260) size 8x10 [bgcolor=#DEDFDF] [r=26 c=38 rs=1 cs=1]
              RenderInline {FONT} at (0,0) size 2x10
                RenderText {#text} at (0,0) size 2x10
                  text run at (0,0) width 2: " "
            RenderTableCell {TD} at (296,260) size 8x10 [bgcolor=#DEDFDF] [r=26 c=39 rs=1 cs=1]
              RenderInline {FONT} at (0,0) size 2x10
                RenderText {#text} at (0,0) size 2x10
                  text run at (0,0) width 2: " "
            RenderTableCell {TD} at (304,260) size 8x10 [bgcolor=#DEDFDF] [r=26 c=40 rs=1 cs=1]
              RenderInline {FONT} at (0,0) size 2x10
                RenderText {#text} at (0,0) size 2x10
                  text run at (0,0) width 2: " "
            RenderTableCell {TD} at (312,260) size 8x10 [bgcolor=#DEDFDF] [r=26 c=41 rs=1 cs=1]
              RenderInline {FONT} at (0,0) size 2x10
                RenderText {#text} at (0,0) size 2x10
                  text run at (0,0) width 2: " "
            RenderTableCell {TD} at (320,260) size 8x10 [bgcolor=#DEDFDF] [r=26 c=42 rs=1 cs=1]
              RenderInline {FONT} at (0,0) size 2x10
                RenderText {#text} at (0,0) size 2x10
                  text run at (0,0) width 2: " "
            RenderTableCell {TD} at (328,260) size 8x10 [bgcolor=#DEDFDF] [r=26 c=43 rs=1 cs=1]
              RenderInline {FONT} at (0,0) size 2x10
                RenderText {#text} at (0,0) size 2x10
                  text run at (0,0) width 2: " "
            RenderTableCell {TD} at (336,260) size 8x10 [bgcolor=#DEDFDF] [r=26 c=44 rs=1 cs=1]
              RenderInline {FONT} at (0,0) size 2x10
                RenderText {#text} at (0,0) size 2x10
                  text run at (0,0) width 2: " "
            RenderTableCell {TD} at (344,260) size 8x10 [bgcolor=#DEDFDF] [r=26 c=45 rs=1 cs=1]
              RenderInline {FONT} at (0,0) size 2x10
                RenderText {#text} at (0,0) size 2x10
                  text run at (0,0) width 2: " "
            RenderTableCell {TD} at (352,260) size 8x10 [bgcolor=#DEDFDF] [r=26 c=46 rs=1 cs=1]
              RenderInline {FONT} at (0,0) size 2x10
                RenderText {#text} at (0,0) size 2x10
                  text run at (0,0) width 2: " "
            RenderTableCell {TD} at (360,260) size 8x10 [bgcolor=#DEDFDF] [r=26 c=47 rs=1 cs=1]
              RenderInline {FONT} at (0,0) size 2x10
                RenderText {#text} at (0,0) size 2x10
                  text run at (0,0) width 2: " "
            RenderTableCell {TD} at (368,260) size 8x10 [bgcolor=#DEDFDF] [r=26 c=48 rs=1 cs=1]
              RenderInline {FONT} at (0,0) size 2x10
                RenderText {#text} at (0,0) size 2x10
                  text run at (0,0) width 2: " "
            RenderTableCell {TD} at (376,260) size 8x10 [bgcolor=#DEDFDF] [r=26 c=49 rs=1 cs=1]
              RenderInline {FONT} at (0,0) size 2x10
                RenderText {#text} at (0,0) size 2x10
                  text run at (0,0) width 2: " "
            RenderTableCell {TD} at (384,260) size 8x10 [bgcolor=#DEDFDF] [r=26 c=50 rs=1 cs=1]
              RenderInline {FONT} at (0,0) size 2x10
                RenderText {#text} at (0,0) size 2x10
                  text run at (0,0) width 2: " "
            RenderTableCell {TD} at (392,260) size 8x10 [bgcolor=#DEDFDF] [r=26 c=51 rs=1 cs=1]
              RenderInline {FONT} at (0,0) size 2x10
                RenderText {#text} at (0,0) size 2x10
                  text run at (0,0) width 2: " "
            RenderTableCell {TD} at (400,260) size 8x10 [bgcolor=#DEDFDF] [r=26 c=52 rs=1 cs=1]
              RenderInline {FONT} at (0,0) size 2x10
                RenderText {#text} at (0,0) size 2x10
                  text run at (0,0) width 2: " "
            RenderTableCell {TD} at (408,260) size 8x10 [bgcolor=#EDEEEF] [r=26 c=53 rs=1 cs=1]
              RenderInline {FONT} at (0,0) size 2x10
                RenderText {#text} at (0,0) size 2x10
                  text run at (0,0) width 2: " "
            RenderTableCell {TD} at (416,260) size 8x10 [bgcolor=#FDFDFB] [r=26 c=54 rs=1 cs=1]
              RenderInline {FONT} at (0,0) size 2x10
                RenderText {#text} at (0,0) size 2x10
                  text run at (0,0) width 2: " "
            RenderTableCell {TD} at (424,260) size 8x10 [bgcolor=#FDFDFB] [r=26 c=55 rs=1 cs=1]
              RenderInline {FONT} at (0,0) size 2x10
                RenderText {#text} at (0,0) size 2x10
                  text run at (0,0) width 2: " "
            RenderTableCell {TD} at (432,260) size 8x10 [bgcolor=#FDFDFB] [r=26 c=56 rs=1 cs=1]
              RenderInline {FONT} at (0,0) size 2x10
                RenderText {#text} at (0,0) size 2x10
                  text run at (0,0) width 2: " "
            RenderTableCell {TD} at (440,260) size 8x10 [bgcolor=#FDFDFB] [r=26 c=57 rs=1 cs=1]
              RenderInline {FONT} at (0,0) size 2x10
                RenderText {#text} at (0,0) size 2x10
                  text run at (0,0) width 2: " "
            RenderTableCell {TD} at (448,260) size 8x10 [bgcolor=#FDFDFB] [r=26 c=58 rs=1 cs=1]
              RenderInline {FONT} at (0,0) size 2x10
                RenderText {#text} at (0,0) size 2x10
                  text run at (0,0) width 2: " "
            RenderTableCell {TD} at (456,260) size 8x10 [bgcolor=#FDFDFB] [r=26 c=59 rs=1 cs=1]
              RenderInline {FONT} at (0,0) size 2x10
                RenderText {#text} at (0,0) size 2x10
                  text run at (0,0) width 2: " "
            RenderTableCell {TD} at (464,260) size 8x10 [bgcolor=#FDFDFB] [r=26 c=60 rs=1 cs=1]
              RenderInline {FONT} at (0,0) size 2x10
                RenderText {#text} at (0,0) size 2x10
                  text run at (0,0) width 2: " "
            RenderTableCell {TD} at (472,260) size 8x10 [bgcolor=#FDFDFB] [r=26 c=61 rs=1 cs=1]
              RenderInline {FONT} at (0,0) size 2x10
                RenderText {#text} at (0,0) size 2x10
                  text run at (0,0) width 2: " "
            RenderTableCell {TD} at (480,260) size 8x10 [bgcolor=#FDFDFB] [r=26 c=62 rs=1 cs=1]
              RenderInline {FONT} at (0,0) size 2x10
                RenderText {#text} at (0,0) size 2x10
                  text run at (0,0) width 2: " "
            RenderTableCell {TD} at (488,260) size 8x10 [bgcolor=#FDFDFB] [r=26 c=63 rs=1 cs=1]
              RenderInline {FONT} at (0,0) size 2x10
                RenderText {#text} at (0,0) size 2x10
                  text run at (0,0) width 2: " "
            RenderTableCell {TD} at (496,260) size 8x10 [bgcolor=#FDFDFB] [r=26 c=64 rs=1 cs=1]
              RenderInline {FONT} at (0,0) size 2x10
                RenderText {#text} at (0,0) size 2x10
                  text run at (0,0) width 2: " "
            RenderTableCell {TD} at (504,260) size 8x10 [bgcolor=#FDFDFB] [r=26 c=65 rs=1 cs=1]
              RenderInline {FONT} at (0,0) size 2x10
                RenderText {#text} at (0,0) size 2x10
                  text run at (0,0) width 2: " "
            RenderTableCell {TD} at (512,260) size 8x10 [bgcolor=#FDFDFB] [r=26 c=66 rs=1 cs=1]
              RenderInline {FONT} at (0,0) size 2x10
                RenderText {#text} at (0,0) size 2x10
                  text run at (0,0) width 2: " "
            RenderTableCell {TD} at (520,260) size 8x10 [bgcolor=#EDEEEF] [r=26 c=67 rs=1 cs=1]
              RenderInline {FONT} at (0,0) size 2x10
                RenderText {#text} at (0,0) size 2x10
                  text run at (0,0) width 2: " "
            RenderTableCell {TD} at (528,260) size 8x10 [bgcolor=#DEDFDF] [r=26 c=68 rs=1 cs=1]
              RenderInline {FONT} at (0,0) size 2x10
                RenderText {#text} at (0,0) size 2x10
                  text run at (0,0) width 2: " "
            RenderTableCell {TD} at (536,260) size 8x10 [bgcolor=#CECFCF] [r=26 c=69 rs=1 cs=1]
              RenderInline {FONT} at (0,0) size 2x10
                RenderText {#text} at (0,0) size 2x10
                  text run at (0,0) width 2: " "
            RenderTableCell {TD} at (544,260) size 8x10 [bgcolor=#BEC2C2] [r=26 c=70 rs=1 cs=1]
              RenderInline {FONT} at (0,0) size 2x10
                RenderText {#text} at (0,0) size 2x10
                  text run at (0,0) width 2: " "
            RenderTableCell {TD} at (552,260) size 8x10 [bgcolor=#B4B4B4] [r=26 c=71 rs=1 cs=1]
              RenderInline {FONT} at (0,0) size 2x10
                RenderText {#text} at (0,0) size 2x10
                  text run at (0,0) width 2: " "
            RenderTableCell {TD} at (560,260) size 8x10 [bgcolor=#B4B4B4] [r=26 c=72 rs=1 cs=1]
              RenderInline {FONT} at (0,0) size 2x10
                RenderText {#text} at (0,0) size 2x10
                  text run at (0,0) width 2: " "
            RenderTableCell {TD} at (568,260) size 8x10 [bgcolor=#A5A6A6] [r=26 c=73 rs=1 cs=1]
              RenderInline {FONT} at (0,0) size 2x10
                RenderText {#text} at (0,0) size 2x10
                  text run at (0,0) width 2: " "
            RenderTableCell {TD} at (576,260) size 8x10 [bgcolor=#91A3A3] [r=26 c=74 rs=1 cs=1]
              RenderInline {FONT} at (0,0) size 2x10
                RenderText {#text} at (0,0) size 2x10
                  text run at (0,0) width 2: " "
            RenderTableCell {TD} at (584,260) size 8x10 [bgcolor=#939494] [r=26 c=75 rs=1 cs=1]
              RenderInline {FONT} at (0,0) size 2x10
                RenderText {#text} at (0,0) size 2x10
                  text run at (0,0) width 2: " "
            RenderTableCell {TD} at (592,260) size 8x10 [bgcolor=#939494] [r=26 c=76 rs=1 cs=1]
              RenderInline {FONT} at (0,0) size 2x10
                RenderText {#text} at (0,0) size 2x10
                  text run at (0,0) width 2: " "
            RenderTableCell {TD} at (600,260) size 8x10 [bgcolor=#5A8787] [r=26 c=77 rs=1 cs=1]
              RenderInline {FONT} at (0,0) size 2x10
                RenderText {#text} at (0,0) size 2x10
                  text run at (0,0) width 2: " "
            RenderTableCell {TD} at (608,260) size 8x10 [bgcolor=#027777] [r=26 c=78 rs=1 cs=1]
              RenderInline {FONT} at (0,0) size 2x10
                RenderText {#text} at (0,0) size 2x10
                  text run at (0,0) width 2: " "
            RenderTableCell {TD} at (616,260) size 8x10 [bgcolor=#026766] [r=26 c=79 rs=1 cs=1]
              RenderInline {FONT} at (0,0) size 2x10
                RenderText {#text} at (0,0) size 2x10
                  text run at (0,0) width 2: " "
            RenderTableCell {TD} at (624,260) size 8x10 [bgcolor=#026766] [r=26 c=80 rs=1 cs=1]
              RenderInline {FONT} at (0,0) size 2x10
                RenderText {#text} at (0,0) size 2x10
                  text run at (0,0) width 2: " "
            RenderTableCell {TD} at (632,260) size 8x10 [bgcolor=#026766] [r=26 c=81 rs=1 cs=1]
              RenderInline {FONT} at (0,0) size 2x10
                RenderText {#text} at (0,0) size 2x10
                  text run at (0,0) width 2: " "
            RenderTableCell {TD} at (640,260) size 8x10 [bgcolor=#026766] [r=26 c=82 rs=1 cs=1]
              RenderInline {FONT} at (0,0) size 2x10
                RenderText {#text} at (0,0) size 2x10
                  text run at (0,0) width 2: " "
            RenderTableCell {TD} at (648,260) size 8x10 [bgcolor=#026766] [r=26 c=83 rs=1 cs=1]
              RenderInline {FONT} at (0,0) size 2x10
                RenderText {#text} at (0,0) size 2x10
                  text run at (0,0) width 2: " "
            RenderTableCell {TD} at (656,260) size 8x10 [bgcolor=#026766] [r=26 c=84 rs=1 cs=1]
              RenderInline {FONT} at (0,0) size 2x10
                RenderText {#text} at (0,0) size 2x10
                  text run at (0,0) width 2: " "
            RenderTableCell {TD} at (664,260) size 8x10 [bgcolor=#026766] [r=26 c=85 rs=1 cs=1]
              RenderInline {FONT} at (0,0) size 2x10
                RenderText {#text} at (0,0) size 2x10
                  text run at (0,0) width 2: " "
            RenderTableCell {TD} at (672,260) size 8x10 [bgcolor=#026766] [r=26 c=86 rs=1 cs=1]
              RenderInline {FONT} at (0,0) size 2x10
                RenderText {#text} at (0,0) size 2x10
                  text run at (0,0) width 2: " "
            RenderTableCell {TD} at (680,260) size 8x10 [bgcolor=#026766] [r=26 c=87 rs=1 cs=1]
              RenderInline {FONT} at (0,0) size 2x10
                RenderText {#text} at (0,0) size 2x10
                  text run at (0,0) width 2: " "
            RenderTableCell {TD} at (688,260) size 8x10 [bgcolor=#026766] [r=26 c=88 rs=1 cs=1]
              RenderInline {FONT} at (0,0) size 2x10
                RenderText {#text} at (0,0) size 2x10
                  text run at (0,0) width 2: " "
            RenderTableCell {TD} at (696,260) size 8x10 [bgcolor=#025E5E] [r=26 c=89 rs=1 cs=1]
              RenderInline {FONT} at (0,0) size 2x10
                RenderText {#text} at (0,0) size 2x10
                  text run at (0,0) width 2: " "
            RenderTableCell {TD} at (704,260) size 8x10 [bgcolor=#025E5E] [r=26 c=90 rs=1 cs=1]
              RenderInline {FONT} at (0,0) size 2x10
                RenderText {#text} at (0,0) size 2x10
                  text run at (0,0) width 2: " "
            RenderTableCell {TD} at (712,260) size 8x10 [bgcolor=#044F4F] [r=26 c=91 rs=1 cs=1]
              RenderInline {FONT} at (0,0) size 2x10
                RenderText {#text} at (0,0) size 2x10
                  text run at (0,0) width 2: " "
            RenderTableCell {TD} at (720,260) size 8x10 [bgcolor=#044140] [r=26 c=92 rs=1 cs=1]
              RenderInline {FONT} at (0,0) size 2x10
                RenderText {#text} at (0,0) size 2x10
                  text run at (0,0) width 2: " "
            RenderTableCell {TD} at (728,260) size 8x10 [bgcolor=#083131] [r=26 c=93 rs=1 cs=1]
              RenderInline {FONT} at (0,0) size 2x10
                RenderText {#text} at (0,0) size 2x10
                  text run at (0,0) width 2: " "
            RenderTableCell {TD} at (736,260) size 8x10 [bgcolor=#777878] [r=26 c=94 rs=1 cs=1]
              RenderInline {FONT} at (0,0) size 2x10
                RenderText {#text} at (0,0) size 2x10
                  text run at (0,0) width 2: " "
            RenderTableCell {TD} at (744,260) size 8x10 [bgcolor=#B4B4B4] [r=26 c=95 rs=1 cs=1]
              RenderInline {FONT} at (0,0) size 2x10
                RenderText {#text} at (0,0) size 2x10
                  text run at (0,0) width 2: " "
            RenderTableCell {TD} at (752,260) size 8x10 [bgcolor=#DEDFDF] [r=26 c=96 rs=1 cs=1]
              RenderInline {FONT} at (0,0) size 2x10
                RenderText {#text} at (0,0) size 2x10
                  text run at (0,0) width 2: " "
            RenderTableCell {TD} at (760,260) size 8x10 [bgcolor=#FDFDFB] [r=26 c=97 rs=1 cs=1]
              RenderInline {FONT} at (0,0) size 2x10
                RenderText {#text} at (0,0) size 2x10
                  text run at (0,0) width 2: " "
            RenderTableCell {TD} at (768,260) size 8x10 [bgcolor=#FDFDFB] [r=26 c=98 rs=1 cs=1]
              RenderInline {FONT} at (0,0) size 2x10
                RenderText {#text} at (0,0) size 2x10
                  text run at (0,0) width 2: " "
            RenderTableCell {TD} at (776,260) size 8x10 [bgcolor=#FDFDFB] [r=26 c=99 rs=1 cs=1]
              RenderInline {FONT} at (0,0) size 2x10
                RenderText {#text} at (0,0) size 2x10
                  text run at (0,0) width 2: " "
          RenderTableRow {TR} at (0,270) size 784x10
            RenderTableCell {TD} at (0,270) size 7x10 [bgcolor=#FDFDFB] [r=27 c=0 rs=1 cs=1]
              RenderInline {FONT} at (0,0) size 2x10
                RenderText {#text} at (0,0) size 2x10
                  text run at (0,0) width 2: " "
            RenderTableCell {TD} at (7,270) size 7x10 [bgcolor=#FDFDFB] [r=27 c=1 rs=1 cs=1]
              RenderInline {FONT} at (0,0) size 2x10
                RenderText {#text} at (0,0) size 2x10
                  text run at (0,0) width 2: " "
            RenderTableCell {TD} at (14,270) size 7x10 [bgcolor=#FDFDFB] [r=27 c=2 rs=1 cs=1]
              RenderInline {FONT} at (0,0) size 2x10
                RenderText {#text} at (0,0) size 2x10
                  text run at (0,0) width 2: " "
            RenderTableCell {TD} at (21,270) size 7x10 [bgcolor=#FDFDFB] [r=27 c=3 rs=1 cs=1]
              RenderInline {FONT} at (0,0) size 2x10
                RenderText {#text} at (0,0) size 2x10
                  text run at (0,0) width 2: " "
            RenderTableCell {TD} at (28,270) size 7x10 [bgcolor=#FDFDFB] [r=27 c=4 rs=1 cs=1]
              RenderInline {FONT} at (0,0) size 2x10
                RenderText {#text} at (0,0) size 2x10
                  text run at (0,0) width 2: " "
            RenderTableCell {TD} at (35,270) size 7x10 [bgcolor=#FDFDFB] [r=27 c=5 rs=1 cs=1]
              RenderInline {FONT} at (0,0) size 2x10
                RenderText {#text} at (0,0) size 2x10
                  text run at (0,0) width 2: " "
            RenderTableCell {TD} at (42,270) size 7x10 [bgcolor=#FDFDFB] [r=27 c=6 rs=1 cs=1]
              RenderInline {FONT} at (0,0) size 2x10
                RenderText {#text} at (0,0) size 2x10
                  text run at (0,0) width 2: " "
            RenderTableCell {TD} at (49,270) size 7x10 [bgcolor=#FDFDFB] [r=27 c=7 rs=1 cs=1]
              RenderInline {FONT} at (0,0) size 2x10
                RenderText {#text} at (0,0) size 2x10
                  text run at (0,0) width 2: " "
            RenderTableCell {TD} at (56,270) size 7x10 [bgcolor=#FDFDFB] [r=27 c=8 rs=1 cs=1]
              RenderInline {FONT} at (0,0) size 2x10
                RenderText {#text} at (0,0) size 2x10
                  text run at (0,0) width 2: " "
            RenderTableCell {TD} at (63,270) size 7x10 [bgcolor=#FDFDFB] [r=27 c=9 rs=1 cs=1]
              RenderInline {FONT} at (0,0) size 2x10
                RenderText {#text} at (0,0) size 2x10
                  text run at (0,0) width 2: " "
            RenderTableCell {TD} at (70,270) size 7x10 [bgcolor=#FDFDFB] [r=27 c=10 rs=1 cs=1]
              RenderInline {FONT} at (0,0) size 2x10
                RenderText {#text} at (0,0) size 2x10
                  text run at (0,0) width 2: " "
            RenderTableCell {TD} at (77,270) size 7x10 [bgcolor=#FDFDFB] [r=27 c=11 rs=1 cs=1]
              RenderInline {FONT} at (0,0) size 2x10
                RenderText {#text} at (0,0) size 2x10
                  text run at (0,0) width 2: " "
            RenderTableCell {TD} at (84,270) size 7x10 [bgcolor=#FDFDFB] [r=27 c=12 rs=1 cs=1]
              RenderInline {FONT} at (0,0) size 2x10
                RenderText {#text} at (0,0) size 2x10
                  text run at (0,0) width 2: " "
            RenderTableCell {TD} at (91,270) size 7x10 [bgcolor=#EDEEEF] [r=27 c=13 rs=1 cs=1]
              RenderInline {FONT} at (0,0) size 2x10
                RenderText {#text} at (0,0) size 2x10
                  text run at (0,0) width 2: " "
            RenderTableCell {TD} at (98,270) size 7x10 [bgcolor=#EDEEEF] [r=27 c=14 rs=1 cs=1]
              RenderInline {FONT} at (0,0) size 2x10
                RenderText {#text} at (0,0) size 2x10
                  text run at (0,0) width 2: " "
            RenderTableCell {TD} at (105,270) size 7x10 [bgcolor=#EDEEEF] [r=27 c=15 rs=1 cs=1]
              RenderInline {FONT} at (0,0) size 2x10
                RenderText {#text} at (0,0) size 2x10
                  text run at (0,0) width 2: " "
            RenderTableCell {TD} at (112,270) size 8x10 [bgcolor=#EDEEEF] [r=27 c=16 rs=1 cs=1]
              RenderInline {FONT} at (0,0) size 2x10
                RenderText {#text} at (0,0) size 2x10
                  text run at (0,0) width 2: " "
            RenderTableCell {TD} at (120,270) size 8x10 [bgcolor=#EDEEEF] [r=27 c=17 rs=1 cs=1]
              RenderInline {FONT} at (0,0) size 2x10
                RenderText {#text} at (0,0) size 2x10
                  text run at (0,0) width 2: " "
            RenderTableCell {TD} at (128,270) size 8x10 [bgcolor=#EDEEEF] [r=27 c=18 rs=1 cs=1]
              RenderInline {FONT} at (0,0) size 2x10
                RenderText {#text} at (0,0) size 2x10
                  text run at (0,0) width 2: " "
            RenderTableCell {TD} at (136,270) size 8x10 [bgcolor=#EDEEEF] [r=27 c=19 rs=1 cs=1]
              RenderInline {FONT} at (0,0) size 2x10
                RenderText {#text} at (0,0) size 2x10
                  text run at (0,0) width 2: " "
            RenderTableCell {TD} at (144,270) size 8x10 [bgcolor=#EDEEEF] [r=27 c=20 rs=1 cs=1]
              RenderInline {FONT} at (0,0) size 2x10
                RenderText {#text} at (0,0) size 2x10
                  text run at (0,0) width 2: " "
            RenderTableCell {TD} at (152,270) size 8x10 [bgcolor=#EDEEEF] [r=27 c=21 rs=1 cs=1]
              RenderInline {FONT} at (0,0) size 2x10
                RenderText {#text} at (0,0) size 2x10
                  text run at (0,0) width 2: " "
            RenderTableCell {TD} at (160,270) size 8x10 [bgcolor=#EDEEEF] [r=27 c=22 rs=1 cs=1]
              RenderInline {FONT} at (0,0) size 2x10
                RenderText {#text} at (0,0) size 2x10
                  text run at (0,0) width 2: " "
            RenderTableCell {TD} at (168,270) size 8x10 [bgcolor=#FDFDFB] [r=27 c=23 rs=1 cs=1]
              RenderInline {FONT} at (0,0) size 2x10
                RenderText {#text} at (0,0) size 2x10
                  text run at (0,0) width 2: " "
            RenderTableCell {TD} at (176,270) size 8x10 [bgcolor=#FDFDFB] [r=27 c=24 rs=1 cs=1]
              RenderInline {FONT} at (0,0) size 2x10
                RenderText {#text} at (0,0) size 2x10
                  text run at (0,0) width 2: " "
            RenderTableCell {TD} at (184,270) size 8x10 [bgcolor=#FDFDFB] [r=27 c=25 rs=1 cs=1]
              RenderInline {FONT} at (0,0) size 2x10
                RenderText {#text} at (0,0) size 2x10
                  text run at (0,0) width 2: " "
            RenderTableCell {TD} at (192,270) size 8x10 [bgcolor=#FDFDFB] [r=27 c=26 rs=1 cs=1]
              RenderInline {FONT} at (0,0) size 2x10
                RenderText {#text} at (0,0) size 2x10
                  text run at (0,0) width 2: " "
            RenderTableCell {TD} at (200,270) size 8x10 [bgcolor=#FDFDFB] [r=27 c=27 rs=1 cs=1]
              RenderInline {FONT} at (0,0) size 2x10
                RenderText {#text} at (0,0) size 2x10
                  text run at (0,0) width 2: " "
            RenderTableCell {TD} at (208,270) size 8x10 [bgcolor=#FDFDFB] [r=27 c=28 rs=1 cs=1]
              RenderInline {FONT} at (0,0) size 2x10
                RenderText {#text} at (0,0) size 2x10
                  text run at (0,0) width 2: " "
            RenderTableCell {TD} at (216,270) size 8x10 [bgcolor=#FDFDFB] [r=27 c=29 rs=1 cs=1]
              RenderInline {FONT} at (0,0) size 2x10
                RenderText {#text} at (0,0) size 2x10
                  text run at (0,0) width 2: " "
            RenderTableCell {TD} at (224,270) size 8x10 [bgcolor=#FDFDFB] [r=27 c=30 rs=1 cs=1]
              RenderInline {FONT} at (0,0) size 2x10
                RenderText {#text} at (0,0) size 2x10
                  text run at (0,0) width 2: " "
            RenderTableCell {TD} at (232,270) size 8x10 [bgcolor=#FDFDFB] [r=27 c=31 rs=1 cs=1]
              RenderInline {FONT} at (0,0) size 2x10
                RenderText {#text} at (0,0) size 2x10
                  text run at (0,0) width 2: " "
            RenderTableCell {TD} at (240,270) size 8x10 [bgcolor=#FDFDFB] [r=27 c=32 rs=1 cs=1]
              RenderInline {FONT} at (0,0) size 2x10
                RenderText {#text} at (0,0) size 2x10
                  text run at (0,0) width 2: " "
            RenderTableCell {TD} at (248,270) size 8x10 [bgcolor=#FDFDFB] [r=27 c=33 rs=1 cs=1]
              RenderInline {FONT} at (0,0) size 2x10
                RenderText {#text} at (0,0) size 2x10
                  text run at (0,0) width 2: " "
            RenderTableCell {TD} at (256,270) size 8x10 [bgcolor=#FDFDFB] [r=27 c=34 rs=1 cs=1]
              RenderInline {FONT} at (0,0) size 2x10
                RenderText {#text} at (0,0) size 2x10
                  text run at (0,0) width 2: " "
            RenderTableCell {TD} at (264,270) size 8x10 [bgcolor=#FDFDFB] [r=27 c=35 rs=1 cs=1]
              RenderInline {FONT} at (0,0) size 2x10
                RenderText {#text} at (0,0) size 2x10
                  text run at (0,0) width 2: " "
            RenderTableCell {TD} at (272,270) size 8x10 [bgcolor=#FDFDFB] [r=27 c=36 rs=1 cs=1]
              RenderInline {FONT} at (0,0) size 2x10
                RenderText {#text} at (0,0) size 2x10
                  text run at (0,0) width 2: " "
            RenderTableCell {TD} at (280,270) size 8x10 [bgcolor=#FDFDFB] [r=27 c=37 rs=1 cs=1]
              RenderInline {FONT} at (0,0) size 2x10
                RenderText {#text} at (0,0) size 2x10
                  text run at (0,0) width 2: " "
            RenderTableCell {TD} at (288,270) size 8x10 [bgcolor=#FDFDFB] [r=27 c=38 rs=1 cs=1]
              RenderInline {FONT} at (0,0) size 2x10
                RenderText {#text} at (0,0) size 2x10
                  text run at (0,0) width 2: " "
            RenderTableCell {TD} at (296,270) size 8x10 [bgcolor=#FDFDFB] [r=27 c=39 rs=1 cs=1]
              RenderInline {FONT} at (0,0) size 2x10
                RenderText {#text} at (0,0) size 2x10
                  text run at (0,0) width 2: " "
            RenderTableCell {TD} at (304,270) size 8x10 [bgcolor=#FDFDFB] [r=27 c=40 rs=1 cs=1]
              RenderInline {FONT} at (0,0) size 2x10
                RenderText {#text} at (0,0) size 2x10
                  text run at (0,0) width 2: " "
            RenderTableCell {TD} at (312,270) size 8x10 [bgcolor=#FDFDFB] [r=27 c=41 rs=1 cs=1]
              RenderInline {FONT} at (0,0) size 2x10
                RenderText {#text} at (0,0) size 2x10
                  text run at (0,0) width 2: " "
            RenderTableCell {TD} at (320,270) size 8x10 [bgcolor=#FDFDFB] [r=27 c=42 rs=1 cs=1]
              RenderInline {FONT} at (0,0) size 2x10
                RenderText {#text} at (0,0) size 2x10
                  text run at (0,0) width 2: " "
            RenderTableCell {TD} at (328,270) size 8x10 [bgcolor=#FDFDFB] [r=27 c=43 rs=1 cs=1]
              RenderInline {FONT} at (0,0) size 2x10
                RenderText {#text} at (0,0) size 2x10
                  text run at (0,0) width 2: " "
            RenderTableCell {TD} at (336,270) size 8x10 [bgcolor=#FDFDFB] [r=27 c=44 rs=1 cs=1]
              RenderInline {FONT} at (0,0) size 2x10
                RenderText {#text} at (0,0) size 2x10
                  text run at (0,0) width 2: " "
            RenderTableCell {TD} at (344,270) size 8x10 [bgcolor=#FDFDFB] [r=27 c=45 rs=1 cs=1]
              RenderInline {FONT} at (0,0) size 2x10
                RenderText {#text} at (0,0) size 2x10
                  text run at (0,0) width 2: " "
            RenderTableCell {TD} at (352,270) size 8x10 [bgcolor=#FDFDFB] [r=27 c=46 rs=1 cs=1]
              RenderInline {FONT} at (0,0) size 2x10
                RenderText {#text} at (0,0) size 2x10
                  text run at (0,0) width 2: " "
            RenderTableCell {TD} at (360,270) size 8x10 [bgcolor=#FDFDFB] [r=27 c=47 rs=1 cs=1]
              RenderInline {FONT} at (0,0) size 2x10
                RenderText {#text} at (0,0) size 2x10
                  text run at (0,0) width 2: " "
            RenderTableCell {TD} at (368,270) size 8x10 [bgcolor=#FDFDFB] [r=27 c=48 rs=1 cs=1]
              RenderInline {FONT} at (0,0) size 2x10
                RenderText {#text} at (0,0) size 2x10
                  text run at (0,0) width 2: " "
            RenderTableCell {TD} at (376,270) size 8x10 [bgcolor=#FDFDFB] [r=27 c=49 rs=1 cs=1]
              RenderInline {FONT} at (0,0) size 2x10
                RenderText {#text} at (0,0) size 2x10
                  text run at (0,0) width 2: " "
            RenderTableCell {TD} at (384,270) size 8x10 [bgcolor=#FDFDFB] [r=27 c=50 rs=1 cs=1]
              RenderInline {FONT} at (0,0) size 2x10
                RenderText {#text} at (0,0) size 2x10
                  text run at (0,0) width 2: " "
            RenderTableCell {TD} at (392,270) size 8x10 [bgcolor=#FDFDFB] [r=27 c=51 rs=1 cs=1]
              RenderInline {FONT} at (0,0) size 2x10
                RenderText {#text} at (0,0) size 2x10
                  text run at (0,0) width 2: " "
            RenderTableCell {TD} at (400,270) size 8x10 [bgcolor=#FDFDFB] [r=27 c=52 rs=1 cs=1]
              RenderInline {FONT} at (0,0) size 2x10
                RenderText {#text} at (0,0) size 2x10
                  text run at (0,0) width 2: " "
            RenderTableCell {TD} at (408,270) size 8x10 [bgcolor=#FDFDFB] [r=27 c=53 rs=1 cs=1]
              RenderInline {FONT} at (0,0) size 2x10
                RenderText {#text} at (0,0) size 2x10
                  text run at (0,0) width 2: " "
            RenderTableCell {TD} at (416,270) size 8x10 [bgcolor=#FDFDFB] [r=27 c=54 rs=1 cs=1]
              RenderInline {FONT} at (0,0) size 2x10
                RenderText {#text} at (0,0) size 2x10
                  text run at (0,0) width 2: " "
            RenderTableCell {TD} at (424,270) size 8x10 [bgcolor=#FDFDFB] [r=27 c=55 rs=1 cs=1]
              RenderInline {FONT} at (0,0) size 2x10
                RenderText {#text} at (0,0) size 2x10
                  text run at (0,0) width 2: " "
            RenderTableCell {TD} at (432,270) size 8x10 [bgcolor=#FDFDFB] [r=27 c=56 rs=1 cs=1]
              RenderInline {FONT} at (0,0) size 2x10
                RenderText {#text} at (0,0) size 2x10
                  text run at (0,0) width 2: " "
            RenderTableCell {TD} at (440,270) size 8x10 [bgcolor=#FDFDFB] [r=27 c=57 rs=1 cs=1]
              RenderInline {FONT} at (0,0) size 2x10
                RenderText {#text} at (0,0) size 2x10
                  text run at (0,0) width 2: " "
            RenderTableCell {TD} at (448,270) size 8x10 [bgcolor=#FDFDFB] [r=27 c=58 rs=1 cs=1]
              RenderInline {FONT} at (0,0) size 2x10
                RenderText {#text} at (0,0) size 2x10
                  text run at (0,0) width 2: " "
            RenderTableCell {TD} at (456,270) size 8x10 [bgcolor=#FDFDFB] [r=27 c=59 rs=1 cs=1]
              RenderInline {FONT} at (0,0) size 2x10
                RenderText {#text} at (0,0) size 2x10
                  text run at (0,0) width 2: " "
            RenderTableCell {TD} at (464,270) size 8x10 [bgcolor=#FDFDFB] [r=27 c=60 rs=1 cs=1]
              RenderInline {FONT} at (0,0) size 2x10
                RenderText {#text} at (0,0) size 2x10
                  text run at (0,0) width 2: " "
            RenderTableCell {TD} at (472,270) size 8x10 [bgcolor=#FDFDFB] [r=27 c=61 rs=1 cs=1]
              RenderInline {FONT} at (0,0) size 2x10
                RenderText {#text} at (0,0) size 2x10
                  text run at (0,0) width 2: " "
            RenderTableCell {TD} at (480,270) size 8x10 [bgcolor=#FDFDFB] [r=27 c=62 rs=1 cs=1]
              RenderInline {FONT} at (0,0) size 2x10
                RenderText {#text} at (0,0) size 2x10
                  text run at (0,0) width 2: " "
            RenderTableCell {TD} at (488,270) size 8x10 [bgcolor=#FDFDFB] [r=27 c=63 rs=1 cs=1]
              RenderInline {FONT} at (0,0) size 2x10
                RenderText {#text} at (0,0) size 2x10
                  text run at (0,0) width 2: " "
            RenderTableCell {TD} at (496,270) size 8x10 [bgcolor=#FDFDFB] [r=27 c=64 rs=1 cs=1]
              RenderInline {FONT} at (0,0) size 2x10
                RenderText {#text} at (0,0) size 2x10
                  text run at (0,0) width 2: " "
            RenderTableCell {TD} at (504,270) size 8x10 [bgcolor=#B6D8D7] [r=27 c=65 rs=1 cs=1]
              RenderInline {FONT} at (0,0) size 2x10
                RenderText {#text} at (0,0) size 2x10
                  text run at (0,0) width 2: " "
            RenderTableCell {TD} at (512,270) size 8x10 [bgcolor=#5CADAE] [r=27 c=66 rs=1 cs=1]
              RenderInline {FONT} at (0,0) size 2x10
                RenderText {#text} at (0,0) size 2x10
                  text run at (0,0) width 2: " "
            RenderTableCell {TD} at (520,270) size 8x10 [bgcolor=#7DBAB9] [r=27 c=67 rs=1 cs=1]
              RenderInline {FONT} at (0,0) size 2x10
                RenderText {#text} at (0,0) size 2x10
                  text run at (0,0) width 2: " "
            RenderTableCell {TD} at (528,270) size 8x10 [bgcolor=#97C1C0] [r=27 c=68 rs=1 cs=1]
              RenderInline {FONT} at (0,0) size 2x10
                RenderText {#text} at (0,0) size 2x10
                  text run at (0,0) width 2: " "
            RenderTableCell {TD} at (536,270) size 8x10 [bgcolor=#A4CCCC] [r=27 c=69 rs=1 cs=1]
              RenderInline {FONT} at (0,0) size 2x10
                RenderText {#text} at (0,0) size 2x10
                  text run at (0,0) width 2: " "
            RenderTableCell {TD} at (544,270) size 8x10 [bgcolor=#B6D0D1] [r=27 c=70 rs=1 cs=1]
              RenderInline {FONT} at (0,0) size 2x10
                RenderText {#text} at (0,0) size 2x10
                  text run at (0,0) width 2: " "
            RenderTableCell {TD} at (552,270) size 8x10 [bgcolor=#B6D0D1] [r=27 c=71 rs=1 cs=1]
              RenderInline {FONT} at (0,0) size 2x10
                RenderText {#text} at (0,0) size 2x10
                  text run at (0,0) width 2: " "
            RenderTableCell {TD} at (560,270) size 8x10 [bgcolor=#B6D0D1] [r=27 c=72 rs=1 cs=1]
              RenderInline {FONT} at (0,0) size 2x10
                RenderText {#text} at (0,0) size 2x10
                  text run at (0,0) width 2: " "
            RenderTableCell {TD} at (568,270) size 8x10 [bgcolor=#B6D0D1] [r=27 c=73 rs=1 cs=1]
              RenderInline {FONT} at (0,0) size 2x10
                RenderText {#text} at (0,0) size 2x10
                  text run at (0,0) width 2: " "
            RenderTableCell {TD} at (576,270) size 8x10 [bgcolor=#BEC2C2] [r=27 c=74 rs=1 cs=1]
              RenderInline {FONT} at (0,0) size 2x10
                RenderText {#text} at (0,0) size 2x10
                  text run at (0,0) width 2: " "
            RenderTableCell {TD} at (584,270) size 8x10 [bgcolor=#A2B5B4] [r=27 c=75 rs=1 cs=1]
              RenderInline {FONT} at (0,0) size 2x10
                RenderText {#text} at (0,0) size 2x10
                  text run at (0,0) width 2: " "
            RenderTableCell {TD} at (592,270) size 8x10 [bgcolor=#60A2A3] [r=27 c=76 rs=1 cs=1]
              RenderInline {FONT} at (0,0) size 2x10
                RenderText {#text} at (0,0) size 2x10
                  text run at (0,0) width 2: " "
            RenderTableCell {TD} at (600,270) size 8x10 [bgcolor=#1B8685] [r=27 c=77 rs=1 cs=1]
              RenderInline {FONT} at (0,0) size 2x10
                RenderText {#text} at (0,0) size 2x10
                  text run at (0,0) width 2: " "
            RenderTableCell {TD} at (608,270) size 8x10 [bgcolor=#027777] [r=27 c=78 rs=1 cs=1]
              RenderInline {FONT} at (0,0) size 2x10
                RenderText {#text} at (0,0) size 2x10
                  text run at (0,0) width 2: " "
            RenderTableCell {TD} at (616,270) size 8x10 [bgcolor=#026766] [r=27 c=79 rs=1 cs=1]
              RenderInline {FONT} at (0,0) size 2x10
                RenderText {#text} at (0,0) size 2x10
                  text run at (0,0) width 2: " "
            RenderTableCell {TD} at (624,270) size 8x10 [bgcolor=#026766] [r=27 c=80 rs=1 cs=1]
              RenderInline {FONT} at (0,0) size 2x10
                RenderText {#text} at (0,0) size 2x10
                  text run at (0,0) width 2: " "
            RenderTableCell {TD} at (632,270) size 8x10 [bgcolor=#026766] [r=27 c=81 rs=1 cs=1]
              RenderInline {FONT} at (0,0) size 2x10
                RenderText {#text} at (0,0) size 2x10
                  text run at (0,0) width 2: " "
            RenderTableCell {TD} at (640,270) size 8x10 [bgcolor=#026766] [r=27 c=82 rs=1 cs=1]
              RenderInline {FONT} at (0,0) size 2x10
                RenderText {#text} at (0,0) size 2x10
                  text run at (0,0) width 2: " "
            RenderTableCell {TD} at (648,270) size 8x10 [bgcolor=#026766] [r=27 c=83 rs=1 cs=1]
              RenderInline {FONT} at (0,0) size 2x10
                RenderText {#text} at (0,0) size 2x10
                  text run at (0,0) width 2: " "
            RenderTableCell {TD} at (656,270) size 8x10 [bgcolor=#026766] [r=27 c=84 rs=1 cs=1]
              RenderInline {FONT} at (0,0) size 2x10
                RenderText {#text} at (0,0) size 2x10
                  text run at (0,0) width 2: " "
            RenderTableCell {TD} at (664,270) size 8x10 [bgcolor=#026766] [r=27 c=85 rs=1 cs=1]
              RenderInline {FONT} at (0,0) size 2x10
                RenderText {#text} at (0,0) size 2x10
                  text run at (0,0) width 2: " "
            RenderTableCell {TD} at (672,270) size 8x10 [bgcolor=#025E5E] [r=27 c=86 rs=1 cs=1]
              RenderInline {FONT} at (0,0) size 2x10
                RenderText {#text} at (0,0) size 2x10
                  text run at (0,0) width 2: " "
            RenderTableCell {TD} at (680,270) size 8x10 [bgcolor=#025E5E] [r=27 c=87 rs=1 cs=1]
              RenderInline {FONT} at (0,0) size 2x10
                RenderText {#text} at (0,0) size 2x10
                  text run at (0,0) width 2: " "
            RenderTableCell {TD} at (688,270) size 8x10 [bgcolor=#025E5E] [r=27 c=88 rs=1 cs=1]
              RenderInline {FONT} at (0,0) size 2x10
                RenderText {#text} at (0,0) size 2x10
                  text run at (0,0) width 2: " "
            RenderTableCell {TD} at (696,270) size 8x10 [bgcolor=#025E5E] [r=27 c=89 rs=1 cs=1]
              RenderInline {FONT} at (0,0) size 2x10
                RenderText {#text} at (0,0) size 2x10
                  text run at (0,0) width 2: " "
            RenderTableCell {TD} at (704,270) size 8x10 [bgcolor=#044F4F] [r=27 c=90 rs=1 cs=1]
              RenderInline {FONT} at (0,0) size 2x10
                RenderText {#text} at (0,0) size 2x10
                  text run at (0,0) width 2: " "
            RenderTableCell {TD} at (712,270) size 8x10 [bgcolor=#044140] [r=27 c=91 rs=1 cs=1]
              RenderInline {FONT} at (0,0) size 2x10
                RenderText {#text} at (0,0) size 2x10
                  text run at (0,0) width 2: " "
            RenderTableCell {TD} at (720,270) size 8x10 [bgcolor=#072323] [r=27 c=92 rs=1 cs=1]
              RenderInline {FONT} at (0,0) size 2x10
                RenderText {#text} at (0,0) size 2x10
                  text run at (0,0) width 2: " "
            RenderTableCell {TD} at (728,270) size 8x10 [bgcolor=#4D4F4F] [r=27 c=93 rs=1 cs=1]
              RenderInline {FONT} at (0,0) size 2x10
                RenderText {#text} at (0,0) size 2x10
                  text run at (0,0) width 2: " "
            RenderTableCell {TD} at (736,270) size 8x10 [bgcolor=#848788] [r=27 c=94 rs=1 cs=1]
              RenderInline {FONT} at (0,0) size 2x10
                RenderText {#text} at (0,0) size 2x10
                  text run at (0,0) width 2: " "
            RenderTableCell {TD} at (744,270) size 8x10 [bgcolor=#BEC2C2] [r=27 c=95 rs=1 cs=1]
              RenderInline {FONT} at (0,0) size 2x10
                RenderText {#text} at (0,0) size 2x10
                  text run at (0,0) width 2: " "
            RenderTableCell {TD} at (752,270) size 8x10 [bgcolor=#EDEEEF] [r=27 c=96 rs=1 cs=1]
              RenderInline {FONT} at (0,0) size 2x10
                RenderText {#text} at (0,0) size 2x10
                  text run at (0,0) width 2: " "
            RenderTableCell {TD} at (760,270) size 8x10 [bgcolor=#FDFDFB] [r=27 c=97 rs=1 cs=1]
              RenderInline {FONT} at (0,0) size 2x10
                RenderText {#text} at (0,0) size 2x10
                  text run at (0,0) width 2: " "
            RenderTableCell {TD} at (768,270) size 8x10 [bgcolor=#FDFDFB] [r=27 c=98 rs=1 cs=1]
              RenderInline {FONT} at (0,0) size 2x10
                RenderText {#text} at (0,0) size 2x10
                  text run at (0,0) width 2: " "
            RenderTableCell {TD} at (776,270) size 8x10 [bgcolor=#FDFDFB] [r=27 c=99 rs=1 cs=1]
              RenderInline {FONT} at (0,0) size 2x10
                RenderText {#text} at (0,0) size 2x10
                  text run at (0,0) width 2: " "
          RenderTableRow {TR} at (0,280) size 784x10
            RenderTableCell {TD} at (0,280) size 7x10 [bgcolor=#FDFDFB] [r=28 c=0 rs=1 cs=1]
              RenderInline {FONT} at (0,0) size 2x10
                RenderText {#text} at (0,0) size 2x10
                  text run at (0,0) width 2: " "
            RenderTableCell {TD} at (7,280) size 7x10 [bgcolor=#FDFDFB] [r=28 c=1 rs=1 cs=1]
              RenderInline {FONT} at (0,0) size 2x10
                RenderText {#text} at (0,0) size 2x10
                  text run at (0,0) width 2: " "
            RenderTableCell {TD} at (14,280) size 7x10 [bgcolor=#FDFDFB] [r=28 c=2 rs=1 cs=1]
              RenderInline {FONT} at (0,0) size 2x10
                RenderText {#text} at (0,0) size 2x10
                  text run at (0,0) width 2: " "
            RenderTableCell {TD} at (21,280) size 7x10 [bgcolor=#FDFDFB] [r=28 c=3 rs=1 cs=1]
              RenderInline {FONT} at (0,0) size 2x10
                RenderText {#text} at (0,0) size 2x10
                  text run at (0,0) width 2: " "
            RenderTableCell {TD} at (28,280) size 7x10 [bgcolor=#FDFDFB] [r=28 c=4 rs=1 cs=1]
              RenderInline {FONT} at (0,0) size 2x10
                RenderText {#text} at (0,0) size 2x10
                  text run at (0,0) width 2: " "
            RenderTableCell {TD} at (35,280) size 7x10 [bgcolor=#FDFDFB] [r=28 c=5 rs=1 cs=1]
              RenderInline {FONT} at (0,0) size 2x10
                RenderText {#text} at (0,0) size 2x10
                  text run at (0,0) width 2: " "
            RenderTableCell {TD} at (42,280) size 7x10 [bgcolor=#FDFDFB] [r=28 c=6 rs=1 cs=1]
              RenderInline {FONT} at (0,0) size 2x10
                RenderText {#text} at (0,0) size 2x10
                  text run at (0,0) width 2: " "
            RenderTableCell {TD} at (49,280) size 7x10 [bgcolor=#FDFDFB] [r=28 c=7 rs=1 cs=1]
              RenderInline {FONT} at (0,0) size 2x10
                RenderText {#text} at (0,0) size 2x10
                  text run at (0,0) width 2: " "
            RenderTableCell {TD} at (56,280) size 7x10 [bgcolor=#FDFDFB] [r=28 c=8 rs=1 cs=1]
              RenderInline {FONT} at (0,0) size 2x10
                RenderText {#text} at (0,0) size 2x10
                  text run at (0,0) width 2: " "
            RenderTableCell {TD} at (63,280) size 7x10 [bgcolor=#FDFDFB] [r=28 c=9 rs=1 cs=1]
              RenderInline {FONT} at (0,0) size 2x10
                RenderText {#text} at (0,0) size 2x10
                  text run at (0,0) width 2: " "
            RenderTableCell {TD} at (70,280) size 7x10 [bgcolor=#FDFDFB] [r=28 c=10 rs=1 cs=1]
              RenderInline {FONT} at (0,0) size 2x10
                RenderText {#text} at (0,0) size 2x10
                  text run at (0,0) width 2: " "
            RenderTableCell {TD} at (77,280) size 7x10 [bgcolor=#FDFDFB] [r=28 c=11 rs=1 cs=1]
              RenderInline {FONT} at (0,0) size 2x10
                RenderText {#text} at (0,0) size 2x10
                  text run at (0,0) width 2: " "
            RenderTableCell {TD} at (84,280) size 7x10 [bgcolor=#FDFDFB] [r=28 c=12 rs=1 cs=1]
              RenderInline {FONT} at (0,0) size 2x10
                RenderText {#text} at (0,0) size 2x10
                  text run at (0,0) width 2: " "
            RenderTableCell {TD} at (91,280) size 7x10 [bgcolor=#FDFDFB] [r=28 c=13 rs=1 cs=1]
              RenderInline {FONT} at (0,0) size 2x10
                RenderText {#text} at (0,0) size 2x10
                  text run at (0,0) width 2: " "
            RenderTableCell {TD} at (98,280) size 7x10 [bgcolor=#FDFDFB] [r=28 c=14 rs=1 cs=1]
              RenderInline {FONT} at (0,0) size 2x10
                RenderText {#text} at (0,0) size 2x10
                  text run at (0,0) width 2: " "
            RenderTableCell {TD} at (105,280) size 7x10 [bgcolor=#FDFDFB] [r=28 c=15 rs=1 cs=1]
              RenderInline {FONT} at (0,0) size 2x10
                RenderText {#text} at (0,0) size 2x10
                  text run at (0,0) width 2: " "
            RenderTableCell {TD} at (112,280) size 8x10 [bgcolor=#FDFDFB] [r=28 c=16 rs=1 cs=1]
              RenderInline {FONT} at (0,0) size 2x10
                RenderText {#text} at (0,0) size 2x10
                  text run at (0,0) width 2: " "
            RenderTableCell {TD} at (120,280) size 8x10 [bgcolor=#FDFDFB] [r=28 c=17 rs=1 cs=1]
              RenderInline {FONT} at (0,0) size 2x10
                RenderText {#text} at (0,0) size 2x10
                  text run at (0,0) width 2: " "
            RenderTableCell {TD} at (128,280) size 8x10 [bgcolor=#FDFDFB] [r=28 c=18 rs=1 cs=1]
              RenderInline {FONT} at (0,0) size 2x10
                RenderText {#text} at (0,0) size 2x10
                  text run at (0,0) width 2: " "
            RenderTableCell {TD} at (136,280) size 8x10 [bgcolor=#FDFDFB] [r=28 c=19 rs=1 cs=1]
              RenderInline {FONT} at (0,0) size 2x10
                RenderText {#text} at (0,0) size 2x10
                  text run at (0,0) width 2: " "
            RenderTableCell {TD} at (144,280) size 8x10 [bgcolor=#FDFDFB] [r=28 c=20 rs=1 cs=1]
              RenderInline {FONT} at (0,0) size 2x10
                RenderText {#text} at (0,0) size 2x10
                  text run at (0,0) width 2: " "
            RenderTableCell {TD} at (152,280) size 8x10 [bgcolor=#FDFDFB] [r=28 c=21 rs=1 cs=1]
              RenderInline {FONT} at (0,0) size 2x10
                RenderText {#text} at (0,0) size 2x10
                  text run at (0,0) width 2: " "
            RenderTableCell {TD} at (160,280) size 8x10 [bgcolor=#FDFDFB] [r=28 c=22 rs=1 cs=1]
              RenderInline {FONT} at (0,0) size 2x10
                RenderText {#text} at (0,0) size 2x10
                  text run at (0,0) width 2: " "
            RenderTableCell {TD} at (168,280) size 8x10 [bgcolor=#FDFDFB] [r=28 c=23 rs=1 cs=1]
              RenderInline {FONT} at (0,0) size 2x10
                RenderText {#text} at (0,0) size 2x10
                  text run at (0,0) width 2: " "
            RenderTableCell {TD} at (176,280) size 8x10 [bgcolor=#FDFDFB] [r=28 c=24 rs=1 cs=1]
              RenderInline {FONT} at (0,0) size 2x10
                RenderText {#text} at (0,0) size 2x10
                  text run at (0,0) width 2: " "
            RenderTableCell {TD} at (184,280) size 8x10 [bgcolor=#FDFDFB] [r=28 c=25 rs=1 cs=1]
              RenderInline {FONT} at (0,0) size 2x10
                RenderText {#text} at (0,0) size 2x10
                  text run at (0,0) width 2: " "
            RenderTableCell {TD} at (192,280) size 8x10 [bgcolor=#FDFDFB] [r=28 c=26 rs=1 cs=1]
              RenderInline {FONT} at (0,0) size 2x10
                RenderText {#text} at (0,0) size 2x10
                  text run at (0,0) width 2: " "
            RenderTableCell {TD} at (200,280) size 8x10 [bgcolor=#FDFDFB] [r=28 c=27 rs=1 cs=1]
              RenderInline {FONT} at (0,0) size 2x10
                RenderText {#text} at (0,0) size 2x10
                  text run at (0,0) width 2: " "
            RenderTableCell {TD} at (208,280) size 8x10 [bgcolor=#FDFDFB] [r=28 c=28 rs=1 cs=1]
              RenderInline {FONT} at (0,0) size 2x10
                RenderText {#text} at (0,0) size 2x10
                  text run at (0,0) width 2: " "
            RenderTableCell {TD} at (216,280) size 8x10 [bgcolor=#FDFDFB] [r=28 c=29 rs=1 cs=1]
              RenderInline {FONT} at (0,0) size 2x10
                RenderText {#text} at (0,0) size 2x10
                  text run at (0,0) width 2: " "
            RenderTableCell {TD} at (224,280) size 8x10 [bgcolor=#FDFDFB] [r=28 c=30 rs=1 cs=1]
              RenderInline {FONT} at (0,0) size 2x10
                RenderText {#text} at (0,0) size 2x10
                  text run at (0,0) width 2: " "
            RenderTableCell {TD} at (232,280) size 8x10 [bgcolor=#FDFDFB] [r=28 c=31 rs=1 cs=1]
              RenderInline {FONT} at (0,0) size 2x10
                RenderText {#text} at (0,0) size 2x10
                  text run at (0,0) width 2: " "
            RenderTableCell {TD} at (240,280) size 8x10 [bgcolor=#FDFDFB] [r=28 c=32 rs=1 cs=1]
              RenderInline {FONT} at (0,0) size 2x10
                RenderText {#text} at (0,0) size 2x10
                  text run at (0,0) width 2: " "
            RenderTableCell {TD} at (248,280) size 8x10 [bgcolor=#FDFDFB] [r=28 c=33 rs=1 cs=1]
              RenderInline {FONT} at (0,0) size 2x10
                RenderText {#text} at (0,0) size 2x10
                  text run at (0,0) width 2: " "
            RenderTableCell {TD} at (256,280) size 8x10 [bgcolor=#FDFDFB] [r=28 c=34 rs=1 cs=1]
              RenderInline {FONT} at (0,0) size 2x10
                RenderText {#text} at (0,0) size 2x10
                  text run at (0,0) width 2: " "
            RenderTableCell {TD} at (264,280) size 8x10 [bgcolor=#FDFDFB] [r=28 c=35 rs=1 cs=1]
              RenderInline {FONT} at (0,0) size 2x10
                RenderText {#text} at (0,0) size 2x10
                  text run at (0,0) width 2: " "
            RenderTableCell {TD} at (272,280) size 8x10 [bgcolor=#FDFDFB] [r=28 c=36 rs=1 cs=1]
              RenderInline {FONT} at (0,0) size 2x10
                RenderText {#text} at (0,0) size 2x10
                  text run at (0,0) width 2: " "
            RenderTableCell {TD} at (280,280) size 8x10 [bgcolor=#FDFDFB] [r=28 c=37 rs=1 cs=1]
              RenderInline {FONT} at (0,0) size 2x10
                RenderText {#text} at (0,0) size 2x10
                  text run at (0,0) width 2: " "
            RenderTableCell {TD} at (288,280) size 8x10 [bgcolor=#FDFDFB] [r=28 c=38 rs=1 cs=1]
              RenderInline {FONT} at (0,0) size 2x10
                RenderText {#text} at (0,0) size 2x10
                  text run at (0,0) width 2: " "
            RenderTableCell {TD} at (296,280) size 8x10 [bgcolor=#FDFDFB] [r=28 c=39 rs=1 cs=1]
              RenderInline {FONT} at (0,0) size 2x10
                RenderText {#text} at (0,0) size 2x10
                  text run at (0,0) width 2: " "
            RenderTableCell {TD} at (304,280) size 8x10 [bgcolor=#FDFDFB] [r=28 c=40 rs=1 cs=1]
              RenderInline {FONT} at (0,0) size 2x10
                RenderText {#text} at (0,0) size 2x10
                  text run at (0,0) width 2: " "
            RenderTableCell {TD} at (312,280) size 8x10 [bgcolor=#FDFDFB] [r=28 c=41 rs=1 cs=1]
              RenderInline {FONT} at (0,0) size 2x10
                RenderText {#text} at (0,0) size 2x10
                  text run at (0,0) width 2: " "
            RenderTableCell {TD} at (320,280) size 8x10 [bgcolor=#FDFDFB] [r=28 c=42 rs=1 cs=1]
              RenderInline {FONT} at (0,0) size 2x10
                RenderText {#text} at (0,0) size 2x10
                  text run at (0,0) width 2: " "
            RenderTableCell {TD} at (328,280) size 8x10 [bgcolor=#FDFDFB] [r=28 c=43 rs=1 cs=1]
              RenderInline {FONT} at (0,0) size 2x10
                RenderText {#text} at (0,0) size 2x10
                  text run at (0,0) width 2: " "
            RenderTableCell {TD} at (336,280) size 8x10 [bgcolor=#FDFDFB] [r=28 c=44 rs=1 cs=1]
              RenderInline {FONT} at (0,0) size 2x10
                RenderText {#text} at (0,0) size 2x10
                  text run at (0,0) width 2: " "
            RenderTableCell {TD} at (344,280) size 8x10 [bgcolor=#FDFDFB] [r=28 c=45 rs=1 cs=1]
              RenderInline {FONT} at (0,0) size 2x10
                RenderText {#text} at (0,0) size 2x10
                  text run at (0,0) width 2: " "
            RenderTableCell {TD} at (352,280) size 8x10 [bgcolor=#FDFDFB] [r=28 c=46 rs=1 cs=1]
              RenderInline {FONT} at (0,0) size 2x10
                RenderText {#text} at (0,0) size 2x10
                  text run at (0,0) width 2: " "
            RenderTableCell {TD} at (360,280) size 8x10 [bgcolor=#FDFDFB] [r=28 c=47 rs=1 cs=1]
              RenderInline {FONT} at (0,0) size 2x10
                RenderText {#text} at (0,0) size 2x10
                  text run at (0,0) width 2: " "
            RenderTableCell {TD} at (368,280) size 8x10 [bgcolor=#FDFDFB] [r=28 c=48 rs=1 cs=1]
              RenderInline {FONT} at (0,0) size 2x10
                RenderText {#text} at (0,0) size 2x10
                  text run at (0,0) width 2: " "
            RenderTableCell {TD} at (376,280) size 8x10 [bgcolor=#FDFDFB] [r=28 c=49 rs=1 cs=1]
              RenderInline {FONT} at (0,0) size 2x10
                RenderText {#text} at (0,0) size 2x10
                  text run at (0,0) width 2: " "
            RenderTableCell {TD} at (384,280) size 8x10 [bgcolor=#FDFDFB] [r=28 c=50 rs=1 cs=1]
              RenderInline {FONT} at (0,0) size 2x10
                RenderText {#text} at (0,0) size 2x10
                  text run at (0,0) width 2: " "
            RenderTableCell {TD} at (392,280) size 8x10 [bgcolor=#FDFDFB] [r=28 c=51 rs=1 cs=1]
              RenderInline {FONT} at (0,0) size 2x10
                RenderText {#text} at (0,0) size 2x10
                  text run at (0,0) width 2: " "
            RenderTableCell {TD} at (400,280) size 8x10 [bgcolor=#FDFDFB] [r=28 c=52 rs=1 cs=1]
              RenderInline {FONT} at (0,0) size 2x10
                RenderText {#text} at (0,0) size 2x10
                  text run at (0,0) width 2: " "
            RenderTableCell {TD} at (408,280) size 8x10 [bgcolor=#FDFDFB] [r=28 c=53 rs=1 cs=1]
              RenderInline {FONT} at (0,0) size 2x10
                RenderText {#text} at (0,0) size 2x10
                  text run at (0,0) width 2: " "
            RenderTableCell {TD} at (416,280) size 8x10 [bgcolor=#FDFDFB] [r=28 c=54 rs=1 cs=1]
              RenderInline {FONT} at (0,0) size 2x10
                RenderText {#text} at (0,0) size 2x10
                  text run at (0,0) width 2: " "
            RenderTableCell {TD} at (424,280) size 8x10 [bgcolor=#FDFDFB] [r=28 c=55 rs=1 cs=1]
              RenderInline {FONT} at (0,0) size 2x10
                RenderText {#text} at (0,0) size 2x10
                  text run at (0,0) width 2: " "
            RenderTableCell {TD} at (432,280) size 8x10 [bgcolor=#FDFDFB] [r=28 c=56 rs=1 cs=1]
              RenderInline {FONT} at (0,0) size 2x10
                RenderText {#text} at (0,0) size 2x10
                  text run at (0,0) width 2: " "
            RenderTableCell {TD} at (440,280) size 8x10 [bgcolor=#FDFDFB] [r=28 c=57 rs=1 cs=1]
              RenderInline {FONT} at (0,0) size 2x10
                RenderText {#text} at (0,0) size 2x10
                  text run at (0,0) width 2: " "
            RenderTableCell {TD} at (448,280) size 8x10 [bgcolor=#FDFDFB] [r=28 c=58 rs=1 cs=1]
              RenderInline {FONT} at (0,0) size 2x10
                RenderText {#text} at (0,0) size 2x10
                  text run at (0,0) width 2: " "
            RenderTableCell {TD} at (456,280) size 8x10 [bgcolor=#FDFDFB] [r=28 c=59 rs=1 cs=1]
              RenderInline {FONT} at (0,0) size 2x10
                RenderText {#text} at (0,0) size 2x10
                  text run at (0,0) width 2: " "
            RenderTableCell {TD} at (464,280) size 8x10 [bgcolor=#FDFDFB] [r=28 c=60 rs=1 cs=1]
              RenderInline {FONT} at (0,0) size 2x10
                RenderText {#text} at (0,0) size 2x10
                  text run at (0,0) width 2: " "
            RenderTableCell {TD} at (472,280) size 8x10 [bgcolor=#FDFDFB] [r=28 c=61 rs=1 cs=1]
              RenderInline {FONT} at (0,0) size 2x10
                RenderText {#text} at (0,0) size 2x10
                  text run at (0,0) width 2: " "
            RenderTableCell {TD} at (480,280) size 8x10 [bgcolor=#FDFDFB] [r=28 c=62 rs=1 cs=1]
              RenderInline {FONT} at (0,0) size 2x10
                RenderText {#text} at (0,0) size 2x10
                  text run at (0,0) width 2: " "
            RenderTableCell {TD} at (488,280) size 8x10 [bgcolor=#FDFDFB] [r=28 c=63 rs=1 cs=1]
              RenderInline {FONT} at (0,0) size 2x10
                RenderText {#text} at (0,0) size 2x10
                  text run at (0,0) width 2: " "
            RenderTableCell {TD} at (496,280) size 8x10 [bgcolor=#FDFDFB] [r=28 c=64 rs=1 cs=1]
              RenderInline {FONT} at (0,0) size 2x10
                RenderText {#text} at (0,0) size 2x10
                  text run at (0,0) width 2: " "
            RenderTableCell {TD} at (504,280) size 8x10 [bgcolor=#97C1C0] [r=28 c=65 rs=1 cs=1]
              RenderInline {FONT} at (0,0) size 2x10
                RenderText {#text} at (0,0) size 2x10
                  text run at (0,0) width 2: " "
            RenderTableCell {TD} at (512,280) size 8x10 [bgcolor=#048485] [r=28 c=66 rs=1 cs=1]
              RenderInline {FONT} at (0,0) size 2x10
                RenderText {#text} at (0,0) size 2x10
                  text run at (0,0) width 2: " "
            RenderTableCell {TD} at (520,280) size 8x10 [bgcolor=#027777] [r=28 c=67 rs=1 cs=1]
              RenderInline {FONT} at (0,0) size 2x10
                RenderText {#text} at (0,0) size 2x10
                  text run at (0,0) width 2: " "
            RenderTableCell {TD} at (528,280) size 8x10 [bgcolor=#027777] [r=28 c=68 rs=1 cs=1]
              RenderInline {FONT} at (0,0) size 2x10
                RenderText {#text} at (0,0) size 2x10
                  text run at (0,0) width 2: " "
            RenderTableCell {TD} at (536,280) size 8x10 [bgcolor=#027777] [r=28 c=69 rs=1 cs=1]
              RenderInline {FONT} at (0,0) size 2x10
                RenderText {#text} at (0,0) size 2x10
                  text run at (0,0) width 2: " "
            RenderTableCell {TD} at (544,280) size 8x10 [bgcolor=#027777] [r=28 c=70 rs=1 cs=1]
              RenderInline {FONT} at (0,0) size 2x10
                RenderText {#text} at (0,0) size 2x10
                  text run at (0,0) width 2: " "
            RenderTableCell {TD} at (552,280) size 8x10 [bgcolor=#027777] [r=28 c=71 rs=1 cs=1]
              RenderInline {FONT} at (0,0) size 2x10
                RenderText {#text} at (0,0) size 2x10
                  text run at (0,0) width 2: " "
            RenderTableCell {TD} at (560,280) size 8x10 [bgcolor=#027777] [r=28 c=72 rs=1 cs=1]
              RenderInline {FONT} at (0,0) size 2x10
                RenderText {#text} at (0,0) size 2x10
                  text run at (0,0) width 2: " "
            RenderTableCell {TD} at (568,280) size 8x10 [bgcolor=#027777] [r=28 c=73 rs=1 cs=1]
              RenderInline {FONT} at (0,0) size 2x10
                RenderText {#text} at (0,0) size 2x10
                  text run at (0,0) width 2: " "
            RenderTableCell {TD} at (576,280) size 8x10 [bgcolor=#048485] [r=28 c=74 rs=1 cs=1]
              RenderInline {FONT} at (0,0) size 2x10
                RenderText {#text} at (0,0) size 2x10
                  text run at (0,0) width 2: " "
            RenderTableCell {TD} at (584,280) size 8x10 [bgcolor=#048485] [r=28 c=75 rs=1 cs=1]
              RenderInline {FONT} at (0,0) size 2x10
                RenderText {#text} at (0,0) size 2x10
                  text run at (0,0) width 2: " "
            RenderTableCell {TD} at (592,280) size 8x10 [bgcolor=#048485] [r=28 c=76 rs=1 cs=1]
              RenderInline {FONT} at (0,0) size 2x10
                RenderText {#text} at (0,0) size 2x10
                  text run at (0,0) width 2: " "
            RenderTableCell {TD} at (600,280) size 8x10 [bgcolor=#027777] [r=28 c=77 rs=1 cs=1]
              RenderInline {FONT} at (0,0) size 2x10
                RenderText {#text} at (0,0) size 2x10
                  text run at (0,0) width 2: " "
            RenderTableCell {TD} at (608,280) size 8x10 [bgcolor=#026766] [r=28 c=78 rs=1 cs=1]
              RenderInline {FONT} at (0,0) size 2x10
                RenderText {#text} at (0,0) size 2x10
                  text run at (0,0) width 2: " "
            RenderTableCell {TD} at (616,280) size 8x10 [bgcolor=#026766] [r=28 c=79 rs=1 cs=1]
              RenderInline {FONT} at (0,0) size 2x10
                RenderText {#text} at (0,0) size 2x10
                  text run at (0,0) width 2: " "
            RenderTableCell {TD} at (624,280) size 8x10 [bgcolor=#026766] [r=28 c=80 rs=1 cs=1]
              RenderInline {FONT} at (0,0) size 2x10
                RenderText {#text} at (0,0) size 2x10
                  text run at (0,0) width 2: " "
            RenderTableCell {TD} at (632,280) size 8x10 [bgcolor=#025E5E] [r=28 c=81 rs=1 cs=1]
              RenderInline {FONT} at (0,0) size 2x10
                RenderText {#text} at (0,0) size 2x10
                  text run at (0,0) width 2: " "
            RenderTableCell {TD} at (640,280) size 8x10 [bgcolor=#025E5E] [r=28 c=82 rs=1 cs=1]
              RenderInline {FONT} at (0,0) size 2x10
                RenderText {#text} at (0,0) size 2x10
                  text run at (0,0) width 2: " "
            RenderTableCell {TD} at (648,280) size 8x10 [bgcolor=#025E5E] [r=28 c=83 rs=1 cs=1]
              RenderInline {FONT} at (0,0) size 2x10
                RenderText {#text} at (0,0) size 2x10
                  text run at (0,0) width 2: " "
            RenderTableCell {TD} at (656,280) size 8x10 [bgcolor=#025E5E] [r=28 c=84 rs=1 cs=1]
              RenderInline {FONT} at (0,0) size 2x10
                RenderText {#text} at (0,0) size 2x10
                  text run at (0,0) width 2: " "
            RenderTableCell {TD} at (664,280) size 8x10 [bgcolor=#025E5E] [r=28 c=85 rs=1 cs=1]
              RenderInline {FONT} at (0,0) size 2x10
                RenderText {#text} at (0,0) size 2x10
                  text run at (0,0) width 2: " "
            RenderTableCell {TD} at (672,280) size 8x10 [bgcolor=#025E5E] [r=28 c=86 rs=1 cs=1]
              RenderInline {FONT} at (0,0) size 2x10
                RenderText {#text} at (0,0) size 2x10
                  text run at (0,0) width 2: " "
            RenderTableCell {TD} at (680,280) size 8x10 [bgcolor=#025E5E] [r=28 c=87 rs=1 cs=1]
              RenderInline {FONT} at (0,0) size 2x10
                RenderText {#text} at (0,0) size 2x10
                  text run at (0,0) width 2: " "
            RenderTableCell {TD} at (688,280) size 8x10 [bgcolor=#044F4F] [r=28 c=88 rs=1 cs=1]
              RenderInline {FONT} at (0,0) size 2x10
                RenderText {#text} at (0,0) size 2x10
                  text run at (0,0) width 2: " "
            RenderTableCell {TD} at (696,280) size 8x10 [bgcolor=#044140] [r=28 c=89 rs=1 cs=1]
              RenderInline {FONT} at (0,0) size 2x10
                RenderText {#text} at (0,0) size 2x10
                  text run at (0,0) width 2: " "
            RenderTableCell {TD} at (704,280) size 8x10 [bgcolor=#083131] [r=28 c=90 rs=1 cs=1]
              RenderInline {FONT} at (0,0) size 2x10
                RenderText {#text} at (0,0) size 2x10
                  text run at (0,0) width 2: " "
            RenderTableCell {TD} at (712,280) size 8x10 [bgcolor=#072323] [r=28 c=91 rs=1 cs=1]
              RenderInline {FONT} at (0,0) size 2x10
                RenderText {#text} at (0,0) size 2x10
                  text run at (0,0) width 2: " "
            RenderTableCell {TD} at (720,280) size 8x10 [bgcolor=#4D4F4F] [r=28 c=92 rs=1 cs=1]
              RenderInline {FONT} at (0,0) size 2x10
                RenderText {#text} at (0,0) size 2x10
                  text run at (0,0) width 2: " "
            RenderTableCell {TD} at (728,280) size 8x10 [bgcolor=#777878] [r=28 c=93 rs=1 cs=1]
              RenderInline {FONT} at (0,0) size 2x10
                RenderText {#text} at (0,0) size 2x10
                  text run at (0,0) width 2: " "
            RenderTableCell {TD} at (736,280) size 8x10 [bgcolor=#A5A6A6] [r=28 c=94 rs=1 cs=1]
              RenderInline {FONT} at (0,0) size 2x10
                RenderText {#text} at (0,0) size 2x10
                  text run at (0,0) width 2: " "
            RenderTableCell {TD} at (744,280) size 8x10 [bgcolor=#DEDFDF] [r=28 c=95 rs=1 cs=1]
              RenderInline {FONT} at (0,0) size 2x10
                RenderText {#text} at (0,0) size 2x10
                  text run at (0,0) width 2: " "
            RenderTableCell {TD} at (752,280) size 8x10 [bgcolor=#EDEEEF] [r=28 c=96 rs=1 cs=1]
              RenderInline {FONT} at (0,0) size 2x10
                RenderText {#text} at (0,0) size 2x10
                  text run at (0,0) width 2: " "
            RenderTableCell {TD} at (760,280) size 8x10 [bgcolor=#FDFDFB] [r=28 c=97 rs=1 cs=1]
              RenderInline {FONT} at (0,0) size 2x10
                RenderText {#text} at (0,0) size 2x10
                  text run at (0,0) width 2: " "
            RenderTableCell {TD} at (768,280) size 8x10 [bgcolor=#FDFDFB] [r=28 c=98 rs=1 cs=1]
              RenderInline {FONT} at (0,0) size 2x10
                RenderText {#text} at (0,0) size 2x10
                  text run at (0,0) width 2: " "
            RenderTableCell {TD} at (776,280) size 8x10 [bgcolor=#FDFDFB] [r=28 c=99 rs=1 cs=1]
              RenderInline {FONT} at (0,0) size 2x10
                RenderText {#text} at (0,0) size 2x10
                  text run at (0,0) width 2: " "
          RenderTableRow {TR} at (0,290) size 784x10
            RenderTableCell {TD} at (0,290) size 7x10 [bgcolor=#FDFDFB] [r=29 c=0 rs=1 cs=1]
              RenderInline {FONT} at (0,0) size 2x10
                RenderText {#text} at (0,0) size 2x10
                  text run at (0,0) width 2: " "
            RenderTableCell {TD} at (7,290) size 7x10 [bgcolor=#FDFDFB] [r=29 c=1 rs=1 cs=1]
              RenderInline {FONT} at (0,0) size 2x10
                RenderText {#text} at (0,0) size 2x10
                  text run at (0,0) width 2: " "
            RenderTableCell {TD} at (14,290) size 7x10 [bgcolor=#FDFDFB] [r=29 c=2 rs=1 cs=1]
              RenderInline {FONT} at (0,0) size 2x10
                RenderText {#text} at (0,0) size 2x10
                  text run at (0,0) width 2: " "
            RenderTableCell {TD} at (21,290) size 7x10 [bgcolor=#FDFDFB] [r=29 c=3 rs=1 cs=1]
              RenderInline {FONT} at (0,0) size 2x10
                RenderText {#text} at (0,0) size 2x10
                  text run at (0,0) width 2: " "
            RenderTableCell {TD} at (28,290) size 7x10 [bgcolor=#FDFDFB] [r=29 c=4 rs=1 cs=1]
              RenderInline {FONT} at (0,0) size 2x10
                RenderText {#text} at (0,0) size 2x10
                  text run at (0,0) width 2: " "
            RenderTableCell {TD} at (35,290) size 7x10 [bgcolor=#FDFDFB] [r=29 c=5 rs=1 cs=1]
              RenderInline {FONT} at (0,0) size 2x10
                RenderText {#text} at (0,0) size 2x10
                  text run at (0,0) width 2: " "
            RenderTableCell {TD} at (42,290) size 7x10 [bgcolor=#FDFDFB] [r=29 c=6 rs=1 cs=1]
              RenderInline {FONT} at (0,0) size 2x10
                RenderText {#text} at (0,0) size 2x10
                  text run at (0,0) width 2: " "
            RenderTableCell {TD} at (49,290) size 7x10 [bgcolor=#FDFDFB] [r=29 c=7 rs=1 cs=1]
              RenderInline {FONT} at (0,0) size 2x10
                RenderText {#text} at (0,0) size 2x10
                  text run at (0,0) width 2: " "
            RenderTableCell {TD} at (56,290) size 7x10 [bgcolor=#FDFDFB] [r=29 c=8 rs=1 cs=1]
              RenderInline {FONT} at (0,0) size 2x10
                RenderText {#text} at (0,0) size 2x10
                  text run at (0,0) width 2: " "
            RenderTableCell {TD} at (63,290) size 7x10 [bgcolor=#FDFDFB] [r=29 c=9 rs=1 cs=1]
              RenderInline {FONT} at (0,0) size 2x10
                RenderText {#text} at (0,0) size 2x10
                  text run at (0,0) width 2: " "
            RenderTableCell {TD} at (70,290) size 7x10 [bgcolor=#FDFDFB] [r=29 c=10 rs=1 cs=1]
              RenderInline {FONT} at (0,0) size 2x10
                RenderText {#text} at (0,0) size 2x10
                  text run at (0,0) width 2: " "
            RenderTableCell {TD} at (77,290) size 7x10 [bgcolor=#FDFDFB] [r=29 c=11 rs=1 cs=1]
              RenderInline {FONT} at (0,0) size 2x10
                RenderText {#text} at (0,0) size 2x10
                  text run at (0,0) width 2: " "
            RenderTableCell {TD} at (84,290) size 7x10 [bgcolor=#FDFDFB] [r=29 c=12 rs=1 cs=1]
              RenderInline {FONT} at (0,0) size 2x10
                RenderText {#text} at (0,0) size 2x10
                  text run at (0,0) width 2: " "
            RenderTableCell {TD} at (91,290) size 7x10 [bgcolor=#FDFDFB] [r=29 c=13 rs=1 cs=1]
              RenderInline {FONT} at (0,0) size 2x10
                RenderText {#text} at (0,0) size 2x10
                  text run at (0,0) width 2: " "
            RenderTableCell {TD} at (98,290) size 7x10 [bgcolor=#FDFDFB] [r=29 c=14 rs=1 cs=1]
              RenderInline {FONT} at (0,0) size 2x10
                RenderText {#text} at (0,0) size 2x10
                  text run at (0,0) width 2: " "
            RenderTableCell {TD} at (105,290) size 7x10 [bgcolor=#FDFDFB] [r=29 c=15 rs=1 cs=1]
              RenderInline {FONT} at (0,0) size 2x10
                RenderText {#text} at (0,0) size 2x10
                  text run at (0,0) width 2: " "
            RenderTableCell {TD} at (112,290) size 8x10 [bgcolor=#FDFDFB] [r=29 c=16 rs=1 cs=1]
              RenderInline {FONT} at (0,0) size 2x10
                RenderText {#text} at (0,0) size 2x10
                  text run at (0,0) width 2: " "
            RenderTableCell {TD} at (120,290) size 8x10 [bgcolor=#FDFDFB] [r=29 c=17 rs=1 cs=1]
              RenderInline {FONT} at (0,0) size 2x10
                RenderText {#text} at (0,0) size 2x10
                  text run at (0,0) width 2: " "
            RenderTableCell {TD} at (128,290) size 8x10 [bgcolor=#FDFDFB] [r=29 c=18 rs=1 cs=1]
              RenderInline {FONT} at (0,0) size 2x10
                RenderText {#text} at (0,0) size 2x10
                  text run at (0,0) width 2: " "
            RenderTableCell {TD} at (136,290) size 8x10 [bgcolor=#FDFDFB] [r=29 c=19 rs=1 cs=1]
              RenderInline {FONT} at (0,0) size 2x10
                RenderText {#text} at (0,0) size 2x10
                  text run at (0,0) width 2: " "
            RenderTableCell {TD} at (144,290) size 8x10 [bgcolor=#FDFDFB] [r=29 c=20 rs=1 cs=1]
              RenderInline {FONT} at (0,0) size 2x10
                RenderText {#text} at (0,0) size 2x10
                  text run at (0,0) width 2: " "
            RenderTableCell {TD} at (152,290) size 8x10 [bgcolor=#FDFDFB] [r=29 c=21 rs=1 cs=1]
              RenderInline {FONT} at (0,0) size 2x10
                RenderText {#text} at (0,0) size 2x10
                  text run at (0,0) width 2: " "
            RenderTableCell {TD} at (160,290) size 8x10 [bgcolor=#FDFDFB] [r=29 c=22 rs=1 cs=1]
              RenderInline {FONT} at (0,0) size 2x10
                RenderText {#text} at (0,0) size 2x10
                  text run at (0,0) width 2: " "
            RenderTableCell {TD} at (168,290) size 8x10 [bgcolor=#FDFDFB] [r=29 c=23 rs=1 cs=1]
              RenderInline {FONT} at (0,0) size 2x10
                RenderText {#text} at (0,0) size 2x10
                  text run at (0,0) width 2: " "
            RenderTableCell {TD} at (176,290) size 8x10 [bgcolor=#FDFDFB] [r=29 c=24 rs=1 cs=1]
              RenderInline {FONT} at (0,0) size 2x10
                RenderText {#text} at (0,0) size 2x10
                  text run at (0,0) width 2: " "
            RenderTableCell {TD} at (184,290) size 8x10 [bgcolor=#FDFDFB] [r=29 c=25 rs=1 cs=1]
              RenderInline {FONT} at (0,0) size 2x10
                RenderText {#text} at (0,0) size 2x10
                  text run at (0,0) width 2: " "
            RenderTableCell {TD} at (192,290) size 8x10 [bgcolor=#FDFDFB] [r=29 c=26 rs=1 cs=1]
              RenderInline {FONT} at (0,0) size 2x10
                RenderText {#text} at (0,0) size 2x10
                  text run at (0,0) width 2: " "
            RenderTableCell {TD} at (200,290) size 8x10 [bgcolor=#FDFDFB] [r=29 c=27 rs=1 cs=1]
              RenderInline {FONT} at (0,0) size 2x10
                RenderText {#text} at (0,0) size 2x10
                  text run at (0,0) width 2: " "
            RenderTableCell {TD} at (208,290) size 8x10 [bgcolor=#FDFDFB] [r=29 c=28 rs=1 cs=1]
              RenderInline {FONT} at (0,0) size 2x10
                RenderText {#text} at (0,0) size 2x10
                  text run at (0,0) width 2: " "
            RenderTableCell {TD} at (216,290) size 8x10 [bgcolor=#FDFDFB] [r=29 c=29 rs=1 cs=1]
              RenderInline {FONT} at (0,0) size 2x10
                RenderText {#text} at (0,0) size 2x10
                  text run at (0,0) width 2: " "
            RenderTableCell {TD} at (224,290) size 8x10 [bgcolor=#FDFDFB] [r=29 c=30 rs=1 cs=1]
              RenderInline {FONT} at (0,0) size 2x10
                RenderText {#text} at (0,0) size 2x10
                  text run at (0,0) width 2: " "
            RenderTableCell {TD} at (232,290) size 8x10 [bgcolor=#FDFDFB] [r=29 c=31 rs=1 cs=1]
              RenderInline {FONT} at (0,0) size 2x10
                RenderText {#text} at (0,0) size 2x10
                  text run at (0,0) width 2: " "
            RenderTableCell {TD} at (240,290) size 8x10 [bgcolor=#FDFDFB] [r=29 c=32 rs=1 cs=1]
              RenderInline {FONT} at (0,0) size 2x10
                RenderText {#text} at (0,0) size 2x10
                  text run at (0,0) width 2: " "
            RenderTableCell {TD} at (248,290) size 8x10 [bgcolor=#FDFDFB] [r=29 c=33 rs=1 cs=1]
              RenderInline {FONT} at (0,0) size 2x10
                RenderText {#text} at (0,0) size 2x10
                  text run at (0,0) width 2: " "
            RenderTableCell {TD} at (256,290) size 8x10 [bgcolor=#FDFDFB] [r=29 c=34 rs=1 cs=1]
              RenderInline {FONT} at (0,0) size 2x10
                RenderText {#text} at (0,0) size 2x10
                  text run at (0,0) width 2: " "
            RenderTableCell {TD} at (264,290) size 8x10 [bgcolor=#FDFDFB] [r=29 c=35 rs=1 cs=1]
              RenderInline {FONT} at (0,0) size 2x10
                RenderText {#text} at (0,0) size 2x10
                  text run at (0,0) width 2: " "
            RenderTableCell {TD} at (272,290) size 8x10 [bgcolor=#FDFDFB] [r=29 c=36 rs=1 cs=1]
              RenderInline {FONT} at (0,0) size 2x10
                RenderText {#text} at (0,0) size 2x10
                  text run at (0,0) width 2: " "
            RenderTableCell {TD} at (280,290) size 8x10 [bgcolor=#FDFDFB] [r=29 c=37 rs=1 cs=1]
              RenderInline {FONT} at (0,0) size 2x10
                RenderText {#text} at (0,0) size 2x10
                  text run at (0,0) width 2: " "
            RenderTableCell {TD} at (288,290) size 8x10 [bgcolor=#FDFDFB] [r=29 c=38 rs=1 cs=1]
              RenderInline {FONT} at (0,0) size 2x10
                RenderText {#text} at (0,0) size 2x10
                  text run at (0,0) width 2: " "
            RenderTableCell {TD} at (296,290) size 8x10 [bgcolor=#FDFDFB] [r=29 c=39 rs=1 cs=1]
              RenderInline {FONT} at (0,0) size 2x10
                RenderText {#text} at (0,0) size 2x10
                  text run at (0,0) width 2: " "
            RenderTableCell {TD} at (304,290) size 8x10 [bgcolor=#FDFDFB] [r=29 c=40 rs=1 cs=1]
              RenderInline {FONT} at (0,0) size 2x10
                RenderText {#text} at (0,0) size 2x10
                  text run at (0,0) width 2: " "
            RenderTableCell {TD} at (312,290) size 8x10 [bgcolor=#FDFDFB] [r=29 c=41 rs=1 cs=1]
              RenderInline {FONT} at (0,0) size 2x10
                RenderText {#text} at (0,0) size 2x10
                  text run at (0,0) width 2: " "
            RenderTableCell {TD} at (320,290) size 8x10 [bgcolor=#FDFDFB] [r=29 c=42 rs=1 cs=1]
              RenderInline {FONT} at (0,0) size 2x10
                RenderText {#text} at (0,0) size 2x10
                  text run at (0,0) width 2: " "
            RenderTableCell {TD} at (328,290) size 8x10 [bgcolor=#FDFDFB] [r=29 c=43 rs=1 cs=1]
              RenderInline {FONT} at (0,0) size 2x10
                RenderText {#text} at (0,0) size 2x10
                  text run at (0,0) width 2: " "
            RenderTableCell {TD} at (336,290) size 8x10 [bgcolor=#FDFDFB] [r=29 c=44 rs=1 cs=1]
              RenderInline {FONT} at (0,0) size 2x10
                RenderText {#text} at (0,0) size 2x10
                  text run at (0,0) width 2: " "
            RenderTableCell {TD} at (344,290) size 8x10 [bgcolor=#FDFDFB] [r=29 c=45 rs=1 cs=1]
              RenderInline {FONT} at (0,0) size 2x10
                RenderText {#text} at (0,0) size 2x10
                  text run at (0,0) width 2: " "
            RenderTableCell {TD} at (352,290) size 8x10 [bgcolor=#FDFDFB] [r=29 c=46 rs=1 cs=1]
              RenderInline {FONT} at (0,0) size 2x10
                RenderText {#text} at (0,0) size 2x10
                  text run at (0,0) width 2: " "
            RenderTableCell {TD} at (360,290) size 8x10 [bgcolor=#FDFDFB] [r=29 c=47 rs=1 cs=1]
              RenderInline {FONT} at (0,0) size 2x10
                RenderText {#text} at (0,0) size 2x10
                  text run at (0,0) width 2: " "
            RenderTableCell {TD} at (368,290) size 8x10 [bgcolor=#FDFDFB] [r=29 c=48 rs=1 cs=1]
              RenderInline {FONT} at (0,0) size 2x10
                RenderText {#text} at (0,0) size 2x10
                  text run at (0,0) width 2: " "
            RenderTableCell {TD} at (376,290) size 8x10 [bgcolor=#FDFDFB] [r=29 c=49 rs=1 cs=1]
              RenderInline {FONT} at (0,0) size 2x10
                RenderText {#text} at (0,0) size 2x10
                  text run at (0,0) width 2: " "
            RenderTableCell {TD} at (384,290) size 8x10 [bgcolor=#FDFDFB] [r=29 c=50 rs=1 cs=1]
              RenderInline {FONT} at (0,0) size 2x10
                RenderText {#text} at (0,0) size 2x10
                  text run at (0,0) width 2: " "
            RenderTableCell {TD} at (392,290) size 8x10 [bgcolor=#FDFDFB] [r=29 c=51 rs=1 cs=1]
              RenderInline {FONT} at (0,0) size 2x10
                RenderText {#text} at (0,0) size 2x10
                  text run at (0,0) width 2: " "
            RenderTableCell {TD} at (400,290) size 8x10 [bgcolor=#FDFDFB] [r=29 c=52 rs=1 cs=1]
              RenderInline {FONT} at (0,0) size 2x10
                RenderText {#text} at (0,0) size 2x10
                  text run at (0,0) width 2: " "
            RenderTableCell {TD} at (408,290) size 8x10 [bgcolor=#FDFDFB] [r=29 c=53 rs=1 cs=1]
              RenderInline {FONT} at (0,0) size 2x10
                RenderText {#text} at (0,0) size 2x10
                  text run at (0,0) width 2: " "
            RenderTableCell {TD} at (416,290) size 8x10 [bgcolor=#FDFDFB] [r=29 c=54 rs=1 cs=1]
              RenderInline {FONT} at (0,0) size 2x10
                RenderText {#text} at (0,0) size 2x10
                  text run at (0,0) width 2: " "
            RenderTableCell {TD} at (424,290) size 8x10 [bgcolor=#FDFDFB] [r=29 c=55 rs=1 cs=1]
              RenderInline {FONT} at (0,0) size 2x10
                RenderText {#text} at (0,0) size 2x10
                  text run at (0,0) width 2: " "
            RenderTableCell {TD} at (432,290) size 8x10 [bgcolor=#FDFDFB] [r=29 c=56 rs=1 cs=1]
              RenderInline {FONT} at (0,0) size 2x10
                RenderText {#text} at (0,0) size 2x10
                  text run at (0,0) width 2: " "
            RenderTableCell {TD} at (440,290) size 8x10 [bgcolor=#FDFDFB] [r=29 c=57 rs=1 cs=1]
              RenderInline {FONT} at (0,0) size 2x10
                RenderText {#text} at (0,0) size 2x10
                  text run at (0,0) width 2: " "
            RenderTableCell {TD} at (448,290) size 8x10 [bgcolor=#FDFDFB] [r=29 c=58 rs=1 cs=1]
              RenderInline {FONT} at (0,0) size 2x10
                RenderText {#text} at (0,0) size 2x10
                  text run at (0,0) width 2: " "
            RenderTableCell {TD} at (456,290) size 8x10 [bgcolor=#FDFDFB] [r=29 c=59 rs=1 cs=1]
              RenderInline {FONT} at (0,0) size 2x10
                RenderText {#text} at (0,0) size 2x10
                  text run at (0,0) width 2: " "
            RenderTableCell {TD} at (464,290) size 8x10 [bgcolor=#FDFDFB] [r=29 c=60 rs=1 cs=1]
              RenderInline {FONT} at (0,0) size 2x10
                RenderText {#text} at (0,0) size 2x10
                  text run at (0,0) width 2: " "
            RenderTableCell {TD} at (472,290) size 8x10 [bgcolor=#FDFDFB] [r=29 c=61 rs=1 cs=1]
              RenderInline {FONT} at (0,0) size 2x10
                RenderText {#text} at (0,0) size 2x10
                  text run at (0,0) width 2: " "
            RenderTableCell {TD} at (480,290) size 8x10 [bgcolor=#FDFDFB] [r=29 c=62 rs=1 cs=1]
              RenderInline {FONT} at (0,0) size 2x10
                RenderText {#text} at (0,0) size 2x10
                  text run at (0,0) width 2: " "
            RenderTableCell {TD} at (488,290) size 8x10 [bgcolor=#FDFDFB] [r=29 c=63 rs=1 cs=1]
              RenderInline {FONT} at (0,0) size 2x10
                RenderText {#text} at (0,0) size 2x10
                  text run at (0,0) width 2: " "
            RenderTableCell {TD} at (496,290) size 8x10 [bgcolor=#FDFDFB] [r=29 c=64 rs=1 cs=1]
              RenderInline {FONT} at (0,0) size 2x10
                RenderText {#text} at (0,0) size 2x10
                  text run at (0,0) width 2: " "
            RenderTableCell {TD} at (504,290) size 8x10 [bgcolor=#8DB7B6] [r=29 c=65 rs=1 cs=1]
              RenderInline {FONT} at (0,0) size 2x10
                RenderText {#text} at (0,0) size 2x10
                  text run at (0,0) width 2: " "
            RenderTableCell {TD} at (512,290) size 8x10 [bgcolor=#026766] [r=29 c=66 rs=1 cs=1]
              RenderInline {FONT} at (0,0) size 2x10
                RenderText {#text} at (0,0) size 2x10
                  text run at (0,0) width 2: " "
            RenderTableCell {TD} at (520,290) size 8x10 [bgcolor=#025E5E] [r=29 c=67 rs=1 cs=1]
              RenderInline {FONT} at (0,0) size 2x10
                RenderText {#text} at (0,0) size 2x10
                  text run at (0,0) width 2: " "
            RenderTableCell {TD} at (528,290) size 8x10 [bgcolor=#025E5E] [r=29 c=68 rs=1 cs=1]
              RenderInline {FONT} at (0,0) size 2x10
                RenderText {#text} at (0,0) size 2x10
                  text run at (0,0) width 2: " "
            RenderTableCell {TD} at (536,290) size 8x10 [bgcolor=#025E5E] [r=29 c=69 rs=1 cs=1]
              RenderInline {FONT} at (0,0) size 2x10
                RenderText {#text} at (0,0) size 2x10
                  text run at (0,0) width 2: " "
            RenderTableCell {TD} at (544,290) size 8x10 [bgcolor=#026766] [r=29 c=70 rs=1 cs=1]
              RenderInline {FONT} at (0,0) size 2x10
                RenderText {#text} at (0,0) size 2x10
                  text run at (0,0) width 2: " "
            RenderTableCell {TD} at (552,290) size 8x10 [bgcolor=#026766] [r=29 c=71 rs=1 cs=1]
              RenderInline {FONT} at (0,0) size 2x10
                RenderText {#text} at (0,0) size 2x10
                  text run at (0,0) width 2: " "
            RenderTableCell {TD} at (560,290) size 8x10 [bgcolor=#026766] [r=29 c=72 rs=1 cs=1]
              RenderInline {FONT} at (0,0) size 2x10
                RenderText {#text} at (0,0) size 2x10
                  text run at (0,0) width 2: " "
            RenderTableCell {TD} at (568,290) size 8x10 [bgcolor=#026766] [r=29 c=73 rs=1 cs=1]
              RenderInline {FONT} at (0,0) size 2x10
                RenderText {#text} at (0,0) size 2x10
                  text run at (0,0) width 2: " "
            RenderTableCell {TD} at (576,290) size 8x10 [bgcolor=#026766] [r=29 c=74 rs=1 cs=1]
              RenderInline {FONT} at (0,0) size 2x10
                RenderText {#text} at (0,0) size 2x10
                  text run at (0,0) width 2: " "
            RenderTableCell {TD} at (584,290) size 8x10 [bgcolor=#026766] [r=29 c=75 rs=1 cs=1]
              RenderInline {FONT} at (0,0) size 2x10
                RenderText {#text} at (0,0) size 2x10
                  text run at (0,0) width 2: " "
            RenderTableCell {TD} at (592,290) size 8x10 [bgcolor=#026766] [r=29 c=76 rs=1 cs=1]
              RenderInline {FONT} at (0,0) size 2x10
                RenderText {#text} at (0,0) size 2x10
                  text run at (0,0) width 2: " "
            RenderTableCell {TD} at (600,290) size 8x10 [bgcolor=#026766] [r=29 c=77 rs=1 cs=1]
              RenderInline {FONT} at (0,0) size 2x10
                RenderText {#text} at (0,0) size 2x10
                  text run at (0,0) width 2: " "
            RenderTableCell {TD} at (608,290) size 8x10 [bgcolor=#025E5E] [r=29 c=78 rs=1 cs=1]
              RenderInline {FONT} at (0,0) size 2x10
                RenderText {#text} at (0,0) size 2x10
                  text run at (0,0) width 2: " "
            RenderTableCell {TD} at (616,290) size 8x10 [bgcolor=#025E5E] [r=29 c=79 rs=1 cs=1]
              RenderInline {FONT} at (0,0) size 2x10
                RenderText {#text} at (0,0) size 2x10
                  text run at (0,0) width 2: " "
            RenderTableCell {TD} at (624,290) size 8x10 [bgcolor=#025E5E] [r=29 c=80 rs=1 cs=1]
              RenderInline {FONT} at (0,0) size 2x10
                RenderText {#text} at (0,0) size 2x10
                  text run at (0,0) width 2: " "
            RenderTableCell {TD} at (632,290) size 8x10 [bgcolor=#025E5E] [r=29 c=81 rs=1 cs=1]
              RenderInline {FONT} at (0,0) size 2x10
                RenderText {#text} at (0,0) size 2x10
                  text run at (0,0) width 2: " "
            RenderTableCell {TD} at (640,290) size 8x10 [bgcolor=#025E5E] [r=29 c=82 rs=1 cs=1]
              RenderInline {FONT} at (0,0) size 2x10
                RenderText {#text} at (0,0) size 2x10
                  text run at (0,0) width 2: " "
            RenderTableCell {TD} at (648,290) size 8x10 [bgcolor=#044F4F] [r=29 c=83 rs=1 cs=1]
              RenderInline {FONT} at (0,0) size 2x10
                RenderText {#text} at (0,0) size 2x10
                  text run at (0,0) width 2: " "
            RenderTableCell {TD} at (656,290) size 8x10 [bgcolor=#044F4F] [r=29 c=84 rs=1 cs=1]
              RenderInline {FONT} at (0,0) size 2x10
                RenderText {#text} at (0,0) size 2x10
                  text run at (0,0) width 2: " "
            RenderTableCell {TD} at (664,290) size 8x10 [bgcolor=#044F4F] [r=29 c=85 rs=1 cs=1]
              RenderInline {FONT} at (0,0) size 2x10
                RenderText {#text} at (0,0) size 2x10
                  text run at (0,0) width 2: " "
            RenderTableCell {TD} at (672,290) size 8x10 [bgcolor=#044F4F] [r=29 c=86 rs=1 cs=1]
              RenderInline {FONT} at (0,0) size 2x10
                RenderText {#text} at (0,0) size 2x10
                  text run at (0,0) width 2: " "
            RenderTableCell {TD} at (680,290) size 8x10 [bgcolor=#044140] [r=29 c=87 rs=1 cs=1]
              RenderInline {FONT} at (0,0) size 2x10
                RenderText {#text} at (0,0) size 2x10
                  text run at (0,0) width 2: " "
            RenderTableCell {TD} at (688,290) size 8x10 [bgcolor=#083131] [r=29 c=88 rs=1 cs=1]
              RenderInline {FONT} at (0,0) size 2x10
                RenderText {#text} at (0,0) size 2x10
                  text run at (0,0) width 2: " "
            RenderTableCell {TD} at (696,290) size 8x10 [bgcolor=#083131] [r=29 c=89 rs=1 cs=1]
              RenderInline {FONT} at (0,0) size 2x10
                RenderText {#text} at (0,0) size 2x10
                  text run at (0,0) width 2: " "
            RenderTableCell {TD} at (704,290) size 8x10 [bgcolor=#223C3D] [r=29 c=90 rs=1 cs=1]
              RenderInline {FONT} at (0,0) size 2x10
                RenderText {#text} at (0,0) size 2x10
                  text run at (0,0) width 2: " "
            RenderTableCell {TD} at (712,290) size 8x10 [bgcolor=#515C5B] [r=29 c=91 rs=1 cs=1]
              RenderInline {FONT} at (0,0) size 2x10
                RenderText {#text} at (0,0) size 2x10
                  text run at (0,0) width 2: " "
            RenderTableCell {TD} at (720,290) size 8x10 [bgcolor=#777878] [r=29 c=92 rs=1 cs=1]
              RenderInline {FONT} at (0,0) size 2x10
                RenderText {#text} at (0,0) size 2x10
                  text run at (0,0) width 2: " "
            RenderTableCell {TD} at (728,290) size 8x10 [bgcolor=#A5A6A6] [r=29 c=93 rs=1 cs=1]
              RenderInline {FONT} at (0,0) size 2x10
                RenderText {#text} at (0,0) size 2x10
                  text run at (0,0) width 2: " "
            RenderTableCell {TD} at (736,290) size 8x10 [bgcolor=#CECFCF] [r=29 c=94 rs=1 cs=1]
              RenderInline {FONT} at (0,0) size 2x10
                RenderText {#text} at (0,0) size 2x10
                  text run at (0,0) width 2: " "
            RenderTableCell {TD} at (744,290) size 8x10 [bgcolor=#EDEEEF] [r=29 c=95 rs=1 cs=1]
              RenderInline {FONT} at (0,0) size 2x10
                RenderText {#text} at (0,0) size 2x10
                  text run at (0,0) width 2: " "
            RenderTableCell {TD} at (752,290) size 8x10 [bgcolor=#FDFDFB] [r=29 c=96 rs=1 cs=1]
              RenderInline {FONT} at (0,0) size 2x10
                RenderText {#text} at (0,0) size 2x10
                  text run at (0,0) width 2: " "
            RenderTableCell {TD} at (760,290) size 8x10 [bgcolor=#FDFDFB] [r=29 c=97 rs=1 cs=1]
              RenderInline {FONT} at (0,0) size 2x10
                RenderText {#text} at (0,0) size 2x10
                  text run at (0,0) width 2: " "
            RenderTableCell {TD} at (768,290) size 8x10 [bgcolor=#FDFDFB] [r=29 c=98 rs=1 cs=1]
              RenderInline {FONT} at (0,0) size 2x10
                RenderText {#text} at (0,0) size 2x10
                  text run at (0,0) width 2: " "
            RenderTableCell {TD} at (776,290) size 8x10 [bgcolor=#FDFDFB] [r=29 c=99 rs=1 cs=1]
              RenderInline {FONT} at (0,0) size 2x10
                RenderText {#text} at (0,0) size 2x10
                  text run at (0,0) width 2: " "
          RenderTableRow {TR} at (0,300) size 784x10
            RenderTableCell {TD} at (0,300) size 7x10 [bgcolor=#FDFDFB] [r=30 c=0 rs=1 cs=1]
              RenderInline {FONT} at (0,0) size 2x10
                RenderText {#text} at (0,0) size 2x10
                  text run at (0,0) width 2: " "
            RenderTableCell {TD} at (7,300) size 7x10 [bgcolor=#FDFDFB] [r=30 c=1 rs=1 cs=1]
              RenderInline {FONT} at (0,0) size 2x10
                RenderText {#text} at (0,0) size 2x10
                  text run at (0,0) width 2: " "
            RenderTableCell {TD} at (14,300) size 7x10 [bgcolor=#FDFDFB] [r=30 c=2 rs=1 cs=1]
              RenderInline {FONT} at (0,0) size 2x10
                RenderText {#text} at (0,0) size 2x10
                  text run at (0,0) width 2: " "
            RenderTableCell {TD} at (21,300) size 7x10 [bgcolor=#FDFDFB] [r=30 c=3 rs=1 cs=1]
              RenderInline {FONT} at (0,0) size 2x10
                RenderText {#text} at (0,0) size 2x10
                  text run at (0,0) width 2: " "
            RenderTableCell {TD} at (28,300) size 7x10 [bgcolor=#FDFDFB] [r=30 c=4 rs=1 cs=1]
              RenderInline {FONT} at (0,0) size 2x10
                RenderText {#text} at (0,0) size 2x10
                  text run at (0,0) width 2: " "
            RenderTableCell {TD} at (35,300) size 7x10 [bgcolor=#FDFDFB] [r=30 c=5 rs=1 cs=1]
              RenderInline {FONT} at (0,0) size 2x10
                RenderText {#text} at (0,0) size 2x10
                  text run at (0,0) width 2: " "
            RenderTableCell {TD} at (42,300) size 7x10 [bgcolor=#FDFDFB] [r=30 c=6 rs=1 cs=1]
              RenderInline {FONT} at (0,0) size 2x10
                RenderText {#text} at (0,0) size 2x10
                  text run at (0,0) width 2: " "
            RenderTableCell {TD} at (49,300) size 7x10 [bgcolor=#FDFDFB] [r=30 c=7 rs=1 cs=1]
              RenderInline {FONT} at (0,0) size 2x10
                RenderText {#text} at (0,0) size 2x10
                  text run at (0,0) width 2: " "
            RenderTableCell {TD} at (56,300) size 7x10 [bgcolor=#FDFDFB] [r=30 c=8 rs=1 cs=1]
              RenderInline {FONT} at (0,0) size 2x10
                RenderText {#text} at (0,0) size 2x10
                  text run at (0,0) width 2: " "
            RenderTableCell {TD} at (63,300) size 7x10 [bgcolor=#FDFDFB] [r=30 c=9 rs=1 cs=1]
              RenderInline {FONT} at (0,0) size 2x10
                RenderText {#text} at (0,0) size 2x10
                  text run at (0,0) width 2: " "
            RenderTableCell {TD} at (70,300) size 7x10 [bgcolor=#FDFDFB] [r=30 c=10 rs=1 cs=1]
              RenderInline {FONT} at (0,0) size 2x10
                RenderText {#text} at (0,0) size 2x10
                  text run at (0,0) width 2: " "
            RenderTableCell {TD} at (77,300) size 7x10 [bgcolor=#FDFDFB] [r=30 c=11 rs=1 cs=1]
              RenderInline {FONT} at (0,0) size 2x10
                RenderText {#text} at (0,0) size 2x10
                  text run at (0,0) width 2: " "
            RenderTableCell {TD} at (84,300) size 7x10 [bgcolor=#FDFDFB] [r=30 c=12 rs=1 cs=1]
              RenderInline {FONT} at (0,0) size 2x10
                RenderText {#text} at (0,0) size 2x10
                  text run at (0,0) width 2: " "
            RenderTableCell {TD} at (91,300) size 7x10 [bgcolor=#FDFDFB] [r=30 c=13 rs=1 cs=1]
              RenderInline {FONT} at (0,0) size 2x10
                RenderText {#text} at (0,0) size 2x10
                  text run at (0,0) width 2: " "
            RenderTableCell {TD} at (98,300) size 7x10 [bgcolor=#FDFDFB] [r=30 c=14 rs=1 cs=1]
              RenderInline {FONT} at (0,0) size 2x10
                RenderText {#text} at (0,0) size 2x10
                  text run at (0,0) width 2: " "
            RenderTableCell {TD} at (105,300) size 7x10 [bgcolor=#FDFDFB] [r=30 c=15 rs=1 cs=1]
              RenderInline {FONT} at (0,0) size 2x10
                RenderText {#text} at (0,0) size 2x10
                  text run at (0,0) width 2: " "
            RenderTableCell {TD} at (112,300) size 8x10 [bgcolor=#FDFDFB] [r=30 c=16 rs=1 cs=1]
              RenderInline {FONT} at (0,0) size 2x10
                RenderText {#text} at (0,0) size 2x10
                  text run at (0,0) width 2: " "
            RenderTableCell {TD} at (120,300) size 8x10 [bgcolor=#FDFDFB] [r=30 c=17 rs=1 cs=1]
              RenderInline {FONT} at (0,0) size 2x10
                RenderText {#text} at (0,0) size 2x10
                  text run at (0,0) width 2: " "
            RenderTableCell {TD} at (128,300) size 8x10 [bgcolor=#FDFDFB] [r=30 c=18 rs=1 cs=1]
              RenderInline {FONT} at (0,0) size 2x10
                RenderText {#text} at (0,0) size 2x10
                  text run at (0,0) width 2: " "
            RenderTableCell {TD} at (136,300) size 8x10 [bgcolor=#FDFDFB] [r=30 c=19 rs=1 cs=1]
              RenderInline {FONT} at (0,0) size 2x10
                RenderText {#text} at (0,0) size 2x10
                  text run at (0,0) width 2: " "
            RenderTableCell {TD} at (144,300) size 8x10 [bgcolor=#FDFDFB] [r=30 c=20 rs=1 cs=1]
              RenderInline {FONT} at (0,0) size 2x10
                RenderText {#text} at (0,0) size 2x10
                  text run at (0,0) width 2: " "
            RenderTableCell {TD} at (152,300) size 8x10 [bgcolor=#FDFDFB] [r=30 c=21 rs=1 cs=1]
              RenderInline {FONT} at (0,0) size 2x10
                RenderText {#text} at (0,0) size 2x10
                  text run at (0,0) width 2: " "
            RenderTableCell {TD} at (160,300) size 8x10 [bgcolor=#FDFDFB] [r=30 c=22 rs=1 cs=1]
              RenderInline {FONT} at (0,0) size 2x10
                RenderText {#text} at (0,0) size 2x10
                  text run at (0,0) width 2: " "
            RenderTableCell {TD} at (168,300) size 8x10 [bgcolor=#FDFDFB] [r=30 c=23 rs=1 cs=1]
              RenderInline {FONT} at (0,0) size 2x10
                RenderText {#text} at (0,0) size 2x10
                  text run at (0,0) width 2: " "
            RenderTableCell {TD} at (176,300) size 8x10 [bgcolor=#FDFDFB] [r=30 c=24 rs=1 cs=1]
              RenderInline {FONT} at (0,0) size 2x10
                RenderText {#text} at (0,0) size 2x10
                  text run at (0,0) width 2: " "
            RenderTableCell {TD} at (184,300) size 8x10 [bgcolor=#FDFDFB] [r=30 c=25 rs=1 cs=1]
              RenderInline {FONT} at (0,0) size 2x10
                RenderText {#text} at (0,0) size 2x10
                  text run at (0,0) width 2: " "
            RenderTableCell {TD} at (192,300) size 8x10 [bgcolor=#FDFDFB] [r=30 c=26 rs=1 cs=1]
              RenderInline {FONT} at (0,0) size 2x10
                RenderText {#text} at (0,0) size 2x10
                  text run at (0,0) width 2: " "
            RenderTableCell {TD} at (200,300) size 8x10 [bgcolor=#FDFDFB] [r=30 c=27 rs=1 cs=1]
              RenderInline {FONT} at (0,0) size 2x10
                RenderText {#text} at (0,0) size 2x10
                  text run at (0,0) width 2: " "
            RenderTableCell {TD} at (208,300) size 8x10 [bgcolor=#FDFDFB] [r=30 c=28 rs=1 cs=1]
              RenderInline {FONT} at (0,0) size 2x10
                RenderText {#text} at (0,0) size 2x10
                  text run at (0,0) width 2: " "
            RenderTableCell {TD} at (216,300) size 8x10 [bgcolor=#FDFDFB] [r=30 c=29 rs=1 cs=1]
              RenderInline {FONT} at (0,0) size 2x10
                RenderText {#text} at (0,0) size 2x10
                  text run at (0,0) width 2: " "
            RenderTableCell {TD} at (224,300) size 8x10 [bgcolor=#FDFDFB] [r=30 c=30 rs=1 cs=1]
              RenderInline {FONT} at (0,0) size 2x10
                RenderText {#text} at (0,0) size 2x10
                  text run at (0,0) width 2: " "
            RenderTableCell {TD} at (232,300) size 8x10 [bgcolor=#FDFDFB] [r=30 c=31 rs=1 cs=1]
              RenderInline {FONT} at (0,0) size 2x10
                RenderText {#text} at (0,0) size 2x10
                  text run at (0,0) width 2: " "
            RenderTableCell {TD} at (240,300) size 8x10 [bgcolor=#FDFDFB] [r=30 c=32 rs=1 cs=1]
              RenderInline {FONT} at (0,0) size 2x10
                RenderText {#text} at (0,0) size 2x10
                  text run at (0,0) width 2: " "
            RenderTableCell {TD} at (248,300) size 8x10 [bgcolor=#FDFDFB] [r=30 c=33 rs=1 cs=1]
              RenderInline {FONT} at (0,0) size 2x10
                RenderText {#text} at (0,0) size 2x10
                  text run at (0,0) width 2: " "
            RenderTableCell {TD} at (256,300) size 8x10 [bgcolor=#FDFDFB] [r=30 c=34 rs=1 cs=1]
              RenderInline {FONT} at (0,0) size 2x10
                RenderText {#text} at (0,0) size 2x10
                  text run at (0,0) width 2: " "
            RenderTableCell {TD} at (264,300) size 8x10 [bgcolor=#FDFDFB] [r=30 c=35 rs=1 cs=1]
              RenderInline {FONT} at (0,0) size 2x10
                RenderText {#text} at (0,0) size 2x10
                  text run at (0,0) width 2: " "
            RenderTableCell {TD} at (272,300) size 8x10 [bgcolor=#FDFDFB] [r=30 c=36 rs=1 cs=1]
              RenderInline {FONT} at (0,0) size 2x10
                RenderText {#text} at (0,0) size 2x10
                  text run at (0,0) width 2: " "
            RenderTableCell {TD} at (280,300) size 8x10 [bgcolor=#FDFDFB] [r=30 c=37 rs=1 cs=1]
              RenderInline {FONT} at (0,0) size 2x10
                RenderText {#text} at (0,0) size 2x10
                  text run at (0,0) width 2: " "
            RenderTableCell {TD} at (288,300) size 8x10 [bgcolor=#FDFDFB] [r=30 c=38 rs=1 cs=1]
              RenderInline {FONT} at (0,0) size 2x10
                RenderText {#text} at (0,0) size 2x10
                  text run at (0,0) width 2: " "
            RenderTableCell {TD} at (296,300) size 8x10 [bgcolor=#FDFDFB] [r=30 c=39 rs=1 cs=1]
              RenderInline {FONT} at (0,0) size 2x10
                RenderText {#text} at (0,0) size 2x10
                  text run at (0,0) width 2: " "
            RenderTableCell {TD} at (304,300) size 8x10 [bgcolor=#FDFDFB] [r=30 c=40 rs=1 cs=1]
              RenderInline {FONT} at (0,0) size 2x10
                RenderText {#text} at (0,0) size 2x10
                  text run at (0,0) width 2: " "
            RenderTableCell {TD} at (312,300) size 8x10 [bgcolor=#FDFDFB] [r=30 c=41 rs=1 cs=1]
              RenderInline {FONT} at (0,0) size 2x10
                RenderText {#text} at (0,0) size 2x10
                  text run at (0,0) width 2: " "
            RenderTableCell {TD} at (320,300) size 8x10 [bgcolor=#FDFDFB] [r=30 c=42 rs=1 cs=1]
              RenderInline {FONT} at (0,0) size 2x10
                RenderText {#text} at (0,0) size 2x10
                  text run at (0,0) width 2: " "
            RenderTableCell {TD} at (328,300) size 8x10 [bgcolor=#FDFDFB] [r=30 c=43 rs=1 cs=1]
              RenderInline {FONT} at (0,0) size 2x10
                RenderText {#text} at (0,0) size 2x10
                  text run at (0,0) width 2: " "
            RenderTableCell {TD} at (336,300) size 8x10 [bgcolor=#FDFDFB] [r=30 c=44 rs=1 cs=1]
              RenderInline {FONT} at (0,0) size 2x10
                RenderText {#text} at (0,0) size 2x10
                  text run at (0,0) width 2: " "
            RenderTableCell {TD} at (344,300) size 8x10 [bgcolor=#FDFDFB] [r=30 c=45 rs=1 cs=1]
              RenderInline {FONT} at (0,0) size 2x10
                RenderText {#text} at (0,0) size 2x10
                  text run at (0,0) width 2: " "
            RenderTableCell {TD} at (352,300) size 8x10 [bgcolor=#FDFDFB] [r=30 c=46 rs=1 cs=1]
              RenderInline {FONT} at (0,0) size 2x10
                RenderText {#text} at (0,0) size 2x10
                  text run at (0,0) width 2: " "
            RenderTableCell {TD} at (360,300) size 8x10 [bgcolor=#FDFDFB] [r=30 c=47 rs=1 cs=1]
              RenderInline {FONT} at (0,0) size 2x10
                RenderText {#text} at (0,0) size 2x10
                  text run at (0,0) width 2: " "
            RenderTableCell {TD} at (368,300) size 8x10 [bgcolor=#FDFDFB] [r=30 c=48 rs=1 cs=1]
              RenderInline {FONT} at (0,0) size 2x10
                RenderText {#text} at (0,0) size 2x10
                  text run at (0,0) width 2: " "
            RenderTableCell {TD} at (376,300) size 8x10 [bgcolor=#FDFDFB] [r=30 c=49 rs=1 cs=1]
              RenderInline {FONT} at (0,0) size 2x10
                RenderText {#text} at (0,0) size 2x10
                  text run at (0,0) width 2: " "
            RenderTableCell {TD} at (384,300) size 8x10 [bgcolor=#FDFDFB] [r=30 c=50 rs=1 cs=1]
              RenderInline {FONT} at (0,0) size 2x10
                RenderText {#text} at (0,0) size 2x10
                  text run at (0,0) width 2: " "
            RenderTableCell {TD} at (392,300) size 8x10 [bgcolor=#FDFDFB] [r=30 c=51 rs=1 cs=1]
              RenderInline {FONT} at (0,0) size 2x10
                RenderText {#text} at (0,0) size 2x10
                  text run at (0,0) width 2: " "
            RenderTableCell {TD} at (400,300) size 8x10 [bgcolor=#FDFDFB] [r=30 c=52 rs=1 cs=1]
              RenderInline {FONT} at (0,0) size 2x10
                RenderText {#text} at (0,0) size 2x10
                  text run at (0,0) width 2: " "
            RenderTableCell {TD} at (408,300) size 8x10 [bgcolor=#FDFDFB] [r=30 c=53 rs=1 cs=1]
              RenderInline {FONT} at (0,0) size 2x10
                RenderText {#text} at (0,0) size 2x10
                  text run at (0,0) width 2: " "
            RenderTableCell {TD} at (416,300) size 8x10 [bgcolor=#FDFDFB] [r=30 c=54 rs=1 cs=1]
              RenderInline {FONT} at (0,0) size 2x10
                RenderText {#text} at (0,0) size 2x10
                  text run at (0,0) width 2: " "
            RenderTableCell {TD} at (424,300) size 8x10 [bgcolor=#FDFDFB] [r=30 c=55 rs=1 cs=1]
              RenderInline {FONT} at (0,0) size 2x10
                RenderText {#text} at (0,0) size 2x10
                  text run at (0,0) width 2: " "
            RenderTableCell {TD} at (432,300) size 8x10 [bgcolor=#FDFDFB] [r=30 c=56 rs=1 cs=1]
              RenderInline {FONT} at (0,0) size 2x10
                RenderText {#text} at (0,0) size 2x10
                  text run at (0,0) width 2: " "
            RenderTableCell {TD} at (440,300) size 8x10 [bgcolor=#FDFDFB] [r=30 c=57 rs=1 cs=1]
              RenderInline {FONT} at (0,0) size 2x10
                RenderText {#text} at (0,0) size 2x10
                  text run at (0,0) width 2: " "
            RenderTableCell {TD} at (448,300) size 8x10 [bgcolor=#FDFDFB] [r=30 c=58 rs=1 cs=1]
              RenderInline {FONT} at (0,0) size 2x10
                RenderText {#text} at (0,0) size 2x10
                  text run at (0,0) width 2: " "
            RenderTableCell {TD} at (456,300) size 8x10 [bgcolor=#FDFDFB] [r=30 c=59 rs=1 cs=1]
              RenderInline {FONT} at (0,0) size 2x10
                RenderText {#text} at (0,0) size 2x10
                  text run at (0,0) width 2: " "
            RenderTableCell {TD} at (464,300) size 8x10 [bgcolor=#FDFDFB] [r=30 c=60 rs=1 cs=1]
              RenderInline {FONT} at (0,0) size 2x10
                RenderText {#text} at (0,0) size 2x10
                  text run at (0,0) width 2: " "
            RenderTableCell {TD} at (472,300) size 8x10 [bgcolor=#FDFDFB] [r=30 c=61 rs=1 cs=1]
              RenderInline {FONT} at (0,0) size 2x10
                RenderText {#text} at (0,0) size 2x10
                  text run at (0,0) width 2: " "
            RenderTableCell {TD} at (480,300) size 8x10 [bgcolor=#FDFDFB] [r=30 c=62 rs=1 cs=1]
              RenderInline {FONT} at (0,0) size 2x10
                RenderText {#text} at (0,0) size 2x10
                  text run at (0,0) width 2: " "
            RenderTableCell {TD} at (488,300) size 8x10 [bgcolor=#FDFDFB] [r=30 c=63 rs=1 cs=1]
              RenderInline {FONT} at (0,0) size 2x10
                RenderText {#text} at (0,0) size 2x10
                  text run at (0,0) width 2: " "
            RenderTableCell {TD} at (496,300) size 8x10 [bgcolor=#FDFDFB] [r=30 c=64 rs=1 cs=1]
              RenderInline {FONT} at (0,0) size 2x10
                RenderText {#text} at (0,0) size 2x10
                  text run at (0,0) width 2: " "
            RenderTableCell {TD} at (504,300) size 8x10 [bgcolor=#CECFCF] [r=30 c=65 rs=1 cs=1]
              RenderInline {FONT} at (0,0) size 2x10
                RenderText {#text} at (0,0) size 2x10
                  text run at (0,0) width 2: " "
            RenderTableCell {TD} at (512,300) size 8x10 [bgcolor=#7B918F] [r=30 c=66 rs=1 cs=1]
              RenderInline {FONT} at (0,0) size 2x10
                RenderText {#text} at (0,0) size 2x10
                  text run at (0,0) width 2: " "
            RenderTableCell {TD} at (520,300) size 8x10 [bgcolor=#305D5D] [r=30 c=67 rs=1 cs=1]
              RenderInline {FONT} at (0,0) size 2x10
                RenderText {#text} at (0,0) size 2x10
                  text run at (0,0) width 2: " "
            RenderTableCell {TD} at (528,300) size 8x10 [bgcolor=#044140] [r=30 c=68 rs=1 cs=1]
              RenderInline {FONT} at (0,0) size 2x10
                RenderText {#text} at (0,0) size 2x10
                  text run at (0,0) width 2: " "
            RenderTableCell {TD} at (536,300) size 8x10 [bgcolor=#044140] [r=30 c=69 rs=1 cs=1]
              RenderInline {FONT} at (0,0) size 2x10
                RenderText {#text} at (0,0) size 2x10
                  text run at (0,0) width 2: " "
            RenderTableCell {TD} at (544,300) size 8x10 [bgcolor=#044140] [r=30 c=70 rs=1 cs=1]
              RenderInline {FONT} at (0,0) size 2x10
                RenderText {#text} at (0,0) size 2x10
                  text run at (0,0) width 2: " "
            RenderTableCell {TD} at (552,300) size 8x10 [bgcolor=#044F4F] [r=30 c=71 rs=1 cs=1]
              RenderInline {FONT} at (0,0) size 2x10
                RenderText {#text} at (0,0) size 2x10
                  text run at (0,0) width 2: " "
            RenderTableCell {TD} at (560,300) size 8x10 [bgcolor=#044F4F] [r=30 c=72 rs=1 cs=1]
              RenderInline {FONT} at (0,0) size 2x10
                RenderText {#text} at (0,0) size 2x10
                  text run at (0,0) width 2: " "
            RenderTableCell {TD} at (568,300) size 8x10 [bgcolor=#044F4F] [r=30 c=73 rs=1 cs=1]
              RenderInline {FONT} at (0,0) size 2x10
                RenderText {#text} at (0,0) size 2x10
                  text run at (0,0) width 2: " "
            RenderTableCell {TD} at (576,300) size 8x10 [bgcolor=#044F4F] [r=30 c=74 rs=1 cs=1]
              RenderInline {FONT} at (0,0) size 2x10
                RenderText {#text} at (0,0) size 2x10
                  text run at (0,0) width 2: " "
            RenderTableCell {TD} at (584,300) size 8x10 [bgcolor=#044F4F] [r=30 c=75 rs=1 cs=1]
              RenderInline {FONT} at (0,0) size 2x10
                RenderText {#text} at (0,0) size 2x10
                  text run at (0,0) width 2: " "
            RenderTableCell {TD} at (592,300) size 8x10 [bgcolor=#044F4F] [r=30 c=76 rs=1 cs=1]
              RenderInline {FONT} at (0,0) size 2x10
                RenderText {#text} at (0,0) size 2x10
                  text run at (0,0) width 2: " "
            RenderTableCell {TD} at (600,300) size 8x10 [bgcolor=#044F4F] [r=30 c=77 rs=1 cs=1]
              RenderInline {FONT} at (0,0) size 2x10
                RenderText {#text} at (0,0) size 2x10
                  text run at (0,0) width 2: " "
            RenderTableCell {TD} at (608,300) size 8x10 [bgcolor=#044140] [r=30 c=78 rs=1 cs=1]
              RenderInline {FONT} at (0,0) size 2x10
                RenderText {#text} at (0,0) size 2x10
                  text run at (0,0) width 2: " "
            RenderTableCell {TD} at (616,300) size 8x10 [bgcolor=#044140] [r=30 c=79 rs=1 cs=1]
              RenderInline {FONT} at (0,0) size 2x10
                RenderText {#text} at (0,0) size 2x10
                  text run at (0,0) width 2: " "
            RenderTableCell {TD} at (624,300) size 8x10 [bgcolor=#044140] [r=30 c=80 rs=1 cs=1]
              RenderInline {FONT} at (0,0) size 2x10
                RenderText {#text} at (0,0) size 2x10
                  text run at (0,0) width 2: " "
            RenderTableCell {TD} at (632,300) size 8x10 [bgcolor=#044140] [r=30 c=81 rs=1 cs=1]
              RenderInline {FONT} at (0,0) size 2x10
                RenderText {#text} at (0,0) size 2x10
                  text run at (0,0) width 2: " "
            RenderTableCell {TD} at (640,300) size 8x10 [bgcolor=#044140] [r=30 c=82 rs=1 cs=1]
              RenderInline {FONT} at (0,0) size 2x10
                RenderText {#text} at (0,0) size 2x10
                  text run at (0,0) width 2: " "
            RenderTableCell {TD} at (648,300) size 8x10 [bgcolor=#044140] [r=30 c=83 rs=1 cs=1]
              RenderInline {FONT} at (0,0) size 2x10
                RenderText {#text} at (0,0) size 2x10
                  text run at (0,0) width 2: " "
            RenderTableCell {TD} at (656,300) size 8x10 [bgcolor=#044140] [r=30 c=84 rs=1 cs=1]
              RenderInline {FONT} at (0,0) size 2x10
                RenderText {#text} at (0,0) size 2x10
                  text run at (0,0) width 2: " "
            RenderTableCell {TD} at (664,300) size 8x10 [bgcolor=#083131] [r=30 c=85 rs=1 cs=1]
              RenderInline {FONT} at (0,0) size 2x10
                RenderText {#text} at (0,0) size 2x10
                  text run at (0,0) width 2: " "
            RenderTableCell {TD} at (672,300) size 8x10 [bgcolor=#083131] [r=30 c=86 rs=1 cs=1]
              RenderInline {FONT} at (0,0) size 2x10
                RenderText {#text} at (0,0) size 2x10
                  text run at (0,0) width 2: " "
            RenderTableCell {TD} at (680,300) size 8x10 [bgcolor=#083131] [r=30 c=87 rs=1 cs=1]
              RenderInline {FONT} at (0,0) size 2x10
                RenderText {#text} at (0,0) size 2x10
                  text run at (0,0) width 2: " "
            RenderTableCell {TD} at (688,300) size 8x10 [bgcolor=#344C4E] [r=30 c=88 rs=1 cs=1]
              RenderInline {FONT} at (0,0) size 2x10
                RenderText {#text} at (0,0) size 2x10
                  text run at (0,0) width 2: " "
            RenderTableCell {TD} at (696,300) size 8x10 [bgcolor=#515C5B] [r=30 c=89 rs=1 cs=1]
              RenderInline {FONT} at (0,0) size 2x10
                RenderText {#text} at (0,0) size 2x10
                  text run at (0,0) width 2: " "
            RenderTableCell {TD} at (704,300) size 8x10 [bgcolor=#777878] [r=30 c=90 rs=1 cs=1]
              RenderInline {FONT} at (0,0) size 2x10
                RenderText {#text} at (0,0) size 2x10
                  text run at (0,0) width 2: " "
            RenderTableCell {TD} at (712,300) size 8x10 [bgcolor=#939494] [r=30 c=91 rs=1 cs=1]
              RenderInline {FONT} at (0,0) size 2x10
                RenderText {#text} at (0,0) size 2x10
                  text run at (0,0) width 2: " "
            RenderTableCell {TD} at (720,300) size 8x10 [bgcolor=#A5A6A6] [r=30 c=92 rs=1 cs=1]
              RenderInline {FONT} at (0,0) size 2x10
                RenderText {#text} at (0,0) size 2x10
                  text run at (0,0) width 2: " "
            RenderTableCell {TD} at (728,300) size 8x10 [bgcolor=#CECFCF] [r=30 c=93 rs=1 cs=1]
              RenderInline {FONT} at (0,0) size 2x10
                RenderText {#text} at (0,0) size 2x10
                  text run at (0,0) width 2: " "
            RenderTableCell {TD} at (736,300) size 8x10 [bgcolor=#E0EAE9] [r=30 c=94 rs=1 cs=1]
              RenderInline {FONT} at (0,0) size 2x10
                RenderText {#text} at (0,0) size 2x10
                  text run at (0,0) width 2: " "
            RenderTableCell {TD} at (744,300) size 8x10 [bgcolor=#FDFDFB] [r=30 c=95 rs=1 cs=1]
              RenderInline {FONT} at (0,0) size 2x10
                RenderText {#text} at (0,0) size 2x10
                  text run at (0,0) width 2: " "
            RenderTableCell {TD} at (752,300) size 8x10 [bgcolor=#FDFDFB] [r=30 c=96 rs=1 cs=1]
              RenderInline {FONT} at (0,0) size 2x10
                RenderText {#text} at (0,0) size 2x10
                  text run at (0,0) width 2: " "
            RenderTableCell {TD} at (760,300) size 8x10 [bgcolor=#FDFDFB] [r=30 c=97 rs=1 cs=1]
              RenderInline {FONT} at (0,0) size 2x10
                RenderText {#text} at (0,0) size 2x10
                  text run at (0,0) width 2: " "
            RenderTableCell {TD} at (768,300) size 8x10 [bgcolor=#FDFDFB] [r=30 c=98 rs=1 cs=1]
              RenderInline {FONT} at (0,0) size 2x10
                RenderText {#text} at (0,0) size 2x10
                  text run at (0,0) width 2: " "
            RenderTableCell {TD} at (776,300) size 8x10 [bgcolor=#FDFDFB] [r=30 c=99 rs=1 cs=1]
              RenderInline {FONT} at (0,0) size 2x10
                RenderText {#text} at (0,0) size 2x10
                  text run at (0,0) width 2: " "
          RenderTableRow {TR} at (0,310) size 784x10
            RenderTableCell {TD} at (0,310) size 7x10 [bgcolor=#FDFDFB] [r=31 c=0 rs=1 cs=1]
              RenderInline {FONT} at (0,0) size 2x10
                RenderText {#text} at (0,0) size 2x10
                  text run at (0,0) width 2: " "
            RenderTableCell {TD} at (7,310) size 7x10 [bgcolor=#FDFDFB] [r=31 c=1 rs=1 cs=1]
              RenderInline {FONT} at (0,0) size 2x10
                RenderText {#text} at (0,0) size 2x10
                  text run at (0,0) width 2: " "
            RenderTableCell {TD} at (14,310) size 7x10 [bgcolor=#FDFDFB] [r=31 c=2 rs=1 cs=1]
              RenderInline {FONT} at (0,0) size 2x10
                RenderText {#text} at (0,0) size 2x10
                  text run at (0,0) width 2: " "
            RenderTableCell {TD} at (21,310) size 7x10 [bgcolor=#FDFDFB] [r=31 c=3 rs=1 cs=1]
              RenderInline {FONT} at (0,0) size 2x10
                RenderText {#text} at (0,0) size 2x10
                  text run at (0,0) width 2: " "
            RenderTableCell {TD} at (28,310) size 7x10 [bgcolor=#FDFDFB] [r=31 c=4 rs=1 cs=1]
              RenderInline {FONT} at (0,0) size 2x10
                RenderText {#text} at (0,0) size 2x10
                  text run at (0,0) width 2: " "
            RenderTableCell {TD} at (35,310) size 7x10 [bgcolor=#FDFDFB] [r=31 c=5 rs=1 cs=1]
              RenderInline {FONT} at (0,0) size 2x10
                RenderText {#text} at (0,0) size 2x10
                  text run at (0,0) width 2: " "
            RenderTableCell {TD} at (42,310) size 7x10 [bgcolor=#FDFDFB] [r=31 c=6 rs=1 cs=1]
              RenderInline {FONT} at (0,0) size 2x10
                RenderText {#text} at (0,0) size 2x10
                  text run at (0,0) width 2: " "
            RenderTableCell {TD} at (49,310) size 7x10 [bgcolor=#FDFDFB] [r=31 c=7 rs=1 cs=1]
              RenderInline {FONT} at (0,0) size 2x10
                RenderText {#text} at (0,0) size 2x10
                  text run at (0,0) width 2: " "
            RenderTableCell {TD} at (56,310) size 7x10 [bgcolor=#FDFDFB] [r=31 c=8 rs=1 cs=1]
              RenderInline {FONT} at (0,0) size 2x10
                RenderText {#text} at (0,0) size 2x10
                  text run at (0,0) width 2: " "
            RenderTableCell {TD} at (63,310) size 7x10 [bgcolor=#FDFDFB] [r=31 c=9 rs=1 cs=1]
              RenderInline {FONT} at (0,0) size 2x10
                RenderText {#text} at (0,0) size 2x10
                  text run at (0,0) width 2: " "
            RenderTableCell {TD} at (70,310) size 7x10 [bgcolor=#FDFDFB] [r=31 c=10 rs=1 cs=1]
              RenderInline {FONT} at (0,0) size 2x10
                RenderText {#text} at (0,0) size 2x10
                  text run at (0,0) width 2: " "
            RenderTableCell {TD} at (77,310) size 7x10 [bgcolor=#FDFDFB] [r=31 c=11 rs=1 cs=1]
              RenderInline {FONT} at (0,0) size 2x10
                RenderText {#text} at (0,0) size 2x10
                  text run at (0,0) width 2: " "
            RenderTableCell {TD} at (84,310) size 7x10 [bgcolor=#FDFDFB] [r=31 c=12 rs=1 cs=1]
              RenderInline {FONT} at (0,0) size 2x10
                RenderText {#text} at (0,0) size 2x10
                  text run at (0,0) width 2: " "
            RenderTableCell {TD} at (91,310) size 7x10 [bgcolor=#FDFDFB] [r=31 c=13 rs=1 cs=1]
              RenderInline {FONT} at (0,0) size 2x10
                RenderText {#text} at (0,0) size 2x10
                  text run at (0,0) width 2: " "
            RenderTableCell {TD} at (98,310) size 7x10 [bgcolor=#FDFDFB] [r=31 c=14 rs=1 cs=1]
              RenderInline {FONT} at (0,0) size 2x10
                RenderText {#text} at (0,0) size 2x10
                  text run at (0,0) width 2: " "
            RenderTableCell {TD} at (105,310) size 7x10 [bgcolor=#FDFDFB] [r=31 c=15 rs=1 cs=1]
              RenderInline {FONT} at (0,0) size 2x10
                RenderText {#text} at (0,0) size 2x10
                  text run at (0,0) width 2: " "
            RenderTableCell {TD} at (112,310) size 8x10 [bgcolor=#FDFDFB] [r=31 c=16 rs=1 cs=1]
              RenderInline {FONT} at (0,0) size 2x10
                RenderText {#text} at (0,0) size 2x10
                  text run at (0,0) width 2: " "
            RenderTableCell {TD} at (120,310) size 8x10 [bgcolor=#FDFDFB] [r=31 c=17 rs=1 cs=1]
              RenderInline {FONT} at (0,0) size 2x10
                RenderText {#text} at (0,0) size 2x10
                  text run at (0,0) width 2: " "
            RenderTableCell {TD} at (128,310) size 8x10 [bgcolor=#FDFDFB] [r=31 c=18 rs=1 cs=1]
              RenderInline {FONT} at (0,0) size 2x10
                RenderText {#text} at (0,0) size 2x10
                  text run at (0,0) width 2: " "
            RenderTableCell {TD} at (136,310) size 8x10 [bgcolor=#FDFDFB] [r=31 c=19 rs=1 cs=1]
              RenderInline {FONT} at (0,0) size 2x10
                RenderText {#text} at (0,0) size 2x10
                  text run at (0,0) width 2: " "
            RenderTableCell {TD} at (144,310) size 8x10 [bgcolor=#FDFDFB] [r=31 c=20 rs=1 cs=1]
              RenderInline {FONT} at (0,0) size 2x10
                RenderText {#text} at (0,0) size 2x10
                  text run at (0,0) width 2: " "
            RenderTableCell {TD} at (152,310) size 8x10 [bgcolor=#FDFDFB] [r=31 c=21 rs=1 cs=1]
              RenderInline {FONT} at (0,0) size 2x10
                RenderText {#text} at (0,0) size 2x10
                  text run at (0,0) width 2: " "
            RenderTableCell {TD} at (160,310) size 8x10 [bgcolor=#FDFDFB] [r=31 c=22 rs=1 cs=1]
              RenderInline {FONT} at (0,0) size 2x10
                RenderText {#text} at (0,0) size 2x10
                  text run at (0,0) width 2: " "
            RenderTableCell {TD} at (168,310) size 8x10 [bgcolor=#FDFDFB] [r=31 c=23 rs=1 cs=1]
              RenderInline {FONT} at (0,0) size 2x10
                RenderText {#text} at (0,0) size 2x10
                  text run at (0,0) width 2: " "
            RenderTableCell {TD} at (176,310) size 8x10 [bgcolor=#FDFDFB] [r=31 c=24 rs=1 cs=1]
              RenderInline {FONT} at (0,0) size 2x10
                RenderText {#text} at (0,0) size 2x10
                  text run at (0,0) width 2: " "
            RenderTableCell {TD} at (184,310) size 8x10 [bgcolor=#FDFDFB] [r=31 c=25 rs=1 cs=1]
              RenderInline {FONT} at (0,0) size 2x10
                RenderText {#text} at (0,0) size 2x10
                  text run at (0,0) width 2: " "
            RenderTableCell {TD} at (192,310) size 8x10 [bgcolor=#FDFDFB] [r=31 c=26 rs=1 cs=1]
              RenderInline {FONT} at (0,0) size 2x10
                RenderText {#text} at (0,0) size 2x10
                  text run at (0,0) width 2: " "
            RenderTableCell {TD} at (200,310) size 8x10 [bgcolor=#FDFDFB] [r=31 c=27 rs=1 cs=1]
              RenderInline {FONT} at (0,0) size 2x10
                RenderText {#text} at (0,0) size 2x10
                  text run at (0,0) width 2: " "
            RenderTableCell {TD} at (208,310) size 8x10 [bgcolor=#FDFDFB] [r=31 c=28 rs=1 cs=1]
              RenderInline {FONT} at (0,0) size 2x10
                RenderText {#text} at (0,0) size 2x10
                  text run at (0,0) width 2: " "
            RenderTableCell {TD} at (216,310) size 8x10 [bgcolor=#FDFDFB] [r=31 c=29 rs=1 cs=1]
              RenderInline {FONT} at (0,0) size 2x10
                RenderText {#text} at (0,0) size 2x10
                  text run at (0,0) width 2: " "
            RenderTableCell {TD} at (224,310) size 8x10 [bgcolor=#FDFDFB] [r=31 c=30 rs=1 cs=1]
              RenderInline {FONT} at (0,0) size 2x10
                RenderText {#text} at (0,0) size 2x10
                  text run at (0,0) width 2: " "
            RenderTableCell {TD} at (232,310) size 8x10 [bgcolor=#FDFDFB] [r=31 c=31 rs=1 cs=1]
              RenderInline {FONT} at (0,0) size 2x10
                RenderText {#text} at (0,0) size 2x10
                  text run at (0,0) width 2: " "
            RenderTableCell {TD} at (240,310) size 8x10 [bgcolor=#FDFDFB] [r=31 c=32 rs=1 cs=1]
              RenderInline {FONT} at (0,0) size 2x10
                RenderText {#text} at (0,0) size 2x10
                  text run at (0,0) width 2: " "
            RenderTableCell {TD} at (248,310) size 8x10 [bgcolor=#FDFDFB] [r=31 c=33 rs=1 cs=1]
              RenderInline {FONT} at (0,0) size 2x10
                RenderText {#text} at (0,0) size 2x10
                  text run at (0,0) width 2: " "
            RenderTableCell {TD} at (256,310) size 8x10 [bgcolor=#FDFDFB] [r=31 c=34 rs=1 cs=1]
              RenderInline {FONT} at (0,0) size 2x10
                RenderText {#text} at (0,0) size 2x10
                  text run at (0,0) width 2: " "
            RenderTableCell {TD} at (264,310) size 8x10 [bgcolor=#FDFDFB] [r=31 c=35 rs=1 cs=1]
              RenderInline {FONT} at (0,0) size 2x10
                RenderText {#text} at (0,0) size 2x10
                  text run at (0,0) width 2: " "
            RenderTableCell {TD} at (272,310) size 8x10 [bgcolor=#FDFDFB] [r=31 c=36 rs=1 cs=1]
              RenderInline {FONT} at (0,0) size 2x10
                RenderText {#text} at (0,0) size 2x10
                  text run at (0,0) width 2: " "
            RenderTableCell {TD} at (280,310) size 8x10 [bgcolor=#FDFDFB] [r=31 c=37 rs=1 cs=1]
              RenderInline {FONT} at (0,0) size 2x10
                RenderText {#text} at (0,0) size 2x10
                  text run at (0,0) width 2: " "
            RenderTableCell {TD} at (288,310) size 8x10 [bgcolor=#FDFDFB] [r=31 c=38 rs=1 cs=1]
              RenderInline {FONT} at (0,0) size 2x10
                RenderText {#text} at (0,0) size 2x10
                  text run at (0,0) width 2: " "
            RenderTableCell {TD} at (296,310) size 8x10 [bgcolor=#FDFDFB] [r=31 c=39 rs=1 cs=1]
              RenderInline {FONT} at (0,0) size 2x10
                RenderText {#text} at (0,0) size 2x10
                  text run at (0,0) width 2: " "
            RenderTableCell {TD} at (304,310) size 8x10 [bgcolor=#FDFDFB] [r=31 c=40 rs=1 cs=1]
              RenderInline {FONT} at (0,0) size 2x10
                RenderText {#text} at (0,0) size 2x10
                  text run at (0,0) width 2: " "
            RenderTableCell {TD} at (312,310) size 8x10 [bgcolor=#FDFDFB] [r=31 c=41 rs=1 cs=1]
              RenderInline {FONT} at (0,0) size 2x10
                RenderText {#text} at (0,0) size 2x10
                  text run at (0,0) width 2: " "
            RenderTableCell {TD} at (320,310) size 8x10 [bgcolor=#FDFDFB] [r=31 c=42 rs=1 cs=1]
              RenderInline {FONT} at (0,0) size 2x10
                RenderText {#text} at (0,0) size 2x10
                  text run at (0,0) width 2: " "
            RenderTableCell {TD} at (328,310) size 8x10 [bgcolor=#FDFDFB] [r=31 c=43 rs=1 cs=1]
              RenderInline {FONT} at (0,0) size 2x10
                RenderText {#text} at (0,0) size 2x10
                  text run at (0,0) width 2: " "
            RenderTableCell {TD} at (336,310) size 8x10 [bgcolor=#FDFDFB] [r=31 c=44 rs=1 cs=1]
              RenderInline {FONT} at (0,0) size 2x10
                RenderText {#text} at (0,0) size 2x10
                  text run at (0,0) width 2: " "
            RenderTableCell {TD} at (344,310) size 8x10 [bgcolor=#FDFDFB] [r=31 c=45 rs=1 cs=1]
              RenderInline {FONT} at (0,0) size 2x10
                RenderText {#text} at (0,0) size 2x10
                  text run at (0,0) width 2: " "
            RenderTableCell {TD} at (352,310) size 8x10 [bgcolor=#FDFDFB] [r=31 c=46 rs=1 cs=1]
              RenderInline {FONT} at (0,0) size 2x10
                RenderText {#text} at (0,0) size 2x10
                  text run at (0,0) width 2: " "
            RenderTableCell {TD} at (360,310) size 8x10 [bgcolor=#FDFDFB] [r=31 c=47 rs=1 cs=1]
              RenderInline {FONT} at (0,0) size 2x10
                RenderText {#text} at (0,0) size 2x10
                  text run at (0,0) width 2: " "
            RenderTableCell {TD} at (368,310) size 8x10 [bgcolor=#FDFDFB] [r=31 c=48 rs=1 cs=1]
              RenderInline {FONT} at (0,0) size 2x10
                RenderText {#text} at (0,0) size 2x10
                  text run at (0,0) width 2: " "
            RenderTableCell {TD} at (376,310) size 8x10 [bgcolor=#FDFDFB] [r=31 c=49 rs=1 cs=1]
              RenderInline {FONT} at (0,0) size 2x10
                RenderText {#text} at (0,0) size 2x10
                  text run at (0,0) width 2: " "
            RenderTableCell {TD} at (384,310) size 8x10 [bgcolor=#FDFDFB] [r=31 c=50 rs=1 cs=1]
              RenderInline {FONT} at (0,0) size 2x10
                RenderText {#text} at (0,0) size 2x10
                  text run at (0,0) width 2: " "
            RenderTableCell {TD} at (392,310) size 8x10 [bgcolor=#FDFDFB] [r=31 c=51 rs=1 cs=1]
              RenderInline {FONT} at (0,0) size 2x10
                RenderText {#text} at (0,0) size 2x10
                  text run at (0,0) width 2: " "
            RenderTableCell {TD} at (400,310) size 8x10 [bgcolor=#FDFDFB] [r=31 c=52 rs=1 cs=1]
              RenderInline {FONT} at (0,0) size 2x10
                RenderText {#text} at (0,0) size 2x10
                  text run at (0,0) width 2: " "
            RenderTableCell {TD} at (408,310) size 8x10 [bgcolor=#FDFDFB] [r=31 c=53 rs=1 cs=1]
              RenderInline {FONT} at (0,0) size 2x10
                RenderText {#text} at (0,0) size 2x10
                  text run at (0,0) width 2: " "
            RenderTableCell {TD} at (416,310) size 8x10 [bgcolor=#FDFDFB] [r=31 c=54 rs=1 cs=1]
              RenderInline {FONT} at (0,0) size 2x10
                RenderText {#text} at (0,0) size 2x10
                  text run at (0,0) width 2: " "
            RenderTableCell {TD} at (424,310) size 8x10 [bgcolor=#FDFDFB] [r=31 c=55 rs=1 cs=1]
              RenderInline {FONT} at (0,0) size 2x10
                RenderText {#text} at (0,0) size 2x10
                  text run at (0,0) width 2: " "
            RenderTableCell {TD} at (432,310) size 8x10 [bgcolor=#FDFDFB] [r=31 c=56 rs=1 cs=1]
              RenderInline {FONT} at (0,0) size 2x10
                RenderText {#text} at (0,0) size 2x10
                  text run at (0,0) width 2: " "
            RenderTableCell {TD} at (440,310) size 8x10 [bgcolor=#FDFDFB] [r=31 c=57 rs=1 cs=1]
              RenderInline {FONT} at (0,0) size 2x10
                RenderText {#text} at (0,0) size 2x10
                  text run at (0,0) width 2: " "
            RenderTableCell {TD} at (448,310) size 8x10 [bgcolor=#FDFDFB] [r=31 c=58 rs=1 cs=1]
              RenderInline {FONT} at (0,0) size 2x10
                RenderText {#text} at (0,0) size 2x10
                  text run at (0,0) width 2: " "
            RenderTableCell {TD} at (456,310) size 8x10 [bgcolor=#FDFDFB] [r=31 c=59 rs=1 cs=1]
              RenderInline {FONT} at (0,0) size 2x10
                RenderText {#text} at (0,0) size 2x10
                  text run at (0,0) width 2: " "
            RenderTableCell {TD} at (464,310) size 8x10 [bgcolor=#FDFDFB] [r=31 c=60 rs=1 cs=1]
              RenderInline {FONT} at (0,0) size 2x10
                RenderText {#text} at (0,0) size 2x10
                  text run at (0,0) width 2: " "
            RenderTableCell {TD} at (472,310) size 8x10 [bgcolor=#FDFDFB] [r=31 c=61 rs=1 cs=1]
              RenderInline {FONT} at (0,0) size 2x10
                RenderText {#text} at (0,0) size 2x10
                  text run at (0,0) width 2: " "
            RenderTableCell {TD} at (480,310) size 8x10 [bgcolor=#FDFDFB] [r=31 c=62 rs=1 cs=1]
              RenderInline {FONT} at (0,0) size 2x10
                RenderText {#text} at (0,0) size 2x10
                  text run at (0,0) width 2: " "
            RenderTableCell {TD} at (488,310) size 8x10 [bgcolor=#FDFDFB] [r=31 c=63 rs=1 cs=1]
              RenderInline {FONT} at (0,0) size 2x10
                RenderText {#text} at (0,0) size 2x10
                  text run at (0,0) width 2: " "
            RenderTableCell {TD} at (496,310) size 8x10 [bgcolor=#FDFDFB] [r=31 c=64 rs=1 cs=1]
              RenderInline {FONT} at (0,0) size 2x10
                RenderText {#text} at (0,0) size 2x10
                  text run at (0,0) width 2: " "
            RenderTableCell {TD} at (504,310) size 8x10 [bgcolor=#EDEEEF] [r=31 c=65 rs=1 cs=1]
              RenderInline {FONT} at (0,0) size 2x10
                RenderText {#text} at (0,0) size 2x10
                  text run at (0,0) width 2: " "
            RenderTableCell {TD} at (512,310) size 8x10 [bgcolor=#DEDFDF] [r=31 c=66 rs=1 cs=1]
              RenderInline {FONT} at (0,0) size 2x10
                RenderText {#text} at (0,0) size 2x10
                  text run at (0,0) width 2: " "
            RenderTableCell {TD} at (520,310) size 8x10 [bgcolor=#B4B4B4] [r=31 c=67 rs=1 cs=1]
              RenderInline {FONT} at (0,0) size 2x10
                RenderText {#text} at (0,0) size 2x10
                  text run at (0,0) width 2: " "
            RenderTableCell {TD} at (528,310) size 8x10 [bgcolor=#91A3A3] [r=31 c=68 rs=1 cs=1]
              RenderInline {FONT} at (0,0) size 2x10
                RenderText {#text} at (0,0) size 2x10
                  text run at (0,0) width 2: " "
            RenderTableCell {TD} at (536,310) size 8x10 [bgcolor=#848788] [r=31 c=69 rs=1 cs=1]
              RenderInline {FONT} at (0,0) size 2x10
                RenderText {#text} at (0,0) size 2x10
                  text run at (0,0) width 2: " "
            RenderTableCell {TD} at (544,310) size 8x10 [bgcolor=#647979] [r=31 c=70 rs=1 cs=1]
              RenderInline {FONT} at (0,0) size 2x10
                RenderText {#text} at (0,0) size 2x10
                  text run at (0,0) width 2: " "
            RenderTableCell {TD} at (552,310) size 8x10 [bgcolor=#515C5B] [r=31 c=71 rs=1 cs=1]
              RenderInline {FONT} at (0,0) size 2x10
                RenderText {#text} at (0,0) size 2x10
                  text run at (0,0) width 2: " "
            RenderTableCell {TD} at (560,310) size 8x10 [bgcolor=#425A5A] [r=31 c=72 rs=1 cs=1]
              RenderInline {FONT} at (0,0) size 2x10
                RenderText {#text} at (0,0) size 2x10
                  text run at (0,0) width 2: " "
            RenderTableCell {TD} at (568,310) size 8x10 [bgcolor=#344C4E] [r=31 c=73 rs=1 cs=1]
              RenderInline {FONT} at (0,0) size 2x10
                RenderText {#text} at (0,0) size 2x10
                  text run at (0,0) width 2: " "
            RenderTableCell {TD} at (576,310) size 8x10 [bgcolor=#344C4E] [r=31 c=74 rs=1 cs=1]
              RenderInline {FONT} at (0,0) size 2x10
                RenderText {#text} at (0,0) size 2x10
                  text run at (0,0) width 2: " "
            RenderTableCell {TD} at (584,310) size 8x10 [bgcolor=#344C4E] [r=31 c=75 rs=1 cs=1]
              RenderInline {FONT} at (0,0) size 2x10
                RenderText {#text} at (0,0) size 2x10
                  text run at (0,0) width 2: " "
            RenderTableCell {TD} at (592,310) size 8x10 [bgcolor=#274C4D] [r=31 c=76 rs=1 cs=1]
              RenderInline {FONT} at (0,0) size 2x10
                RenderText {#text} at (0,0) size 2x10
                  text run at (0,0) width 2: " "
            RenderTableCell {TD} at (600,310) size 8x10 [bgcolor=#274C4D] [r=31 c=77 rs=1 cs=1]
              RenderInline {FONT} at (0,0) size 2x10
                RenderText {#text} at (0,0) size 2x10
                  text run at (0,0) width 2: " "
            RenderTableCell {TD} at (608,310) size 8x10 [bgcolor=#223C3D] [r=31 c=78 rs=1 cs=1]
              RenderInline {FONT} at (0,0) size 2x10
                RenderText {#text} at (0,0) size 2x10
                  text run at (0,0) width 2: " "
            RenderTableCell {TD} at (616,310) size 8x10 [bgcolor=#274C4D] [r=31 c=79 rs=1 cs=1]
              RenderInline {FONT} at (0,0) size 2x10
                RenderText {#text} at (0,0) size 2x10
                  text run at (0,0) width 2: " "
            RenderTableCell {TD} at (624,310) size 8x10 [bgcolor=#274C4D] [r=31 c=80 rs=1 cs=1]
              RenderInline {FONT} at (0,0) size 2x10
                RenderText {#text} at (0,0) size 2x10
                  text run at (0,0) width 2: " "
            RenderTableCell {TD} at (632,310) size 8x10 [bgcolor=#274C4D] [r=31 c=81 rs=1 cs=1]
              RenderInline {FONT} at (0,0) size 2x10
                RenderText {#text} at (0,0) size 2x10
                  text run at (0,0) width 2: " "
            RenderTableCell {TD} at (640,310) size 8x10 [bgcolor=#344C4E] [r=31 c=82 rs=1 cs=1]
              RenderInline {FONT} at (0,0) size 2x10
                RenderText {#text} at (0,0) size 2x10
                  text run at (0,0) width 2: " "
            RenderTableCell {TD} at (648,310) size 8x10 [bgcolor=#344C4E] [r=31 c=83 rs=1 cs=1]
              RenderInline {FONT} at (0,0) size 2x10
                RenderText {#text} at (0,0) size 2x10
                  text run at (0,0) width 2: " "
            RenderTableCell {TD} at (656,310) size 8x10 [bgcolor=#344C4E] [r=31 c=84 rs=1 cs=1]
              RenderInline {FONT} at (0,0) size 2x10
                RenderText {#text} at (0,0) size 2x10
                  text run at (0,0) width 2: " "
            RenderTableCell {TD} at (664,310) size 8x10 [bgcolor=#5E5F60] [r=31 c=85 rs=1 cs=1]
              RenderInline {FONT} at (0,0) size 2x10
                RenderText {#text} at (0,0) size 2x10
                  text run at (0,0) width 2: " "
            RenderTableCell {TD} at (672,310) size 8x10 [bgcolor=#777878] [r=31 c=86 rs=1 cs=1]
              RenderInline {FONT} at (0,0) size 2x10
                RenderText {#text} at (0,0) size 2x10
                  text run at (0,0) width 2: " "
            RenderTableCell {TD} at (680,310) size 8x10 [bgcolor=#848788] [r=31 c=87 rs=1 cs=1]
              RenderInline {FONT} at (0,0) size 2x10
                RenderText {#text} at (0,0) size 2x10
                  text run at (0,0) width 2: " "
            RenderTableCell {TD} at (688,310) size 8x10 [bgcolor=#848788] [r=31 c=88 rs=1 cs=1]
              RenderInline {FONT} at (0,0) size 2x10
                RenderText {#text} at (0,0) size 2x10
                  text run at (0,0) width 2: " "
            RenderTableCell {TD} at (696,310) size 8x10 [bgcolor=#939494] [r=31 c=89 rs=1 cs=1]
              RenderInline {FONT} at (0,0) size 2x10
                RenderText {#text} at (0,0) size 2x10
                  text run at (0,0) width 2: " "
            RenderTableCell {TD} at (704,310) size 8x10 [bgcolor=#B4B4B4] [r=31 c=90 rs=1 cs=1]
              RenderInline {FONT} at (0,0) size 2x10
                RenderText {#text} at (0,0) size 2x10
                  text run at (0,0) width 2: " "
            RenderTableCell {TD} at (712,310) size 8x10 [bgcolor=#BEC2C2] [r=31 c=91 rs=1 cs=1]
              RenderInline {FONT} at (0,0) size 2x10
                RenderText {#text} at (0,0) size 2x10
                  text run at (0,0) width 2: " "
            RenderTableCell {TD} at (720,310) size 8x10 [bgcolor=#DEDFDF] [r=31 c=92 rs=1 cs=1]
              RenderInline {FONT} at (0,0) size 2x10
                RenderText {#text} at (0,0) size 2x10
                  text run at (0,0) width 2: " "
            RenderTableCell {TD} at (728,310) size 8x10 [bgcolor=#EDEEEF] [r=31 c=93 rs=1 cs=1]
              RenderInline {FONT} at (0,0) size 2x10
                RenderText {#text} at (0,0) size 2x10
                  text run at (0,0) width 2: " "
            RenderTableCell {TD} at (736,310) size 8x10 [bgcolor=#FDFDFB] [r=31 c=94 rs=1 cs=1]
              RenderInline {FONT} at (0,0) size 2x10
                RenderText {#text} at (0,0) size 2x10
                  text run at (0,0) width 2: " "
            RenderTableCell {TD} at (744,310) size 8x10 [bgcolor=#FDFDFB] [r=31 c=95 rs=1 cs=1]
              RenderInline {FONT} at (0,0) size 2x10
                RenderText {#text} at (0,0) size 2x10
                  text run at (0,0) width 2: " "
            RenderTableCell {TD} at (752,310) size 8x10 [bgcolor=#FDFDFB] [r=31 c=96 rs=1 cs=1]
              RenderInline {FONT} at (0,0) size 2x10
                RenderText {#text} at (0,0) size 2x10
                  text run at (0,0) width 2: " "
            RenderTableCell {TD} at (760,310) size 8x10 [bgcolor=#FDFDFB] [r=31 c=97 rs=1 cs=1]
              RenderInline {FONT} at (0,0) size 2x10
                RenderText {#text} at (0,0) size 2x10
                  text run at (0,0) width 2: " "
            RenderTableCell {TD} at (768,310) size 8x10 [bgcolor=#FDFDFB] [r=31 c=98 rs=1 cs=1]
              RenderInline {FONT} at (0,0) size 2x10
                RenderText {#text} at (0,0) size 2x10
                  text run at (0,0) width 2: " "
            RenderTableCell {TD} at (776,310) size 8x10 [bgcolor=#FDFDFB] [r=31 c=99 rs=1 cs=1]
              RenderInline {FONT} at (0,0) size 2x10
                RenderText {#text} at (0,0) size 2x10
                  text run at (0,0) width 2: " "
          RenderTableRow {TR} at (0,320) size 784x10
            RenderTableCell {TD} at (0,320) size 7x10 [bgcolor=#FDFDFB] [r=32 c=0 rs=1 cs=1]
              RenderInline {FONT} at (0,0) size 2x10
                RenderText {#text} at (0,0) size 2x10
                  text run at (0,0) width 2: " "
            RenderTableCell {TD} at (7,320) size 7x10 [bgcolor=#FDFDFB] [r=32 c=1 rs=1 cs=1]
              RenderInline {FONT} at (0,0) size 2x10
                RenderText {#text} at (0,0) size 2x10
                  text run at (0,0) width 2: " "
            RenderTableCell {TD} at (14,320) size 7x10 [bgcolor=#FDFDFB] [r=32 c=2 rs=1 cs=1]
              RenderInline {FONT} at (0,0) size 2x10
                RenderText {#text} at (0,0) size 2x10
                  text run at (0,0) width 2: " "
            RenderTableCell {TD} at (21,320) size 7x10 [bgcolor=#FDFDFB] [r=32 c=3 rs=1 cs=1]
              RenderInline {FONT} at (0,0) size 2x10
                RenderText {#text} at (0,0) size 2x10
                  text run at (0,0) width 2: " "
            RenderTableCell {TD} at (28,320) size 7x10 [bgcolor=#FDFDFB] [r=32 c=4 rs=1 cs=1]
              RenderInline {FONT} at (0,0) size 2x10
                RenderText {#text} at (0,0) size 2x10
                  text run at (0,0) width 2: " "
            RenderTableCell {TD} at (35,320) size 7x10 [bgcolor=#FDFDFB] [r=32 c=5 rs=1 cs=1]
              RenderInline {FONT} at (0,0) size 2x10
                RenderText {#text} at (0,0) size 2x10
                  text run at (0,0) width 2: " "
            RenderTableCell {TD} at (42,320) size 7x10 [bgcolor=#FDFDFB] [r=32 c=6 rs=1 cs=1]
              RenderInline {FONT} at (0,0) size 2x10
                RenderText {#text} at (0,0) size 2x10
                  text run at (0,0) width 2: " "
            RenderTableCell {TD} at (49,320) size 7x10 [bgcolor=#FDFDFB] [r=32 c=7 rs=1 cs=1]
              RenderInline {FONT} at (0,0) size 2x10
                RenderText {#text} at (0,0) size 2x10
                  text run at (0,0) width 2: " "
            RenderTableCell {TD} at (56,320) size 7x10 [bgcolor=#FDFDFB] [r=32 c=8 rs=1 cs=1]
              RenderInline {FONT} at (0,0) size 2x10
                RenderText {#text} at (0,0) size 2x10
                  text run at (0,0) width 2: " "
            RenderTableCell {TD} at (63,320) size 7x10 [bgcolor=#FDFDFB] [r=32 c=9 rs=1 cs=1]
              RenderInline {FONT} at (0,0) size 2x10
                RenderText {#text} at (0,0) size 2x10
                  text run at (0,0) width 2: " "
            RenderTableCell {TD} at (70,320) size 7x10 [bgcolor=#FDFDFB] [r=32 c=10 rs=1 cs=1]
              RenderInline {FONT} at (0,0) size 2x10
                RenderText {#text} at (0,0) size 2x10
                  text run at (0,0) width 2: " "
            RenderTableCell {TD} at (77,320) size 7x10 [bgcolor=#FDFDFB] [r=32 c=11 rs=1 cs=1]
              RenderInline {FONT} at (0,0) size 2x10
                RenderText {#text} at (0,0) size 2x10
                  text run at (0,0) width 2: " "
            RenderTableCell {TD} at (84,320) size 7x10 [bgcolor=#FDFDFB] [r=32 c=12 rs=1 cs=1]
              RenderInline {FONT} at (0,0) size 2x10
                RenderText {#text} at (0,0) size 2x10
                  text run at (0,0) width 2: " "
            RenderTableCell {TD} at (91,320) size 7x10 [bgcolor=#FDFDFB] [r=32 c=13 rs=1 cs=1]
              RenderInline {FONT} at (0,0) size 2x10
                RenderText {#text} at (0,0) size 2x10
                  text run at (0,0) width 2: " "
            RenderTableCell {TD} at (98,320) size 7x10 [bgcolor=#FDFDFB] [r=32 c=14 rs=1 cs=1]
              RenderInline {FONT} at (0,0) size 2x10
                RenderText {#text} at (0,0) size 2x10
                  text run at (0,0) width 2: " "
            RenderTableCell {TD} at (105,320) size 7x10 [bgcolor=#FDFDFB] [r=32 c=15 rs=1 cs=1]
              RenderInline {FONT} at (0,0) size 2x10
                RenderText {#text} at (0,0) size 2x10
                  text run at (0,0) width 2: " "
            RenderTableCell {TD} at (112,320) size 8x10 [bgcolor=#FDFDFB] [r=32 c=16 rs=1 cs=1]
              RenderInline {FONT} at (0,0) size 2x10
                RenderText {#text} at (0,0) size 2x10
                  text run at (0,0) width 2: " "
            RenderTableCell {TD} at (120,320) size 8x10 [bgcolor=#FDFDFB] [r=32 c=17 rs=1 cs=1]
              RenderInline {FONT} at (0,0) size 2x10
                RenderText {#text} at (0,0) size 2x10
                  text run at (0,0) width 2: " "
            RenderTableCell {TD} at (128,320) size 8x10 [bgcolor=#FDFDFB] [r=32 c=18 rs=1 cs=1]
              RenderInline {FONT} at (0,0) size 2x10
                RenderText {#text} at (0,0) size 2x10
                  text run at (0,0) width 2: " "
            RenderTableCell {TD} at (136,320) size 8x10 [bgcolor=#FDFDFB] [r=32 c=19 rs=1 cs=1]
              RenderInline {FONT} at (0,0) size 2x10
                RenderText {#text} at (0,0) size 2x10
                  text run at (0,0) width 2: " "
            RenderTableCell {TD} at (144,320) size 8x10 [bgcolor=#FDFDFB] [r=32 c=20 rs=1 cs=1]
              RenderInline {FONT} at (0,0) size 2x10
                RenderText {#text} at (0,0) size 2x10
                  text run at (0,0) width 2: " "
            RenderTableCell {TD} at (152,320) size 8x10 [bgcolor=#FDFDFB] [r=32 c=21 rs=1 cs=1]
              RenderInline {FONT} at (0,0) size 2x10
                RenderText {#text} at (0,0) size 2x10
                  text run at (0,0) width 2: " "
            RenderTableCell {TD} at (160,320) size 8x10 [bgcolor=#FDFDFB] [r=32 c=22 rs=1 cs=1]
              RenderInline {FONT} at (0,0) size 2x10
                RenderText {#text} at (0,0) size 2x10
                  text run at (0,0) width 2: " "
            RenderTableCell {TD} at (168,320) size 8x10 [bgcolor=#FDFDFB] [r=32 c=23 rs=1 cs=1]
              RenderInline {FONT} at (0,0) size 2x10
                RenderText {#text} at (0,0) size 2x10
                  text run at (0,0) width 2: " "
            RenderTableCell {TD} at (176,320) size 8x10 [bgcolor=#FDFDFB] [r=32 c=24 rs=1 cs=1]
              RenderInline {FONT} at (0,0) size 2x10
                RenderText {#text} at (0,0) size 2x10
                  text run at (0,0) width 2: " "
            RenderTableCell {TD} at (184,320) size 8x10 [bgcolor=#FDFDFB] [r=32 c=25 rs=1 cs=1]
              RenderInline {FONT} at (0,0) size 2x10
                RenderText {#text} at (0,0) size 2x10
                  text run at (0,0) width 2: " "
            RenderTableCell {TD} at (192,320) size 8x10 [bgcolor=#FDFDFB] [r=32 c=26 rs=1 cs=1]
              RenderInline {FONT} at (0,0) size 2x10
                RenderText {#text} at (0,0) size 2x10
                  text run at (0,0) width 2: " "
            RenderTableCell {TD} at (200,320) size 8x10 [bgcolor=#FDFDFB] [r=32 c=27 rs=1 cs=1]
              RenderInline {FONT} at (0,0) size 2x10
                RenderText {#text} at (0,0) size 2x10
                  text run at (0,0) width 2: " "
            RenderTableCell {TD} at (208,320) size 8x10 [bgcolor=#FDFDFB] [r=32 c=28 rs=1 cs=1]
              RenderInline {FONT} at (0,0) size 2x10
                RenderText {#text} at (0,0) size 2x10
                  text run at (0,0) width 2: " "
            RenderTableCell {TD} at (216,320) size 8x10 [bgcolor=#FDFDFB] [r=32 c=29 rs=1 cs=1]
              RenderInline {FONT} at (0,0) size 2x10
                RenderText {#text} at (0,0) size 2x10
                  text run at (0,0) width 2: " "
            RenderTableCell {TD} at (224,320) size 8x10 [bgcolor=#FDFDFB] [r=32 c=30 rs=1 cs=1]
              RenderInline {FONT} at (0,0) size 2x10
                RenderText {#text} at (0,0) size 2x10
                  text run at (0,0) width 2: " "
            RenderTableCell {TD} at (232,320) size 8x10 [bgcolor=#FDFDFB] [r=32 c=31 rs=1 cs=1]
              RenderInline {FONT} at (0,0) size 2x10
                RenderText {#text} at (0,0) size 2x10
                  text run at (0,0) width 2: " "
            RenderTableCell {TD} at (240,320) size 8x10 [bgcolor=#FDFDFB] [r=32 c=32 rs=1 cs=1]
              RenderInline {FONT} at (0,0) size 2x10
                RenderText {#text} at (0,0) size 2x10
                  text run at (0,0) width 2: " "
            RenderTableCell {TD} at (248,320) size 8x10 [bgcolor=#FDFDFB] [r=32 c=33 rs=1 cs=1]
              RenderInline {FONT} at (0,0) size 2x10
                RenderText {#text} at (0,0) size 2x10
                  text run at (0,0) width 2: " "
            RenderTableCell {TD} at (256,320) size 8x10 [bgcolor=#FDFDFB] [r=32 c=34 rs=1 cs=1]
              RenderInline {FONT} at (0,0) size 2x10
                RenderText {#text} at (0,0) size 2x10
                  text run at (0,0) width 2: " "
            RenderTableCell {TD} at (264,320) size 8x10 [bgcolor=#FDFDFB] [r=32 c=35 rs=1 cs=1]
              RenderInline {FONT} at (0,0) size 2x10
                RenderText {#text} at (0,0) size 2x10
                  text run at (0,0) width 2: " "
            RenderTableCell {TD} at (272,320) size 8x10 [bgcolor=#FDFDFB] [r=32 c=36 rs=1 cs=1]
              RenderInline {FONT} at (0,0) size 2x10
                RenderText {#text} at (0,0) size 2x10
                  text run at (0,0) width 2: " "
            RenderTableCell {TD} at (280,320) size 8x10 [bgcolor=#FDFDFB] [r=32 c=37 rs=1 cs=1]
              RenderInline {FONT} at (0,0) size 2x10
                RenderText {#text} at (0,0) size 2x10
                  text run at (0,0) width 2: " "
            RenderTableCell {TD} at (288,320) size 8x10 [bgcolor=#FDFDFB] [r=32 c=38 rs=1 cs=1]
              RenderInline {FONT} at (0,0) size 2x10
                RenderText {#text} at (0,0) size 2x10
                  text run at (0,0) width 2: " "
            RenderTableCell {TD} at (296,320) size 8x10 [bgcolor=#FDFDFB] [r=32 c=39 rs=1 cs=1]
              RenderInline {FONT} at (0,0) size 2x10
                RenderText {#text} at (0,0) size 2x10
                  text run at (0,0) width 2: " "
            RenderTableCell {TD} at (304,320) size 8x10 [bgcolor=#FDFDFB] [r=32 c=40 rs=1 cs=1]
              RenderInline {FONT} at (0,0) size 2x10
                RenderText {#text} at (0,0) size 2x10
                  text run at (0,0) width 2: " "
            RenderTableCell {TD} at (312,320) size 8x10 [bgcolor=#FDFDFB] [r=32 c=41 rs=1 cs=1]
              RenderInline {FONT} at (0,0) size 2x10
                RenderText {#text} at (0,0) size 2x10
                  text run at (0,0) width 2: " "
            RenderTableCell {TD} at (320,320) size 8x10 [bgcolor=#FDFDFB] [r=32 c=42 rs=1 cs=1]
              RenderInline {FONT} at (0,0) size 2x10
                RenderText {#text} at (0,0) size 2x10
                  text run at (0,0) width 2: " "
            RenderTableCell {TD} at (328,320) size 8x10 [bgcolor=#FDFDFB] [r=32 c=43 rs=1 cs=1]
              RenderInline {FONT} at (0,0) size 2x10
                RenderText {#text} at (0,0) size 2x10
                  text run at (0,0) width 2: " "
            RenderTableCell {TD} at (336,320) size 8x10 [bgcolor=#FDFDFB] [r=32 c=44 rs=1 cs=1]
              RenderInline {FONT} at (0,0) size 2x10
                RenderText {#text} at (0,0) size 2x10
                  text run at (0,0) width 2: " "
            RenderTableCell {TD} at (344,320) size 8x10 [bgcolor=#FDFDFB] [r=32 c=45 rs=1 cs=1]
              RenderInline {FONT} at (0,0) size 2x10
                RenderText {#text} at (0,0) size 2x10
                  text run at (0,0) width 2: " "
            RenderTableCell {TD} at (352,320) size 8x10 [bgcolor=#FDFDFB] [r=32 c=46 rs=1 cs=1]
              RenderInline {FONT} at (0,0) size 2x10
                RenderText {#text} at (0,0) size 2x10
                  text run at (0,0) width 2: " "
            RenderTableCell {TD} at (360,320) size 8x10 [bgcolor=#FDFDFB] [r=32 c=47 rs=1 cs=1]
              RenderInline {FONT} at (0,0) size 2x10
                RenderText {#text} at (0,0) size 2x10
                  text run at (0,0) width 2: " "
            RenderTableCell {TD} at (368,320) size 8x10 [bgcolor=#FDFDFB] [r=32 c=48 rs=1 cs=1]
              RenderInline {FONT} at (0,0) size 2x10
                RenderText {#text} at (0,0) size 2x10
                  text run at (0,0) width 2: " "
            RenderTableCell {TD} at (376,320) size 8x10 [bgcolor=#FDFDFB] [r=32 c=49 rs=1 cs=1]
              RenderInline {FONT} at (0,0) size 2x10
                RenderText {#text} at (0,0) size 2x10
                  text run at (0,0) width 2: " "
            RenderTableCell {TD} at (384,320) size 8x10 [bgcolor=#FDFDFB] [r=32 c=50 rs=1 cs=1]
              RenderInline {FONT} at (0,0) size 2x10
                RenderText {#text} at (0,0) size 2x10
                  text run at (0,0) width 2: " "
            RenderTableCell {TD} at (392,320) size 8x10 [bgcolor=#FDFDFB] [r=32 c=51 rs=1 cs=1]
              RenderInline {FONT} at (0,0) size 2x10
                RenderText {#text} at (0,0) size 2x10
                  text run at (0,0) width 2: " "
            RenderTableCell {TD} at (400,320) size 8x10 [bgcolor=#FDFDFB] [r=32 c=52 rs=1 cs=1]
              RenderInline {FONT} at (0,0) size 2x10
                RenderText {#text} at (0,0) size 2x10
                  text run at (0,0) width 2: " "
            RenderTableCell {TD} at (408,320) size 8x10 [bgcolor=#FDFDFB] [r=32 c=53 rs=1 cs=1]
              RenderInline {FONT} at (0,0) size 2x10
                RenderText {#text} at (0,0) size 2x10
                  text run at (0,0) width 2: " "
            RenderTableCell {TD} at (416,320) size 8x10 [bgcolor=#FDFDFB] [r=32 c=54 rs=1 cs=1]
              RenderInline {FONT} at (0,0) size 2x10
                RenderText {#text} at (0,0) size 2x10
                  text run at (0,0) width 2: " "
            RenderTableCell {TD} at (424,320) size 8x10 [bgcolor=#FDFDFB] [r=32 c=55 rs=1 cs=1]
              RenderInline {FONT} at (0,0) size 2x10
                RenderText {#text} at (0,0) size 2x10
                  text run at (0,0) width 2: " "
            RenderTableCell {TD} at (432,320) size 8x10 [bgcolor=#FDFDFB] [r=32 c=56 rs=1 cs=1]
              RenderInline {FONT} at (0,0) size 2x10
                RenderText {#text} at (0,0) size 2x10
                  text run at (0,0) width 2: " "
            RenderTableCell {TD} at (440,320) size 8x10 [bgcolor=#FDFDFB] [r=32 c=57 rs=1 cs=1]
              RenderInline {FONT} at (0,0) size 2x10
                RenderText {#text} at (0,0) size 2x10
                  text run at (0,0) width 2: " "
            RenderTableCell {TD} at (448,320) size 8x10 [bgcolor=#FDFDFB] [r=32 c=58 rs=1 cs=1]
              RenderInline {FONT} at (0,0) size 2x10
                RenderText {#text} at (0,0) size 2x10
                  text run at (0,0) width 2: " "
            RenderTableCell {TD} at (456,320) size 8x10 [bgcolor=#FDFDFB] [r=32 c=59 rs=1 cs=1]
              RenderInline {FONT} at (0,0) size 2x10
                RenderText {#text} at (0,0) size 2x10
                  text run at (0,0) width 2: " "
            RenderTableCell {TD} at (464,320) size 8x10 [bgcolor=#FDFDFB] [r=32 c=60 rs=1 cs=1]
              RenderInline {FONT} at (0,0) size 2x10
                RenderText {#text} at (0,0) size 2x10
                  text run at (0,0) width 2: " "
            RenderTableCell {TD} at (472,320) size 8x10 [bgcolor=#FDFDFB] [r=32 c=61 rs=1 cs=1]
              RenderInline {FONT} at (0,0) size 2x10
                RenderText {#text} at (0,0) size 2x10
                  text run at (0,0) width 2: " "
            RenderTableCell {TD} at (480,320) size 8x10 [bgcolor=#FDFDFB] [r=32 c=62 rs=1 cs=1]
              RenderInline {FONT} at (0,0) size 2x10
                RenderText {#text} at (0,0) size 2x10
                  text run at (0,0) width 2: " "
            RenderTableCell {TD} at (488,320) size 8x10 [bgcolor=#FDFDFB] [r=32 c=63 rs=1 cs=1]
              RenderInline {FONT} at (0,0) size 2x10
                RenderText {#text} at (0,0) size 2x10
                  text run at (0,0) width 2: " "
            RenderTableCell {TD} at (496,320) size 8x10 [bgcolor=#FDFDFB] [r=32 c=64 rs=1 cs=1]
              RenderInline {FONT} at (0,0) size 2x10
                RenderText {#text} at (0,0) size 2x10
                  text run at (0,0) width 2: " "
            RenderTableCell {TD} at (504,320) size 8x10 [bgcolor=#FDFDFB] [r=32 c=65 rs=1 cs=1]
              RenderInline {FONT} at (0,0) size 2x10
                RenderText {#text} at (0,0) size 2x10
                  text run at (0,0) width 2: " "
            RenderTableCell {TD} at (512,320) size 8x10 [bgcolor=#EDEEEF] [r=32 c=66 rs=1 cs=1]
              RenderInline {FONT} at (0,0) size 2x10
                RenderText {#text} at (0,0) size 2x10
                  text run at (0,0) width 2: " "
            RenderTableCell {TD} at (520,320) size 8x10 [bgcolor=#DEDFDF] [r=32 c=67 rs=1 cs=1]
              RenderInline {FONT} at (0,0) size 2x10
                RenderText {#text} at (0,0) size 2x10
                  text run at (0,0) width 2: " "
            RenderTableCell {TD} at (528,320) size 8x10 [bgcolor=#CECFCF] [r=32 c=68 rs=1 cs=1]
              RenderInline {FONT} at (0,0) size 2x10
                RenderText {#text} at (0,0) size 2x10
                  text run at (0,0) width 2: " "
            RenderTableCell {TD} at (536,320) size 8x10 [bgcolor=#BEC2C2] [r=32 c=69 rs=1 cs=1]
              RenderInline {FONT} at (0,0) size 2x10
                RenderText {#text} at (0,0) size 2x10
                  text run at (0,0) width 2: " "
            RenderTableCell {TD} at (544,320) size 8x10 [bgcolor=#B4B4B4] [r=32 c=70 rs=1 cs=1]
              RenderInline {FONT} at (0,0) size 2x10
                RenderText {#text} at (0,0) size 2x10
                  text run at (0,0) width 2: " "
            RenderTableCell {TD} at (552,320) size 8x10 [bgcolor=#B4B4B4] [r=32 c=71 rs=1 cs=1]
              RenderInline {FONT} at (0,0) size 2x10
                RenderText {#text} at (0,0) size 2x10
                  text run at (0,0) width 2: " "
            RenderTableCell {TD} at (560,320) size 8x10 [bgcolor=#A5A6A6] [r=32 c=72 rs=1 cs=1]
              RenderInline {FONT} at (0,0) size 2x10
                RenderText {#text} at (0,0) size 2x10
                  text run at (0,0) width 2: " "
            RenderTableCell {TD} at (568,320) size 8x10 [bgcolor=#91A3A3] [r=32 c=73 rs=1 cs=1]
              RenderInline {FONT} at (0,0) size 2x10
                RenderText {#text} at (0,0) size 2x10
                  text run at (0,0) width 2: " "
            RenderTableCell {TD} at (576,320) size 8x10 [bgcolor=#939494] [r=32 c=74 rs=1 cs=1]
              RenderInline {FONT} at (0,0) size 2x10
                RenderText {#text} at (0,0) size 2x10
                  text run at (0,0) width 2: " "
            RenderTableCell {TD} at (584,320) size 8x10 [bgcolor=#939494] [r=32 c=75 rs=1 cs=1]
              RenderInline {FONT} at (0,0) size 2x10
                RenderText {#text} at (0,0) size 2x10
                  text run at (0,0) width 2: " "
            RenderTableCell {TD} at (592,320) size 8x10 [bgcolor=#939494] [r=32 c=76 rs=1 cs=1]
              RenderInline {FONT} at (0,0) size 2x10
                RenderText {#text} at (0,0) size 2x10
                  text run at (0,0) width 2: " "
            RenderTableCell {TD} at (600,320) size 8x10 [bgcolor=#939494] [r=32 c=77 rs=1 cs=1]
              RenderInline {FONT} at (0,0) size 2x10
                RenderText {#text} at (0,0) size 2x10
                  text run at (0,0) width 2: " "
            RenderTableCell {TD} at (608,320) size 8x10 [bgcolor=#848788] [r=32 c=78 rs=1 cs=1]
              RenderInline {FONT} at (0,0) size 2x10
                RenderText {#text} at (0,0) size 2x10
                  text run at (0,0) width 2: " "
            RenderTableCell {TD} at (616,320) size 8x10 [bgcolor=#939494] [r=32 c=79 rs=1 cs=1]
              RenderInline {FONT} at (0,0) size 2x10
                RenderText {#text} at (0,0) size 2x10
                  text run at (0,0) width 2: " "
            RenderTableCell {TD} at (624,320) size 8x10 [bgcolor=#939494] [r=32 c=80 rs=1 cs=1]
              RenderInline {FONT} at (0,0) size 2x10
                RenderText {#text} at (0,0) size 2x10
                  text run at (0,0) width 2: " "
            RenderTableCell {TD} at (632,320) size 8x10 [bgcolor=#939494] [r=32 c=81 rs=1 cs=1]
              RenderInline {FONT} at (0,0) size 2x10
                RenderText {#text} at (0,0) size 2x10
                  text run at (0,0) width 2: " "
            RenderTableCell {TD} at (640,320) size 8x10 [bgcolor=#939494] [r=32 c=82 rs=1 cs=1]
              RenderInline {FONT} at (0,0) size 2x10
                RenderText {#text} at (0,0) size 2x10
                  text run at (0,0) width 2: " "
            RenderTableCell {TD} at (648,320) size 8x10 [bgcolor=#939494] [r=32 c=83 rs=1 cs=1]
              RenderInline {FONT} at (0,0) size 2x10
                RenderText {#text} at (0,0) size 2x10
                  text run at (0,0) width 2: " "
            RenderTableCell {TD} at (656,320) size 8x10 [bgcolor=#939494] [r=32 c=84 rs=1 cs=1]
              RenderInline {FONT} at (0,0) size 2x10
                RenderText {#text} at (0,0) size 2x10
                  text run at (0,0) width 2: " "
            RenderTableCell {TD} at (664,320) size 8x10 [bgcolor=#A5A6A6] [r=32 c=85 rs=1 cs=1]
              RenderInline {FONT} at (0,0) size 2x10
                RenderText {#text} at (0,0) size 2x10
                  text run at (0,0) width 2: " "
            RenderTableCell {TD} at (672,320) size 8x10 [bgcolor=#A5A6A6] [r=32 c=86 rs=1 cs=1]
              RenderInline {FONT} at (0,0) size 2x10
                RenderText {#text} at (0,0) size 2x10
                  text run at (0,0) width 2: " "
            RenderTableCell {TD} at (680,320) size 8x10 [bgcolor=#B4B4B4] [r=32 c=87 rs=1 cs=1]
              RenderInline {FONT} at (0,0) size 2x10
                RenderText {#text} at (0,0) size 2x10
                  text run at (0,0) width 2: " "
            RenderTableCell {TD} at (688,320) size 8x10 [bgcolor=#BEC2C2] [r=32 c=88 rs=1 cs=1]
              RenderInline {FONT} at (0,0) size 2x10
                RenderText {#text} at (0,0) size 2x10
                  text run at (0,0) width 2: " "
            RenderTableCell {TD} at (696,320) size 8x10 [bgcolor=#CECFCF] [r=32 c=89 rs=1 cs=1]
              RenderInline {FONT} at (0,0) size 2x10
                RenderText {#text} at (0,0) size 2x10
                  text run at (0,0) width 2: " "
            RenderTableCell {TD} at (704,320) size 8x10 [bgcolor=#DEDFDF] [r=32 c=90 rs=1 cs=1]
              RenderInline {FONT} at (0,0) size 2x10
                RenderText {#text} at (0,0) size 2x10
                  text run at (0,0) width 2: " "
            RenderTableCell {TD} at (712,320) size 8x10 [bgcolor=#EDEEEF] [r=32 c=91 rs=1 cs=1]
              RenderInline {FONT} at (0,0) size 2x10
                RenderText {#text} at (0,0) size 2x10
                  text run at (0,0) width 2: " "
            RenderTableCell {TD} at (720,320) size 8x10 [bgcolor=#FDFDFB] [r=32 c=92 rs=1 cs=1]
              RenderInline {FONT} at (0,0) size 2x10
                RenderText {#text} at (0,0) size 2x10
                  text run at (0,0) width 2: " "
            RenderTableCell {TD} at (728,320) size 8x10 [bgcolor=#FDFDFB] [r=32 c=93 rs=1 cs=1]
              RenderInline {FONT} at (0,0) size 2x10
                RenderText {#text} at (0,0) size 2x10
                  text run at (0,0) width 2: " "
            RenderTableCell {TD} at (736,320) size 8x10 [bgcolor=#FDFDFB] [r=32 c=94 rs=1 cs=1]
              RenderInline {FONT} at (0,0) size 2x10
                RenderText {#text} at (0,0) size 2x10
                  text run at (0,0) width 2: " "
            RenderTableCell {TD} at (744,320) size 8x10 [bgcolor=#FDFDFB] [r=32 c=95 rs=1 cs=1]
              RenderInline {FONT} at (0,0) size 2x10
                RenderText {#text} at (0,0) size 2x10
                  text run at (0,0) width 2: " "
            RenderTableCell {TD} at (752,320) size 8x10 [bgcolor=#FDFDFB] [r=32 c=96 rs=1 cs=1]
              RenderInline {FONT} at (0,0) size 2x10
                RenderText {#text} at (0,0) size 2x10
                  text run at (0,0) width 2: " "
            RenderTableCell {TD} at (760,320) size 8x10 [bgcolor=#FDFDFB] [r=32 c=97 rs=1 cs=1]
              RenderInline {FONT} at (0,0) size 2x10
                RenderText {#text} at (0,0) size 2x10
                  text run at (0,0) width 2: " "
            RenderTableCell {TD} at (768,320) size 8x10 [bgcolor=#FDFDFB] [r=32 c=98 rs=1 cs=1]
              RenderInline {FONT} at (0,0) size 2x10
                RenderText {#text} at (0,0) size 2x10
                  text run at (0,0) width 2: " "
            RenderTableCell {TD} at (776,320) size 8x10 [bgcolor=#FDFDFB] [r=32 c=99 rs=1 cs=1]
              RenderInline {FONT} at (0,0) size 2x10
                RenderText {#text} at (0,0) size 2x10
                  text run at (0,0) width 2: " "
          RenderTableRow {TR} at (0,330) size 784x10
            RenderTableCell {TD} at (0,330) size 7x10 [bgcolor=#FDFDFB] [r=33 c=0 rs=1 cs=1]
              RenderInline {FONT} at (0,0) size 2x10
                RenderText {#text} at (0,0) size 2x10
                  text run at (0,0) width 2: " "
            RenderTableCell {TD} at (7,330) size 7x10 [bgcolor=#FDFDFB] [r=33 c=1 rs=1 cs=1]
              RenderInline {FONT} at (0,0) size 2x10
                RenderText {#text} at (0,0) size 2x10
                  text run at (0,0) width 2: " "
            RenderTableCell {TD} at (14,330) size 7x10 [bgcolor=#FDFDFB] [r=33 c=2 rs=1 cs=1]
              RenderInline {FONT} at (0,0) size 2x10
                RenderText {#text} at (0,0) size 2x10
                  text run at (0,0) width 2: " "
            RenderTableCell {TD} at (21,330) size 7x10 [bgcolor=#FDFDFB] [r=33 c=3 rs=1 cs=1]
              RenderInline {FONT} at (0,0) size 2x10
                RenderText {#text} at (0,0) size 2x10
                  text run at (0,0) width 2: " "
            RenderTableCell {TD} at (28,330) size 7x10 [bgcolor=#FDFDFB] [r=33 c=4 rs=1 cs=1]
              RenderInline {FONT} at (0,0) size 2x10
                RenderText {#text} at (0,0) size 2x10
                  text run at (0,0) width 2: " "
            RenderTableCell {TD} at (35,330) size 7x10 [bgcolor=#FDFDFB] [r=33 c=5 rs=1 cs=1]
              RenderInline {FONT} at (0,0) size 2x10
                RenderText {#text} at (0,0) size 2x10
                  text run at (0,0) width 2: " "
            RenderTableCell {TD} at (42,330) size 7x10 [bgcolor=#FDFDFB] [r=33 c=6 rs=1 cs=1]
              RenderInline {FONT} at (0,0) size 2x10
                RenderText {#text} at (0,0) size 2x10
                  text run at (0,0) width 2: " "
            RenderTableCell {TD} at (49,330) size 7x10 [bgcolor=#FDFDFB] [r=33 c=7 rs=1 cs=1]
              RenderInline {FONT} at (0,0) size 2x10
                RenderText {#text} at (0,0) size 2x10
                  text run at (0,0) width 2: " "
            RenderTableCell {TD} at (56,330) size 7x10 [bgcolor=#FDFDFB] [r=33 c=8 rs=1 cs=1]
              RenderInline {FONT} at (0,0) size 2x10
                RenderText {#text} at (0,0) size 2x10
                  text run at (0,0) width 2: " "
            RenderTableCell {TD} at (63,330) size 7x10 [bgcolor=#FDFDFB] [r=33 c=9 rs=1 cs=1]
              RenderInline {FONT} at (0,0) size 2x10
                RenderText {#text} at (0,0) size 2x10
                  text run at (0,0) width 2: " "
            RenderTableCell {TD} at (70,330) size 7x10 [bgcolor=#FDFDFB] [r=33 c=10 rs=1 cs=1]
              RenderInline {FONT} at (0,0) size 2x10
                RenderText {#text} at (0,0) size 2x10
                  text run at (0,0) width 2: " "
            RenderTableCell {TD} at (77,330) size 7x10 [bgcolor=#FDFDFB] [r=33 c=11 rs=1 cs=1]
              RenderInline {FONT} at (0,0) size 2x10
                RenderText {#text} at (0,0) size 2x10
                  text run at (0,0) width 2: " "
            RenderTableCell {TD} at (84,330) size 7x10 [bgcolor=#FDFDFB] [r=33 c=12 rs=1 cs=1]
              RenderInline {FONT} at (0,0) size 2x10
                RenderText {#text} at (0,0) size 2x10
                  text run at (0,0) width 2: " "
            RenderTableCell {TD} at (91,330) size 7x10 [bgcolor=#FDFDFB] [r=33 c=13 rs=1 cs=1]
              RenderInline {FONT} at (0,0) size 2x10
                RenderText {#text} at (0,0) size 2x10
                  text run at (0,0) width 2: " "
            RenderTableCell {TD} at (98,330) size 7x10 [bgcolor=#FDFDFB] [r=33 c=14 rs=1 cs=1]
              RenderInline {FONT} at (0,0) size 2x10
                RenderText {#text} at (0,0) size 2x10
                  text run at (0,0) width 2: " "
            RenderTableCell {TD} at (105,330) size 7x10 [bgcolor=#FDFDFB] [r=33 c=15 rs=1 cs=1]
              RenderInline {FONT} at (0,0) size 2x10
                RenderText {#text} at (0,0) size 2x10
                  text run at (0,0) width 2: " "
            RenderTableCell {TD} at (112,330) size 8x10 [bgcolor=#FDFDFB] [r=33 c=16 rs=1 cs=1]
              RenderInline {FONT} at (0,0) size 2x10
                RenderText {#text} at (0,0) size 2x10
                  text run at (0,0) width 2: " "
            RenderTableCell {TD} at (120,330) size 8x10 [bgcolor=#FDFDFB] [r=33 c=17 rs=1 cs=1]
              RenderInline {FONT} at (0,0) size 2x10
                RenderText {#text} at (0,0) size 2x10
                  text run at (0,0) width 2: " "
            RenderTableCell {TD} at (128,330) size 8x10 [bgcolor=#FDFDFB] [r=33 c=18 rs=1 cs=1]
              RenderInline {FONT} at (0,0) size 2x10
                RenderText {#text} at (0,0) size 2x10
                  text run at (0,0) width 2: " "
            RenderTableCell {TD} at (136,330) size 8x10 [bgcolor=#FDFDFB] [r=33 c=19 rs=1 cs=1]
              RenderInline {FONT} at (0,0) size 2x10
                RenderText {#text} at (0,0) size 2x10
                  text run at (0,0) width 2: " "
            RenderTableCell {TD} at (144,330) size 8x10 [bgcolor=#FDFDFB] [r=33 c=20 rs=1 cs=1]
              RenderInline {FONT} at (0,0) size 2x10
                RenderText {#text} at (0,0) size 2x10
                  text run at (0,0) width 2: " "
            RenderTableCell {TD} at (152,330) size 8x10 [bgcolor=#FDFDFB] [r=33 c=21 rs=1 cs=1]
              RenderInline {FONT} at (0,0) size 2x10
                RenderText {#text} at (0,0) size 2x10
                  text run at (0,0) width 2: " "
            RenderTableCell {TD} at (160,330) size 8x10 [bgcolor=#FDFDFB] [r=33 c=22 rs=1 cs=1]
              RenderInline {FONT} at (0,0) size 2x10
                RenderText {#text} at (0,0) size 2x10
                  text run at (0,0) width 2: " "
            RenderTableCell {TD} at (168,330) size 8x10 [bgcolor=#FDFDFB] [r=33 c=23 rs=1 cs=1]
              RenderInline {FONT} at (0,0) size 2x10
                RenderText {#text} at (0,0) size 2x10
                  text run at (0,0) width 2: " "
            RenderTableCell {TD} at (176,330) size 8x10 [bgcolor=#FDFDFB] [r=33 c=24 rs=1 cs=1]
              RenderInline {FONT} at (0,0) size 2x10
                RenderText {#text} at (0,0) size 2x10
                  text run at (0,0) width 2: " "
            RenderTableCell {TD} at (184,330) size 8x10 [bgcolor=#FDFDFB] [r=33 c=25 rs=1 cs=1]
              RenderInline {FONT} at (0,0) size 2x10
                RenderText {#text} at (0,0) size 2x10
                  text run at (0,0) width 2: " "
            RenderTableCell {TD} at (192,330) size 8x10 [bgcolor=#FDFDFB] [r=33 c=26 rs=1 cs=1]
              RenderInline {FONT} at (0,0) size 2x10
                RenderText {#text} at (0,0) size 2x10
                  text run at (0,0) width 2: " "
            RenderTableCell {TD} at (200,330) size 8x10 [bgcolor=#FDFDFB] [r=33 c=27 rs=1 cs=1]
              RenderInline {FONT} at (0,0) size 2x10
                RenderText {#text} at (0,0) size 2x10
                  text run at (0,0) width 2: " "
            RenderTableCell {TD} at (208,330) size 8x10 [bgcolor=#FDFDFB] [r=33 c=28 rs=1 cs=1]
              RenderInline {FONT} at (0,0) size 2x10
                RenderText {#text} at (0,0) size 2x10
                  text run at (0,0) width 2: " "
            RenderTableCell {TD} at (216,330) size 8x10 [bgcolor=#FDFDFB] [r=33 c=29 rs=1 cs=1]
              RenderInline {FONT} at (0,0) size 2x10
                RenderText {#text} at (0,0) size 2x10
                  text run at (0,0) width 2: " "
            RenderTableCell {TD} at (224,330) size 8x10 [bgcolor=#FDFDFB] [r=33 c=30 rs=1 cs=1]
              RenderInline {FONT} at (0,0) size 2x10
                RenderText {#text} at (0,0) size 2x10
                  text run at (0,0) width 2: " "
            RenderTableCell {TD} at (232,330) size 8x10 [bgcolor=#FDFDFB] [r=33 c=31 rs=1 cs=1]
              RenderInline {FONT} at (0,0) size 2x10
                RenderText {#text} at (0,0) size 2x10
                  text run at (0,0) width 2: " "
            RenderTableCell {TD} at (240,330) size 8x10 [bgcolor=#FDFDFB] [r=33 c=32 rs=1 cs=1]
              RenderInline {FONT} at (0,0) size 2x10
                RenderText {#text} at (0,0) size 2x10
                  text run at (0,0) width 2: " "
            RenderTableCell {TD} at (248,330) size 8x10 [bgcolor=#FDFDFB] [r=33 c=33 rs=1 cs=1]
              RenderInline {FONT} at (0,0) size 2x10
                RenderText {#text} at (0,0) size 2x10
                  text run at (0,0) width 2: " "
            RenderTableCell {TD} at (256,330) size 8x10 [bgcolor=#FDFDFB] [r=33 c=34 rs=1 cs=1]
              RenderInline {FONT} at (0,0) size 2x10
                RenderText {#text} at (0,0) size 2x10
                  text run at (0,0) width 2: " "
            RenderTableCell {TD} at (264,330) size 8x10 [bgcolor=#FDFDFB] [r=33 c=35 rs=1 cs=1]
              RenderInline {FONT} at (0,0) size 2x10
                RenderText {#text} at (0,0) size 2x10
                  text run at (0,0) width 2: " "
            RenderTableCell {TD} at (272,330) size 8x10 [bgcolor=#FDFDFB] [r=33 c=36 rs=1 cs=1]
              RenderInline {FONT} at (0,0) size 2x10
                RenderText {#text} at (0,0) size 2x10
                  text run at (0,0) width 2: " "
            RenderTableCell {TD} at (280,330) size 8x10 [bgcolor=#FDFDFB] [r=33 c=37 rs=1 cs=1]
              RenderInline {FONT} at (0,0) size 2x10
                RenderText {#text} at (0,0) size 2x10
                  text run at (0,0) width 2: " "
            RenderTableCell {TD} at (288,330) size 8x10 [bgcolor=#FDFDFB] [r=33 c=38 rs=1 cs=1]
              RenderInline {FONT} at (0,0) size 2x10
                RenderText {#text} at (0,0) size 2x10
                  text run at (0,0) width 2: " "
            RenderTableCell {TD} at (296,330) size 8x10 [bgcolor=#FDFDFB] [r=33 c=39 rs=1 cs=1]
              RenderInline {FONT} at (0,0) size 2x10
                RenderText {#text} at (0,0) size 2x10
                  text run at (0,0) width 2: " "
            RenderTableCell {TD} at (304,330) size 8x10 [bgcolor=#FDFDFB] [r=33 c=40 rs=1 cs=1]
              RenderInline {FONT} at (0,0) size 2x10
                RenderText {#text} at (0,0) size 2x10
                  text run at (0,0) width 2: " "
            RenderTableCell {TD} at (312,330) size 8x10 [bgcolor=#FDFDFB] [r=33 c=41 rs=1 cs=1]
              RenderInline {FONT} at (0,0) size 2x10
                RenderText {#text} at (0,0) size 2x10
                  text run at (0,0) width 2: " "
            RenderTableCell {TD} at (320,330) size 8x10 [bgcolor=#FDFDFB] [r=33 c=42 rs=1 cs=1]
              RenderInline {FONT} at (0,0) size 2x10
                RenderText {#text} at (0,0) size 2x10
                  text run at (0,0) width 2: " "
            RenderTableCell {TD} at (328,330) size 8x10 [bgcolor=#FDFDFB] [r=33 c=43 rs=1 cs=1]
              RenderInline {FONT} at (0,0) size 2x10
                RenderText {#text} at (0,0) size 2x10
                  text run at (0,0) width 2: " "
            RenderTableCell {TD} at (336,330) size 8x10 [bgcolor=#FDFDFB] [r=33 c=44 rs=1 cs=1]
              RenderInline {FONT} at (0,0) size 2x10
                RenderText {#text} at (0,0) size 2x10
                  text run at (0,0) width 2: " "
            RenderTableCell {TD} at (344,330) size 8x10 [bgcolor=#FDFDFB] [r=33 c=45 rs=1 cs=1]
              RenderInline {FONT} at (0,0) size 2x10
                RenderText {#text} at (0,0) size 2x10
                  text run at (0,0) width 2: " "
            RenderTableCell {TD} at (352,330) size 8x10 [bgcolor=#FDFDFB] [r=33 c=46 rs=1 cs=1]
              RenderInline {FONT} at (0,0) size 2x10
                RenderText {#text} at (0,0) size 2x10
                  text run at (0,0) width 2: " "
            RenderTableCell {TD} at (360,330) size 8x10 [bgcolor=#FDFDFB] [r=33 c=47 rs=1 cs=1]
              RenderInline {FONT} at (0,0) size 2x10
                RenderText {#text} at (0,0) size 2x10
                  text run at (0,0) width 2: " "
            RenderTableCell {TD} at (368,330) size 8x10 [bgcolor=#FDFDFB] [r=33 c=48 rs=1 cs=1]
              RenderInline {FONT} at (0,0) size 2x10
                RenderText {#text} at (0,0) size 2x10
                  text run at (0,0) width 2: " "
            RenderTableCell {TD} at (376,330) size 8x10 [bgcolor=#FDFDFB] [r=33 c=49 rs=1 cs=1]
              RenderInline {FONT} at (0,0) size 2x10
                RenderText {#text} at (0,0) size 2x10
                  text run at (0,0) width 2: " "
            RenderTableCell {TD} at (384,330) size 8x10 [bgcolor=#FDFDFB] [r=33 c=50 rs=1 cs=1]
              RenderInline {FONT} at (0,0) size 2x10
                RenderText {#text} at (0,0) size 2x10
                  text run at (0,0) width 2: " "
            RenderTableCell {TD} at (392,330) size 8x10 [bgcolor=#FDFDFB] [r=33 c=51 rs=1 cs=1]
              RenderInline {FONT} at (0,0) size 2x10
                RenderText {#text} at (0,0) size 2x10
                  text run at (0,0) width 2: " "
            RenderTableCell {TD} at (400,330) size 8x10 [bgcolor=#FDFDFB] [r=33 c=52 rs=1 cs=1]
              RenderInline {FONT} at (0,0) size 2x10
                RenderText {#text} at (0,0) size 2x10
                  text run at (0,0) width 2: " "
            RenderTableCell {TD} at (408,330) size 8x10 [bgcolor=#FDFDFB] [r=33 c=53 rs=1 cs=1]
              RenderInline {FONT} at (0,0) size 2x10
                RenderText {#text} at (0,0) size 2x10
                  text run at (0,0) width 2: " "
            RenderTableCell {TD} at (416,330) size 8x10 [bgcolor=#FDFDFB] [r=33 c=54 rs=1 cs=1]
              RenderInline {FONT} at (0,0) size 2x10
                RenderText {#text} at (0,0) size 2x10
                  text run at (0,0) width 2: " "
            RenderTableCell {TD} at (424,330) size 8x10 [bgcolor=#FDFDFB] [r=33 c=55 rs=1 cs=1]
              RenderInline {FONT} at (0,0) size 2x10
                RenderText {#text} at (0,0) size 2x10
                  text run at (0,0) width 2: " "
            RenderTableCell {TD} at (432,330) size 8x10 [bgcolor=#FDFDFB] [r=33 c=56 rs=1 cs=1]
              RenderInline {FONT} at (0,0) size 2x10
                RenderText {#text} at (0,0) size 2x10
                  text run at (0,0) width 2: " "
            RenderTableCell {TD} at (440,330) size 8x10 [bgcolor=#FDFDFB] [r=33 c=57 rs=1 cs=1]
              RenderInline {FONT} at (0,0) size 2x10
                RenderText {#text} at (0,0) size 2x10
                  text run at (0,0) width 2: " "
            RenderTableCell {TD} at (448,330) size 8x10 [bgcolor=#FDFDFB] [r=33 c=58 rs=1 cs=1]
              RenderInline {FONT} at (0,0) size 2x10
                RenderText {#text} at (0,0) size 2x10
                  text run at (0,0) width 2: " "
            RenderTableCell {TD} at (456,330) size 8x10 [bgcolor=#FDFDFB] [r=33 c=59 rs=1 cs=1]
              RenderInline {FONT} at (0,0) size 2x10
                RenderText {#text} at (0,0) size 2x10
                  text run at (0,0) width 2: " "
            RenderTableCell {TD} at (464,330) size 8x10 [bgcolor=#FDFDFB] [r=33 c=60 rs=1 cs=1]
              RenderInline {FONT} at (0,0) size 2x10
                RenderText {#text} at (0,0) size 2x10
                  text run at (0,0) width 2: " "
            RenderTableCell {TD} at (472,330) size 8x10 [bgcolor=#FDFDFB] [r=33 c=61 rs=1 cs=1]
              RenderInline {FONT} at (0,0) size 2x10
                RenderText {#text} at (0,0) size 2x10
                  text run at (0,0) width 2: " "
            RenderTableCell {TD} at (480,330) size 8x10 [bgcolor=#FDFDFB] [r=33 c=62 rs=1 cs=1]
              RenderInline {FONT} at (0,0) size 2x10
                RenderText {#text} at (0,0) size 2x10
                  text run at (0,0) width 2: " "
            RenderTableCell {TD} at (488,330) size 8x10 [bgcolor=#FDFDFB] [r=33 c=63 rs=1 cs=1]
              RenderInline {FONT} at (0,0) size 2x10
                RenderText {#text} at (0,0) size 2x10
                  text run at (0,0) width 2: " "
            RenderTableCell {TD} at (496,330) size 8x10 [bgcolor=#FDFDFB] [r=33 c=64 rs=1 cs=1]
              RenderInline {FONT} at (0,0) size 2x10
                RenderText {#text} at (0,0) size 2x10
                  text run at (0,0) width 2: " "
            RenderTableCell {TD} at (504,330) size 8x10 [bgcolor=#FDFDFB] [r=33 c=65 rs=1 cs=1]
              RenderInline {FONT} at (0,0) size 2x10
                RenderText {#text} at (0,0) size 2x10
                  text run at (0,0) width 2: " "
            RenderTableCell {TD} at (512,330) size 8x10 [bgcolor=#FDFDFB] [r=33 c=66 rs=1 cs=1]
              RenderInline {FONT} at (0,0) size 2x10
                RenderText {#text} at (0,0) size 2x10
                  text run at (0,0) width 2: " "
            RenderTableCell {TD} at (520,330) size 8x10 [bgcolor=#FDFDFB] [r=33 c=67 rs=1 cs=1]
              RenderInline {FONT} at (0,0) size 2x10
                RenderText {#text} at (0,0) size 2x10
                  text run at (0,0) width 2: " "
            RenderTableCell {TD} at (528,330) size 8x10 [bgcolor=#EDEEEF] [r=33 c=68 rs=1 cs=1]
              RenderInline {FONT} at (0,0) size 2x10
                RenderText {#text} at (0,0) size 2x10
                  text run at (0,0) width 2: " "
            RenderTableCell {TD} at (536,330) size 8x10 [bgcolor=#EDEEEF] [r=33 c=69 rs=1 cs=1]
              RenderInline {FONT} at (0,0) size 2x10
                RenderText {#text} at (0,0) size 2x10
                  text run at (0,0) width 2: " "
            RenderTableCell {TD} at (544,330) size 8x10 [bgcolor=#E0EAE9] [r=33 c=70 rs=1 cs=1]
              RenderInline {FONT} at (0,0) size 2x10
                RenderText {#text} at (0,0) size 2x10
                  text run at (0,0) width 2: " "
            RenderTableCell {TD} at (552,330) size 8x10 [bgcolor=#DEDFDF] [r=33 c=71 rs=1 cs=1]
              RenderInline {FONT} at (0,0) size 2x10
                RenderText {#text} at (0,0) size 2x10
                  text run at (0,0) width 2: " "
            RenderTableCell {TD} at (560,330) size 8x10 [bgcolor=#DEDFDF] [r=33 c=72 rs=1 cs=1]
              RenderInline {FONT} at (0,0) size 2x10
                RenderText {#text} at (0,0) size 2x10
                  text run at (0,0) width 2: " "
            RenderTableCell {TD} at (568,330) size 8x10 [bgcolor=#CECFCF] [r=33 c=73 rs=1 cs=1]
              RenderInline {FONT} at (0,0) size 2x10
                RenderText {#text} at (0,0) size 2x10
                  text run at (0,0) width 2: " "
            RenderTableCell {TD} at (576,330) size 8x10 [bgcolor=#CECFCF] [r=33 c=74 rs=1 cs=1]
              RenderInline {FONT} at (0,0) size 2x10
                RenderText {#text} at (0,0) size 2x10
                  text run at (0,0) width 2: " "
            RenderTableCell {TD} at (584,330) size 8x10 [bgcolor=#CECFCF] [r=33 c=75 rs=1 cs=1]
              RenderInline {FONT} at (0,0) size 2x10
                RenderText {#text} at (0,0) size 2x10
                  text run at (0,0) width 2: " "
            RenderTableCell {TD} at (592,330) size 8x10 [bgcolor=#CECFCF] [r=33 c=76 rs=1 cs=1]
              RenderInline {FONT} at (0,0) size 2x10
                RenderText {#text} at (0,0) size 2x10
                  text run at (0,0) width 2: " "
            RenderTableCell {TD} at (600,330) size 8x10 [bgcolor=#CECFCF] [r=33 c=77 rs=1 cs=1]
              RenderInline {FONT} at (0,0) size 2x10
                RenderText {#text} at (0,0) size 2x10
                  text run at (0,0) width 2: " "
            RenderTableCell {TD} at (608,330) size 8x10 [bgcolor=#CECFCF] [r=33 c=78 rs=1 cs=1]
              RenderInline {FONT} at (0,0) size 2x10
                RenderText {#text} at (0,0) size 2x10
                  text run at (0,0) width 2: " "
            RenderTableCell {TD} at (616,330) size 8x10 [bgcolor=#CECFCF] [r=33 c=79 rs=1 cs=1]
              RenderInline {FONT} at (0,0) size 2x10
                RenderText {#text} at (0,0) size 2x10
                  text run at (0,0) width 2: " "
            RenderTableCell {TD} at (624,330) size 8x10 [bgcolor=#CECFCF] [r=33 c=80 rs=1 cs=1]
              RenderInline {FONT} at (0,0) size 2x10
                RenderText {#text} at (0,0) size 2x10
                  text run at (0,0) width 2: " "
            RenderTableCell {TD} at (632,330) size 8x10 [bgcolor=#CECFCF] [r=33 c=81 rs=1 cs=1]
              RenderInline {FONT} at (0,0) size 2x10
                RenderText {#text} at (0,0) size 2x10
                  text run at (0,0) width 2: " "
            RenderTableCell {TD} at (640,330) size 8x10 [bgcolor=#CECFCF] [r=33 c=82 rs=1 cs=1]
              RenderInline {FONT} at (0,0) size 2x10
                RenderText {#text} at (0,0) size 2x10
                  text run at (0,0) width 2: " "
            RenderTableCell {TD} at (648,330) size 8x10 [bgcolor=#CECFCF] [r=33 c=83 rs=1 cs=1]
              RenderInline {FONT} at (0,0) size 2x10
                RenderText {#text} at (0,0) size 2x10
                  text run at (0,0) width 2: " "
            RenderTableCell {TD} at (656,330) size 8x10 [bgcolor=#CECFCF] [r=33 c=84 rs=1 cs=1]
              RenderInline {FONT} at (0,0) size 2x10
                RenderText {#text} at (0,0) size 2x10
                  text run at (0,0) width 2: " "
            RenderTableCell {TD} at (664,330) size 8x10 [bgcolor=#CECFCF] [r=33 c=85 rs=1 cs=1]
              RenderInline {FONT} at (0,0) size 2x10
                RenderText {#text} at (0,0) size 2x10
                  text run at (0,0) width 2: " "
            RenderTableCell {TD} at (672,330) size 8x10 [bgcolor=#DEDFDF] [r=33 c=86 rs=1 cs=1]
              RenderInline {FONT} at (0,0) size 2x10
                RenderText {#text} at (0,0) size 2x10
                  text run at (0,0) width 2: " "
            RenderTableCell {TD} at (680,330) size 8x10 [bgcolor=#E0EAE9] [r=33 c=87 rs=1 cs=1]
              RenderInline {FONT} at (0,0) size 2x10
                RenderText {#text} at (0,0) size 2x10
                  text run at (0,0) width 2: " "
            RenderTableCell {TD} at (688,330) size 8x10 [bgcolor=#EDEEEF] [r=33 c=88 rs=1 cs=1]
              RenderInline {FONT} at (0,0) size 2x10
                RenderText {#text} at (0,0) size 2x10
                  text run at (0,0) width 2: " "
            RenderTableCell {TD} at (696,330) size 8x10 [bgcolor=#EDEEEF] [r=33 c=89 rs=1 cs=1]
              RenderInline {FONT} at (0,0) size 2x10
                RenderText {#text} at (0,0) size 2x10
                  text run at (0,0) width 2: " "
            RenderTableCell {TD} at (704,330) size 8x10 [bgcolor=#FDFDFB] [r=33 c=90 rs=1 cs=1]
              RenderInline {FONT} at (0,0) size 2x10
                RenderText {#text} at (0,0) size 2x10
                  text run at (0,0) width 2: " "
            RenderTableCell {TD} at (712,330) size 8x10 [bgcolor=#FDFDFB] [r=33 c=91 rs=1 cs=1]
              RenderInline {FONT} at (0,0) size 2x10
                RenderText {#text} at (0,0) size 2x10
                  text run at (0,0) width 2: " "
            RenderTableCell {TD} at (720,330) size 8x10 [bgcolor=#FDFDFB] [r=33 c=92 rs=1 cs=1]
              RenderInline {FONT} at (0,0) size 2x10
                RenderText {#text} at (0,0) size 2x10
                  text run at (0,0) width 2: " "
            RenderTableCell {TD} at (728,330) size 8x10 [bgcolor=#FDFDFB] [r=33 c=93 rs=1 cs=1]
              RenderInline {FONT} at (0,0) size 2x10
                RenderText {#text} at (0,0) size 2x10
                  text run at (0,0) width 2: " "
            RenderTableCell {TD} at (736,330) size 8x10 [bgcolor=#FDFDFB] [r=33 c=94 rs=1 cs=1]
              RenderInline {FONT} at (0,0) size 2x10
                RenderText {#text} at (0,0) size 2x10
                  text run at (0,0) width 2: " "
            RenderTableCell {TD} at (744,330) size 8x10 [bgcolor=#FDFDFB] [r=33 c=95 rs=1 cs=1]
              RenderInline {FONT} at (0,0) size 2x10
                RenderText {#text} at (0,0) size 2x10
                  text run at (0,0) width 2: " "
            RenderTableCell {TD} at (752,330) size 8x10 [bgcolor=#FDFDFB] [r=33 c=96 rs=1 cs=1]
              RenderInline {FONT} at (0,0) size 2x10
                RenderText {#text} at (0,0) size 2x10
                  text run at (0,0) width 2: " "
            RenderTableCell {TD} at (760,330) size 8x10 [bgcolor=#FDFDFB] [r=33 c=97 rs=1 cs=1]
              RenderInline {FONT} at (0,0) size 2x10
                RenderText {#text} at (0,0) size 2x10
                  text run at (0,0) width 2: " "
            RenderTableCell {TD} at (768,330) size 8x10 [bgcolor=#FDFDFB] [r=33 c=98 rs=1 cs=1]
              RenderInline {FONT} at (0,0) size 2x10
                RenderText {#text} at (0,0) size 2x10
                  text run at (0,0) width 2: " "
            RenderTableCell {TD} at (776,330) size 8x10 [bgcolor=#FDFDFB] [r=33 c=99 rs=1 cs=1]
              RenderInline {FONT} at (0,0) size 2x10
                RenderText {#text} at (0,0) size 2x10
                  text run at (0,0) width 2: " "
