layer at (0,0) size 800x1082
  RenderView at (0,0) size 800x600
layer at (0,0) size 800x1082
  RenderBlock {HTML} at (0,0) size 800x1082
    RenderBody {BODY} at (8,8) size 784x1066
      RenderBlock {H1} at (0,0) size 784x28
        RenderText {#text} at (0,0) size 299x28
          text run at (0,0) width 299: "Example 6: Table Stress Test"
      RenderBlock {PRE} at (0,44) size 784x12 [color=#FF0000]
        RenderText {#text} at (0,0) size 204x12
          text run at (0,0) width 204: "Resize document for maximum effect"
      RenderBlock (anonymous) at (0,66) size 784x14
        RenderBR {BR} at (0,0) size 0x14
      RenderBlock {H2} at (0,94) size 784x21
        RenderText {#text} at (0,0) size 381x21
          text run at (0,0) width 381: "Auto-width tables with spans nested 8 levels deep"
      RenderTable {TABLE} at (0,129) size 689x274 [bgcolor=#FF0000] [border: (1px outset #808080)]
        RenderTableSection {TBODY} at (1,1) size 687x272
          RenderTableRow {TR} at (0,2) size 687x18
            RenderTableCell {TD} at (2,2) size 23x18 [border: (1px inset #808080)] [r=0 c=0 rs=1 cs=1]
              RenderText {#text} at (2,2) size 19x14
                text run at (2,2) width 19: "Cell"
            RenderTableCell {TD} at (27,2) size 658x248 [border: (1px inset #808080)] [r=0 c=1 rs=2 cs=2]
              RenderTable {TABLE} at (2,2) size 654x244 [bgcolor=#ADD8E6] [border: (1px outset #808080)]
                RenderTableSection {TBODY} at (1,1) size 652x242
                  RenderTableRow {TR} at (0,2) size 652x18
                    RenderTableCell {TD} at (2,2) size 23x18 [border: (1px inset #808080)] [r=0 c=0 rs=1 cs=1]
                      RenderText {#text} at (2,2) size 19x14
                        text run at (2,2) width 19: "Cell"
                    RenderTableCell {TD} at (27,2) size 623x218 [border: (1px inset #808080)] [r=0 c=1 rs=2 cs=2]
                      RenderTable {TABLE} at (2,2) size 619x214 [bgcolor=#90EE90] [border: (1px outset #808080)]
                        RenderTableSection {TBODY} at (1,1) size 617x212
                          RenderTableRow {TR} at (0,2) size 617x18
                            RenderTableCell {TD} at (2,2) size 23x18 [border: (1px inset #808080)] [r=0 c=0 rs=1 cs=1]
                              RenderText {#text} at (2,2) size 19x14
                                text run at (2,2) width 19: "Cell"
                            RenderTableCell {TD} at (27,2) size 588x188 [border: (1px inset #808080)] [r=0 c=1 rs=2 cs=2]
                              RenderTable {TABLE} at (2,2) size 584x184 [border: (1px outset #808080)]
                                RenderTableSection {TBODY} at (1,1) size 582x182
                                  RenderTableRow {TR} at (0,2) size 582x18
                                    RenderTableCell {TD} at (2,2) size 23x18 [border: (1px inset #808080)] [r=0 c=0 rs=1 cs=1]
                                      RenderText {#text} at (2,2) size 19x14
                                        text run at (2,2) width 19: "Cell"
                                    RenderTableCell {TD} at (27,2) size 553x158 [border: (1px inset #808080)] [r=0 c=1 rs=2 cs=2]
                                      RenderTable {TABLE} at (2,2) size 549x154 [bgcolor=#FFA500] [border: (1px outset #808080)]
                                        RenderTableSection {TBODY} at (1,1) size 547x152
                                          RenderTableRow {TR} at (0,2) size 547x18
                                            RenderTableCell {TD} at (2,2) size 23x18 [border: (1px inset #808080)] [r=0 c=0 rs=1 cs=1]
                                              RenderText {#text} at (2,2) size 19x14
                                                text run at (2,2) width 19: "Cell"
                                            RenderTableCell {TD} at (27,2) size 518x128 [border: (1px inset #808080)] [r=0 c=1 rs=2 cs=2]
                                              RenderTable {TABLE} at (2,2) size 514x124 [bgcolor=#FF0000] [border: (1px outset #808080)]
                                                RenderTableSection {TBODY} at (1,1) size 512x122
                                                  RenderTableRow {TR} at (0,2) size 512x18
                                                    RenderTableCell {TD} at (2,2) size 23x18 [border: (1px inset #808080)] [r=0 c=0 rs=1 cs=1]
                                                      RenderText {#text} at (2,2) size 19x14
                                                        text run at (2,2) width 19: "Cell"
                                                    RenderTableCell {TD} at (27,2) size 483x98 [border: (1px inset #808080)] [r=0 c=1 rs=2 cs=2]
                                                      RenderTable {TABLE} at (2,2) size 479x94 [bgcolor=#ADD8E6] [border: (1px outset #808080)]
                                                        RenderTableSection {TBODY} at (1,1) size 477x92
                                                          RenderTableRow {TR} at (0,2) size 477x18
                                                            RenderTableCell {TD} at (2,2) size 23x18 [border: (1px inset #808080)] [r=0 c=0 rs=1 cs=1]
                                                              RenderText {#text} at (2,2) size 19x14
                                                                text run at (2,2) width 19: "Cell"
                                                            RenderTableCell {TD} at (27,2) size 448x68 [border: (1px inset #808080)] [r=0 c=1 rs=2 cs=2]
                                                              RenderTable {TABLE} at (2,2) size 444x64 [bgcolor=#90EE90] [border: (1px outset #808080)]
                                                                RenderTableSection {TBODY} at (1,1) size 442x62
                                                                  RenderTableRow {TR} at (0,2) size 442x18
                                                                    RenderTableCell {TD} at (2,2) size 23x18 [border: (1px inset #808080)] [r=0 c=0 rs=1 cs=1]
                                                                      RenderText {#text} at (2,2) size 19x14
                                                                        text run at (2,2) width 19: "Cell"
                                                                    RenderTableCell {TD} at (27,12) size 413x18 [border: (1px inset #808080)] [r=0 c=1 rs=2 cs=2]
                                                                      RenderText {#text} at (2,2) size 384x14
                                                                        text run at (2,2) width 295: "Cell, and stuff to test out table cell layout. This should be long "
                                                                        text run at (297,2) width 89: "enough for testing."
                                                                  RenderTableRow {TR} at (0,22) size 442x18
                                                                    RenderTableCell {TD} at (2,22) size 23x18 [border: (1px inset #808080)] [r=1 c=0 rs=1 cs=1]
                                                                      RenderText {#text} at (2,2) size 19x14
                                                                        text run at (2,2) width 19: "Cell"
                                                                  RenderTableRow {TR} at (0,42) size 442x18
                                                                    RenderTableCell {TD} at (2,42) size 23x18 [border: (1px inset #808080)] [r=2 c=0 rs=1 cs=1]
                                                                      RenderText {#text} at (2,2) size 19x14
                                                                        text run at (2,2) width 19: "Cell"
                                                                    RenderTableCell {TD} at (27,42) size 388x18 [border: (1px inset #808080)] [r=2 c=1 rs=1 cs=1]
                                                                      RenderText {#text} at (2,2) size 384x14
                                                                        text run at (2,2) width 295: "Cell, and stuff to test out table cell layout. This should be long "
                                                                        text run at (297,2) width 89: "enough for testing."
                                                                    RenderTableCell {TD} at (417,42) size 23x18 [border: (1px inset #808080)] [r=2 c=2 rs=1 cs=1]
                                                                      RenderText {#text} at (2,2) size 19x14
                                                                        text run at (2,2) width 19: "Cell"
                                                          RenderTableRow {TR} at (0,22) size 477x48
                                                            RenderTableCell {TD} at (2,37) size 23x18 [border: (1px inset #808080)] [r=1 c=0 rs=1 cs=1]
                                                              RenderText {#text} at (2,2) size 19x14
                                                                text run at (2,2) width 19: "Cell"
                                                          RenderTableRow {TR} at (0,72) size 477x18
                                                            RenderTableCell {TD} at (2,72) size 23x18 [border: (1px inset #808080)] [r=2 c=0 rs=1 cs=1]
                                                              RenderText {#text} at (2,2) size 19x14
                                                                text run at (2,2) width 19: "Cell"
                                                            RenderTableCell {TD} at (27,72) size 421x18 [border: (1px inset #808080)] [r=2 c=1 rs=1 cs=1]
                                                              RenderText {#text} at (2,2) size 384x14
                                                                text run at (2,2) width 295: "Cell, and stuff to test out table cell layout. This should be long "
                                                                text run at (297,2) width 89: "enough for testing."
                                                            RenderTableCell {TD} at (450,72) size 25x18 [border: (1px inset #808080)] [r=2 c=2 rs=1 cs=1]
                                                              RenderText {#text} at (2,2) size 19x14
                                                                text run at (2,2) width 19: "Cell"
                                                  RenderTableRow {TR} at (0,22) size 512x78
                                                    RenderTableCell {TD} at (2,52) size 23x18 [border: (1px inset #808080)] [r=1 c=0 rs=1 cs=1]
                                                      RenderText {#text} at (2,2) size 19x14
                                                        text run at (2,2) width 19: "Cell"
                                                  RenderTableRow {TR} at (0,102) size 512x18
                                                    RenderTableCell {TD} at (2,102) size 23x18 [border: (1px inset #808080)] [r=2 c=0 rs=1 cs=1]
                                                      RenderText {#text} at (2,2) size 19x14
                                                        text run at (2,2) width 19: "Cell"
                                                    RenderTableCell {TD} at (27,102) size 454x18 [border: (1px inset #808080)] [r=2 c=1 rs=1 cs=1]
                                                      RenderText {#text} at (2,2) size 384x14
                                                        text run at (2,2) width 295: "Cell, and stuff to test out table cell layout. This should be long "
                                                        text run at (297,2) width 89: "enough for testing."
                                                    RenderTableCell {TD} at (483,102) size 27x18 [border: (1px inset #808080)] [r=2 c=2 rs=1 cs=1]
                                                      RenderText {#text} at (2,2) size 19x14
                                                        text run at (2,2) width 19: "Cell"
                                          RenderTableRow {TR} at (0,22) size 547x108
                                            RenderTableCell {TD} at (2,67) size 23x18 [border: (1px inset #808080)] [r=1 c=0 rs=1 cs=1]
                                              RenderText {#text} at (2,2) size 19x14
                                                text run at (2,2) width 19: "Cell"
                                          RenderTableRow {TR} at (0,132) size 547x18
                                            RenderTableCell {TD} at (2,132) size 23x18 [border: (1px inset #808080)] [r=2 c=0 rs=1 cs=1]
                                              RenderText {#text} at (2,2) size 19x14
                                                text run at (2,2) width 19: "Cell"
                                            RenderTableCell {TD} at (27,132) size 487x18 [border: (1px inset #808080)] [r=2 c=1 rs=1 cs=1]
                                              RenderText {#text} at (2,2) size 384x14
                                                text run at (2,2) width 295: "Cell, and stuff to test out table cell layout. This should be long "
                                                text run at (297,2) width 89: "enough for testing."
                                            RenderTableCell {TD} at (516,132) size 29x18 [border: (1px inset #808080)] [r=2 c=2 rs=1 cs=1]
                                              RenderText {#text} at (2,2) size 19x14
                                                text run at (2,2) width 19: "Cell"
                                  RenderTableRow {TR} at (0,22) size 582x138
                                    RenderTableCell {TD} at (2,82) size 23x18 [border: (1px inset #808080)] [r=1 c=0 rs=1 cs=1]
                                      RenderText {#text} at (2,2) size 19x14
                                        text run at (2,2) width 19: "Cell"
                                  RenderTableRow {TR} at (0,162) size 582x18
                                    RenderTableCell {TD} at (2,162) size 23x18 [border: (1px inset #808080)] [r=2 c=0 rs=1 cs=1]
                                      RenderText {#text} at (2,2) size 19x14
                                        text run at (2,2) width 19: "Cell"
                                    RenderTableCell {TD} at (27,162) size 520x18 [border: (1px inset #808080)] [r=2 c=1 rs=1 cs=1]
                                      RenderText {#text} at (2,2) size 384x14
                                        text run at (2,2) width 295: "Cell, and stuff to test out table cell layout. This should be long "
                                        text run at (297,2) width 89: "enough for testing."
                                    RenderTableCell {TD} at (549,162) size 31x18 [border: (1px inset #808080)] [r=2 c=2 rs=1 cs=1]
                                      RenderText {#text} at (2,2) size 19x14
                                        text run at (2,2) width 19: "Cell"
                          RenderTableRow {TR} at (0,22) size 617x168
                            RenderTableCell {TD} at (2,97) size 23x18 [border: (1px inset #808080)] [r=1 c=0 rs=1 cs=1]
                              RenderText {#text} at (2,2) size 19x14
                                text run at (2,2) width 19: "Cell"
                          RenderTableRow {TR} at (0,192) size 617x18
                            RenderTableCell {TD} at (2,192) size 23x18 [border: (1px inset #808080)] [r=2 c=0 rs=1 cs=1]
                              RenderText {#text} at (2,2) size 19x14
                                text run at (2,2) width 19: "Cell"
                            RenderTableCell {TD} at (27,192) size 553x18 [border: (1px inset #808080)] [r=2 c=1 rs=1 cs=1]
                              RenderText {#text} at (2,2) size 384x14
                                text run at (2,2) width 295: "Cell, and stuff to test out table cell layout. This should be long "
                                text run at (297,2) width 89: "enough for testing."
                            RenderTableCell {TD} at (582,192) size 33x18 [border: (1px inset #808080)] [r=2 c=2 rs=1 cs=1]
                              RenderText {#text} at (2,2) size 19x14
                                text run at (2,2) width 19: "Cell"
                  RenderTableRow {TR} at (0,22) size 652x198
                    RenderTableCell {TD} at (2,112) size 23x18 [border: (1px inset #808080)] [r=1 c=0 rs=1 cs=1]
                      RenderText {#text} at (2,2) size 19x14
                        text run at (2,2) width 19: "Cell"
                  RenderTableRow {TR} at (0,222) size 652x18
                    RenderTableCell {TD} at (2,222) size 23x18 [border: (1px inset #808080)] [r=2 c=0 rs=1 cs=1]
                      RenderText {#text} at (2,2) size 19x14
                        text run at (2,2) width 19: "Cell"
                    RenderTableCell {TD} at (27,222) size 586x18 [border: (1px inset #808080)] [r=2 c=1 rs=1 cs=1]
                      RenderText {#text} at (2,2) size 384x14
                        text run at (2,2) width 295: "Cell, and stuff to test out table cell layout. This should be long "
                        text run at (297,2) width 89: "enough for testing."
                    RenderTableCell {TD} at (615,222) size 35x18 [border: (1px inset #808080)] [r=2 c=2 rs=1 cs=1]
                      RenderText {#text} at (2,2) size 19x14
                        text run at (2,2) width 19: "Cell"
          RenderTableRow {TR} at (0,22) size 687x228
            RenderTableCell {TD} at (2,127) size 23x18 [border: (1px inset #808080)] [r=1 c=0 rs=1 cs=1]
              RenderText {#text} at (2,2) size 19x14
                text run at (2,2) width 19: "Cell"
          RenderTableRow {TR} at (0,252) size 687x18
            RenderTableCell {TD} at (2,252) size 23x18 [border: (1px inset #808080)] [r=2 c=0 rs=1 cs=1]
              RenderText {#text} at (2,2) size 19x14
                text run at (2,2) width 19: "Cell"
            RenderTableCell {TD} at (27,252) size 619x18 [border: (1px inset #808080)] [r=2 c=1 rs=1 cs=1]
              RenderText {#text} at (2,2) size 384x14
                text run at (2,2) width 295: "Cell, and stuff to test out table cell layout. This should be long "
                text run at (297,2) width 89: "enough for testing."
            RenderTableCell {TD} at (648,252) size 37x18 [border: (1px inset #808080)] [r=2 c=2 rs=1 cs=1]
              RenderText {#text} at (2,2) size 19x14
                text run at (2,2) width 19: "Cell"
      RenderBlock (anonymous) at (0,403) size 784x14
        RenderBR {BR} at (0,0) size 0x14
      RenderBlock {H2} at (0,431) size 784x21
        RenderText {#text} at (0,0) size 300x21
          text run at (0,0) width 300: "100% width tables nested 6 levels deep"
      RenderTable {TABLE} at (0,466) size 784x600 [bgcolor=#FFFF00] [border: (1px outset #808080)]
        RenderTableSection {TBODY} at (1,1) size 782x598
          RenderTableRow {TR} at (0,2) size 782x18
            RenderTableCell {TD} at (2,2) size 639x18 [border: (1px inset #808080)] [r=0 c=0 rs=1 cs=1]
              RenderText {#text} at (2,2) size 39x14
                text run at (2,2) width 39: "Cell one"
            RenderTableCell {TD} at (643,2) size 67x18 [border: (1px inset #808080)] [r=0 c=1 rs=1 cs=1]
              RenderText {#text} at (2,2) size 25x14
                text run at (2,2) width 25: "Cell2"
            RenderTableCell {TD} at (712,2) size 68x18 [border: (1px inset #808080)] [r=0 c=2 rs=1 cs=1]
              RenderText {#text} at (2,2) size 28x14
                text run at (2,2) width 28: "Cell 3"
          RenderTableRow {TR} at (0,22) size 782x18
            RenderTableCell {TD} at (2,22) size 639x18 [border: (1px inset #808080)] [r=1 c=0 rs=1 cs=1]
              RenderText {#text} at (2,2) size 28x14
                text run at (2,2) width 28: "Cell 4"
            RenderTableCell {TD} at (643,22) size 67x18 [border: (1px inset #808080)] [r=1 c=1 rs=1 cs=1]
              RenderText {#text} at (2,2) size 28x14
                text run at (2,2) width 28: "Cell 5"
            RenderTableCell {TD} at (712,22) size 68x18 [border: (1px inset #808080)] [r=1 c=2 rs=1 cs=1]
              RenderText {#text} at (2,2) size 28x14
                text run at (2,2) width 28: "Cell 6"
          RenderTableRow {TR} at (0,42) size 782x554
            RenderTableCell {TD} at (2,42) size 639x554 [border: (1px inset #808080)] [r=2 c=0 rs=1 cs=1]
              RenderTable {TABLE} at (2,2) size 635x536 [bgcolor=#D3D3D3]
                RenderTableSection {TBODY} at (0,0) size 635x536
                  RenderTableRow {TR} at (0,2) size 635x16
                    RenderTableCell {TD} at (2,2) size 17x16 [r=0 c=0 rs=1 cs=1]
                      RenderText {#text} at (1,1) size 6x14
                        text run at (1,1) width 6: "1"
                    RenderTableCell {TD} at (21,2) size 592x16 [r=0 c=1 rs=1 cs=1]
                      RenderText {#text} at (1,1) size 6x14
                        text run at (1,1) width 6: "2"
                    RenderTableCell {TD} at (615,2) size 18x16 [r=0 c=2 rs=1 cs=1]
                      RenderText {#text} at (1,1) size 6x14
                        text run at (1,1) width 6: "3"
                  RenderTableRow {TR} at (0,20) size 635x496
                    RenderTableCell {TD} at (2,260) size 17x16 [r=1 c=0 rs=1 cs=1]
                      RenderText {#text} at (1,1) size 6x14
                        text run at (1,1) width 6: "4"
                    RenderTableCell {TD} at (21,20) size 592x496 [r=1 c=1 rs=1 cs=1]
                      RenderTable {TABLE} at (1,1) size 590x480 [bgcolor=#ADD8E6] [border: (1px outset #808080)]
                        RenderTableSection {TBODY} at (1,1) size 588x478
                          RenderTableRow {TR} at (0,2) size 588x434
                            RenderTableCell {TD} at (2,210) size 21x18 [border: (1px inset #808080)] [r=0 c=0 rs=1 cs=1]
                              RenderText {#text} at (2,2) size 6x14
                                text run at (2,2) width 6: "1"
                            RenderTableCell {TD} at (25,2) size 537x434 [border: (1px inset #808080)] [r=0 c=1 rs=1 cs=1]
                              RenderTable {TABLE} at (2,2) size 533x416 [bgcolor=#FF0000] [border: (1px outset #808080)]
                                RenderTableSection {TBODY} at (1,1) size 531x414
                                  RenderTableRow {TR} at (0,2) size 531x18
                                    RenderTableCell {TD} at (2,2) size 22x18 [border: (1px inset #808080)] [r=0 c=0 rs=1 cs=1]
                                      RenderText {#text} at (2,2) size 6x14
                                        text run at (2,2) width 6: "1"
                                    RenderTableCell {TD} at (26,2) size 22x18 [border: (1px inset #808080)] [r=0 c=1 rs=1 cs=1]
                                      RenderText {#text} at (2,2) size 6x14
                                        text run at (2,2) width 6: "2"
                                    RenderTableCell {TD} at (50,2) size 429x18 [border: (1px inset #808080)] [r=0 c=2 rs=1 cs=1]
                                      RenderText {#text} at (2,2) size 6x14
                                        text run at (2,2) width 6: "3"
                                    RenderTableCell {TD} at (481,2) size 23x18 [border: (1px inset #808080)] [r=0 c=3 rs=1 cs=1]
                                      RenderText {#text} at (2,2) size 6x14
                                        text run at (2,2) width 6: "4"
                                    RenderTableCell {TD} at (506,2) size 23x18 [border: (1px inset #808080)] [r=0 c=4 rs=1 cs=1]
                                      RenderText {#text} at (2,2) size 6x14
                                        text run at (2,2) width 6: "5"
                                  RenderTableRow {TR} at (0,22) size 531x330
                                    RenderTableCell {TD} at (2,178) size 22x18 [border: (1px inset #808080)] [r=1 c=0 rs=1 cs=1]
                                      RenderText {#text} at (2,2) size 6x14
                                        text run at (2,2) width 6: "6"
                                    RenderTableCell {TD} at (26,178) size 22x18 [border: (1px inset #808080)] [r=1 c=1 rs=1 cs=1]
                                      RenderText {#text} at (2,2) size 6x14
                                        text run at (2,2) width 6: "7"
                                    RenderTableCell {TD} at (50,22) size 429x330 [border: (1px inset #808080)] [r=1 c=2 rs=1 cs=1]
                                      RenderTable {TABLE} at (2,2) size 425x312 [bgcolor=#008000] [border: (1px outset #808080)]
                                        RenderTableSection {TBODY} at (1,1) size 423x310
                                          RenderTableRow {TR} at (0,2) size 423x18
                                            RenderTableCell {TD} at (2,2) size 24x18 [border: (1px inset #808080)] [r=0 c=0 rs=1 cs=1]
                                              RenderText {#text} at (2,2) size 5x14
                                                text run at (2,2) width 5: "a"
                                            RenderTableCell {TD} at (28,2) size 24x18 [border: (1px inset #808080)] [r=0 c=1 rs=1 cs=1]
                                              RenderText {#text} at (2,2) size 6x14
                                                text run at (2,2) width 6: "b"
                                            RenderTableCell {TD} at (54,2) size 314x18 [border: (1px inset #808080)] [r=0 c=2 rs=1 cs=1]
                                              RenderText {#text} at (2,2) size 5x14
                                                text run at (2,2) width 5: "c"
                                            RenderTableCell {TD} at (370,2) size 24x18 [border: (1px inset #808080)] [r=0 c=3 rs=1 cs=1]
                                              RenderText {#text} at (2,2) size 6x14
                                                text run at (2,2) width 6: "d"
                                            RenderTableCell {TD} at (396,2) size 25x18 [border: (1px inset #808080)] [r=0 c=4 rs=1 cs=1]
                                              RenderText {#text} at (2,2) size 5x14
                                                text run at (2,2) width 5: "e"
                                          RenderTableRow {TR} at (0,22) size 423x18
                                            RenderTableCell {TD} at (2,22) size 24x18 [border: (1px inset #808080)] [r=1 c=0 rs=1 cs=1]
                                              RenderText {#text} at (2,2) size 4x14
                                                text run at (2,2) width 4: "f"
                                            RenderTableCell {TD} at (28,22) size 24x18 [border: (1px inset #808080)] [r=1 c=1 rs=1 cs=1]
                                              RenderText {#text} at (2,2) size 6x14
                                                text run at (2,2) width 6: "g"
                                            RenderTableCell {TD} at (54,22) size 314x18 [border: (1px inset #808080)] [r=1 c=2 rs=1 cs=1]
                                              RenderText {#text} at (2,2) size 6x14
                                                text run at (2,2) width 6: "h"
                                            RenderTableCell {TD} at (370,22) size 24x18 [border: (1px inset #808080)] [r=1 c=3 rs=1 cs=1]
                                              RenderText {#text} at (2,2) size 3x14
                                                text run at (2,2) width 3: "i"
                                            RenderTableCell {TD} at (396,22) size 25x18 [border: (1px inset #808080)] [r=1 c=4 rs=1 cs=1]
                                              RenderText {#text} at (2,2) size 3x14
                                                text run at (2,2) width 3: "j"
                                          RenderTableRow {TR} at (0,42) size 423x226
                                            RenderTableCell {TD} at (2,146) size 24x18 [border: (1px inset #808080)] [r=2 c=0 rs=1 cs=1]
                                              RenderText {#text} at (2,2) size 6x14
                                                text run at (2,2) width 6: "k"
                                            RenderTableCell {TD} at (28,146) size 24x18 [border: (1px inset #808080)] [r=2 c=1 rs=1 cs=1]
                                              RenderText {#text} at (2,2) size 3x14
                                                text run at (2,2) width 3: "l"
                                            RenderTableCell {TD} at (54,42) size 314x226 [border: (1px inset #808080)] [r=2 c=2 rs=1 cs=1]
                                              RenderTable {TABLE} at (2,2) size 310x208 [bgcolor=#800080] [border: (1px outset #808080)]
                                                RenderTableSection {TBODY} at (1,1) size 308x206
                                                  RenderTableRow {TR} at (0,2) size 308x18
                                                    RenderTableCell {TD} at (2,2) size 26x18 [border: (1px inset #808080)] [r=0 c=0 rs=1 cs=1]
                                                      RenderText {#text} at (2,2) size 5x14
                                                        text run at (2,2) width 5: "a"
                                                    RenderTableCell {TD} at (30,2) size 26x18 [border: (1px inset #808080)] [r=0 c=1 rs=1 cs=1]
                                                      RenderText {#text} at (2,2) size 6x14
                                                        text run at (2,2) width 6: "b"
                                                    RenderTableCell {TD} at (58,2) size 190x18 [border: (1px inset #808080)] [r=0 c=2 rs=1 cs=1]
                                                      RenderText {#text} at (2,2) size 5x14
                                                        text run at (2,2) width 5: "c"
                                                    RenderTableCell {TD} at (250,2) size 27x18 [border: (1px inset #808080)] [r=0 c=3 rs=1 cs=1]
                                                      RenderText {#text} at (2,2) size 6x14
                                                        text run at (2,2) width 6: "d"
                                                    RenderTableCell {TD} at (279,2) size 27x18 [border: (1px inset #808080)] [r=0 c=4 rs=1 cs=1]
                                                      RenderText {#text} at (2,2) size 5x14
                                                        text run at (2,2) width 5: "e"
                                                  RenderTableRow {TR} at (0,22) size 308x18
                                                    RenderTableCell {TD} at (2,22) size 26x18 [border: (1px inset #808080)] [r=1 c=0 rs=1 cs=1]
                                                      RenderText {#text} at (2,2) size 4x14
                                                        text run at (2,2) width 4: "f"
                                                    RenderTableCell {TD} at (30,22) size 26x18 [border: (1px inset #808080)] [r=1 c=1 rs=1 cs=1]
                                                      RenderText {#text} at (2,2) size 6x14
                                                        text run at (2,2) width 6: "g"
                                                    RenderTableCell {TD} at (58,22) size 190x18 [border: (1px inset #808080)] [r=1 c=2 rs=1 cs=1]
                                                      RenderText {#text} at (2,2) size 6x14
                                                        text run at (2,2) width 6: "h"
                                                    RenderTableCell {TD} at (250,22) size 27x18 [border: (1px inset #808080)] [r=1 c=3 rs=1 cs=1]
                                                      RenderText {#text} at (2,2) size 3x14
                                                        text run at (2,2) width 3: "i"
                                                    RenderTableCell {TD} at (279,22) size 27x18 [border: (1px inset #808080)] [r=1 c=4 rs=1 cs=1]
                                                      RenderText {#text} at (2,2) size 3x14
                                                        text run at (2,2) width 3: "j"
                                                  RenderTableRow {TR} at (0,42) size 308x122
                                                    RenderTableCell {TD} at (2,94) size 26x18 [border: (1px inset #808080)] [r=2 c=0 rs=1 cs=1]
                                                      RenderText {#text} at (2,2) size 6x14
                                                        text run at (2,2) width 6: "k"
                                                    RenderTableCell {TD} at (30,94) size 26x18 [border: (1px inset #808080)] [r=2 c=1 rs=1 cs=1]
                                                      RenderText {#text} at (2,2) size 3x14
                                                        text run at (2,2) width 3: "l"
                                                    RenderTableCell {TD} at (58,42) size 190x122 [border: (1px inset #808080)] [r=2 c=2 rs=1 cs=1]
                                                      RenderTable {TABLE} at (2,2) size 186x104 [bgcolor=#FFA500] [border: (1px outset #808080)]
                                                        RenderTableSection {TBODY} at (1,1) size 184x102
                                                          RenderTableRow {TR} at (0,2) size 184x18
                                                            RenderTableCell {TD} at (2,2) size 32x18 [border: (1px inset #808080)] [r=0 c=0 rs=1 cs=1]
                                                              RenderText {#text} at (2,2) size 5x14
                                                                text run at (2,2) width 5: "a"
                                                            RenderTableCell {TD} at (36,2) size 32x18 [border: (1px inset #808080)] [r=0 c=1 rs=1 cs=1]
                                                              RenderText {#text} at (2,2) size 6x14
                                                                text run at (2,2) width 6: "b"
                                                            RenderTableCell {TD} at (70,2) size 42x18 [border: (1px inset #808080)] [r=0 c=2 rs=1 cs=1]
                                                              RenderText {#text} at (2,2) size 5x14
                                                                text run at (2,2) width 5: "c"
                                                            RenderTableCell {TD} at (114,2) size 33x18 [border: (1px inset #808080)] [r=0 c=3 rs=1 cs=1]
                                                              RenderText {#text} at (2,2) size 6x14
                                                                text run at (2,2) width 6: "d"
                                                            RenderTableCell {TD} at (149,2) size 33x18 [border: (1px inset #808080)] [r=0 c=4 rs=1 cs=1]
                                                              RenderText {#text} at (2,2) size 5x14
                                                                text run at (2,2) width 5: "e"
                                                          RenderTableRow {TR} at (0,22) size 184x18
                                                            RenderTableCell {TD} at (2,22) size 32x18 [border: (1px inset #808080)] [r=1 c=0 rs=1 cs=1]
                                                              RenderText {#text} at (2,2) size 4x14
                                                                text run at (2,2) width 4: "f"
                                                            RenderTableCell {TD} at (36,22) size 32x18 [border: (1px inset #808080)] [r=1 c=1 rs=1 cs=1]
                                                              RenderText {#text} at (2,2) size 6x14
                                                                text run at (2,2) width 6: "g"
                                                            RenderTableCell {TD} at (70,22) size 42x18 [border: (1px inset #808080)] [r=1 c=2 rs=1 cs=1]
                                                              RenderText {#text} at (2,2) size 6x14
                                                                text run at (2,2) width 6: "h"
                                                            RenderTableCell {TD} at (114,22) size 33x18 [border: (1px inset #808080)] [r=1 c=3 rs=1 cs=1]
                                                              RenderText {#text} at (2,2) size 3x14
                                                                text run at (2,2) width 3: "i"
                                                            RenderTableCell {TD} at (149,22) size 33x18 [border: (1px inset #808080)] [r=1 c=4 rs=1 cs=1]
                                                              RenderText {#text} at (2,2) size 3x14
                                                                text run at (2,2) width 3: "j"
                                                          RenderTableRow {TR} at (0,42) size 184x18
                                                            RenderTableCell {TD} at (2,42) size 32x18 [border: (1px inset #808080)] [r=2 c=0 rs=1 cs=1]
                                                              RenderText {#text} at (2,2) size 6x14
                                                                text run at (2,2) width 6: "k"
                                                            RenderTableCell {TD} at (36,42) size 32x18 [border: (1px inset #808080)] [r=2 c=1 rs=1 cs=1]
                                                              RenderText {#text} at (2,2) size 3x14
                                                                text run at (2,2) width 3: "l"
                                                            RenderTableCell {TD} at (70,42) size 42x18 [border: (1px inset #808080)] [r=2 c=2 rs=1 cs=1]
                                                              RenderText {#text} at (2,2) size 9x14
                                                                text run at (2,2) width 9: "m"
                                                            RenderTableCell {TD} at (114,42) size 33x18 [border: (1px inset #808080)] [r=2 c=3 rs=1 cs=1]
                                                              RenderText {#text} at (2,2) size 6x14
                                                                text run at (2,2) width 6: "n"
                                                            RenderTableCell {TD} at (149,42) size 33x18 [border: (1px inset #808080)] [r=2 c=4 rs=1 cs=1]
                                                              RenderText {#text} at (2,2) size 6x14
                                                                text run at (2,2) width 6: "o"
                                                          RenderTableRow {TR} at (0,62) size 184x18
                                                            RenderTableCell {TD} at (2,62) size 32x18 [border: (1px inset #808080)] [r=3 c=0 rs=1 cs=1]
                                                              RenderText {#text} at (2,2) size 6x14
                                                                text run at (2,2) width 6: "p"
                                                            RenderTableCell {TD} at (36,62) size 32x18 [border: (1px inset #808080)] [r=3 c=1 rs=1 cs=1]
                                                              RenderText {#text} at (2,2) size 6x14
                                                                text run at (2,2) width 6: "q"
                                                            RenderTableCell {TD} at (70,62) size 42x18 [border: (1px inset #808080)] [r=3 c=2 rs=1 cs=1]
                                                              RenderText {#text} at (2,2) size 4x14
                                                                text run at (2,2) width 4: "r"
                                                            RenderTableCell {TD} at (114,62) size 33x18 [border: (1px inset #808080)] [r=3 c=3 rs=1 cs=1]
                                                              RenderText {#text} at (2,2) size 5x14
                                                                text run at (2,2) width 5: "s"
                                                            RenderTableCell {TD} at (149,62) size 33x18 [border: (1px inset #808080)] [r=3 c=4 rs=1 cs=1]
                                                              RenderText {#text} at (2,2) size 3x14
                                                                text run at (2,2) width 3: "t"
                                                          RenderTableRow {TR} at (0,82) size 184x18
                                                            RenderTableCell {TD} at (2,82) size 32x18 [border: (1px inset #808080)] [r=4 c=0 rs=1 cs=1]
                                                              RenderText {#text} at (2,2) size 6x14
                                                                text run at (2,2) width 6: "u"
                                                            RenderTableCell {TD} at (36,82) size 32x18 [border: (1px inset #808080)] [r=4 c=1 rs=1 cs=1]
                                                              RenderText {#text} at (2,2) size 6x14
                                                                text run at (2,2) width 6: "v"
                                                            RenderTableCell {TD} at (70,82) size 42x18 [border: (1px inset #808080)] [r=4 c=2 rs=1 cs=1]
                                                              RenderText {#text} at (2,2) size 9x14
                                                                text run at (2,2) width 9: "w"
                                                            RenderTableCell {TD} at (114,82) size 33x18 [border: (1px inset #808080)] [r=4 c=3 rs=1 cs=1]
                                                              RenderText {#text} at (2,2) size 6x14
                                                                text run at (2,2) width 6: "x"
                                                            RenderTableCell {TD} at (149,82) size 33x18 [border: (1px inset #808080)] [r=4 c=4 rs=1 cs=1]
                                                              RenderText {#text} at (2,2) size 6x14
                                                                text run at (2,2) width 6: "y"
                                                      RenderBlock (anonymous) at (2,106) size 186x14
                                                        RenderText {#text} at (0,0) size 3x14
                                                          text run at (0,0) width 3: " "
                                                    RenderTableCell {TD} at (250,94) size 27x18 [border: (1px inset #808080)] [r=2 c=3 rs=1 cs=1]
                                                      RenderText {#text} at (2,2) size 6x14
                                                        text run at (2,2) width 6: "n"
                                                    RenderTableCell {TD} at (279,94) size 27x18 [border: (1px inset #808080)] [r=2 c=4 rs=1 cs=1]
                                                      RenderText {#text} at (2,2) size 6x14
                                                        text run at (2,2) width 6: "o"
                                                  RenderTableRow {TR} at (0,166) size 308x18
                                                    RenderTableCell {TD} at (2,166) size 26x18 [border: (1px inset #808080)] [r=3 c=0 rs=1 cs=1]
                                                      RenderText {#text} at (2,2) size 6x14
                                                        text run at (2,2) width 6: "p"
                                                    RenderTableCell {TD} at (30,166) size 26x18 [border: (1px inset #808080)] [r=3 c=1 rs=1 cs=1]
                                                      RenderText {#text} at (2,2) size 6x14
                                                        text run at (2,2) width 6: "q"
                                                    RenderTableCell {TD} at (58,166) size 190x18 [border: (1px inset #808080)] [r=3 c=2 rs=1 cs=1]
                                                      RenderText {#text} at (2,2) size 4x14
                                                        text run at (2,2) width 4: "r"
                                                    RenderTableCell {TD} at (250,166) size 27x18 [border: (1px inset #808080)] [r=3 c=3 rs=1 cs=1]
                                                      RenderText {#text} at (2,2) size 5x14
                                                        text run at (2,2) width 5: "s"
                                                    RenderTableCell {TD} at (279,166) size 27x18 [border: (1px inset #808080)] [r=3 c=4 rs=1 cs=1]
                                                      RenderText {#text} at (2,2) size 3x14
                                                        text run at (2,2) width 3: "t"
                                                  RenderTableRow {TR} at (0,186) size 308x18
                                                    RenderTableCell {TD} at (2,186) size 26x18 [border: (1px inset #808080)] [r=4 c=0 rs=1 cs=1]
                                                      RenderText {#text} at (2,2) size 6x14
                                                        text run at (2,2) width 6: "u"
                                                    RenderTableCell {TD} at (30,186) size 26x18 [border: (1px inset #808080)] [r=4 c=1 rs=1 cs=1]
                                                      RenderText {#text} at (2,2) size 6x14
                                                        text run at (2,2) width 6: "v"
                                                    RenderTableCell {TD} at (58,186) size 190x18 [border: (1px inset #808080)] [r=4 c=2 rs=1 cs=1]
                                                      RenderText {#text} at (2,2) size 9x14
                                                        text run at (2,2) width 9: "w"
                                                    RenderTableCell {TD} at (250,186) size 27x18 [border: (1px inset #808080)] [r=4 c=3 rs=1 cs=1]
                                                      RenderText {#text} at (2,2) size 6x14
                                                        text run at (2,2) width 6: "x"
                                                    RenderTableCell {TD} at (279,186) size 27x18 [border: (1px inset #808080)] [r=4 c=4 rs=1 cs=1]
                                                      RenderText {#text} at (2,2) size 6x14
                                                        text run at (2,2) width 6: "y"
                                              RenderBlock (anonymous) at (2,210) size 310x14
                                                RenderText {#text} at (0,0) size 3x14
                                                  text run at (0,0) width 3: " "
                                            RenderTableCell {TD} at (370,146) size 24x18 [border: (1px inset #808080)] [r=2 c=3 rs=1 cs=1]
                                              RenderText {#text} at (2,2) size 6x14
                                                text run at (2,2) width 6: "n"
                                            RenderTableCell {TD} at (396,146) size 25x18 [border: (1px inset #808080)] [r=2 c=4 rs=1 cs=1]
                                              RenderText {#text} at (2,2) size 6x14
                                                text run at (2,2) width 6: "o"
                                          RenderTableRow {TR} at (0,270) size 423x18
                                            RenderTableCell {TD} at (2,270) size 24x18 [border: (1px inset #808080)] [r=3 c=0 rs=1 cs=1]
                                              RenderText {#text} at (2,2) size 6x14
                                                text run at (2,2) width 6: "p"
                                            RenderTableCell {TD} at (28,270) size 24x18 [border: (1px inset #808080)] [r=3 c=1 rs=1 cs=1]
                                              RenderText {#text} at (2,2) size 6x14
                                                text run at (2,2) width 6: "q"
                                            RenderTableCell {TD} at (54,270) size 314x18 [border: (1px inset #808080)] [r=3 c=2 rs=1 cs=1]
                                              RenderText {#text} at (2,2) size 4x14
                                                text run at (2,2) width 4: "r"
                                            RenderTableCell {TD} at (370,270) size 24x18 [border: (1px inset #808080)] [r=3 c=3 rs=1 cs=1]
                                              RenderText {#text} at (2,2) size 5x14
                                                text run at (2,2) width 5: "s"
                                            RenderTableCell {TD} at (396,270) size 25x18 [border: (1px inset #808080)] [r=3 c=4 rs=1 cs=1]
                                              RenderText {#text} at (2,2) size 3x14
                                                text run at (2,2) width 3: "t"
                                          RenderTableRow {TR} at (0,290) size 423x18
                                            RenderTableCell {TD} at (2,290) size 24x18 [border: (1px inset #808080)] [r=4 c=0 rs=1 cs=1]
                                              RenderText {#text} at (2,2) size 6x14
                                                text run at (2,2) width 6: "u"
                                            RenderTableCell {TD} at (28,290) size 24x18 [border: (1px inset #808080)] [r=4 c=1 rs=1 cs=1]
                                              RenderText {#text} at (2,2) size 6x14
                                                text run at (2,2) width 6: "v"
                                            RenderTableCell {TD} at (54,290) size 314x18 [border: (1px inset #808080)] [r=4 c=2 rs=1 cs=1]
                                              RenderText {#text} at (2,2) size 9x14
                                                text run at (2,2) width 9: "w"
                                            RenderTableCell {TD} at (370,290) size 24x18 [border: (1px inset #808080)] [r=4 c=3 rs=1 cs=1]
                                              RenderText {#text} at (2,2) size 6x14
                                                text run at (2,2) width 6: "x"
                                            RenderTableCell {TD} at (396,290) size 25x18 [border: (1px inset #808080)] [r=4 c=4 rs=1 cs=1]
                                              RenderText {#text} at (2,2) size 6x14
                                                text run at (2,2) width 6: "y"
                                      RenderBlock (anonymous) at (2,314) size 425x14
                                        RenderText {#text} at (0,0) size 3x14
                                          text run at (0,0) width 3: " "
                                    RenderTableCell {TD} at (481,178) size 23x18 [border: (1px inset #808080)] [r=1 c=3 rs=1 cs=1]
                                      RenderText {#text} at (2,2) size 6x14
                                        text run at (2,2) width 6: "9"
                                    RenderTableCell {TD} at (506,178) size 23x18 [border: (1px inset #808080)] [r=1 c=4 rs=1 cs=1]
                                      RenderText {#text} at (2,2) size 6x14
                                        text run at (2,2) width 6: "0"
                                  RenderTableRow {TR} at (0,354) size 531x18
                                    RenderTableCell {TD} at (2,354) size 22x18 [border: (1px inset #808080)] [r=2 c=0 rs=1 cs=1]
                                      RenderText {#text} at (2,2) size 5x14
                                        text run at (2,2) width 5: "a"
                                    RenderTableCell {TD} at (26,354) size 22x18 [border: (1px inset #808080)] [r=2 c=1 rs=1 cs=1]
                                      RenderText {#text} at (2,2) size 6x14
                                        text run at (2,2) width 6: "b"
                                    RenderTableCell {TD} at (50,354) size 429x18 [border: (1px inset #808080)] [r=2 c=2 rs=1 cs=1]
                                      RenderText {#text} at (2,2) size 5x14
                                        text run at (2,2) width 5: "c"
                                    RenderTableCell {TD} at (481,354) size 23x18 [border: (1px inset #808080)] [r=2 c=3 rs=1 cs=1]
                                      RenderText {#text} at (2,2) size 6x14
                                        text run at (2,2) width 6: "d"
                                    RenderTableCell {TD} at (506,354) size 23x18 [border: (1px inset #808080)] [r=2 c=4 rs=1 cs=1]
                                      RenderText {#text} at (2,2) size 5x14
                                        text run at (2,2) width 5: "e"
                                  RenderTableRow {TR} at (0,374) size 531x18
                                    RenderTableCell {TD} at (2,374) size 22x18 [border: (1px inset #808080)] [r=3 c=0 rs=1 cs=1]
                                      RenderText {#text} at (2,2) size 4x14
                                        text run at (2,2) width 4: "f"
                                    RenderTableCell {TD} at (26,374) size 22x18 [border: (1px inset #808080)] [r=3 c=1 rs=1 cs=1]
                                      RenderText {#text} at (2,2) size 6x14
                                        text run at (2,2) width 6: "g"
                                    RenderTableCell {TD} at (50,374) size 429x18 [border: (1px inset #808080)] [r=3 c=2 rs=1 cs=1]
                                      RenderText {#text} at (2,2) size 6x14
                                        text run at (2,2) width 6: "h"
                                    RenderTableCell {TD} at (481,374) size 23x18 [border: (1px inset #808080)] [r=3 c=3 rs=1 cs=1]
                                      RenderText {#text} at (2,2) size 3x14
                                        text run at (2,2) width 3: "i"
                                    RenderTableCell {TD} at (506,374) size 23x18 [border: (1px inset #808080)] [r=3 c=4 rs=1 cs=1]
                                      RenderText {#text} at (2,2) size 3x14
                                        text run at (2,2) width 3: "j"
                                  RenderTableRow {TR} at (0,394) size 531x18
                                    RenderTableCell {TD} at (2,394) size 22x18 [border: (1px inset #808080)] [r=4 c=0 rs=1 cs=1]
                                      RenderText {#text} at (2,2) size 6x14
                                        text run at (2,2) width 6: "k"
                                    RenderTableCell {TD} at (26,394) size 22x18 [border: (1px inset #808080)] [r=4 c=1 rs=1 cs=1]
                                      RenderText {#text} at (2,2) size 3x14
                                        text run at (2,2) width 3: "l"
                                    RenderTableCell {TD} at (50,394) size 429x18 [border: (1px inset #808080)] [r=4 c=2 rs=1 cs=1]
                                      RenderText {#text} at (2,2) size 9x14
                                        text run at (2,2) width 9: "m"
                                    RenderTableCell {TD} at (481,394) size 23x18 [border: (1px inset #808080)] [r=4 c=3 rs=1 cs=1]
                                      RenderText {#text} at (2,2) size 6x14
                                        text run at (2,2) width 6: "n"
                                    RenderTableCell {TD} at (506,394) size 23x18 [border: (1px inset #808080)] [r=4 c=4 rs=1 cs=1]
                                      RenderText {#text} at (2,2) size 6x14
                                        text run at (2,2) width 6: "o"
                              RenderBlock (anonymous) at (2,418) size 533x14
                                RenderText {#text} at (0,0) size 3x14
                                  text run at (0,0) width 3: " "
                            RenderTableCell {TD} at (564,210) size 22x18 [border: (1px inset #808080)] [r=0 c=2 rs=1 cs=1]
                              RenderText {#text} at (2,2) size 6x14
                                text run at (2,2) width 6: "3"
                          RenderTableRow {TR} at (0,438) size 588x18
                            RenderTableCell {TD} at (2,438) size 21x18 [border: (1px inset #808080)] [r=1 c=0 rs=1 cs=1]
                              RenderText {#text} at (2,2) size 6x14
                                text run at (2,2) width 6: "4"
                            RenderTableCell {TD} at (25,438) size 537x18 [border: (1px inset #808080)] [r=1 c=1 rs=1 cs=1]
                              RenderText {#text} at (2,2) size 6x14
                                text run at (2,2) width 6: "5"
                            RenderTableCell {TD} at (564,438) size 22x18 [border: (1px inset #808080)] [r=1 c=2 rs=1 cs=1]
                              RenderText {#text} at (2,2) size 6x14
                                text run at (2,2) width 6: "6"
                          RenderTableRow {TR} at (0,458) size 588x18
                            RenderTableCell {TD} at (2,458) size 21x18 [border: (1px inset #808080)] [r=2 c=0 rs=1 cs=1]
                              RenderText {#text} at (2,2) size 6x14
                                text run at (2,2) width 6: "7"
                            RenderTableCell {TD} at (25,458) size 537x18 [border: (1px inset #808080)] [r=2 c=1 rs=1 cs=1]
                              RenderText {#text} at (2,2) size 6x14
                                text run at (2,2) width 6: "8"
                            RenderTableCell {TD} at (564,458) size 22x18 [border: (1px inset #808080)] [r=2 c=2 rs=1 cs=1]
                              RenderText {#text} at (2,2) size 6x14
                                text run at (2,2) width 6: "9"
                      RenderBlock (anonymous) at (1,481) size 590x14
                        RenderText {#text} at (0,0) size 3x14
                          text run at (0,0) width 3: " "
                    RenderTableCell {TD} at (615,260) size 18x16 [r=1 c=2 rs=1 cs=1]
                      RenderText {#text} at (1,1) size 6x14
                        text run at (1,1) width 6: "6"
                  RenderTableRow {TR} at (0,518) size 635x16
                    RenderTableCell {TD} at (2,518) size 17x16 [r=2 c=0 rs=1 cs=1]
                      RenderText {#text} at (1,1) size 6x14
                        text run at (1,1) width 6: "7"
                    RenderTableCell {TD} at (21,518) size 592x16 [r=2 c=1 rs=1 cs=1]
                      RenderText {#text} at (1,1) size 6x14
                        text run at (1,1) width 6: "8"
                    RenderTableCell {TD} at (615,518) size 18x16 [r=2 c=2 rs=1 cs=1]
                      RenderText {#text} at (1,1) size 6x14
                        text run at (1,1) width 6: "9"
              RenderBlock (anonymous) at (2,538) size 635x14
                RenderText {#text} at (0,0) size 3x14
                  text run at (0,0) width 3: " "
            RenderTableCell {TD} at (643,310) size 67x18 [border: (1px inset #808080)] [r=2 c=1 rs=1 cs=1]
              RenderText {#text} at (2,2) size 6x14
                text run at (2,2) width 6: "8"
            RenderTableCell {TD} at (712,310) size 68x18 [border: (1px inset #808080)] [r=2 c=2 rs=1 cs=1]
              RenderText {#text} at (2,2) size 6x14
                text run at (2,2) width 6: "9"
